#                                                                                                                  --- full sequence --- -------------- this domain -------------   hmm coord   ali coord   env coord
# target name                                              accession   tlen query name           accession   qlen   E-value  score  bias   #  of  c-Evalue  i-Evalue  score  bias  from    to  from    to  from    to  acc description of target
#                                      ------------------- ---------- ----- -------------------- ---------- ----- --------- ------ ----- --- --- --------- --------- ------ ----- ----- ----- ----- ----- ----- ----- ---- ---------------------
100016at5125_100902_0:0012d8|CM010336.1:3583603-3584848|-  -            397 100016               -            320  1.1e-197  644.7   2.9   1   2  1.3e-103  1.3e-103  335.6   0.1     4   174    53   223    50   232 0.97 <unknown description>
100016at5125_100902_0:0012d8|CM010336.1:3583603-3584848|-  -            397 100016               -            320  1.1e-197  644.7   2.9   2   2   1.5e-95   1.5e-95  309.2   0.5   167   320   243   396   236   396 0.99 <unknown description>
100016at5125_78864_0:00351a|CM010336.1:3583603-3585340|-   -            530 100016               -            320  2.6e-197  643.6   4.5   1   3      0.13      0.13    0.5   0.0   180   221   127   168    81   182 0.71 <unknown description>
100016at5125_78864_0:00351a|CM010336.1:3583603-3585340|-   -            530 100016               -            320  2.6e-197  643.6   4.5   2   3  2.5e-103  2.5e-103  334.7   0.1     4   174   186   356   183   365 0.97 <unknown description>
100016at5125_78864_0:00351a|CM010336.1:3583603-3585340|-   -            530 100016               -            320  2.6e-197  643.6   4.5   3   3   2.8e-95   2.8e-95  308.3   0.5   167   320   376   529   369   529 0.99 <unknown description>
100016at5125_1567552_0:003057|CM010336.1:3580672-3584839|- -            778 100016               -            320    8e-195  635.4   2.3   1   2  5.2e-103  5.2e-103  333.7   0.1     4   174    50   220    47   228 0.97 <unknown description>
100016at5125_1567552_0:003057|CM010336.1:3580672-3584839|- -            778 100016               -            320    8e-195  635.4   2.3   2   2   3.7e-93   3.7e-93  301.3   0.3   167   317   240   390   231   392 0.98 <unknown description>
100016at5125_2826082_0:0024bc|CM010336.1:3583603-3584464|- -            288 100016               -            320  3.6e-160  521.5   3.3   1   2   5.2e-66   5.2e-66  212.1   0.1    61   174     1   114     1   123 0.97 <unknown description>
100016at5125_2826082_0:0024bc|CM010336.1:3583603-3584464|- -            288 100016               -            320  3.6e-160  521.5   3.3   2   2   6.3e-96   6.3e-96  310.4   0.5   166   320   133   287   122   287 0.98 <unknown description>
100016at5125_2604345_0:004323|CM010336.1:3584035-3584848|- -            253 100016               -            320    1e-104  339.3   1.2   1   3       1.6       1.6   -3.1   0.0   195   221     9    35     4    44 0.66 <unknown description>
100016at5125_2604345_0:004323|CM010336.1:3584035-3584848|- -            253 100016               -            320    1e-104  339.3   1.2   2   3    4e-104    4e-104  337.4   0.1     4   174    53   223    50   232 0.97 <unknown description>
100016at5125_2604345_0:004323|CM010336.1:3584035-3584848|- -            253 100016               -            320    1e-104  339.3   1.2   3   3      0.15      0.15    0.3   0.0   166   177   242   253   234   253 0.87 <unknown description>
100016at5125_2604345_0:004321|CM010336.1:3583603-3584008|- -            136 100016               -            320   1.2e-84  273.3   0.1   1   1   1.4e-84   1.4e-84  273.2   0.1   186   320     1   135     1   135 1.00 <unknown description>
100016at5125_93591_0:001c8f|CM010336.1:3584326-3584824|-   -            148 100016               -            320   5.6e-64  205.4   0.2   1   2       1.4       1.4   -2.9   0.0   197   221     3    27     1    36 0.63 <unknown description>
100016at5125_93591_0:001c8f|CM010336.1:3584326-3584824|-   -            148 100016               -            320   5.6e-64  205.4   0.2   2   2   5.6e-64   5.6e-64  205.4   0.2     4   106    45   147    42   148 0.98 <unknown description>
#
# Program:         hmmsearch
# Version:         3.4 (Aug 2023)
# Pipeline mode:   SEARCH
# Query file:      /home/arafat/busco_downloads/lineages/hypocreales_odb12.2/hmms/100016at5125.hmm
# Target file:     /home/arafat/Foxy_SIX_Evolution/results/busco/GCA_003315725.1/run_hypocreales_odb12.2/miniprot_output/translated_proteins/100016at5125.faa
# Option settings: hmmsearch --domtblout /home/arafat/Foxy_SIX_Evolution/results/busco/GCA_003315725.1/run_hypocreales_odb12.2/hmmer_output/100016at5125.out --cpu 1 /home/arafat/busco_downloads/lineages/hypocreales_odb12.2/hmms/100016at5125.hmm /home/arafat/Foxy_SIX_Evolution/results/busco/GCA_003315725.1/run_hypocreales_odb12.2/miniprot_output/translated_proteins/100016at5125.faa 
# Current dir:     /home/arafat/Foxy_SIX_Evolution
# Date:            Thu Sep 24 13:01:59 2026
# [ok]
