#                                                                                                                  --- full sequence --- -------------- this domain -------------   hmm coord   ali coord   env coord
# target name                                              accession   tlen query name           accession   qlen   E-value  score  bias   #  of  c-Evalue  i-Evalue  score  bias  from    to  from    to  from    to  acc description of target
#                                      ------------------- ---------- ----- -------------------- ---------- ----- --------- ------ ----- --- --- --------- --------- ------ ----- ----- ----- ----- ----- ----- ----- ---- ---------------------
100890at5125_1089452_0:00160c|CM010338.1:3067927-3069779|- -            599 100890               -            585         0 1053.7   0.0   1   1         0         0 1053.5   0.0     1   585     1   598     1   598 0.97 <unknown description>
100890at5125_2692428_0:001ee1|CM010338.1:3067945-3071893|- -           1085 100890               -            585         0 1042.5   0.0   1   1         0         0 1042.2   0.0     1   580   493  1085   493  1085 0.96 <unknown description>
100890at5125_96318_0:001ad9|CM010338.1:3067927-3069367|-   -            481 100890               -            585  4.6e-248  813.4   0.0   1   1  5.1e-248  5.1e-248  813.2   0.0   120   585     2   480     1   480 0.96 <unknown description>
100890at5125_29875_0:002263|CM010338.1:3068432-3069779|-   -            430 100890               -            585  3.1e-238  780.9   0.0   1   1  3.7e-238  3.7e-238  780.7   0.0     1   414     1   411     1   420 0.99 <unknown description>
100890at5125_2604345_0:001e23|CM010338.1:3068905-3069779|- -            273 100890               -            585  1.8e-164  537.3   0.1   1   1  2.1e-164  2.1e-164  537.2   0.1     1   273     1   273     1   273 1.00 <unknown description>
100890at5125_2604345_0:001e1d|CM010338.1:3067927-3068881|- -            319 100890               -            585    3e-147  480.5   0.1   1   1  3.4e-147  3.4e-147  480.3   0.1   281   585     1   318     1   318 0.95 <unknown description>
100890at5125_62069_0:000b9a|CM010338.1:3068020-3068617|-   -            200 100890               -            585  9.5e-100  323.6   0.0   1   1     1e-99     1e-99  323.5   0.0   372   566     1   196     1   200 0.95 <unknown description>
#
# Program:         hmmsearch
# Version:         3.4 (Aug 2023)
# Pipeline mode:   SEARCH
# Query file:      /home/arafat/busco_downloads/lineages/hypocreales_odb12.2/hmms/100890at5125.hmm
# Target file:     /home/arafat/Foxy_SIX_Evolution/results/busco/GCA_003315725.1/run_hypocreales_odb12.2/miniprot_output/translated_proteins/100890at5125.faa
# Option settings: hmmsearch --domtblout /home/arafat/Foxy_SIX_Evolution/results/busco/GCA_003315725.1/run_hypocreales_odb12.2/hmmer_output/100890at5125.out --cpu 1 /home/arafat/busco_downloads/lineages/hypocreales_odb12.2/hmms/100890at5125.hmm /home/arafat/Foxy_SIX_Evolution/results/busco/GCA_003315725.1/run_hypocreales_odb12.2/miniprot_output/translated_proteins/100890at5125.faa 
# Current dir:     /home/arafat/Foxy_SIX_Evolution
# Date:            Thu Sep 24 13:02:00 2026
# [ok]
