#                                                                                                                  --- full sequence --- -------------- this domain -------------   hmm coord   ali coord   env coord
# target name                                              accession   tlen query name           accession   qlen   E-value  score  bias   #  of  c-Evalue  i-Evalue  score  bias  from    to  from    to  from    to  acc description of target
#                                      ------------------- ---------- ----- -------------------- ---------- ----- --------- ------ ----- --- --- --------- --------- ------ ----- ----- ----- ----- ----- ----- ----- ---- ---------------------
101349at5125_100902_0:00212f|CM010338.1:2063212-2064002|-  -            180 101349               -            147   2.4e-82  262.8   3.4   1   2       1.5       1.5   -2.6   1.2     1    12     1    12     1    15 0.79 <unknown description>
101349at5125_100902_0:00212f|CM010338.1:2063212-2064002|-  -            180 101349               -            147   2.4e-82  262.8   3.4   2   2   2.4e-82   2.4e-82  262.8   3.4     1   147    16   179    16   179 0.92 <unknown description>
101349at5125_3049762_0:002cff|CM010338.1:2063212-2063844|- -            144 101349               -            147   2.1e-74  237.0   5.9   1   1   1.3e-72   1.3e-72  231.2   5.9    20   147     1   143     1   143 0.94 <unknown description>
101349at5125_93591_0:001897|CM010338.1:2062600-2063957|-   -            235 101349               -            147   9.5e-58  183.0   0.1   1   1   1.3e-57   1.3e-57  182.6   0.1     1   113     1   116     1   132 0.90 <unknown description>
101349at5125_1237075_0:00236f|CM010338.1:2063381-2064002|- -            142 101349               -            147     2e-53  169.0   0.9   1   2       1.1       1.1   -2.2   1.2     1    12     1    12     1    15 0.79 <unknown description>
101349at5125_1237075_0:00236f|CM010338.1:2063381-2064002|- -            142 101349               -            147     2e-53  169.0   0.9   2   2     2e-53     2e-53  169.0   0.9     1   109    16   141    16   141 0.90 <unknown description>
101349at5125_5544_1:001947|CM010338.1:2063212-2063507|-    -             81 101349               -            147   2.9e-45  142.5   0.9   1   1   3.2e-45   3.2e-45  142.4   0.9    80   147    13    80     5    80 0.97 <unknown description>
101349at5125_282268_0:001386|CM010338.1:2063554-2063987|-  -            128 101349               -            147   5.1e-42  132.0   0.0   1   1   7.3e-42   7.3e-42  131.5   0.0     1    82    11    94    11   105 0.91 <unknown description>
#
# Program:         hmmsearch
# Version:         3.4 (Aug 2023)
# Pipeline mode:   SEARCH
# Query file:      /home/arafat/busco_downloads/lineages/hypocreales_odb12.2/hmms/101349at5125.hmm
# Target file:     /home/arafat/Foxy_SIX_Evolution/results/busco/GCA_003315725.1/run_hypocreales_odb12.2/miniprot_output/translated_proteins/101349at5125.faa
# Option settings: hmmsearch --domtblout /home/arafat/Foxy_SIX_Evolution/results/busco/GCA_003315725.1/run_hypocreales_odb12.2/hmmer_output/101349at5125.out --cpu 1 /home/arafat/busco_downloads/lineages/hypocreales_odb12.2/hmms/101349at5125.hmm /home/arafat/Foxy_SIX_Evolution/results/busco/GCA_003315725.1/run_hypocreales_odb12.2/miniprot_output/translated_proteins/101349at5125.faa 
# Current dir:     /home/arafat/Foxy_SIX_Evolution
# Date:            Thu Sep 24 13:02:12 2026
# [ok]
