#                                                                                                                  --- full sequence --- -------------- this domain -------------   hmm coord   ali coord   env coord
# target name                                              accession   tlen query name           accession   qlen   E-value  score  bias   #  of  c-Evalue  i-Evalue  score  bias  from    to  from    to  from    to  acc description of target
#                                      ------------------- ---------- ----- -------------------- ---------- ----- --------- ------ ----- --- --- --------- --------- ------ ----- ----- ----- ----- ----- ----- ----- ---- ---------------------
103464at5125_396571_0:000259|CM010335.1:2328745-2329712|-  -            303 103464               -            199   2.9e-64  204.7  12.9   1   2   1.8e-23   1.8e-23   71.5   0.2     4    67    44   111    41   118 0.83 <unknown description>
103464at5125_396571_0:000259|CM010335.1:2328745-2329712|-  -            303 103464               -            199   2.9e-64  204.7  12.9   2   2   1.2e-41   1.2e-41  130.9   8.7    56   199   116   302   105   302 0.72 <unknown description>
103464at5125_485398_0:00011a|CM010335.1:2328745-2331014|-  -            335 103464               -            199   5.4e-64  203.8  12.9   1   2   2.1e-23   2.1e-23   71.3   0.2     4    67    76   143    73   150 0.83 <unknown description>
103464at5125_485398_0:00011a|CM010335.1:2328745-2331014|-  -            335 103464               -            199   5.4e-64  203.8  12.9   2   2   1.6e-41   1.6e-41  130.5   8.8    56   199   148   334   137   334 0.72 <unknown description>
103464at5125_426428_0:00052d|CM010335.1:2328780-2329540|-  -            254 103464               -            199   4.4e-54  171.5  14.4   1   2   1.4e-23   1.4e-23   71.9   0.1     4    67     7    74     4    78 0.83 <unknown description>
103464at5125_426428_0:00052d|CM010335.1:2328780-2329540|-  -            254 103464               -            199   4.4e-54  171.5  14.4   2   2   2.9e-32   2.9e-32  100.3  10.2    56   169    79   220    68   253 0.75 <unknown description>
103464at5125_1094350_0:001ce7|CM010335.1:2326004-2329495|- -            380 103464               -            199   2.8e-46  146.0  14.7   1   2   1.8e-44   1.8e-44  140.1  10.9    13   146     1   171     1   200 0.72 <unknown description>
103464at5125_1094350_0:001ce7|CM010335.1:2326004-2329495|- -            380 103464               -            199   2.8e-46  146.0  14.7   2   2      0.32      0.32   -1.1   0.1   129   178   307   356   294   362 0.84 <unknown description>
103464at5125_911162_0:0017d4|CM010335.1:2328745-2329171|-  -            143 103464               -            199     1e-37  118.0   3.1   1   1   4.1e-36   4.1e-36  112.8   3.1    89   199     1   142     1   142 0.74 <unknown description>
#
# Program:         hmmsearch
# Version:         3.4 (Aug 2023)
# Pipeline mode:   SEARCH
# Query file:      /home/arafat/busco_downloads/lineages/hypocreales_odb12.2/hmms/103464at5125.hmm
# Target file:     /home/arafat/Foxy_SIX_Evolution/results/busco/GCA_003315725.1/run_hypocreales_odb12.2/miniprot_output/translated_proteins/103464at5125.faa
# Option settings: hmmsearch --domtblout /home/arafat/Foxy_SIX_Evolution/results/busco/GCA_003315725.1/run_hypocreales_odb12.2/hmmer_output/103464at5125.out --cpu 1 /home/arafat/busco_downloads/lineages/hypocreales_odb12.2/hmms/103464at5125.hmm /home/arafat/Foxy_SIX_Evolution/results/busco/GCA_003315725.1/run_hypocreales_odb12.2/miniprot_output/translated_proteins/103464at5125.faa 
# Current dir:     /home/arafat/Foxy_SIX_Evolution
# Date:            Thu Sep 24 13:02:18 2026
# [ok]
