#                                                                                                                  --- full sequence --- -------------- this domain -------------   hmm coord   ali coord   env coord
# target name                                              accession   tlen query name           accession   qlen   E-value  score  bias   #  of  c-Evalue  i-Evalue  score  bias  from    to  from    to  from    to  acc description of target
#                                      ------------------- ---------- ----- -------------------- ---------- ----- --------- ------ ----- --- --- --------- --------- ------ ----- ----- ----- ----- ----- ----- ----- ---- ---------------------
103560at5125_1089452_0:002e5f|CM010336.1:4150924-4152106|+ -            395 103560               -            341  6.2e-156  507.3   0.0   1   1  1.4e-155  1.4e-155  506.1   0.0     6   335    16   370    11   376 0.89 <unknown description>
103560at5125_1081109_0:001055|CM010336.1:4149010-4151998|+ -            350 103560               -            341  1.2e-153  499.9   0.0   1   1  2.8e-153  2.8e-153  498.6   0.0    10   324    11   350     4   350 0.90 <unknown description>
103560at5125_268505_0:00000f|CM010336.1:4151161-4152040|+  -            294 103560               -            341  4.4e-136  442.1   0.0   1   1  1.2e-135  1.2e-135  440.6   0.0    65   333     1   289     1   293 0.92 <unknown description>
103560at5125_61374_0:002169|CM010336.1:4150924-4151752|+   -            277 103560               -            341  1.4e-114  371.4   0.0   1   1  3.6e-114  3.6e-114  370.0   0.0     6   242    16   277    11   277 0.87 <unknown description>
103560at5125_2692428_0:002472|CM010336.1:4151344-4152106|+ -            255 103560               -            341  4.4e-104  336.8   0.0   1   1  5.3e-104  5.3e-104  336.6   0.0   119   335     7   230     2   236 0.94 <unknown description>
103560at5125_468837_0:00067a|CM010336.1:4151563-4152034|+  -            158 103560               -            341   1.9e-68  219.7   0.0   1   1     2e-68     2e-68  219.6   0.0   182   332     1   154     1   158 0.95 <unknown description>
103560at5125_93591_0:001dd2|CM010336.1:4151842-4152064|+   -             75 103560               -            341   1.7e-24   75.1   0.1   1   1   1.8e-24   1.8e-24   75.1   0.1   274   335     3    64     1    70 0.91 <unknown description>
#
# Program:         hmmsearch
# Version:         3.4 (Aug 2023)
# Pipeline mode:   SEARCH
# Query file:      /home/arafat/busco_downloads/lineages/hypocreales_odb12.2/hmms/103560at5125.hmm
# Target file:     /home/arafat/Foxy_SIX_Evolution/results/busco/GCA_003315725.1/run_hypocreales_odb12.2/miniprot_output/translated_proteins/103560at5125.faa
# Option settings: hmmsearch --domtblout /home/arafat/Foxy_SIX_Evolution/results/busco/GCA_003315725.1/run_hypocreales_odb12.2/hmmer_output/103560at5125.out --cpu 1 /home/arafat/busco_downloads/lineages/hypocreales_odb12.2/hmms/103560at5125.hmm /home/arafat/Foxy_SIX_Evolution/results/busco/GCA_003315725.1/run_hypocreales_odb12.2/miniprot_output/translated_proteins/103560at5125.faa 
# Current dir:     /home/arafat/Foxy_SIX_Evolution
# Date:            Thu Sep 24 13:02:18 2026
# [ok]
