#                                                                                                                  --- full sequence --- -------------- this domain -------------   hmm coord   ali coord   env coord
# target name                                              accession   tlen query name           accession   qlen   E-value  score  bias   #  of  c-Evalue  i-Evalue  score  bias  from    to  from    to  from    to  acc description of target
#                                      ------------------- ---------- ----- -------------------- ---------- ----- --------- ------ ----- --- --- --------- --------- ------ ----- ----- ----- ----- ----- ----- ----- ---- ---------------------
105394at5125_282569_0:002a31|CM010340.1:2348790-2352923|-  -           1344 105394               -           1222         0 2362.3  29.9   1   2         0         0 1321.3  20.6     7   734    83   815    81   839 0.96 <unknown description>
105394at5125_282569_0:002a31|CM010340.1:2348790-2352923|-  -           1344 105394               -           1222         0 2362.3  29.9   2   2         0         0 1046.4   3.3   699  1220   813  1336   807  1338 0.95 <unknown description>
105394at5125_2874508_0:000e8b|CM010340.1:2347008-2352641|- -           1622 105394               -           1222         0 2361.3  29.7   1   2         0         0 1320.9  19.7     7   730     7   735     4   752 0.96 <unknown description>
105394at5125_2874508_0:000e8b|CM010340.1:2347008-2352641|- -           1622 105394               -           1222         0 2361.3  29.7   2   2         0         0 1045.9   3.2   699  1220   737  1260   731  1262 0.95 <unknown description>
105394at5125_1280523_0:002585|CM010340.1:2348796-2356902|- -           2208 105394               -           1222         0 2347.9  32.0   1   3         4         4  -23.0  38.7   493   647   355   507   327   516 0.67 <unknown description>
105394at5125_1280523_0:002585|CM010340.1:2348796-2356902|- -           2208 105394               -           1222         0 2347.9  32.0   2   3         0         0 1319.3  20.6     7   736   949  1683   945  1708 0.95 <unknown description>
105394at5125_1280523_0:002585|CM010340.1:2348796-2356902|- -           2208 105394               -           1222         0 2347.9  32.0   3   3         0         0 1044.7   3.5   701  1220  1681  2202  1674  2204 0.95 <unknown description>
105394at5125_1399860_1:00070d|CM010340.1:2348805-2349987|- -            395 105394               -           1222  3.1e-272  893.7   4.6   1   1  3.6e-272  3.6e-272  893.5   4.6   830  1220     1   392     1   394 0.99 <unknown description>
#
# Program:         hmmsearch
# Version:         3.4 (Aug 2023)
# Pipeline mode:   SEARCH
# Query file:      /home/arafat/busco_downloads/lineages/hypocreales_odb12.2/hmms/105394at5125.hmm
# Target file:     /home/arafat/Foxy_SIX_Evolution/results/busco/GCA_003315725.1/run_hypocreales_odb12.2/miniprot_output/translated_proteins/105394at5125.faa
# Option settings: hmmsearch --domtblout /home/arafat/Foxy_SIX_Evolution/results/busco/GCA_003315725.1/run_hypocreales_odb12.2/hmmer_output/105394at5125.out --cpu 1 /home/arafat/busco_downloads/lineages/hypocreales_odb12.2/hmms/105394at5125.hmm /home/arafat/Foxy_SIX_Evolution/results/busco/GCA_003315725.1/run_hypocreales_odb12.2/miniprot_output/translated_proteins/105394at5125.faa 
# Current dir:     /home/arafat/Foxy_SIX_Evolution
# Date:            Thu Sep 24 13:02:24 2026
# [ok]
