#                                                                                                                --- full sequence --- -------------- this domain -------------   hmm coord   ali coord   env coord
# target name                                            accession   tlen query name           accession   qlen   E-value  score  bias   #  of  c-Evalue  i-Evalue  score  bias  from    to  from    to  from    to  acc description of target
#                                    ------------------- ---------- ----- -------------------- ---------- ----- --------- ------ ----- --- --- --------- --------- ------ ----- ----- ----- ----- ----- ----- ----- ---- ---------------------
106728at5125_1080343_0:0011e4|CM010341.1:992993-994732|+ -            537 106728               -            498         0 1065.7   0.9   1   2  1.3e-266  1.7e-266  873.0   0.2     1   402     1   403     1   419 0.98 <unknown description>
106728at5125_1080343_0:0011e4|CM010341.1:992993-994732|+ -            537 106728               -            498         0 1065.7   0.9   2   2   5.1e-60   6.3e-60  191.6   0.0   392   498   430   536   422   536 0.96 <unknown description>
106728at5125_595255_0:000a98|CM010341.1:992993-1002301|+ -            608 106728               -            498         0 1064.9   0.9   1   2    2e-266  2.5e-266  872.5   0.2     1   402     1   403     1   419 0.98 <unknown description>
106728at5125_595255_0:000a98|CM010341.1:992993-1002301|+ -            608 106728               -            498         0 1064.9   0.9   2   2   6.2e-60   7.7e-60  191.3   0.0   392   498   430   536   422   536 0.96 <unknown description>
106728at5125_660025_0:0007c6|CM010341.1:992993-995551|+  -            652 106728               -            498    2e-307 1008.1   3.8   1   2  2.5e-266  3.1e-266  872.1   0.2     1   402     1   403     1   418 0.98 <unknown description>
106728at5125_660025_0:0007c6|CM010341.1:992993-995551|+  -            652 106728               -            498    2e-307 1008.1   3.8   2   2   1.7e-43   2.1e-43  137.1   0.4   392   476   430   514   422   525 0.93 <unknown description>
106728at5125_229533_0:001f6d|CM010341.1:992993-994384|+  -            421 106728               -            498  6.2e-267  874.5   0.2   1   1  5.9e-267  7.3e-267  874.2   0.2     1   402     1   403     1   416 0.98 <unknown description>
#
# Program:         hmmsearch
# Version:         3.4 (Aug 2023)
# Pipeline mode:   SEARCH
# Query file:      /home/arafat/busco_downloads/lineages/hypocreales_odb12.2/hmms/106728at5125.hmm
# Target file:     /home/arafat/Foxy_SIX_Evolution/results/busco/GCA_003315725.1/run_hypocreales_odb12.2/miniprot_output/translated_proteins/106728at5125.faa
# Option settings: hmmsearch --domtblout /home/arafat/Foxy_SIX_Evolution/results/busco/GCA_003315725.1/run_hypocreales_odb12.2/hmmer_output/106728at5125.out --cpu 1 /home/arafat/busco_downloads/lineages/hypocreales_odb12.2/hmms/106728at5125.hmm /home/arafat/Foxy_SIX_Evolution/results/busco/GCA_003315725.1/run_hypocreales_odb12.2/miniprot_output/translated_proteins/106728at5125.faa 
# Current dir:     /home/arafat/Foxy_SIX_Evolution
# Date:            Thu Sep 24 13:02:29 2026
# [ok]
