#                                                                                                                  --- full sequence --- -------------- this domain -------------   hmm coord   ali coord   env coord
# target name                                              accession   tlen query name           accession   qlen   E-value  score  bias   #  of  c-Evalue  i-Evalue  score  bias  from    to  from    to  from    to  acc description of target
#                                      ------------------- ---------- ----- -------------------- ---------- ----- --------- ------ ----- --- --- --------- --------- ------ ----- ----- ----- ----- ----- ----- ----- ---- ---------------------
109090at5125_452589_0:001ddb|CM010341.1:1847851-1849562|-  -            551 109090               -            522  4.1e-243  796.4   9.1   1   1  1.9e-241  1.9e-241  790.9   9.1     3   516    13   550    11   551 0.95 <unknown description>
109090at5125_2231603_0:002181|CM010341.1:1843965-1849772|- -            656 109090               -            522  5.1e-243  796.1   8.9   1   1  2.4e-241  2.4e-241  790.6   8.9     3   516    83   620    81   625 0.95 <unknown description>
109090at5125_426428_0:0035c2|CM010341.1:1847473-1849772|-  -            747 109090               -            522  8.6e-243  795.3   8.9   1   1  3.4e-241  3.4e-241  790.1   8.9     3   517    83   621    81   625 0.95 <unknown description>
109090at5125_117187_0:0021d3|CM010341.1:1847479-1849213|-  -            579 109090               -            522  4.3e-214  700.6   1.6   1   1    2e-212    2e-212  695.1   1.6    81   517     1   455     1   459 0.95 <unknown description>
109090at5125_468837_0:0011fa|CM010341.1:1848388-1849772|-  -            442 109090               -            522  8.8e-157  511.5   7.3   1   1  5.2e-155  5.2e-155  505.7   7.3     3   338    83   442    81   442 0.93 <unknown description>
109090at5125_2004951_0:000c87|CM010341.1:1847746-1848763|- -            340 109090               -            522    2e-127  414.7   2.1   1   1  1.5e-125  1.5e-125  408.5   2.1   232   517     2   305     1   309 0.93 <unknown description>
109090at5125_93591_0:001c98|CM010341.1:1848829-1849544|-   -            219 109090               -            522   2.7e-98  318.5   2.2   1   1   3.1e-98   3.1e-98  318.3   2.2     3   209     7   219     5   219 0.98 <unknown description>
#
# Program:         hmmsearch
# Version:         3.4 (Aug 2023)
# Pipeline mode:   SEARCH
# Query file:      /home/arafat/busco_downloads/lineages/hypocreales_odb12.2/hmms/109090at5125.hmm
# Target file:     /home/arafat/Foxy_SIX_Evolution/results/busco/GCA_003315725.1/run_hypocreales_odb12.2/miniprot_output/translated_proteins/109090at5125.faa
# Option settings: hmmsearch --domtblout /home/arafat/Foxy_SIX_Evolution/results/busco/GCA_003315725.1/run_hypocreales_odb12.2/hmmer_output/109090at5125.out --cpu 1 /home/arafat/busco_downloads/lineages/hypocreales_odb12.2/hmms/109090at5125.hmm /home/arafat/Foxy_SIX_Evolution/results/busco/GCA_003315725.1/run_hypocreales_odb12.2/miniprot_output/translated_proteins/109090at5125.faa 
# Current dir:     /home/arafat/Foxy_SIX_Evolution
# Date:            Thu Sep 24 13:02:36 2026
# [ok]
