#                                                                                                                  --- full sequence --- -------------- this domain -------------   hmm coord   ali coord   env coord
# target name                                              accession   tlen query name           accession   qlen   E-value  score  bias   #  of  c-Evalue  i-Evalue  score  bias  from    to  from    to  from    to  acc description of target
#                                      ------------------- ---------- ----- -------------------- ---------- ----- --------- ------ ----- --- --- --------- --------- ------ ----- ----- ----- ----- ----- ----- ----- ---- ---------------------
110350at5125_426428_0:002fe5|CM010340.1:3369858-3370983|+  -            357 110350               -            282  6.9e-139  449.9  20.4   1   3   9.9e-07   9.9e-07   16.3   0.1     3    30     8    35     6    43 0.87 <unknown description>
110350at5125_426428_0:002fe5|CM010340.1:3369858-3370983|+  -            357 110350               -            282  6.9e-139  449.9  20.4   2   3   9.8e-61   9.8e-61  193.4   0.6    21   137    66   182    55   187 0.94 <unknown description>
110350at5125_426428_0:002fe5|CM010340.1:3369858-3370983|+  -            357 110350               -            282  6.9e-139  449.9  20.4   3   3   2.9e-77   2.9e-77  247.7   8.7   134   282   200   356   184   356 0.90 <unknown description>
110350at5125_1081109_0:0013f5|CM010340.1:3369858-3379344|+ -            379 110350               -            282  9.2e-139  449.5  20.4   1   3   1.1e-06   1.1e-06   16.1   0.1     3    30     8    35     6    43 0.87 <unknown description>
110350at5125_1081109_0:0013f5|CM010340.1:3369858-3379344|+ -            379 110350               -            282  9.2e-139  449.5  20.4   2   3   1.1e-60   1.1e-60  193.3   0.7    21   137    66   182    55   189 0.94 <unknown description>
110350at5125_1081109_0:0013f5|CM010340.1:3369858-3379344|+ -            379 110350               -            282  9.2e-139  449.5  20.4   3   3     3e-77     3e-77  247.6   8.6   134   282   200   356   182   356 0.89 <unknown description>
110350at5125_660122_0:000cff|CM010340.1:3370203-3370983|+  -            261 110350               -            282  5.5e-128  414.1  16.3   1   2   1.1e-53   1.1e-53  170.3   0.9    52   137     1    86     1    93 0.98 <unknown description>
110350at5125_660122_0:000cff|CM010340.1:3370203-3370983|+  -            261 110350               -            282  5.5e-128  414.1  16.3   2   2   1.4e-77   1.4e-77  248.7   8.8   134   282   104   260    89   260 0.90 <unknown description>
110350at5125_92637_0:0011e6|CM010340.1:3369870-3370629|+   -            235 110350               -            282   3.9e-84  270.2   7.4   1   3   5.6e-07   5.6e-07   17.1   0.1     3    30     4    31     2    39 0.87 <unknown description>
110350at5125_92637_0:0011e6|CM010340.1:3369870-3370629|+   -            235 110350               -            282   3.9e-84  270.2   7.4   2   3   3.8e-61   3.8e-61  194.8   0.7    21   137    62   178    51   183 0.94 <unknown description>
110350at5125_92637_0:0011e6|CM010340.1:3369870-3370629|+   -            235 110350               -            282   3.9e-84  270.2   7.4   3   3   1.5e-20   1.5e-20   61.5   0.1   134   173   196   235   181   235 0.87 <unknown description>
110350at5125_1245745_0:001a1f|CM010340.1:3369858-3370464|+ -            184 110350               -            282   1.1e-66  213.0   2.7   1   2   3.9e-07   3.9e-07   17.6   0.2     3    30     8    35     6    44 0.87 <unknown description>
110350at5125_1245745_0:001a1f|CM010340.1:3369858-3370464|+ -            184 110350               -            282   1.1e-66  213.0   2.7   2   2   1.8e-61   1.8e-61  195.8   0.3    21   137    66   182    54   183 0.94 <unknown description>
#
# Program:         hmmsearch
# Version:         3.4 (Aug 2023)
# Pipeline mode:   SEARCH
# Query file:      /home/arafat/busco_downloads/lineages/hypocreales_odb12.2/hmms/110350at5125.hmm
# Target file:     /home/arafat/Foxy_SIX_Evolution/results/busco/GCA_003315725.1/run_hypocreales_odb12.2/miniprot_output/translated_proteins/110350at5125.faa
# Option settings: hmmsearch --domtblout /home/arafat/Foxy_SIX_Evolution/results/busco/GCA_003315725.1/run_hypocreales_odb12.2/hmmer_output/110350at5125.out --cpu 1 /home/arafat/busco_downloads/lineages/hypocreales_odb12.2/hmms/110350at5125.hmm /home/arafat/Foxy_SIX_Evolution/results/busco/GCA_003315725.1/run_hypocreales_odb12.2/miniprot_output/translated_proteins/110350at5125.faa 
# Current dir:     /home/arafat/Foxy_SIX_Evolution
# Date:            Thu Sep 24 13:02:38 2026
# [ok]
