#                                                                                                                  --- full sequence --- -------------- this domain -------------   hmm coord   ali coord   env coord
# target name                                              accession   tlen query name           accession   qlen   E-value  score  bias   #  of  c-Evalue  i-Evalue  score  bias  from    to  from    to  from    to  acc description of target
#                                      ------------------- ---------- ----- -------------------- ---------- ----- --------- ------ ----- --- --- --------- --------- ------ ----- ----- ----- ----- ----- ----- ----- ---- ---------------------
111305at5125_595255_0:00151d|CM010336.1:2845650-2854998|+  -            595 111305               -            510  9.9e-269  882.7   4.0   1   1  1.2e-268  1.2e-268  882.4   4.0    15   510    45   556    23   556 0.95 <unknown description>
111305at5125_1111077_0:0006dc|CM010336.1:2851297-2854998|+ -            587 111305               -            510  1.1e-268  882.5   4.1   1   1  1.3e-268  1.3e-268  882.2   4.1    15   510    37   548    15   548 0.95 <unknown description>
111305at5125_426428_0:000e3c|CM010336.1:2853093-2854998|+  -            581 111305               -            510  1.2e-268  882.4   4.2   1   1  1.4e-268  1.4e-268  882.2   4.2    15   510    31   542     9   542 0.95 <unknown description>
111305at5125_1079257_0:001c6a|CM010336.1:2848816-2854998|+ -            593 111305               -            510  1.9e-268  881.8   4.6   1   1  2.3e-268  2.3e-268  881.5   4.6    15   510    43   554    26   554 0.95 <unknown description>
111305at5125_948311_1:0027d5|CM010336.1:2853093-2856175|+  -            739 111305               -            510  5.2e-263  863.8   3.6   1   1  6.4e-263  6.4e-263  863.5   3.6    15   510    31   535     9   535 0.94 <unknown description>
111305at5125_5507_3:002a52|QESU01000189.1:76471-78476|-    -            612 111305               -            510  8.6e-259  849.9   5.2   1   1    1e-258    1e-258  849.6   5.2    20   510    68   574    42   574 0.95 <unknown description>
111305at5125_98403_0:001955|QESU01000126.1:24476-26062|+   -            493 111305               -            510  1.8e-253  832.3  11.3   1   1    2e-253    2e-253  832.2  11.3    35   510     1   492     1   492 0.96 <unknown description>
111305at5125_98403_0:001955|QESU01000481.1:24476-26062|+   -            493 111305               -            510  1.8e-253  832.3  11.3   1   1    2e-253    2e-253  832.2  11.3    35   510     1   492     1   492 0.96 <unknown description>
111305at5125_150374_0:000a47|CM010336.1:2853457-2854828|+  -            458 111305               -            510    2e-239  786.0   8.9   1   1  2.2e-239  2.2e-239  785.8   8.9    68   509     2   458     1   458 0.96 <unknown description>
111305at5125_5544_0:002609|QESU01000189.1:76501-78006|-    -            482 111305               -            510  3.9e-233  765.2   6.0   1   1  4.4e-233  4.4e-233  765.1   6.0    72   510     1   454     1   454 0.96 <unknown description>
111305at5125_5507_3:002a63|QESU01000126.1:24314-26316|+    -            555 111305               -            510  1.4e-201  661.1   7.0   1   2   5.6e-39   5.6e-39  124.7   0.0     4   115    26   144    23   157 0.86 <unknown description>
111305at5125_5507_3:002a63|QESU01000126.1:24314-26316|+    -            555 111305               -            510  1.4e-201  661.1   7.0   2   2  6.6e-164  6.6e-164  536.8   4.9   190   510   160   487   152   487 0.96 <unknown description>
111305at5125_5507_3:002a63|QESU01000481.1:24314-26316|+    -            555 111305               -            510  1.4e-201  661.1   7.0   1   2   5.6e-39   5.6e-39  124.7   0.0     4   115    26   144    23   157 0.86 <unknown description>
111305at5125_5507_3:002a63|QESU01000481.1:24314-26316|+    -            555 111305               -            510  1.4e-201  661.1   7.0   2   2  6.6e-164  6.6e-164  536.8   4.9   190   510   160   487   152   487 0.96 <unknown description>
111305at5125_29875_0:00085c|QESU01000126.1:24916-26062|+   -            383 111305               -            510  3.5e-198  649.9  10.9   1   1  3.9e-198  3.9e-198  649.8  10.9   136   510     1   382     1   382 0.97 <unknown description>
111305at5125_29875_0:00085c|QESU01000481.1:24916-26062|+   -            383 111305               -            510  3.5e-198  649.9  10.9   1   1  3.9e-198  3.9e-198  649.8  10.9   136   510     1   382     1   382 0.97 <unknown description>
111305at5125_5507_3:002794|QESU01000192.1:30144-32073|+    -            524 111305               -            510  4.1e-177  580.4   6.7   1   2     2e-70     2e-70  228.4   0.1    18   204    44   212    19   213 0.89 <unknown description>
111305at5125_5507_3:002794|QESU01000192.1:30144-32073|+    -            524 111305               -            510  4.1e-177  580.4   6.7   2   2  3.1e-109  3.1e-109  356.4   2.6   225   510   211   486   210   486 0.96 <unknown description>
111305at5125_93591_0:000c2d|CM010336.1:2853132-2854264|+   -            340 111305               -            510  8.6e-171  559.5   0.1   1   1    1e-170    1e-170  559.3   0.1    15   323    18   340     4   340 0.94 <unknown description>
111305at5125_468837_0:00199d|CM010336.1:2853886-2854834|+  -            317 111305               -            510  1.4e-157  516.0   6.6   1   1  1.6e-157  1.6e-157  515.8   6.6   202   510     1   316     1   316 0.97 <unknown description>
111305at5125_468837_0:00199d|QESU01000189.1:76644-77592|-  -            317 111305               -            510  7.4e-156  510.3   3.2   1   1  8.3e-156  8.3e-156  510.1   3.2   202   510     1   316     1   316 0.97 <unknown description>
111305at5125_485398_0:002d70|QESU01000189.1:77123-78021|-  -            300 111305               -            510  3.5e-149  488.2   0.7   1   1  4.3e-149  4.3e-149  488.0   0.7    68   343     2   290     1   296 0.95 <unknown description>
111305at5125_485398_0:002d70|QESU01000126.1:24684-25583|+  -            300 111305               -            510  8.5e-148  483.7   0.5   1   1    1e-147    1e-147  483.4   0.5    68   343     2   290     1   295 0.95 <unknown description>
111305at5125_485398_0:002d70|QESU01000481.1:24684-25583|+  -            300 111305               -            510  8.5e-148  483.7   0.5   1   1    1e-147    1e-147  483.4   0.5    68   343     2   290     1   295 0.95 <unknown description>
111305at5125_1089449_0:004323|QESU01000189.1:77382-78024|- -            215 111305               -            510  1.5e-119  390.5   0.6   1   1  1.6e-119  1.6e-119  390.4   0.6    67   272     2   215     1   215 0.97 <unknown description>
111305at5125_1089449_0:004323|QESU01000126.1:24681-25324|+ -            215 111305               -            510  9.5e-119  387.8   0.3   1   1  1.1e-118  1.1e-118  387.7   0.3    67   272     2   215     1   215 0.97 <unknown description>
111305at5125_1089449_0:004323|QESU01000481.1:24681-25324|+ -            215 111305               -            510  9.5e-119  387.8   0.3   1   1  1.1e-118  1.1e-118  387.7   0.3    67   272     2   215     1   215 0.97 <unknown description>
111305at5125_5507_4:003123|QESU01000126.1:24347-25324|+    -            265 111305               -            510  8.1e-105  341.9   2.3   1   2  1.1e-104  1.1e-104  341.4   0.3     4   219    15   229    12   238 0.94 <unknown description>
111305at5125_5507_4:003123|QESU01000126.1:24347-25324|+    -            265 111305               -            510  8.1e-105  341.9   2.3   2   2      0.26      0.26    0.4   0.1   256   272   249   265   238   265 0.89 <unknown description>
111305at5125_5507_4:003123|QESU01000481.1:24347-25324|+    -            265 111305               -            510  8.1e-105  341.9   2.3   1   2  1.1e-104  1.1e-104  341.4   0.3     4   219    15   229    12   238 0.94 <unknown description>
111305at5125_5507_4:003123|QESU01000481.1:24347-25324|+    -            265 111305               -            510  8.1e-105  341.9   2.3   2   2      0.26      0.26    0.4   0.1   256   272   249   265   238   265 0.89 <unknown description>
111305at5125_983965_0:0005c3|QESU01000126.1:24350-24867|+  -            137 111305               -            510   2.9e-40  128.9   0.0   1   1   3.5e-40   3.5e-40  128.6   0.0     4   114    14   131    11   134 0.88 <unknown description>
111305at5125_983965_0:0005c3|QESU01000481.1:24350-24867|+  -            137 111305               -            510   2.9e-40  128.9   0.0   1   1   3.5e-40   3.5e-40  128.6   0.0     4   114    14   131    11   134 0.88 <unknown description>
#
# Program:         hmmsearch
# Version:         3.4 (Aug 2023)
# Pipeline mode:   SEARCH
# Query file:      /home/arafat/busco_downloads/lineages/hypocreales_odb12.2/hmms/111305at5125.hmm
# Target file:     /home/arafat/Foxy_SIX_Evolution/results/busco/GCA_003315725.1/run_hypocreales_odb12.2/miniprot_output/translated_proteins/111305at5125.faa
# Option settings: hmmsearch --domtblout /home/arafat/Foxy_SIX_Evolution/results/busco/GCA_003315725.1/run_hypocreales_odb12.2/hmmer_output/111305at5125.out --cpu 1 /home/arafat/busco_downloads/lineages/hypocreales_odb12.2/hmms/111305at5125.hmm /home/arafat/Foxy_SIX_Evolution/results/busco/GCA_003315725.1/run_hypocreales_odb12.2/miniprot_output/translated_proteins/111305at5125.faa 
# Current dir:     /home/arafat/Foxy_SIX_Evolution
# Date:            Thu Sep 24 13:02:00 2026
# [ok]
