#                                                                                                                  --- full sequence --- -------------- this domain -------------   hmm coord   ali coord   env coord
# target name                                              accession   tlen query name           accession   qlen   E-value  score  bias   #  of  c-Evalue  i-Evalue  score  bias  from    to  from    to  from    to  acc description of target
#                                      ------------------- ---------- ----- -------------------- ---------- ----- --------- ------ ----- --- --- --------- --------- ------ ----- ----- ----- ----- ----- ----- ----- ---- ---------------------
113325at5125_123648_0:00138e|CM010338.1:2761092-2768762|+  -            903 113325               -            652  2.2e-297  976.6   0.3   1   3   9.7e-24   9.7e-24   72.5   0.1     1    42    59   100    59   102 0.97 <unknown description>
113325at5125_123648_0:00138e|CM010338.1:2761092-2768762|+  -            903 113325               -            652  2.2e-297  976.6   0.3   2   3  7.8e-272  7.8e-272  892.2   0.0    42   625   179   825   176   838 0.86 <unknown description>
113325at5125_123648_0:00138e|CM010338.1:2761092-2768762|+  -            903 113325               -            652  2.2e-297  976.6   0.3   3   3     0.028     0.028    1.6   0.0   621   650   862   892   827   894 0.66 <unknown description>
113325at5125_1089452_0:0012b5|CM010338.1:2765898-2768768|+ -            936 113325               -            652  2.8e-297  976.3   0.3   1   3     1e-23     1e-23   72.5   0.1     1    42    90   131    90   133 0.97 <unknown description>
113325at5125_1089452_0:0012b5|CM010338.1:2765898-2768768|+ -            936 113325               -            652  2.8e-297  976.3   0.3   2   3  8.8e-272  8.8e-272  892.1   0.0    42   625   210   856   207   869 0.86 <unknown description>
113325at5125_1089452_0:0012b5|CM010338.1:2765898-2768768|+ -            936 113325               -            652  2.8e-297  976.3   0.3   3   3     0.032     0.032    1.4   0.0   621   650   893   923   861   925 0.68 <unknown description>
113325at5125_490622_0:000c09|CM010338.1:2766230-2774908|+  -           1227 113325               -            652    2e-296  973.5   0.2   1   3   1.4e-23   1.4e-23   72.0   0.1     1    42     1    42     1    44 0.97 <unknown description>
113325at5125_490622_0:000c09|CM010338.1:2766230-2774908|+  -           1227 113325               -            652    2e-296  973.5   0.2   2   3  1.8e-271  1.8e-271  891.0   0.0    42   625   121   767   118   782 0.86 <unknown description>
113325at5125_490622_0:000c09|CM010338.1:2766230-2774908|+  -           1227 113325               -            652    2e-296  973.5   0.2   3   3      0.07      0.07    0.3   0.0   621   647   804   830   767   835 0.68 <unknown description>
113325at5125_702382_0:0000a7|CM010338.1:2766230-2777651|+  -           1733 113325               -            652  1.1e-295  971.0   0.2   1   3     2e-23     2e-23   71.5   0.1     1    42     1    42     1    44 0.97 <unknown description>
113325at5125_702382_0:0000a7|CM010338.1:2766230-2777651|+  -           1733 113325               -            652  1.1e-295  971.0   0.2   2   3  4.1e-271  4.1e-271  889.9   0.0    42   625   121   767   118   784 0.86 <unknown description>
113325at5125_702382_0:0000a7|CM010338.1:2766230-2777651|+  -           1733 113325               -            652  1.1e-295  971.0   0.2   3   3      0.12      0.12   -0.5   0.0   621   645   804   828   770   834 0.68 <unknown description>
113325at5125_5507_1:0015ca|CM010338.1:2766230-2768526|+    -            739 113325               -            652  1.1e-289  951.2   0.1   1   2   7.7e-24   7.7e-24   72.9   0.1     1    42     1    42     1    44 0.97 <unknown description>
113325at5125_5507_1:0015ca|CM010338.1:2766230-2768526|+    -            739 113325               -            652  1.1e-289  951.2   0.1   2   2  7.1e-265  7.1e-265  869.3   0.0    42   584   121   723   118   728 0.87 <unknown description>
113325at5125_2004951_0:000e12|CM010338.1:2767037-2768768|+ -            578 113325               -            652  6.8e-191  624.8   0.1   1   2  2.1e-187  2.1e-187  613.3   0.0   179   625     1   498     1   510 0.85 <unknown description>
113325at5125_2004951_0:000e12|CM010338.1:2767037-2768768|+ -            578 113325               -            652  6.8e-191  624.8   0.1   2   2     0.016     0.016    2.4   0.0   621   650   535   565   499   567 0.66 <unknown description>
113325at5125_63577_0:00112a|CM010338.1:2767520-2768753|+   -            412 113325               -            652  1.3e-142  465.3   0.2   1   2  3.6e-141  3.6e-141  460.5   0.0   311   625     1   337     1   345 0.90 <unknown description>
113325at5125_63577_0:00112a|CM010338.1:2767520-2768753|+   -            412 113325               -            652  1.3e-142  465.3   0.2   2   2      0.01      0.01    3.0   0.0   621   650   374   404   339   406 0.66 <unknown description>
113325at5125_2004952_0:001316|CM010338.1:2766230-2766902|+ -            195 113325               -            652   2.6e-81  262.7   1.6   1   2   1.2e-24   1.2e-24   75.5   0.1     1    42     1    42     1    45 0.97 <unknown description>
113325at5125_2004952_0:001316|CM010338.1:2766230-2766902|+ -            195 113325               -            652   2.6e-81  262.7   1.6   2   2   2.6e-58   2.6e-58  186.8   0.2    42   139    91   195    88   195 0.92 <unknown description>
#
# Program:         hmmsearch
# Version:         3.4 (Aug 2023)
# Pipeline mode:   SEARCH
# Query file:      /home/arafat/busco_downloads/lineages/hypocreales_odb12.2/hmms/113325at5125.hmm
# Target file:     /home/arafat/Foxy_SIX_Evolution/results/busco/GCA_003315725.1/run_hypocreales_odb12.2/miniprot_output/translated_proteins/113325at5125.faa
# Option settings: hmmsearch --domtblout /home/arafat/Foxy_SIX_Evolution/results/busco/GCA_003315725.1/run_hypocreales_odb12.2/hmmer_output/113325at5125.out --cpu 1 /home/arafat/busco_downloads/lineages/hypocreales_odb12.2/hmms/113325at5125.hmm /home/arafat/Foxy_SIX_Evolution/results/busco/GCA_003315725.1/run_hypocreales_odb12.2/miniprot_output/translated_proteins/113325at5125.faa 
# Current dir:     /home/arafat/Foxy_SIX_Evolution
# Date:            Thu Sep 24 13:02:07 2026
# [ok]
