#                                                                                                                  --- full sequence --- -------------- this domain -------------   hmm coord   ali coord   env coord
# target name                                              accession   tlen query name           accession   qlen   E-value  score  bias   #  of  c-Evalue  i-Evalue  score  bias  from    to  from    to  from    to  acc description of target
#                                      ------------------- ---------- ----- -------------------- ---------- ----- --------- ------ ----- --- --- --------- --------- ------ ----- ----- ----- ----- ----- ----- ----- ---- ---------------------
114765at5125_2559231_0:001b5d|CM010336.1:1979478-1984644|+ -            504 114765               -            391  2.7e-176  575.0  34.4   1   2   1.4e-05   1.4e-05   13.0   2.0   136   150    52    66    48    67 0.93 <unknown description>
114765at5125_2559231_0:001b5d|CM010336.1:1979478-1984644|+ -            504 114765               -            391  2.7e-176  575.0  34.4   2   2  1.5e-174  1.5e-174  569.3  25.7    19   391    66   503    65   503 0.81 <unknown description>
114765at5125_1089452_0:002490|CM010336.1:1982882-1984653|+ -            556 114765               -            391  1.4e-174  569.4  40.0   1   3       1.6       1.6   -3.7   0.2   219   240    22    43     5    70 0.53 <unknown description>
114765at5125_1089452_0:002490|CM010336.1:1982882-1984653|+ -            556 114765               -            391  1.4e-174  569.4  40.0   2   3   1.4e-05   1.4e-05   13.0   1.9   136   150   101   115    95   116 0.93 <unknown description>
114765at5125_1089452_0:002490|CM010336.1:1982882-1984653|+ -            556 114765               -            391  1.4e-174  569.4  40.0   3   3  2.4e-174  2.4e-174  568.6  25.9    19   391   115   552   114   552 0.81 <unknown description>
114765at5125_595255_0:000da3|CM010336.1:1983383-1984653|+  -            407 114765               -            391  1.2e-155  507.1  21.7   1   1  2.4e-155  2.4e-155  506.1  21.7    59   391    17   403     1   403 0.81 <unknown description>
114765at5125_33203_0:0013d0|CM010336.1:1983873-1984653|+   -            261 114765               -            391   2.6e-80  259.1  20.0   1   1   6.8e-80   6.8e-80  257.7  20.0   176   391     1   257     1   257 0.81 <unknown description>
114765at5125_1806559_0:00120e|CM010336.1:1982882-1983779|+ -            282 114765               -            391   6.2e-74  238.1  36.6   1   2   6.4e-06   6.4e-06   14.1   1.8   136   150   101   115    97   116 0.93 <unknown description>
114765at5125_1806559_0:00120e|CM010336.1:1982882-1983779|+ -            282 114765               -            391   6.2e-74  238.1  36.6   2   2   4.2e-73   4.2e-73  235.3  23.5    19   162   115   282   114   282 0.81 <unknown description>
114765at5125_2898082_0:00090b|CM010336.1:1983506-1984479|+ -            221 114765               -            391   7.6e-64  204.9  19.8   1   2   9.4e-18   9.4e-18   53.1   3.0    84   131     1    57     1    63 0.76 <unknown description>
114765at5125_2898082_0:00090b|CM010336.1:1983506-1984479|+ -            221 114765               -            391   7.6e-64  204.9  19.8   2   2     2e-49     2e-49  157.3   9.7   213   347    63   217    58   221 0.84 <unknown description>
#
# Program:         hmmsearch
# Version:         3.4 (Aug 2023)
# Pipeline mode:   SEARCH
# Query file:      /home/arafat/busco_downloads/lineages/hypocreales_odb12.2/hmms/114765at5125.hmm
# Target file:     /home/arafat/Foxy_SIX_Evolution/results/busco/GCA_003315725.1/run_hypocreales_odb12.2/miniprot_output/translated_proteins/114765at5125.faa
# Option settings: hmmsearch --domtblout /home/arafat/Foxy_SIX_Evolution/results/busco/GCA_003315725.1/run_hypocreales_odb12.2/hmmer_output/114765at5125.out --cpu 1 /home/arafat/busco_downloads/lineages/hypocreales_odb12.2/hmms/114765at5125.hmm /home/arafat/Foxy_SIX_Evolution/results/busco/GCA_003315725.1/run_hypocreales_odb12.2/miniprot_output/translated_proteins/114765at5125.faa 
# Current dir:     /home/arafat/Foxy_SIX_Evolution
# Date:            Thu Sep 24 13:02:13 2026
# [ok]
