#                                                                                                                  --- full sequence --- -------------- this domain -------------   hmm coord   ali coord   env coord
# target name                                              accession   tlen query name           accession   qlen   E-value  score  bias   #  of  c-Evalue  i-Evalue  score  bias  from    to  from    to  from    to  acc description of target
#                                      ------------------- ---------- ----- -------------------- ---------- ----- --------- ------ ----- --- --- --------- --------- ------ ----- ----- ----- ----- ----- ----- ----- ---- ---------------------
115232at5125_268505_0:0017cb|CM010340.1:3180759-3195770|-  -            448 115232               -            437    2e-199  651.6   6.4   1   1  4.4e-199  4.4e-199  650.5   6.4     1   389     1   419     1   430 0.87 <unknown description>
115232at5125_1089449_0:00214a|CM010340.1:3193992-3195770|- -            517 115232               -            437  1.7e-198  648.6  14.9   1   2  1.1e-196  1.1e-196  642.5  11.4     1   409     1   463     1   472 0.82 <unknown description>
115232at5125_1089449_0:00214a|CM010340.1:3193992-3195770|- -            517 115232               -            437  1.7e-198  648.6  14.9   2   2    0.0029    0.0029    5.2   0.1   402   434   476   512   462   515 0.73 <unknown description>
115232at5125_452589_0:000d72|CM010340.1:3194487-3195737|-  -            314 115232               -            437  1.8e-187  612.3   0.8   1   1  1.9e-187  1.9e-187  612.1   0.8    12   327     1   312     1   314 0.98 <unknown description>
115232at5125_1576542_0:000bac|CM010340.1:3193992-3197467|- -            465 115232               -            437  4.6e-187  610.9  11.5   1   2  1.7e-185  1.7e-185  605.7   8.1    45   409    16   411    10   421 0.87 <unknown description>
115232at5125_1576542_0:000bac|CM010340.1:3193992-3197467|- -            465 115232               -            437  4.6e-187  610.9  11.5   2   2    0.0028    0.0028    5.3   0.1   402   434   424   460   416   463 0.72 <unknown description>
115232at5125_1081102_0:001ca0|CM010340.1:3194397-3195343|- -            316 115232               -            437    1e-164  537.2   7.7   1   1  4.2e-164  4.2e-164  535.2   7.7    60   345     1   301     1   313 0.89 <unknown description>
115232at5125_1567539_0:0034a3|CM010340.1:3193992-3195208|- -            389 115232               -            437  9.7e-142  461.5  14.1   1   1  2.3e-139  2.3e-139  453.7  14.1   105   410     1   336     1   387 0.81 <unknown description>
#
# Program:         hmmsearch
# Version:         3.4 (Aug 2023)
# Pipeline mode:   SEARCH
# Query file:      /home/arafat/busco_downloads/lineages/hypocreales_odb12.2/hmms/115232at5125.hmm
# Target file:     /home/arafat/Foxy_SIX_Evolution/results/busco/GCA_003315725.1/run_hypocreales_odb12.2/miniprot_output/translated_proteins/115232at5125.faa
# Option settings: hmmsearch --domtblout /home/arafat/Foxy_SIX_Evolution/results/busco/GCA_003315725.1/run_hypocreales_odb12.2/hmmer_output/115232at5125.out --cpu 1 /home/arafat/busco_downloads/lineages/hypocreales_odb12.2/hmms/115232at5125.hmm /home/arafat/Foxy_SIX_Evolution/results/busco/GCA_003315725.1/run_hypocreales_odb12.2/miniprot_output/translated_proteins/115232at5125.faa 
# Current dir:     /home/arafat/Foxy_SIX_Evolution
# Date:            Thu Sep 24 13:02:13 2026
# [ok]
