#                                                                                                                  --- full sequence --- -------------- this domain -------------   hmm coord   ali coord   env coord
# target name                                              accession   tlen query name           accession   qlen   E-value  score  bias   #  of  c-Evalue  i-Evalue  score  bias  from    to  from    to  from    to  acc description of target
#                                      ------------------- ---------- ----- -------------------- ---------- ----- --------- ------ ----- --- --- --------- --------- ------ ----- ----- ----- ----- ----- ----- ----- ---- ---------------------
117043at5125_1089452_0:001b73|CM010339.1:3703433-3705968|- -            846 117043               -            888         0 1084.6   4.8   1   1         0         0 1084.4   4.8    18   885    13   845     4   845 0.85 <unknown description>
117043at5125_2060973_0:001706|CM010339.1:3703433-3712780|- -            860 117043               -            888         0 1079.8  10.0   1   1         0         0 1079.5  10.0    19   885    29   859    10   859 0.85 <unknown description>
117043at5125_857340_0:001e55|CM010339.1:3703880-3705848|-  -            657 117043               -            888  1.8e-292  962.9   9.1   1   1    2e-292    2e-292  962.7   9.1    47   732     1   657     1   657 0.86 <unknown description>
117043at5125_1331945_0:001780|CM010339.1:3703790-3705197|- -            470 117043               -            888  1.9e-207  681.6   5.8   1   1  2.1e-207  2.1e-207  681.4   5.8   269   761     1   469     1   470 0.85 <unknown description>
117043at5125_1094350_0:000bdc|CM010339.1:3704606-3705944|- -            447 117043               -            888  8.7e-192  629.8   0.2   1   1  9.6e-192  9.6e-192  629.6   0.2    22   472    10   445     1   447 0.87 <unknown description>
117043at5125_1159556_0:000d8a|CM010339.1:3704828-3705695|- -            290 117043               -            888    2e-163  535.9   0.4   1   1  2.1e-163  2.1e-163  535.8   0.4    97   393     6   288     1   290 0.92 <unknown description>
117043at5125_98403_0:0001fe|CM010339.1:3704948-3705896|-   -            317 117043               -            888  1.1e-158  520.2   0.7   1   1  1.2e-158  1.2e-158  520.1   0.7    43   352    13   317     1   317 0.91 <unknown description>
117043at5125_2502994_0:001024|CM010339.1:3703433-3704609|- -            393 117043               -            888  1.6e-132  433.6  10.3   1   1    2e-132    2e-132  433.3  10.3   487   885    15   392     2   392 0.80 <unknown description>
117043at5125_2004952_0:0019a2|CM010339.1:3704825-3705338|- -            172 117043               -            888  3.8e-123  402.7   1.5   1   1  4.1e-123  4.1e-123  402.5   1.5   222   394     1   170     1   172 0.97 <unknown description>
117043at5125_2231603_0:002c15|CM010339.1:3703433-3704243|- -            271 117043               -            888  3.1e-118  386.4   0.1   1   1  3.5e-118  3.5e-118  386.2   0.1   611   885     1   270     1   270 0.94 <unknown description>
117043at5125_1081104_0:00160f|CM010339.1:3705065-3705671|- -            203 117043               -            888  1.4e-110  361.1   0.4   1   1  1.5e-110  1.5e-110  360.9   0.4   104   313     5   203     1   203 0.93 <unknown description>
#
# Program:         hmmsearch
# Version:         3.4 (Aug 2023)
# Pipeline mode:   SEARCH
# Query file:      /home/arafat/busco_downloads/lineages/hypocreales_odb12.2/hmms/117043at5125.hmm
# Target file:     /home/arafat/Foxy_SIX_Evolution/results/busco/GCA_003315725.1/run_hypocreales_odb12.2/miniprot_output/translated_proteins/117043at5125.faa
# Option settings: hmmsearch --domtblout /home/arafat/Foxy_SIX_Evolution/results/busco/GCA_003315725.1/run_hypocreales_odb12.2/hmmer_output/117043at5125.out --cpu 1 /home/arafat/busco_downloads/lineages/hypocreales_odb12.2/hmms/117043at5125.hmm /home/arafat/Foxy_SIX_Evolution/results/busco/GCA_003315725.1/run_hypocreales_odb12.2/miniprot_output/translated_proteins/117043at5125.faa 
# Current dir:     /home/arafat/Foxy_SIX_Evolution
# Date:            Thu Sep 24 13:02:16 2026
# [ok]
