#                                                                                                                  --- full sequence --- -------------- this domain -------------   hmm coord   ali coord   env coord
# target name                                              accession   tlen query name           accession   qlen   E-value  score  bias   #  of  c-Evalue  i-Evalue  score  bias  from    to  from    to  from    to  acc description of target
#                                      ------------------- ---------- ----- -------------------- ---------- ----- --------- ------ ----- --- --- --------- --------- ------ ----- ----- ----- ----- ----- ----- ----- ---- ---------------------
117651at5125_1229664_0:002deb|CM010338.1:3527693-3528860|+ -            390 117651               -            345    9e-169  550.1  12.8   1   2   1.3e-61   1.3e-61  197.8   6.7     1   106     1   106     1   113 0.92 <unknown description>
117651at5125_1229664_0:002deb|CM010338.1:3527693-3528860|+ -            390 117651               -            345    9e-169  550.1  12.8   2   2  8.2e-111  8.2e-111  359.5   0.8    82   345   100   388    97   388 0.89 <unknown description>
117651at5125_5507_5:0014d9|CM010338.1:3527398-3528860|+    -            460 117651               -            345  1.7e-168  549.2  12.7   1   2   2.5e-61   2.5e-61  196.8   6.7     1   104    71   174    71   180 0.94 <unknown description>
117651at5125_5507_5:0014d9|CM010338.1:3527398-3528860|+    -            460 117651               -            345  1.7e-168  549.2  12.7   2   2  1.2e-110  1.2e-110  359.0   0.9    80   345   168   458   165   458 0.89 <unknown description>
117651at5125_1053134_0:0027c1|CM010338.1:3527714-3528614|+ -            301 117651               -            345  1.3e-135  441.0  13.7   1   2   8.4e-55   8.4e-55  175.4   8.3     8   105     1    98     1   104 0.93 <unknown description>
117651at5125_1053134_0:0027c1|CM010338.1:3527714-3528614|+ -            301 117651               -            345  1.3e-135  441.0  13.7   2   2   3.3e-84   3.3e-84  272.0   0.5    82   276    93   301    90   301 0.90 <unknown description>
117651at5125_426428_0:001fef|CM010338.1:3527494-3528409|+  -            277 117651               -            345  1.9e-105  341.9  11.1   1   2   7.9e-62   7.9e-62  198.5   7.2     1   106    39   144    39   152 0.91 <unknown description>
117651at5125_426428_0:001fef|CM010338.1:3527494-3528409|+  -            277 117651               -            345  1.9e-105  341.9  11.1   2   2   6.8e-47   6.8e-47  149.4   0.3    81   193   137   249   134   257 0.95 <unknown description>
117651at5125_595255_0:001cca|CM010338.1:3527693-3528194|+  -            168 117651               -            345   1.5e-85  276.5  12.1   1   2   3.5e-62   3.5e-62  199.6   6.6     1   103     1   103     1   107 0.94 <unknown description>
117651at5125_595255_0:001cca|CM010338.1:3527693-3528194|+  -            168 117651               -            345   1.5e-85  276.5  12.1   2   2     1e-26     1e-26   83.0   0.5    82   150   100   168    97   168 0.96 <unknown description>
117651at5125_93591_0:0018c8|CM010338.1:3528179-3528860|+   -            228 117651               -            345   2.6e-84  272.4   0.1   1   1   3.3e-84   3.3e-84  272.1   0.1   145   345     1   226     1   226 0.86 <unknown description>
117651at5125_42672_0:0026fa|CM010338.1:3527585-3528089|+   -            169 117651               -            345   6.3e-63  202.1  12.8   1   2   5.9e-62   5.9e-62  198.9   8.6     1   106    37   142    37   150 0.91 <unknown description>
117651at5125_42672_0:0026fa|CM010338.1:3527585-3528089|+   -            169 117651               -            345   6.3e-63  202.1  12.8   2   2   0.00033   0.00033    9.0   0.8    82   115   136   169   133   169 0.92 <unknown description>
#
# Program:         hmmsearch
# Version:         3.4 (Aug 2023)
# Pipeline mode:   SEARCH
# Query file:      /home/arafat/busco_downloads/lineages/hypocreales_odb12.2/hmms/117651at5125.hmm
# Target file:     /home/arafat/Foxy_SIX_Evolution/results/busco/GCA_003315725.1/run_hypocreales_odb12.2/miniprot_output/translated_proteins/117651at5125.faa
# Option settings: hmmsearch --domtblout /home/arafat/Foxy_SIX_Evolution/results/busco/GCA_003315725.1/run_hypocreales_odb12.2/hmmer_output/117651at5125.out --cpu 1 /home/arafat/busco_downloads/lineages/hypocreales_odb12.2/hmms/117651at5125.hmm /home/arafat/Foxy_SIX_Evolution/results/busco/GCA_003315725.1/run_hypocreales_odb12.2/miniprot_output/translated_proteins/117651at5125.faa 
# Current dir:     /home/arafat/Foxy_SIX_Evolution
# Date:            Thu Sep 24 13:02:19 2026
# [ok]
