#                                                                                                                  --- full sequence --- -------------- this domain -------------   hmm coord   ali coord   env coord
# target name                                              accession   tlen query name           accession   qlen   E-value  score  bias   #  of  c-Evalue  i-Evalue  score  bias  from    to  from    to  from    to  acc description of target
#                                      ------------------- ---------- ----- -------------------- ---------- ----- --------- ------ ----- --- --- --------- --------- ------ ----- ----- ----- ----- ----- ----- ----- ---- ---------------------
117851at5125_33203_0:000665|CM010338.1:2500872-2506322|+   -            614 117851               -            532  7.5e-288  944.3   0.0   1   1    1e-287    1e-287  943.9   0.0    17   526    46   575    32   580 0.93 <unknown description>
117851at5125_72712_0:0009fd|CM010338.1:2504192-2506322|+   -            632 117851               -            532  5.6e-282  924.9   0.5   1   1  1.3e-280  1.3e-280  920.4   0.5    11   526    39   593    32   598 0.93 <unknown description>
117851at5125_268505_0:00006a|CM010338.1:2494825-2506208|+  -            595 117851               -            532  4.6e-281  921.9   1.1   1   1  1.1e-279  1.1e-279  917.4   1.1    14   525    43   593    36   595 0.93 <unknown description>
117851at5125_468837_0:0010cc|CM010338.1:2504387-2505779|+  -            378 117851               -            532  1.6e-227  745.2   0.2   1   1    3e-227    3e-227  744.3   0.2    15   400     2   378     1   378 0.98 <unknown description>
117851at5125_2773459_0:000b74|CM010338.1:2504904-2506322|+ -            436 117851               -            532  1.5e-218  715.6   0.1   1   1  1.9e-218  1.9e-218  715.3   0.1   146   526     1   397     1   402 0.94 <unknown description>
117851at5125_79018_0:003404|CM010338.1:2504192-2505454|+   -            342 117851               -            532  7.8e-190  620.8   0.0   1   1  9.3e-190  9.3e-190  620.6   0.0    11   310    39   342    32   342 0.97 <unknown description>
117851at5125_123648_0:001f8d|CM010338.1:2505259-2506190|+  -            293 117851               -            532  2.5e-142  464.1   0.1   1   1  2.8e-142  2.8e-142  463.9   0.1   245   520     1   292     1   293 0.92 <unknown description>
117851at5125_123648_0:001846|CM010338.1:2504520-2505012|+  -            146 117851               -            532   1.6e-81  263.4   0.0   1   1   1.8e-81   1.8e-81  263.2   0.0    41   182     1   146     1   146 0.96 <unknown description>
117851at5125_1435070_0:001b6e|CM010338.1:2505692-2506322|+ -            211 117851               -            532   3.7e-59  189.6   0.1   1   1   4.5e-59   4.5e-59  189.3   0.1   371   526     1   172     1   177 0.86 <unknown description>
#
# Program:         hmmsearch
# Version:         3.4 (Aug 2023)
# Pipeline mode:   SEARCH
# Query file:      /home/arafat/busco_downloads/lineages/hypocreales_odb12.2/hmms/117851at5125.hmm
# Target file:     /home/arafat/Foxy_SIX_Evolution/results/busco/GCA_003315725.1/run_hypocreales_odb12.2/miniprot_output/translated_proteins/117851at5125.faa
# Option settings: hmmsearch --domtblout /home/arafat/Foxy_SIX_Evolution/results/busco/GCA_003315725.1/run_hypocreales_odb12.2/hmmer_output/117851at5125.out --cpu 1 /home/arafat/busco_downloads/lineages/hypocreales_odb12.2/hmms/117851at5125.hmm /home/arafat/Foxy_SIX_Evolution/results/busco/GCA_003315725.1/run_hypocreales_odb12.2/miniprot_output/translated_proteins/117851at5125.faa 
# Current dir:     /home/arafat/Foxy_SIX_Evolution
# Date:            Thu Sep 24 13:02:20 2026
# [ok]
