#                                                                                                                --- full sequence --- -------------- this domain -------------   hmm coord   ali coord   env coord
# target name                                            accession   tlen query name           accession   qlen   E-value  score  bias   #  of  c-Evalue  i-Evalue  score  bias  from    to  from    to  from    to  acc description of target
#                                    ------------------- ---------- ----- -------------------- ---------- ----- --------- ------ ----- --- --- --------- --------- ------ ----- ----- ----- ----- ----- ----- ----- ---- ---------------------
118267at5125_5507_3:000fe3|CM010338.1:781484-787576|-    -           1792 118267               -           1399         0 2174.5   0.0   1   1         0         0 2174.2   0.0    24  1395     3  1368     1  1372 0.97 <unknown description>
118267at5125_660027_0:00109d|CM010338.1:783349-787917|-  -           1421 118267               -           1399         0 2156.6   0.0   1   1         0         0 2156.3   0.0    28  1396    48  1410    23  1413 0.96 <unknown description>
118267at5125_96318_0:001e8c|CM010338.1:784557-787576|-   -            977 118267               -           1399         0 1497.8   0.0   1   1         0         0 1497.5   0.0    24   993     3   969     1   974 0.96 <unknown description>
118267at5125_2885761_0:000610|CM010338.1:783349-786337|- -            997 118267               -           1399         0 1480.5   0.0   1   1         0         0 1480.4   0.0   404  1396     1   986     1   989 0.96 <unknown description>
118267at5125_468837_0:002302|CM010338.1:785509-787552|-  -            652 118267               -           1399         0 1076.3   1.6   1   1         0         0 1076.1   1.6    30   677     1   650     1   652 0.97 <unknown description>
118267at5125_2004951_0:002524|CM010338.1:783355-785032|- -            560 118267               -           1399  4.3e-293  964.9   1.2   1   1  4.9e-293  4.9e-293  964.7   1.2   843  1396     1   551     1   554 0.98 <unknown description>
118267at5125_2004951_0:002537|CM010338.1:785791-787225|- -            449 118267               -           1399  1.1e-257  847.5   2.7   1   1  1.3e-257  1.3e-257  847.3   2.7   139   586     1   449     1   449 1.00 <unknown description>
118267at5125_101201_0:001f89|CM010338.1:783367-784618|-  -            418 118267               -           1399  7.9e-209  685.7   0.5   1   1  8.9e-209  8.9e-209  685.5   0.5   981  1396     1   413     1   416 0.98 <unknown description>
118267at5125_195108_0:003693|CM010338.1:786439-787582|-  -            367 118267               -           1399  5.3e-189  620.0  17.4   1   1  6.3e-189  6.3e-189  619.7  17.4    22   380     3   362     1   366 0.99 <unknown description>
118267at5125_62069_0:0015ad|CM010338.1:786463-787324|-   -            273 118267               -           1399  1.2e-149  489.6  13.7   1   1  1.3e-149  1.3e-149  489.4  13.7   107   377     2   273     1   273 0.99 <unknown description>
118267at5125_2885761_0:000665|CM010338.1:786424-787102|- -            227 118267               -           1399  3.6e-117  381.9   8.0   1   1  3.9e-117  3.9e-117  381.8   8.0   165   382     1   219     1   226 0.98 <unknown description>
118267at5125_1111077_0:00151c|CM010338.1:783394-783889|- -            166 118267               -           1399   2.2e-92  299.8   0.4   1   1   2.5e-92   2.5e-92  299.6   0.4  1224  1391     1   165     1   166 0.99 <unknown description>
#
# Program:         hmmsearch
# Version:         3.4 (Aug 2023)
# Pipeline mode:   SEARCH
# Query file:      /home/arafat/busco_downloads/lineages/hypocreales_odb12.2/hmms/118267at5125.hmm
# Target file:     /home/arafat/Foxy_SIX_Evolution/results/busco/GCA_003315725.1/run_hypocreales_odb12.2/miniprot_output/translated_proteins/118267at5125.faa
# Option settings: hmmsearch --domtblout /home/arafat/Foxy_SIX_Evolution/results/busco/GCA_003315725.1/run_hypocreales_odb12.2/hmmer_output/118267at5125.out --cpu 1 /home/arafat/busco_downloads/lineages/hypocreales_odb12.2/hmms/118267at5125.hmm /home/arafat/Foxy_SIX_Evolution/results/busco/GCA_003315725.1/run_hypocreales_odb12.2/miniprot_output/translated_proteins/118267at5125.faa 
# Current dir:     /home/arafat/Foxy_SIX_Evolution
# Date:            Thu Sep 24 13:02:21 2026
# [ok]
