#                                                                                                                  --- full sequence --- -------------- this domain -------------   hmm coord   ali coord   env coord
# target name                                              accession   tlen query name           accession   qlen   E-value  score  bias   #  of  c-Evalue  i-Evalue  score  bias  from    to  from    to  from    to  acc description of target
#                                      ------------------- ---------- ----- -------------------- ---------- ----- --------- ------ ----- --- --- --------- --------- ------ ----- ----- ----- ----- ----- ----- ----- ---- ---------------------
118331at5125_1080343_0:001294|CM010341.1:2043265-2046757|+ -           1069 118331               -            936         0 1598.1  70.5   1   3         0         0 1508.6  31.1     1   850     1   873     1   887 0.97 <unknown description>
118331at5125_1080343_0:001294|CM010341.1:2043265-2046757|+ -           1069 118331               -            936         0 1598.1  70.5   2   3     6e-08   6.9e-08   19.7  15.7   783   889   860   963   857   965 0.89 <unknown description>
118331at5125_1080343_0:001294|CM010341.1:2043265-2046757|+ -           1069 118331               -            936         0 1598.1  70.5   3   3   3.8e-26   4.4e-26   79.9  15.9   850   935   959  1045   957  1047 0.90 <unknown description>
118331at5125_5507_3:00326f|CM010341.1:2043265-2048792|+    -           1545 118331               -            936         0 1564.6  62.5   1   3         0         0 1508.6  28.3     1   849     1   872     1   881 0.97 <unknown description>
118331at5125_5507_3:00326f|CM010341.1:2043265-2048792|+    -           1545 118331               -            936         0 1564.6  62.5   2   3   2.1e-07   2.4e-07   17.9  17.8   781   889   858   963   848   965 0.87 <unknown description>
118331at5125_5507_3:00326f|CM010341.1:2043265-2048792|+    -           1545 118331               -            936         0 1564.6  62.5   3   3     3e-16   3.5e-16   47.1   9.4   850   924   959  1034   957  1047 0.79 <unknown description>
118331at5125_5507_0:003a69|CM010341.1:2043265-2045918|+    -            852 118331               -            936         0 1508.7  19.3   1   1         0         0 1506.2  19.4     1   815     1   831     1   838 0.99 <unknown description>
118331at5125_426428_0:0037d2|CM010341.1:2043265-2045068|+  -            584 118331               -            936         0 1090.0   6.2   1   1         0         0 1089.7   6.2     1   550     1   547     1   553 0.99 <unknown description>
118331at5125_63577_0:001e75|CM010341.1:2043997-2046709|+   -            774 118331               -            936  1.7e-306 1007.9  52.4   1   3  1.4e-258  1.6e-258  849.2   0.7   245   778     1   530     1   531 0.98 <unknown description>
118331at5125_63577_0:001e75|CM010341.1:2043997-2046709|+   -            774 118331               -            936  1.7e-306 1007.9  52.4   2   3   4.3e-30   4.9e-30   93.0  29.8   721   890   509   685   500   687 0.93 <unknown description>
118331at5125_63577_0:001e75|CM010341.1:2043997-2046709|+   -            774 118331               -            936  1.7e-306 1007.9  52.4   3   3   2.6e-26     3e-26   80.5  16.0   850   935   680   766   678   768 0.90 <unknown description>
118331at5125_2675880_0:002515|CM010341.1:2044359-2045852|+ -            482 118331               -            936  2.6e-225  739.2  10.2   1   1  1.8e-224  2.1e-224  736.2  10.2   349   814     1   482     1   482 0.99 <unknown description>
118331at5125_2692428_0:0029e6|CM010341.1:2044611-2045316|+ -            236 118331               -            936  4.3e-131  427.4   0.0   1   1  4.2e-131  4.8e-131  427.3   0.0   434   670     1   236     1   236 0.98 <unknown description>
#
# Program:         hmmsearch
# Version:         3.4 (Aug 2023)
# Pipeline mode:   SEARCH
# Query file:      /home/arafat/busco_downloads/lineages/hypocreales_odb12.2/hmms/118331at5125.hmm
# Target file:     /home/arafat/Foxy_SIX_Evolution/results/busco/GCA_003315725.1/run_hypocreales_odb12.2/miniprot_output/translated_proteins/118331at5125.faa
# Option settings: hmmsearch --domtblout /home/arafat/Foxy_SIX_Evolution/results/busco/GCA_003315725.1/run_hypocreales_odb12.2/hmmer_output/118331at5125.out --cpu 1 /home/arafat/busco_downloads/lineages/hypocreales_odb12.2/hmms/118331at5125.hmm /home/arafat/Foxy_SIX_Evolution/results/busco/GCA_003315725.1/run_hypocreales_odb12.2/miniprot_output/translated_proteins/118331at5125.faa 
# Current dir:     /home/arafat/Foxy_SIX_Evolution
# Date:            Thu Sep 24 13:02:22 2026
# [ok]
