#                                                                                                                  --- full sequence --- -------------- this domain -------------   hmm coord   ali coord   env coord
# target name                                              accession   tlen query name           accession   qlen   E-value  score  bias   #  of  c-Evalue  i-Evalue  score  bias  from    to  from    to  from    to  acc description of target
#                                      ------------------- ---------- ----- -------------------- ---------- ----- --------- ------ ----- --- --- --------- --------- ------ ----- ----- ----- ----- ----- ----- ----- ---- ---------------------
119486at5125_327505_0:00231b|CM010339.1:3419793-3421179|+  -            427 119486               -            330  1.5e-188  614.2  10.0   1   2    3e-172    3e-172  560.6   1.3     4   298    37   335    35   340 0.94 <unknown description>
119486at5125_327505_0:00231b|CM010339.1:3419793-3421179|+  -            427 119486               -            330  1.5e-188  614.2  10.0   2   2   4.9e-18   4.9e-18   53.8   3.3   265   329   336   419   316   420 0.69 <unknown description>
119486at5125_1089452_0:001815|CM010339.1:3419289-3421179|+ -            595 119486               -            330  5.5e-188  612.4  10.0   1   2    8e-172    8e-172  559.3   1.2     4   297   205   502   203   506 0.94 <unknown description>
119486at5125_1089452_0:001815|CM010339.1:3419289-3421179|+ -            595 119486               -            330  5.5e-188  612.4  10.0   2   2     8e-18     8e-18   53.1   3.3   266   329   505   587   484   588 0.69 <unknown description>
119486at5125_911162_0:001a2a|CM010339.1:3420066-3421143|+  -            324 119486               -            330  2.7e-156  508.2  11.0   1   2  1.2e-140  1.2e-140  456.8   1.9    57   298     1   244     1   248 0.93 <unknown description>
119486at5125_911162_0:001a2a|CM010339.1:3420066-3421143|+  -            324 119486               -            330  2.7e-156  508.2  11.0   2   2     2e-17     2e-17   51.8   3.4   265   325   245   324   225   324 0.68 <unknown description>
119486at5125_2773459_0:001def|CM010339.1:3419289-3420375|+ -            363 119486               -            330  2.4e-108  350.6   0.1   1   2       1.2       1.2   -3.4   0.7   226   253   148   175   135   199 0.47 <unknown description>
119486at5125_2773459_0:001def|CM010339.1:3419289-3420375|+ -            363 119486               -            330  2.4e-108  350.6   0.1   2   2  2.4e-108  2.4e-108  350.6   0.1     4   159   205   362   202   363 0.97 <unknown description>
119486at5125_2773459_0:001de9|CM010339.1:3420429-3421179|+ -            216 119486               -            330   9.8e-50  158.0  19.4   1   2   3.7e-31   3.7e-31   96.9   9.9   160   298     1   124     1   131 0.87 <unknown description>
119486at5125_2773459_0:001de9|CM010339.1:3420429-3421179|+ -            216 119486               -            330   9.8e-50  158.0  19.4   2   2   2.1e-18   2.1e-18   55.0   4.0   265   329   125   208   105   209 0.69 <unknown description>
#
# Program:         hmmsearch
# Version:         3.4 (Aug 2023)
# Pipeline mode:   SEARCH
# Query file:      /home/arafat/busco_downloads/lineages/hypocreales_odb12.2/hmms/119486at5125.hmm
# Target file:     /home/arafat/Foxy_SIX_Evolution/results/busco/GCA_003315725.1/run_hypocreales_odb12.2/miniprot_output/translated_proteins/119486at5125.faa
# Option settings: hmmsearch --domtblout /home/arafat/Foxy_SIX_Evolution/results/busco/GCA_003315725.1/run_hypocreales_odb12.2/hmmer_output/119486at5125.out --cpu 1 /home/arafat/busco_downloads/lineages/hypocreales_odb12.2/hmms/119486at5125.hmm /home/arafat/Foxy_SIX_Evolution/results/busco/GCA_003315725.1/run_hypocreales_odb12.2/miniprot_output/translated_proteins/119486at5125.faa 
# Current dir:     /home/arafat/Foxy_SIX_Evolution
# Date:            Thu Sep 24 13:02:25 2026
# [ok]
