#                                                                                                                 --- full sequence --- -------------- this domain -------------   hmm coord   ali coord   env coord
# target name                                             accession   tlen query name           accession   qlen   E-value  score  bias   #  of  c-Evalue  i-Evalue  score  bias  from    to  from    to  from    to  acc description of target
#                                     ------------------- ---------- ----- -------------------- ---------- ----- --------- ------ ----- --- --- --------- --------- ------ ----- ----- ----- ----- ----- ----- ----- ---- ---------------------
121296at5125_396571_0:001775|CM010338.1:1938351-1938978|- -            175 121296               -            131   1.2e-63  201.1  12.3   1   3      0.04      0.04    2.0   0.2     1    21     2    22     2    28 0.83 <unknown description>
121296at5125_396571_0:001775|CM010338.1:1938351-1938978|- -            175 121296               -            131   1.2e-63  201.1  12.3   2   3   5.4e-54   5.4e-54  169.8   0.4     9   111    36   138    28   144 0.95 <unknown description>
121296at5125_396571_0:001775|CM010338.1:1938351-1938978|- -            175 121296               -            131   1.2e-63  201.1  12.3   3   3   8.4e-13   8.4e-13   36.6   1.3   104   131   147   174   140   174 0.91 <unknown description>
121296at5125_42672_0:0028c8|CM010338.1:1938351-1939284|-  -            201 121296               -            131   2.5e-63  200.0  12.4   1   3     0.046     0.046    1.8   0.2     1    21    28    48    28    55 0.83 <unknown description>
121296at5125_42672_0:0028c8|CM010338.1:1938351-1939284|-  -            201 121296               -            131   2.5e-63  200.0  12.4   2   3     8e-54     8e-54  169.3   0.4     9   111    62   164    54   170 0.95 <unknown description>
121296at5125_42672_0:0028c8|CM010338.1:1938351-1939284|-  -            201 121296               -            131   2.5e-63  200.0  12.4   3   3   1.2e-12   1.2e-12   36.1   1.4   104   131   173   200   167   200 0.91 <unknown description>
121296at5125_431241_0:000b71|CM010338.1:1938351-1938825|- -            124 121296               -            131   2.4e-59  187.1   9.6   1   1   4.1e-56   4.1e-56  176.7   9.6    25   131     1   123     1   123 0.91 <unknown description>
121296at5125_229533_0:002e7d|CM010338.1:1938579-1938978|- -            116 121296               -            131     6e-42  130.8   1.7   1   2      0.02      0.02    3.0   0.2     1    21     2    22     2    29 0.83 <unknown description>
121296at5125_229533_0:002e7d|CM010338.1:1938579-1938978|- -            116 121296               -            131     6e-42  130.8   1.7   2   2     6e-42     6e-42  130.8   1.7     9    88    36   115    28   116 0.95 <unknown description>
#
# Program:         hmmsearch
# Version:         3.4 (Aug 2023)
# Pipeline mode:   SEARCH
# Query file:      /home/arafat/busco_downloads/lineages/hypocreales_odb12.2/hmms/121296at5125.hmm
# Target file:     /home/arafat/Foxy_SIX_Evolution/results/busco/GCA_003315725.1/run_hypocreales_odb12.2/miniprot_output/translated_proteins/121296at5125.faa
# Option settings: hmmsearch --domtblout /home/arafat/Foxy_SIX_Evolution/results/busco/GCA_003315725.1/run_hypocreales_odb12.2/hmmer_output/121296at5125.out --cpu 1 /home/arafat/busco_downloads/lineages/hypocreales_odb12.2/hmms/121296at5125.hmm /home/arafat/Foxy_SIX_Evolution/results/busco/GCA_003315725.1/run_hypocreales_odb12.2/miniprot_output/translated_proteins/121296at5125.faa 
# Current dir:     /home/arafat/Foxy_SIX_Evolution
# Date:            Thu Sep 24 13:02:29 2026
# [ok]
