#                                                                                                                  --- full sequence --- -------------- this domain -------------   hmm coord   ali coord   env coord
# target name                                              accession   tlen query name           accession   qlen   E-value  score  bias   #  of  c-Evalue  i-Evalue  score  bias  from    to  from    to  from    to  acc description of target
#                                      ------------------- ---------- ----- -------------------- ---------- ----- --------- ------ ----- --- --- --------- --------- ------ ----- ----- ----- ----- ----- ----- ----- ---- ---------------------
124218at5125_1089452_0:002a72|CM010336.1:1091766-1094038|- -            743 124218               -            693  1.1e-271  891.8  26.4   1   2   4.1e-15   4.1e-15   43.9   8.9     1    84     1    86     1    91 0.73 <unknown description>
124218at5125_1089452_0:002a72|CM010336.1:1091766-1094038|- -            743 124218               -            693  1.1e-271  891.8  26.4   2   2  2.5e-260  2.5e-260  854.4  14.2    49   692    72   741    68   742 0.89 <unknown description>
124218at5125_857340_0:00192d|CM010336.1:1091766-1093564|-  -            585 124218               -            693  2.7e-236  774.9   8.4   1   1    3e-236    3e-236  774.7   8.4   131   692     1   583     1   584 0.90 <unknown description>
124218at5125_282268_0:002e99|CM010336.1:1092300-1094038|-  -            565 124218               -            693  6.7e-223  730.6  24.0   1   2   3.5e-15   3.5e-15   44.1   7.5     1    74     1    76     1    85 0.75 <unknown description>
124218at5125_282268_0:002e99|CM010336.1:1092300-1094038|-  -            565 124218               -            693  6.7e-223  730.6  24.0   2   2    2e-211    2e-211  692.7  11.8    49   523    72   562    68   565 0.91 <unknown description>
124218at5125_2885761_0:0001a0|CM010336.1:1092823-1094038|- -            406 124218               -            693  9.4e-162  528.5  23.4   1   1  6.1e-159  6.1e-159  519.2  23.4     1   367     1   399     1   405 0.83 <unknown description>
124218at5125_1349383_0:004935|CM010336.1:1091982-1093078|- -            351 124218               -            693  1.1e-135  442.4   6.7   1   1  1.2e-135  1.2e-135  442.3   6.7   291   622     3   351     1   351 0.89 <unknown description>
124218at5125_2773459_0:000aac|CM010336.1:1091766-1092699|- -            312 124218               -            693  8.8e-101  327.0   5.0   1   1  9.9e-101  9.9e-101  326.8   5.0   395   692     1   310     1   311 0.87 <unknown description>
124218at5125_63577_0:000da6|CM010336.1:1093234-1094038|-   -            269 124218               -            693   1.4e-94  306.5  29.8   1   2   1.6e-15   1.6e-15   45.2  10.1     1    85     1    87     1    92 0.73 <unknown description>
124218at5125_63577_0:000da6|CM010336.1:1093234-1094038|-   -            269 124218               -            693   1.4e-94  306.5  29.8   2   2   1.4e-82   1.4e-82  266.9  17.7    48   239    71   269    68   269 0.89 <unknown description>
#
# Program:         hmmsearch
# Version:         3.4 (Aug 2023)
# Pipeline mode:   SEARCH
# Query file:      /home/arafat/busco_downloads/lineages/hypocreales_odb12.2/hmms/124218at5125.hmm
# Target file:     /home/arafat/Foxy_SIX_Evolution/results/busco/GCA_003315725.1/run_hypocreales_odb12.2/miniprot_output/translated_proteins/124218at5125.faa
# Option settings: hmmsearch --domtblout /home/arafat/Foxy_SIX_Evolution/results/busco/GCA_003315725.1/run_hypocreales_odb12.2/hmmer_output/124218at5125.out --cpu 1 /home/arafat/busco_downloads/lineages/hypocreales_odb12.2/hmms/124218at5125.hmm /home/arafat/Foxy_SIX_Evolution/results/busco/GCA_003315725.1/run_hypocreales_odb12.2/miniprot_output/translated_proteins/124218at5125.faa 
# Current dir:     /home/arafat/Foxy_SIX_Evolution
# Date:            Thu Sep 24 13:02:03 2026
# [ok]
