#                                                                                                                  --- full sequence --- -------------- this domain -------------   hmm coord   ali coord   env coord
# target name                                              accession   tlen query name           accession   qlen   E-value  score  bias   #  of  c-Evalue  i-Evalue  score  bias  from    to  from    to  from    to  acc description of target
#                                      ------------------- ---------- ----- -------------------- ---------- ----- --------- ------ ----- --- --- --------- --------- ------ ----- ----- ----- ----- ----- ----- ----- ---- ---------------------
124584at5125_1089452_0:000cfd|CM010337.1:2555979-2558198|+ -            719 124584               -            523  1.1e-215  705.8  70.5   1   3   2.8e-06   2.8e-06   14.9   0.5     1    33    27    62    27    68 0.78 <unknown description>
124584at5125_1089452_0:000cfd|CM010337.1:2555979-2558198|+ -            719 124584               -            523  1.1e-215  705.8  70.5   2   3  1.8e-205  1.8e-205  672.1  57.2    32   499    83   655    75   664 0.84 <unknown description>
124584at5125_1089452_0:000cfd|CM010337.1:2555979-2558198|+ -            719 124584               -            523  1.1e-215  705.8  70.5   3   3   6.5e-09   6.5e-09   23.5   0.8   480   523   670   718   655   718 0.70 <unknown description>
124584at5125_1081102_0:000424|CM010337.1:2547873-2558198|+ -            728 124584               -            523  8.7e-214  699.6  68.6   1   3    0.0006    0.0006    7.2   0.1     8    33    45    71    36    77 0.75 <unknown description>
124584at5125_1081102_0:000424|CM010337.1:2547873-2558198|+ -            728 124584               -            523  8.7e-214  699.6  68.6   2   3  1.8e-205  1.8e-205  672.1  57.1    32   499    92   664    84   673 0.84 <unknown description>
124584at5125_1081102_0:000424|CM010337.1:2547873-2558198|+ -            728 124584               -            523  8.7e-214  699.6  68.6   3   3   6.7e-09   6.7e-09   23.5   0.8   480   523   679   727   664   727 0.70 <unknown description>
124584at5125_1806559_0:0020c4|CM010337.1:2556557-2558198|+ -            548 124584               -            523  8.7e-180  587.4  53.4   1   2  1.5e-173  1.5e-173  566.8  46.8   105   499    10   484     2   493 0.83 <unknown description>
124584at5125_1806559_0:0020c4|CM010337.1:2556557-2558198|+ -            548 124584               -            523  8.7e-180  587.4  53.4   2   2   4.7e-09   4.7e-09   24.0   0.9   480   523   499   547   482   547 0.69 <unknown description>
124584at5125_176275_0:000b75|CM010337.1:2555979-2557508|+  -            489 124584               -            523  1.3e-156  510.8  63.0   1   2   1.7e-06   1.7e-06   15.5   0.5     1    33    27    62    27    68 0.78 <unknown description>
124584at5125_176275_0:000b75|CM010337.1:2555979-2557508|+  -            489 124584               -            523  1.3e-156  510.8  63.0   2   2  9.9e-152  9.9e-152  494.8  56.4    32   365    83   488    77   489 0.85 <unknown description>
124584at5125_468837_0:00131b|CM010337.1:2555979-2557171|+  -            376 124584               -            523  6.2e-111  360.2  40.2   1   2   1.2e-06   1.2e-06   16.0   0.5     1    33    27    62    27    68 0.78 <unknown description>
124584at5125_468837_0:00131b|CM010337.1:2555979-2557171|+  -            376 124584               -            523  6.2e-111  360.2  40.2   2   2  9.9e-106  9.9e-106  343.0  33.5    32   253    83   346    77   347 0.88 <unknown description>
124584at5125_911162_0:0017b6|CM010337.1:2557553-2558198|+  -            216 124584               -            523   2.6e-59  189.8   8.0   1   2   1.6e-52   1.6e-52  167.4   2.0   373   499     2   152     1   160 0.83 <unknown description>
124584at5125_911162_0:0017b6|CM010337.1:2557553-2558198|+  -            216 124584               -            523   2.6e-59  189.8   8.0   2   2   1.1e-09   1.1e-09   26.1   0.8   480   523   167   215   151   215 0.70 <unknown description>
#
# Program:         hmmsearch
# Version:         3.4 (Aug 2023)
# Pipeline mode:   SEARCH
# Query file:      /home/arafat/busco_downloads/lineages/hypocreales_odb12.2/hmms/124584at5125.hmm
# Target file:     /home/arafat/Foxy_SIX_Evolution/results/busco/GCA_003315725.1/run_hypocreales_odb12.2/miniprot_output/translated_proteins/124584at5125.faa
# Option settings: hmmsearch --domtblout /home/arafat/Foxy_SIX_Evolution/results/busco/GCA_003315725.1/run_hypocreales_odb12.2/hmmer_output/124584at5125.out --cpu 1 /home/arafat/busco_downloads/lineages/hypocreales_odb12.2/hmms/124584at5125.hmm /home/arafat/Foxy_SIX_Evolution/results/busco/GCA_003315725.1/run_hypocreales_odb12.2/miniprot_output/translated_proteins/124584at5125.faa 
# Current dir:     /home/arafat/Foxy_SIX_Evolution
# Date:            Thu Sep 24 13:02:06 2026
# [ok]
