#                                                                                                                  --- full sequence --- -------------- this domain -------------   hmm coord   ali coord   env coord
# target name                                              accession   tlen query name           accession   qlen   E-value  score  bias   #  of  c-Evalue  i-Evalue  score  bias  from    to  from    to  from    to  acc description of target
#                                      ------------------- ---------- ----- -------------------- ---------- ----- --------- ------ ----- --- --- --------- --------- ------ ----- ----- ----- ----- ----- ----- ----- ---- ---------------------
128056at5125_1080343_0:001cff|CM010339.1:2296726-2297513|+ -            241 128056               -            269    4e-100  323.1  15.2   1   2   8.1e-80   8.1e-80  256.5   9.3     1   166     1   177     1   181 0.90 <unknown description>
128056at5125_1080343_0:001cff|CM010339.1:2296726-2297513|+ -            241 128056               -            269    4e-100  323.1  15.2   2   2   1.3e-23   1.3e-23   72.3   0.6   196   269   167   240   166   240 0.88 <unknown description>
128056at5125_1208366_0:002470|CM010339.1:2296726-2298275|+ -            356 128056               -            269   7.3e-98  315.7  18.8   1   3   1.6e-79   1.6e-79  255.6   8.5     1   165     1   176     1   180 0.90 <unknown description>
128056at5125_1208366_0:002470|CM010339.1:2296726-2298275|+ -            356 128056               -            269   7.3e-98  315.7  18.8   2   3   8.3e-23   8.3e-23   69.6   0.6   196   268   167   239   166   240 0.88 <unknown description>
128056at5125_1208366_0:002470|CM010339.1:2296726-2298275|+ -            356 128056               -            269   7.3e-98  315.7  18.8   3   3       1.3       1.3   -3.1   0.1    25    56   319   355   313   356 0.54 <unknown description>
128056at5125_5507_5:003f27|CM010339.1:2296726-2298730|+    -            464 128056               -            269   3.2e-83  267.7  16.5   1   3   2.6e-79   2.6e-79  254.9   9.0     1   167     1   178     1   187 0.90 <unknown description>
128056at5125_5507_5:003f27|CM010339.1:2296726-2298730|+    -            464 128056               -            269   3.2e-83  267.7  16.5   2   3   3.5e-07   3.5e-07   18.4   0.0   200   242   171   213   168   217 0.75 <unknown description>
128056at5125_5507_5:003f27|CM010339.1:2296726-2298730|+    -            464 128056               -            269   3.2e-83  267.7  16.5   3   3      0.47      0.47   -1.7   0.2    25    62   327   369   323   371 0.70 <unknown description>
128056at5125_1081103_0:0006d1|CM010339.1:2296726-2297321|+ -            177 128056               -            269   1.7e-80  258.8   9.7   1   1   6.3e-80   6.3e-80  256.9   9.7     1   163     1   174     1   177 0.90 <unknown description>
#
# Program:         hmmsearch
# Version:         3.4 (Aug 2023)
# Pipeline mode:   SEARCH
# Query file:      /home/arafat/busco_downloads/lineages/hypocreales_odb12.2/hmms/128056at5125.hmm
# Target file:     /home/arafat/Foxy_SIX_Evolution/results/busco/GCA_003315725.1/run_hypocreales_odb12.2/miniprot_output/translated_proteins/128056at5125.faa
# Option settings: hmmsearch --domtblout /home/arafat/Foxy_SIX_Evolution/results/busco/GCA_003315725.1/run_hypocreales_odb12.2/hmmer_output/128056at5125.out --cpu 1 /home/arafat/busco_downloads/lineages/hypocreales_odb12.2/hmms/128056at5125.hmm /home/arafat/Foxy_SIX_Evolution/results/busco/GCA_003315725.1/run_hypocreales_odb12.2/miniprot_output/translated_proteins/128056at5125.faa 
# Current dir:     /home/arafat/Foxy_SIX_Evolution
# Date:            Thu Sep 24 13:02:14 2026
# [ok]
