#                                                                                                                  --- full sequence --- -------------- this domain -------------   hmm coord   ali coord   env coord
# target name                                              accession   tlen query name           accession   qlen   E-value  score  bias   #  of  c-Evalue  i-Evalue  score  bias  from    to  from    to  from    to  acc description of target
#                                      ------------------- ---------- ----- -------------------- ---------- ----- --------- ------ ----- --- --- --------- --------- ------ ----- ----- ----- ----- ----- ----- ----- ---- ---------------------
130446at5125_1089452_0:00168f|CM010339.1:3250219-3254053|- -           1208 130446               -            972         0 1253.8 115.4   1   4  1.6e-194  1.6e-194  637.9  37.1     1   437     2   486     2   507 0.84 <unknown description>
130446at5125_1089452_0:00168f|CM010339.1:3250219-3254053|- -           1208 130446               -            972         0 1253.8 115.4   2   4     4e-35     4e-35  110.3  18.4   431   539   511   627   497   642 0.80 <unknown description>
130446at5125_1089452_0:00168f|CM010339.1:3250219-3254053|- -           1208 130446               -            972         0 1253.8 115.4   3   4  1.2e-155  1.2e-155  509.3  38.6   514   960   634  1168   623  1177 0.78 <unknown description>
130446at5125_1089452_0:00168f|CM010339.1:3250219-3254053|- -           1208 130446               -            972         0 1253.8 115.4   4   4   6.8e-05   6.8e-05   10.2   2.2   942   970  1170  1201  1160  1203 0.74 <unknown description>
130446at5125_1399860_0:00157c|CM010339.1:3247231-3254050|- -           1216 130446               -            972         0 1252.7 115.9   1   4  1.6e-194  1.6e-194  637.9  37.1     1   437     1   485     1   506 0.84 <unknown description>
130446at5125_1399860_0:00157c|CM010339.1:3247231-3254050|- -           1216 130446               -            972         0 1252.7 115.9   2   4     4e-35     4e-35  110.3  18.4   431   539   510   626   496   641 0.80 <unknown description>
130446at5125_1399860_0:00157c|CM010339.1:3247231-3254050|- -           1216 130446               -            972         0 1252.7 115.9   3   4  1.6e-155  1.6e-155  508.8  38.8   517   962   636  1169   626  1178 0.78 <unknown description>
130446at5125_1399860_0:00157c|CM010339.1:3247231-3254050|- -           1216 130446               -            972         0 1252.7 115.9   4   4   0.00015   0.00015    9.1   2.8   942   969  1169  1199  1159  1202 0.74 <unknown description>
130446at5125_48490_0:001910|CM010339.1:3250219-3256135|-   -           1427 130446               -            972         0 1252.1 115.3   1   4  2.3e-194  2.3e-194  637.3  37.2     1   437   221   705   221   726 0.84 <unknown description>
130446at5125_48490_0:001910|CM010339.1:3250219-3256135|-   -           1427 130446               -            972         0 1252.1 115.3   2   4   2.7e-35   2.7e-35  110.8  17.3   431   538   730   845   705   855 0.81 <unknown description>
130446at5125_48490_0:001910|CM010339.1:3250219-3256135|-   -           1427 130446               -            972         0 1252.1 115.3   3   4  1.4e-155  1.4e-155  509.0  38.5   512   960   851  1387   841  1396 0.78 <unknown description>
130446at5125_48490_0:001910|CM010339.1:3250219-3256135|-   -           1427 130446               -            972         0 1252.1 115.3   4   4     8e-05     8e-05   10.0   2.2   942   970  1389  1420  1379  1422 0.74 <unknown description>
130446at5125_1435070_0:002d90|CM010339.1:3250984-3254050|- -            952 130446               -            972         0 1040.2 106.3   1   3  1.4e-194  1.4e-194  638.1  37.7     1   437     1   485     1   504 0.84 <unknown description>
130446at5125_1435070_0:002d90|CM010339.1:3250984-3254050|- -            952 130446               -            972         0 1040.2 106.3   2   3     4e-35     4e-35  110.3  19.0   431   539   510   626   497   643 0.80 <unknown description>
130446at5125_1435070_0:002d90|CM010339.1:3250984-3254050|- -            952 130446               -            972         0 1040.2 106.3   3   3   3.6e-92   3.6e-92  299.1  37.4   512   780   631   950   621   952 0.78 <unknown description>
130446at5125_62069_0:000010|CM010339.1:3250249-3253276|-   -           1010 130446               -            972  1.1e-305 1005.9  90.9   1   4  2.5e-120  2.5e-120  392.3  11.1   173   437     1   298     1   320 0.82 <unknown description>
130446at5125_62069_0:000010|CM010339.1:3250249-3253276|-   -           1010 130446               -            972  1.1e-305 1005.9  90.9   2   4   1.9e-35   1.9e-35  111.4  17.4   431   539   323   439   310   451 0.81 <unknown description>
130446at5125_62069_0:000010|CM010339.1:3250249-3253276|-   -           1010 130446               -            972  1.1e-305 1005.9  90.9   3   4  1.2e-155  1.2e-155  509.2  39.2   514   959   446   979   435   988 0.78 <unknown description>
130446at5125_62069_0:000010|CM010339.1:3250249-3253276|-   -           1010 130446               -            972  1.1e-305 1005.9  90.9   4   4   0.00055   0.00055    7.2   3.3   942   966   982  1009   972  1010 0.73 <unknown description>
130446at5125_5530_0:0024e5|CM010339.1:3251998-3253807|-    -            587 130446               -            972  1.6e-223  733.9  55.2   1   2  1.5e-192  1.5e-192  631.4  32.7    26   437     4   458     1   479 0.85 <unknown description>
130446at5125_5530_0:0024e5|CM010339.1:3251998-3253807|-    -            587 130446               -            972  1.6e-223  733.9  55.2   2   2   1.2e-34   1.2e-34  108.7  14.7   431   526   483   586   470   587 0.82 <unknown description>
130446at5125_111463_0:0020bc|CM010339.1:3252913-3254053|-  -            310 130446               -            972  7.3e-141  460.3  31.2   1   1  8.3e-141  8.3e-141  460.1  31.2     1   287     2   310     2   310 0.89 <unknown description>
130446at5125_2004951_0:0022f8|CM010339.1:3253237-3254050|- -            201 130446               -            972   5.3e-82  265.5  23.9   1   1   5.9e-82   5.9e-82  265.3  23.9     1   186     1   201     1   201 0.88 <unknown description>
#
# Program:         hmmsearch
# Version:         3.4 (Aug 2023)
# Pipeline mode:   SEARCH
# Query file:      /home/arafat/busco_downloads/lineages/hypocreales_odb12.2/hmms/130446at5125.hmm
# Target file:     /home/arafat/Foxy_SIX_Evolution/results/busco/GCA_003315725.1/run_hypocreales_odb12.2/miniprot_output/translated_proteins/130446at5125.faa
# Option settings: hmmsearch --domtblout /home/arafat/Foxy_SIX_Evolution/results/busco/GCA_003315725.1/run_hypocreales_odb12.2/hmmer_output/130446at5125.out --cpu 1 /home/arafat/busco_downloads/lineages/hypocreales_odb12.2/hmms/130446at5125.hmm /home/arafat/Foxy_SIX_Evolution/results/busco/GCA_003315725.1/run_hypocreales_odb12.2/miniprot_output/translated_proteins/130446at5125.faa 
# Current dir:     /home/arafat/Foxy_SIX_Evolution
# Date:            Thu Sep 24 13:02:18 2026
# [ok]
