#                                                                                                                  --- full sequence --- -------------- this domain -------------   hmm coord   ali coord   env coord
# target name                                              accession   tlen query name           accession   qlen   E-value  score  bias   #  of  c-Evalue  i-Evalue  score  bias  from    to  from    to  from    to  acc description of target
#                                      ------------------- ---------- ----- -------------------- ---------- ----- --------- ------ ----- --- --- --------- --------- ------ ----- ----- ----- ----- ----- ----- ----- ---- ---------------------
133736at5125_1229664_0:000bec|CM010341.1:2339086-2340130|+ -            225 133736               -            211   1.4e-77  249.3  83.4   1   2   2.4e-65   2.4e-65  209.3  40.2     1   170     1   161     1   164 0.85 <unknown description>
133736at5125_1229664_0:000bec|CM010341.1:2339086-2340130|+ -            225 133736               -            211   1.4e-77  249.3  83.4   2   2   3.7e-17   3.7e-17   51.8  50.6   119   210   137   224   136   224 0.81 <unknown description>
133736at5125_92637_0:002ab2|CM010341.1:2339086-2339859|+   -            152 133736               -            211     5e-72  231.1  34.9   1   1   5.5e-72   5.5e-72  231.0  34.9     1   157     1   150     1   152 0.84 <unknown description>
133736at5125_1080343_0:001117|CM010341.1:2339297-2340130|+ -            229 133736               -            211   1.7e-68  219.6  83.6   1   2   2.9e-56   2.9e-56  179.6  40.4    31   170    30   165    27   168 0.85 <unknown description>
133736at5125_1080343_0:001117|CM010341.1:2339297-2340130|+ -            229 133736               -            211   1.7e-68  219.6  83.6   2   2   5.1e-17   5.1e-17   51.4  52.1   118   210   140   228   138   228 0.80 <unknown description>
133736at5125_2773459_0:001beb|CM010341.1:2339514-2340130|+ -            189 133736               -            211   8.8e-62  197.6  84.6   1   2   1.7e-49   1.7e-49  157.5  40.6    42   170     1   125     1   126 0.83 <unknown description>
133736at5125_2773459_0:001beb|CM010341.1:2339514-2340130|+ -            189 133736               -            211   8.8e-62  197.6  84.6   2   2   4.1e-15   4.1e-15   45.1  44.3   134   210   117   188   114   188 0.82 <unknown description>
133736at5125_1491008_0:0007e7|CM010341.1:2339412-2339961|+ -            184 133736               -            211   1.5e-50  161.0  55.4   1   1   3.4e-49   3.4e-49  156.5  55.4    41   207    34   178    30   182 0.82 <unknown description>
133736at5125_93591_0:0008d3|CM010341.1:2339086-2339625|+   -             74 133736               -            211   2.5e-49  157.0   2.7   1   1   2.7e-49   2.7e-49  156.8   2.7     1    79     1    74     1    74 0.94 <unknown description>
133736at5125_431241_0:000f54|CM010341.1:2339508-2339673|+  -             56 133736               -            211   2.3e-41  130.9   3.3   1   1   2.5e-41   2.5e-41  130.8   3.3    41    95     2    56     1    56 0.98 <unknown description>
#
# Program:         hmmsearch
# Version:         3.4 (Aug 2023)
# Pipeline mode:   SEARCH
# Query file:      /home/arafat/busco_downloads/lineages/hypocreales_odb12.2/hmms/133736at5125.hmm
# Target file:     /home/arafat/Foxy_SIX_Evolution/results/busco/GCA_003315725.1/run_hypocreales_odb12.2/miniprot_output/translated_proteins/133736at5125.faa
# Option settings: hmmsearch --domtblout /home/arafat/Foxy_SIX_Evolution/results/busco/GCA_003315725.1/run_hypocreales_odb12.2/hmmer_output/133736at5125.out --cpu 1 /home/arafat/busco_downloads/lineages/hypocreales_odb12.2/hmms/133736at5125.hmm /home/arafat/Foxy_SIX_Evolution/results/busco/GCA_003315725.1/run_hypocreales_odb12.2/miniprot_output/translated_proteins/133736at5125.faa 
# Current dir:     /home/arafat/Foxy_SIX_Evolution
# Date:            Thu Sep 24 13:02:22 2026
# [ok]
