#                                                                                                                  --- full sequence --- -------------- this domain -------------   hmm coord   ali coord   env coord
# target name                                              accession   tlen query name           accession   qlen   E-value  score  bias   #  of  c-Evalue  i-Evalue  score  bias  from    to  from    to  from    to  acc description of target
#                                      ------------------- ---------- ----- -------------------- ---------- ----- --------- ------ ----- --- --- --------- --------- ------ ----- ----- ----- ----- ----- ----- ----- ---- ---------------------
134824at5125_5507_3:0019c5|CM010336.1:2660985-2662308|+    -            442 134824               -            231   9.1e-74  237.3 141.6   1   3   1.9e-22   1.9e-22   69.3  27.5     2   133    42   170    41   175 0.72 <unknown description>
134824at5125_5507_3:0019c5|CM010336.1:2660985-2662308|+    -            442 134824               -            231   9.1e-74  237.3 141.6   2   3         9         9  -12.0  64.4    59   148   167   255   164   273 0.57 <unknown description>
134824at5125_5507_3:0019c5|CM010336.1:2660985-2662308|+    -            442 134824               -            231   9.1e-74  237.3 141.6   3   3   5.3e-50   5.3e-50  159.5  57.5    76   231   251   440   248   440 0.75 <unknown description>
134824at5125_1089452_0:002d76|CM010336.1:2660576-2662308|+ -            487 134824               -            231   9.4e-74  237.2 140.5   1   5   1.8e-22   1.8e-22   69.4  26.7     2   133    87   215    86   219 0.72 <unknown description>
134824at5125_1089452_0:002d76|CM010336.1:2660576-2662308|+ -            487 134824               -            231   9.4e-74  237.2 140.5   2   5      0.16      0.16    0.8  46.3    60   142   213   294   210   294 0.63 <unknown description>
134824at5125_1089452_0:002d76|CM010336.1:2660576-2662308|+ -            487 134824               -            231   9.4e-74  237.2 140.5   3   5         9         9  -15.1  58.2    76   140   241   312   240   327 0.55 <unknown description>
134824at5125_1089452_0:002d76|CM010336.1:2660576-2662308|+ -            487 134824               -            231   9.4e-74  237.2 140.5   4   5      0.16      0.16    0.8  35.6    77   143   297   361   295   365 0.74 <unknown description>
134824at5125_1089452_0:002d76|CM010336.1:2660576-2662308|+ -            487 134824               -            231   9.4e-74  237.2 140.5   5   5   4.8e-54   4.8e-54  172.7  20.4   118   231   354   485   349   485 0.79 <unknown description>
134824at5125_1399860_0:00139a|CM010336.1:2651963-2662308|+ -            514 134824               -            231   2.1e-69  223.0 147.4   1   5       5.2       5.2   -4.1   0.6    71    82    72    83    50   103 0.54 <unknown description>
134824at5125_1399860_0:00139a|CM010336.1:2651963-2662308|+ -            514 134824               -            231   2.1e-69  223.0 147.4   2   5   4.6e-20   4.6e-20   61.5  27.7     7   133   119   242   113   247 0.71 <unknown description>
134824at5125_1399860_0:00139a|CM010336.1:2651963-2662308|+ -            514 134824               -            231   2.1e-69  223.0 147.4   3   5         9         9  -11.0  62.8    60   148   240   327   237   345 0.57 <unknown description>
134824at5125_1399860_0:00139a|CM010336.1:2651963-2662308|+ -            514 134824               -            231   2.1e-69  223.0 147.4   4   5      0.23      0.23    0.3  36.9    76   144   323   389   321   394 0.72 <unknown description>
134824at5125_1399860_0:00139a|CM010336.1:2651963-2662308|+ -            514 134824               -            231   2.1e-69  223.0 147.4   5   5   7.4e-54   7.4e-54  172.1  21.1   118   231   381   512   375   512 0.79 <unknown description>
134824at5125_101028_0:0021bf|CM010336.1:2661690-2662308|+  -            140 134824               -            231   4.4e-57  182.7  22.7   1   1   1.7e-56   1.7e-56  180.7  22.7   117   231     9   138     2   138 0.88 <unknown description>
134824at5125_468837_0:001a06|CM010336.1:2661429-2662308|+  -            196 134824               -            231     2e-56  180.5  59.5   1   1   4.2e-52   4.2e-52  166.4  59.5    75   231     5   194     1   194 0.73 <unknown description>
134824at5125_2004952_0:0015a7|CM010336.1:2662014-2662308|+ -             99 134824               -            231     1e-55  178.2   4.9   1   1   1.2e-55   1.2e-55  178.0   4.9   145   231     7    97     2    97 0.94 <unknown description>
134824at5125_1325737_0:00382a|CM010336.1:2662086-2662308|+ -             75 134824               -            231   2.7e-50  160.5   6.1   1   1     3e-50     3e-50  160.3   6.1   159   231     1    73     1    73 0.99 <unknown description>
134824at5125_61374_0:001d69|CM010336.1:2661066-2661444|+   -            127 134824               -            231   5.2e-26   81.0  12.8   1   1   6.5e-26   6.5e-26   80.7  12.8     2   104    15   125    14   127 0.77 <unknown description>
134824at5125_1325737_0:0034ee|CM010336.1:2661066-2662062|+ -            333 134824               -            231     7e-23   70.8  26.9   1   3     7e-23     7e-23   70.8  26.9     2   133    15   143    14   148 0.72 <unknown description>
134824at5125_1325737_0:0034ee|CM010336.1:2661066-2662062|+ -            333 134824               -            231     7e-23   70.8  26.9   2   3         9         9  -19.3  72.8    59   148   140   228   135   254 0.57 <unknown description>
134824at5125_1325737_0:0034ee|CM010336.1:2661066-2662062|+ -            333 134824               -            231     7e-23   70.8  26.9   3   3         9         9  -14.5  55.3    76   147   224   293   221   333 0.55 <unknown description>
#
# Program:         hmmsearch
# Version:         3.4 (Aug 2023)
# Pipeline mode:   SEARCH
# Query file:      /home/arafat/busco_downloads/lineages/hypocreales_odb12.2/hmms/134824at5125.hmm
# Target file:     /home/arafat/Foxy_SIX_Evolution/results/busco/GCA_003315725.1/run_hypocreales_odb12.2/miniprot_output/translated_proteins/134824at5125.faa
# Option settings: hmmsearch --domtblout /home/arafat/Foxy_SIX_Evolution/results/busco/GCA_003315725.1/run_hypocreales_odb12.2/hmmer_output/134824at5125.out --cpu 1 /home/arafat/busco_downloads/lineages/hypocreales_odb12.2/hmms/134824at5125.hmm /home/arafat/Foxy_SIX_Evolution/results/busco/GCA_003315725.1/run_hypocreales_odb12.2/miniprot_output/translated_proteins/134824at5125.faa 
# Current dir:     /home/arafat/Foxy_SIX_Evolution
# Date:            Thu Sep 24 13:02:23 2026
# [ok]
