#                                                                                                                  --- full sequence --- -------------- this domain -------------   hmm coord   ali coord   env coord
# target name                                              accession   tlen query name           accession   qlen   E-value  score  bias   #  of  c-Evalue  i-Evalue  score  bias  from    to  from    to  from    to  acc description of target
#                                      ------------------- ---------- ----- -------------------- ---------- ----- --------- ------ ----- --- --- --------- --------- ------ ----- ----- ----- ----- ----- ----- ----- ---- ---------------------
140216at5125_1089452_0:00036a|CM010335.1:4895875-4899311|- -           1112 140216               -           1083         0 1760.6  45.1   1   1         0         0 1760.4  45.1     1  1083     2  1111     2  1111 0.92 <unknown description>
140216at5125_660027_0:0004f9|CM010335.1:4890428-4899311|-  -           2018 140216               -           1083         0 1757.6  45.1   1   3         0         0 1757.6  45.1     1  1083     2  1111     2  1111 0.92 <unknown description>
140216at5125_660027_0:0004f9|CM010335.1:4890428-4899311|-  -           2018 140216               -           1083         0 1757.6  45.1   2   3         8         8   -7.6   3.7    21    71  1289  1342  1284  1379 0.49 <unknown description>
140216at5125_660027_0:0004f9|CM010335.1:4890428-4899311|-  -           2018 140216               -           1083         0 1757.6  45.1   3   3       3.1       3.1   -5.4  19.5    49   187  1606  1741  1583  1774 0.40 <unknown description>
140216at5125_47803_0:0036a3|CM010335.1:4896250-4898861|-   -            837 140216               -           1083         0 1472.4  17.3   1   1         0         0 1472.2  17.3   144   962     2   834     1   837 0.93 <unknown description>
140216at5125_57161_0:00408d|CM010335.1:4895875-4898223|-   -            766 140216               -           1083         0 1348.1  19.3   1   1         0         0 1348.0  19.3   329  1083     1   765     1   765 0.94 <unknown description>
140216at5125_468837_0:001a8c|CM010335.1:4896922-4898373|-  -            467 140216               -           1083  1.4e-301  992.4   0.4   1   1  1.6e-301  1.6e-301  992.3   0.4   279   739     1   467     1   467 0.97 <unknown description>
140216at5125_1567544_0:003747|CM010335.1:4895875-4897717|- -            615 140216               -           1083  1.5e-277  912.9  35.9   1   1  1.7e-277  1.7e-277  912.7  35.9   480  1083     1   614     1   614 0.92 <unknown description>
140216at5125_307937_0:004ea4|CM010335.1:4897450-4898627|-  -            359 140216               -           1083  1.9e-277  912.5   0.3   1   1  2.1e-277  2.1e-277  912.4   0.3   215   568     4   358     1   359 0.99 <unknown description>
140216at5125_1567544_0:003503|CM010335.1:4897836-4899311|- -            476 140216               -           1083    5e-231  758.8   9.5   1   1  5.8e-231  5.8e-231  758.6   9.5     1   458     2   476     2   476 0.90 <unknown description>
#
# Program:         hmmsearch
# Version:         3.4 (Aug 2023)
# Pipeline mode:   SEARCH
# Query file:      /home/arafat/busco_downloads/lineages/hypocreales_odb12.2/hmms/140216at5125.hmm
# Target file:     /home/arafat/Foxy_SIX_Evolution/results/busco/GCA_003315725.1/run_hypocreales_odb12.2/miniprot_output/translated_proteins/140216at5125.faa
# Option settings: hmmsearch --domtblout /home/arafat/Foxy_SIX_Evolution/results/busco/GCA_003315725.1/run_hypocreales_odb12.2/hmmer_output/140216at5125.out --cpu 1 /home/arafat/busco_downloads/lineages/hypocreales_odb12.2/hmms/140216at5125.hmm /home/arafat/Foxy_SIX_Evolution/results/busco/GCA_003315725.1/run_hypocreales_odb12.2/miniprot_output/translated_proteins/140216at5125.faa 
# Current dir:     /home/arafat/Foxy_SIX_Evolution
# Date:            Thu Sep 24 13:02:26 2026
# [ok]
