#                                                                                                                  --- full sequence --- -------------- this domain -------------   hmm coord   ali coord   env coord
# target name                                              accession   tlen query name           accession   qlen   E-value  score  bias   #  of  c-Evalue  i-Evalue  score  bias  from    to  from    to  from    to  acc description of target
#                                      ------------------- ---------- ----- -------------------- ---------- ----- --------- ------ ----- --- --- --------- --------- ------ ----- ----- ----- ----- ----- ----- ----- ---- ---------------------
143695at5125_117187_0:00193b|CM010339.1:2319093-2319885|+  -            188 143695               -            169   7.4e-84  268.7   0.3   1   1     9e-84     9e-84  268.4   0.3     2   169     3   186     2   186 0.90 <unknown description>
143695at5125_1080343_0:001db3|CM010339.1:2318871-2319885|+ -            262 143695               -            169   1.8e-83  267.4   0.3   1   1   2.9e-83   2.9e-83  266.7   0.3     2   169    77   260    76   260 0.90 <unknown description>
143695at5125_1399860_0:00136f|CM010339.1:2313207-2319885|+ -            268 143695               -            169   1.9e-83  267.3   0.3   1   1   3.1e-83   3.1e-83  266.6   0.3     2   169    83   266    82   266 0.90 <unknown description>
143695at5125_1349383_0:001f9b|CM010339.1:2319270-2319879|+ -            127 143695               -            169   1.6e-60  192.7   0.2   1   1   1.9e-60   1.9e-60  192.5   0.2    53   169     1   127     1   127 0.92 <unknown description>
143695at5125_2773459_0:000461|CM010339.1:2318988-2319624|+ -            181 143695               -            169   1.1e-53  170.5   0.1   1   1   1.6e-53   1.6e-53  170.0   0.1     2   125    38   177    37   179 0.87 <unknown description>
143695at5125_1111077_0:000b5c|CM010339.1:2319435-2319879|+ -            104 143695               -            169   1.1e-48  154.2   0.5   1   1   1.2e-48   1.2e-48  154.1   0.5    74   169     3   104     1   104 0.93 <unknown description>
143695at5125_43265_0:00007d|CM010339.1:2318871-2319348|+   -            160 143695               -            169   1.1e-32  102.1   1.0   1   2       3.3       3.3   -3.5   0.2    90   103    28    41    22    49 0.44 <unknown description>
143695at5125_43265_0:00007d|CM010339.1:2318871-2319348|+   -            160 143695               -            169   1.1e-32  102.1   1.0   2   2   1.2e-32   1.2e-32  102.1   0.1     2    71    77   152    76   155 0.89 <unknown description>
#
# Program:         hmmsearch
# Version:         3.4 (Aug 2023)
# Pipeline mode:   SEARCH
# Query file:      /home/arafat/busco_downloads/lineages/hypocreales_odb12.2/hmms/143695at5125.hmm
# Target file:     /home/arafat/Foxy_SIX_Evolution/results/busco/GCA_003315725.1/run_hypocreales_odb12.2/miniprot_output/translated_proteins/143695at5125.faa
# Option settings: hmmsearch --domtblout /home/arafat/Foxy_SIX_Evolution/results/busco/GCA_003315725.1/run_hypocreales_odb12.2/hmmer_output/143695at5125.out --cpu 1 /home/arafat/busco_downloads/lineages/hypocreales_odb12.2/hmms/143695at5125.hmm /home/arafat/Foxy_SIX_Evolution/results/busco/GCA_003315725.1/run_hypocreales_odb12.2/miniprot_output/translated_proteins/143695at5125.faa 
# Current dir:     /home/arafat/Foxy_SIX_Evolution
# Date:            Thu Sep 24 13:02:05 2026
# [ok]
