#                                                                                                                  --- full sequence --- -------------- this domain -------------   hmm coord   ali coord   env coord
# target name                                              accession   tlen query name           accession   qlen   E-value  score  bias   #  of  c-Evalue  i-Evalue  score  bias  from    to  from    to  from    to  acc description of target
#                                      ------------------- ---------- ----- -------------------- ---------- ----- --------- ------ ----- --- --- --------- --------- ------ ----- ----- ----- ----- ----- ----- ----- ---- ---------------------
143746at5125_1649129_0:0013a4|CM010335.1:1341462-1345886|- -            478 143746               -            427  1.1e-258  846.8   0.2   1   1  1.3e-258  1.3e-258  846.5   0.2     2   427    39   477    38   477 0.97 <unknown description>
143746at5125_5046_0:000f05|CM010335.1:1341462-1344311|-    -            478 143746               -            427  1.1e-258  846.7   0.2   1   1  1.3e-258  1.3e-258  846.5   0.2     2   427    39   477    38   477 0.97 <unknown description>
143746at5125_3049762_0:002932|CM010335.1:1341462-1342779|- -            440 143746               -            427  1.2e-258  846.7   0.2   1   1  1.3e-258  1.3e-258  846.5   0.2     3   427     2   439     1   439 0.97 <unknown description>
143746at5125_1042133_0:00072c|CM010335.1:1341462-1343222|- -            508 143746               -            427  1.4e-258  846.4   0.2   1   1  1.6e-258  1.6e-258  846.2   0.2     2   427    69   507    68   507 0.97 <unknown description>
143746at5125_42672_0:002c54|CM010335.1:1341462-1343736|-   -            531 143746               -            427  1.6e-258  846.2   0.2   1   1  1.9e-258  1.9e-258  846.0   0.2     2   427    92   530    91   530 0.97 <unknown description>
143746at5125_1276143_0:000103|CM010335.1:1341462-1349496|- -            428 143746               -            427  3.7e-240  785.7   0.0   1   1  4.5e-240  4.5e-240  785.4   0.0    22   427     9   427     2   427 0.96 <unknown description>
143746at5125_2692428_0:002c36|CM010335.1:1341462-1342359|- -            300 143746               -            427  1.4e-171  559.8   0.1   1   1  1.6e-171  1.6e-171  559.6   0.1   141   427     1   299     1   299 0.96 <unknown description>
143746at5125_468837_0:000cfa|CM010335.1:1341462-1342143|-  -            228 143746               -            427  6.1e-134  435.8   0.1   1   1  6.9e-134  6.9e-134  435.6   0.1   211   427     1   227     1   227 0.96 <unknown description>
#
# Program:         hmmsearch
# Version:         3.4 (Aug 2023)
# Pipeline mode:   SEARCH
# Query file:      /home/arafat/busco_downloads/lineages/hypocreales_odb12.2/hmms/143746at5125.hmm
# Target file:     /home/arafat/Foxy_SIX_Evolution/results/busco/GCA_003315725.1/run_hypocreales_odb12.2/miniprot_output/translated_proteins/143746at5125.faa
# Option settings: hmmsearch --domtblout /home/arafat/Foxy_SIX_Evolution/results/busco/GCA_003315725.1/run_hypocreales_odb12.2/hmmer_output/143746at5125.out --cpu 1 /home/arafat/busco_downloads/lineages/hypocreales_odb12.2/hmms/143746at5125.hmm /home/arafat/Foxy_SIX_Evolution/results/busco/GCA_003315725.1/run_hypocreales_odb12.2/miniprot_output/translated_proteins/143746at5125.faa 
# Current dir:     /home/arafat/Foxy_SIX_Evolution
# Date:            Thu Sep 24 13:02:06 2026
# [ok]
