#                                                                                                                  --- full sequence --- -------------- this domain -------------   hmm coord   ali coord   env coord
# target name                                              accession   tlen query name           accession   qlen   E-value  score  bias   #  of  c-Evalue  i-Evalue  score  bias  from    to  from    to  from    to  acc description of target
#                                      ------------------- ---------- ----- -------------------- ---------- ----- --------- ------ ----- --- --- --------- --------- ------ ----- ----- ----- ----- ----- ----- ----- ---- ---------------------
143736at5125_1089452_0:002e5e|CM010336.1:2694811-2696356|+ -            516 143736               -            412  2.1e-179  585.6  12.6   1   1  1.5e-174    2e-174  569.2  12.6     2   410     3   492     2   494 0.81 <unknown description>
143736at5125_911162_0:0012ae|CM010336.1:2694814-2703399|+  -            465 143736               -            412  2.8e-177  578.6   8.6   1   2  3.1e-144  4.2e-144  469.3   3.0     2   310     2   348     1   363 0.87 <unknown description>
143736at5125_911162_0:0012ae|CM010336.1:2694814-2703399|+  -            465 143736               -            412  2.8e-177  578.6   8.6   2   2     2e-35   2.7e-35  110.9   0.3   309   395   370   457   361   462 0.92 <unknown description>
143736at5125_877507_0:000b58|CM010336.1:2694814-2724712|+  -            849 143736               -            412  3.2e-164  535.6   7.4   1   2  2.2e-143  2.9e-143  466.5   3.3     2   310     2   348     1   355 0.86 <unknown description>
143736at5125_877507_0:000b58|CM010336.1:2694814-2724712|+  -            849 143736               -            412  3.2e-164  535.6   7.4   2   2   7.1e-23   9.4e-23   69.6   0.1   309   369   370   430   359   434 0.92 <unknown description>
143736at5125_33203_0:000085|CM010336.1:2694814-2695807|+   -            332 143736               -            412  2.1e-138  450.5   4.2   1   1    7e-138  9.4e-138  448.4   4.2     2   294     2   332     1   332 0.86 <unknown description>
143736at5125_63577_0:0031ce|CM010336.1:2694814-2695534|+   -            241 143736               -            412  7.9e-110  356.4   0.9   1   1  6.8e-110  9.1e-110  356.2   0.9     2   219     2   241     1   241 0.89 <unknown description>
143736at5125_1081102_0:0021f7|CM010336.1:2694943-2695156|+ -             72 143736               -            412   2.1e-41  131.1   3.1   1   1   1.7e-41   2.2e-41  130.9   3.1    30    97     1    72     1    72 0.92 <unknown description>
#
# Program:         hmmsearch
# Version:         3.4 (Aug 2023)
# Pipeline mode:   SEARCH
# Query file:      /home/arafat/busco_downloads/lineages/hypocreales_odb12.2/hmms/143736at5125.hmm
# Target file:     /home/arafat/Foxy_SIX_Evolution/results/busco/GCA_003315725.1/run_hypocreales_odb12.2/miniprot_output/translated_proteins/143736at5125.faa
# Option settings: hmmsearch --domtblout /home/arafat/Foxy_SIX_Evolution/results/busco/GCA_003315725.1/run_hypocreales_odb12.2/hmmer_output/143736at5125.out --cpu 1 /home/arafat/busco_downloads/lineages/hypocreales_odb12.2/hmms/143736at5125.hmm /home/arafat/Foxy_SIX_Evolution/results/busco/GCA_003315725.1/run_hypocreales_odb12.2/miniprot_output/translated_proteins/143736at5125.faa 
# Current dir:     /home/arafat/Foxy_SIX_Evolution
# Date:            Thu Sep 24 13:02:06 2026
# [ok]
