#                                                                                                                --- full sequence --- -------------- this domain -------------   hmm coord   ali coord   env coord
# target name                                            accession   tlen query name           accession   qlen   E-value  score  bias   #  of  c-Evalue  i-Evalue  score  bias  from    to  from    to  from    to  acc description of target
#                                    ------------------- ---------- ----- -------------------- ---------- ----- --------- ------ ----- --- --- --------- --------- ------ ----- ----- ----- ----- ----- ----- ----- ---- ---------------------
144228at5125_1101274_0:0032b9|CM010337.1:946992-947623|- -            136 144228               -            135     3e-94  301.2   2.0   1   1   3.4e-94   3.4e-94  301.0   2.0     1   134     1   134     1   135 0.99 <unknown description>
144228at5125_1330021_0:000174|CM010337.1:946992-948040|- -            169 144228               -            135   6.5e-94  300.1   2.0   1   1   7.6e-94   7.6e-94  299.9   2.0     1   134    34   167    34   168 0.99 <unknown description>
144228at5125_195108_0:000059|CM010337.1:945656-947623|-  -            171 144228               -            135   6.7e-94  300.1   2.0   1   1   7.9e-94   7.9e-94  299.8   2.0     1   134     1   134     1   135 0.99 <unknown description>
144228at5125_1081105_0:001ec7|CM010337.1:943887-947623|- -            154 144228               -            135   6.9e-94  300.0   2.2   1   1   7.9e-94   7.9e-94  299.8   2.2     1   134     1   134     1   135 0.99 <unknown description>
144228at5125_221167_0:003580|CM010337.1:946920-947721|-  -            175 144228               -            135   7.3e-94  299.9   2.0   1   1   8.5e-94   8.5e-94  299.7   2.0     1   134    16   149    16   150 0.99 <unknown description>
144228at5125_911162_0:000c9b|CM010337.1:946992-949095|-  -            376 144228               -            135   4.1e-93  297.5   2.0   1   1   6.5e-93   6.5e-93  296.9   2.0     1   134   241   374   241   375 0.99 <unknown description>
144228at5125_1245745_0:0019dc|CM010337.1:946998-947334|- -            113 144228               -            135   6.5e-79  251.5   0.6   1   1   7.2e-79   7.2e-79  251.4   0.6    22   133     1   112     1   113 0.99 <unknown description>
144228at5125_2692428_0:0036d1|CM010337.1:947166-947614|- -             75 144228               -            135   1.9e-51  162.6   3.2   1   1   2.1e-51   2.1e-51  162.5   3.2     4    78     1    75     1    75 0.99 <unknown description>
#
# Program:         hmmsearch
# Version:         3.4 (Aug 2023)
# Pipeline mode:   SEARCH
# Query file:      /home/arafat/busco_downloads/lineages/hypocreales_odb12.2/hmms/144228at5125.hmm
# Target file:     /home/arafat/Foxy_SIX_Evolution/results/busco/GCA_003315725.1/run_hypocreales_odb12.2/miniprot_output/translated_proteins/144228at5125.faa
# Option settings: hmmsearch --domtblout /home/arafat/Foxy_SIX_Evolution/results/busco/GCA_003315725.1/run_hypocreales_odb12.2/hmmer_output/144228at5125.out --cpu 1 /home/arafat/busco_downloads/lineages/hypocreales_odb12.2/hmms/144228at5125.hmm /home/arafat/Foxy_SIX_Evolution/results/busco/GCA_003315725.1/run_hypocreales_odb12.2/miniprot_output/translated_proteins/144228at5125.faa 
# Current dir:     /home/arafat/Foxy_SIX_Evolution
# Date:            Thu Sep 24 13:02:13 2026
# [ok]
