#                                                                                                                  --- full sequence --- -------------- this domain -------------   hmm coord   ali coord   env coord
# target name                                              accession   tlen query name           accession   qlen   E-value  score  bias   #  of  c-Evalue  i-Evalue  score  bias  from    to  from    to  from    to  acc description of target
#                                      ------------------- ---------- ----- -------------------- ---------- ----- --------- ------ ----- --- --- --------- --------- ------ ----- ----- ----- ----- ----- ----- ----- ---- ---------------------
144785at5125_327505_0:000bc0|CM010336.1:1885587-1886913|-  -            408 144785               -            403  7.3e-226  738.7   3.5   1   1  8.1e-226  8.1e-226  738.5   3.5     1   401     1   405     1   407 0.97 <unknown description>
144785at5125_45235_0:001ad4|CM010336.1:1878245-1886913|-   -            419 144785               -            403  7.9e-226  738.5   3.5   1   1    9e-226    9e-226  738.4   3.5     1   401     1   405     1   407 0.97 <unknown description>
144785at5125_5507_3:001891|CM010336.1:1883575-1886913|-    -           1053 144785               -            403  8.7e-225  735.1   3.5   1   1  1.3e-224  1.3e-224  734.5   3.5     1   401     1   405     1   407 0.97 <unknown description>
144785at5125_1053134_0:001136|CM010336.1:1885204-1886913|- -            435 144785               -            403  1.7e-221  724.3   6.4   1   1    2e-221    2e-221  724.0   6.4     1   390     1   392     1   405 0.98 <unknown description>
144785at5125_122381_0:002244|CM010336.1:1884757-1886913|-  -            453 144785               -            403  1.3e-191  625.9  17.1   1   2   5.7e-10   5.7e-10   27.7   2.2     1    30     1    30     1    32 0.95 <unknown description>
144785at5125_122381_0:002244|CM010336.1:1884757-1886913|-  -            453 144785               -            403  1.3e-191  625.9  17.1   2   2  2.1e-185  2.1e-185  605.4   7.3    69   390    30   353    28   366 0.97 <unknown description>
144785at5125_1080343_0:000257|CM010336.1:1885587-1886547|- -            321 144785               -            403  1.2e-181  593.1   1.9   1   1  1.3e-181  1.3e-181  592.9   1.9    87   401     1   318     1   320 0.97 <unknown description>
144785at5125_96317_0:0030f2|CM010336.1:1885587-1886028|-   -            148 144785               -            403   1.3e-73  237.3   0.3   1   1   1.4e-73   1.4e-73  237.2   0.3   260   401     1   145     1   147 0.94 <unknown description>
144785at5125_1042133_0:000dc9|CM010336.1:1885430-1885896|- -            143 144785               -            403   8.7e-43  135.8   0.9   1   1     1e-42     1e-42  135.5   0.9   304   401     1   101     1   103 0.91 <unknown description>
#
# Program:         hmmsearch
# Version:         3.4 (Aug 2023)
# Pipeline mode:   SEARCH
# Query file:      /home/arafat/busco_downloads/lineages/hypocreales_odb12.2/hmms/144785at5125.hmm
# Target file:     /home/arafat/Foxy_SIX_Evolution/results/busco/GCA_003315725.1/run_hypocreales_odb12.2/miniprot_output/translated_proteins/144785at5125.faa
# Option settings: hmmsearch --domtblout /home/arafat/Foxy_SIX_Evolution/results/busco/GCA_003315725.1/run_hypocreales_odb12.2/hmmer_output/144785at5125.out --cpu 1 /home/arafat/busco_downloads/lineages/hypocreales_odb12.2/hmms/144785at5125.hmm /home/arafat/Foxy_SIX_Evolution/results/busco/GCA_003315725.1/run_hypocreales_odb12.2/miniprot_output/translated_proteins/144785at5125.faa 
# Current dir:     /home/arafat/Foxy_SIX_Evolution
# Date:            Thu Sep 24 13:02:18 2026
# [ok]
