#                                                                                                                  --- full sequence --- -------------- this domain -------------   hmm coord   ali coord   env coord
# target name                                              accession   tlen query name           accession   qlen   E-value  score  bias   #  of  c-Evalue  i-Evalue  score  bias  from    to  from    to  from    to  acc description of target
#                                      ------------------- ---------- ----- -------------------- ---------- ----- --------- ------ ----- --- --- --------- --------- ------ ----- ----- ----- ----- ----- ----- ----- ---- ---------------------
145134at5125_1101274_0:000624|CM010336.1:3156049-3158202|- -            534 145134               -            252  1.1e-157  511.1   3.2   1   1  6.3e-156  6.3e-156  505.3   3.2     2   252     3   270     2   270 0.98 <unknown description>
145134at5125_282569_0:001fe0|CM010336.1:3157344-3158202|-  -            287 145134               -            252  3.8e-153  496.2   7.1   1   2  1.5e-109  1.5e-109  353.4   0.9     2   180     3   198     2   199 0.98 <unknown description>
145134at5125_282569_0:001fe0|CM010336.1:3157344-3158202|-  -            287 145134               -            252  3.8e-153  496.2   7.1   2   2   1.7e-44   1.7e-44  140.3   0.7   176   252   210   286   206   286 0.99 <unknown description>
145134at5125_72712_0:00388f|CM010336.1:3157010-3158202|-   -            295 145134               -            252  2.8e-134  434.4   4.0   1   2   2.6e-20   2.6e-20   61.1   0.3     2    43     3    44     2    45 0.97 <unknown description>
145134at5125_72712_0:00388f|CM010336.1:3157010-3158202|-   -            295 145134               -            252  2.8e-134  434.4   4.0   2   2  7.8e-117  7.8e-117  377.3   0.5    70   252    43   228    43   228 0.99 <unknown description>
145134at5125_96774_0:0019c2|CM010336.1:3157344-3157953|-   -            188 145134               -            252  1.6e-124  402.5   0.5   1   1  1.8e-124  1.8e-124  402.3   0.5    66   252     1   187     1   187 1.00 <unknown description>
145134at5125_123648_0:00216f|CM010336.1:3157623-3157953|-  -            111 145134               -            252   2.2e-75  241.5   0.0   1   1   2.4e-75   2.4e-75  241.4   0.0    66   175     1   110     1   111 0.99 <unknown description>
#
# Program:         hmmsearch
# Version:         3.4 (Aug 2023)
# Pipeline mode:   SEARCH
# Query file:      /home/arafat/busco_downloads/lineages/hypocreales_odb12.2/hmms/145134at5125.hmm
# Target file:     /home/arafat/Foxy_SIX_Evolution/results/busco/GCA_003315725.1/run_hypocreales_odb12.2/miniprot_output/translated_proteins/145134at5125.faa
# Option settings: hmmsearch --domtblout /home/arafat/Foxy_SIX_Evolution/results/busco/GCA_003315725.1/run_hypocreales_odb12.2/hmmer_output/145134at5125.out --cpu 1 /home/arafat/busco_downloads/lineages/hypocreales_odb12.2/hmms/145134at5125.hmm /home/arafat/Foxy_SIX_Evolution/results/busco/GCA_003315725.1/run_hypocreales_odb12.2/miniprot_output/translated_proteins/145134at5125.faa 
# Current dir:     /home/arafat/Foxy_SIX_Evolution
# Date:            Thu Sep 24 13:02:21 2026
# [ok]
