#                                                                                                                  --- full sequence --- -------------- this domain -------------   hmm coord   ali coord   env coord
# target name                                              accession   tlen query name           accession   qlen   E-value  score  bias   #  of  c-Evalue  i-Evalue  score  bias  from    to  from    to  from    to  acc description of target
#                                      ------------------- ---------- ----- -------------------- ---------- ----- --------- ------ ----- --- --- --------- --------- ------ ----- ----- ----- ----- ----- ----- ----- ---- ---------------------
145513at5125_1080344_0:00068e|CM010335.1:3189816-3190407|+ -            198 145513               -            180   6.7e-88  282.3   0.1   1   1   8.6e-88   8.6e-88  282.0   0.1     1   172    18   186    18   194 0.96 <unknown description>
145513at5125_1803897_0:00146a|CM010335.1:3189313-3190407|+ -            245 145513               -            180   8.4e-88  282.0   0.5   1   2      0.87      0.87   -1.5   0.0    30    58    30    58     7    63 0.61 <unknown description>
145513at5125_1803897_0:00146a|CM010335.1:3189313-3190407|+ -            245 145513               -            180   8.4e-88  282.0   0.5   2   2   1.8e-87   1.8e-87  281.0   0.1     1   172    65   233    65   241 0.96 <unknown description>
145513at5125_1399860_0:0010e9|CM010335.1:3189915-3190365|+ -            151 145513               -            180   5.3e-84  269.6   0.5   1   1   6.1e-84   6.1e-84  269.4   0.5    34   169    15   150     2   151 0.94 <unknown description>
145513at5125_911162_0:000d2b|CM010335.1:3181348-3190368|+  -            164 145513               -            180     9e-83  265.6   0.3   1   1   1.1e-82   1.1e-82  265.4   0.3    42   170    35   163    29   164 0.98 <unknown description>
145513at5125_131363_0:001793|CM010335.1:3190011-3190407|+  -            133 145513               -            180   1.8e-78  251.6   0.9   1   1     2e-78     2e-78  251.5   0.9    52   173     1   122     1   129 0.97 <unknown description>
145513at5125_1435070_0:001311|CM010335.1:3190056-3190371|+ -            106 145513               -            180   2.7e-74  238.0   0.8   1   1   2.9e-74   2.9e-74  237.9   0.8    69   170     3   104     1   106 0.97 <unknown description>
145513at5125_63577_0:000474|CM010335.1:3190206-3190383|+   -             60 145513               -            180   1.7e-41  131.1   0.5   1   1   1.7e-41   1.7e-41  131.1   0.5   117   171     1    55     1    60 0.96 <unknown description>
#
# Program:         hmmsearch
# Version:         3.4 (Aug 2023)
# Pipeline mode:   SEARCH
# Query file:      /home/arafat/busco_downloads/lineages/hypocreales_odb12.2/hmms/145513at5125.hmm
# Target file:     /home/arafat/Foxy_SIX_Evolution/results/busco/GCA_003315725.1/run_hypocreales_odb12.2/miniprot_output/translated_proteins/145513at5125.faa
# Option settings: hmmsearch --domtblout /home/arafat/Foxy_SIX_Evolution/results/busco/GCA_003315725.1/run_hypocreales_odb12.2/hmmer_output/145513at5125.out --cpu 1 /home/arafat/busco_downloads/lineages/hypocreales_odb12.2/hmms/145513at5125.hmm /home/arafat/Foxy_SIX_Evolution/results/busco/GCA_003315725.1/run_hypocreales_odb12.2/miniprot_output/translated_proteins/145513at5125.faa 
# Current dir:     /home/arafat/Foxy_SIX_Evolution
# Date:            Thu Sep 24 13:02:25 2026
# [ok]
