#                                                                                                                  --- full sequence --- -------------- this domain -------------   hmm coord   ali coord   env coord
# target name                                              accession   tlen query name           accession   qlen   E-value  score  bias   #  of  c-Evalue  i-Evalue  score  bias  from    to  from    to  from    to  acc description of target
#                                      ------------------- ---------- ----- -------------------- ---------- ----- --------- ------ ----- --- --- --------- --------- ------ ----- ----- ----- ----- ----- ----- ----- ---- ---------------------
145590at5125_1089448_0:00213c|CM010340.1:3449670-3452108|- -            780 145590               -            759         0 1473.2   0.1   1   1         0         0 1473.0   0.1     1   758    10   777    10   778 0.98 <unknown description>
145590at5125_94208_0:0010fe|CM010340.1:3449670-3456524|-   -            881 145590               -            759         0 1472.5   0.1   1   1         0         0 1472.3   0.1     1   758   111   878   111   879 0.98 <unknown description>
145590at5125_1247861_0:0016ae|CM010340.1:3448539-3452075|- -            940 145590               -            759         0 1449.7   0.0   1   1         0         0 1449.4   0.0     3   747     1   755     1   765 0.98 <unknown description>
145590at5125_63577_0:0004b8|CM010340.1:3449676-3451571|-   -            617 145590               -            759         0 1180.8   0.1   1   1         0         0 1180.7   0.1   151   758     1   616     1   617 0.98 <unknown description>
145590at5125_2885761_0:00294e|CM010340.1:3450367-3452081|- -            554 145590               -            759         0 1076.0   2.2   1   1         0         0 1075.8   2.2     1   507     1   511     1   527 0.98 <unknown description>
145590at5125_2004951_0:001a84|CM010340.1:3449670-3450935|- -            407 145590               -            759  1.7e-213  699.3   0.0   1   1  1.9e-213  1.9e-213  699.2   0.0   363   758     1   404     1   405 0.97 <unknown description>
145590at5125_2004951_0:001a86|CM010340.1:3451328-3452084|- -            235 145590               -            759  3.8e-138  450.2   0.2   1   1  4.2e-138  4.2e-138  450.0   0.2     1   232     2   235     2   235 0.98 <unknown description>
#
# Program:         hmmsearch
# Version:         3.4 (Aug 2023)
# Pipeline mode:   SEARCH
# Query file:      /home/arafat/busco_downloads/lineages/hypocreales_odb12.2/hmms/145590at5125.hmm
# Target file:     /home/arafat/Foxy_SIX_Evolution/results/busco/GCA_003315725.1/run_hypocreales_odb12.2/miniprot_output/translated_proteins/145590at5125.faa
# Option settings: hmmsearch --domtblout /home/arafat/Foxy_SIX_Evolution/results/busco/GCA_003315725.1/run_hypocreales_odb12.2/hmmer_output/145590at5125.out --cpu 1 /home/arafat/busco_downloads/lineages/hypocreales_odb12.2/hmms/145590at5125.hmm /home/arafat/Foxy_SIX_Evolution/results/busco/GCA_003315725.1/run_hypocreales_odb12.2/miniprot_output/translated_proteins/145590at5125.faa 
# Current dir:     /home/arafat/Foxy_SIX_Evolution
# Date:            Thu Sep 24 13:02:25 2026
# [ok]
