#                                                                                                                  --- full sequence --- -------------- this domain -------------   hmm coord   ali coord   env coord
# target name                                              accession   tlen query name           accession   qlen   E-value  score  bias   #  of  c-Evalue  i-Evalue  score  bias  from    to  from    to  from    to  acc description of target
#                                      ------------------- ---------- ----- -------------------- ---------- ----- --------- ------ ----- --- --- --------- --------- ------ ----- ----- ----- ----- ----- ----- ----- ---- ---------------------
145877at5125_1089452_0:000e7b|CM010337.1:2987174-2988146|- -            308 145877               -            286  8.4e-171  555.5   7.1   1   2   2.8e-05   3.1e-05   12.2   0.0     1    27     1    27     1    31 0.92 <unknown description>
145877at5125_1089452_0:000e7b|CM010337.1:2987174-2988146|- -            308 145877               -            286  8.4e-171  555.5   7.1   2   2  4.4e-167  4.9e-167  543.1   5.4    23   286    44   307    39   307 0.99 <unknown description>
145877at5125_2559223_0:001902|CM010337.1:2987195-2987819|- -            209 145877               -            286    6e-135  437.8   1.7   1   1  5.9e-135  6.7e-135  437.7   1.7    73   279     2   208     1   209 0.99 <unknown description>
145877at5125_2714763_0:0015e8|CM010337.1:2987174-2987627|- -            152 145877               -            286   1.1e-97  315.6   4.4   1   1   1.1e-97   1.2e-97  315.4   4.4   136   286     1   151     1   151 1.00 <unknown description>
145877at5125_660025_0:003b72|CM010337.1:2987604-2988146|-  -            164 145877               -            286   3.2e-72  232.0   1.1   1   2   1.2e-05   1.3e-05   13.4   0.0     1    27     1    27     1    31 0.92 <unknown description>
145877at5125_660025_0:003b72|CM010337.1:2987604-2988146|-  -            164 145877               -            286   3.2e-72  232.0   1.1   2   2     8e-68     9e-68  217.4   0.5    23   138    44   159    38   162 0.97 <unknown description>
145877at5125_195108_0:0037d3|CM010337.1:2987174-2987489|-  -            106 145877               -            286   3.6e-63  202.3   2.3   1   1   3.5e-63   3.9e-63  202.2   2.3   182   286     1   105     1   105 0.99 <unknown description>
145877at5125_93591_0:0023bd|CM010337.1:2987174-2987378|-   -             69 145877               -            286   2.8e-39  123.9   0.3   1   1   2.7e-39     3e-39  123.8   0.3   219   286     1    68     1    68 0.99 <unknown description>
145877at5125_2559221_0:0016e7|CM010337.1:2987222-2987390|- -             57 145877               -            286     3e-33  104.1   0.4   1   1   2.9e-33   3.2e-33  104.0   0.4   215   271     1    57     1    57 0.99 <unknown description>
145877at5125_195108_0:0037de|CM010337.1:2987870-2988146|-  -             93 145877               -            286   1.8e-30   95.0   1.3   1   2   4.2e-06   4.7e-06   14.9   0.0     1    27     1    27     1    32 0.92 <unknown description>
145877at5125_195108_0:0037de|CM010337.1:2987870-2988146|-  -             93 145877               -            286   1.8e-30   95.0   1.3   2   2   1.1e-25   1.2e-25   79.1   0.8    23    72    44    93    38    93 0.94 <unknown description>
#
# Program:         hmmsearch
# Version:         3.4 (Aug 2023)
# Pipeline mode:   SEARCH
# Query file:      /home/arafat/busco_downloads/lineages/hypocreales_odb12.2/hmms/145877at5125.hmm
# Target file:     /home/arafat/Foxy_SIX_Evolution/results/busco/GCA_003315725.1/run_hypocreales_odb12.2/miniprot_output/translated_proteins/145877at5125.faa
# Option settings: hmmsearch --domtblout /home/arafat/Foxy_SIX_Evolution/results/busco/GCA_003315725.1/run_hypocreales_odb12.2/hmmer_output/145877at5125.out --cpu 1 /home/arafat/busco_downloads/lineages/hypocreales_odb12.2/hmms/145877at5125.hmm /home/arafat/Foxy_SIX_Evolution/results/busco/GCA_003315725.1/run_hypocreales_odb12.2/miniprot_output/translated_proteins/145877at5125.faa 
# Current dir:     /home/arafat/Foxy_SIX_Evolution
# Date:            Thu Sep 24 13:02:30 2026
# [ok]
