#                                                                                                                  --- full sequence --- -------------- this domain -------------   hmm coord   ali coord   env coord
# target name                                              accession   tlen query name           accession   qlen   E-value  score  bias   #  of  c-Evalue  i-Evalue  score  bias  from    to  from    to  from    to  acc description of target
#                                      ------------------- ---------- ----- -------------------- ---------- ----- --------- ------ ----- --- --- --------- --------- ------ ----- ----- ----- ----- ----- ----- ----- ---- ---------------------
145968at5125_1089452_0:002f18|CM010340.1:2435032-2439685|- -           1534 145968               -           1235         0 2323.6   5.6   1   2   2.8e-11   2.8e-11   29.9   0.0     6    48   104   148    99   184 0.85 <unknown description>
145968at5125_1089452_0:002f18|CM010340.1:2435032-2439685|- -           1534 145968               -           1235         0 2323.6   5.6   2   2         0         0 2283.3   3.6    44  1232   187  1488   178  1490 0.88 <unknown description>
145968at5125_56646_0:0026f7|CM010340.1:2433022-2439685|-   -           1538 145968               -           1235         0 2323.4   5.8   1   2   3.3e-11   3.3e-11   29.7   0.0     6    48   104   148    99   165 0.85 <unknown description>
145968at5125_56646_0:0026f7|CM010340.1:2433022-2439685|-   -           1538 145968               -           1235         0 2323.4   5.8   2   2         0         0 2283.2   3.7    44  1232   187  1488   177  1490 0.88 <unknown description>
145968at5125_468837_0:0029ca|CM010340.1:2435143-2447657|-  -           1390 145968               -           1235         0 2305.5   0.9   1   1         0         0 2294.9   0.9     6  1232    67  1381    62  1383 0.89 <unknown description>
145968at5125_2010991_0:002e63|CM010340.1:2436343-2439685|- -           1115 145968               -           1235         0 1952.3   0.6   1   2   2.2e-11   2.2e-11   30.3   0.0     6    48   104   148    99   166 0.85 <unknown description>
145968at5125_2010991_0:002e63|CM010340.1:2436343-2439685|- -           1115 145968               -           1235         0 1952.3   0.6   2   2         0         0 1919.7   0.2    43   945   186  1114   176  1115 0.96 <unknown description>
145968at5125_5516_0:0011db|CM010340.1:2435038-2438224|-    -           1045 145968               -           1235         0 1765.5   4.0   1   1         0         0 1753.7   4.0   325  1232     1  1001     1  1003 0.88 <unknown description>
#
# Program:         hmmsearch
# Version:         3.4 (Aug 2023)
# Pipeline mode:   SEARCH
# Query file:      /home/arafat/busco_downloads/lineages/hypocreales_odb12.2/hmms/145968at5125.hmm
# Target file:     /home/arafat/Foxy_SIX_Evolution/results/busco/GCA_003315725.1/run_hypocreales_odb12.2/miniprot_output/translated_proteins/145968at5125.faa
# Option settings: hmmsearch --domtblout /home/arafat/Foxy_SIX_Evolution/results/busco/GCA_003315725.1/run_hypocreales_odb12.2/hmmer_output/145968at5125.out --cpu 1 /home/arafat/busco_downloads/lineages/hypocreales_odb12.2/hmms/145968at5125.hmm /home/arafat/Foxy_SIX_Evolution/results/busco/GCA_003315725.1/run_hypocreales_odb12.2/miniprot_output/translated_proteins/145968at5125.faa 
# Current dir:     /home/arafat/Foxy_SIX_Evolution
# Date:            Thu Sep 24 13:02:06 2026
# [ok]
