#                                                                                                                  --- full sequence --- -------------- this domain -------------   hmm coord   ali coord   env coord
# target name                                              accession   tlen query name           accession   qlen   E-value  score  bias   #  of  c-Evalue  i-Evalue  score  bias  from    to  from    to  from    to  acc description of target
#                                      ------------------- ---------- ----- -------------------- ---------- ----- --------- ------ ----- --- --- --------- --------- ------ ----- ----- ----- ----- ----- ----- ----- ---- ---------------------
146193at5125_1089452_0:002daf|CM010336.1:2821921-2824050|+ -            676 146193               -            597         0 1142.4  12.7   1   2   3.2e-15   3.2e-15   43.6   2.2     1    61    10    84    10    94 0.75 <unknown description>
146193at5125_1089452_0:002daf|CM010336.1:2821921-2824050|+ -            676 146193               -            597         0 1142.4  12.7   2   2         0         0 1104.2   3.1    58   595   108   658    96   660 0.96 <unknown description>
146193at5125_72712_0:00363b|CM010336.1:2821921-2826350|+   -           1041 146193               -            597         0 1139.7  12.7   1   2   5.5e-15   5.5e-15   42.8   2.2     1    61    10    84    10    94 0.75 <unknown description>
146193at5125_72712_0:00363b|CM010336.1:2821921-2826350|+   -           1041 146193               -            597         0 1139.7  12.7   2   2         0         0 1102.3   3.1    58   595   108   658    96   660 0.96 <unknown description>
146193at5125_2604345_0:0016c5|CM010336.1:2822543-2824050|+ -            487 146193               -            597  6.2e-292  957.4   3.7   1   1  7.2e-292  7.2e-292  957.2   3.7   140   595     1   469     1   471 0.97 <unknown description>
146193at5125_1208366_0:0032a4|CM010336.1:2821921-2823476|+ -            501 146193               -            597  2.2e-241  790.5  15.2   1   2   2.1e-15   2.1e-15   44.2   2.2     1    61    10    84    10    94 0.75 <unknown description>
146193at5125_1208366_0:0032a4|CM010336.1:2821921-2823476|+ -            501 146193               -            597  2.2e-241  790.5  15.2   2   2  1.1e-229  1.1e-229  751.8   5.4    58   437   108   500    96   501 0.95 <unknown description>
#
# Program:         hmmsearch
# Version:         3.4 (Aug 2023)
# Pipeline mode:   SEARCH
# Query file:      /home/arafat/busco_downloads/lineages/hypocreales_odb12.2/hmms/146193at5125.hmm
# Target file:     /home/arafat/Foxy_SIX_Evolution/results/busco/GCA_003315725.1/run_hypocreales_odb12.2/miniprot_output/translated_proteins/146193at5125.faa
# Option settings: hmmsearch --domtblout /home/arafat/Foxy_SIX_Evolution/results/busco/GCA_003315725.1/run_hypocreales_odb12.2/hmmer_output/146193at5125.out --cpu 1 /home/arafat/busco_downloads/lineages/hypocreales_odb12.2/hmms/146193at5125.hmm /home/arafat/Foxy_SIX_Evolution/results/busco/GCA_003315725.1/run_hypocreales_odb12.2/miniprot_output/translated_proteins/146193at5125.faa 
# Current dir:     /home/arafat/Foxy_SIX_Evolution
# Date:            Thu Sep 24 13:02:09 2026
# [ok]
