#                                                                                                                  --- full sequence --- -------------- this domain -------------   hmm coord   ali coord   env coord
# target name                                              accession   tlen query name           accession   qlen   E-value  score  bias   #  of  c-Evalue  i-Evalue  score  bias  from    to  from    to  from    to  acc description of target
#                                      ------------------- ---------- ----- -------------------- ---------- ----- --------- ------ ----- --- --- --------- --------- ------ ----- ----- ----- ----- ----- ----- ----- ---- ---------------------
146454at5125_426428_0:0023e6|CM010338.1:2111090-2113703|+  -            855 146454               -            681         0 1221.8  16.3   1   3   3.3e-30   3.3e-30   93.1   2.6    13   106    64   175    54   192 0.75 <unknown description>
146454at5125_426428_0:0023e6|CM010338.1:2111090-2113703|+  -            855 146454               -            681         0 1221.8  16.3   2   3   2.3e-32   2.3e-32  100.3   1.3   101   180   231   310   201   315 0.94 <unknown description>
146454at5125_426428_0:0023e6|CM010338.1:2111090-2113703|+  -            855 146454               -            681         0 1221.8  16.3   3   3         0         0 1032.7   0.5   165   681   315   853   306   853 0.95 <unknown description>
146454at5125_1237068_0:0032c5|CM010338.1:2111090-2114992|+ -           1059 146454               -            681         0 1213.8  15.6   1   3   4.4e-30   4.4e-30   92.7   2.6    13   106    64   175    54   192 0.75 <unknown description>
146454at5125_1237068_0:0032c5|CM010338.1:2111090-2114992|+ -           1059 146454               -            681         0 1213.8  15.6   2   3   3.1e-32   3.1e-32   99.9   1.3   101   180   231   310   201   315 0.94 <unknown description>
146454at5125_1237068_0:0032c5|CM010338.1:2111090-2114992|+ -           1059 146454               -            681         0 1213.8  15.6   3   3         0         0 1025.2   0.3   165   678   315   850   306   853 0.95 <unknown description>
146454at5125_2898083_0:001a9a|CM010338.1:2111672-2113703|+ -            678 146454               -            681         0 1130.9   6.3   1   2   1.7e-32   1.7e-32  100.7   1.3   101   180    54   133    24   139 0.94 <unknown description>
146454at5125_2898083_0:001a9a|CM010338.1:2111672-2113703|+ -            678 146454               -            681         0 1130.9   6.3   2   2         0         0 1033.2   0.4   165   681   138   676   132   676 0.96 <unknown description>
146454at5125_101201_0:000285|CM010338.1:2112734-2113703|+  -            324 146454               -            681  2.3e-190  622.4   0.1   1   1    3e-190    3e-190  622.1   0.1   387   681    11   322     4   322 0.95 <unknown description>
146454at5125_117187_0:000f40|CM010338.1:2111087-2111624|+  -            180 146454               -            681   3.2e-33  103.1   2.6   1   1   5.8e-31   5.8e-31   95.7   2.6    12   101    64   171    54   175 0.75 <unknown description>
#
# Program:         hmmsearch
# Version:         3.4 (Aug 2023)
# Pipeline mode:   SEARCH
# Query file:      /home/arafat/busco_downloads/lineages/hypocreales_odb12.2/hmms/146454at5125.hmm
# Target file:     /home/arafat/Foxy_SIX_Evolution/results/busco/GCA_003315725.1/run_hypocreales_odb12.2/miniprot_output/translated_proteins/146454at5125.faa
# Option settings: hmmsearch --domtblout /home/arafat/Foxy_SIX_Evolution/results/busco/GCA_003315725.1/run_hypocreales_odb12.2/hmmer_output/146454at5125.out --cpu 1 /home/arafat/busco_downloads/lineages/hypocreales_odb12.2/hmms/146454at5125.hmm /home/arafat/Foxy_SIX_Evolution/results/busco/GCA_003315725.1/run_hypocreales_odb12.2/miniprot_output/translated_proteins/146454at5125.faa 
# Current dir:     /home/arafat/Foxy_SIX_Evolution
# Date:            Thu Sep 24 13:02:13 2026
# [ok]
