#                                                                                                                  --- full sequence --- -------------- this domain -------------   hmm coord   ali coord   env coord
# target name                                              accession   tlen query name           accession   qlen   E-value  score  bias   #  of  c-Evalue  i-Evalue  score  bias  from    to  from    to  from    to  acc description of target
#                                      ------------------- ---------- ----- -------------------- ---------- ----- --------- ------ ----- --- --- --------- --------- ------ ----- ----- ----- ----- ----- ----- ----- ---- ---------------------
146599at5125_327505_0:002c59|CM010341.1:2371275-2374707|-  -            771 146599               -            598         0 1080.4  18.7   1   2  1.9e-257  1.9e-257  844.5  13.6     2   452   111   587   109   599 0.93 <unknown description>
146599at5125_327505_0:002c59|CM010341.1:2371275-2374707|-  -            771 146599               -            598         0 1080.4  18.7   2   2   3.8e-73   3.8e-73  235.8   0.2   437   598   596   770   588   770 0.87 <unknown description>
146599at5125_2885761_0:00225e|CM010341.1:2371275-2373761|- -            795 146599               -            598         0 1052.4  24.2   1   3   9.8e-49   9.8e-49  155.2   3.7     2   112   108   225   106   229 0.88 <unknown description>
146599at5125_2885761_0:00225e|CM010341.1:2371275-2373761|- -            795 146599               -            598         0 1052.4  24.2   2   3  1.7e-204  1.7e-204  669.6   7.6   108   476   248   632   246   638 0.92 <unknown description>
146599at5125_2885761_0:00225e|CM010341.1:2371275-2373761|- -            795 146599               -            598         0 1052.4  24.2   3   3   4.5e-73   4.5e-73  235.6   0.2   438   598   621   794   615   794 0.87 <unknown description>
146599at5125_117187_0:0024ba|CM010341.1:2371275-2372904|-  -            544 146599               -            598  1.1e-272  894.7  11.7   1   2  1.9e-201  1.9e-201  659.5   6.4   112   475     1   380     1   385 0.92 <unknown description>
146599at5125_117187_0:0024ba|CM010341.1:2371275-2372904|-  -            544 146599               -            598  1.1e-272  894.7  11.7   2   2   2.7e-73   2.7e-73  236.3   0.2   440   598   372   543   367   543 0.87 <unknown description>
146599at5125_93591_0:001dc1|CM010341.1:2371908-2373578|-   -            494 146599               -            598  6.6e-238  779.9   9.9   1   1  1.3e-236  1.3e-236  775.7   9.9     2   425    47   494    45   494 0.94 <unknown description>
146599at5125_2692428_0:001cf5|CM010341.1:2372421-2373449|- -            282 146599               -            598  3.5e-142  463.8  16.7   1   1  1.2e-140  1.2e-140  458.7  16.7     2   255     4   282     3   282 0.91 <unknown description>
146599at5125_1081108_0:001939|CM010341.1:2372775-2373620|- -            219 146599               -            598   7.5e-71  228.2   6.2   1   1   9.3e-71   9.3e-71  227.9   6.2     2   140    61   204    59   212 0.90 <unknown description>
146599at5125_948311_1:00222c|CM010341.1:2372974-2373671|-  -            202 146599               -            598     1e-49  158.4   4.4   1   1   1.3e-49   1.3e-49  158.1   4.4     2   111    78   194    76   198 0.89 <unknown description>
146599at5125_2004952_0:000efe|CM010341.1:2373101-2373584|- -            162 146599               -            598     2e-49  157.5   4.0   1   1   2.3e-49   2.3e-49  157.3   4.0     2   107    49   161    47   162 0.89 <unknown description>
146599at5125_5516_0:002685|CM010341.1:2373197-2373575|-    -            127 146599               -            598   8.9e-27   82.7   0.4   1   1     1e-26     1e-26   82.5   0.4     2    76    46   127    44   127 0.85 <unknown description>
#
# Program:         hmmsearch
# Version:         3.4 (Aug 2023)
# Pipeline mode:   SEARCH
# Query file:      /home/arafat/busco_downloads/lineages/hypocreales_odb12.2/hmms/146599at5125.hmm
# Target file:     /home/arafat/Foxy_SIX_Evolution/results/busco/GCA_003315725.1/run_hypocreales_odb12.2/miniprot_output/translated_proteins/146599at5125.faa
# Option settings: hmmsearch --domtblout /home/arafat/Foxy_SIX_Evolution/results/busco/GCA_003315725.1/run_hypocreales_odb12.2/hmmer_output/146599at5125.out --cpu 1 /home/arafat/busco_downloads/lineages/hypocreales_odb12.2/hmms/146599at5125.hmm /home/arafat/Foxy_SIX_Evolution/results/busco/GCA_003315725.1/run_hypocreales_odb12.2/miniprot_output/translated_proteins/146599at5125.faa 
# Current dir:     /home/arafat/Foxy_SIX_Evolution
# Date:            Thu Sep 24 13:02:15 2026
# [ok]
