#                                                                                                                  --- full sequence --- -------------- this domain -------------   hmm coord   ali coord   env coord
# target name                                              accession   tlen query name           accession   qlen   E-value  score  bias   #  of  c-Evalue  i-Evalue  score  bias  from    to  from    to  from    to  acc description of target
#                                      ------------------- ---------- ----- -------------------- ---------- ----- --------- ------ ----- --- --- --------- --------- ------ ----- ----- ----- ----- ----- ----- ----- ---- ---------------------
146835at5125_426428_0:000ab5|CM010336.1:1947492-1949456|+  -            604 146835               -            577         0 1037.9   0.0   1   1         0         0 1037.7   0.0     2   577     5   603     4   603 0.95 <unknown description>
146835at5125_42673_0:0012d9|CM010336.1:1947900-1949456|+   -            502 146835               -            577  1.3e-249  818.2   0.0   1   1  1.6e-249  1.6e-249  817.9   0.0   103   577     4   501     2   501 0.94 <unknown description>
146835at5125_2692428_0:00295d|CM010336.1:1947492-1948550|+ -            302 146835               -            577  8.6e-157  511.8   0.0   1   1  9.5e-157  9.5e-157  511.7   0.0     2   288     5   298     4   302 0.95 <unknown description>
146835at5125_2692428_0:002a6d|CM010336.1:1948619-1949394|+ -            221 146835               -            577   2.1e-98  319.0   0.1   1   1   2.6e-98   2.6e-98  318.7   0.1   313   486     1   180     1   182 0.96 <unknown description>
146835at5125_468837_0:001085|CM010336.1:1947495-1948020|+  -            142 146835               -            577   1.4e-84  273.4   0.0   1   1   1.6e-84   1.6e-84  273.2   0.0     2   136     4   138     3   141 0.99 <unknown description>
146835at5125_62069_0:0001ae|CM010336.1:1947492-1947861|+   -            107 146835               -            577   3.8e-63  202.6   0.0   1   1   4.2e-63   4.2e-63  202.5   0.0     2   103     5   106     4   107 0.99 <unknown description>
146835at5125_911162_0:000cd0|CM010336.1:1949048-1949456|+  -            137 146835               -            577   2.9e-58  186.5   0.0   1   1   3.2e-58   3.2e-58  186.3   0.0   453   577     1   136     1   136 0.90 <unknown description>
#
# Program:         hmmsearch
# Version:         3.4 (Aug 2023)
# Pipeline mode:   SEARCH
# Query file:      /home/arafat/busco_downloads/lineages/hypocreales_odb12.2/hmms/146835at5125.hmm
# Target file:     /home/arafat/Foxy_SIX_Evolution/results/busco/GCA_003315725.1/run_hypocreales_odb12.2/miniprot_output/translated_proteins/146835at5125.faa
# Option settings: hmmsearch --domtblout /home/arafat/Foxy_SIX_Evolution/results/busco/GCA_003315725.1/run_hypocreales_odb12.2/hmmer_output/146835at5125.out --cpu 1 /home/arafat/busco_downloads/lineages/hypocreales_odb12.2/hmms/146835at5125.hmm /home/arafat/Foxy_SIX_Evolution/results/busco/GCA_003315725.1/run_hypocreales_odb12.2/miniprot_output/translated_proteins/146835at5125.faa 
# Current dir:     /home/arafat/Foxy_SIX_Evolution
# Date:            Thu Sep 24 13:02:20 2026
# [ok]
