#                                                                                                                  --- full sequence --- -------------- this domain -------------   hmm coord   ali coord   env coord
# target name                                              accession   tlen query name           accession   qlen   E-value  score  bias   #  of  c-Evalue  i-Evalue  score  bias  from    to  from    to  from    to  acc description of target
#                                      ------------------- ---------- ----- -------------------- ---------- ----- --------- ------ ----- --- --- --------- --------- ------ ----- ----- ----- ----- ----- ----- ----- ---- ---------------------
146812at5125_2559222_0:00077f|CM010335.1:4830538-4836682|+ -            515 146812               -            492  1.9e-283  929.5   0.0   1   1  2.2e-283  2.2e-283  929.3   0.0     1   492    25   514    25   514 0.99 <unknown description>
146812at5125_1089452_0:00000a|CM010335.1:4834977-4836682|+ -            516 146812               -            492    2e-283  929.5   0.0   1   1  2.2e-283  2.2e-283  929.3   0.0     1   492    26   515    26   515 0.99 <unknown description>
146812at5125_911162_0:0012a7|CM010335.1:4828209-4836682|+  -            543 146812               -            492  6.1e-281  921.3   0.0   1   1  7.1e-281  7.1e-281  921.1   0.0     6   492    58   542    53   542 0.99 <unknown description>
146812at5125_1081107_0:000a95|CM010335.1:4823653-4836682|+ -            519 146812               -            492  7.9e-281  920.9   0.0   1   1  9.4e-281  9.4e-281  920.7   0.0     4   492    32   518    29   518 0.99 <unknown description>
146812at5125_78410_0:002cfc|CM010335.1:4833397-4836682|+   -            832 146812               -            492  8.1e-280  917.6   0.0   1   1    1e-279    1e-279  917.2   0.0     6   492   347   831   343   831 0.99 <unknown description>
146812at5125_1247861_0:000f1d|CM010335.1:4835143-4838044|+ -            841 146812               -            492  1.7e-273  896.7   0.0   1   1  3.5e-273  3.5e-273  895.7   0.0    10   492     1   496     1   496 0.97 <unknown description>
146812at5125_655827_0:001c5c|CM010335.1:4835321-4836682|+  -            414 146812               -            492    4e-231  757.0   0.0   1   2  7.5e-162  7.5e-162  528.5   0.0    54   328     2   275     1   277 0.99 <unknown description>
146812at5125_655827_0:001c5c|CM010335.1:4835321-4836682|+  -            414 146812               -            492    4e-231  757.0   0.0   2   2   1.4e-70   1.4e-70  227.4   0.0   354   492   276   413   275   413 0.99 <unknown description>
146812at5125_62069_0:000424|CM010335.1:4835143-4836221|+   -            344 146812               -            492  8.5e-205  670.1   0.0   1   1  9.5e-205  9.5e-205  670.0   0.0    10   353     1   343     1   344 0.99 <unknown description>
146812at5125_2604345_0:000723|CM010335.1:4835052-4835912|+ -            250 146812               -            492  8.9e-152  495.3   0.0   1   1  9.9e-152  9.9e-152  495.1   0.0     1   251     1   250     1   250 0.99 <unknown description>
146812at5125_1081102_0:0011f6|CM010335.1:4836736-4838188|- -            485 146812               -            492  1.3e-130  425.5   0.0   1   1  1.8e-130  1.8e-130  425.0   0.0     6   488     4   480     1   484 0.87 <unknown description>
146812at5125_2004951_0:000411|CM010335.1:4835324-4835852|+ -            177 146812               -            492  3.3e-113  368.0   0.1   1   1  3.7e-113  3.7e-113  367.9   0.1    54   231     1   177     1   177 0.99 <unknown description>
#
# Program:         hmmsearch
# Version:         3.4 (Aug 2023)
# Pipeline mode:   SEARCH
# Query file:      /home/arafat/busco_downloads/lineages/hypocreales_odb12.2/hmms/146812at5125.hmm
# Target file:     /home/arafat/Foxy_SIX_Evolution/results/busco/GCA_003315725.1/run_hypocreales_odb12.2/miniprot_output/translated_proteins/146812at5125.faa
# Option settings: hmmsearch --domtblout /home/arafat/Foxy_SIX_Evolution/results/busco/GCA_003315725.1/run_hypocreales_odb12.2/hmmer_output/146812at5125.out --cpu 1 /home/arafat/busco_downloads/lineages/hypocreales_odb12.2/hmms/146812at5125.hmm /home/arafat/Foxy_SIX_Evolution/results/busco/GCA_003315725.1/run_hypocreales_odb12.2/miniprot_output/translated_proteins/146812at5125.faa 
# Current dir:     /home/arafat/Foxy_SIX_Evolution
# Date:            Thu Sep 24 13:02:20 2026
# [ok]
