#                                                                                                                  --- full sequence --- -------------- this domain -------------   hmm coord   ali coord   env coord
# target name                                              accession   tlen query name           accession   qlen   E-value  score  bias   #  of  c-Evalue  i-Evalue  score  bias  from    to  from    to  from    to  acc description of target
#                                      ------------------- ---------- ----- -------------------- ---------- ----- --------- ------ ----- --- --- --------- --------- ------ ----- ----- ----- ----- ----- ----- ----- ---- ---------------------
147105at5125_1089452_0:003225|CM010342.1:1416259-1418024|- -            574 147105               -            555  4.6e-229  751.1   0.0   1   1  4.7e-229  5.2e-229  750.9   0.0     1   553     1   572     1   573 0.93 <unknown description>
147105at5125_92637_0:001887|CM010342.1:1410878-1418024|-   -            574 147105               -            555  7.1e-224  733.9   0.0   1   1  7.8e-224  8.6e-224  733.7   0.0     1   543     1   554     1   561 0.93 <unknown description>
147105at5125_485398_0:000ab8|CM010342.1:1416725-1418024|-  -            395 147105               -            555  2.1e-177  580.5   0.0   1   1  2.3e-177  2.6e-177  580.2   0.0     1   374     1   383     1   388 0.96 <unknown description>
147105at5125_93591_0:001f5a|CM010342.1:1416265-1417621|-   -            453 147105               -            555  3.3e-169  553.5   0.1   1   1  3.7e-169  4.1e-169  553.2   0.1   123   553     5   453     2   453 0.91 <unknown description>
147105at5125_150374_0:001aa8|CM010342.1:1416493-1417549|-  -            353 147105               -            555  7.9e-148  482.9   0.2   1   1  7.9e-148  8.8e-148  482.7   0.2   143   486     1   353     1   353 0.95 <unknown description>
147105at5125_42747_0:00201c|CM010342.1:1417055-1418024|-   -            290 147105               -            555  8.6e-136  443.2   0.0   1   1  9.4e-136    1e-135  442.9   0.0     1   270     1   272     1   278 0.99 <unknown description>
147105at5125_1399860_1:001bd1|CM010342.1:1416262-1417345|- -            362 147105               -            555  1.1e-116  380.2   0.7   1   1  1.1e-116  1.2e-116  380.0   0.7   211   553     1   361     1   362 0.89 <unknown description>
147105at5125_5530_0:0024e2|CM010342.1:1416445-1417252|-    -            270 147105               -            555   1.6e-94  307.0   0.3   1   1   1.6e-94   1.7e-94  306.8   0.3   241   501     1   269     1   270 0.94 <unknown description>
147105at5125_101028_0:00150f|CM010342.1:1417545-1418024|-  -            122 147105               -            555   2.5e-54  174.2   0.0   1   1   2.6e-54   2.9e-54  174.1   0.0     1   102     1   103     1   118 0.92 <unknown description>
#
# Program:         hmmsearch
# Version:         3.4 (Aug 2023)
# Pipeline mode:   SEARCH
# Query file:      /home/arafat/busco_downloads/lineages/hypocreales_odb12.2/hmms/147105at5125.hmm
# Target file:     /home/arafat/Foxy_SIX_Evolution/results/busco/GCA_003315725.1/run_hypocreales_odb12.2/miniprot_output/translated_proteins/147105at5125.faa
# Option settings: hmmsearch --domtblout /home/arafat/Foxy_SIX_Evolution/results/busco/GCA_003315725.1/run_hypocreales_odb12.2/hmmer_output/147105at5125.out --cpu 1 /home/arafat/busco_downloads/lineages/hypocreales_odb12.2/hmms/147105at5125.hmm /home/arafat/Foxy_SIX_Evolution/results/busco/GCA_003315725.1/run_hypocreales_odb12.2/miniprot_output/translated_proteins/147105at5125.faa 
# Current dir:     /home/arafat/Foxy_SIX_Evolution
# Date:            Thu Sep 24 13:02:26 2026
# [ok]
