#                                                                                                                  --- full sequence --- -------------- this domain -------------   hmm coord   ali coord   env coord
# target name                                              accession   tlen query name           accession   qlen   E-value  score  bias   #  of  c-Evalue  i-Evalue  score  bias  from    to  from    to  from    to  acc description of target
#                                      ------------------- ---------- ----- -------------------- ---------- ----- --------- ------ ----- --- --- --------- --------- ------ ----- ----- ----- ----- ----- ----- ----- ---- ---------------------
147388at5125_426428_0:00190c|CM010337.1:4414015-4415224|-  -            404 147388               -            316  9.8e-142  460.2  20.0   1   2   7.5e-44   7.5e-44  138.7  14.5     1   128     1   167     1   185 0.73 <unknown description>
147388at5125_426428_0:00190c|CM010337.1:4414015-4415224|-  -            404 147388               -            316  9.8e-142  460.2  20.0   2   2   1.5e-99   1.5e-99  321.6   0.5   121   315   187   401   171   402 0.87 <unknown description>
147388at5125_468837_0:001ca4|CM010337.1:4414027-4414789|-  -            255 147388               -            316   1.4e-99  321.8   0.4   1   2     0.036     0.036    1.7   1.8   112   128     6    22     1    42 0.72 <unknown description>
147388at5125_468837_0:001ca4|CM010337.1:4414027-4414789|-  -            255 147388               -            316   1.4e-99  321.8   0.4   2   2   1.4e-99   1.4e-99  321.8   0.4   121   314    42   255    29   255 0.87 <unknown description>
147388at5125_1053134_0:0029cb|CM010337.1:4414015-4414570|- -            186 147388               -            316   4.5e-88  284.0   0.0   1   1   5.3e-88   5.3e-88  283.7   0.0   153   315     1   183     1   184 0.88 <unknown description>
147388at5125_1147111_0:001d0d|CM010337.1:4414414-4415224|- -            271 147388               -            316   3.7e-73  235.0  20.3   1   2   4.1e-44   4.1e-44  139.5  15.1     1   128     1   167     1   185 0.73 <unknown description>
147388at5125_1147111_0:001d0d|CM010337.1:4414414-4415224|- -            271 147388               -            316   3.7e-73  235.0  20.3   2   2   2.3e-30   2.3e-30   94.3   0.5   121   195   187   263   172   267 0.85 <unknown description>
147388at5125_45235_0:0017c5|CM010337.1:4414015-4414354|-   -            114 147388               -            316   7.8e-66  210.9   2.7   1   1   8.7e-66   8.7e-66  210.7   2.7   210   315     1   111     1   112 0.95 <unknown description>
#
# Program:         hmmsearch
# Version:         3.4 (Aug 2023)
# Pipeline mode:   SEARCH
# Query file:      /home/arafat/busco_downloads/lineages/hypocreales_odb12.2/hmms/147388at5125.hmm
# Target file:     /home/arafat/Foxy_SIX_Evolution/results/busco/GCA_003315725.1/run_hypocreales_odb12.2/miniprot_output/translated_proteins/147388at5125.faa
# Option settings: hmmsearch --domtblout /home/arafat/Foxy_SIX_Evolution/results/busco/GCA_003315725.1/run_hypocreales_odb12.2/hmmer_output/147388at5125.out --cpu 1 /home/arafat/busco_downloads/lineages/hypocreales_odb12.2/hmms/147388at5125.hmm /home/arafat/Foxy_SIX_Evolution/results/busco/GCA_003315725.1/run_hypocreales_odb12.2/miniprot_output/translated_proteins/147388at5125.faa 
# Current dir:     /home/arafat/Foxy_SIX_Evolution
# Date:            Thu Sep 24 13:02:30 2026
# [ok]
