#                                                                                                                  --- full sequence --- -------------- this domain -------------   hmm coord   ali coord   env coord
# target name                                              accession   tlen query name           accession   qlen   E-value  score  bias   #  of  c-Evalue  i-Evalue  score  bias  from    to  from    to  from    to  acc description of target
#                                      ------------------- ---------- ----- -------------------- ---------- ----- --------- ------ ----- --- --- --------- --------- ------ ----- ----- ----- ----- ----- ----- ----- ---- ---------------------
147430at5125_122381_0:000a86|CM010335.1:4254969-4257206|+  -            338 147430               -            204  1.3e-100  324.1   0.0   1   1  1.4e-100  1.7e-100  323.7   0.0     2   203   114   322   113   323 0.97 <unknown description>
147430at5125_660025_0:002f0c|CM010335.1:4256299-4257206|+  -            247 147430               -            204   2.3e-99  320.0   0.0   1   1   2.3e-99   2.9e-99  319.7   0.0     2   203    18   231    17   232 0.96 <unknown description>
147430at5125_1331945_0:000cb8|CM010335.1:4252086-4257158|+ -            263 147430               -            204   1.9e-97  313.7   0.1   1   2     2e-63   2.5e-63  202.3   0.1     3   144    16   161    14   173 0.92 <unknown description>
147430at5125_1331945_0:000cb8|CM010335.1:4252086-4257158|+ -            263 147430               -            204   1.9e-97  313.7   0.1   2   2   4.4e-35   5.4e-35  109.8   0.0   131   202   189   262   172   263 0.96 <unknown description>
147430at5125_57161_0:00386d|CM010335.1:4256299-4259058|+   -            599 147430               -            204   5.7e-97  312.2   0.0   1   2   1.2e-05   1.5e-05   13.7   0.0     2    28    18    44    17    61 0.88 <unknown description>
147430at5125_57161_0:00386d|CM010335.1:4256299-4259058|+   -            599 147430               -            204   5.7e-97  312.2   0.0   2   2   3.9e-92   4.7e-92  296.1   0.0    26   203    65   246    56   247 0.97 <unknown description>
147430at5125_2604345_0:001b90|CM010335.1:4256080-4257119|+ -            240 147430               -            204   1.6e-90  291.1   0.0   1   1   1.8e-90   2.1e-90  290.7   0.0    15   188    58   236    48   239 0.97 <unknown description>
147430at5125_100902_0:004a38|CM010335.1:4256540-4257206|+  -            182 147430               -            204     1e-85  275.4   0.0   1   1   9.7e-86   1.2e-85  275.2   0.0    42   203     1   166     1   167 0.97 <unknown description>
147430at5125_1043627_0:002372|CM010335.1:4256672-4257170|+ -            126 147430               -            204   1.1e-63  203.6   0.0   1   1   9.8e-64   1.2e-63  203.4   0.0    86   203     1   122     1   123 0.97 <unknown description>
147430at5125_431241_0:00171f|CM010335.1:4256311-4256816|+  -            169 147430               -            204   9.3e-61  193.9   0.4   1   2   2.1e-06   2.6e-06   16.2   0.0     2    28    14    40    13    60 0.87 <unknown description>
147430at5125_431241_0:00171f|CM010335.1:4256311-4256816|+  -            169 147430               -            204   9.3e-61  193.9   0.4   2   2   1.7e-55   2.1e-55  176.5   0.1    26   131    61   167    54   168 0.96 <unknown description>
147430at5125_62069_0:001224|CM010335.1:4256453-4256816|+   -            122 147430               -            204   6.1e-56  178.2   0.1   1   1   5.9e-56   7.2e-56  178.0   0.1    26   131    14   120     8   121 0.96 <unknown description>
#
# Program:         hmmsearch
# Version:         3.4 (Aug 2023)
# Pipeline mode:   SEARCH
# Query file:      /home/arafat/busco_downloads/lineages/hypocreales_odb12.2/hmms/147430at5125.hmm
# Target file:     /home/arafat/Foxy_SIX_Evolution/results/busco/GCA_003315725.1/run_hypocreales_odb12.2/miniprot_output/translated_proteins/147430at5125.faa
# Option settings: hmmsearch --domtblout /home/arafat/Foxy_SIX_Evolution/results/busco/GCA_003315725.1/run_hypocreales_odb12.2/hmmer_output/147430at5125.out --cpu 1 /home/arafat/busco_downloads/lineages/hypocreales_odb12.2/hmms/147430at5125.hmm /home/arafat/Foxy_SIX_Evolution/results/busco/GCA_003315725.1/run_hypocreales_odb12.2/miniprot_output/translated_proteins/147430at5125.faa 
# Current dir:     /home/arafat/Foxy_SIX_Evolution
# Date:            Thu Sep 24 13:02:33 2026
# [ok]
