#                                                                                                                  --- full sequence --- -------------- this domain -------------   hmm coord   ali coord   env coord
# target name                                              accession   tlen query name           accession   qlen   E-value  score  bias   #  of  c-Evalue  i-Evalue  score  bias  from    to  from    to  from    to  acc description of target
#                                      ------------------- ---------- ----- -------------------- ---------- ----- --------- ------ ----- --- --- --------- --------- ------ ----- ----- ----- ----- ----- ----- ----- ---- ---------------------
148880at5125_131363_0:000074|CM010335.1:5355440-5359069|+  -           1175 148880               -            766         0 1457.1   0.2   1   2         0         0 1337.0   0.0     1   665   145   857   145   867 0.94 <unknown description>
148880at5125_131363_0:000074|CM010335.1:5355440-5359069|+  -           1175 148880               -            766         0 1457.1   0.2   2   2   2.2e-35   2.2e-35  110.2   0.3   673   764  1003  1113   984  1115 0.76 <unknown description>
148880at5125_1089452_0:0007ed|CM010335.1:5353865-5359069|+ -           1700 148880               -            766         0 1450.7   5.6   1   3       0.2       0.2   -2.0   1.7   658   705   481   527   470   540 0.63 <unknown description>
148880at5125_1089452_0:0007ed|CM010335.1:5353865-5359069|+ -           1700 148880               -            766         0 1450.7   5.6   2   3         0         0 1335.6   0.0     1   665   670  1382   670  1392 0.94 <unknown description>
148880at5125_1089452_0:0007ed|CM010335.1:5353865-5359069|+ -           1700 148880               -            766         0 1450.7   5.6   3   3   3.2e-35   3.2e-35  109.7   0.2   673   764  1528  1638  1508  1640 0.76 <unknown description>
148880at5125_282268_0:001fc7|CM010335.1:5353865-5362012|+  -           2424 148880               -            766         0 1431.4   8.1   1   3      0.29      0.29   -2.6   1.7   658   705   481   527   470   540 0.63 <unknown description>
148880at5125_282268_0:001fc7|CM010335.1:5353865-5362012|+  -           2424 148880               -            766         0 1431.4   8.1   2   3         0         0 1316.0   0.0     1   665   670  1399   670  1409 0.92 <unknown description>
148880at5125_282268_0:001fc7|CM010335.1:5353865-5362012|+  -           2424 148880               -            766         0 1431.4   8.1   3   3   4.8e-35   4.8e-35  109.1   0.2   673   764  1545  1655  1526  1657 0.76 <unknown description>
148880at5125_92637_0:00040b|CM010335.1:5356245-5359051|+   -            919 148880               -            766         0 1353.9   0.1   1   2         0         0 1238.9   0.0    75   665     1   607     1   617 0.97 <unknown description>
148880at5125_92637_0:00040b|CM010335.1:5356245-5359051|+   -            919 148880               -            766         0 1353.9   0.1   2   2   1.6e-35   1.6e-35  110.7   0.3   673   764   753   863   734   865 0.76 <unknown description>
148880at5125_1859967_0:0007d1|CM010335.1:5349525-5362012|+ -           2602 148880               -            766         0 1347.9  12.1   1   4      0.31      0.31   -2.7   1.7   658   705   708   754   697   767 0.63 <unknown description>
148880at5125_1859967_0:0007d1|CM010335.1:5349525-5362012|+ -           2602 148880               -            766         0 1347.9  12.1   2   4     1e-94     1e-94  306.4   0.2     1   197   897  1128   897  1128 0.86 <unknown description>
148880at5125_1859967_0:0007d1|CM010335.1:5349525-5362012|+ -           2602 148880               -            766         0 1347.9  12.1   3   4  2.1e-285  2.1e-285  937.0   0.0   221   665  1125  1582  1125  1592 0.97 <unknown description>
148880at5125_1859967_0:0007d1|CM010335.1:5349525-5362012|+ -           2602 148880               -            766         0 1347.9  12.1   4   4   5.1e-35   5.1e-35  109.0   0.2   673   764  1728  1838  1708  1840 0.76 <unknown description>
148880at5125_1163406_0:0022b6|CM010335.1:5353865-5357181|+ -           1023 148880               -            766  2.8e-228  748.1   5.9   1   2       0.1       0.1   -1.1   1.7   658   706   416   463   404   475 0.63 <unknown description>
148880at5125_1163406_0:0022b6|CM010335.1:5353865-5357181|+ -           1023 148880               -            766  2.8e-228  748.1   5.9   2   2  2.3e-227  2.3e-227  745.0   0.1     1   384   605  1023   605  1023 0.92 <unknown description>
#
# Program:         hmmsearch
# Version:         3.4 (Aug 2023)
# Pipeline mode:   SEARCH
# Query file:      /home/arafat/busco_downloads/lineages/hypocreales_odb12.2/hmms/148880at5125.hmm
# Target file:     /home/arafat/Foxy_SIX_Evolution/results/busco/GCA_003315725.1/run_hypocreales_odb12.2/miniprot_output/translated_proteins/148880at5125.faa
# Option settings: hmmsearch --domtblout /home/arafat/Foxy_SIX_Evolution/results/busco/GCA_003315725.1/run_hypocreales_odb12.2/hmmer_output/148880at5125.out --cpu 1 /home/arafat/busco_downloads/lineages/hypocreales_odb12.2/hmms/148880at5125.hmm /home/arafat/Foxy_SIX_Evolution/results/busco/GCA_003315725.1/run_hypocreales_odb12.2/miniprot_output/translated_proteins/148880at5125.faa 
# Current dir:     /home/arafat/Foxy_SIX_Evolution
# Date:            Thu Sep 24 13:02:25 2026
# [ok]
