#                                                                                                                  --- full sequence --- -------------- this domain -------------   hmm coord   ali coord   env coord
# target name                                              accession   tlen query name           accession   qlen   E-value  score  bias   #  of  c-Evalue  i-Evalue  score  bias  from    to  from    to  from    to  acc description of target
#                                      ------------------- ---------- ----- -------------------- ---------- ----- --------- ------ ----- --- --- --------- --------- ------ ----- ----- ----- ----- ----- ----- ----- ---- ---------------------
148888at5125_1089452_0:0017d3|CM010339.1:2797738-2799439|+ -            568 148888               -            441    3e-231  756.3   5.1   1   2   1.9e-24   1.9e-24   74.8   2.4     9    68    54   115    46   138 0.87 <unknown description>
148888at5125_1089452_0:0017d3|CM010339.1:2797738-2799439|+ -            568 148888               -            441    3e-231  756.3   5.1   2   2  7.8e-209  7.8e-209  682.4   0.1    68   440   160   565   116   566 0.89 <unknown description>
148888at5125_1081103_0:001e73|CM010339.1:2798182-2799439|+ -            420 148888               -            441    3e-209  683.8   0.1   1   1  3.7e-209  3.7e-209  683.5   0.1    68   440    12   417     5   418 0.90 <unknown description>
148888at5125_1229664_0:0032e4|CM010339.1:2798767-2799439|+ -            225 148888               -            441  1.1e-137  447.9   0.2   1   1  1.3e-137  1.3e-137  447.7   0.2   229   440     1   222     1   223 0.95 <unknown description>
148888at5125_1229664_0:0032cc|CM010339.1:2797738-2798703|+ -            285 148888               -            441   1.9e-40  127.5  10.4   1   2   6.8e-25   6.8e-25   76.2   2.6     9    69    54   116    46   145 0.87 <unknown description>
148888at5125_1229664_0:0032cc|CM010339.1:2797738-2798703|+ -            285 148888               -            441   1.9e-40  127.5  10.4   2   2   9.2e-19   9.2e-19   56.0   1.0    68   151   160   265   148   272 0.76 <unknown description>
148888at5125_93591_0:001237|CM010339.1:2797741-2798320|+   -            194 148888               -            441     3e-25   77.4   5.7   1   2   3.8e-25   3.8e-25   77.1   2.8     9    69    53   115    45   137 0.86 <unknown description>
148888at5125_93591_0:001237|CM010339.1:2797741-2798320|+   -            194 148888               -            441     3e-25   77.4   5.7   2   2     0.035     0.035    1.4   0.2    68    90   159   181   114   191 0.75 <unknown description>
#
# Program:         hmmsearch
# Version:         3.4 (Aug 2023)
# Pipeline mode:   SEARCH
# Query file:      /home/arafat/busco_downloads/lineages/hypocreales_odb12.2/hmms/148888at5125.hmm
# Target file:     /home/arafat/Foxy_SIX_Evolution/results/busco/GCA_003315725.1/run_hypocreales_odb12.2/miniprot_output/translated_proteins/148888at5125.faa
# Option settings: hmmsearch --domtblout /home/arafat/Foxy_SIX_Evolution/results/busco/GCA_003315725.1/run_hypocreales_odb12.2/hmmer_output/148888at5125.out --cpu 1 /home/arafat/busco_downloads/lineages/hypocreales_odb12.2/hmms/148888at5125.hmm /home/arafat/Foxy_SIX_Evolution/results/busco/GCA_003315725.1/run_hypocreales_odb12.2/miniprot_output/translated_proteins/148888at5125.faa 
# Current dir:     /home/arafat/Foxy_SIX_Evolution
# Date:            Thu Sep 24 13:02:25 2026
# [ok]
