#                                                                                                                  --- full sequence --- -------------- this domain -------------   hmm coord   ali coord   env coord
# target name                                              accession   tlen query name           accession   qlen   E-value  score  bias   #  of  c-Evalue  i-Evalue  score  bias  from    to  from    to  from    to  acc description of target
#                                      ------------------- ---------- ----- -------------------- ---------- ----- --------- ------ ----- --- --- --------- --------- ------ ----- ----- ----- ----- ----- ----- ----- ---- ---------------------
148818at5125_1089452_0:0004cf|CM010335.1:5055477-5059333|- -           1225 148818               -           1040         0 1844.2  21.5   1   3   4.7e-15   4.7e-15   42.8   3.0     2    59     6    64     5    70 0.81 <unknown description>
148818at5125_1089452_0:0004cf|CM010335.1:5055477-5059333|- -           1225 148818               -           1040         0 1844.2  21.5   2   3         0         0 1765.4   3.0    34  1004    76  1118    67  1134 0.90 <unknown description>
148818at5125_1089452_0:0004cf|CM010335.1:5055477-5059333|- -           1225 148818               -           1040         0 1844.2  21.5   3   3   3.8e-16   3.8e-16   46.4   1.0   990  1039  1138  1188  1125  1189 0.88 <unknown description>
148818at5125_92637_0:002426|CM010335.1:5056366-5059321|-   -            986 148818               -           1040         0 1650.9  12.0   1   2   3.3e-15   3.3e-15   43.4   2.9     2    59     2    60     1    68 0.81 <unknown description>
148818at5125_92637_0:002426|CM010335.1:5056366-5059321|-   -            986 148818               -           1040         0 1650.9  12.0   2   2         0         0 1612.8   1.8    34   898    72   986    63   986 0.92 <unknown description>
148818at5125_92637_0:00257e|CM010335.1:5056525-5058097|-   -            525 148818               -           1040         0 1150.7   0.0   1   1         0         0 1150.5   0.0   330   851     1   525     1   525 0.99 <unknown description>
148818at5125_72228_0:0010f4|CM010335.1:5055477-5057323|-   -            555 148818               -           1040  1.3e-241  792.9   5.6   1   2  7.8e-228  7.8e-228  747.3   0.3   588  1004     1   448     1   467 0.90 <unknown description>
148818at5125_72228_0:0010f4|CM010335.1:5055477-5057323|-   -            555 148818               -           1040  1.3e-241  792.9   5.6   2   2   1.5e-16   1.5e-16   47.8   1.0   990  1039   468   518   454   519 0.88 <unknown description>
148818at5125_92637_0:002582|CM010335.1:5058652-5059321|-   -            224 148818               -           1040   5.5e-58  185.0  15.6   1   2   6.2e-16   6.2e-16   45.7   3.7     2    60     2    61     1    72 0.82 <unknown description>
148818at5125_92637_0:002582|CM010335.1:5058652-5059321|-   -            224 148818               -           1040   5.5e-58  185.0  15.6   2   2   8.3e-46   8.3e-46  144.6   4.8    34   171    72   224    64   224 0.83 <unknown description>
#
# Program:         hmmsearch
# Version:         3.4 (Aug 2023)
# Pipeline mode:   SEARCH
# Query file:      /home/arafat/busco_downloads/lineages/hypocreales_odb12.2/hmms/148818at5125.hmm
# Target file:     /home/arafat/Foxy_SIX_Evolution/results/busco/GCA_003315725.1/run_hypocreales_odb12.2/miniprot_output/translated_proteins/148818at5125.faa
# Option settings: hmmsearch --domtblout /home/arafat/Foxy_SIX_Evolution/results/busco/GCA_003315725.1/run_hypocreales_odb12.2/hmmer_output/148818at5125.out --cpu 1 /home/arafat/busco_downloads/lineages/hypocreales_odb12.2/hmms/148818at5125.hmm /home/arafat/Foxy_SIX_Evolution/results/busco/GCA_003315725.1/run_hypocreales_odb12.2/miniprot_output/translated_proteins/148818at5125.faa 
# Current dir:     /home/arafat/Foxy_SIX_Evolution
# Date:            Thu Sep 24 13:02:23 2026
# [ok]
