#                                                                                                                  --- full sequence --- -------------- this domain -------------   hmm coord   ali coord   env coord
# target name                                              accession   tlen query name           accession   qlen   E-value  score  bias   #  of  c-Evalue  i-Evalue  score  bias  from    to  from    to  from    to  acc description of target
#                                      ------------------- ---------- ----- -------------------- ---------- ----- --------- ------ ----- --- --- --------- --------- ------ ----- ----- ----- ----- ----- ----- ----- ---- ---------------------
149086at5125_221167_0:000f15|CM010340.1:2311231-2315690|-  -           1410 149086               -           1231         0 2584.7   0.0   1   1         0         0 2584.5   0.0     1  1224   175  1408   175  1409 0.98 <unknown description>
149086at5125_2494466_0:001889|CM010340.1:2307818-2315038|- -           1813 149086               -           1231         0 2579.1   0.0   1   1         0         0 2578.7   0.0     1  1224     1  1234     1  1238 0.98 <unknown description>
149086at5125_1349383_0:0013cb|CM010340.1:2311234-2319458|- -           1143 149086               -           1231         0 2455.3   0.0   1   1         0         0 2455.0   0.0   107  1224    20  1142    12  1143 0.98 <unknown description>
149086at5125_73501_0:001513|CM010340.1:2311231-2314594|-   -           1088 149086               -           1231         0 2429.2   0.1   1   1         0         0 2429.1   0.1   140  1224     1  1086     1  1087 0.99 <unknown description>
149086at5125_96774_0:000b54|CM010340.1:2312275-2315038|-   -            922 149086               -           1231         0 1816.9   2.3   1   1         0         0 1816.7   2.3     1   911     1   921     1   922 0.97 <unknown description>
149086at5125_101201_0:001d90|CM010340.1:2311373-2313733|-  -            772 149086               -           1231         0 1808.2   2.6   1   1         0         0 1808.0   2.6   427  1195     1   770     1   772 1.00 <unknown description>
149086at5125_426428_0:002ee8|CM010340.1:2313184-2315038|-  -            619 149086               -           1231         0 1119.6  12.6   1   1         0         0 1119.4  12.6     1   610     1   619     1   619 0.96 <unknown description>
#
# Program:         hmmsearch
# Version:         3.4 (Aug 2023)
# Pipeline mode:   SEARCH
# Query file:      /home/arafat/busco_downloads/lineages/hypocreales_odb12.2/hmms/149086at5125.hmm
# Target file:     /home/arafat/Foxy_SIX_Evolution/results/busco/GCA_003315725.1/run_hypocreales_odb12.2/miniprot_output/translated_proteins/149086at5125.faa
# Option settings: hmmsearch --domtblout /home/arafat/Foxy_SIX_Evolution/results/busco/GCA_003315725.1/run_hypocreales_odb12.2/hmmer_output/149086at5125.out --cpu 1 /home/arafat/busco_downloads/lineages/hypocreales_odb12.2/hmms/149086at5125.hmm /home/arafat/Foxy_SIX_Evolution/results/busco/GCA_003315725.1/run_hypocreales_odb12.2/miniprot_output/translated_proteins/149086at5125.faa 
# Current dir:     /home/arafat/Foxy_SIX_Evolution
# Date:            Thu Sep 24 13:02:36 2026
# [ok]
