#                                                                                                                 --- full sequence --- -------------- this domain -------------   hmm coord   ali coord   env coord
# target name                                             accession   tlen query name           accession   qlen   E-value  score  bias   #  of  c-Evalue  i-Evalue  score  bias  from    to  from    to  from    to  acc description of target
#                                     ------------------- ---------- ----- -------------------- ---------- ----- --------- ------ ----- --- --- --------- --------- ------ ----- ----- ----- ----- ----- ----- ----- ---- ---------------------
149142at5125_100902_0:001283|CM010341.1:2223167-2224577|+ -            471 149142               -            419  3.1e-215  704.1   8.8   1   1  3.9e-215  3.9e-215  703.7   8.8     2   419    10   470     9   470 0.85 <unknown description>
149142at5125_5507_3:002f5a|CM010341.1:2222787-2224577|+   -            487 149142               -            419  1.6e-214  701.7   7.6   1   1  2.2e-214  2.2e-214  701.2   7.6     4   419    28   486    26   486 0.85 <unknown description>
149142at5125_231269_0:00141f|CM010341.1:2217572-2224577|+ -            500 149142               -            419  1.8e-214  701.5   8.4   1   1  2.3e-214  2.3e-214  701.2   8.4     3   419    40   499    38   499 0.85 <unknown description>
149142at5125_426428_0:00362b|CM010341.1:2222315-2224577|+ -            545 149142               -            419  2.9e-214  700.8   8.0   1   1  3.7e-214  3.7e-214  700.5   8.0     3   419    85   544    83   544 0.85 <unknown description>
149142at5125_131363_0:0008b1|CM010341.1:2223602-2224577|+ -            326 149142               -            419  6.9e-161  525.0   6.2   1   1  8.4e-161  8.4e-161  524.7   6.2   119   419     1   325     1   325 0.87 <unknown description>
149142at5125_595255_0:000361|CM010341.1:2223989-2224546|+ -            186 149142               -            419   7.7e-76  244.9   2.4   1   1   9.4e-76   9.4e-76  244.6   2.4   233   371     1   148     1   153 0.88 <unknown description>
149142at5125_93591_0:0026cb|CM010341.1:2224220-2224577|+  -            120 149142               -            419     6e-57  182.6   0.0   1   1   6.8e-57   6.8e-57  182.4   0.0   309   419     1   119     1   119 0.88 <unknown description>
149142at5125_911162_0:0001fc|CM010341.1:2224361-2224577|+ -             73 149142               -            419     1e-37  119.3   0.2   1   1   1.2e-37   1.2e-37  119.1   0.2   354   419     7    72     3    72 0.95 <unknown description>
149142at5125_595255_0:002cc8|CM010341.1:2223167-2223497|+ -            111 149142               -            419   5.5e-27   83.9   0.5   1   1     7e-27     7e-27   83.6   0.5     2    84    10   111     9   111 0.72 <unknown description>
#
# Program:         hmmsearch
# Version:         3.4 (Aug 2023)
# Pipeline mode:   SEARCH
# Query file:      /home/arafat/busco_downloads/lineages/hypocreales_odb12.2/hmms/149142at5125.hmm
# Target file:     /home/arafat/Foxy_SIX_Evolution/results/busco/GCA_003315725.1/run_hypocreales_odb12.2/miniprot_output/translated_proteins/149142at5125.faa
# Option settings: hmmsearch --domtblout /home/arafat/Foxy_SIX_Evolution/results/busco/GCA_003315725.1/run_hypocreales_odb12.2/hmmer_output/149142at5125.out --cpu 1 /home/arafat/busco_downloads/lineages/hypocreales_odb12.2/hmms/149142at5125.hmm /home/arafat/Foxy_SIX_Evolution/results/busco/GCA_003315725.1/run_hypocreales_odb12.2/miniprot_output/translated_proteins/149142at5125.faa 
# Current dir:     /home/arafat/Foxy_SIX_Evolution
# Date:            Thu Sep 24 13:02:37 2026
# [ok]
