#                                                                                                                  --- full sequence --- -------------- this domain -------------   hmm coord   ali coord   env coord
# target name                                              accession   tlen query name           accession   qlen   E-value  score  bias   #  of  c-Evalue  i-Evalue  score  bias  from    to  from    to  from    to  acc description of target
#                                      ------------------- ---------- ----- -------------------- ---------- ----- --------- ------ ----- --- --- --------- --------- ------ ----- ----- ----- ----- ----- ----- ----- ---- ---------------------
149841at5125_2596975_0:002405|CM010338.1:1444238-1454719|- -            728 149841               -            475  5.6e-164  534.8   3.2   1   3     5e-99   6.2e-99  320.3   0.0     1   233     3   246     3   271 0.89 <unknown description>
149841at5125_2596975_0:002405|CM010338.1:1444238-1454719|- -            728 149841               -            475  5.6e-164  534.8   3.2   2   3   2.9e-32   3.6e-32  100.1   0.0   237   366   329   467   306   473 0.83 <unknown description>
149841at5125_2596975_0:002405|CM010338.1:1444238-1454719|- -            728 149841               -            475  5.6e-164  534.8   3.2   3   3   1.1e-34   1.4e-34  108.1   2.7   356   475   511   638   480   638 0.77 <unknown description>
149841at5125_5507_5:0010be|CM010338.1:1452200-1454713|-    -            787 149841               -            475  7.8e-164  534.3   5.1   1   3   1.4e-99   1.8e-99  322.1   0.0     1   241     1   252     1   265 0.91 <unknown description>
149841at5125_5507_5:0010be|CM010338.1:1452200-1454713|-    -            787 149841               -            475  7.8e-164  534.3   5.1   2   3   3.2e-32   4.1e-32  100.0   0.0   237   366   360   498   337   504 0.83 <unknown description>
149841at5125_5507_5:0010be|CM010338.1:1452200-1454713|-    -            787 149841               -            475  7.8e-164  534.3   5.1   3   3   1.1e-34   1.4e-34  108.1   2.5   356   475   542   669   511   669 0.77 <unknown description>
149841at5125_1291518_0:002938|CM010338.1:1452348-1458307|- -            788 149841               -            475  7.9e-164  534.3   3.0   1   3   5.8e-99   7.3e-99  320.0   0.0     1   233    72   315    72   340 0.89 <unknown description>
149841at5125_1291518_0:002938|CM010338.1:1452348-1458307|- -            788 149841               -            475  7.9e-164  534.3   3.0   2   3   3.3e-32   4.1e-32  100.0   0.0   237   366   398   536   375   542 0.83 <unknown description>
149841at5125_1291518_0:002938|CM010338.1:1452348-1458307|- -            788 149841               -            475  7.9e-164  534.3   3.0   3   3   1.1e-34   1.4e-34  108.1   2.5   356   475   580   707   549   707 0.77 <unknown description>
149841at5125_1247861_0:0021c8|CM010338.1:1450034-1454361|- -           1001 149841               -            475  2.1e-117  381.2   6.4   1   2   9.8e-83   1.2e-82  266.6   0.1    97   366     1   269     1   275 0.88 <unknown description>
149841at5125_1247861_0:0021c8|CM010338.1:1450034-1454361|- -           1001 149841               -            475  2.1e-117  381.2   6.4   2   2   1.6e-34     2e-34  107.6   2.5   356   475   313   440   283   440 0.77 <unknown description>
#
# Program:         hmmsearch
# Version:         3.4 (Aug 2023)
# Pipeline mode:   SEARCH
# Query file:      /home/arafat/busco_downloads/lineages/hypocreales_odb12.2/hmms/149841at5125.hmm
# Target file:     /home/arafat/Foxy_SIX_Evolution/results/busco/GCA_003315725.1/run_hypocreales_odb12.2/miniprot_output/translated_proteins/149841at5125.faa
# Option settings: hmmsearch --domtblout /home/arafat/Foxy_SIX_Evolution/results/busco/GCA_003315725.1/run_hypocreales_odb12.2/hmmer_output/149841at5125.out --cpu 1 /home/arafat/busco_downloads/lineages/hypocreales_odb12.2/hmms/149841at5125.hmm /home/arafat/Foxy_SIX_Evolution/results/busco/GCA_003315725.1/run_hypocreales_odb12.2/miniprot_output/translated_proteins/149841at5125.faa 
# Current dir:     /home/arafat/Foxy_SIX_Evolution
# Date:            Thu Sep 24 13:02:18 2026
# [ok]
