#                                                                                                                  --- full sequence --- -------------- this domain -------------   hmm coord   ali coord   env coord
# target name                                              accession   tlen query name           accession   qlen   E-value  score  bias   #  of  c-Evalue  i-Evalue  score  bias  from    to  from    to  from    to  acc description of target
#                                      ------------------- ---------- ----- -------------------- ---------- ----- --------- ------ ----- --- --- --------- --------- ------ ----- ----- ----- ----- ----- ----- ----- ---- ---------------------
149888at5125_1435070_0:000346|CM010335.1:1394058-1395000|+ -            297 149888               -            233  1.4e-137  445.3   0.0   1   1  1.9e-137  1.9e-137  444.9   0.0     3   232    51   284    49   285 0.94 <unknown description>
149888at5125_48484_0:002017|CM010335.1:1393770-1395000|+   -            393 149888               -            233  2.8e-137  444.3   0.8   1   2       1.1       1.1   -2.7   0.4     8    41    68   101    63   110 0.57 <unknown description>
149888at5125_48484_0:002017|CM010335.1:1393770-1395000|+   -            393 149888               -            233  2.8e-137  444.3   0.8   2   2  4.5e-137  4.5e-137  443.6   0.0     3   232   147   380   145   381 0.94 <unknown description>
149888at5125_48507_0:002021|CM010335.1:1392711-1395000|+   -            439 149888               -            233  4.5e-137  443.6   0.8   1   2       1.3       1.3   -2.9   0.4     8    41   114   147   109   156 0.57 <unknown description>
149888at5125_48507_0:002021|CM010335.1:1392711-1395000|+   -            439 149888               -            233  4.5e-137  443.6   0.8   2   2    6e-137    6e-137  443.2   0.0     3   232   193   426   191   427 0.94 <unknown description>
149888at5125_2559221_0:001df1|CM010335.1:1393905-1396144|+ -            577 149888               -            233  1.2e-136  442.3   0.0   1   2       2.7       2.7   -4.0   0.7     8    40    23    55    19    63 0.55 <unknown description>
149888at5125_2559221_0:001df1|CM010335.1:1393905-1396144|+ -            577 149888               -            233  1.2e-136  442.3   0.0   2   2  1.2e-136  1.2e-136  442.3   0.0     3   232   102   335   100   336 0.94 <unknown description>
149888at5125_413071_0:0003f8|CM010335.1:1394322-1394988|+  -            205 149888               -            233  4.6e-132  427.2   0.1   1   1  5.5e-132  5.5e-132  427.0   0.1    38   232     1   196     1   197 0.98 <unknown description>
149888at5125_2874508_0:0020ce|CM010335.1:1394634-1395000|+ -            123 149888               -            233   6.4e-78  250.0   0.3   1   1   7.6e-78   7.6e-78  249.8   0.3   123   232     1   110     1   111 0.99 <unknown description>
#
# Program:         hmmsearch
# Version:         3.4 (Aug 2023)
# Pipeline mode:   SEARCH
# Query file:      /home/arafat/busco_downloads/lineages/hypocreales_odb12.2/hmms/149888at5125.hmm
# Target file:     /home/arafat/Foxy_SIX_Evolution/results/busco/GCA_003315725.1/run_hypocreales_odb12.2/miniprot_output/translated_proteins/149888at5125.faa
# Option settings: hmmsearch --domtblout /home/arafat/Foxy_SIX_Evolution/results/busco/GCA_003315725.1/run_hypocreales_odb12.2/hmmer_output/149888at5125.out --cpu 1 /home/arafat/busco_downloads/lineages/hypocreales_odb12.2/hmms/149888at5125.hmm /home/arafat/Foxy_SIX_Evolution/results/busco/GCA_003315725.1/run_hypocreales_odb12.2/miniprot_output/translated_proteins/149888at5125.faa 
# Current dir:     /home/arafat/Foxy_SIX_Evolution
# Date:            Thu Sep 24 13:02:20 2026
# [ok]
