#                                                                                                                  --- full sequence --- -------------- this domain -------------   hmm coord   ali coord   env coord
# target name                                              accession   tlen query name           accession   qlen   E-value  score  bias   #  of  c-Evalue  i-Evalue  score  bias  from    to  from    to  from    to  acc description of target
#                                      ------------------- ---------- ----- -------------------- ---------- ----- --------- ------ ----- --- --- --------- --------- ------ ----- ----- ----- ----- ----- ----- ----- ---- ---------------------
150051at5125_1081104_0:001560|CM010335.1:4677469-4678912|+ -            240 150051               -            202   1.7e-82  264.8   0.1   1   1   9.7e-82   1.3e-81  262.0   0.1     3   202    12   238    10   238 0.88 <unknown description>
150051at5125_96318_0:0006cb|CM010335.1:4677975-4678912|+   -            276 150051               -            202     3e-82  264.1   0.1   1   1   1.7e-81   2.2e-81  261.2   0.1     4   202    49   274    47   274 0.88 <unknown description>
150051at5125_1279085_0:0000d5|CM010335.1:4678190-4678912|+ -            223 150051               -            202   1.3e-81  262.0   0.1   1   1   7.3e-81   9.4e-81  259.2   0.1    10   202     2   221     1   221 0.88 <unknown description>
150051at5125_1331945_0:0016f0|CM010335.1:4671391-4678912|+ -            282 150051               -            202   1.7e-76  245.3   0.1   1   1   8.4e-76   1.1e-75  242.7   0.1    17   202    68   280    54   280 0.88 <unknown description>
150051at5125_660025_0:0015de|CM010335.1:4678409-4678912|+  -            150 150051               -            202   5.5e-59  188.1   0.1   1   1     4e-58   5.1e-58  185.0   0.1    77   202    12   148     1   148 0.87 <unknown description>
150051at5125_655827_0:001600|CM010335.1:4678516-4678912|+  -            133 150051               -            202   5.3e-55  175.1   0.6   1   1   4.3e-54   5.5e-54  171.8   0.6    83   202     1   131     1   131 0.89 <unknown description>
150051at5125_1195189_0:0005ca|CM010335.1:4678669-4678912|+ -             82 150051               -            202   3.1e-41  130.1   0.3   1   1   2.7e-41   3.4e-41  130.0   0.3   123   202     1    80     1    80 0.99 <unknown description>
#
# Program:         hmmsearch
# Version:         3.4 (Aug 2023)
# Pipeline mode:   SEARCH
# Query file:      /home/arafat/busco_downloads/lineages/hypocreales_odb12.2/hmms/150051at5125.hmm
# Target file:     /home/arafat/Foxy_SIX_Evolution/results/busco/GCA_003315725.1/run_hypocreales_odb12.2/miniprot_output/translated_proteins/150051at5125.faa
# Option settings: hmmsearch --domtblout /home/arafat/Foxy_SIX_Evolution/results/busco/GCA_003315725.1/run_hypocreales_odb12.2/hmmer_output/150051at5125.out --cpu 1 /home/arafat/busco_downloads/lineages/hypocreales_odb12.2/hmms/150051at5125.hmm /home/arafat/Foxy_SIX_Evolution/results/busco/GCA_003315725.1/run_hypocreales_odb12.2/miniprot_output/translated_proteins/150051at5125.faa 
# Current dir:     /home/arafat/Foxy_SIX_Evolution
# Date:            Thu Sep 24 13:02:24 2026
# [ok]
