#                                                                                                                --- full sequence --- -------------- this domain -------------   hmm coord   ali coord   env coord
# target name                                            accession   tlen query name           accession   qlen   E-value  score  bias   #  of  c-Evalue  i-Evalue  score  bias  from    to  from    to  from    to  acc description of target
#                                    ------------------- ---------- ----- -------------------- ---------- ----- --------- ------ ----- --- --- --------- --------- ------ ----- ----- ----- ----- ----- ----- ----- ---- ---------------------
150438at5125_426428_0:003a1a|CM010342.1:943303-944985|-  -            528 150438               -            439    3e-198  646.9  20.1   1   2  2.2e-195  2.2e-195  637.4  19.3     4   425     6   461     3   473 0.88 <unknown description>
150438at5125_426428_0:003a1a|CM010342.1:943303-944985|-  -            528 150438               -            439    3e-198  646.9  20.1   2   2      0.49      0.49   -3.0   0.0   398   438   485   525   478   526 0.64 <unknown description>
150438at5125_58853_0:001f46|CM010342.1:943664-944985|-   -            441 150438               -            439  1.5e-194  634.6   9.9   1   2   2.6e-08   2.6e-08   21.0   0.0     4    36     6    38     3    56 0.86 <unknown description>
150438at5125_58853_0:001f46|CM010342.1:943664-944985|-   -            441 150438               -            439  1.5e-194  634.6   9.9   2   2  4.6e-187  4.6e-187  610.0  11.7    37   385    82   439    71   441 0.96 <unknown description>
150438at5125_2004951_0:0027f4|CM010342.1:943303-944645|- -            433 150438               -            439  1.1e-184  602.2  21.0   1   2  1.5e-184  1.5e-184  601.8  20.7    64   425     1   366     1   379 0.94 <unknown description>
150438at5125_2004951_0:0027f4|CM010342.1:943303-944645|- -            433 150438               -            439  1.1e-184  602.2  21.0   2   2      0.36      0.36   -2.6   0.0   397   438   389   430   382   431 0.64 <unknown description>
150438at5125_131363_0:00222c|CM010342.1:943303-944330|-  -            328 150438               -            439    4e-125  405.9   9.4   1   2    4e-125    4e-125  405.9   9.4   169   426     1   262     1   274 0.91 <unknown description>
150438at5125_131363_0:00222c|CM010342.1:943303-944330|-  -            328 150438               -            439    4e-125  405.9   9.4   2   2      0.23      0.23   -1.9   0.0   397   438   284   325   276   326 0.64 <unknown description>
#
# Program:         hmmsearch
# Version:         3.4 (Aug 2023)
# Pipeline mode:   SEARCH
# Query file:      /home/arafat/busco_downloads/lineages/hypocreales_odb12.2/hmms/150438at5125.hmm
# Target file:     /home/arafat/Foxy_SIX_Evolution/results/busco/GCA_003315725.1/run_hypocreales_odb12.2/miniprot_output/translated_proteins/150438at5125.faa
# Option settings: hmmsearch --domtblout /home/arafat/Foxy_SIX_Evolution/results/busco/GCA_003315725.1/run_hypocreales_odb12.2/hmmer_output/150438at5125.out --cpu 1 /home/arafat/busco_downloads/lineages/hypocreales_odb12.2/hmms/150438at5125.hmm /home/arafat/Foxy_SIX_Evolution/results/busco/GCA_003315725.1/run_hypocreales_odb12.2/miniprot_output/translated_proteins/150438at5125.faa 
# Current dir:     /home/arafat/Foxy_SIX_Evolution
# Date:            Thu Sep 24 13:02:33 2026
# [ok]
