#                                                                                                                --- full sequence --- -------------- this domain -------------   hmm coord   ali coord   env coord
# target name                                            accession   tlen query name           accession   qlen   E-value  score  bias   #  of  c-Evalue  i-Evalue  score  bias  from    to  from    to  from    to  acc description of target
#                                    ------------------- ---------- ----- -------------------- ---------- ----- --------- ------ ----- --- --- --------- --------- ------ ----- ----- ----- ----- ----- ----- ----- ---- ---------------------
150457at5125_877507_0:00099f|CM010335.1:672822-679563|+  -           1083 150457               -           1065         0 1869.8  20.6   1   1         0         0 1866.4  20.6     3  1057     6  1054     4  1060 0.95 <unknown description>
150457at5125_100902_0:004b0b|CM010335.1:672831-675996|+  -           1056 150457               -           1065         0 1869.6  20.6   1   1         0         0 1866.3  20.6     3  1056     3  1050     1  1055 0.95 <unknown description>
150457at5125_72228_0:001c3d|CM010335.1:667456-675972|+   -           1069 150457               -           1065         0 1865.8  19.9   1   1         0         0 1863.0  19.9     8  1052    41  1067    23  1069 0.95 <unknown description>
150457at5125_1079257_0:004661|CM010335.1:673914-675996|+ -            695 150457               -           1065         0 1387.2   0.6   1   1         0         0 1387.1   0.6   361  1056     1   689     1   694 0.97 <unknown description>
150457at5125_468837_0:001790|CM010335.1:674370-675966|+  -            533 150457               -           1065         0 1120.2   0.0   1   1         0         0 1120.0   0.0   514  1050     1   531     1   533 0.98 <unknown description>
150457at5125_63577_0:002717|CM010335.1:672843-674724|+   -            628 150457               -           1065    2e-270  889.2  30.4   1   1  2.4e-269  2.4e-269  885.7  30.4    10   633     6   628     1   628 0.93 <unknown description>
150457at5125_2004951_0:00156b|CM010335.1:674988-675990|+ -            335 150457               -           1065  2.8e-238  782.8   0.1   1   1  3.1e-238  3.1e-238  782.7   0.1   726  1056     1   331     1   335 0.98 <unknown description>
#
# Program:         hmmsearch
# Version:         3.4 (Aug 2023)
# Pipeline mode:   SEARCH
# Query file:      /home/arafat/busco_downloads/lineages/hypocreales_odb12.2/hmms/150457at5125.hmm
# Target file:     /home/arafat/Foxy_SIX_Evolution/results/busco/GCA_003315725.1/run_hypocreales_odb12.2/miniprot_output/translated_proteins/150457at5125.faa
# Option settings: hmmsearch --domtblout /home/arafat/Foxy_SIX_Evolution/results/busco/GCA_003315725.1/run_hypocreales_odb12.2/hmmer_output/150457at5125.out --cpu 1 /home/arafat/busco_downloads/lineages/hypocreales_odb12.2/hmms/150457at5125.hmm /home/arafat/Foxy_SIX_Evolution/results/busco/GCA_003315725.1/run_hypocreales_odb12.2/miniprot_output/translated_proteins/150457at5125.faa 
# Current dir:     /home/arafat/Foxy_SIX_Evolution
# Date:            Thu Sep 24 13:02:34 2026
# [ok]
