#                                                                                                                  --- full sequence --- -------------- this domain -------------   hmm coord   ali coord   env coord
# target name                                              accession   tlen query name           accession   qlen   E-value  score  bias   #  of  c-Evalue  i-Evalue  score  bias  from    to  from    to  from    to  acc description of target
#                                      ------------------- ---------- ----- -------------------- ---------- ----- --------- ------ ----- --- --- --------- --------- ------ ----- ----- ----- ----- ----- ----- ----- ---- ---------------------
150600at5125_1089452_0:001269|CM010338.1:1740351-1744179|- -           1239 150600               -           1031         0 1630.3  44.1   1   3   1.9e-08   1.9e-08   20.8   3.4     2    35    91   133    90   142 0.81 <unknown description>
150600at5125_1089452_0:001269|CM010338.1:1740351-1744179|- -           1239 150600               -           1031         0 1630.3  44.1   2   3         0         0 1615.9  18.6    23  1023   146  1188   139  1193 0.91 <unknown description>
150600at5125_1089452_0:001269|CM010338.1:1740351-1744179|- -           1239 150600               -           1031         0 1630.3  44.1   3   3   0.00095   0.00095    5.2   9.3   983  1031  1180  1238  1172  1238 0.69 <unknown description>
150600at5125_2502994_0:0025e9|CM010338.1:1740930-1743954|- -            971 150600               -           1031         0 1447.6  19.3   1   2   1.3e-08   1.3e-08   21.3   3.4     2    36    16    59    15    70 0.82 <unknown description>
150600at5125_2502994_0:0025e9|CM010338.1:1740930-1743954|- -            971 150600               -           1031         0 1447.6  19.3   2   2         0         0 1432.2   8.3    23   883    71   971    62   971 0.93 <unknown description>
150600at5125_1089452_0:00126d|CM010338.1:1740351-1743099|- -            917 150600               -           1031         0 1378.5  31.5   1   2         0         0 1378.3  17.1   180  1023     1   866     1   871 0.92 <unknown description>
150600at5125_1089452_0:00126d|CM010338.1:1740351-1743099|- -            917 150600               -           1031         0 1378.5  31.5   2   2   0.00065   0.00065    5.8   9.3   982  1031   857   916   849   916 0.69 <unknown description>
150600at5125_2004951_0:001b5a|CM010338.1:1740351-1742391|- -            681 150600               -           1031  2.8e-279  917.4  30.8   1   2  4.2e-279  4.2e-279  916.8  16.4   426  1023     3   630     1   635 0.89 <unknown description>
150600at5125_2004951_0:001b5a|CM010338.1:1740351-1742391|- -            681 150600               -           1031  2.8e-279  917.4  30.8   2   2   0.00053   0.00053    6.1   9.4   983  1031   622   680   614   680 0.69 <unknown description>
#
# Program:         hmmsearch
# Version:         3.4 (Aug 2023)
# Pipeline mode:   SEARCH
# Query file:      /home/arafat/busco_downloads/lineages/hypocreales_odb12.2/hmms/150600at5125.hmm
# Target file:     /home/arafat/Foxy_SIX_Evolution/results/busco/GCA_003315725.1/run_hypocreales_odb12.2/miniprot_output/translated_proteins/150600at5125.faa
# Option settings: hmmsearch --domtblout /home/arafat/Foxy_SIX_Evolution/results/busco/GCA_003315725.1/run_hypocreales_odb12.2/hmmer_output/150600at5125.out --cpu 1 /home/arafat/busco_downloads/lineages/hypocreales_odb12.2/hmms/150600at5125.hmm /home/arafat/Foxy_SIX_Evolution/results/busco/GCA_003315725.1/run_hypocreales_odb12.2/miniprot_output/translated_proteins/150600at5125.faa 
# Current dir:     /home/arafat/Foxy_SIX_Evolution
# Date:            Thu Sep 24 13:02:35 2026
# [ok]
