#                                                                                                                  --- full sequence --- -------------- this domain -------------   hmm coord   ali coord   env coord
# target name                                              accession   tlen query name           accession   qlen   E-value  score  bias   #  of  c-Evalue  i-Evalue  score  bias  from    to  from    to  from    to  acc description of target
#                                      ------------------- ---------- ----- -------------------- ---------- ----- --------- ------ ----- --- --- --------- --------- ------ ----- ----- ----- ----- ----- ----- ----- ---- ---------------------
150843at5125_327505_0:000a20|CM010335.1:1723128-1724442|-  -            439 150843               -            443  9.1e-258  844.2   8.2   1   1    1e-257    1e-257  844.0   8.2     1   442     1   437     1   438 0.99 <unknown description>
150843at5125_485398_0:000021|CM010335.1:1723128-1725427|-  -            516 150843               -            443  5.9e-256  838.2   8.5   1   1  6.8e-256  6.8e-256  838.0   8.5     2   442    79   514    78   515 0.99 <unknown description>
150843at5125_1330021_0:001feb|CM010335.1:1721782-1724442|- -            421 150843               -            443  3.1e-232  760.1   7.7   1   1  3.7e-232  3.7e-232  759.8   7.7     1   412     1   407     1   411 0.99 <unknown description>
150843at5125_857340_0:0007c9|CM010335.1:1723434-1724442|-  -            337 150843               -            443  3.4e-189  618.2   9.4   1   1  3.8e-189  3.8e-189  618.0   9.4     1   341     1   336     1   337 0.99 <unknown description>
150843at5125_2502994_0:001f62|CM010335.1:1723128-1724061|- -            312 150843               -            443  4.6e-168  548.5  15.2   1   1  5.2e-168  5.2e-168  548.4  15.2   128   442     1   310     1   311 0.99 <unknown description>
150843at5125_2030778_0:0013b9|CM010335.1:1723770-1724442|- -            225 150843               -            443    1e-133  435.4   7.2   1   1  1.1e-133  1.1e-133  435.2   7.2     1   229     1   225     1   225 1.00 <unknown description>
150843at5125_92637_0:001ca0|CM010335.1:1724073-1724442|-   -            124 150843               -            443   8.3e-80  257.7   7.3   1   1   9.1e-80   9.1e-80  257.5   7.3     1   124     1   124     1   124 1.00 <unknown description>
#
# Program:         hmmsearch
# Version:         3.4 (Aug 2023)
# Pipeline mode:   SEARCH
# Query file:      /home/arafat/busco_downloads/lineages/hypocreales_odb12.2/hmms/150843at5125.hmm
# Target file:     /home/arafat/Foxy_SIX_Evolution/results/busco/GCA_003315725.1/run_hypocreales_odb12.2/miniprot_output/translated_proteins/150843at5125.faa
# Option settings: hmmsearch --domtblout /home/arafat/Foxy_SIX_Evolution/results/busco/GCA_003315725.1/run_hypocreales_odb12.2/hmmer_output/150843at5125.out --cpu 1 /home/arafat/busco_downloads/lineages/hypocreales_odb12.2/hmms/150843at5125.hmm /home/arafat/Foxy_SIX_Evolution/results/busco/GCA_003315725.1/run_hypocreales_odb12.2/miniprot_output/translated_proteins/150843at5125.faa 
# Current dir:     /home/arafat/Foxy_SIX_Evolution
# Date:            Thu Sep 24 13:02:09 2026
# [ok]
