#                                                                                                                  --- full sequence --- -------------- this domain -------------   hmm coord   ali coord   env coord
# target name                                              accession   tlen query name           accession   qlen   E-value  score  bias   #  of  c-Evalue  i-Evalue  score  bias  from    to  from    to  from    to  acc description of target
#                                      ------------------- ---------- ----- -------------------- ---------- ----- --------- ------ ----- --- --- --------- --------- ------ ----- ----- ----- ----- ----- ----- ----- ---- ---------------------
151093at5125_1567552_0:000896|CM010337.1:2778180-2788850|- -            907 151093               -            734         0 1359.6   9.3   1   2   3.5e-10   3.5e-10   27.7   1.6     3    43    51    91    49   146 0.74 <unknown description>
151093at5125_1567552_0:000896|CM010337.1:2778180-2788850|- -            907 151093               -            734         0 1359.6   9.3   2   2         0         0 1329.7   1.6    33   734   145   906   131   906 0.88 <unknown description>
151093at5125_1089452_0:000a38|CM010337.1:2778180-2781126|- -            968 151093               -            734         0 1359.2   9.3   1   2   3.8e-10   3.8e-10   27.6   1.6     3    43   112   152   110   207 0.74 <unknown description>
151093at5125_1089452_0:000a38|CM010337.1:2778180-2781126|- -            968 151093               -            734         0 1359.2   9.3   2   2         0         0 1329.4   1.5    33   734   206   967   192   967 0.88 <unknown description>
151093at5125_1208366_0:00317b|CM010337.1:2778180-2782617|- -           1225 151093               -            734         0 1357.6   9.0   1   2   4.6e-10   4.6e-10   27.3   1.2     3    42   369   408   367   455 0.77 <unknown description>
151093at5125_1208366_0:00317b|CM010337.1:2778180-2782617|- -           1225 151093               -            734         0 1357.6   9.0   2   2         0         0 1328.4   1.4    33   734   463  1224   450  1224 0.88 <unknown description>
151093at5125_413071_0:002f32|CM010337.1:2778180-2780286|-  -            688 151093               -            734         0 1320.4   3.4   1   2   1.9e-80   1.9e-80  260.0   0.2    85   234     1   154     1   167 0.91 <unknown description>
151093at5125_413071_0:002f32|CM010337.1:2778180-2780286|-  -            688 151093               -            734         0 1320.4   3.4   2   2         0         0 1061.7   0.3   231   734   174   687   157   687 0.95 <unknown description>
151093at5125_150374_0:00070e|CM010337.1:2778180-2779707|-  -            495 151093               -            734         0 1041.0   0.9   1   1         0         0 1040.8   0.9   250   734     1   494     1   494 0.96 <unknown description>
151093at5125_1967640_0:001481|CM010337.1:2778900-2781126|- -            743 151093               -            734  2.2e-286  940.8  16.1   1   2   2.8e-10   2.8e-10   28.0   1.2     3    41   112   150   110   190 0.79 <unknown description>
151093at5125_1967640_0:001481|CM010337.1:2778900-2781126|- -            743 151093               -            734  2.2e-286  940.8  16.1   2   2  2.9e-277  2.9e-277  910.7   7.9    33   515   206   742   189   743 0.86 <unknown description>
151093at5125_2714763_0:000080|CM010337.1:2778900-2780310|- -            471 151093               -            734  3.3e-276  907.2   9.4   1   1  6.8e-274  6.8e-274  899.5   9.4    79   515     3   470     1   471 0.91 <unknown description>
#
# Program:         hmmsearch
# Version:         3.4 (Aug 2023)
# Pipeline mode:   SEARCH
# Query file:      /home/arafat/busco_downloads/lineages/hypocreales_odb12.2/hmms/151093at5125.hmm
# Target file:     /home/arafat/Foxy_SIX_Evolution/results/busco/GCA_003315725.1/run_hypocreales_odb12.2/miniprot_output/translated_proteins/151093at5125.faa
# Option settings: hmmsearch --domtblout /home/arafat/Foxy_SIX_Evolution/results/busco/GCA_003315725.1/run_hypocreales_odb12.2/hmmer_output/151093at5125.out --cpu 1 /home/arafat/busco_downloads/lineages/hypocreales_odb12.2/hmms/151093at5125.hmm /home/arafat/Foxy_SIX_Evolution/results/busco/GCA_003315725.1/run_hypocreales_odb12.2/miniprot_output/translated_proteins/151093at5125.faa 
# Current dir:     /home/arafat/Foxy_SIX_Evolution
# Date:            Thu Sep 24 13:02:15 2026
# [ok]
