#                                                                                                                  --- full sequence --- -------------- this domain -------------   hmm coord   ali coord   env coord
# target name                                              accession   tlen query name           accession   qlen   E-value  score  bias   #  of  c-Evalue  i-Evalue  score  bias  from    to  from    to  from    to  acc description of target
#                                      ------------------- ---------- ----- -------------------- ---------- ----- --------- ------ ----- --- --- --------- --------- ------ ----- ----- ----- ----- ----- ----- ----- ---- ---------------------
151378at5125_100902_0:0046b5|CM010335.1:3774660-3775122|-  -            103 151378               -             88   2.5e-54  170.9   9.4   1   1     5e-54     5e-54  170.0   9.4     5    88    12    95     1    95 0.92 <unknown description>
151378at5125_61366_0:00029b|CM010335.1:3774660-3776149|-   -            165 151378               -             88     1e-53  169.0   9.3   1   1     2e-53     2e-53  168.1   9.3     5    88    74   157    63   157 0.92 <unknown description>
151378at5125_1325733_0:003b1e|CM010335.1:3774660-3775830|- -            183 151378               -             88   1.4e-53  168.6   9.3   1   1   2.7e-53   2.7e-53  167.6   9.3     5    88    92   175    81   175 0.92 <unknown description>
151378at5125_1325737_0:00315b|CM010335.1:3774660-3776569|- -            244 151378               -             88   1.7e-53  168.3   8.8   1   1   3.7e-53   3.7e-53  167.2   8.8     5    88   153   236   142   236 0.92 <unknown description>
151378at5125_431241_0:000889|CM010335.1:3774663-3774959|-  -             82 151378               -             88   2.3e-52  164.7   3.7   1   1   2.6e-52   2.6e-52  164.5   3.7    14    88     1    75     1    75 0.99 <unknown description>
151378at5125_1081109_0:0002b5|CM010335.1:3774743-3774947|- -             69 151378               -             88   2.6e-49  154.8   3.2   1   1   2.9e-49   2.9e-49  154.7   3.2    18    86     1    69     1    69 0.99 <unknown description>
151378at5125_1195189_0:0002cd|CM010335.1:3774663-3774857|- -             48 151378               -             88   1.1e-27   85.6   5.6   1   1   1.2e-27   1.2e-27   85.4   5.6    48    88     1    41     1    41 0.98 <unknown description>
#
# Program:         hmmsearch
# Version:         3.4 (Aug 2023)
# Pipeline mode:   SEARCH
# Query file:      /home/arafat/busco_downloads/lineages/hypocreales_odb12.2/hmms/151378at5125.hmm
# Target file:     /home/arafat/Foxy_SIX_Evolution/results/busco/GCA_003315725.1/run_hypocreales_odb12.2/miniprot_output/translated_proteins/151378at5125.faa
# Option settings: hmmsearch --domtblout /home/arafat/Foxy_SIX_Evolution/results/busco/GCA_003315725.1/run_hypocreales_odb12.2/hmmer_output/151378at5125.out --cpu 1 /home/arafat/busco_downloads/lineages/hypocreales_odb12.2/hmms/151378at5125.hmm /home/arafat/Foxy_SIX_Evolution/results/busco/GCA_003315725.1/run_hypocreales_odb12.2/miniprot_output/translated_proteins/151378at5125.faa 
# Current dir:     /home/arafat/Foxy_SIX_Evolution
# Date:            Thu Sep 24 13:02:25 2026
# [ok]
