#                                                                                                                --- full sequence --- -------------- this domain -------------   hmm coord   ali coord   env coord
# target name                                            accession   tlen query name           accession   qlen   E-value  score  bias   #  of  c-Evalue  i-Evalue  score  bias  from    to  from    to  from    to  acc description of target
#                                    ------------------- ---------- ----- -------------------- ---------- ----- --------- ------ ----- --- --- --------- --------- ------ ----- ----- ----- ----- ----- ----- ----- ---- ---------------------
151426at5125_1491466_0:001919|CM010339.1:844724-849408|- -            486 151426               -            328  1.2e-191  624.2   0.5   1   1  2.1e-191  2.1e-191  623.4   0.5     1   325   129   465   129   469 0.93 <unknown description>
151426at5125_5507_3:001da2|CM010339.1:844724-846203|-    -            494 151426               -            328  1.3e-191  624.1   0.5   1   1  2.2e-191  2.2e-191  623.3   0.5     1   325   137   473   137   477 0.93 <unknown description>
151426at5125_254901_0:0018a4|CM010339.1:844727-854289|-  -            461 151426               -            328  1.8e-191  623.7   0.5   1   2      0.85      0.85   -3.1   0.0    56   121    11    77     5    89 0.68 <unknown description>
151426at5125_254901_0:0018a4|CM010339.1:844727-854289|-  -            461 151426               -            328  1.8e-191  623.7   0.5   2   2  1.8e-191  1.8e-191  623.7   0.5     1   325   105   441   105   445 0.93 <unknown description>
151426at5125_2824670_0:0046a1|CM010339.1:842335-845795|- -            887 151426               -            328  1.5e-186  607.5   0.2   1   1  2.1e-186  2.1e-186  607.0   0.2     1   308     1   319     1   330 0.93 <unknown description>
151426at5125_229533_0:00026c|CM010339.1:844727-845747|-  -            341 151426               -            328  4.8e-180  586.1   1.8   1   1  5.8e-180  5.8e-180  585.8   1.8    17   325     1   321     1   325 0.93 <unknown description>
151426at5125_92637_0:0016d7|CM010339.1:844959-845942|-   -            328 151426               -            328  3.8e-124  402.4   0.0   1   1  4.9e-124  4.9e-124  402.0   0.0     1   212    50   272    50   277 0.91 <unknown description>
#
# Program:         hmmsearch
# Version:         3.4 (Aug 2023)
# Pipeline mode:   SEARCH
# Query file:      /home/arafat/busco_downloads/lineages/hypocreales_odb12.2/hmms/151426at5125.hmm
# Target file:     /home/arafat/Foxy_SIX_Evolution/results/busco/GCA_003315725.1/run_hypocreales_odb12.2/miniprot_output/translated_proteins/151426at5125.faa
# Option settings: hmmsearch --domtblout /home/arafat/Foxy_SIX_Evolution/results/busco/GCA_003315725.1/run_hypocreales_odb12.2/hmmer_output/151426at5125.out --cpu 1 /home/arafat/busco_downloads/lineages/hypocreales_odb12.2/hmms/151426at5125.hmm /home/arafat/Foxy_SIX_Evolution/results/busco/GCA_003315725.1/run_hypocreales_odb12.2/miniprot_output/translated_proteins/151426at5125.faa 
# Current dir:     /home/arafat/Foxy_SIX_Evolution
# Date:            Thu Sep 24 13:02:25 2026
# [ok]
