#                                                                                                                  --- full sequence --- -------------- this domain -------------   hmm coord   ali coord   env coord
# target name                                              accession   tlen query name           accession   qlen   E-value  score  bias   #  of  c-Evalue  i-Evalue  score  bias  from    to  from    to  from    to  acc description of target
#                                      ------------------- ---------- ----- -------------------- ---------- ----- --------- ------ ----- --- --- --------- --------- ------ ----- ----- ----- ----- ----- ----- ----- ---- ---------------------
151526at5125_1089452_0:002f75|CM010340.1:3140099-3142560|- -            787 151526               -            513    3e-264  866.1  37.7   1   4   0.00048   0.00048    7.6   0.5     1    20    24    43    24    53 0.88 <unknown description>
151526at5125_1089452_0:002f75|CM010340.1:3140099-3142560|- -            787 151526               -            513    3e-264  866.1  37.7   2   4   1.7e-12   1.7e-12   35.5   0.2    25    65    87   127    64   134 0.78 <unknown description>
151526at5125_1089452_0:002f75|CM010340.1:3140099-3142560|- -            787 151526               -            513    3e-264  866.1  37.7   3   4  1.7e-256  1.7e-256  840.6  14.7    61   507   195   660   141   666 0.88 <unknown description>
151526at5125_1089452_0:002f75|CM010340.1:3140099-3142560|- -            787 151526               -            513    3e-264  866.1  37.7   4   4       4.2       4.2   -5.4   3.3    48    64   725   741   673   773 0.45 <unknown description>
151526at5125_1081102_0:001da5|CM010340.1:3128618-3147393|- -            873 151526               -            513  2.4e-256  840.1  14.5   1   1  2.4e-256  2.4e-256  840.1  14.5    62   507   266   730   224   736 0.89 <unknown description>
151526at5125_2714763_0:000649|CM010340.1:3140114-3141939|- -            575 151526               -            513  1.6e-255  837.3  13.0   1   2  1.6e-255  1.6e-255  837.3  13.0    78   507     5   453     1   459 0.91 <unknown description>
151526at5125_2714763_0:000649|CM010340.1:3140114-3141939|- -            575 151526               -            513  1.6e-255  837.3  13.0   2   2      0.45      0.45   -2.2   0.8    48    50   518   520   461   565 0.45 <unknown description>
151526at5125_93591_0:0014d4|CM010340.1:3140168-3141540|-   -            424 151526               -            513  9.1e-201  656.7  14.2   1   2  9.1e-201  9.1e-201  656.7  14.2   202   507     1   320     1   328 0.92 <unknown description>
151526at5125_93591_0:0014d4|CM010340.1:3140168-3141540|-   -            424 151526               -            513  9.1e-201  656.7  14.2   2   2      0.33      0.33   -1.8   0.5   479   479   376   376   324   422 0.44 <unknown description>
151526at5125_398673_0:001e81|CM010340.1:3140978-3142569|-  -            516 151526               -            513  3.4e-183  598.7  21.4   1   3    0.0003    0.0003    8.3   0.5     1    20    27    46    27    56 0.88 <unknown description>
151526at5125_398673_0:001e81|CM010340.1:3140978-3142569|-  -            516 151526               -            513  3.4e-183  598.7  21.4   2   3   8.2e-13   8.2e-13   36.5   0.2    25    66    90   131    65   149 0.79 <unknown description>
151526at5125_398673_0:001e81|CM010340.1:3140978-3142569|-  -            516 151526               -            513  3.4e-183  598.7  21.4   3   3  6.9e-172  6.9e-172  561.4   9.8    60   369   197   514   143   516 0.89 <unknown description>
151526at5125_468837_0:001c6b|CM010340.1:3140306-3141245|-  -            295 151526               -            513  3.5e-144  470.0   8.8   1   1  3.5e-144  3.5e-144  470.0   8.8   282   507     1   237     1   246 0.90 <unknown description>
151526at5125_1081103_0:000ce2|CM010340.1:3141396-3142554|- -            387 151526               -            513   9.8e-96  310.1  17.9   1   3   0.00019   0.00019    8.9   0.4     1    20    22    41    22    52 0.88 <unknown description>
151526at5125_1081103_0:000ce2|CM010340.1:3141396-3142554|- -            387 151526               -            513   9.8e-96  310.1  17.9   2   3     5e-13     5e-13   37.2   0.3    25    66    85   126    60   167 0.81 <unknown description>
151526at5125_1081103_0:000ce2|CM010340.1:3141396-3142554|- -            387 151526               -            513   9.8e-96  310.1  17.9   3   3   5.5e-84   5.5e-84  271.4   6.6    60   249   192   386   138   387 0.84 <unknown description>
#
# Program:         hmmsearch
# Version:         3.4 (Aug 2023)
# Pipeline mode:   SEARCH
# Query file:      /home/arafat/busco_downloads/lineages/hypocreales_odb12.2/hmms/151526at5125.hmm
# Target file:     /home/arafat/Foxy_SIX_Evolution/results/busco/GCA_003315725.1/run_hypocreales_odb12.2/miniprot_output/translated_proteins/151526at5125.faa
# Option settings: hmmsearch --domtblout /home/arafat/Foxy_SIX_Evolution/results/busco/GCA_003315725.1/run_hypocreales_odb12.2/hmmer_output/151526at5125.out --cpu 1 /home/arafat/busco_downloads/lineages/hypocreales_odb12.2/hmms/151526at5125.hmm /home/arafat/Foxy_SIX_Evolution/results/busco/GCA_003315725.1/run_hypocreales_odb12.2/miniprot_output/translated_proteins/151526at5125.faa 
# Current dir:     /home/arafat/Foxy_SIX_Evolution
# Date:            Thu Sep 24 13:02:28 2026
# [ok]
