#                                                                                                                  --- full sequence --- -------------- this domain -------------   hmm coord   ali coord   env coord
# target name                                              accession   tlen query name           accession   qlen   E-value  score  bias   #  of  c-Evalue  i-Evalue  score  bias  from    to  from    to  from    to  acc description of target
#                                      ------------------- ---------- ----- -------------------- ---------- ----- --------- ------ ----- --- --- --------- --------- ------ ----- ----- ----- ----- ----- ----- ----- ---- ---------------------
151541at5125_1089452_0:0015b4|CM010338.1:3109376-3110783|- -            470 151541               -            461  2.1e-164  536.9  27.0   1   1  2.4e-164  2.4e-164  536.7  27.0     1   459     1   457     1   459 0.93 <unknown description>
151541at5125_983644_0:000bde|CM010338.1:3106538-3110792|-  -           1015 151541               -            461  3.3e-163  533.0  27.7   1   2  3.3e-163  3.3e-163  533.0  27.7     1   459     4   460     4   462 0.93 <unknown description>
151541at5125_983644_0:000bde|CM010338.1:3106538-3110792|-  -           1015 151541               -            461  3.3e-163  533.0  27.7   2   2       1.2       1.2   -2.9   5.8   270   326   709   762   707   774 0.75 <unknown description>
151541at5125_857340_0:000049|CM010338.1:3109427-3120179|-  -            759 151541               -            461  1.7e-162  530.7  28.4   1   1    2e-162    2e-162  530.4  28.4     1   455   307   759   307   759 0.93 <unknown description>
151541at5125_2714763_0:0016f9|CM010338.1:3108076-3110783|- -            460 151541               -            461  1.5e-158  517.6  29.0   1   1  1.8e-158  1.8e-158  517.4  29.0     1   447     1   445     1   458 0.91 <unknown description>
151541at5125_131363_0:000465|CM010338.1:3109787-3110783|-  -            333 151541               -            461  7.1e-111  360.5  16.1   1   1  7.9e-111  7.9e-111  360.3  16.1     1   326     1   330     1   333 0.94 <unknown description>
151541at5125_1325734_0:003a0d|CM010338.1:3109535-3110447|- -            305 151541               -            461  2.9e-106  345.3  35.2   1   1  3.2e-106  3.2e-106  345.1  35.2   114   409     2   303     1   305 0.90 <unknown description>
151541at5125_307937_0:003588|CM010338.1:3109382-3110210|-  -            277 151541               -            461   1.3e-99  323.4  36.8   1   1   1.4e-99   1.4e-99  323.2  36.8   188   459     1   266     1   268 0.91 <unknown description>
151541at5125_1229664_0:002cc0|CM010338.1:3109376-3109796|- -            141 151541               -            461   1.8e-53  171.2  11.6   1   1     2e-53     2e-53  171.1  11.6   324   459     4   128     1   130 0.91 <unknown description>
151541at5125_1229664_0:002db2|CM010338.1:3110266-3110783|- -            143 151541               -            461   3.4e-41  130.8   8.0   1   1   4.1e-41   4.1e-41  130.5   8.0     1   128     1   128     1   131 0.99 <unknown description>
151541at5125_2502994_0:002933|CM010338.1:3109376-3109697|- -            108 151541               -            461     2e-36  115.1   1.8   1   1   2.2e-36   2.2e-36  114.9   1.8   354   459     1    95     1    97 0.91 <unknown description>
#
# Program:         hmmsearch
# Version:         3.4 (Aug 2023)
# Pipeline mode:   SEARCH
# Query file:      /home/arafat/busco_downloads/lineages/hypocreales_odb12.2/hmms/151541at5125.hmm
# Target file:     /home/arafat/Foxy_SIX_Evolution/results/busco/GCA_003315725.1/run_hypocreales_odb12.2/miniprot_output/translated_proteins/151541at5125.faa
# Option settings: hmmsearch --domtblout /home/arafat/Foxy_SIX_Evolution/results/busco/GCA_003315725.1/run_hypocreales_odb12.2/hmmer_output/151541at5125.out --cpu 1 /home/arafat/busco_downloads/lineages/hypocreales_odb12.2/hmms/151541at5125.hmm /home/arafat/Foxy_SIX_Evolution/results/busco/GCA_003315725.1/run_hypocreales_odb12.2/miniprot_output/translated_proteins/151541at5125.faa 
# Current dir:     /home/arafat/Foxy_SIX_Evolution
# Date:            Thu Sep 24 13:02:28 2026
# [ok]
