#                                                                                                                  --- full sequence --- -------------- this domain -------------   hmm coord   ali coord   env coord
# target name                                              accession   tlen query name           accession   qlen   E-value  score  bias   #  of  c-Evalue  i-Evalue  score  bias  from    to  from    to  from    to  acc description of target
#                                      ------------------- ---------- ----- -------------------- ---------- ----- --------- ------ ----- --- --- --------- --------- ------ ----- ----- ----- ----- ----- ----- ----- ---- ---------------------
152327at5125_5507_3:000a16|CM010337.1:1855516-1856717|-    -            382 152327               -            254  3.1e-110  356.3  19.8   1   2     4e-25     4e-25   77.4   2.7     2    54    49   101    48   106 0.92 <unknown description>
152327at5125_5507_3:000a16|CM010337.1:1855516-1856717|-    -            382 152327               -            254  3.1e-110  356.3  19.8   2   2   2.8e-86   2.8e-86  277.8   9.4    46   254   122   381   117   381 0.80 <unknown description>
152327at5125_660025_0:001aa1|CM010337.1:1855516-1857892|-  -            609 152327               -            254  2.6e-109  353.2  19.2   1   2   7.6e-25   7.6e-25   76.5   2.7     2    54   276   328   275   333 0.92 <unknown description>
152327at5125_660025_0:001aa1|CM010337.1:1855516-1857892|-  -            609 152327               -            254  2.6e-109  353.2  19.2   2   2   6.1e-86   6.1e-86  276.7   8.8    46   254   349   608   343   608 0.80 <unknown description>
152327at5125_78861_0:000797|CM010337.1:1854869-1856597|-   -            472 152327               -            254   6.5e-97  312.6  19.2   1   2   5.4e-25   5.4e-25   77.0   2.7     2    54     9    61     8    66 0.92 <unknown description>
152327at5125_78861_0:000797|CM010337.1:1854869-1856597|-   -            472 152327               -            254   6.5e-97  312.6  19.2   2   2   3.5e-73   3.5e-73  234.9   8.8    46   236    82   322    76   328 0.78 <unknown description>
152327at5125_1043627_0:000162|CM010337.1:1855516-1856368|- -            285 152327               -            254   4.6e-89  286.9   9.6   1   1   1.2e-86   1.2e-86  279.0   9.6    46   254    25   284    20   284 0.80 <unknown description>
152327at5125_1053134_0:001d62|CM010337.1:1855516-1856149|- -            212 152327               -            254   3.2e-72  231.8  10.3   1   1   1.1e-69   1.1e-69  223.5  10.3    94   254    15   211     1   211 0.81 <unknown description>
152327at5125_1736662_0:000478|CM010337.1:1855516-1855969|- -            152 152327               -            254   2.9e-66  212.2   1.4   1   1     6e-65     6e-65  207.9   1.4   125   254     6   151     2   151 0.89 <unknown description>
152327at5125_12942_0:001713|CM010337.1:1856023-1856597|-   -            192 152327               -            254   1.7e-48  154.0   4.7   1   2     7e-25     7e-25   76.6   0.2     2    46     9    53     8    82 0.92 <unknown description>
152327at5125_12942_0:001713|CM010337.1:1856023-1856597|-   -            192 152327               -            254   1.7e-48  154.0   4.7   2   2   1.2e-25   1.2e-25   79.2   0.6    46   117   101   187    95   191 0.77 <unknown description>
#
# Program:         hmmsearch
# Version:         3.4 (Aug 2023)
# Pipeline mode:   SEARCH
# Query file:      /home/arafat/busco_downloads/lineages/hypocreales_odb12.2/hmms/152327at5125.hmm
# Target file:     /home/arafat/Foxy_SIX_Evolution/results/busco/GCA_003315725.1/run_hypocreales_odb12.2/miniprot_output/translated_proteins/152327at5125.faa
# Option settings: hmmsearch --domtblout /home/arafat/Foxy_SIX_Evolution/results/busco/GCA_003315725.1/run_hypocreales_odb12.2/hmmer_output/152327at5125.out --cpu 1 /home/arafat/busco_downloads/lineages/hypocreales_odb12.2/hmms/152327at5125.hmm /home/arafat/Foxy_SIX_Evolution/results/busco/GCA_003315725.1/run_hypocreales_odb12.2/miniprot_output/translated_proteins/152327at5125.faa 
# Current dir:     /home/arafat/Foxy_SIX_Evolution
# Date:            Thu Sep 24 13:02:34 2026
# [ok]
