#                                                                                                                --- full sequence --- -------------- this domain -------------   hmm coord   ali coord   env coord
# target name                                            accession   tlen query name           accession   qlen   E-value  score  bias   #  of  c-Evalue  i-Evalue  score  bias  from    to  from    to  from    to  acc description of target
#                                    ------------------- ---------- ----- -------------------- ---------- ----- --------- ------ ----- --- --- --------- --------- ------ ----- ----- ----- ----- ----- ----- ----- ---- ---------------------
155853at5125_100902_0:0013da|CM010337.1:644900-646294|-  -            449 155853               -            411  8.7e-261  853.8   0.0   1   1    1e-260    1e-260  853.6   0.0     4   410    32   447    29   448 0.98 <unknown description>
155853at5125_57161_0:0010ef|CM010337.1:644900-646751|-   -            548 155853               -            411  1.7e-260  852.8   0.0   1   1    2e-260    2e-260  852.6   0.0     4   410   131   546   128   547 0.98 <unknown description>
155853at5125_1736662_0:000c0a|CM010337.1:645338-646294|- -            303 155853               -            411  1.6e-173  566.4   0.0   1   1  1.8e-173  1.8e-173  566.2   0.0     4   275    32   303    29   303 0.99 <unknown description>
155853at5125_2773459_0:00359d|CM010337.1:644900-645644|- -            249 155853               -            411    1e-145  474.8   0.3   1   1  1.1e-145  1.1e-145  474.7   0.3   173   410     1   247     1   248 0.98 <unknown description>
155853at5125_93591_0:0003cb|CM010337.1:645638-646288|-   -            201 155853               -            411  5.1e-113  367.1   0.0   1   1  5.9e-113  5.9e-113  366.9   0.0     4   175    30   201    27   201 0.99 <unknown description>
155853at5125_2692428_0:003a95|CM010337.1:645698-646192|- -            149 155853               -            411   1.1e-98  319.9   0.0   1   1   1.3e-98   1.3e-98  319.7   0.0     8   155     2   149     1   149 0.99 <unknown description>
155853at5125_93591_0:00051c|CM010337.1:644900-645395|-   -            166 155853               -            411   3.4e-96  311.7   0.1   1   1   3.7e-96   3.7e-96  311.6   0.1   256   410     1   164     1   165 0.96 <unknown description>
155853at5125_2004951_0:000685|CM010337.1:645824-646288|- -            139 155853               -            411   4.5e-69  222.4   0.0   1   1   5.1e-69   5.1e-69  222.2   0.0     4   113    30   139    27   139 0.98 <unknown description>
155853at5125_2773459_0:0001ea|CM010337.1:646015-646294|- -             94 155853               -            411   1.7e-36  115.1   0.0   1   1   1.9e-36   1.9e-36  114.9   0.0     4    65    32    93    29    94 0.96 <unknown description>
#
# Program:         hmmsearch
# Version:         3.4 (Aug 2023)
# Pipeline mode:   SEARCH
# Query file:      /home/arafat/busco_downloads/lineages/hypocreales_odb12.2/hmms/155853at5125.hmm
# Target file:     /home/arafat/Foxy_SIX_Evolution/results/busco/GCA_003315725.1/run_hypocreales_odb12.2/miniprot_output/translated_proteins/155853at5125.faa
# Option settings: hmmsearch --domtblout /home/arafat/Foxy_SIX_Evolution/results/busco/GCA_003315725.1/run_hypocreales_odb12.2/hmmer_output/155853at5125.out --cpu 1 /home/arafat/busco_downloads/lineages/hypocreales_odb12.2/hmms/155853at5125.hmm /home/arafat/Foxy_SIX_Evolution/results/busco/GCA_003315725.1/run_hypocreales_odb12.2/miniprot_output/translated_proteins/155853at5125.faa 
# Current dir:     /home/arafat/Foxy_SIX_Evolution
# Date:            Thu Sep 24 13:02:39 2026
# [ok]
