#                                                                                                                  --- full sequence --- -------------- this domain -------------   hmm coord   ali coord   env coord
# target name                                              accession   tlen query name           accession   qlen   E-value  score  bias   #  of  c-Evalue  i-Evalue  score  bias  from    to  from    to  from    to  acc description of target
#                                      ------------------- ---------- ----- -------------------- ---------- ----- --------- ------ ----- --- --- --------- --------- ------ ----- ----- ----- ----- ----- ----- ----- ---- ---------------------
156580at5125_660025_0:001444|CM010336.1:3723053-3724093|+  -            298 156580               -            232  4.6e-141  457.3   0.1   1   1  5.5e-141  5.5e-141  457.0   0.1     3   232    61   293    59   293 0.98 <unknown description>
156580at5125_1247861_0:00090f|CM010336.1:3720890-3724087|+ -            237 156580               -            232  1.5e-139  452.3   0.0   1   1  1.8e-139  1.8e-139  452.1   0.0     7   232     9   234     4   234 0.98 <unknown description>
156580at5125_61284_0:002c6f|CM010336.1:3723364-3724087|+   -            226 156580               -            232  9.8e-132  426.8   0.3   1   1  1.1e-131  1.1e-131  426.6   0.3    22   232    13   223     2   223 0.98 <unknown description>
156580at5125_426428_0:0008a5|CM010335.1:5592386-5593222|-  -            231 156580               -            232  2.4e-125  405.8   0.6   1   1  2.7e-125  2.7e-125  405.7   0.6     6   231     3   228     1   229 0.99 <unknown description>
156580at5125_2502994_0:0033c5|CM010335.1:5591333-5593144|- -            257 156580               -            232  2.1e-120  389.7   0.5   1   1  2.5e-120  2.5e-120  389.4   0.5    14   231     1   218     1   219 0.99 <unknown description>
156580at5125_150374_0:000b8a|CM010336.1:3723326-3723883|+  -            168 156580               -            232    4e-106  343.0   0.6   1   1  4.7e-106  4.7e-106  342.7   0.6    16   178     1   163     1   166 0.99 <unknown description>
156580at5125_282268_0:002920|CM010335.1:5592587-5593222|-  -            179 156580               -            232   1.9e-97  314.6   1.5   1   1   2.3e-97   2.3e-97  314.3   1.5     6   178     3   175     1   178 0.98 <unknown description>
156580at5125_396571_0:000132|CM010335.1:5592346-5593037|-  -            231 156580               -            232   1.1e-84  272.8   0.3   1   1   1.4e-84   1.4e-84  272.5   0.3    32   199     1   169     1   178 0.94 <unknown description>
156580at5125_5507_4:0006a8|CM010335.1:5592726-5593222|-    -            117 156580               -            232   6.8e-55  175.3   1.5   1   1   7.9e-55   7.9e-55  175.1   1.5     6   113     3   110     1   113 0.97 <unknown description>
156580at5125_2692428_0:0039a9|CM010335.1:5592788-5593144|- -            102 156580               -            232     3e-52  166.7   1.4   1   1   3.3e-52   3.3e-52  166.5   1.4    14   115     1   102     1   102 0.99 <unknown description>
#
# Program:         hmmsearch
# Version:         3.4 (Aug 2023)
# Pipeline mode:   SEARCH
# Query file:      /home/arafat/busco_downloads/lineages/hypocreales_odb12.2/hmms/156580at5125.hmm
# Target file:     /home/arafat/Foxy_SIX_Evolution/results/busco/GCA_003315725.1/run_hypocreales_odb12.2/miniprot_output/translated_proteins/156580at5125.faa
# Option settings: hmmsearch --domtblout /home/arafat/Foxy_SIX_Evolution/results/busco/GCA_003315725.1/run_hypocreales_odb12.2/hmmer_output/156580at5125.out --cpu 1 /home/arafat/busco_downloads/lineages/hypocreales_odb12.2/hmms/156580at5125.hmm /home/arafat/Foxy_SIX_Evolution/results/busco/GCA_003315725.1/run_hypocreales_odb12.2/miniprot_output/translated_proteins/156580at5125.faa 
# Current dir:     /home/arafat/Foxy_SIX_Evolution
# Date:            Thu Sep 24 13:02:42 2026
# [ok]
