#                                                                                                                  --- full sequence --- -------------- this domain -------------   hmm coord   ali coord   env coord
# target name                                              accession   tlen query name           accession   qlen   E-value  score  bias   #  of  c-Evalue  i-Evalue  score  bias  from    to  from    to  from    to  acc description of target
#                                      ------------------- ---------- ----- -------------------- ---------- ----- --------- ------ ----- --- --- --------- --------- ------ ----- ----- ----- ----- ----- ----- ----- ---- ---------------------
156754at5125_2559225_0:00012a|CM010339.1:1084029-1085532|+ -            414 156754               -            411  8.8e-284  929.2   1.2   1   1    1e-283    1e-283  929.0   1.2     2   411     4   413     3   413 1.00 <unknown description>
156754at5125_78864_0:00038b|CM010339.1:1083882-1085822|+   -            505 156754               -            411  1.8e-283  928.2   1.2   1   1  2.1e-283  2.1e-283  927.9   1.2     2   411    53   462    52   462 1.00 <unknown description>
156754at5125_1081109_0:00009c|CM010339.1:1083936-1095703|+ -            619 156754               -            411  3.2e-283  927.3   1.2   1   1  4.1e-283  4.1e-283  927.0   1.2     2   411    35   444    34   444 1.00 <unknown description>
156754at5125_1736662_0:000d3c|CM010339.1:1079604-1085532|+ -           1196 156754               -            411  1.6e-282  925.0   1.2   1   1  2.1e-282  2.1e-282  924.7   1.2     2   411   786  1195   785  1195 1.00 <unknown description>
156754at5125_2773459_0:002917|CM010339.1:1084500-1085532|+ -            320 156754               -            411  5.6e-220  719.0   0.1   1   1  6.3e-220  6.3e-220  718.9   0.1    93   411     1   319     1   319 1.00 <unknown description>
156754at5125_1237068_0:00173c|CM010339.1:1083882-1085196|+ -            351 156754               -            411  1.3e-209  684.8   1.2   1   1  1.6e-209  1.6e-209  684.6   1.2     2   300    53   351    52   351 1.00 <unknown description>
156754at5125_2773459_0:00305a|CM010339.1:1083882-1084308|+ -            143 156754               -            411   3.1e-58  186.2   1.8   1   1   3.7e-58   3.7e-58  186.0   1.8     2    91    53   142    52   143 0.98 <unknown description>
#
# Program:         hmmsearch
# Version:         3.4 (Aug 2023)
# Pipeline mode:   SEARCH
# Query file:      /home/arafat/busco_downloads/lineages/hypocreales_odb12.2/hmms/156754at5125.hmm
# Target file:     /home/arafat/Foxy_SIX_Evolution/results/busco/GCA_003315725.1/run_hypocreales_odb12.2/miniprot_output/translated_proteins/156754at5125.faa
# Option settings: hmmsearch --domtblout /home/arafat/Foxy_SIX_Evolution/results/busco/GCA_003315725.1/run_hypocreales_odb12.2/hmmer_output/156754at5125.out --cpu 1 /home/arafat/busco_downloads/lineages/hypocreales_odb12.2/hmms/156754at5125.hmm /home/arafat/Foxy_SIX_Evolution/results/busco/GCA_003315725.1/run_hypocreales_odb12.2/miniprot_output/translated_proteins/156754at5125.faa 
# Current dir:     /home/arafat/Foxy_SIX_Evolution
# Date:            Thu Sep 24 13:02:42 2026
# [ok]
