#                                                                                                                  --- full sequence --- -------------- this domain -------------   hmm coord   ali coord   env coord
# target name                                              accession   tlen query name           accession   qlen   E-value  score  bias   #  of  c-Evalue  i-Evalue  score  bias  from    to  from    to  from    to  acc description of target
#                                      ------------------- ---------- ----- -------------------- ---------- ----- --------- ------ ----- --- --- --------- --------- ------ ----- ----- ----- ----- ----- ----- ----- ---- ---------------------
157125at5125_100902_0:000f8a|CM010341.1:2476062-2476731|+  -            188 157125               -            186  1.4e-108  349.3   0.0   1   1  1.6e-108  1.6e-108  349.2   0.0     1   186     1   187     1   187 0.99 <unknown description>
157125at5125_1089452_0:001c2a|CM010341.1:2475771-2476731|+ -            285 157125               -            186  5.6e-108  347.4   0.0   1   1  6.7e-108  6.7e-108  347.1   0.0     1   186    98   284    98   284 0.99 <unknown description>
157125at5125_1247861_0:00151d|CM010341.1:2474249-2476731|+ -            642 157125               -            186  3.2e-107  344.9   0.0   1   1  4.6e-107  4.6e-107  344.4   0.0     1   186   455   641   455   641 0.99 <unknown description>
157125at5125_78410_0:00033f|CM010341.1:2476228-2476731|+   -            153 157125               -            186   9.8e-90  287.9   0.1   1   1   1.1e-89   1.1e-89  287.8   0.1    35   186     1   152     1   152 0.99 <unknown description>
157125at5125_96317_0:0046d3|CM010341.1:2476062-2476417|+   -             99 157125               -            186     1e-54  173.7   0.0   1   1   1.2e-54   1.2e-54  173.5   0.0     1    94     1    95     1    97 0.98 <unknown description>
157125at5125_5507_2:001f7c|CM010341.1:2476062-2476516|+    -            114 157125               -            186   1.2e-54  173.5   0.0   1   1   1.3e-54   1.3e-54  173.4   0.0     1    95     1    96     1   108 0.96 <unknown description>
157125at5125_1276141_0:001fa7|CM010341.1:2476393-2476731|+ -             98 157125               -            186   7.7e-54  170.9   0.0   1   1   8.4e-54   8.4e-54  170.7   0.0    90   186     1    97     1    97 0.99 <unknown description>
157125at5125_5544_1:000004|CM010341.1:2476485-2476731|+    -             83 157125               -            186     4e-45  142.5   0.1   1   1   4.3e-45   4.3e-45  142.3   0.1   105   186     1    82     1    82 0.99 <unknown description>
#
# Program:         hmmsearch
# Version:         3.4 (Aug 2023)
# Pipeline mode:   SEARCH
# Query file:      /home/arafat/busco_downloads/lineages/hypocreales_odb12.2/hmms/157125at5125.hmm
# Target file:     /home/arafat/Foxy_SIX_Evolution/results/busco/GCA_003315725.1/run_hypocreales_odb12.2/miniprot_output/translated_proteins/157125at5125.faa
# Option settings: hmmsearch --domtblout /home/arafat/Foxy_SIX_Evolution/results/busco/GCA_003315725.1/run_hypocreales_odb12.2/hmmer_output/157125at5125.out --cpu 1 /home/arafat/busco_downloads/lineages/hypocreales_odb12.2/hmms/157125at5125.hmm /home/arafat/Foxy_SIX_Evolution/results/busco/GCA_003315725.1/run_hypocreales_odb12.2/miniprot_output/translated_proteins/157125at5125.faa 
# Current dir:     /home/arafat/Foxy_SIX_Evolution
# Date:            Thu Sep 24 13:02:43 2026
# [ok]
