#                                                                                                                  --- full sequence --- -------------- this domain -------------   hmm coord   ali coord   env coord
# target name                                              accession   tlen query name           accession   qlen   E-value  score  bias   #  of  c-Evalue  i-Evalue  score  bias  from    to  from    to  from    to  acc description of target
#                                      ------------------- ---------- ----- -------------------- ---------- ----- --------- ------ ----- --- --- --------- --------- ------ ----- ----- ----- ----- ----- ----- ----- ---- ---------------------
157343at5125_100902_0:0014e8|CM010336.1:2522342-2522961|+  -            164 157343               -            146   6.2e-71  225.8   0.2   1   1   8.4e-71   8.4e-71  225.4   0.2     1   146     1   163     1   163 0.89 <unknown description>
157343at5125_660025_0:00394e|CM010336.1:2522048-2522961|+  -            179 157343               -            146   6.4e-64  203.1   0.5   1   1   9.2e-64   9.2e-64  202.5   0.5    12   146    27   178    23   178 0.87 <unknown description>
157343at5125_1279085_0:000c60|CM010336.1:2522342-2523186|+ -            218 157343               -            146   1.7e-61  195.2   0.5   1   2   1.1e-60   1.1e-60  192.5   0.2     1   134     1   151     1   154 0.88 <unknown description>
157343at5125_1279085_0:000c60|CM010336.1:2522342-2523186|+ -            218 157343               -            146   1.7e-61  195.2   0.5   2   2      0.12      0.12    1.1   0.0     5    41   155   191   151   196 0.83 <unknown description>
157343at5125_42747_0:0011f3|CM010336.1:2522475-2522961|+   -            163 157343               -            146     4e-56  177.8   1.8   1   2     7e-20     7e-20   60.2   0.5    19    61     1    50     1    55 0.87 <unknown description>
157343at5125_42747_0:0011f3|CM010336.1:2522475-2522961|+   -            163 157343               -            146     4e-56  177.8   1.8   2   2   2.4e-37   2.4e-37  116.8   0.0    60   146    66   162    64   162 0.85 <unknown description>
157343at5125_2604345_0:0018a0|CM010336.1:2522342-2522796|+ -            109 157343               -            146   2.9e-52  165.2   0.1   1   1   3.8e-52   3.8e-52  164.8   0.1     1    99     1   109     1   109 0.92 <unknown description>
#
# Program:         hmmsearch
# Version:         3.4 (Aug 2023)
# Pipeline mode:   SEARCH
# Query file:      /home/arafat/busco_downloads/lineages/hypocreales_odb12.2/hmms/157343at5125.hmm
# Target file:     /home/arafat/Foxy_SIX_Evolution/results/busco/GCA_003315725.1/run_hypocreales_odb12.2/miniprot_output/translated_proteins/157343at5125.faa
# Option settings: hmmsearch --domtblout /home/arafat/Foxy_SIX_Evolution/results/busco/GCA_003315725.1/run_hypocreales_odb12.2/hmmer_output/157343at5125.out --cpu 1 /home/arafat/busco_downloads/lineages/hypocreales_odb12.2/hmms/157343at5125.hmm /home/arafat/Foxy_SIX_Evolution/results/busco/GCA_003315725.1/run_hypocreales_odb12.2/miniprot_output/translated_proteins/157343at5125.faa 
# Current dir:     /home/arafat/Foxy_SIX_Evolution
# Date:            Thu Sep 24 13:02:44 2026
# [ok]
