#                                                                                                                  --- full sequence --- -------------- this domain -------------   hmm coord   ali coord   env coord
# target name                                              accession   tlen query name           accession   qlen   E-value  score  bias   #  of  c-Evalue  i-Evalue  score  bias  from    to  from    to  from    to  acc description of target
#                                      ------------------- ---------- ----- -------------------- ---------- ----- --------- ------ ----- --- --- --------- --------- ------ ----- ----- ----- ----- ----- ----- ----- ---- ---------------------
157705at5125_1080344_0:0002c3|CM010335.1:1830434-1833307|- -            925 157705               -            878         0 1464.2   0.9   1   1         0         0 1457.6   0.9     4   877     7   923     4   924 0.93 <unknown description>
157705at5125_1195189_0:0001b8|CM010335.1:1830434-1834417|- -           1004 157705               -            878         0 1463.2   0.9   1   1         0         0 1456.6   0.9     7   877    89  1002    84  1003 0.93 <unknown description>
157705at5125_1159556_0:0011ea|CM010335.1:1829167-1834423|- -           1289 157705               -            878         0 1457.3   0.9   1   1         0         0 1451.1   0.9     4   875   145  1059   142  1062 0.93 <unknown description>
157705at5125_660027_0:00035d|CM010335.1:1828990-1833307|-  -           1175 157705               -            878         0 1451.5   0.7   1   1         0         0 1445.0   0.7     4   874     7   920     4   923 0.93 <unknown description>
157705at5125_2502994_0:001f19|CM010335.1:1830434-1832374|- -            614 157705               -            878  1.7e-275  905.0   0.0   1   1  2.5e-273  2.5e-273  897.8   0.0   301   877     1   612     1   613 0.93 <unknown description>
157705at5125_2773459_0:002a40|CM010335.1:1829167-1832137|- -            794 157705               -            878  2.7e-218  715.7   0.0   1   1  3.6e-216  3.6e-216  708.7   0.0   380   874     1   530     1   533 0.91 <unknown description>
157705at5125_2773459_0:002a84|CM010335.1:1832416-1833307|- -            298 157705               -            878    3e-155  507.1   6.1   1   1  3.3e-155  3.3e-155  507.0   6.1     4   286     7   297     4   298 0.92 <unknown description>
#
# Program:         hmmsearch
# Version:         3.4 (Aug 2023)
# Pipeline mode:   SEARCH
# Query file:      /home/arafat/busco_downloads/lineages/hypocreales_odb12.2/hmms/157705at5125.hmm
# Target file:     /home/arafat/Foxy_SIX_Evolution/results/busco/GCA_003315725.1/run_hypocreales_odb12.2/miniprot_output/translated_proteins/157705at5125.faa
# Option settings: hmmsearch --domtblout /home/arafat/Foxy_SIX_Evolution/results/busco/GCA_003315725.1/run_hypocreales_odb12.2/hmmer_output/157705at5125.out --cpu 1 /home/arafat/busco_downloads/lineages/hypocreales_odb12.2/hmms/157705at5125.hmm /home/arafat/Foxy_SIX_Evolution/results/busco/GCA_003315725.1/run_hypocreales_odb12.2/miniprot_output/translated_proteins/157705at5125.faa 
# Current dir:     /home/arafat/Foxy_SIX_Evolution
# Date:            Thu Sep 24 13:02:33 2026
# [ok]
