#                                                                                                                  --- full sequence --- -------------- this domain -------------   hmm coord   ali coord   env coord
# target name                                              accession   tlen query name           accession   qlen   E-value  score  bias   #  of  c-Evalue  i-Evalue  score  bias  from    to  from    to  from    to  acc description of target
#                                      ------------------- ---------- ----- -------------------- ---------- ----- --------- ------ ----- --- --- --------- --------- ------ ----- ----- ----- ----- ----- ----- ----- ---- ---------------------
158038at5125_426428_0:00032e|CM010335.1:5641567-5649543|+  -           2612 158038               -           2444         0 4774.4   0.0   1   3         0         0 1754.7   0.0     1   926     1   946     1   990 0.95 <unknown description>
158038at5125_426428_0:00032e|CM010335.1:5641567-5649543|+  -           2612 158038               -           2444         0 4774.4   0.0   2   3         0         0 1213.2   0.0   926  1632   989  1733   959  1746 0.91 <unknown description>
158038at5125_426428_0:00032e|CM010335.1:5641567-5649543|+  -           2612 158038               -           2444         0 4774.4   0.0   3   3         0         0 1801.5   0.0  1621  2439  1762  2602  1741  2606 0.97 <unknown description>
158038at5125_1163406_0:000bb9|CM010335.1:5641567-5652155|+ -           3061 158038               -           2444         0 4773.1   0.0   1   3         0         0 1754.5   0.0     1   961     1   980     1   992 0.95 <unknown description>
158038at5125_1163406_0:000bb9|CM010335.1:5641567-5652155|+ -           3061 158038               -           2444         0 4773.1   0.0   2   3         0         0 1212.7   0.0   926  1632   989  1733   966  1747 0.91 <unknown description>
158038at5125_1163406_0:000bb9|CM010335.1:5641567-5652155|+ -           3061 158038               -           2444         0 4773.1   0.0   3   3         0         0 1801.3   0.0  1621  2441  1762  2604  1742  2607 0.97 <unknown description>
158038at5125_1294630_0:000355|CM010335.1:5644202-5649513|+ -           1736 158038               -           2444         0 3122.8   0.1   1   3   1.9e-33   1.9e-33  102.1   0.0   845   923     2    81     1   121 0.87 <unknown description>
158038at5125_1294630_0:000355|CM010335.1:5644202-5649513|+ -           1736 158038               -           2444         0 3122.8   0.1   2   3         0         0 1213.0   0.0   920  1632   117   867    98   881 0.91 <unknown description>
158038at5125_1294630_0:000355|CM010335.1:5644202-5649513|+ -           1736 158038               -           2444         0 3122.8   0.1   3   3         0         0 1801.8   0.0  1621  2438   896  1735   874  1736 0.97 <unknown description>
158038at5125_101201_0:001cd5|CM010335.1:5645696-5649586|+  -           1265 158038               -           2444         0 2530.7   3.1   1   2    3e-220    3e-220  721.8   4.2  1245  1632     1   388     1   401 0.98 <unknown description>
158038at5125_101201_0:001cd5|CM010335.1:5645696-5649586|+  -           1265 158038               -           2444         0 2530.7   3.1   2   2         0         0 1805.6   0.0  1621  2439   417  1257   397  1264 0.97 <unknown description>
#
# Program:         hmmsearch
# Version:         3.4 (Aug 2023)
# Pipeline mode:   SEARCH
# Query file:      /home/arafat/busco_downloads/lineages/hypocreales_odb12.2/hmms/158038at5125.hmm
# Target file:     /home/arafat/Foxy_SIX_Evolution/results/busco/GCA_003315725.1/run_hypocreales_odb12.2/miniprot_output/translated_proteins/158038at5125.faa
# Option settings: hmmsearch --domtblout /home/arafat/Foxy_SIX_Evolution/results/busco/GCA_003315725.1/run_hypocreales_odb12.2/hmmer_output/158038at5125.out --cpu 1 /home/arafat/busco_downloads/lineages/hypocreales_odb12.2/hmms/158038at5125.hmm /home/arafat/Foxy_SIX_Evolution/results/busco/GCA_003315725.1/run_hypocreales_odb12.2/miniprot_output/translated_proteins/158038at5125.faa 
# Current dir:     /home/arafat/Foxy_SIX_Evolution
# Date:            Thu Sep 24 13:02:35 2026
# [ok]
