#                                                                                                                  --- full sequence --- -------------- this domain -------------   hmm coord   ali coord   env coord
# target name                                              accession   tlen query name           accession   qlen   E-value  score  bias   #  of  c-Evalue  i-Evalue  score  bias  from    to  from    to  from    to  acc description of target
#                                      ------------------- ---------- ----- -------------------- ---------- ----- --------- ------ ----- --- --- --------- --------- ------ ----- ----- ----- ----- ----- ----- ----- ---- ---------------------
159684at5125_282569_0:001fb5|CM010335.1:3912808-3917300|-  -           1101 159684               -            938         0 1868.8   0.0   1   2         0         0 1763.9   0.0     1   881   117  1013   117  1028 0.97 <unknown description>
159684at5125_282569_0:001fb5|CM010335.1:3912808-3917300|-  -           1101 159684               -            938         0 1868.8   0.0   2   2   5.4e-33   5.4e-33  102.5   0.6   874   938  1036  1100  1032  1100 0.95 <unknown description>
159684at5125_660027_0:0006b6|CM010335.1:3912808-3915892|-  -            993 159684               -            938         0 1861.7   0.0   1   2         0         0 1756.6   0.0     1   881     1   905     1   920 0.97 <unknown description>
159684at5125_660027_0:0006b6|CM010335.1:3912808-3915892|-  -            993 159684               -            938         0 1861.7   0.0   2   2   4.8e-33   4.8e-33  102.7   0.6   874   938   928   992   924   992 0.95 <unknown description>
159684at5125_2604345_0:003f32|CM010335.1:3912808-3915275|- -            806 159684               -            938         0 1522.5   0.1   1   2         0         0 1417.1   0.0   178   881     1   718     1   733 0.97 <unknown description>
159684at5125_2604345_0:003f32|CM010335.1:3912808-3915275|- -            806 159684               -            938         0 1522.5   0.1   2   2   3.7e-33   3.7e-33  103.0   0.6   874   938   741   805   737   805 0.95 <unknown description>
159684at5125_93591_0:000b0c|CM010335.1:3913583-3915892|-   -            744 159684               -            938         0 1453.1   0.0   1   1         0         0 1453.0   0.0     1   730     1   742     1   744 0.98 <unknown description>
159684at5125_92637_0:0021b7|CM010335.1:3914144-3915892|-   -            557 159684               -            938         0 1089.7   0.0   1   1         0         0 1089.5   0.0     1   550     1   557     1   557 0.98 <unknown description>
159684at5125_2885761_0:001d15|CM010335.1:3912808-3914267|- -            470 159684               -            938  6.1e-256  840.3   1.5   1   2  3.2e-224  3.2e-224  735.4   0.0   510   881     1   382     1   398 0.96 <unknown description>
159684at5125_2885761_0:001d15|CM010335.1:3912808-3914267|- -            470 159684               -            938  6.1e-256  840.3   1.5   2   2   1.8e-33   1.8e-33  104.1   0.6   874   938   405   469   401   469 0.95 <unknown description>
159684at5125_2885761_0:001de0|CM010335.1:3914287-3915275|- -            247 159684               -            938  3.2e-117  381.3   0.0   1   1  3.9e-117  3.9e-117  381.0   0.0   178   386     1   213     1   218 0.97 <unknown description>
#
# Program:         hmmsearch
# Version:         3.4 (Aug 2023)
# Pipeline mode:   SEARCH
# Query file:      /home/arafat/busco_downloads/lineages/hypocreales_odb12.2/hmms/159684at5125.hmm
# Target file:     /home/arafat/Foxy_SIX_Evolution/results/busco/GCA_003315725.1/run_hypocreales_odb12.2/miniprot_output/translated_proteins/159684at5125.faa
# Option settings: hmmsearch --domtblout /home/arafat/Foxy_SIX_Evolution/results/busco/GCA_003315725.1/run_hypocreales_odb12.2/hmmer_output/159684at5125.out --cpu 1 /home/arafat/busco_downloads/lineages/hypocreales_odb12.2/hmms/159684at5125.hmm /home/arafat/Foxy_SIX_Evolution/results/busco/GCA_003315725.1/run_hypocreales_odb12.2/miniprot_output/translated_proteins/159684at5125.faa 
# Current dir:     /home/arafat/Foxy_SIX_Evolution
# Date:            Thu Sep 24 13:02:44 2026
# [ok]
