#                                                                                                                  --- full sequence --- -------------- this domain -------------   hmm coord   ali coord   env coord
# target name                                              accession   tlen query name           accession   qlen   E-value  score  bias   #  of  c-Evalue  i-Evalue  score  bias  from    to  from    to  from    to  acc description of target
#                                      ------------------- ---------- ----- -------------------- ---------- ----- --------- ------ ----- --- --- --------- --------- ------ ----- ----- ----- ----- ----- ----- ----- ---- ---------------------
160402at5125_2596975_0:0006a6|CM010337.1:1342324-1343842|- -            507 160402               -            466  5.2e-271  887.9   0.0   1   1    6e-271    6e-271  887.7   0.0     3   466    35   506    33   506 0.98 <unknown description>
160402at5125_983644_0:000ce9|CM010337.1:1342324-1349665|-  -            573 160402               -            466  7.9e-271  887.3   0.0   1   1  9.3e-271  9.3e-271  887.0   0.0     3   466   101   572    99   572 0.98 <unknown description>
160402at5125_1081102_0:000dbf|CM010337.1:1342324-1348084|- -            593 160402               -            466  8.7e-271  887.1   0.0   1   1    1e-270    1e-270  886.9   0.0     3   466   121   592   119   592 0.98 <unknown description>
160402at5125_948311_1:0020e9|CM010337.1:1342324-1344293|-  -            616 160402               -            466    1e-270  886.9   0.0   1   1  1.2e-270  1.2e-270  886.7   0.0     3   466   144   615   142   615 0.98 <unknown description>
160402at5125_89174_0:000621|CM010337.1:1342324-1346774|-   -            618 160402               -            466    1e-270  886.9   0.0   1   1  1.2e-270  1.2e-270  886.7   0.0     3   466   146   617   144   617 0.98 <unknown description>
160402at5125_1247861_0:002344|CM010337.1:1342327-1352855|- -            625 160402               -            466  1.1e-270  886.9   0.0   1   1  1.3e-270  1.3e-270  886.6   0.0     3   466   154   625   152   625 0.98 <unknown description>
160402at5125_2039875_0:0003b0|CM010337.1:1342324-1344953|- -            487 160402               -            466  1.2e-268  880.1   0.0   1   1  1.3e-268  1.3e-268  879.9   0.0     6   466    18   486    13   486 0.97 <unknown description>
160402at5125_2714763_0:001bc3|CM010337.1:1342771-1343722|- -            318 160402               -            466  1.6e-180  589.5   0.0   1   1  1.8e-180  1.8e-180  589.4   0.0     9   319     1   318     1   318 0.97 <unknown description>
#
# Program:         hmmsearch
# Version:         3.4 (Aug 2023)
# Pipeline mode:   SEARCH
# Query file:      /home/arafat/busco_downloads/lineages/hypocreales_odb12.2/hmms/160402at5125.hmm
# Target file:     /home/arafat/Foxy_SIX_Evolution/results/busco/GCA_003315725.1/run_hypocreales_odb12.2/miniprot_output/translated_proteins/160402at5125.faa
# Option settings: hmmsearch --domtblout /home/arafat/Foxy_SIX_Evolution/results/busco/GCA_003315725.1/run_hypocreales_odb12.2/hmmer_output/160402at5125.out --cpu 1 /home/arafat/busco_downloads/lineages/hypocreales_odb12.2/hmms/160402at5125.hmm /home/arafat/Foxy_SIX_Evolution/results/busco/GCA_003315725.1/run_hypocreales_odb12.2/miniprot_output/translated_proteins/160402at5125.faa 
# Current dir:     /home/arafat/Foxy_SIX_Evolution
# Date:            Thu Sep 24 13:02:48 2026
# [ok]
