#                                                                                                                  --- full sequence --- -------------- this domain -------------   hmm coord   ali coord   env coord
# target name                                              accession   tlen query name           accession   qlen   E-value  score  bias   #  of  c-Evalue  i-Evalue  score  bias  from    to  from    to  from    to  acc description of target
#                                      ------------------- ---------- ----- -------------------- ---------- ----- --------- ------ ----- --- --- --------- --------- ------ ----- ----- ----- ----- ----- ----- ----- ---- ---------------------
161030at5125_1089452_0:00249c|CM010336.1:2565866-2567593|- -            541 161030               -            546  1.9e-297  976.5   0.0   1   1  2.1e-297  2.1e-297  976.4   0.0     1   544     1   540     1   540 0.96 <unknown description>
161030at5125_1159556_0:0012d0|CM010336.1:2565872-2572654|- -            595 161030               -            546  6.6e-297  974.7   0.0   1   1  7.6e-297  7.6e-297  974.5   0.0     1   543    57   595    57   595 0.96 <unknown description>
161030at5125_2004952_0:001b23|CM010336.1:2559066-2567593|- -           1097 161030               -            546  4.5e-285  935.6   0.0   1   1  6.2e-285  6.2e-285  935.2   0.0     1   525     1   521     1   538 0.96 <unknown description>
161030at5125_2686198_0:001ac0|CM010336.1:2561209-2567593|- -           1251 161030               -            546  1.6e-283  930.5   0.0   1   1  2.2e-283  2.2e-283  930.1   0.0     1   524     1   520     1   531 0.96 <unknown description>
161030at5125_40199_0:002020|CM010336.1:2565866-2567203|-   -            411 161030               -            546  1.2e-247  812.2   0.0   1   1  1.3e-247  1.3e-247  812.0   0.0   131   544     1   410     1   410 0.99 <unknown description>
161030at5125_5544_1:001e2a|CM010336.1:2566612-2567593|-    -            328 161030               -            546  1.2e-173  567.9   0.0   1   1  1.4e-173  1.4e-173  567.7   0.0     1   326     1   326     1   327 0.95 <unknown description>
161030at5125_2004951_0:0013ae|CM010336.1:2565872-2566843|- -            289 161030               -            546  4.3e-169  552.9   0.0   1   1  4.8e-169  4.8e-169  552.7   0.0   251   543     1   289     1   289 0.99 <unknown description>
161030at5125_5544_1:001dfc|CM010336.1:2565872-2566570|-    -            216 161030               -            546  2.5e-118  385.3   0.0   1   1  2.8e-118  2.8e-118  385.1   0.0   328   543     5   216     2   216 0.99 <unknown description>
161030at5125_468837_0:001f33|CM010336.1:2567018-2567593|-  -            192 161030               -            546   2.8e-68  220.1   0.0   1   1   3.4e-68   3.4e-68  219.8   0.0     1   159     1   159     1   160 0.89 <unknown description>
#
# Program:         hmmsearch
# Version:         3.4 (Aug 2023)
# Pipeline mode:   SEARCH
# Query file:      /home/arafat/busco_downloads/lineages/hypocreales_odb12.2/hmms/161030at5125.hmm
# Target file:     /home/arafat/Foxy_SIX_Evolution/results/busco/GCA_003315725.1/run_hypocreales_odb12.2/miniprot_output/translated_proteins/161030at5125.faa
# Option settings: hmmsearch --domtblout /home/arafat/Foxy_SIX_Evolution/results/busco/GCA_003315725.1/run_hypocreales_odb12.2/hmmer_output/161030at5125.out --cpu 1 /home/arafat/busco_downloads/lineages/hypocreales_odb12.2/hmms/161030at5125.hmm /home/arafat/Foxy_SIX_Evolution/results/busco/GCA_003315725.1/run_hypocreales_odb12.2/miniprot_output/translated_proteins/161030at5125.faa 
# Current dir:     /home/arafat/Foxy_SIX_Evolution
# Date:            Thu Sep 24 13:02:51 2026
# [ok]
