#                                                                                                                  --- full sequence --- -------------- this domain -------------   hmm coord   ali coord   env coord
# target name                                              accession   tlen query name           accession   qlen   E-value  score  bias   #  of  c-Evalue  i-Evalue  score  bias  from    to  from    to  from    to  acc description of target
#                                      ------------------- ---------- ----- -------------------- ---------- ----- --------- ------ ----- --- --- --------- --------- ------ ----- ----- ----- ----- ----- ----- ----- ---- ---------------------
161183at5125_100902_0:004c9b|CM010335.1:5158199-5158819|-  -            189 161183               -            166   5.5e-84  269.0   5.1   1   1   6.3e-84   6.3e-84  268.8   5.1     1   165     6   177     6   178 0.95 <unknown description>
161183at5125_2773459_0:0007ed|CM010335.1:5158199-5159496|- -            262 161183               -            166   1.6e-83  267.5   5.1   1   1   1.9e-83   1.9e-83  267.2   5.1     1   165    79   250    79   251 0.95 <unknown description>
161183at5125_2898544_0:0004a9|CM010335.1:5158199-5159160|- -            302 161183               -            166   1.8e-83  267.3   5.1   1   1   2.8e-83   2.8e-83  266.6   5.1     1   165   119   290   119   291 0.95 <unknown description>
161183at5125_5507_5:000401|CM010335.1:5157803-5158879|-    -            324 161183               -            166   2.8e-83  266.7   5.1   1   1   3.4e-83   3.4e-83  266.4   5.1     1   165    26   197    26   198 0.95 <unknown description>
161183at5125_1736662_0:001ccb|CM010335.1:5158343-5158825|- -            143 161183               -            166     7e-67  213.3   0.9   1   1     8e-67     8e-67  213.1   0.9     1   132     8   143     8   143 0.97 <unknown description>
161183at5125_93591_0:002a07|CM010335.1:5158466-5158825|-   -            102 161183               -            166   5.2e-47  148.7   6.1   1   1   5.8e-47   5.8e-47  148.6   6.1     1    95     8   102     8   102 0.99 <unknown description>
161183at5125_195108_0:001d64|CM010335.1:5158199-5158547|-  -            117 161183               -            166   7.9e-47  148.1   0.7   1   1   8.9e-47   8.9e-47  147.9   0.7    68   165     1   105     1   106 0.92 <unknown description>
#
# Program:         hmmsearch
# Version:         3.4 (Aug 2023)
# Pipeline mode:   SEARCH
# Query file:      /home/arafat/busco_downloads/lineages/hypocreales_odb12.2/hmms/161183at5125.hmm
# Target file:     /home/arafat/Foxy_SIX_Evolution/results/busco/GCA_003315725.1/run_hypocreales_odb12.2/miniprot_output/translated_proteins/161183at5125.faa
# Option settings: hmmsearch --domtblout /home/arafat/Foxy_SIX_Evolution/results/busco/GCA_003315725.1/run_hypocreales_odb12.2/hmmer_output/161183at5125.out --cpu 1 /home/arafat/busco_downloads/lineages/hypocreales_odb12.2/hmms/161183at5125.hmm /home/arafat/Foxy_SIX_Evolution/results/busco/GCA_003315725.1/run_hypocreales_odb12.2/miniprot_output/translated_proteins/161183at5125.faa 
# Current dir:     /home/arafat/Foxy_SIX_Evolution
# Date:            Thu Sep 24 13:02:53 2026
# [ok]
