#                                                                                                                  --- full sequence --- -------------- this domain -------------   hmm coord   ali coord   env coord
# target name                                              accession   tlen query name           accession   qlen   E-value  score  bias   #  of  c-Evalue  i-Evalue  score  bias  from    to  from    to  from    to  acc description of target
#                                      ------------------- ---------- ----- -------------------- ---------- ----- --------- ------ ----- --- --- --------- --------- ------ ----- ----- ----- ----- ----- ----- ----- ---- ---------------------
162355at5125_2030778_0:000c04|CM010335.1:4432695-4434320|- -            380 162355               -            287  1.5e-177  577.5   1.5   1   2   4.6e-49   4.6e-49  155.8   0.0     5    88     1    84     1    91 0.95 <unknown description>
162355at5125_2030778_0:000c04|CM010335.1:4432695-4434320|- -            380 162355               -            287  1.5e-177  577.5   1.5   2   2  7.2e-130  7.2e-130  421.0   0.7    78   287    91   301    86   301 0.98 <unknown description>
162355at5125_1399860_1:001066|CM010335.1:4433178-4434093|- -            242 162355               -            287  3.5e-136  441.7   1.4   1   2   4.3e-07   4.3e-07   18.1   0.0    65    88     1    24     1    31 0.85 <unknown description>
162355at5125_1399860_1:001066|CM010335.1:4433178-4434093|- -            242 162355               -            287  3.5e-136  441.7   1.4   2   2  1.7e-130  1.7e-130  423.1   0.7    78   287    31   241    25   241 0.98 <unknown description>
162355at5125_1111077_0:000137|CM010335.1:4433443-4434320|- -            215 162355               -            287  2.8e-116  376.4   5.7   1   2   1.5e-49   1.5e-49  157.4   0.0     5    89     1    85     1    91 0.95 <unknown description>
162355at5125_1111077_0:000137|CM010335.1:4433443-4434320|- -            215 162355               -            287  2.8e-116  376.4   5.7   2   2   3.4e-67   3.4e-67  215.3   4.2    78   216    91   214    86   215 0.98 <unknown description>
162355at5125_426428_0:000201|CM010335.1:4433126-4434320|-  -            320 162355               -            287  4.5e-110  356.0   0.5   1   1  7.5e-107  7.5e-107  345.5   0.5     5   183     1   196     1   204 0.93 <unknown description>
162355at5125_63577_0:001620|CM010335.1:4433622-4434320|-   -            185 162355               -            287  1.7e-105  341.0   1.2   1   2   1.1e-49   1.1e-49  157.9   0.0     5    89     1    85     1    91 0.95 <unknown description>
162355at5125_63577_0:001620|CM010335.1:4433622-4434320|-   -            185 162355               -            287  1.7e-105  341.0   1.2   2   2   3.5e-57   3.5e-57  182.4   0.5    78   172    91   185    86   185 0.98 <unknown description>
162355at5125_1806559_0:001578|CM010335.1:4433178-4433682|- -            152 162355               -            287   2.8e-78  251.7   4.6   1   1   2.8e-77   2.8e-77  248.4   4.6   153   287     2   151     1   151 0.91 <unknown description>
162355at5125_1806559_0:000e05|CM010335.1:4434066-4434320|- -             70 162355               -            287   3.3e-45  143.2   0.0   1   1   3.6e-45   3.6e-45  143.0   0.0     5    74     1    70     1    70 0.99 <unknown description>
#
# Program:         hmmsearch
# Version:         3.4 (Aug 2023)
# Pipeline mode:   SEARCH
# Query file:      /home/arafat/busco_downloads/lineages/hypocreales_odb12.2/hmms/162355at5125.hmm
# Target file:     /home/arafat/Foxy_SIX_Evolution/results/busco/GCA_003315725.1/run_hypocreales_odb12.2/miniprot_output/translated_proteins/162355at5125.faa
# Option settings: hmmsearch --domtblout /home/arafat/Foxy_SIX_Evolution/results/busco/GCA_003315725.1/run_hypocreales_odb12.2/hmmer_output/162355at5125.out --cpu 1 /home/arafat/busco_downloads/lineages/hypocreales_odb12.2/hmms/162355at5125.hmm /home/arafat/Foxy_SIX_Evolution/results/busco/GCA_003315725.1/run_hypocreales_odb12.2/miniprot_output/translated_proteins/162355at5125.faa 
# Current dir:     /home/arafat/Foxy_SIX_Evolution
# Date:            Thu Sep 24 13:02:36 2026
# [ok]
