#                                                                                                                  --- full sequence --- -------------- this domain -------------   hmm coord   ali coord   env coord
# target name                                              accession   tlen query name           accession   qlen   E-value  score  bias   #  of  c-Evalue  i-Evalue  score  bias  from    to  from    to  from    to  acc description of target
#                                      ------------------- ---------- ----- -------------------- ---------- ----- --------- ------ ----- --- --- --------- --------- ------ ----- ----- ----- ----- ----- ----- ----- ---- ---------------------
163989at5125_42672_0:00102f|CM010337.1:1032424-1033687|-   -            362 163989               -            318  4.2e-205  668.9  12.6   1   1  4.2e-205  4.7e-205  668.7  12.6     1   317    44   360    44   361 1.00 <unknown description>
163989at5125_1276135_0:000198|CM010337.1:1032424-1035623|- -            345 163989               -            318  6.8e-205  668.2  12.9   1   1  6.9e-205  7.8e-205  668.0  12.9     2   317    28   343    27   344 1.00 <unknown description>
163989at5125_1279085_0:001703|CM010337.1:1032424-1034451|- -            409 163989               -            318  3.5e-201  656.0  10.3   1   1  3.6e-201  4.1e-201  655.8  10.3     5   317    95   407    91   408 0.99 <unknown description>
163989at5125_2714763_0:00003e|CM010337.1:1032424-1033389|- -            305 163989               -            318  8.9e-199  648.1  12.1   1   1  8.9e-199    1e-198  647.9  12.1    15   317     1   303     1   304 1.00 <unknown description>
163989at5125_751941_0:002ead|CM010337.1:1031106-1033502|-  -            526 163989               -            318    8e-175  569.4  10.6   1   1  9.6e-175  1.1e-174  569.0  10.6     2   273     1   272     1   280 0.99 <unknown description>
163989at5125_948311_1:00206f|CM010337.1:1031106-1034457|-  -            604 163989               -            318  2.9e-166  541.3   7.5   1   1  3.6e-166  4.1e-166  540.8   7.5     5   266    97   358    93   363 0.98 <unknown description>
163989at5125_117187_0:0015e4|CM010337.1:1032424-1033092|-  -            206 163989               -            318  5.1e-137  445.2   3.8   1   1    5e-137  5.6e-137  445.1   3.8   114   317     1   204     1   205 0.99 <unknown description>
163989at5125_2747967_0:00048b|CM010337.1:1032641-1033502|- -            263 163989               -            318  3.6e-120  389.9   5.2   1   1  3.8e-120  4.3e-120  389.6   5.2     2   197     1   196     1   217 0.97 <unknown description>
#
# Program:         hmmsearch
# Version:         3.4 (Aug 2023)
# Pipeline mode:   SEARCH
# Query file:      /home/arafat/busco_downloads/lineages/hypocreales_odb12.2/hmms/163989at5125.hmm
# Target file:     /home/arafat/Foxy_SIX_Evolution/results/busco/GCA_003315725.1/run_hypocreales_odb12.2/miniprot_output/translated_proteins/163989at5125.faa
# Option settings: hmmsearch --domtblout /home/arafat/Foxy_SIX_Evolution/results/busco/GCA_003315725.1/run_hypocreales_odb12.2/hmmer_output/163989at5125.out --cpu 1 /home/arafat/busco_downloads/lineages/hypocreales_odb12.2/hmms/163989at5125.hmm /home/arafat/Foxy_SIX_Evolution/results/busco/GCA_003315725.1/run_hypocreales_odb12.2/miniprot_output/translated_proteins/163989at5125.faa 
# Current dir:     /home/arafat/Foxy_SIX_Evolution
# Date:            Thu Sep 24 13:02:49 2026
# [ok]
