#                                                                                                                  --- full sequence --- -------------- this domain -------------   hmm coord   ali coord   env coord
# target name                                              accession   tlen query name           accession   qlen   E-value  score  bias   #  of  c-Evalue  i-Evalue  score  bias  from    to  from    to  from    to  acc description of target
#                                      ------------------- ---------- ----- -------------------- ---------- ----- --------- ------ ----- --- --- --------- --------- ------ ----- ----- ----- ----- ----- ----- ----- ---- ---------------------
165144at5125_1089452_0:000158|CM010335.1:4967206-4968598|- -            432 165144               -            399  1.5e-218  714.4   5.2   1   1  1.5e-217  1.5e-217  711.1   5.2     1   399     7   431     7   431 0.92 <unknown description>
165144at5125_1803897_0:002250|CM010335.1:4967206-4968190|- -            329 165144               -            399  7.8e-171  557.2   0.6   1   1  9.6e-170  9.6e-170  553.6   0.6    95   399     1   328     1   328 0.90 <unknown description>
165144at5125_63577_0:001751|CM010335.1:4967206-4967938|-   -            245 165144               -            399  1.6e-144  470.6   0.1   1   1  1.8e-144  1.8e-144  470.5   0.1   160   399     1   244     1   244 0.98 <unknown description>
165144at5125_1163406_0:002134|CM010335.1:4967689-4968598|- -            271 165144               -            399  2.2e-109  354.9   3.8   1   1  3.3e-108  3.3e-108  351.1   3.8     1   238     7   270     7   271 0.87 <unknown description>
165144at5125_93591_0:00076e|CM010335.1:4967968-4968589|-   -            175 165144               -            399   2.4e-71  229.6   4.3   1   1   2.7e-71   2.7e-71  229.5   4.3     1   158     4   171     4   175 0.90 <unknown description>
165144at5125_468837_0:0009bc|CM010335.1:4967206-4967467|-  -             88 165144               -            399   1.1e-57  184.7   1.5   1   1   1.2e-57   1.2e-57  184.5   1.5   313   399     1    87     1    87 0.99 <unknown description>
165144at5125_1803897_0:00225d|CM010335.1:4968256-4968598|- -             99 165144               -            399     1e-39  125.5   1.0   1   1   1.2e-39   1.2e-39  125.3   1.0     1    87     7    96     7    98 0.95 <unknown description>
#
# Program:         hmmsearch
# Version:         3.4 (Aug 2023)
# Pipeline mode:   SEARCH
# Query file:      /home/arafat/busco_downloads/lineages/hypocreales_odb12.2/hmms/165144at5125.hmm
# Target file:     /home/arafat/Foxy_SIX_Evolution/results/busco/GCA_003315725.1/run_hypocreales_odb12.2/miniprot_output/translated_proteins/165144at5125.faa
# Option settings: hmmsearch --domtblout /home/arafat/Foxy_SIX_Evolution/results/busco/GCA_003315725.1/run_hypocreales_odb12.2/hmmer_output/165144at5125.out --cpu 1 /home/arafat/busco_downloads/lineages/hypocreales_odb12.2/hmms/165144at5125.hmm /home/arafat/Foxy_SIX_Evolution/results/busco/GCA_003315725.1/run_hypocreales_odb12.2/miniprot_output/translated_proteins/165144at5125.faa 
# Current dir:     /home/arafat/Foxy_SIX_Evolution
# Date:            Thu Sep 24 13:02:59 2026
# [ok]
