#                                                                                                                  --- full sequence --- -------------- this domain -------------   hmm coord   ali coord   env coord
# target name                                              accession   tlen query name           accession   qlen   E-value  score  bias   #  of  c-Evalue  i-Evalue  score  bias  from    to  from    to  from    to  acc description of target
#                                      ------------------- ---------- ----- -------------------- ---------- ----- --------- ------ ----- --- --- --------- --------- ------ ----- ----- ----- ----- ----- ----- ----- ---- ---------------------
166828at5125_47803_0:002528|CM010340.1:2049469-2050765|+   -            360 166828               -            271  3.9e-139  451.6   1.0   1   3   1.1e-29   1.1e-29   92.7   0.9     2    72    16    86    15    90 0.91 <unknown description>
166828at5125_47803_0:002528|CM010340.1:2049469-2050765|+   -            360 166828               -            271  3.9e-139  451.6   1.0   2   3   2.6e-23   2.6e-23   71.8   0.0    56   118   108   175   100   193 0.82 <unknown description>
166828at5125_47803_0:002528|CM010340.1:2049469-2050765|+   -            360 166828               -            271  3.9e-139  451.6   1.0   3   3     4e-88     4e-88  284.3   0.0   110   270   193   356   180   357 0.92 <unknown description>
166828at5125_1859967_0:0015a8|CM010340.1:2049466-2052672|+ -            369 166828               -            271    3e-138  448.7   0.0   1   2     4e-55     4e-55  176.1   0.0     2   118    17   139    16   157 0.89 <unknown description>
166828at5125_1859967_0:0015a8|CM010340.1:2049466-2052672|+ -            369 166828               -            271    3e-138  448.7   0.0   2   2   4.3e-84   4.3e-84  271.1   0.0   110   260   157   310   144   318 0.91 <unknown description>
166828at5125_42677_0:001ffb|CM010340.1:2049749-2050765|+   -            268 166828               -            271  1.3e-118  384.3   0.0   1   2   3.4e-31   3.4e-31   97.6   0.0    42   118     1    83     1   101 0.85 <unknown description>
166828at5125_42677_0:001ffb|CM010340.1:2049749-2050765|+   -            268 166828               -            271  1.3e-118  384.3   0.0   2   2   1.8e-88   1.8e-88  285.4   0.0   110   270   101   264    88   265 0.92 <unknown description>
166828at5125_61235_0:0013e6|CM010340.1:2049969-2050765|+   -            250 166828               -            271    1e-109  355.1   0.0   1   2   3.3e-22   3.3e-22   68.2   0.0    59   118     1    65     1    83 0.82 <unknown description>
166828at5125_61235_0:0013e6|CM010340.1:2049969-2050765|+   -            250 166828               -            271    1e-109  355.1   0.0   2   2   1.4e-88   1.4e-88  285.8   0.0   110   270    83   246    69   247 0.92 <unknown description>
166828at5125_2714763_0:00106a|CM010340.1:2050146-2050747|+ -            185 166828               -            271   1.8e-88  285.5   0.0   1   1   2.1e-88   2.1e-88  285.2   0.0   110   267    24   184    11   185 0.92 <unknown description>
166828at5125_96774_0:0013d6|CM010340.1:2049502-2050461|+   -            227 166828               -            271   1.6e-86  279.0   0.0   1   2   1.3e-55   1.3e-55  177.7   0.0     2   118     5   127     4   145 0.89 <unknown description>
166828at5125_96774_0:0013d6|CM010340.1:2049502-2050461|+   -            227 166828               -            271   1.6e-86  279.0   0.0   2   2   6.2e-32   6.2e-32  100.0   0.0   110   189   145   227   132   227 0.86 <unknown description>
166828at5125_468837_0:0012b2|CM010340.1:2050293-2050747|+  -            136 166828               -            271     5e-78  251.2   0.1   1   1   5.5e-78   5.5e-78  251.1   0.1   136   267     1   135     1   136 0.94 <unknown description>
166828at5125_96774_0:001271|CM010340.1:2050461-2050747|+   -             80 166828               -            271   1.6e-52  167.6   0.1   1   1   1.7e-52   1.7e-52  167.5   0.1   189   267     1    79     1    80 0.99 <unknown description>
#
# Program:         hmmsearch
# Version:         3.4 (Aug 2023)
# Pipeline mode:   SEARCH
# Query file:      /home/arafat/busco_downloads/lineages/hypocreales_odb12.2/hmms/166828at5125.hmm
# Target file:     /home/arafat/Foxy_SIX_Evolution/results/busco/GCA_003315725.1/run_hypocreales_odb12.2/miniprot_output/translated_proteins/166828at5125.faa
# Option settings: hmmsearch --domtblout /home/arafat/Foxy_SIX_Evolution/results/busco/GCA_003315725.1/run_hypocreales_odb12.2/hmmer_output/166828at5125.out --cpu 1 /home/arafat/busco_downloads/lineages/hypocreales_odb12.2/hmms/166828at5125.hmm /home/arafat/Foxy_SIX_Evolution/results/busco/GCA_003315725.1/run_hypocreales_odb12.2/miniprot_output/translated_proteins/166828at5125.faa 
# Current dir:     /home/arafat/Foxy_SIX_Evolution
# Date:            Thu Sep 24 13:02:46 2026
# [ok]
