#                                                                                                                --- full sequence --- -------------- this domain -------------   hmm coord   ali coord   env coord
# target name                                            accession   tlen query name           accession   qlen   E-value  score  bias   #  of  c-Evalue  i-Evalue  score  bias  from    to  from    to  from    to  acc description of target
#                                    ------------------- ---------- ----- -------------------- ---------- ----- --------- ------ ----- --- --- --------- --------- ------ ----- ----- ----- ----- ----- ----- ----- ---- ---------------------
167651at5125_660025_0:00250d|CM010339.1:979680-988017|-  -           1532 167651               -           1165         0 2365.8   0.7   1   2  4.7e-272  4.7e-272  894.2   0.0     1   472    22   545    22   554 0.91 <unknown description>
167651at5125_660025_0:00250d|CM010339.1:979680-988017|-  -           1532 167651               -           1165         0 2365.8   0.7   2   2         0         0 1469.1   0.1   471  1160   577  1288   564  1293 0.95 <unknown description>
167651at5125_1531966_0:00243a|CM010339.1:974272-988017|- -           1436 167651               -           1165         0 2352.9   0.5   1   2    5e-268    5e-268  880.9   0.0     1   472    22   555    22   565 0.89 <unknown description>
167651at5125_1531966_0:00243a|CM010339.1:974272-988017|- -           1436 167651               -           1165         0 2352.9   0.5   2   2         0         0 1469.4   0.1   471  1160   587  1298   574  1303 0.95 <unknown description>
167651at5125_660027_0:001de1|CM010339.1:983166-988017|-  -           1489 167651               -           1165         0 2319.6   2.8   1   2  2.1e-257  2.1e-257  845.7   0.3     1   472    22   578    22   589 0.86 <unknown description>
167651at5125_660027_0:001de1|CM010339.1:983166-988017|-  -           1489 167651               -           1165         0 2319.6   2.8   2   2         0         0 1469.2   0.1   471  1160   610  1321   597  1326 0.95 <unknown description>
167651at5125_983965_0:001c18|CM010339.1:980890-987536|-  -           1373 167651               -           1165         0 2213.3   0.5   1   2  8.3e-226  8.3e-226  741.0   0.0    70   472    11   464     3   475 0.89 <unknown description>
167651at5125_983965_0:001c18|CM010339.1:980890-987536|-  -           1373 167651               -           1165         0 2213.3   0.5   2   2         0         0 1469.5   0.1   471  1160   496  1207   483  1212 0.95 <unknown description>
167651at5125_2004951_0:002366|CM010339.1:984324-988020|- -           1081 167651               -           1165         0 1987.8   3.2   1   2  2.7e-268  2.7e-268  881.8   0.0     1   472    23   556    23   565 0.89 <unknown description>
167651at5125_2004951_0:002366|CM010339.1:984324-988020|- -           1081 167651               -           1165         0 1987.8   3.2   2   2         0         0 1104.9   1.2   471   958   588  1081   575  1081 0.98 <unknown description>
167651at5125_94208_0:0013f7|CM010339.1:983313-987078|-   -           1240 167651               -           1165         0 1903.5  12.0   1   2  4.3e-142  4.3e-142  463.8   1.0   177   472     1   361     1   370 0.85 <unknown description>
167651at5125_94208_0:0013f7|CM010339.1:983313-987078|-   -           1240 167651               -           1165         0 1903.5  12.0   2   2         0         0 1442.7   4.1   471  1160   393  1121   382  1126 0.94 <unknown description>
167651at5125_1806559_0:001d38|CM010339.1:983166-985854|- -            864 167651               -           1165         0 1434.4   0.1   1   1         0         0 1434.1   0.1   494  1160    11   696     1   701 0.95 <unknown description>
167651at5125_1163406_0:001130|CM010339.1:985680-987954|- -            640 167651               -           1165  1.9e-300  988.2   5.1   1   2  5.7e-269  5.7e-269  884.0   0.1     1   472     1   534     1   545 0.89 <unknown description>
167651at5125_1163406_0:001130|CM010339.1:985680-987954|- -            640 167651               -           1165  1.9e-300  988.2   5.1   2   2   1.5e-33   1.5e-33  104.3   1.5   470   539   565   637   552   640 0.86 <unknown description>
#
# Program:         hmmsearch
# Version:         3.4 (Aug 2023)
# Pipeline mode:   SEARCH
# Query file:      /home/arafat/busco_downloads/lineages/hypocreales_odb12.2/hmms/167651at5125.hmm
# Target file:     /home/arafat/Foxy_SIX_Evolution/results/busco/GCA_003315725.1/run_hypocreales_odb12.2/miniprot_output/translated_proteins/167651at5125.faa
# Option settings: hmmsearch --domtblout /home/arafat/Foxy_SIX_Evolution/results/busco/GCA_003315725.1/run_hypocreales_odb12.2/hmmer_output/167651at5125.out --cpu 1 /home/arafat/busco_downloads/lineages/hypocreales_odb12.2/hmms/167651at5125.hmm /home/arafat/Foxy_SIX_Evolution/results/busco/GCA_003315725.1/run_hypocreales_odb12.2/miniprot_output/translated_proteins/167651at5125.faa 
# Current dir:     /home/arafat/Foxy_SIX_Evolution
# Date:            Thu Sep 24 13:02:56 2026
# [ok]
