#                                                                                                                  --- full sequence --- -------------- this domain -------------   hmm coord   ali coord   env coord
# target name                                              accession   tlen query name           accession   qlen   E-value  score  bias   #  of  c-Evalue  i-Evalue  score  bias  from    to  from    to  from    to  acc description of target
#                                      ------------------- ---------- ----- -------------------- ---------- ----- --------- ------ ----- --- --- --------- --------- ------ ----- ----- ----- ----- ----- ----- ----- ---- ---------------------
167616at5125_1163406_0:000508|CM010341.1:2691786-2705760|+ -           1786 167616               -           1253         0 1736.0  51.6   1   7     1e-12     1e-12   35.7   0.0    14    65   120   175   112   195 0.82 <unknown description>
167616at5125_1163406_0:000508|CM010341.1:2691786-2705760|+ -           1786 167616               -           1253         0 1736.0  51.6   2   7   3.6e-38   3.6e-38  120.0   0.1    64   162   218   323   185   344 0.80 <unknown description>
167616at5125_1163406_0:000508|CM010341.1:2691786-2705760|+ -           1786 167616               -           1253         0 1736.0  51.6   3   7  1.4e-207  1.4e-207  681.2   7.6   151   604   351   870   332   879 0.82 <unknown description>
167616at5125_1163406_0:000508|CM010341.1:2691786-2705760|+ -           1786 167616               -           1253         0 1736.0  51.6   4   7   1.4e-41   1.4e-41  131.3  11.2   603   792   900  1157   888  1161 0.69 <unknown description>
167616at5125_1163406_0:000508|CM010341.1:2691786-2705760|+ -           1786 167616               -           1253         0 1736.0  51.6   5   7     2e-33     2e-33  104.3   0.8   780   878  1170  1271  1155  1285 0.83 <unknown description>
167616at5125_1163406_0:000508|CM010341.1:2691786-2705760|+ -           1786 167616               -           1253         0 1736.0  51.6   6   7   6.7e-19   6.7e-19   56.2   0.3   855   953  1298  1420  1285  1428 0.77 <unknown description>
167616at5125_1163406_0:000508|CM010341.1:2691786-2705760|+ -           1786 167616               -           1253         0 1736.0  51.6   7   7  1.4e-187  1.4e-187  615.0   0.3   965  1253  1479  1785  1455  1785 0.91 <unknown description>
167616at5125_5507_3:0032da|CM010341.1:2699593-2705760|+    -           1850 167616               -           1253         0 1735.3  51.4   1   7   1.1e-12   1.1e-12   35.6   0.0    14    65   184   239   176   259 0.82 <unknown description>
167616at5125_5507_3:0032da|CM010341.1:2699593-2705760|+    -           1850 167616               -           1253         0 1735.3  51.4   2   7   3.7e-38   3.7e-38  120.0   0.1    64   162   282   387   249   408 0.80 <unknown description>
167616at5125_5507_3:0032da|CM010341.1:2699593-2705760|+    -           1850 167616               -           1253         0 1735.3  51.4   3   7  1.5e-207  1.5e-207  681.1   7.6   151   604   415   934   396   943 0.82 <unknown description>
167616at5125_5507_3:0032da|CM010341.1:2699593-2705760|+    -           1850 167616               -           1253         0 1735.3  51.4   4   7   1.4e-41   1.4e-41  131.3  11.1   603   792   964  1221   952  1225 0.69 <unknown description>
167616at5125_5507_3:0032da|CM010341.1:2699593-2705760|+    -           1850 167616               -           1253         0 1735.3  51.4   5   7   1.8e-33   1.8e-33  104.4   0.9   772   878  1224  1335  1216  1349 0.83 <unknown description>
167616at5125_5507_3:0032da|CM010341.1:2699593-2705760|+    -           1850 167616               -           1253         0 1735.3  51.4   6   7   6.4e-19   6.4e-19   56.2   0.3   855   953  1362  1484  1344  1493 0.77 <unknown description>
167616at5125_5507_3:0032da|CM010341.1:2699593-2705760|+    -           1850 167616               -           1253         0 1735.3  51.4   7   7  1.5e-187  1.5e-187  614.9   0.3   965  1253  1543  1849  1519  1849 0.91 <unknown description>
167616at5125_2604345_0:00259d|CM010341.1:2701293-2705760|+ -           1490 167616               -           1253         0 1592.6  51.2   1   7   2.5e-05   2.5e-05   11.2   0.2   136   162     1    27     1    40 0.84 <unknown description>
167616at5125_2604345_0:00259d|CM010341.1:2701293-2705760|+ -           1490 167616               -           1253         0 1592.6  51.2   2   7  1.5e-131  1.5e-131  429.4   0.5   151   365    55   270    36   291 0.91 <unknown description>
167616at5125_2604345_0:00259d|CM010341.1:2701293-2705760|+ -           1490 167616               -           1253         0 1592.6  51.2   3   7   9.6e-82   9.6e-82  264.4   1.7   362   603   294   573   271   582 0.80 <unknown description>
167616at5125_2604345_0:00259d|CM010341.1:2701293-2705760|+ -           1490 167616               -           1253         0 1592.6  51.2   4   7   1.3e-41   1.3e-41  131.4  11.5   603   792   604   861   592   864 0.69 <unknown description>
167616at5125_2604345_0:00259d|CM010341.1:2701293-2705760|+ -           1490 167616               -           1253         0 1592.6  51.2   5   7   1.4e-33   1.4e-33  104.8   0.8   775   878   867   975   857   991 0.83 <unknown description>
167616at5125_2604345_0:00259d|CM010341.1:2701293-2705760|+ -           1490 167616               -           1253         0 1592.6  51.2   6   7     5e-19     5e-19   56.6   0.3   855   953  1002  1124   984  1132 0.77 <unknown description>
167616at5125_2604345_0:00259d|CM010341.1:2701293-2705760|+ -           1490 167616               -           1253         0 1592.6  51.2   7   7  1.1e-187  1.1e-187  615.4   0.3   965  1253  1183  1489  1159  1489 0.91 <unknown description>
167616at5125_93591_0:0013c6|CM010341.1:2700987-2704575|+   -           1197 167616               -           1253         0 1085.4  42.2   1   6   3.5e-38   3.5e-38  120.1   0.2    65   162    25   129     3   150 0.84 <unknown description>
167616at5125_93591_0:0013c6|CM010341.1:2700987-2704575|+   -           1197 167616               -           1253         0 1085.4  42.2   2   6  9.1e-132  9.1e-132  430.1   0.5   151   366   157   373   136   396 0.91 <unknown description>
167616at5125_93591_0:0013c6|CM010341.1:2700987-2704575|+   -           1197 167616               -           1253         0 1085.4  42.2   3   6   6.1e-82   6.1e-82  265.0   1.6   362   604   396   676   373   685 0.80 <unknown description>
167616at5125_93591_0:0013c6|CM010341.1:2700987-2704575|+   -           1197 167616               -           1253         0 1085.4  42.2   4   6   1.1e-41   1.1e-41  131.7  11.7   603   792   706   963   694   966 0.69 <unknown description>
167616at5125_93591_0:0013c6|CM010341.1:2700987-2704575|+   -           1197 167616               -           1253         0 1085.4  42.2   5   6   1.1e-33   1.1e-33  105.2   0.8   775   878   969  1077   959  1093 0.83 <unknown description>
167616at5125_93591_0:0013c6|CM010341.1:2700987-2704575|+   -           1197 167616               -           1253         0 1085.4  42.2   6   6     3e-16     3e-16   47.4   0.0   855   935  1104  1197  1083  1197 0.79 <unknown description>
167616at5125_1331945_0:001366|CM010341.1:2702322-2705760|+ -           1038 167616               -           1253         0 1076.6  39.8   1   5     4e-72     4e-72  232.5   0.1   406   604     1   231     1   241 0.82 <unknown description>
167616at5125_1331945_0:001366|CM010341.1:2702322-2705760|+ -           1038 167616               -           1253         0 1076.6  39.8   2   5     1e-41     1e-41  131.8  12.1   603   792   261   518   249   524 0.69 <unknown description>
167616at5125_1331945_0:001366|CM010341.1:2702322-2705760|+ -           1038 167616               -           1253         0 1076.6  39.8   3   5     1e-33     1e-33  105.2   0.8   780   878   531   632   516   645 0.83 <unknown description>
167616at5125_1331945_0:001366|CM010341.1:2702322-2705760|+ -           1038 167616               -           1253         0 1076.6  39.8   4   5   3.2e-19   3.2e-19   57.3   0.4   855   953   659   781   638   788 0.77 <unknown description>
167616at5125_1331945_0:001366|CM010341.1:2702322-2705760|+ -           1038 167616               -           1253         0 1076.6  39.8   5   5  1.4e-171  1.4e-171  562.0   1.9  1011  1253   791  1037   786  1037 0.98 <unknown description>
167616at5125_29875_0:0018dc|CM010341.1:2703324-2705760|+   -            813 167616               -           1253  6.4e-262  861.2  21.3   1   4   4.5e-30   4.5e-30   93.2   2.0   652   792     3   184     1   188 0.71 <unknown description>
167616at5125_29875_0:0018dc|CM010341.1:2703324-2705760|+   -            813 167616               -           1253  6.4e-262  861.2  21.3   2   4   6.9e-34   6.9e-34  105.8   0.9   780   878   197   298   181   314 0.83 <unknown description>
167616at5125_29875_0:0018dc|CM010341.1:2703324-2705760|+   -            813 167616               -           1253  6.4e-262  861.2  21.3   3   4   2.4e-19   2.4e-19   57.7   0.3   856   953   326   447   314   456 0.77 <unknown description>
167616at5125_29875_0:0018dc|CM010341.1:2703324-2705760|+   -            813 167616               -           1253  6.4e-262  861.2  21.3   4   4  3.4e-188  3.4e-188  617.0   0.3   965  1253   506   812   482   812 0.91 <unknown description>
167616at5125_29875_0:0014cb|CM010341.1:2700155-2703033|+   -            873 167616               -           1253  3.2e-258  849.0  12.8   1   4   4.2e-13   4.2e-13   37.0   0.0    14    66   116   172   107   193 0.82 <unknown description>
167616at5125_29875_0:0014cb|CM010341.1:2700155-2703033|+   -            873 167616               -           1253  3.2e-258  849.0  12.8   2   4   1.5e-38   1.5e-38  121.3   0.1    64   162   214   319   181   336 0.80 <unknown description>
167616at5125_29875_0:0014cb|CM010341.1:2700155-2703033|+   -            873 167616               -           1253  3.2e-258  849.0  12.8   3   4  5.5e-132  5.5e-132  430.8   0.5   151   366   347   563   327   586 0.91 <unknown description>
167616at5125_29875_0:0014cb|CM010341.1:2700155-2703033|+   -            873 167616               -           1253  3.2e-258  849.0  12.8   4   4     5e-82     5e-82  265.3   1.8   363   603   587   865   565   869 0.80 <unknown description>
167616at5125_150374_0:00084c|CM010341.1:2700071-2701986|+  -            474 167616               -           1253  1.6e-145  475.6   9.7   1   3   0.00052   0.00052    6.9   0.0    14    30   144   164   136   167 0.74 <unknown description>
167616at5125_150374_0:00084c|CM010341.1:2700071-2701986|+  -            474 167616               -           1253  1.6e-145  475.6   9.7   2   3     2e-38     2e-38  120.9   0.2    68   162   168   269   164   288 0.84 <unknown description>
167616at5125_150374_0:00084c|CM010341.1:2700071-2701986|+  -            474 167616               -           1253  1.6e-145  475.6   9.7   3   3  3.9e-108  3.9e-108  351.8   2.3   151   327   297   474   275   474 0.92 <unknown description>
#
# Program:         hmmsearch
# Version:         3.4 (Aug 2023)
# Pipeline mode:   SEARCH
# Query file:      /home/arafat/busco_downloads/lineages/hypocreales_odb12.2/hmms/167616at5125.hmm
# Target file:     /home/arafat/Foxy_SIX_Evolution/results/busco/GCA_003315725.1/run_hypocreales_odb12.2/miniprot_output/translated_proteins/167616at5125.faa
# Option settings: hmmsearch --domtblout /home/arafat/Foxy_SIX_Evolution/results/busco/GCA_003315725.1/run_hypocreales_odb12.2/hmmer_output/167616at5125.out --cpu 1 /home/arafat/busco_downloads/lineages/hypocreales_odb12.2/hmms/167616at5125.hmm /home/arafat/Foxy_SIX_Evolution/results/busco/GCA_003315725.1/run_hypocreales_odb12.2/miniprot_output/translated_proteins/167616at5125.faa 
# Current dir:     /home/arafat/Foxy_SIX_Evolution
# Date:            Thu Sep 24 13:02:54 2026
# [ok]
