#                                                                                                                  --- full sequence --- -------------- this domain -------------   hmm coord   ali coord   env coord
# target name                                              accession   tlen query name           accession   qlen   E-value  score  bias   #  of  c-Evalue  i-Evalue  score  bias  from    to  from    to  from    to  acc description of target
#                                      ------------------- ---------- ----- -------------------- ---------- ----- --------- ------ ----- --- --- --------- --------- ------ ----- ----- ----- ----- ----- ----- ----- ---- ---------------------
167888at5125_1089452_0:00274f|CM010340.1:1272332-1274987|- -            886 167888               -            872         0 1805.5   5.9   1   1         0         0 1805.3   5.9     1   872     1   885     1   885 0.98 <unknown description>
167888at5125_2885761_0:00260f|CM010340.1:1272332-1276799|- -           1024 167888               -            872         0 1793.6   4.8   1   1         0         0 1793.3   4.8     6   872   144  1023   140  1023 0.98 <unknown description>
167888at5125_2773459_0:001a52|CM010340.1:1273076-1274987|- -            638 167888               -            872         0 1310.1   4.2   1   1         0         0 1309.9   4.2     1   627     1   633     1   638 0.98 <unknown description>
167888at5125_111463_0:00124f|CM010340.1:1272332-1274144|-  -            605 167888               -            872         0 1234.2   9.7   1   1         0         0 1234.0   9.7   277   872     1   604     1   604 0.98 <unknown description>
167888at5125_61374_0:0026b8|CM010340.1:1273503-1274987|-   -            495 167888               -            872  3.2e-295  970.3   3.5   1   1  3.8e-295  3.8e-295  970.0   3.5     1   478     1   484     1   486 0.98 <unknown description>
167888at5125_96318_0:003d6c|CM010340.1:1273489-1276101|-   -            534 167888               -            872  3.9e-295  970.0   3.3   1   1  4.7e-295  4.7e-295  969.7   3.3     1   478    35   518    35   522 0.98 <unknown description>
167888at5125_2773459_0:000390|CM010340.1:1272332-1273181|- -            284 167888               -            872  1.3e-160  524.9   4.3   1   1  1.4e-160  1.4e-160  524.7   4.3   597   872     1   283     1   283 0.96 <unknown description>
#
# Program:         hmmsearch
# Version:         3.4 (Aug 2023)
# Pipeline mode:   SEARCH
# Query file:      /home/arafat/busco_downloads/lineages/hypocreales_odb12.2/hmms/167888at5125.hmm
# Target file:     /home/arafat/Foxy_SIX_Evolution/results/busco/GCA_003315725.1/run_hypocreales_odb12.2/miniprot_output/translated_proteins/167888at5125.faa
# Option settings: hmmsearch --domtblout /home/arafat/Foxy_SIX_Evolution/results/busco/GCA_003315725.1/run_hypocreales_odb12.2/hmmer_output/167888at5125.out --cpu 1 /home/arafat/busco_downloads/lineages/hypocreales_odb12.2/hmms/167888at5125.hmm /home/arafat/Foxy_SIX_Evolution/results/busco/GCA_003315725.1/run_hypocreales_odb12.2/miniprot_output/translated_proteins/167888at5125.faa 
# Current dir:     /home/arafat/Foxy_SIX_Evolution
# Date:            Thu Sep 24 13:02:59 2026
# [ok]
