#                                                                                                                  --- full sequence --- -------------- this domain -------------   hmm coord   ali coord   env coord
# target name                                              accession   tlen query name           accession   qlen   E-value  score  bias   #  of  c-Evalue  i-Evalue  score  bias  from    to  from    to  from    to  acc description of target
#                                      ------------------- ---------- ----- -------------------- ---------- ----- --------- ------ ----- --- --- --------- --------- ------ ----- ----- ----- ----- ----- ----- ----- ---- ---------------------
167865at5125_396571_0:000d32|CM010336.1:3547641-3550321|+  -            841 167865               -            782         0 1132.6   3.6   1   2         0         0 1111.5   1.2     8   733    11   764     4   784 0.90 <unknown description>
167865at5125_396571_0:000d32|CM010336.1:3547641-3550321|+  -            841 167865               -            782         0 1132.6   3.6   2   2     6e-08     6e-08   21.1   0.1   737   781   796   839   783   840 0.89 <unknown description>
167865at5125_1081108_0:001b05|CM010336.1:3541301-3550105|+ -            767 167865               -            782         0 1109.4   2.0   1   1         0         0 1108.4   2.0     9   728    10   757     4   766 0.90 <unknown description>
167865at5125_1280523_0:000458|CM010336.1:3543218-3550321|+ -            866 167865               -            782         0 1092.1   5.0   1   2         0         0 1070.8   2.1    11   732    13   788     6   806 0.88 <unknown description>
167865at5125_1280523_0:000458|CM010336.1:3543218-3550321|+ -            866 167865               -            782         0 1092.1   5.0   2   2   6.1e-08   6.1e-08   21.1   0.1   737   781   821   864   805   865 0.89 <unknown description>
167865at5125_426428_0:000f89|CM010336.1:3547629-3549707|+  -            656 167865               -            782         0 1036.7   7.2   1   1         0         0 1035.5   7.2     8   608    15   628     8   649 0.94 <unknown description>
167865at5125_96774_0:00154d|CM010336.1:3547680-3552885|+   -            783 167865               -            782         0 1027.3   8.9   1   2  1.4e-116  1.4e-116  380.3   2.6    13   266     3   268     1   268 0.92 <unknown description>
167865at5125_96774_0:00154d|CM010336.1:3547680-3552885|+   -            783 167865               -            782         0 1027.3   8.9   2   2  3.9e-198  3.9e-198  650.0   0.4   298   776   269   737   269   743 0.89 <unknown description>
167865at5125_123648_0:00022d|CM010336.1:3548038-3549588|+  -            498 167865               -            782  2.2e-275  905.5   5.1   1   1  2.4e-275  2.4e-275  905.4   5.1   100   597     4   498     1   498 0.97 <unknown description>
167865at5125_2885761_0:002728|CM010336.1:3548449-3549774|+ -            423 167865               -            782  1.1e-210  691.6   2.7   1   1  1.3e-210  1.3e-210  691.3   2.7   237   630     1   401     1   406 0.94 <unknown description>
167865at5125_490622_0:0026a2|CM010336.1:3548688-3550306|+  -            524 167865               -            782  6.5e-200  655.9   1.4   1   2  5.5e-194  5.5e-194  636.3   0.2   298   733     1   452     1   470 0.88 <unknown description>
167865at5125_490622_0:0026a2|CM010336.1:3548688-3550306|+  -            524 167865               -            782  6.5e-200  655.9   1.4   2   2   2.6e-07   2.6e-07   19.0   0.1   737   778   484   524   470   524 0.89 <unknown description>
167865at5125_490622_0:001bcb|CM010336.1:3547641-3548629|+  -            302 167865               -            782  2.4e-124  406.0   5.1   1   1    7e-124    7e-124  404.5   5.1     8   297    11   301     4   302 0.92 <unknown description>
167865at5125_93591_0:0016a2|CM010336.1:3549000-3550129|+   -            361 167865               -            782  3.1e-113  369.3   0.0   1   1  3.7e-113  3.7e-113  369.0   0.0   402   730     1   345     1   360 0.85 <unknown description>
167865at5125_93591_0:001157|CM010336.1:3547647-3548194|+   -            166 167865               -            782   3.3e-59  190.6   3.4   1   1   1.3e-58   1.3e-58  188.6   3.4     8   149     9   166     3   166 0.87 <unknown description>
#
# Program:         hmmsearch
# Version:         3.4 (Aug 2023)
# Pipeline mode:   SEARCH
# Query file:      /home/arafat/busco_downloads/lineages/hypocreales_odb12.2/hmms/167865at5125.hmm
# Target file:     /home/arafat/Foxy_SIX_Evolution/results/busco/GCA_003315725.1/run_hypocreales_odb12.2/miniprot_output/translated_proteins/167865at5125.faa
# Option settings: hmmsearch --domtblout /home/arafat/Foxy_SIX_Evolution/results/busco/GCA_003315725.1/run_hypocreales_odb12.2/hmmer_output/167865at5125.out --cpu 1 /home/arafat/busco_downloads/lineages/hypocreales_odb12.2/hmms/167865at5125.hmm /home/arafat/Foxy_SIX_Evolution/results/busco/GCA_003315725.1/run_hypocreales_odb12.2/miniprot_output/translated_proteins/167865at5125.faa 
# Current dir:     /home/arafat/Foxy_SIX_Evolution
# Date:            Thu Sep 24 13:02:58 2026
# [ok]
