#                                                                                                                  --- full sequence --- -------------- this domain -------------   hmm coord   ali coord   env coord
# target name                                              accession   tlen query name           accession   qlen   E-value  score  bias   #  of  c-Evalue  i-Evalue  score  bias  from    to  from    to  from    to  acc description of target
#                                      ------------------- ---------- ----- -------------------- ---------- ----- --------- ------ ----- --- --- --------- --------- ------ ----- ----- ----- ----- ----- ----- ----- ---- ---------------------
167949at5125_48865_0:003805|CM010339.1:1315966-1317816|-   -            617 167949               -            435  2.2e-219  717.4   9.0   1   2   1.1e-37   1.1e-37  118.7   0.1     3    94    79   171    77   175 0.96 <unknown description>
167949at5125_48865_0:003805|CM010339.1:1315966-1317816|-   -            617 167949               -            435  2.2e-219  717.4   9.0   2   2    8e-184    8e-184  600.2   5.4    78   435   216   613   206   613 0.89 <unknown description>
167949at5125_2898082_0:000024|CM010339.1:1314874-1317694|- -            781 167949               -            435  8.6e-219  715.5   9.2   1   2   1.5e-37   1.5e-37  118.2   0.1     3    94    39   131    37   135 0.96 <unknown description>
167949at5125_2898082_0:000024|CM010339.1:1314874-1317694|- -            781 167949               -            435  8.6e-219  715.5   9.2   2   2    3e-183    3e-183  598.3   5.6    78   434   176   572   166   573 0.89 <unknown description>
167949at5125_1576542_0:003ccf|CM010339.1:1316221-1317694|- -            492 167949               -            435  8.6e-180  587.0   4.9   1   2   7.5e-38   7.5e-38  119.2   0.1     3    94    39   131    37   135 0.96 <unknown description>
167949at5125_1576542_0:003ccf|CM010339.1:1316221-1317694|- -            492 167949               -            435  8.6e-180  587.0   4.9   2   2  5.7e-144  5.7e-144  468.9   1.7    77   359   175   492   165   492 0.88 <unknown description>
167949at5125_655827_0:0009c1|CM010339.1:1315972-1325550|-  -            573 167949               -            435  1.2e-145  474.4   8.0   1   3   9.5e-38   9.5e-38  118.9   0.1     3    94   174   266   172   270 0.96 <unknown description>
167949at5125_655827_0:0009c1|CM010339.1:1315972-1325550|-  -            573 167949               -            435  1.2e-145  474.4   8.0   2   3   1.5e-62   1.5e-62  200.6   0.2   180   291   327   444   306   447 0.90 <unknown description>
167949at5125_655827_0:0009c1|CM010339.1:1315972-1325550|-  -            573 167949               -            435  1.2e-145  474.4   8.0   3   3   7.7e-50   7.7e-50  158.7   0.6   326   435   447   571   444   571 0.90 <unknown description>
167949at5125_426428_0:002aa2|CM010339.1:1316807-1317694|-  -            296 167949               -            435   7.9e-88  283.9   3.4   1   2   3.1e-38   3.1e-38  120.5   0.1     3    94    39   131    37   135 0.96 <unknown description>
167949at5125_426428_0:002aa2|CM010339.1:1316807-1317694|-  -            296 167949               -            435   7.9e-88  283.9   3.4   2   2     2e-51     2e-51  163.9   0.8    77   180   175   287   165   292 0.83 <unknown description>
167949at5125_1291518_0:002065|CM010339.1:1317055-1317694|- -            214 167949               -            435   3.3e-50  160.0   0.2   1   2   1.5e-38   1.5e-38  121.5   0.1     3    94    39   131    37   135 0.96 <unknown description>
167949at5125_1291518_0:002065|CM010339.1:1317055-1317694|- -            214 167949               -            435   3.3e-50  160.0   0.2   2   2   8.3e-13   8.3e-13   36.7   0.0    77   110   175   214   164   214 0.71 <unknown description>
167949at5125_5530_0:001b0c|CM010339.1:1315966-1316305|-    -            114 167949               -            435   5.3e-46  146.1   0.6   1   1   6.3e-46   6.3e-46  145.8   0.6   345   435    15   110    11   110 0.93 <unknown description>
#
# Program:         hmmsearch
# Version:         3.4 (Aug 2023)
# Pipeline mode:   SEARCH
# Query file:      /home/arafat/busco_downloads/lineages/hypocreales_odb12.2/hmms/167949at5125.hmm
# Target file:     /home/arafat/Foxy_SIX_Evolution/results/busco/GCA_003315725.1/run_hypocreales_odb12.2/miniprot_output/translated_proteins/167949at5125.faa
# Option settings: hmmsearch --domtblout /home/arafat/Foxy_SIX_Evolution/results/busco/GCA_003315725.1/run_hypocreales_odb12.2/hmmer_output/167949at5125.out --cpu 1 /home/arafat/busco_downloads/lineages/hypocreales_odb12.2/hmms/167949at5125.hmm /home/arafat/Foxy_SIX_Evolution/results/busco/GCA_003315725.1/run_hypocreales_odb12.2/miniprot_output/translated_proteins/167949at5125.faa 
# Current dir:     /home/arafat/Foxy_SIX_Evolution
# Date:            Thu Sep 24 13:02:59 2026
# [ok]
