#                                                                                                                  --- full sequence --- -------------- this domain -------------   hmm coord   ali coord   env coord
# target name                                              accession   tlen query name           accession   qlen   E-value  score  bias   #  of  c-Evalue  i-Evalue  score  bias  from    to  from    to  from    to  acc description of target
#                                      ------------------- ---------- ----- -------------------- ---------- ----- --------- ------ ----- --- --- --------- --------- ------ ----- ----- ----- ----- ----- ----- ----- ---- ---------------------
168018at5125_100902_0:0035be|CM010340.1:1189478-1191922|+  -            797 168018               -            741         0 1145.8  52.7   1   2   2.2e-61   2.2e-61  197.8  36.3     1   315     1   323     1   325 0.81 <unknown description>
168018at5125_100902_0:0035be|CM010340.1:1189478-1191922|+  -            797 168018               -            741         0 1145.8  52.7   2   2  4.9e-291  4.9e-291  957.0  15.4   270   739   307   793   306   795 0.95 <unknown description>
168018at5125_2773459_0:0023e2|CM010340.1:1187324-1191922|+ -           1217 168018               -            741         0 1143.3  51.8   1   2   5.3e-61   5.3e-61  196.5  36.2     1   314   421   742   421   744 0.81 <unknown description>
168018at5125_2773459_0:0023e2|CM010340.1:1187324-1191922|+ -           1217 168018               -            741         0 1143.3  51.8   2   2  4.8e-291  4.8e-291  957.1  18.3   262   739   715  1213   712  1215 0.93 <unknown description>
168018at5125_1859967_0:0015c9|CM010340.1:1189478-1192791|+ -            953 168018               -            741         0 1134.2  51.7   1   2   1.8e-61   1.8e-61  198.1  36.0     1   316     1   324     1   329 0.81 <unknown description>
168018at5125_1859967_0:0015c9|CM010340.1:1189478-1192791|+ -            953 168018               -            741         0 1134.2  51.7   2   2  5.5e-288  5.5e-288  947.0  18.5   261   730   294   784   291   792 0.93 <unknown description>
168018at5125_29875_0:002023|CM010340.1:1184753-1191910|+   -            723 168018               -            741         0 1031.3  42.2   1   3     1e-17     1e-17   53.4   6.0     1    70    88   156    88   162 0.92 <unknown description>
168018at5125_29875_0:002023|CM010340.1:1184753-1191910|+   -            723 168018               -            741         0 1031.3  42.2   2   3   9.4e-11   9.4e-11   30.4   2.9   141   208   159   220   154   224 0.82 <unknown description>
168018at5125_29875_0:002023|CM010340.1:1184753-1191910|+   -            723 168018               -            741         0 1031.3  42.2   3   3  1.2e-291  1.2e-291  959.1  21.7   244   738   208   722   206   723 0.93 <unknown description>
168018at5125_2604345_0:0017e3|CM010340.1:1190567-1191922|+ -            434 168018               -            741    9e-280  919.8   2.0   1   1  1.1e-279  1.1e-279  919.5   2.0   327   739    18   430     5   432 0.98 <unknown description>
168018at5125_160281_0:004404|CM010340.1:1190834-1191889|+  -            334 168018               -            741    2e-235  773.2   7.1   1   1  2.2e-235  2.2e-235  773.1   7.1   399   732     1   334     1   334 1.00 <unknown description>
168018at5125_911162_0:00185e|CM010340.1:1191053-1191916|+  -            270 168018               -            741  6.2e-186  609.6   7.1   1   1  6.8e-186  6.8e-186  609.4   7.1   472   739     1   268     1   270 0.99 <unknown description>
168018at5125_58853_0:002603|CM010340.1:1190522-1191308|+   -            263 168018               -            741  5.4e-166  543.6   0.6   1   1  6.1e-166  6.1e-166  543.5   0.6   305   557     2   263     1   263 0.96 <unknown description>
168018at5125_983965_0:0026e2|CM010340.1:1191311-1191907|+  -            181 168018               -            741  5.2e-114  371.8   2.3   1   1  5.7e-114  5.7e-114  371.6   2.3   558   737     1   180     1   181 0.99 <unknown description>
#
# Program:         hmmsearch
# Version:         3.4 (Aug 2023)
# Pipeline mode:   SEARCH
# Query file:      /home/arafat/busco_downloads/lineages/hypocreales_odb12.2/hmms/168018at5125.hmm
# Target file:     /home/arafat/Foxy_SIX_Evolution/results/busco/GCA_003315725.1/run_hypocreales_odb12.2/miniprot_output/translated_proteins/168018at5125.faa
# Option settings: hmmsearch --domtblout /home/arafat/Foxy_SIX_Evolution/results/busco/GCA_003315725.1/run_hypocreales_odb12.2/hmmer_output/168018at5125.out --cpu 1 /home/arafat/busco_downloads/lineages/hypocreales_odb12.2/hmms/168018at5125.hmm /home/arafat/Foxy_SIX_Evolution/results/busco/GCA_003315725.1/run_hypocreales_odb12.2/miniprot_output/translated_proteins/168018at5125.faa 
# Current dir:     /home/arafat/Foxy_SIX_Evolution
# Date:            Thu Sep 24 13:03:00 2026
# [ok]
