#                                                                                                                  --- full sequence --- -------------- this domain -------------   hmm coord   ali coord   env coord
# target name                                              accession   tlen query name           accession   qlen   E-value  score  bias   #  of  c-Evalue  i-Evalue  score  bias  from    to  from    to  from    to  acc description of target
#                                      ------------------- ---------- ----- -------------------- ---------- ----- --------- ------ ----- --- --- --------- --------- ------ ----- ----- ----- ----- ----- ----- ----- ---- ---------------------
168213at5125_1089452_0:001afd|CM010339.1:1058468-1062224|+ -           1253 168213               -            938         0 1637.6   0.1   1   3     0.002     0.002    4.2   0.1     1    28   155   187   155   200 0.76 <unknown description>
168213at5125_1089452_0:001afd|CM010339.1:1058468-1062224|+ -           1253 168213               -            938         0 1637.6   0.1   2   3         0         0 1608.4   0.0    24   922   209  1180   194  1186 0.91 <unknown description>
168213at5125_1089452_0:001afd|CM010339.1:1058468-1062224|+ -           1253 168213               -            938         0 1637.6   0.1   3   3   2.2e-08   2.2e-08   20.6   1.6   889   935  1190  1237  1173  1241 0.70 <unknown description>
168213at5125_47278_0:001109|CM010339.1:1053162-1062215|+   -           1264 168213               -            938         0 1637.5   0.1   1   3     0.002     0.002    4.2   0.1     1    28   169   201   169   214 0.76 <unknown description>
168213at5125_47278_0:001109|CM010339.1:1053162-1062215|+   -           1264 168213               -            938         0 1637.5   0.1   2   3         0         0 1608.3   0.0    24   922   223  1194   208  1200 0.91 <unknown description>
168213at5125_47278_0:001109|CM010339.1:1053162-1062215|+   -           1264 168213               -            938         0 1637.5   0.1   3   3   2.2e-08   2.2e-08   20.6   1.6   889   935  1204  1251  1187  1255 0.70 <unknown description>
168213at5125_1195189_0:0019c4|CM010339.1:1040239-1062212|+ -           1353 168213               -            938         0 1637.0   0.1   1   3    0.0022    0.0022    4.0   0.1     1    28   259   291   259   301 0.76 <unknown description>
168213at5125_1195189_0:0019c4|CM010339.1:1040239-1062212|+ -           1353 168213               -            938         0 1637.0   0.1   2   3         0         0 1608.1   0.0    24   922   313  1284   293  1290 0.91 <unknown description>
168213at5125_1195189_0:0019c4|CM010339.1:1040239-1062212|+ -           1353 168213               -            938         0 1637.0   0.1   3   3   2.4e-08   2.4e-08   20.5   1.6   889   935  1294  1341  1277  1345 0.70 <unknown description>
168213at5125_2004951_0:00283d|CM010339.1:1059101-1061531|+ -            811 168213               -            938         0 1431.0   0.0   1   1         0         0 1430.6   0.0    29   786     3   811     1   811 0.93 <unknown description>
168213at5125_2773459_0:003546|CM010339.1:1058513-1060751|+ -            747 168213               -            938  3.3e-255  837.5   0.0   1   2    0.0012    0.0012    5.0   0.1     1    28   140   172   140   182 0.76 <unknown description>
168213at5125_2773459_0:003546|CM010339.1:1058513-1060751|+ -            747 168213               -            938  3.3e-255  837.5   0.0   2   2  4.4e-253  4.4e-253  830.4   0.0    24   529   194   747   171   747 0.89 <unknown description>
168213at5125_2773459_0:00305f|CM010339.1:1060799-1062224|+ -            476 168213               -            938  1.8e-225  739.1   3.9   1   2  3.9e-219  3.9e-219  718.1   0.1   545   922     1   403     1   410 0.92 <unknown description>
168213at5125_2773459_0:00305f|CM010339.1:1060799-1062224|+ -            476 168213               -            938  1.8e-225  739.1   3.9   2   2   7.7e-09   7.7e-09   22.1   1.7   889   935   413   460   397   464 0.70 <unknown description>
#
# Program:         hmmsearch
# Version:         3.4 (Aug 2023)
# Pipeline mode:   SEARCH
# Query file:      /home/arafat/busco_downloads/lineages/hypocreales_odb12.2/hmms/168213at5125.hmm
# Target file:     /home/arafat/Foxy_SIX_Evolution/results/busco/GCA_003315725.1/run_hypocreales_odb12.2/miniprot_output/translated_proteins/168213at5125.faa
# Option settings: hmmsearch --domtblout /home/arafat/Foxy_SIX_Evolution/results/busco/GCA_003315725.1/run_hypocreales_odb12.2/hmmer_output/168213at5125.out --cpu 1 /home/arafat/busco_downloads/lineages/hypocreales_odb12.2/hmms/168213at5125.hmm /home/arafat/Foxy_SIX_Evolution/results/busco/GCA_003315725.1/run_hypocreales_odb12.2/miniprot_output/translated_proteins/168213at5125.faa 
# Current dir:     /home/arafat/Foxy_SIX_Evolution
# Date:            Thu Sep 24 13:03:02 2026
# [ok]
