#                                                                                                                  --- full sequence --- -------------- this domain -------------   hmm coord   ali coord   env coord
# target name                                              accession   tlen query name           accession   qlen   E-value  score  bias   #  of  c-Evalue  i-Evalue  score  bias  from    to  from    to  from    to  acc description of target
#                                      ------------------- ---------- ----- -------------------- ---------- ----- --------- ------ ----- --- --- --------- --------- ------ ----- ----- ----- ----- ----- ----- ----- ---- ---------------------
169985at5125_426428_0:00377a|CM010341.1:1227017-1231280|+  -           1388 169985               -           1295         0 2558.9   0.2   1   2         0         0 2541.8   0.0     3  1289     8  1353     6  1360 0.94 <unknown description>
169985at5125_426428_0:00377a|CM010341.1:1227017-1231280|+  -           1388 169985               -           1295         0 2558.9   0.2   2   2     7e-07     7e-07   15.4   0.1  1272  1295  1364  1387  1357  1387 0.91 <unknown description>
169985at5125_1567541_0:002c00|CM010341.1:1227017-1230170|+ -           1035 169985               -           1295         0 1904.3   0.1   1   1         0         0 1904.1   0.1     3   989     8  1035     6  1035 0.95 <unknown description>
169985at5125_48507_0:003035|CM010341.1:1227017-1229372|+   -            769 169985               -           1295         0 1327.8   0.1   1   1         0         0 1327.5   0.1     3   727     8   769     6   769 0.94 <unknown description>
169985at5125_1331945_0:002003|CM010341.1:1229333-1231280|+ -            633 169985               -           1295         0 1237.3   5.0   1   2         0         0 1222.6   1.2   714  1289     1   598     1   606 0.95 <unknown description>
169985at5125_1331945_0:002003|CM010341.1:1229333-1231280|+ -            633 169985               -           1295         0 1237.3   5.0   2   2   2.9e-07   2.9e-07   16.7   0.2  1272  1295   609   632   600   632 0.90 <unknown description>
169985at5125_2502994_0:001103|CM010341.1:1229705-1230635|+ -            311 169985               -           1295  4.3e-212  695.3   0.8   1   1  4.8e-212  4.8e-212  695.1   0.8   838  1141     1   310     1   310 0.98 <unknown description>
#
# Program:         hmmsearch
# Version:         3.4 (Aug 2023)
# Pipeline mode:   SEARCH
# Query file:      /home/arafat/busco_downloads/lineages/hypocreales_odb12.2/hmms/169985at5125.hmm
# Target file:     /home/arafat/Foxy_SIX_Evolution/results/busco/GCA_003315725.1/run_hypocreales_odb12.2/miniprot_output/translated_proteins/169985at5125.faa
# Option settings: hmmsearch --domtblout /home/arafat/Foxy_SIX_Evolution/results/busco/GCA_003315725.1/run_hypocreales_odb12.2/hmmer_output/169985at5125.out --cpu 1 /home/arafat/busco_downloads/lineages/hypocreales_odb12.2/hmms/169985at5125.hmm /home/arafat/Foxy_SIX_Evolution/results/busco/GCA_003315725.1/run_hypocreales_odb12.2/miniprot_output/translated_proteins/169985at5125.faa 
# Current dir:     /home/arafat/Foxy_SIX_Evolution
# Date:            Thu Sep 24 13:02:39 2026
# [ok]
