#                                                                                                                  --- full sequence --- -------------- this domain -------------   hmm coord   ali coord   env coord
# target name                                              accession   tlen query name           accession   qlen   E-value  score  bias   #  of  c-Evalue  i-Evalue  score  bias  from    to  from    to  from    to  acc description of target
#                                      ------------------- ---------- ----- -------------------- ---------- ----- --------- ------ ----- --- --- --------- --------- ------ ----- ----- ----- ----- ----- ----- ----- ---- ---------------------
169905at5125_1089452_0:0003d5|CM010335.1:2216968-2219373|- -            702 169905               -            663         0 1076.2   8.9   1   1         0         0 1076.0   8.9     5   663     7   701     3   701 0.93 <unknown description>
169905at5125_1567552_0:000036|CM010335.1:2214796-2219373|- -            832 169905               -            663         0 1068.5   9.3   1   1         0         0 1068.2   9.3     5   661     7   699     3   701 0.93 <unknown description>
169905at5125_1042133_0:00018a|CM010335.1:2216968-2222229|- -           1265 169905               -            663         0 1037.3   7.9   1   2       2.2       2.2   -4.5   0.7   381   443   407   470   368   478 0.53 <unknown description>
169905at5125_1042133_0:00018a|CM010335.1:2216968-2222229|- -           1265 169905               -            663         0 1037.3   7.9   2   2         0         0 1037.3   7.9     9   663   558  1264   550  1264 0.92 <unknown description>
169905at5125_1330021_0:000ee3|CM010335.1:2216302-2219271|- -            672 169905               -            663  4.8e-298  979.0   8.0   1   1    6e-298    6e-298  978.7   8.0    14   634     1   654     1   660 0.93 <unknown description>
169905at5125_983644_0:001b85|CM010335.1:2216968-2218884|-  -            590 169905               -            663  1.2e-287  944.7   6.2   1   1  1.4e-287  1.4e-287  944.5   6.2   102   663     2   589     1   589 0.94 <unknown description>
169905at5125_468837_0:001c09|CM010335.1:2217703-2219271|-  -            449 169905               -            663  2.7e-193  632.9  12.4   1   1  1.5e-192  1.5e-192  630.4  12.4    14   424     1   448     1   449 0.91 <unknown description>
169905at5125_123648_0:0015b1|CM010335.1:2216968-2218198|-  -            393 169905               -            663  1.2e-180  591.1   1.6   1   1  1.3e-180  1.3e-180  591.0   1.6   284   663     1   392     1   392 0.95 <unknown description>
169905at5125_96774_0:000d32|CM010335.1:2218465-2219154|-   -            197 169905               -            663   6.7e-84  271.4   5.1   1   2   5.8e-60   5.8e-60  192.3   0.7    45   164     2   123     1   132 0.95 <unknown description>
169905at5125_96774_0:000d32|CM010335.1:2218465-2219154|-   -            197 169905               -            663   6.7e-84  271.4   5.1   2   2   1.9e-26   1.9e-26   81.6   0.3   165   212   150   197   140   197 0.92 <unknown description>
169905at5125_123648_0:001792|CM010335.1:2218462-2219406|-  -            242 169905               -            663     2e-80  259.9  13.0   1   2   2.7e-54   2.7e-54  173.6   6.9     5   164    18   167    14   176 0.87 <unknown description>
169905at5125_123648_0:001792|CM010335.1:2218462-2219406|-  -            242 169905               -            663     2e-80  259.9  13.0   2   2   2.5e-26   2.5e-26   81.2   0.3   165   212   194   241   185   242 0.92 <unknown description>
169905at5125_468837_0:001e13|CM010335.1:2216968-2217349|-  -            128 169905               -            663   9.4e-78  251.1   0.1   1   1     1e-77     1e-77  251.0   0.1   539   663     2   127     1   127 0.97 <unknown description>
#
# Program:         hmmsearch
# Version:         3.4 (Aug 2023)
# Pipeline mode:   SEARCH
# Query file:      /home/arafat/busco_downloads/lineages/hypocreales_odb12.2/hmms/169905at5125.hmm
# Target file:     /home/arafat/Foxy_SIX_Evolution/results/busco/GCA_003315725.1/run_hypocreales_odb12.2/miniprot_output/translated_proteins/169905at5125.faa
# Option settings: hmmsearch --domtblout /home/arafat/Foxy_SIX_Evolution/results/busco/GCA_003315725.1/run_hypocreales_odb12.2/hmmer_output/169905at5125.out --cpu 1 /home/arafat/busco_downloads/lineages/hypocreales_odb12.2/hmms/169905at5125.hmm /home/arafat/Foxy_SIX_Evolution/results/busco/GCA_003315725.1/run_hypocreales_odb12.2/miniprot_output/translated_proteins/169905at5125.faa 
# Current dir:     /home/arafat/Foxy_SIX_Evolution
# Date:            Thu Sep 24 13:02:37 2026
# [ok]
