#                                                                                                                  --- full sequence --- -------------- this domain -------------   hmm coord   ali coord   env coord
# target name                                              accession   tlen query name           accession   qlen   E-value  score  bias   #  of  c-Evalue  i-Evalue  score  bias  from    to  from    to  from    to  acc description of target
#                                      ------------------- ---------- ----- -------------------- ---------- ----- --------- ------ ----- --- --- --------- --------- ------ ----- ----- ----- ----- ----- ----- ----- ---- ---------------------
170089at5125_1330021_0:000757|CM010336.1:1192725-1204980|+ -           1617 170089               -           1135         0 1777.5  86.2   1   6         0         0 1176.8  24.6     1   624     1   662     1   668 0.90 <unknown description>
170089at5125_1330021_0:000757|CM010336.1:1192725-1204980|+ -           1617 170089               -           1135         0 1777.5  86.2   2   6   1.3e-15   1.3e-15   46.1   1.7   616   660   699   744   664   755 0.75 <unknown description>
170089at5125_1330021_0:000757|CM010336.1:1192725-1204980|+ -           1617 170089               -           1135         0 1777.5  86.2   3   6   4.5e-05   4.5e-05   11.2   0.0   656   683   866   893   855   903 0.83 <unknown description>
170089at5125_1330021_0:000757|CM010336.1:1192725-1204980|+ -           1617 170089               -           1135         0 1777.5  86.2   4   6   0.00016   0.00016    9.3   5.8   664   769   963  1064   941  1073 0.71 <unknown description>
170089at5125_1330021_0:000757|CM010336.1:1192725-1204980|+ -           1617 170089               -           1135         0 1777.5  86.2   5   6   3.3e-39   3.3e-39  124.2  27.2   682   863  1049  1253  1034  1255 0.78 <unknown description>
170089at5125_1330021_0:000757|CM010336.1:1192725-1204980|+ -           1617 170089               -           1135         0 1777.5  86.2   6   6  1.3e-130  1.3e-130  426.9   1.7   803  1089  1246  1548  1240  1557 0.87 <unknown description>
170089at5125_72712_0:003838|CM010336.1:1192725-1198256|+   -           1588 170089               -           1135         0 1723.9  87.8   1   6         0         0 1043.9  23.4     1   631     1   653     1   657 0.88 <unknown description>
170089at5125_72712_0:003838|CM010336.1:1192725-1198256|+   -           1588 170089               -           1135         0 1723.9  87.8   2   6   3.2e-16   3.2e-16   48.0   4.0   560   662   654   749   648   758 0.67 <unknown description>
170089at5125_72712_0:003838|CM010336.1:1192725-1198256|+   -           1588 170089               -           1135         0 1723.9  87.8   3   6   0.00019   0.00019    9.1   0.0   655   683   797   825   786   835 0.83 <unknown description>
170089at5125_72712_0:003838|CM010336.1:1192725-1198256|+   -           1588 170089               -           1135         0 1723.9  87.8   4   6    0.0002    0.0002    9.0   3.7   664   745   895   975   873   996 0.63 <unknown description>
170089at5125_72712_0:003838|CM010336.1:1192725-1198256|+   -           1588 170089               -           1135         0 1723.9  87.8   5   6   1.8e-39   1.8e-39  125.1  27.7   666   863  1015  1236   997  1238 0.76 <unknown description>
170089at5125_72712_0:003838|CM010336.1:1192725-1198256|+   -           1588 170089               -           1135         0 1723.9  87.8   6   6  1.1e-154  1.1e-154  506.7   0.4   803  1135  1229  1585  1224  1585 0.87 <unknown description>
170089at5125_5507_4:001732|CM010336.1:1192725-1195260|+    -            777 170089               -           1135         0 1223.0  37.6   1   2         0         0 1181.3  26.1     1   631     1   669     1   673 0.89 <unknown description>
170089at5125_5507_4:001732|CM010336.1:1192725-1195260|+    -            777 170089               -           1135         0 1223.0  37.6   2   2   3.2e-16   3.2e-16   48.1   4.0   561   659   671   763   665   773 0.65 <unknown description>
170089at5125_1208366_0:00347f|CM010336.1:1193937-1198256|+ -           1215 170089               -           1135         0 1060.3  78.6   1   5  2.4e-108  2.4e-108  353.1  17.4   335   631    19   334     4   338 0.84 <unknown description>
170089at5125_1208366_0:00347f|CM010336.1:1193937-1198256|+ -           1215 170089               -           1135         0 1060.3  78.6   2   5   9.3e-27   9.3e-27   83.0   2.0   560   683   335   452   329   462 0.72 <unknown description>
170089at5125_1208366_0:00347f|CM010336.1:1193937-1198256|+ -           1215 170089               -           1135         0 1060.3  78.6   3   5   0.00015   0.00015    9.4   3.7   664   744   522   601   500   622 0.62 <unknown description>
170089at5125_1208366_0:00347f|CM010336.1:1193937-1198256|+ -           1215 170089               -           1135         0 1060.3  78.6   4   5   1.2e-39   1.2e-39  125.6  27.7   666   863   642   863   624   865 0.76 <unknown description>
170089at5125_1208366_0:00347f|CM010336.1:1193937-1198256|+ -           1215 170089               -           1135         0 1060.3  78.6   5   5  6.5e-155  6.5e-155  507.4   0.4   803  1135   856  1212   850  1212 0.87 <unknown description>
170089at5125_1208366_0:003213|CM010336.1:1192725-1194063|+ -            378 170089               -           1135  5.6e-252  828.8  10.9   1   1  6.6e-252  6.6e-252  828.6  10.9     1   359     1   361     1   374 0.95 <unknown description>
170089at5125_2773459_0:00002e|CM010336.1:1192725-1194510|+ -            491 170089               -           1135  4.1e-235  773.0  16.2   1   2   6.3e-05   6.3e-05   10.7   0.0     1    15     1    15     1    21 0.93 <unknown description>
170089at5125_2773459_0:00002e|CM010336.1:1192725-1194510|+ -            491 170089               -           1135  4.1e-235  773.0  16.2   2   2  4.2e-232  4.2e-232  763.0  13.1    75   500    39   490    36   491 0.88 <unknown description>
170089at5125_42673_0:001286|CM010336.1:1195503-1198256|+   -            835 170089               -           1135  3.1e-198  650.9  45.5   1   5   9.1e-05   9.1e-05   10.1   0.0   654   683    43    72    33    82 0.83 <unknown description>
170089at5125_42673_0:001286|CM010336.1:1195503-1198256|+   -            835 170089               -           1135  3.1e-198  650.9  45.5   2   5   0.00013   0.00013    9.7   4.2   664   746   142   223   120   243 0.63 <unknown description>
170089at5125_42673_0:001286|CM010336.1:1195503-1198256|+   -            835 170089               -           1135  3.1e-198  650.9  45.5   3   5   0.00013   0.00013    9.6   4.2   666   762   262   357   246   359 0.67 <unknown description>
170089at5125_42673_0:001286|CM010336.1:1195503-1198256|+   -            835 170089               -           1135  3.1e-198  650.9  45.5   4   5   2.8e-41   2.8e-41  131.1  16.0   739   863   355   483   347   485 0.89 <unknown description>
170089at5125_42673_0:001286|CM010336.1:1195503-1198256|+   -            835 170089               -           1135  3.1e-198  650.9  45.5   5   5    3e-155    3e-155  508.5   0.4   803  1135   476   832   471   832 0.87 <unknown description>
170089at5125_5507_4:001538|CM010336.1:1196099-1198256|+    -            720 170089               -           1135  2.3e-195  641.3  44.5   1   3   9.3e-05   9.3e-05   10.1   4.0   664   746    27   108     5   128 0.63 <unknown description>
170089at5125_5507_4:001538|CM010336.1:1196099-1198256|+    -            720 170089               -           1135  2.3e-195  641.3  44.5   2   3     5e-40     5e-40  126.9  27.6   670   863   151   368   134   370 0.76 <unknown description>
170089at5125_5507_4:001538|CM010336.1:1196099-1198256|+    -            720 170089               -           1135  2.3e-195  641.3  44.5   3   3  2.2e-155  2.2e-155  508.9   0.5   803  1135   361   717   356   717 0.87 <unknown description>
170089at5125_1399860_1:001649|CM010336.1:1196780-1198256|+ -            493 170089               -           1135  2.4e-194  637.9  20.4   1   2     1e-41     1e-41  132.5  16.2   739   863    13   141     4   147 0.88 <unknown description>
170089at5125_1399860_1:001649|CM010336.1:1196780-1198256|+ -            493 170089               -           1135  2.4e-194  637.9  20.4   2   2  7.5e-156  7.5e-156  510.5   0.5   803  1135   134   490   128   490 0.87 <unknown description>
170089at5125_468837_0:002ae1|CM010336.1:1192725-1193454|+  -            175 170089               -           1135  5.7e-139  454.6   9.8   1   1  6.4e-139  6.4e-139  454.4   9.8     1   175     1   175     1   175 1.00 <unknown description>
#
# Program:         hmmsearch
# Version:         3.4 (Aug 2023)
# Pipeline mode:   SEARCH
# Query file:      /home/arafat/busco_downloads/lineages/hypocreales_odb12.2/hmms/170089at5125.hmm
# Target file:     /home/arafat/Foxy_SIX_Evolution/results/busco/GCA_003315725.1/run_hypocreales_odb12.2/miniprot_output/translated_proteins/170089at5125.faa
# Option settings: hmmsearch --domtblout /home/arafat/Foxy_SIX_Evolution/results/busco/GCA_003315725.1/run_hypocreales_odb12.2/hmmer_output/170089at5125.out --cpu 1 /home/arafat/busco_downloads/lineages/hypocreales_odb12.2/hmms/170089at5125.hmm /home/arafat/Foxy_SIX_Evolution/results/busco/GCA_003315725.1/run_hypocreales_odb12.2/miniprot_output/translated_proteins/170089at5125.faa 
# Current dir:     /home/arafat/Foxy_SIX_Evolution
# Date:            Thu Sep 24 13:02:40 2026
# [ok]
