#                                                                                                                  --- full sequence --- -------------- this domain -------------   hmm coord   ali coord   env coord
# target name                                              accession   tlen query name           accession   qlen   E-value  score  bias   #  of  c-Evalue  i-Evalue  score  bias  from    to  from    to  from    to  acc description of target
#                                      ------------------- ---------- ----- -------------------- ---------- ----- --------- ------ ----- --- --- --------- --------- ------ ----- ----- ----- ----- ----- ----- ----- ---- ---------------------
170827at5125_1089452_0:000363|CM010335.1:4194063-4196854|- -            895 170827               -            751         0 1250.0  14.7   1   1         0         0 1249.2  14.7     6   718    21   821    13   837 0.87 <unknown description>
170827at5125_221167_0:001640|CM010335.1:4194063-4197588|-  -            967 170827               -            751         0 1249.0  15.2   1   1         0         0 1248.3  15.2     6   718    93   893    88   909 0.87 <unknown description>
170827at5125_78410_0:00026f|CM010335.1:4190744-4196854|-   -           1301 170827               -            751         0 1248.3  14.7   1   1         0         0 1247.5  14.7     6   718    21   821    13   837 0.87 <unknown description>
170827at5125_1859967_0:001f44|CM010335.1:4192264-4196854|- -           1039 170827               -            751         0 1247.5  17.0   1   1         0         0 1246.7  17.0     6   719    21   822    13   858 0.86 <unknown description>
170827at5125_751941_0:00246c|CM010335.1:4194063-4196272|-  -            701 170827               -            751  6.5e-306 1006.1   8.3   1   1  1.1e-305  1.1e-305 1005.4   8.3   160   718     1   627     1   643 0.86 <unknown description>
170827at5125_96318_0:00366d|CM010335.1:4194549-4196362|-   -            569 170827               -            751  1.1e-292  962.4   9.1   1   1  1.8e-292  1.8e-292  961.7   9.1   139   648     6   569     2   569 0.89 <unknown description>
170827at5125_1291518_0:000c65|CM010335.1:4194878-4196854|- -            631 170827               -            751  1.5e-282  928.9  19.6   1   1  1.8e-282  1.8e-282  928.6  19.6     6   555    21   631    13   631 0.88 <unknown description>
170827at5125_93591_0:002bec|CM010335.1:4194063-4195708|-   -            508 170827               -            751  2.1e-224  736.7   0.3   1   1  2.9e-224  2.9e-224  736.2   0.3   326   718     6   434     2   450 0.88 <unknown description>
170827at5125_123648_0:001b40|CM010335.1:4192255-4195385|-  -            652 170827               -            751  7.3e-201  658.8   0.4   1   1  1.2e-200  1.2e-200  658.1   0.4   392   718     4   351     1   367 0.90 <unknown description>
170827at5125_123648_0:001461|CM010335.1:4195546-4196854|-  -            437 170827               -            751  6.1e-175  573.1  25.7   1   1  7.5e-175  7.5e-175  572.8  25.7     6   372    21   435    13   437 0.87 <unknown description>
170827at5125_451672_0:0020ef|CM010335.1:4195154-4196227|-  -            358 170827               -            751  2.7e-129  422.2  11.4   1   2   6.8e-93   6.8e-93  301.8   9.0   175   397     1   256     1   273 0.83 <unknown description>
170827at5125_451672_0:0020ef|CM010335.1:4195154-4196227|-  -            358 170827               -            751  2.7e-129  422.2  11.4   2   2     3e-38     3e-38  121.2   0.0   389   464   281   358   260   358 0.88 <unknown description>
170827at5125_2692428_0:002a11|CM010335.1:4196035-4196854|- -            274 170827               -            751  9.9e-112  364.1  20.5   1   1  1.2e-111  1.2e-111  363.8  20.5     6   230    21   273    13   274 0.87 <unknown description>
#
# Program:         hmmsearch
# Version:         3.4 (Aug 2023)
# Pipeline mode:   SEARCH
# Query file:      /home/arafat/busco_downloads/lineages/hypocreales_odb12.2/hmms/170827at5125.hmm
# Target file:     /home/arafat/Foxy_SIX_Evolution/results/busco/GCA_003315725.1/run_hypocreales_odb12.2/miniprot_output/translated_proteins/170827at5125.faa
# Option settings: hmmsearch --domtblout /home/arafat/Foxy_SIX_Evolution/results/busco/GCA_003315725.1/run_hypocreales_odb12.2/hmmer_output/170827at5125.out --cpu 1 /home/arafat/busco_downloads/lineages/hypocreales_odb12.2/hmms/170827at5125.hmm /home/arafat/Foxy_SIX_Evolution/results/busco/GCA_003315725.1/run_hypocreales_odb12.2/miniprot_output/translated_proteins/170827at5125.faa 
# Current dir:     /home/arafat/Foxy_SIX_Evolution
# Date:            Thu Sep 24 13:02:51 2026
# [ok]
