#                                                                                                                  --- full sequence --- -------------- this domain -------------   hmm coord   ali coord   env coord
# target name                                              accession   tlen query name           accession   qlen   E-value  score  bias   #  of  c-Evalue  i-Evalue  score  bias  from    to  from    to  from    to  acc description of target
#                                      ------------------- ---------- ----- -------------------- ---------- ----- --------- ------ ----- --- --- --------- --------- ------ ----- ----- ----- ----- ----- ----- ----- ---- ---------------------
171040at5125_1089452_0:001c6b|CM010341.1:1708880-1710446|+ -            508 171040               -            363  5.2e-145  471.3  30.7   1   5   5.3e-37   5.3e-37  116.0   1.6     1    63     1    63     1    68 0.97 <unknown description>
171040at5125_1089452_0:001c6b|CM010341.1:1708880-1710446|+ -            508 171040               -            363  5.2e-145  471.3  30.7   2   5   0.00044   0.00044    7.7   0.2    61    88    83   110    78   121 0.87 <unknown description>
171040at5125_1089452_0:001c6b|CM010341.1:1708880-1710446|+ -            508 171040               -            363  5.2e-145  471.3  30.7   3   5   1.3e-87   1.3e-87  282.5   8.3    84   287   138   376   127   384 0.82 <unknown description>
171040at5125_1089452_0:001c6b|CM010341.1:1708880-1710446|+ -            508 171040               -            363  5.2e-145  471.3  30.7   4   5   1.8e-05   1.8e-05   12.2   0.8   263   329   383   457   376   460 0.75 <unknown description>
171040at5125_1089452_0:001c6b|CM010341.1:1708880-1710446|+ -            508 171040               -            363  5.2e-145  471.3  30.7   5   5   3.6e-21   3.6e-21   63.9   0.0   298   362   443   506   439   507 0.88 <unknown description>
171040at5125_150374_0:000253|CM010341.1:1708877-1709891|+  -            324 171040               -            363  7.2e-121  391.9  22.0   1   3   2.7e-37   2.7e-37  116.9   1.6     1    63     2    64     2    69 0.97 <unknown description>
171040at5125_150374_0:000253|CM010341.1:1708877-1709891|+  -            324 171040               -            363  7.2e-121  391.9  22.0   2   3   0.00025   0.00025    8.5   0.2    61    88    84   111    79   122 0.87 <unknown description>
171040at5125_150374_0:000253|CM010341.1:1708877-1709891|+  -            324 171040               -            363  7.2e-121  391.9  22.0   3   3   1.3e-84   1.3e-84  272.7   7.8    84   252   139   323   128   324 0.88 <unknown description>
171040at5125_229533_0:001fe5|CM010341.1:1709345-1710446|+  -            353 171040               -            363  1.2e-111  361.5   7.5   1   3   8.5e-89   8.5e-89  286.4   0.6    90   287     2   221     1   231 0.87 <unknown description>
171040at5125_229533_0:001fe5|CM010341.1:1709345-1710446|+  -            353 171040               -            363  1.2e-111  361.5   7.5   2   3   1.2e-05   1.2e-05   12.7   1.0   263   329   228   302   223   306 0.74 <unknown description>
171040at5125_229533_0:001fe5|CM010341.1:1709345-1710446|+  -            353 171040               -            363  1.2e-111  361.5   7.5   3   3   1.7e-21   1.7e-21   65.0   0.0   297   362   287   351   281   352 0.89 <unknown description>
171040at5125_1094350_0:001a8b|CM010341.1:1709576-1710446|+ -            291 171040               -            363   8.3e-89  286.4   9.3   1   3   7.1e-66   7.1e-66  210.9   1.6   149   287     1   159     1   167 0.84 <unknown description>
171040at5125_1094350_0:001a8b|CM010341.1:1709576-1710446|+ -            291 171040               -            363   8.3e-89  286.4   9.3   2   3   8.7e-06   8.7e-06   13.3   1.1   263   329   166   240   161   246 0.75 <unknown description>
171040at5125_1094350_0:001a8b|CM010341.1:1709576-1710446|+ -            291 171040               -            363   8.3e-89  286.4   9.3   3   3   1.2e-21   1.2e-21   65.4   0.0   297   362   225   289   219   290 0.89 <unknown description>
171040at5125_247652_0:0003a9|CM010341.1:1709528-1709960|+  -            145 171040               -            363     3e-72  231.9   0.4   1   1   3.4e-72   3.4e-72  231.7   0.4   133   261     1   130     1   140 0.96 <unknown description>
#
# Program:         hmmsearch
# Version:         3.4 (Aug 2023)
# Pipeline mode:   SEARCH
# Query file:      /home/arafat/busco_downloads/lineages/hypocreales_odb12.2/hmms/171040at5125.hmm
# Target file:     /home/arafat/Foxy_SIX_Evolution/results/busco/GCA_003315725.1/run_hypocreales_odb12.2/miniprot_output/translated_proteins/171040at5125.faa
# Option settings: hmmsearch --domtblout /home/arafat/Foxy_SIX_Evolution/results/busco/GCA_003315725.1/run_hypocreales_odb12.2/hmmer_output/171040at5125.out --cpu 1 /home/arafat/busco_downloads/lineages/hypocreales_odb12.2/hmms/171040at5125.hmm /home/arafat/Foxy_SIX_Evolution/results/busco/GCA_003315725.1/run_hypocreales_odb12.2/miniprot_output/translated_proteins/171040at5125.faa 
# Current dir:     /home/arafat/Foxy_SIX_Evolution
# Date:            Thu Sep 24 13:02:54 2026
# [ok]
