#                                                                                                                  --- full sequence --- -------------- this domain -------------   hmm coord   ali coord   env coord
# target name                                              accession   tlen query name           accession   qlen   E-value  score  bias   #  of  c-Evalue  i-Evalue  score  bias  from    to  from    to  from    to  acc description of target
#                                      ------------------- ---------- ----- -------------------- ---------- ----- --------- ------ ----- --- --- --------- --------- ------ ----- ----- ----- ----- ----- ----- ----- ---- ---------------------
171431at5125_1089452_0:0011b3|CM010338.1:2530307-2531136|- -            256 171431               -            182   2.2e-97  313.0  13.6   1   1   4.8e-94   4.8e-94  302.1  13.6     1   182    46   253    46   253 0.83 <unknown description>
171431at5125_1081102_0:000b69|CM010338.1:2530307-2539423|- -            289 171431               -            182   3.7e-97  312.3  13.6   1   2   1.2e-81   1.2e-81  261.8  11.0     1   150    79   235    79   243 0.90 <unknown description>
171431at5125_1081102_0:000b69|CM010338.1:2530307-2539423|- -            289 171431               -            182   3.7e-97  312.3  13.6   2   2   3.3e-18   3.3e-18   55.0   0.1   114   182   219   286   215   286 0.72 <unknown description>
171431at5125_1094350_0:00167f|CM010338.1:2530307-2530968|- -            200 171431               -            182   2.6e-92  296.5  13.1   1   2   1.3e-76   1.3e-76  245.4  10.3    11   150     1   146     1   152 0.89 <unknown description>
171431at5125_1094350_0:00167f|CM010338.1:2530307-2530968|- -            200 171431               -            182   2.6e-92  296.5  13.1   2   2   1.3e-18   1.3e-18   56.4   0.1   111   182   127   197   125   197 0.73 <unknown description>
171431at5125_1325733_0:002465|CM010338.1:2530607-2531136|- -            156 171431               -            182   2.2e-72  231.6  10.1   1   1   2.7e-72   2.7e-72  231.2  10.1     1   110    46   156    46   156 0.99 <unknown description>
171431at5125_1325734_0:000ae2|CM010338.1:2530713-2531001|- -             97 171431               -            182   1.1e-40  128.3   4.1   1   1   1.2e-40   1.2e-40  128.1   4.1     1    71     1    72     1    81 0.96 <unknown description>
171431at5125_2604345_0:001e41|CM010338.1:2530836-2531136|- -            101 171431               -            182   1.5e-31   98.5   6.6   1   1   2.1e-31   2.1e-31   98.0   6.6     1    55    46   101    46   101 0.98 <unknown description>
#
# Program:         hmmsearch
# Version:         3.4 (Aug 2023)
# Pipeline mode:   SEARCH
# Query file:      /home/arafat/busco_downloads/lineages/hypocreales_odb12.2/hmms/171431at5125.hmm
# Target file:     /home/arafat/Foxy_SIX_Evolution/results/busco/GCA_003315725.1/run_hypocreales_odb12.2/miniprot_output/translated_proteins/171431at5125.faa
# Option settings: hmmsearch --domtblout /home/arafat/Foxy_SIX_Evolution/results/busco/GCA_003315725.1/run_hypocreales_odb12.2/hmmer_output/171431at5125.out --cpu 1 /home/arafat/busco_downloads/lineages/hypocreales_odb12.2/hmms/171431at5125.hmm /home/arafat/Foxy_SIX_Evolution/results/busco/GCA_003315725.1/run_hypocreales_odb12.2/miniprot_output/translated_proteins/171431at5125.faa 
# Current dir:     /home/arafat/Foxy_SIX_Evolution
# Date:            Thu Sep 24 13:02:59 2026
# [ok]
