#                                                                                                                  --- full sequence --- -------------- this domain -------------   hmm coord   ali coord   env coord
# target name                                              accession   tlen query name           accession   qlen   E-value  score  bias   #  of  c-Evalue  i-Evalue  score  bias  from    to  from    to  from    to  acc description of target
#                                      ------------------- ---------- ----- -------------------- ---------- ----- --------- ------ ----- --- --- --------- --------- ------ ----- ----- ----- ----- ----- ----- ----- ---- ---------------------
171553at5125_1859967_0:00106d|CM010341.1:1712213-1718693|+ -           1013 171553               -            727         0 1325.5  11.7   1   2  1.5e-261  1.5e-261  859.3   7.0     1   476     1   513     1   524 0.92 <unknown description>
171553at5125_1859967_0:00106d|CM010341.1:1712213-1718693|+ -           1013 171553               -            727         0 1325.5  11.7   2   2  1.9e-143  1.9e-143  468.8   0.1   471   725   539   820   521   822 0.88 <unknown description>
171553at5125_42672_0:000d2b|CM010341.1:1711859-1714795|+   -            863 171553               -            727         0 1308.2  12.4   1   2  3.5e-256  3.5e-256  841.5   7.8     8   476    48   553    46   563 0.92 <unknown description>
171553at5125_42672_0:000d2b|CM010341.1:1711859-1714795|+   -            863 171553               -            727         0 1308.2  12.4   2   2  1.4e-143  1.4e-143  469.3   0.1   471   725   579   860   562   862 0.88 <unknown description>
171553at5125_58853_0:000aa7|CM010341.1:1712569-1714789|+   -            722 171553               -            727         0 1111.1  14.2   1   2    2e-196    2e-196  643.9   9.9    97   476     1   414     1   418 0.91 <unknown description>
171553at5125_58853_0:000aa7|CM010341.1:1712569-1714789|+   -            722 171553               -            727         0 1111.1  14.2   2   2  1.3e-143  1.3e-143  469.4   0.1   471   725   440   721   422   722 0.88 <unknown description>
171553at5125_58853_0:002538|CM010341.1:1712932-1714633|+   -            568 171553               -            727  1.7e-258  849.2   1.8   1   2  1.4e-137  1.4e-137  449.5   0.1   209   476     2   293     1   303 0.89 <unknown description>
171553at5125_58853_0:002538|CM010341.1:1712932-1714633|+   -            568 171553               -            727  1.7e-258  849.2   1.8   2   2  1.9e-122  1.9e-122  399.4   0.2   471   693   319   568   302   568 0.86 <unknown description>
171553at5125_1081102_0:00074f|CM010341.1:1713313-1714789|+ -            474 171553               -            727  1.9e-239  786.2   0.2   1   2   1.7e-96   1.7e-96  313.6   0.0   312   476     1   166     1   177 0.97 <unknown description>
171553at5125_1081102_0:00074f|CM010341.1:1713313-1714789|+ -            474 171553               -            727  1.9e-239  786.2   0.2   2   2  4.4e-144  4.4e-144  470.9   0.1   470   725   191   473   173   474 0.88 <unknown description>
171553at5125_2885761_0:002136|CM010341.1:1712302-1714086|+ -            594 171553               -            727  2.6e-237  779.2   2.5   1   1  3.4e-237  3.4e-237  778.8   2.5    11   476     1   502     1   506 0.90 <unknown description>
171553at5125_61374_0:002b6c|CM010341.1:1712213-1713619|+   -            450 171553               -            727  2.5e-228  749.5   4.0   1   1  2.8e-228  2.8e-228  749.3   4.0     1   413     1   450     1   450 0.91 <unknown description>
171553at5125_61374_0:002812|CM010341.1:1713685-1714795|+   -            352 171553               -            727  6.5e-157  513.4   6.4   1   2   1.2e-14   1.2e-14   43.1   1.9   435   476     1    42     1    45 0.94 <unknown description>
171553at5125_61374_0:002812|CM010341.1:1713685-1714795|+   -            352 171553               -            727  6.5e-157  513.4   6.4   2   2  1.4e-144  1.4e-144  472.6   0.2   471   725    68   349    52   351 0.88 <unknown description>
171553at5125_1081102_0:0007bd|CM010341.1:1712213-1713229|+ -            320 171553               -            727  6.2e-146  477.1   9.2   1   1  7.1e-146  7.1e-146  476.9   9.2     1   285     1   320     1   320 0.89 <unknown description>
171553at5125_983965_0:001e80|CM010341.1:1712213-1712983|+  -            238 171553               -            727  1.6e-124  406.3   6.8   1   1  1.7e-124  1.7e-124  406.2   6.8     1   222     1   237     1   238 0.92 <unknown description>
171553at5125_2885761_0:001f76|CM010341.1:1714114-1714795|+ -            209 171553               -            727  4.9e-106  345.2   0.2   1   1  6.5e-106  6.5e-106  344.8   0.2   545   725     1   206     1   208 0.88 <unknown description>
171553at5125_93591_0:0018d7|CM010341.1:1714372-1714789|+   -            121 171553               -            727   1.5e-64  208.0   0.1   1   1   1.7e-64   1.7e-64  207.9   0.1   618   725     1   120     1   121 0.89 <unknown description>
171553at5125_911162_0:0018ae|CM010341.1:1714474-1714786|+  -             86 171553               -            727   1.9e-53  171.3   0.3   1   1   2.1e-53   2.1e-53  171.2   0.3   642   725     1    86     1    86 0.97 <unknown description>
#
# Program:         hmmsearch
# Version:         3.4 (Aug 2023)
# Pipeline mode:   SEARCH
# Query file:      /home/arafat/busco_downloads/lineages/hypocreales_odb12.2/hmms/171553at5125.hmm
# Target file:     /home/arafat/Foxy_SIX_Evolution/results/busco/GCA_003315725.1/run_hypocreales_odb12.2/miniprot_output/translated_proteins/171553at5125.faa
# Option settings: hmmsearch --domtblout /home/arafat/Foxy_SIX_Evolution/results/busco/GCA_003315725.1/run_hypocreales_odb12.2/hmmer_output/171553at5125.out --cpu 1 /home/arafat/busco_downloads/lineages/hypocreales_odb12.2/hmms/171553at5125.hmm /home/arafat/Foxy_SIX_Evolution/results/busco/GCA_003315725.1/run_hypocreales_odb12.2/miniprot_output/translated_proteins/171553at5125.faa 
# Current dir:     /home/arafat/Foxy_SIX_Evolution
# Date:            Thu Sep 24 13:03:00 2026
# [ok]
