#                                                                                                                --- full sequence --- -------------- this domain -------------   hmm coord   ali coord   env coord
# target name                                            accession   tlen query name           accession   qlen   E-value  score  bias   #  of  c-Evalue  i-Evalue  score  bias  from    to  from    to  from    to  acc description of target
#                                    ------------------- ---------- ----- -------------------- ---------- ----- --------- ------ ----- --- --- --------- --------- ------ ----- ----- ----- ----- ----- ----- ----- ---- ---------------------
171602at5125_1089452_0:000c52|CM010337.1:535053-537319|- -            742 171602               -            430  5.3e-178  581.2  17.0   1   2  2.8e-160  2.8e-160  522.8   1.3     2   355    38   432    37   440 0.86 <unknown description>
171602at5125_1089452_0:000c52|CM010337.1:535053-537319|- -            742 171602               -            430  5.3e-178  581.2  17.0   2   2   1.2e-19   1.2e-19   59.4   8.5   345   430   585   694   560   694 0.66 <unknown description>
171602at5125_5507_5:002813|CM010337.1:535053-538073|-    -            906 171602               -            430  1.8e-177  579.5  17.4   1   2  6.1e-160  6.1e-160  521.7   1.6     2   355   202   596   201   603 0.86 <unknown description>
171602at5125_5507_5:002813|CM010337.1:535053-538073|-    -            906 171602               -            430  1.8e-177  579.5  17.4   2   2   1.5e-19   1.5e-19   59.1   8.3   345   430   749   858   724   858 0.66 <unknown description>
171602at5125_48495_0:00261f|CM010337.1:535053-540382|-   -           1321 171602               -            430  8.1e-177  577.3  17.3   1   2  1.3e-159  1.3e-159  520.6   1.6     2   355   617  1011   616  1018 0.86 <unknown description>
171602at5125_48495_0:00261f|CM010337.1:535053-540382|-   -           1321 171602               -            430  8.1e-177  577.3  17.3   2   2   2.2e-19   2.2e-19   58.5   8.2   345   430  1164  1273  1140  1273 0.66 <unknown description>
171602at5125_5544_2:001733|CM010337.1:531602-537211|-    -           1461 171602               -            430  1.1e-172  563.7  18.3   1   3  1.2e-159  1.2e-159  520.7   2.4     2   360     2   401     1   404 0.87 <unknown description>
171602at5125_5544_2:001733|CM010337.1:531602-537211|-    -           1461 171602               -            430  1.1e-172  563.7  18.3   2   3   2.6e-19   2.6e-19   58.3   8.2   345   430   468   577   444   577 0.66 <unknown description>
171602at5125_5544_2:001733|CM010337.1:531602-537211|-    -           1461 171602               -            430  1.1e-172  563.7  18.3   3   3         7         7  -12.8  11.6   351   351  1243  1243  1155  1316 0.49 <unknown description>
171602at5125_1147111_0:003682|CM010337.1:535512-537319|- -            589 171602               -            430  8.7e-161  524.5   1.3   1   1  1.4e-160  1.4e-160  523.8   1.3     2   356    38   433    37   440 0.86 <unknown description>
171602at5125_431241_0:002082|CM010337.1:536037-537211|-  -            352 171602               -            430  2.3e-133  434.1   7.1   1   2   2.2e-28   2.2e-28   88.2   0.0     2    62     2    66     1    67 0.91 <unknown description>
171602at5125_431241_0:002082|CM010337.1:536037-537211|-  -            352 171602               -            430  2.3e-133  434.1   7.1   2   2  3.9e-107  3.9e-107  347.7   4.5    88   337    67   351    64   352 0.87 <unknown description>
171602at5125_2004951_0:0023ee|CM010337.1:536727-537319|- -            184 171602               -            430   9.4e-81  260.8   0.1   1   1   1.1e-80   1.1e-80  260.6   0.1     2   137    38   178    37   184 0.92 <unknown description>
#
# Program:         hmmsearch
# Version:         3.4 (Aug 2023)
# Pipeline mode:   SEARCH
# Query file:      /home/arafat/busco_downloads/lineages/hypocreales_odb12.2/hmms/171602at5125.hmm
# Target file:     /home/arafat/Foxy_SIX_Evolution/results/busco/GCA_003315725.1/run_hypocreales_odb12.2/miniprot_output/translated_proteins/171602at5125.faa
# Option settings: hmmsearch --domtblout /home/arafat/Foxy_SIX_Evolution/results/busco/GCA_003315725.1/run_hypocreales_odb12.2/hmmer_output/171602at5125.out --cpu 1 /home/arafat/busco_downloads/lineages/hypocreales_odb12.2/hmms/171602at5125.hmm /home/arafat/Foxy_SIX_Evolution/results/busco/GCA_003315725.1/run_hypocreales_odb12.2/miniprot_output/translated_proteins/171602at5125.faa 
# Current dir:     /home/arafat/Foxy_SIX_Evolution
# Date:            Thu Sep 24 13:03:01 2026
# [ok]
