#                                                                                                                  --- full sequence --- -------------- this domain -------------   hmm coord   ali coord   env coord
# target name                                              accession   tlen query name           accession   qlen   E-value  score  bias   #  of  c-Evalue  i-Evalue  score  bias  from    to  from    to  from    to  acc description of target
#                                      ------------------- ---------- ----- -------------------- ---------- ----- --------- ------ ----- --- --- --------- --------- ------ ----- ----- ----- ----- ----- ----- ----- ---- ---------------------
172396at5125_1089452_0:0031e2|CM010342.1:2184328-2187724|+ -           1133 172396               -            678  1.2e-210  690.2  83.3   1   9     0.018      0.02    2.1   0.0     1    19    12    30    12    46 0.85 <unknown description>
172396at5125_1089452_0:0031e2|CM010342.1:2184328-2187724|+ -           1133 172396               -            678  1.2e-210  690.2  83.3   2   9   1.7e-13   1.9e-13   38.5   0.3    24    74    79   140    67   151 0.74 <unknown description>
172396at5125_1089452_0:0031e2|CM010342.1:2184328-2187724|+ -           1133 172396               -            678  1.2e-210  690.2  83.3   3   9   1.4e-33   1.5e-33  104.9   0.9    69   190   245   380   238   381 0.78 <unknown description>
172396at5125_1089452_0:0031e2|CM010342.1:2184328-2187724|+ -           1133 172396               -            678  1.2e-210  690.2  83.3   4   9   8.4e-23   9.4e-23   69.3   7.8   139   225   363   444   359   454 0.85 <unknown description>
172396at5125_1089452_0:0031e2|CM010342.1:2184328-2187724|+ -           1133 172396               -            678  1.2e-210  690.2  83.3   5   9   2.3e-07   2.5e-07   18.3   0.4   204   254   449   500   443   510 0.71 <unknown description>
172396at5125_1089452_0:0031e2|CM010342.1:2184328-2187724|+ -           1133 172396               -            678  1.2e-210  690.2  83.3   6   9   8.2e-10   9.2e-10   26.3   1.0   242   281   508   547   504   552 0.86 <unknown description>
172396at5125_1089452_0:0031e2|CM010342.1:2184328-2187724|+ -           1133 172396               -            678  1.2e-210  690.2  83.3   7   9   3.6e-74   4.1e-74  239.0  29.1   273   467   575   808   558   817 0.76 <unknown description>
172396at5125_1089452_0:0031e2|CM010342.1:2184328-2187724|+ -           1133 172396               -            678  1.2e-210  690.2  83.3   8   9   5.2e-06   5.8e-06   13.8   2.4   452   520   826   899   811   906 0.74 <unknown description>
172396at5125_1089452_0:0031e2|CM010342.1:2184328-2187724|+ -           1133 172396               -            678  1.2e-210  690.2  83.3   9   9   3.6e-64     4e-64  206.0   0.1   523   671   946  1110   925  1119 0.88 <unknown description>
172396at5125_111463_0:000269|CM010342.1:2179321-2187724|+  -           1146 172396               -            678  2.1e-210  689.4  82.7   1   9     0.046     0.051    0.7   0.0     3    19    27    43    25    58 0.84 <unknown description>
172396at5125_111463_0:000269|CM010342.1:2179321-2187724|+  -           1146 172396               -            678  2.1e-210  689.4  82.7   2   9   1.7e-13   1.9e-13   38.5   0.3    24    74    92   153    80   164 0.74 <unknown description>
172396at5125_111463_0:000269|CM010342.1:2179321-2187724|+  -           1146 172396               -            678  2.1e-210  689.4  82.7   3   9   1.4e-33   1.6e-33  104.9   0.9    69   190   258   393   251   394 0.78 <unknown description>
172396at5125_111463_0:000269|CM010342.1:2179321-2187724|+  -           1146 172396               -            678  2.1e-210  689.4  82.7   4   9   8.5e-23   9.5e-23   69.2   7.8   139   225   376   457   372   467 0.85 <unknown description>
172396at5125_111463_0:000269|CM010342.1:2179321-2187724|+  -           1146 172396               -            678  2.1e-210  689.4  82.7   5   9   2.3e-07   2.6e-07   18.2   0.4   204   254   462   513   456   523 0.71 <unknown description>
172396at5125_111463_0:000269|CM010342.1:2179321-2187724|+  -           1146 172396               -            678  2.1e-210  689.4  82.7   6   9   8.3e-10   9.3e-10   26.3   1.0   242   281   521   560   517   565 0.86 <unknown description>
172396at5125_111463_0:000269|CM010342.1:2179321-2187724|+  -           1146 172396               -            678  2.1e-210  689.4  82.7   7   9   3.7e-74   4.2e-74  239.0  29.1   273   467   588   821   571   830 0.76 <unknown description>
172396at5125_111463_0:000269|CM010342.1:2179321-2187724|+  -           1146 172396               -            678  2.1e-210  689.4  82.7   8   9   5.2e-06   5.9e-06   13.8   2.4   452   520   839   912   824   919 0.74 <unknown description>
172396at5125_111463_0:000269|CM010342.1:2179321-2187724|+  -           1146 172396               -            678  2.1e-210  689.4  82.7   9   9   3.6e-64   4.1e-64  205.9   0.1   523   671   959  1123   938  1132 0.88 <unknown description>
172396at5125_62069_0:000ff3|CM010342.1:2185081-2187487|+   -            803 172396               -            678  4.5e-185  605.7  74.7   1   8   4.6e-32   5.1e-32   99.9   1.0    77   189     2   128     1   129 0.78 <unknown description>
172396at5125_62069_0:000ff3|CM010342.1:2185081-2187487|+   -            803 172396               -            678  4.5e-185  605.7  74.7   2   8   6.9e-23   7.8e-23   69.5   8.2   139   225   112   193   106   203 0.85 <unknown description>
172396at5125_62069_0:000ff3|CM010342.1:2185081-2187487|+   -            803 172396               -            678  4.5e-185  605.7  74.7   3   8   1.1e-07   1.2e-07   19.4   0.2   204   257   198   254   191   263 0.72 <unknown description>
172396at5125_62069_0:000ff3|CM010342.1:2185081-2187487|+   -            803 172396               -            678  4.5e-185  605.7  74.7   4   8   6.2e-10     7e-10   26.7   1.2   241   281   256   296   252   301 0.86 <unknown description>
172396at5125_62069_0:000ff3|CM010342.1:2185081-2187487|+   -            803 172396               -            678  4.5e-185  605.7  74.7   5   8   7.2e-53   8.1e-53  168.6  15.1   273   413   324   470   306   472 0.78 <unknown description>
172396at5125_62069_0:000ff3|CM010342.1:2185081-2187487|+   -            803 172396               -            678  4.5e-185  605.7  74.7   6   8   2.4e-28   2.7e-28   87.6   9.7   375   467   454   557   451   569 0.82 <unknown description>
172396at5125_62069_0:000ff3|CM010342.1:2185081-2187487|+   -            803 172396               -            678  4.5e-185  605.7  74.7   7   8   3.5e-06   3.9e-06   14.3   2.5   452   520   575   648   560   656 0.74 <unknown description>
172396at5125_62069_0:000ff3|CM010342.1:2185081-2187487|+   -            803 172396               -            678  4.5e-185  605.7  74.7   8   8   1.1e-49   1.2e-49  158.1   0.2   523   620   695   793   674   800 0.94 <unknown description>
172396at5125_5530_0:0022f6|CM010342.1:2185702-2187724|+    -            675 172396               -            678    8e-154  502.4  55.1   1   6   3.3e-07   3.7e-07   17.7   0.1   216   256     4    46     1    54 0.75 <unknown description>
172396at5125_5530_0:0022f6|CM010342.1:2185702-2187724|+    -            675 172396               -            678    8e-154  502.4  55.1   2   6   4.7e-10   5.3e-10   27.1   1.0   242   281    50    89    47    94 0.86 <unknown description>
172396at5125_5530_0:0022f6|CM010342.1:2185702-2187724|+    -            675 172396               -            678    8e-154  502.4  55.1   3   6   5.2e-53   5.8e-53  169.1  15.0   273   413   117   263    99   265 0.78 <unknown description>
172396at5125_5530_0:0022f6|CM010342.1:2185702-2187724|+    -            675 172396               -            678    8e-154  502.4  55.1   4   6   1.8e-28     2e-28   88.0   9.6   375   467   247   350   244   362 0.82 <unknown description>
172396at5125_5530_0:0022f6|CM010342.1:2185702-2187724|+    -            675 172396               -            678    8e-154  502.4  55.1   5   6   2.7e-06     3e-06   14.7   2.5   452   520   368   441   352   449 0.74 <unknown description>
172396at5125_5530_0:0022f6|CM010342.1:2185702-2187724|+    -            675 172396               -            678    8e-154  502.4  55.1   6   6   1.5e-64   1.7e-64  207.2   0.1   523   671   488   652   467   661 0.88 <unknown description>
172396at5125_654480_0:000360|CM010342.1:2184358-2197635|+  -            953 172396               -            678  3.9e-150  490.2  77.5   1   8     0.015     0.016    2.4   0.0     1    19     2    20     2    36 0.85 <unknown description>
172396at5125_654480_0:000360|CM010342.1:2184358-2197635|+  -            953 172396               -            678  3.9e-150  490.2  77.5   2   8   1.3e-13   1.5e-13   38.8   0.3    24    74    69   130    57   142 0.74 <unknown description>
172396at5125_654480_0:000360|CM010342.1:2184358-2197635|+  -            953 172396               -            678  3.9e-150  490.2  77.5   3   8   1.1e-33   1.2e-33  105.2   1.0    69   190   235   370   228   371 0.78 <unknown description>
172396at5125_654480_0:000360|CM010342.1:2184358-2197635|+  -            953 172396               -            678  3.9e-150  490.2  77.5   4   8   6.5e-23   7.3e-23   69.6   7.7   139   225   353   434   349   444 0.85 <unknown description>
172396at5125_654480_0:000360|CM010342.1:2184358-2197635|+  -            953 172396               -            678  3.9e-150  490.2  77.5   5   8   5.4e-12     6e-12   33.5   4.5   204   281   439   537   433   542 0.67 <unknown description>
172396at5125_654480_0:000360|CM010342.1:2184358-2197635|+  -            953 172396               -            678  3.9e-150  490.2  77.5   6   8   8.5e-53   9.5e-53  168.4  14.9   273   413   565   711   548   713 0.78 <unknown description>
172396at5125_654480_0:000360|CM010342.1:2184358-2197635|+  -            953 172396               -            678  3.9e-150  490.2  77.5   7   8   3.1e-28   3.5e-28   87.2   9.7   375   467   695   798   692   810 0.82 <unknown description>
172396at5125_654480_0:000360|CM010342.1:2184358-2197635|+  -            953 172396               -            678  3.9e-150  490.2  77.5   8   8   4.3e-06   4.8e-06   14.0   1.7   452   518   816   887   801   893 0.74 <unknown description>
172396at5125_58853_0:0024f7|CM010342.1:2184535-2186980|+   -            816 172396               -            678  3.5e-149  487.1  70.8   1   7   1.2e-13   1.4e-13   39.0   0.3    29    74    20    71     3    83 0.74 <unknown description>
172396at5125_58853_0:0024f7|CM010342.1:2184535-2186980|+   -            816 172396               -            678  3.5e-149  487.1  70.8   2   7   8.8e-34   9.9e-34  105.5   1.0    69   190   176   311   169   312 0.78 <unknown description>
172396at5125_58853_0:0024f7|CM010342.1:2184535-2186980|+   -            816 172396               -            678  3.5e-149  487.1  70.8   3   7   5.2e-23   5.9e-23   69.9   7.7   139   225   294   375   290   385 0.85 <unknown description>
172396at5125_58853_0:0024f7|CM010342.1:2184535-2186980|+   -            816 172396               -            678  3.5e-149  487.1  70.8   4   7   4.4e-12     5e-12   33.8   4.6   204   281   380   478   374   483 0.67 <unknown description>
172396at5125_58853_0:0024f7|CM010342.1:2184535-2186980|+   -            816 172396               -            678  3.5e-149  487.1  70.8   5   7   3.4e-53   3.8e-53  169.7  14.6   273   415   506   654   488   656 0.80 <unknown description>
172396at5125_58853_0:0024f7|CM010342.1:2184535-2186980|+   -            816 172396               -            678  3.5e-149  487.1  70.8   6   7   2.7e-28   3.1e-28   87.4   9.7   375   467   636   739   633   747 0.82 <unknown description>
172396at5125_58853_0:0024f7|CM010342.1:2184535-2186980|+   -            816 172396               -            678  3.5e-149  487.1  70.8   7   7   0.00027    0.0003    8.1   0.3   452   505   757   815   742   816 0.73 <unknown description>
172396at5125_2604345_0:001b59|CM010342.1:2186158-2187724|+ -            523 172396               -            678  5.1e-129  420.4  38.5   1   4     4e-39   4.5e-39  123.2   9.8   309   415     1   113     1   115 0.82 <unknown description>
172396at5125_2604345_0:001b59|CM010342.1:2186158-2187724|+ -            523 172396               -            678  5.1e-129  420.4  38.5   2   4   1.4e-28   1.5e-28   88.4   9.8   375   467    95   198    92   209 0.82 <unknown description>
172396at5125_2604345_0:001b59|CM010342.1:2186158-2187724|+ -            523 172396               -            678  5.1e-129  420.4  38.5   3   4   1.6e-06   1.8e-06   15.5   2.2   452   520   216   289   200   297 0.74 <unknown description>
172396at5125_2604345_0:001b59|CM010342.1:2186158-2187724|+ -            523 172396               -            678  5.1e-129  420.4  38.5   4   4   9.4e-65   1.1e-64  207.9   0.1   523   671   336   500   314   509 0.88 <unknown description>
172396at5125_2604345_0:001b60|CM010342.1:2184328-2185573|+ -            416 172396               -            678   4.5e-52  166.2  15.8   1   3    0.0055    0.0062    3.8   0.1     1    19    12    30    12    48 0.84 <unknown description>
172396at5125_2604345_0:001b60|CM010342.1:2184328-2185573|+ -            416 172396               -            678   4.5e-52  166.2  15.8   2   3     5e-14   5.6e-14   40.3   0.6    23    75    78   141    64   156 0.75 <unknown description>
172396at5125_2604345_0:001b60|CM010342.1:2184328-2185573|+ -            416 172396               -            678   4.5e-52  166.2  15.8   3   3   1.6e-37   1.8e-37  117.9   5.5    69   197   245   416   238   416 0.77 <unknown description>
#
# Program:         hmmsearch
# Version:         3.4 (Aug 2023)
# Pipeline mode:   SEARCH
# Query file:      /home/arafat/busco_downloads/lineages/hypocreales_odb12.2/hmms/172396at5125.hmm
# Target file:     /home/arafat/Foxy_SIX_Evolution/results/busco/GCA_003315725.1/run_hypocreales_odb12.2/miniprot_output/translated_proteins/172396at5125.faa
# Option settings: hmmsearch --domtblout /home/arafat/Foxy_SIX_Evolution/results/busco/GCA_003315725.1/run_hypocreales_odb12.2/hmmer_output/172396at5125.out --cpu 1 /home/arafat/busco_downloads/lineages/hypocreales_odb12.2/hmms/172396at5125.hmm /home/arafat/Foxy_SIX_Evolution/results/busco/GCA_003315725.1/run_hypocreales_odb12.2/miniprot_output/translated_proteins/172396at5125.faa 
# Current dir:     /home/arafat/Foxy_SIX_Evolution
# Date:            Thu Sep 24 13:03:10 2026
# [ok]
