#                                                                                                                  --- full sequence --- -------------- this domain -------------   hmm coord   ali coord   env coord
# target name                                              accession   tlen query name           accession   qlen   E-value  score  bias   #  of  c-Evalue  i-Evalue  score  bias  from    to  from    to  from    to  acc description of target
#                                      ------------------- ---------- ----- -------------------- ---------- ----- --------- ------ ----- --- --- --------- --------- ------ ----- ----- ----- ----- ----- ----- ----- ---- ---------------------
172493at5125_1089452_0:0038a5|CM010340.1:3371560-3373246|+ -            563 172493               -            431  5.7e-201  656.1   0.5   1   3   5.1e-32   5.1e-32   99.3   0.0     2    93    35   123    34   133 0.89 <unknown description>
172493at5125_1089452_0:0038a5|CM010340.1:3371560-3373246|+ -            563 172493               -            431  5.7e-201  656.1   0.5   2   3   1.1e-70   1.1e-70  226.8   0.0    71   231   136   307   126   322 0.90 <unknown description>
172493at5125_1089452_0:0038a5|CM010340.1:3371560-3373246|+ -            563 172493               -            431  5.7e-201  656.1   0.5   3   3  6.3e-101  6.3e-101  326.4   0.1   228   431   331   562   324   562 0.85 <unknown description>
172493at5125_5507_3:002543|CM010340.1:3369858-3373246|+    -            962 172493               -            431  8.3e-200  652.2   0.3   1   3   1.1e-31   1.1e-31   98.3   0.0     2    93   434   522   433   532 0.89 <unknown description>
172493at5125_5507_3:002543|CM010340.1:3369858-3373246|+    -            962 172493               -            431  8.3e-200  652.2   0.3   2   3   2.4e-70   2.4e-70  225.6   0.0    71   231   535   706   523   725 0.90 <unknown description>
172493at5125_5507_3:002543|CM010340.1:3369858-3373246|+    -            962 172493               -            431  8.3e-200  652.2   0.3   3   3  1.9e-100  1.9e-100  324.8   0.1   228   431   730   961   725   961 0.85 <unknown description>
172493at5125_1736662_0:000100|CM010340.1:3372091-3373246|+ -            386 172493               -            431  5.6e-152  494.6   0.0   1   2   9.2e-52   9.2e-52  164.4   0.0   107   231     1   130     1   148 0.91 <unknown description>
172493at5125_1736662_0:000100|CM010340.1:3372091-3373246|+ -            386 172493               -            431  5.6e-152  494.6   0.0   2   2  2.4e-101  2.4e-101  327.8   0.1   228   431   154   385   147   385 0.85 <unknown description>
172493at5125_57161_0:0042b2|CM010340.1:3371557-3372760|+   -            402 172493               -            431  2.2e-125  407.0   0.1   1   3   2.9e-32   2.9e-32  100.2   0.0     2    93    36   124    35   135 0.89 <unknown description>
172493at5125_57161_0:0042b2|CM010340.1:3371557-3372760|+   -            402 172493               -            431  2.2e-125  407.0   0.1   2   3   4.4e-71   4.4e-71  228.1   0.0    71   231   137   308   125   328 0.90 <unknown description>
172493at5125_57161_0:0042b2|CM010340.1:3371557-3372760|+   -            402 172493               -            431  2.2e-125  407.0   0.1   3   3   7.6e-25   7.6e-25   75.7   0.1   228   290   332   394   322   400 0.91 <unknown description>
172493at5125_2034170_0:0008c7|CM010340.1:3372583-3373246|+ -            222 172493               -            431   1.6e-97  315.2   0.3   1   1   3.5e-97   3.5e-97  314.1   0.3   239   431     1   221     1   221 0.85 <unknown description>
#
# Program:         hmmsearch
# Version:         3.4 (Aug 2023)
# Pipeline mode:   SEARCH
# Query file:      /home/arafat/busco_downloads/lineages/hypocreales_odb12.2/hmms/172493at5125.hmm
# Target file:     /home/arafat/Foxy_SIX_Evolution/results/busco/GCA_003315725.1/run_hypocreales_odb12.2/miniprot_output/translated_proteins/172493at5125.faa
# Option settings: hmmsearch --domtblout /home/arafat/Foxy_SIX_Evolution/results/busco/GCA_003315725.1/run_hypocreales_odb12.2/hmmer_output/172493at5125.out --cpu 1 /home/arafat/busco_downloads/lineages/hypocreales_odb12.2/hmms/172493at5125.hmm /home/arafat/Foxy_SIX_Evolution/results/busco/GCA_003315725.1/run_hypocreales_odb12.2/miniprot_output/translated_proteins/172493at5125.faa 
# Current dir:     /home/arafat/Foxy_SIX_Evolution
# Date:            Thu Sep 24 13:03:11 2026
# [ok]
