#                                                                                                                  --- full sequence --- -------------- this domain -------------   hmm coord   ali coord   env coord
# target name                                              accession   tlen query name           accession   qlen   E-value  score  bias   #  of  c-Evalue  i-Evalue  score  bias  from    to  from    to  from    to  acc description of target
#                                      ------------------- ---------- ----- -------------------- ---------- ----- --------- ------ ----- --- --- --------- --------- ------ ----- ----- ----- ----- ----- ----- ----- ---- ---------------------
172851at5125_1089452_0:002e37|CM010336.1:3173749-3175294|- -            424 172851               -            390  8.1e-196  639.5   1.1   1   1  9.6e-196  9.6e-196  639.2   1.1     1   387    19   416    19   419 0.95 <unknown description>
172851at5125_398673_0:000f39|CM010336.1:3173767-3174991|-  -            335 172851               -            390  2.1e-169  552.5   1.2   1   1  2.3e-169  2.3e-169  552.3   1.2    66   385     2   331     1   335 0.94 <unknown description>
172851at5125_1435070_0:001377|CM010336.1:3173761-3174745|- -            293 172851               -            390  1.8e-140  457.3   1.2   1   1  2.1e-140  2.1e-140  457.0   1.2   109   387     1   289     1   292 0.93 <unknown description>
172851at5125_48484_0:001ca2|CM010336.1:3173749-3174284|-   -            160 172851               -            390   9.3e-81  260.7   2.4   1   1   1.1e-80   1.1e-80  260.5   2.4   237   387     1   152     1   155 0.97 <unknown description>
172851at5125_1806559_0:001c98|CM010336.1:3174448-3175240|- -            213 172851               -            390   2.7e-77  249.2   0.1   1   1   3.2e-77   3.2e-77  249.0   0.1     1   197     1   210     1   213 0.88 <unknown description>
172851at5125_3049762_0:001ecd|CM010336.1:3174816-3175240|- -            108 172851               -            390   2.1e-49  157.4   0.1   1   1   2.3e-49   2.3e-49  157.3   0.1     1   106     1   107     1   108 0.98 <unknown description>
172851at5125_1237075_0:0011bc|CM010336.1:3174916-3175240|- -             91 172851               -            390   1.3e-40  128.5   0.1   1   1   1.4e-40   1.4e-40  128.3   0.1     1    89     1    90     1    90 0.97 <unknown description>
172851at5125_490622_0:001cb0|CM010336.1:3174753-3175117|-  -            106 172851               -            390   7.6e-38  119.4   0.1   1   1   8.5e-38   8.5e-38  119.2   0.1    23   118     1    96     1   103 0.94 <unknown description>
#
# Program:         hmmsearch
# Version:         3.4 (Aug 2023)
# Pipeline mode:   SEARCH
# Query file:      /home/arafat/busco_downloads/lineages/hypocreales_odb12.2/hmms/172851at5125.hmm
# Target file:     /home/arafat/Foxy_SIX_Evolution/results/busco/GCA_003315725.1/run_hypocreales_odb12.2/miniprot_output/translated_proteins/172851at5125.faa
# Option settings: hmmsearch --domtblout /home/arafat/Foxy_SIX_Evolution/results/busco/GCA_003315725.1/run_hypocreales_odb12.2/hmmer_output/172851at5125.out --cpu 1 /home/arafat/busco_downloads/lineages/hypocreales_odb12.2/hmms/172851at5125.hmm /home/arafat/Foxy_SIX_Evolution/results/busco/GCA_003315725.1/run_hypocreales_odb12.2/miniprot_output/translated_proteins/172851at5125.faa 
# Current dir:     /home/arafat/Foxy_SIX_Evolution
# Date:            Thu Sep 24 13:02:42 2026
# [ok]
