#                                                                                                                  --- full sequence --- -------------- this domain -------------   hmm coord   ali coord   env coord
# target name                                              accession   tlen query name           accession   qlen   E-value  score  bias   #  of  c-Evalue  i-Evalue  score  bias  from    to  from    to  from    to  acc description of target
#                                      ------------------- ---------- ----- -------------------- ---------- ----- --------- ------ ----- --- --- --------- --------- ------ ----- ----- ----- ----- ----- ----- ----- ---- ---------------------
173344at5125_1089452_0:0031e5|CM010342.1:1786286-1787884|+ -            464 173344               -            420  2.5e-234  766.6   0.1   1   1  3.6e-232  3.6e-232  759.4   0.1     1   420     1   463     1   463 0.89 <unknown description>
173344at5125_1247861_0:001db3|CM010342.1:1781924-1787884|+ -            861 173344               -            420  2.9e-233  763.0   0.1   1   1  2.6e-231  2.6e-231  756.6   0.1     1   420   398   860   398   860 0.89 <unknown description>
173344at5125_123648_0:000bbb|CM010342.1:1786785-1787884|+  -            351 173344               -            420  2.7e-162  529.3   0.1   1   2  1.1e-156  1.1e-156  510.7   0.0   117   404     1   298     1   313 0.91 <unknown description>
173344at5125_123648_0:000bbb|CM010342.1:1786785-1787884|+  -            351 173344               -            420  2.7e-162  529.3   0.1   2   2   9.4e-07   9.4e-07   16.9   0.0   395   420   325   350   314   350 0.91 <unknown description>
173344at5125_92637_0:0008d2|CM010342.1:1786286-1787133|+   -            229 173344               -            420    4e-142  462.8   2.0   1   1  5.1e-142  5.1e-142  462.4   2.0     1   217     1   229     1   229 0.98 <unknown description>
173344at5125_2604345_0:001187|CM010342.1:1786286-1786830|+ -            144 173344               -            420   4.6e-79  255.1   2.4   1   1   6.2e-79   6.2e-79  254.6   2.4     1   132     1   144     1   144 0.97 <unknown description>
173344at5125_2004951_0:0003e6|CM010342.1:1786286-1786686|+ -             96 173344               -            420   2.4e-51  163.8   4.1   1   1   2.8e-51   2.8e-51  163.5   4.1     1    85     1    85     1    89 0.98 <unknown description>
173344at5125_195108_0:002622|CM010342.1:1787292-1787884|+  -            198 173344               -            420   2.4e-50  160.5   2.7   1   2   9.7e-45   9.7e-45  142.0   1.5   270   404     1   145     1   159 0.83 <unknown description>
173344at5125_195108_0:002622|CM010342.1:1787292-1787884|+  -            198 173344               -            420   2.4e-50  160.5   2.7   2   2   4.2e-07   4.2e-07   18.0   0.0   395   420   172   197   160   197 0.91 <unknown description>
#
# Program:         hmmsearch
# Version:         3.4 (Aug 2023)
# Pipeline mode:   SEARCH
# Query file:      /home/arafat/busco_downloads/lineages/hypocreales_odb12.2/hmms/173344at5125.hmm
# Target file:     /home/arafat/Foxy_SIX_Evolution/results/busco/GCA_003315725.1/run_hypocreales_odb12.2/miniprot_output/translated_proteins/173344at5125.faa
# Option settings: hmmsearch --domtblout /home/arafat/Foxy_SIX_Evolution/results/busco/GCA_003315725.1/run_hypocreales_odb12.2/hmmer_output/173344at5125.out --cpu 1 /home/arafat/busco_downloads/lineages/hypocreales_odb12.2/hmms/173344at5125.hmm /home/arafat/Foxy_SIX_Evolution/results/busco/GCA_003315725.1/run_hypocreales_odb12.2/miniprot_output/translated_proteins/173344at5125.faa 
# Current dir:     /home/arafat/Foxy_SIX_Evolution
# Date:            Thu Sep 24 13:02:46 2026
# [ok]
