#                                                                                                                  --- full sequence --- -------------- this domain -------------   hmm coord   ali coord   env coord
# target name                                              accession   tlen query name           accession   qlen   E-value  score  bias   #  of  c-Evalue  i-Evalue  score  bias  from    to  from    to  from    to  acc description of target
#                                      ------------------- ---------- ----- -------------------- ---------- ----- --------- ------ ----- --- --- --------- --------- ------ ----- ----- ----- ----- ----- ----- ----- ---- ---------------------
173430at5125_1089452_0:001089|CM010338.1:2889713-2893050|+ -           1086 173430               -            856         0 1599.0   1.8   1   2   3.5e-79   3.5e-79  255.1   0.0     1   125   167   291   167   299 0.98 <unknown description>
173430at5125_1089452_0:001089|CM010338.1:2889713-2893050|+ -           1086 173430               -            856         0 1599.0   1.8   2   2         0         0 1343.4   0.4   126   854   345  1082   342  1084 0.98 <unknown description>
173430at5125_1081102_0:00039f|CM010338.1:2885962-2893032|+ -           1063 173430               -            856         0 1596.7   1.9   1   2   3.4e-79   3.4e-79  255.2   0.0     1   125   150   274   150   282 0.98 <unknown description>
173430at5125_1081102_0:00039f|CM010338.1:2885962-2893032|+ -           1063 173430               -            856         0 1596.7   1.9   2   2         0         0 1341.0   0.4   126   851   328  1062   325  1063 0.98 <unknown description>
173430at5125_1089448_0:0001b6|CM010338.1:2890560-2893050|+ -            831 173430               -            856         0 1405.6   4.1   1   2   5.9e-21   5.9e-21   62.5   0.2    90   125     1    36     1    44 0.94 <unknown description>
173430at5125_1089448_0:0001b6|CM010338.1:2890560-2893050|+ -            831 173430               -            856         0 1405.6   4.1   2   2         0         0 1344.7   0.4   126   854    90   827    87   829 0.98 <unknown description>
173430at5125_63577_0:000e61|CM010338.1:2890016-2892420|+   -            737 173430               -            856         0 1138.8   0.0   1   1         0         0 1138.4   0.0     1   648    66   737    66   737 0.96 <unknown description>
173430at5125_93591_0:00015b|CM010338.1:2890211-2891877|+   -            491 173430               -            856  6.9e-242  793.4   0.0   1   1  9.4e-242  9.4e-242  792.9   0.0     1   466     1   490     1   491 0.94 <unknown description>
#
# Program:         hmmsearch
# Version:         3.4 (Aug 2023)
# Pipeline mode:   SEARCH
# Query file:      /home/arafat/busco_downloads/lineages/hypocreales_odb12.2/hmms/173430at5125.hmm
# Target file:     /home/arafat/Foxy_SIX_Evolution/results/busco/GCA_003315725.1/run_hypocreales_odb12.2/miniprot_output/translated_proteins/173430at5125.faa
# Option settings: hmmsearch --domtblout /home/arafat/Foxy_SIX_Evolution/results/busco/GCA_003315725.1/run_hypocreales_odb12.2/hmmer_output/173430at5125.out --cpu 1 /home/arafat/busco_downloads/lineages/hypocreales_odb12.2/hmms/173430at5125.hmm /home/arafat/Foxy_SIX_Evolution/results/busco/GCA_003315725.1/run_hypocreales_odb12.2/miniprot_output/translated_proteins/173430at5125.faa 
# Current dir:     /home/arafat/Foxy_SIX_Evolution
# Date:            Thu Sep 24 13:02:47 2026
# [ok]
