#                                                                                                                  --- full sequence --- -------------- this domain -------------   hmm coord   ali coord   env coord
# target name                                              accession   tlen query name           accession   qlen   E-value  score  bias   #  of  c-Evalue  i-Evalue  score  bias  from    to  from    to  from    to  acc description of target
#                                      ------------------- ---------- ----- -------------------- ---------- ----- --------- ------ ----- --- --- --------- --------- ------ ----- ----- ----- ----- ----- ----- ----- ---- ---------------------
174062at5125_327505_0:00058a|CM010335.1:2408538-2410539|+  -            589 174062               -            505  2.4e-294  964.9   0.3   1   2   0.00055   0.00055    7.0   0.1     6    30    28    53    23    59 0.83 <unknown description>
174062at5125_327505_0:00058a|CM010335.1:2408538-2410539|+  -            589 174062               -            505  2.4e-294  964.9   0.3   2   2  1.4e-291  1.4e-291  955.7   0.0    25   504    78   581    74   582 0.93 <unknown description>
174062at5125_93591_0:001003|CM010335.1:2409334-2410530|+   -            343 174062               -            505  3.8e-217  710.2   2.8   1   1  4.3e-217  4.3e-217  710.1   2.8   177   504    11   338     1   339 0.96 <unknown description>
174062at5125_2039875_0:00060b|CM010335.1:2408583-2410074|+ -            437 174062               -            505  1.9e-197  645.2   2.1   1   2   0.00039   0.00039    7.5   0.1     6    30    13    38     8    44 0.83 <unknown description>
174062at5125_2039875_0:00060b|CM010335.1:2408583-2410074|+ -            437 174062               -            505  1.9e-197  645.2   2.1   2   2  6.4e-195  6.4e-195  636.9   0.3    25   374    63   436    60   437 0.91 <unknown description>
174062at5125_1042133_0:0002a4|CM010335.1:2409790-2410539|+ -            216 174062               -            505  3.2e-145  472.9   1.6   1   1  3.7e-145  3.7e-145  472.8   1.6   297   504     1   208     1   209 1.00 <unknown description>
174062at5125_1042133_0:0005c7|CM010335.1:2408538-2409688|+ -            362 174062               -            505    4e-135  439.6   3.3   1   2   0.00031   0.00031    7.9   0.1     6    30    28    53    23    59 0.83 <unknown description>
174062at5125_1042133_0:0005c7|CM010335.1:2408538-2409688|+ -            362 174062               -            505    4e-135  439.6   3.3   2   2  9.5e-133  9.5e-133  431.8   0.7    25   284    78   361    74   361 0.88 <unknown description>
174062at5125_2004951_0:00008c|CM010336.1:4334942-4335785|+ -            282 174062               -            505     1e-91  296.4   1.6   1   1   1.1e-91   1.1e-91  296.3   1.6   229   496     1   268     1   277 0.95 <unknown description>
#
# Program:         hmmsearch
# Version:         3.4 (Aug 2023)
# Pipeline mode:   SEARCH
# Query file:      /home/arafat/busco_downloads/lineages/hypocreales_odb12.2/hmms/174062at5125.hmm
# Target file:     /home/arafat/Foxy_SIX_Evolution/results/busco/GCA_003315725.1/run_hypocreales_odb12.2/miniprot_output/translated_proteins/174062at5125.faa
# Option settings: hmmsearch --domtblout /home/arafat/Foxy_SIX_Evolution/results/busco/GCA_003315725.1/run_hypocreales_odb12.2/hmmer_output/174062at5125.out --cpu 1 /home/arafat/busco_downloads/lineages/hypocreales_odb12.2/hmms/174062at5125.hmm /home/arafat/Foxy_SIX_Evolution/results/busco/GCA_003315725.1/run_hypocreales_odb12.2/miniprot_output/translated_proteins/174062at5125.faa 
# Current dir:     /home/arafat/Foxy_SIX_Evolution
# Date:            Thu Sep 24 13:02:58 2026
# [ok]
