#                                                                                                                  --- full sequence --- -------------- this domain -------------   hmm coord   ali coord   env coord
# target name                                              accession   tlen query name           accession   qlen   E-value  score  bias   #  of  c-Evalue  i-Evalue  score  bias  from    to  from    to  from    to  acc description of target
#                                      ------------------- ---------- ----- -------------------- ---------- ----- --------- ------ ----- --- --- --------- --------- ------ ----- ----- ----- ----- ----- ----- ----- ---- ---------------------
174060at5125_100902_0:0011b0|CM010341.1:1502962-1512146|-  -           2976 174060               -           2933         0 5297.0   0.0   1   1         0         0 5296.6   0.0     2  2929     3  2952     2  2955 0.99 <unknown description>
174060at5125_660025_0:0033f5|CM010341.1:1498919-1512146|-  -           3824 174060               -           2933         0 5294.1   0.0   1   1         0         0 5293.7   0.0     2  2930     3  2953     2  2956 0.99 <unknown description>
174060at5125_160324_0:0021c7|CM010341.1:1502962-1521295|-  -           2961 174060               -           2933         0 5269.5   0.1   1   1         0         0 5269.1   0.1    39  2929    42  2937    33  2940 0.99 <unknown description>
174060at5125_2039875_0:001775|CM010341.1:1494146-1511848|- -           3902 174060               -           2933         0 5188.3   0.0   1   1         0         0 5183.7   0.0    46  2929     1  2865     1  2869 0.99 <unknown description>
174060at5125_101028_0:001f69|CM010341.1:1502962-1509990|-  -           2328 174060               -           2933         0 4371.0   1.6   1   1         0         0 4370.7   1.6   623  2929     2  2304     1  2307 0.99 <unknown description>
174060at5125_398673_0:0003c2|CM010341.1:1502962-1508193|-  -           1729 174060               -           2933         0 3445.7   6.7   1   1         0         0 3445.4   6.7  1222  2929     1  1705     1  1708 0.99 <unknown description>
174060at5125_1325733_0:001c50|CM010341.1:1505523-1512146|- -           2138 174060               -           2933         0 3402.7   0.0   1   1         0         0 3402.4   0.0     2  2111     3  2137     2  2137 0.98 <unknown description>
174060at5125_150374_0:0004e2|CM010341.1:1502962-1506153|-  -           1049 174060               -           2933         0 2233.9   6.4   1   1         0         0 2233.6   6.4  1901  2929     1  1025     1  1028 1.00 <unknown description>
174060at5125_101201_0:0015bc|CM010341.1:1502962-1505077|-  -            706 174060               -           2933         0 1614.1   3.4   1   1         0         0 1613.9   3.4  2245  2929     1   682     1   685 0.99 <unknown description>
#
# Program:         hmmsearch
# Version:         3.4 (Aug 2023)
# Pipeline mode:   SEARCH
# Query file:      /home/arafat/busco_downloads/lineages/hypocreales_odb12.2/hmms/174060at5125.hmm
# Target file:     /home/arafat/Foxy_SIX_Evolution/results/busco/GCA_003315725.1/run_hypocreales_odb12.2/miniprot_output/translated_proteins/174060at5125.faa
# Option settings: hmmsearch --domtblout /home/arafat/Foxy_SIX_Evolution/results/busco/GCA_003315725.1/run_hypocreales_odb12.2/hmmer_output/174060at5125.out --cpu 1 /home/arafat/busco_downloads/lineages/hypocreales_odb12.2/hmms/174060at5125.hmm /home/arafat/Foxy_SIX_Evolution/results/busco/GCA_003315725.1/run_hypocreales_odb12.2/miniprot_output/translated_proteins/174060at5125.faa 
# Current dir:     /home/arafat/Foxy_SIX_Evolution
# Date:            Thu Sep 24 13:02:58 2026
# [ok]
