#                                                                                                                  --- full sequence --- -------------- this domain -------------   hmm coord   ali coord   env coord
# target name                                              accession   tlen query name           accession   qlen   E-value  score  bias   #  of  c-Evalue  i-Evalue  score  bias  from    to  from    to  from    to  acc description of target
#                                      ------------------- ---------- ----- -------------------- ---------- ----- --------- ------ ----- --- --- --------- --------- ------ ----- ----- ----- ----- ----- ----- ----- ---- ---------------------
174696at5125_72712_0:00350e|CM010336.1:1949877-1952617|-   -            886 174696               -            729  3.9e-293  963.1  18.4   1   4   5.8e-19   5.8e-19   56.7   2.8    22    62    48    90    10    93 0.80 <unknown description>
174696at5125_72712_0:00350e|CM010336.1:1949877-1952617|-   -            886 174696               -            729  3.9e-293  963.1  18.4   2   4  8.2e-250  8.2e-250  819.9   0.0    62   608   113   672   107   704 0.90 <unknown description>
174696at5125_72712_0:00350e|CM010336.1:1949877-1952617|-   -            886 174696               -            729  3.9e-293  963.1  18.4   3   4   1.4e-18   1.4e-18   55.5   2.0   588   695   706   828   680   831 0.68 <unknown description>
174696at5125_72712_0:00350e|CM010336.1:1949877-1952617|-   -            886 174696               -            729  3.9e-293  963.1  18.4   4   4   1.6e-13   1.6e-13   38.7   0.2   677   729   832   885   826   885 0.90 <unknown description>
174696at5125_29875_0:000280|CM010336.1:1944096-1952575|-   -            842 174696               -            729  8.4e-292  958.7   6.0   1   2  2.9e-275  2.9e-275  904.0   0.1    22   607    34   634     2   658 0.90 <unknown description>
174696at5125_29875_0:000280|CM010336.1:1944096-1952575|-   -            842 174696               -            729  8.4e-292  958.7   6.0   2   2   8.6e-19   8.6e-19   56.2   2.0   588   696   669   792   643   806 0.69 <unknown description>
174696at5125_2885761_0:000d45|CM010336.1:1950594-1952617|- -            624 174696               -            729  2.4e-274  901.0   0.1   1   1  6.6e-274  6.6e-274  899.6   0.1    22   580    48   623    10   624 0.92 <unknown description>
174696at5125_195108_0:000ae0|CM010336.1:1949877-1952052|-  -            709 174696               -            729  3.8e-242  794.6   9.7   1   3  9.2e-215  9.2e-215  704.0   0.1   127   610     1   497     1   531 0.89 <unknown description>
174696at5125_195108_0:000ae0|CM010336.1:1949877-1952052|-  -            709 174696               -            729  3.8e-242  794.6   9.7   2   3   1.3e-18   1.3e-18   55.5   2.2   588   695   529   651   509   654 0.69 <unknown description>
174696at5125_195108_0:000ae0|CM010336.1:1949877-1952052|-  -            709 174696               -            729  3.8e-242  794.6   9.7   3   3   1.2e-13   1.2e-13   39.1   0.2   677   729   655   708   649   708 0.90 <unknown description>
174696at5125_101201_0:000438|CM010336.1:1951074-1952175|-  -            351 174696               -            729  2.6e-184  603.4   5.9   1   1  2.9e-184  2.9e-184  603.2   5.9    86   428     1   351     1   351 0.97 <unknown description>
174696at5125_1806559_0:0010e2|CM010336.1:1950630-1951689|- -            354 174696               -            729  2.4e-156  510.9   0.0   1   1  2.7e-156  2.7e-156  510.7   0.0   227   569     2   354     1   354 0.92 <unknown description>
174696at5125_150374_0:00135f|CM010336.1:1951041-1952500|-  -            316 174696               -            729  8.8e-147  479.3  18.2   1   3   1.4e-19   1.4e-19   58.8   1.8    23    62    10    51     2    53 0.88 <unknown description>
174696at5125_150374_0:00135f|CM010336.1:1951041-1952500|-  -            316 174696               -            729  8.8e-147  479.3  18.2   2   3   2.2e-61   2.2e-61  196.9   3.4    88   205    53   170    51   171 0.99 <unknown description>
174696at5125_150374_0:00135f|CM010336.1:1951041-1952500|-  -            316 174696               -            729  8.8e-147  479.3  18.2   3   3   1.1e-73   1.1e-73  237.7   0.3   294   438   168   315   167   316 0.94 <unknown description>
174696at5125_94208_0:001b8c|CM010336.1:1951872-1952584|-   -            204 174696               -            729   4.9e-90  291.7   8.0   1   1   2.1e-89   2.1e-89  289.6   8.0    22   183    37   200     1   204 0.91 <unknown description>
#
# Program:         hmmsearch
# Version:         3.4 (Aug 2023)
# Pipeline mode:   SEARCH
# Query file:      /home/arafat/busco_downloads/lineages/hypocreales_odb12.2/hmms/174696at5125.hmm
# Target file:     /home/arafat/Foxy_SIX_Evolution/results/busco/GCA_003315725.1/run_hypocreales_odb12.2/miniprot_output/translated_proteins/174696at5125.faa
# Option settings: hmmsearch --domtblout /home/arafat/Foxy_SIX_Evolution/results/busco/GCA_003315725.1/run_hypocreales_odb12.2/hmmer_output/174696at5125.out --cpu 1 /home/arafat/busco_downloads/lineages/hypocreales_odb12.2/hmms/174696at5125.hmm /home/arafat/Foxy_SIX_Evolution/results/busco/GCA_003315725.1/run_hypocreales_odb12.2/miniprot_output/translated_proteins/174696at5125.faa 
# Current dir:     /home/arafat/Foxy_SIX_Evolution
# Date:            Thu Sep 24 13:03:04 2026
# [ok]
