#                                                                                                                  --- full sequence --- -------------- this domain -------------   hmm coord   ali coord   env coord
# target name                                              accession   tlen query name           accession   qlen   E-value  score  bias   #  of  c-Evalue  i-Evalue  score  bias  from    to  from    to  from    to  acc description of target
#                                      ------------------- ---------- ----- -------------------- ---------- ----- --------- ------ ----- --- --- --------- --------- ------ ----- ----- ----- ----- ----- ----- ----- ---- ---------------------
175064at5125_45235_0:000dd4|CM010338.1:3386080-3395716|+   -           2529 175064               -           1289         0 1578.8  15.8   1   5     0.002     0.002    4.6   1.8     1    47    80   126    80   185 0.65 <unknown description>
175064at5125_45235_0:000dd4|CM010338.1:3386080-3395716|+   -           2529 175064               -           1289         0 1578.8  15.8   2   5    0.0021    0.0021    4.5   0.2    11    61   167   217   154   234 0.77 <unknown description>
175064at5125_45235_0:000dd4|CM010338.1:3386080-3395716|+   -           2529 175064               -           1289         0 1578.8  15.8   3   5   3.6e-70   3.6e-70  225.7   2.0    50   326   236   541   230   564 0.83 <unknown description>
175064at5125_45235_0:000dd4|CM010338.1:3386080-3395716|+   -           2529 175064               -           1289         0 1578.8  15.8   4   5         0         0 1274.7   0.0   324  1148   605  1481   598  1494 0.92 <unknown description>
175064at5125_45235_0:000dd4|CM010338.1:3386080-3395716|+   -           2529 175064               -           1289         0 1578.8  15.8   5   5   3.2e-24   3.2e-24   73.5   0.0  1144  1286  1574  1746  1565  1749 0.75 <unknown description>
175064at5125_660025_0:000e4e|CM010338.1:3385322-3391889|+  -           1999 175064               -           1289         0 1542.2  18.4   1   6    0.0016    0.0016    4.9   1.9     1    48   211   258   211   316 0.65 <unknown description>
175064at5125_660025_0:000e4e|CM010338.1:3385322-3391889|+  -           1999 175064               -           1289         0 1542.2  18.4   2   6    0.0016    0.0016    4.9   0.2    11    61   298   348   285   365 0.77 <unknown description>
175064at5125_660025_0:000e4e|CM010338.1:3385322-3391889|+  -           1999 175064               -           1289         0 1542.2  18.4   3   6   2.6e-70   2.6e-70  226.2   2.0    50   326   367   672   361   695 0.83 <unknown description>
175064at5125_660025_0:000e4e|CM010338.1:3385322-3391889|+  -           1999 175064               -           1289         0 1542.2  18.4   4   6     2e-18     2e-18   54.2   0.0   309   415   790   896   788   907 0.88 <unknown description>
175064at5125_660025_0:000e4e|CM010338.1:3385322-3391889|+  -           1999 175064               -           1289         0 1542.2  18.4   5   6         0         0 1183.7   0.1   447  1148   904  1649   901  1662 0.92 <unknown description>
175064at5125_660025_0:000e4e|CM010338.1:3385322-3391889|+  -           1999 175064               -           1289         0 1542.2  18.4   6   6   2.4e-24   2.4e-24   73.9   0.0  1144  1286  1742  1914  1733  1917 0.75 <unknown description>
175064at5125_111463_0:000706|CM010338.1:3387085-3391555|+  -           1411 175064               -           1289         0 1519.3  11.1   1   3   7.2e-51   7.2e-51  161.8   6.6   143   327     6   207     1   230 0.82 <unknown description>
175064at5125_111463_0:000706|CM010338.1:3387085-3391555|+  -           1411 175064               -           1289         0 1519.3  11.1   2   3         0         0 1281.5   0.0   314  1148   241  1135   237  1147 0.91 <unknown description>
175064at5125_111463_0:000706|CM010338.1:3387085-3391555|+  -           1411 175064               -           1289         0 1519.3  11.1   3   3   1.5e-24   1.5e-24   74.5   0.0  1144  1286  1228  1400  1219  1403 0.75 <unknown description>
175064at5125_948311_0:001fee|CM010338.1:3386080-3390932|+  -           1618 175064               -           1289         0 1510.9  15.5   1   4    0.0013    0.0013    5.2   1.9     1    50    80   129    80   185 0.65 <unknown description>
175064at5125_948311_0:001fee|CM010338.1:3386080-3390932|+  -           1618 175064               -           1289         0 1510.9  15.5   2   4    0.0013    0.0013    5.2   0.2    11    61   167   217   154   234 0.77 <unknown description>
175064at5125_948311_0:001fee|CM010338.1:3386080-3390932|+  -           1618 175064               -           1289         0 1510.9  15.5   3   4   1.9e-70   1.9e-70  226.6   2.0    50   326   236   541   230   564 0.83 <unknown description>
175064at5125_948311_0:001fee|CM010338.1:3386080-3390932|+  -           1618 175064               -           1289         0 1510.9  15.5   4   4         0         0 1279.8   0.0   309  1148   659  1550   657  1563 0.92 <unknown description>
175064at5125_1649241_0:0007a2|CM010338.1:3379548-3391486|+ -           1618 175064               -           1289         0 1504.6  12.6   1   5       0.1       0.1   -1.1   0.0    35    61   116   142    84   152 0.84 <unknown description>
175064at5125_1649241_0:0007a2|CM010338.1:3379548-3391486|+ -           1618 175064               -           1289         0 1504.6  12.6   2   5   1.2e-70   1.2e-70  227.3   1.4    50   327   161   467   153   490 0.83 <unknown description>
175064at5125_1649241_0:0007a2|CM010338.1:3379548-3391486|+ -           1618 175064               -           1289         0 1504.6  12.6   3   5         0         0 1169.5   0.0   315  1063   514  1312   499  1313 0.91 <unknown description>
175064at5125_1649241_0:0007a2|CM010338.1:3379548-3391486|+ -           1618 175064               -           1289         0 1504.6  12.6   4   5     2e-15     2e-15   44.4   1.5  1096  1148  1312  1365  1310  1378 0.87 <unknown description>
175064at5125_1649241_0:0007a2|CM010338.1:3379548-3391486|+ -           1618 175064               -           1289         0 1504.6  12.6   5   5   7.9e-22   7.9e-22   65.6   0.0  1144  1274  1458  1618  1449  1618 0.73 <unknown description>
175064at5125_1325737_0:003552|CM010338.1:3388126-3391883|+ -           1216 175064               -           1289         0 1353.6   0.4   1   2         0         0 1274.6   0.1   334  1148     2   868     1   881 0.92 <unknown description>
175064at5125_1325737_0:003552|CM010338.1:3388126-3391883|+ -           1216 175064               -           1289         0 1353.6   0.4   2   2   1.2e-24   1.2e-24   74.8   0.0  1144  1286   961  1133   952  1136 0.75 <unknown description>
175064at5125_2004951_0:000274|CM010338.1:3386080-3389749|+ -           1144 175064               -           1289  1.6e-300  988.8  12.8   1   4   0.00069   0.00069    6.1   1.5     1    46    80   125    80   184 0.65 <unknown description>
175064at5125_2004951_0:000274|CM010338.1:3386080-3389749|+ -           1144 175064               -           1289  1.6e-300  988.8  12.8   2   4   0.00091   0.00091    5.7   0.2    11    61   167   217   155   228 0.76 <unknown description>
175064at5125_2004951_0:000274|CM010338.1:3386080-3389749|+ -           1144 175064               -           1289  1.6e-300  988.8  12.8   3   4   9.8e-71   9.8e-71  227.6   2.0    50   327   236   542   230   565 0.83 <unknown description>
175064at5125_2004951_0:000274|CM010338.1:3386080-3389749|+ -           1144 175064               -           1289  1.6e-300  988.8  12.8   4   4  2.5e-229  2.5e-229  753.0   0.0   314   839   576  1144   572  1144 0.90 <unknown description>
175064at5125_150374_0:000a18|CM010338.1:3389311-3391507|+  -            573 175064               -           1289  1.8e-254  836.3   0.3   1   2  6.6e-236  6.6e-236  774.8   0.1   695  1147     2   472     1   491 0.94 <unknown description>
175064at5125_150374_0:000a18|CM010338.1:3389311-3391507|+  -            573 175064               -           1289  1.8e-254  836.3   0.3   2   2   3.2e-20   3.2e-20   60.2   0.1  1202  1280   494   572   473   573 0.89 <unknown description>
#
# Program:         hmmsearch
# Version:         3.4 (Aug 2023)
# Pipeline mode:   SEARCH
# Query file:      /home/arafat/busco_downloads/lineages/hypocreales_odb12.2/hmms/175064at5125.hmm
# Target file:     /home/arafat/Foxy_SIX_Evolution/results/busco/GCA_003315725.1/run_hypocreales_odb12.2/miniprot_output/translated_proteins/175064at5125.faa
# Option settings: hmmsearch --domtblout /home/arafat/Foxy_SIX_Evolution/results/busco/GCA_003315725.1/run_hypocreales_odb12.2/hmmer_output/175064at5125.out --cpu 1 /home/arafat/busco_downloads/lineages/hypocreales_odb12.2/hmms/175064at5125.hmm /home/arafat/Foxy_SIX_Evolution/results/busco/GCA_003315725.1/run_hypocreales_odb12.2/miniprot_output/translated_proteins/175064at5125.faa 
# Current dir:     /home/arafat/Foxy_SIX_Evolution
# Date:            Thu Sep 24 13:03:10 2026
# [ok]
