#                                                                                                                  --- full sequence --- -------------- this domain -------------   hmm coord   ali coord   env coord
# target name                                              accession   tlen query name           accession   qlen   E-value  score  bias   #  of  c-Evalue  i-Evalue  score  bias  from    to  from    to  from    to  acc description of target
#                                      ------------------- ---------- ----- -------------------- ---------- ----- --------- ------ ----- --- --- --------- --------- ------ ----- ----- ----- ----- ----- ----- ----- ---- ---------------------
175093at5125_2898083_0:00143d|CM010341.1:1109860-1115471|+ -           1173 175093               -            764         0 1212.1  58.1   1   7   0.00015   0.00015    8.7   0.9     2    32    25    55    24    68 0.88 <unknown description>
175093at5125_2898083_0:00143d|CM010341.1:1109860-1115471|+ -           1173 175093               -            764         0 1212.1  58.1   2   7  1.4e-298  1.4e-298  981.0   1.2    19   504    75   590    63   594 0.93 <unknown description>
175093at5125_2898083_0:00143d|CM010341.1:1109860-1115471|+ -           1173 175093               -            764         0 1212.1  58.1   3   7   1.1e-62   1.1e-62  201.0   8.7   498   667   619   799   607   817 0.88 <unknown description>
175093at5125_2898083_0:00143d|CM010341.1:1109860-1115471|+ -           1173 175093               -            764         0 1212.1  58.1   4   7     0.092     0.092   -0.5   0.1   644   676   826   858   808   884 0.76 <unknown description>
175093at5125_2898083_0:00143d|CM010341.1:1109860-1115471|+ -           1173 175093               -            764         0 1212.1  58.1   5   7   1.6e-15   1.6e-15   45.1   7.7   636   733   889   986   862  1003 0.76 <unknown description>
175093at5125_2898083_0:00143d|CM010341.1:1109860-1115471|+ -           1173 175093               -            764         0 1212.1  58.1   6   7      0.28      0.28   -2.1   8.4   521   577  1016  1070   985  1093 0.73 <unknown description>
175093at5125_2898083_0:00143d|CM010341.1:1109860-1115471|+ -           1173 175093               -            764         0 1212.1  58.1   7   7      0.13      0.13   -1.0   0.0   732   749  1081  1098  1072  1107 0.80 <unknown description>
175093at5125_2898082_0:001f95|CM010341.1:1108321-1113397|+ -           1291 175093               -            764         0 1211.2  58.0   1   7   0.00017   0.00017    8.5   0.9     2    32   136   166   135   179 0.88 <unknown description>
175093at5125_2898082_0:001f95|CM010341.1:1108321-1113397|+ -           1291 175093               -            764         0 1211.2  58.0   2   7  1.7e-298  1.7e-298  980.7   1.2    19   504   186   701   174   705 0.93 <unknown description>
175093at5125_2898082_0:001f95|CM010341.1:1108321-1113397|+ -           1291 175093               -            764         0 1211.2  58.0   3   7   1.2e-62   1.2e-62  200.8   8.7   498   667   730   910   718   930 0.88 <unknown description>
175093at5125_2898082_0:001f95|CM010341.1:1108321-1113397|+ -           1291 175093               -            764         0 1211.2  58.0   4   7      0.11      0.11   -0.7   0.1   644   676   937   969   921   995 0.76 <unknown description>
175093at5125_2898082_0:001f95|CM010341.1:1108321-1113397|+ -           1291 175093               -            764         0 1211.2  58.0   5   7   1.8e-15   1.8e-15   44.8   7.7   636   733  1000  1097   973  1114 0.76 <unknown description>
175093at5125_2898082_0:001f95|CM010341.1:1108321-1113397|+ -           1291 175093               -            764         0 1211.2  58.0   6   7       0.2       0.2   -1.6   7.6   521   577  1127  1181  1096  1193 0.71 <unknown description>
175093at5125_2898082_0:001f95|CM010341.1:1108321-1113397|+ -           1291 175093               -            764         0 1211.2  58.0   7   7      0.15      0.15   -1.1   0.0   732   749  1192  1209  1183  1218 0.80 <unknown description>
175093at5125_1803897_0:002179|CM010341.1:1109590-1113403|+ -           1270 175093               -            764         0 1211.1  58.1   1   7   0.00017   0.00017    8.6   0.9     2    32   113   143   112   156 0.88 <unknown description>
175093at5125_1803897_0:002179|CM010341.1:1109590-1113403|+ -           1270 175093               -            764         0 1211.1  58.1   2   7  1.7e-298  1.7e-298  980.7   1.2    19   504   163   678   151   682 0.93 <unknown description>
175093at5125_1803897_0:002179|CM010341.1:1109590-1113403|+ -           1270 175093               -            764         0 1211.1  58.1   3   7   1.2e-62   1.2e-62  200.8   8.7   498   667   707   887   695   905 0.88 <unknown description>
175093at5125_1803897_0:002179|CM010341.1:1109590-1113403|+ -           1270 175093               -            764         0 1211.1  58.1   4   7      0.11      0.11   -0.7   0.1   644   676   914   946   898   969 0.76 <unknown description>
175093at5125_1803897_0:002179|CM010341.1:1109590-1113403|+ -           1270 175093               -            764         0 1211.1  58.1   5   7   1.7e-15   1.7e-15   44.9   7.7   636   733   977  1074   950  1091 0.76 <unknown description>
175093at5125_1803897_0:002179|CM010341.1:1109590-1113403|+ -           1270 175093               -            764         0 1211.1  58.1   6   7       0.3       0.3   -2.2   8.3   521   577  1104  1158  1073  1181 0.73 <unknown description>
175093at5125_1803897_0:002179|CM010341.1:1109590-1113403|+ -           1270 175093               -            764         0 1211.1  58.1   7   7      0.14      0.14   -1.1   0.0   732   749  1169  1186  1160  1195 0.80 <unknown description>
175093at5125_33203_0:00126f|CM010341.1:1109860-1112248|+   -            797 175093               -            764         0 1183.7  22.7   1   3   9.9e-05   9.9e-05    9.3   1.0     2    32    25    55    24    71 0.88 <unknown description>
175093at5125_33203_0:00126f|CM010341.1:1109860-1112248|+   -            797 175093               -            764         0 1183.7  22.7   2   3  5.7e-299  5.7e-299  982.3   1.4    19   504    75   590    63   594 0.93 <unknown description>
175093at5125_33203_0:00126f|CM010341.1:1109860-1112248|+   -            797 175093               -            764         0 1183.7  22.7   3   3   5.8e-63   5.8e-63  201.9   6.9   498   661   619   793   607   796 0.89 <unknown description>
175093at5125_29875_0:002830|CM010341.1:1110061-1111894|+   -            612 175093               -            764         0 1034.3   4.7   1   2  1.6e-299  1.6e-299  984.1   0.5    19   504     8   523     2   527 0.93 <unknown description>
175093at5125_29875_0:002830|CM010341.1:1110061-1111894|+   -            612 175093               -            764         0 1034.3   4.7   2   2   1.2e-17   1.2e-17   52.0   0.3   498   556   552   612   540   612 0.88 <unknown description>
175093at5125_117187_0:00242e|CM010341.1:1110676-1113403|+  -            910 175093               -            764  2.7e-283  930.5  53.4   1   6  2.2e-214  2.2e-214  702.6   2.6   193   504     1   318     1   322 0.97 <unknown description>
175093at5125_117187_0:00242e|CM010341.1:1110676-1113403|+  -            910 175093               -            764  2.7e-283  930.5  53.4   2   6   7.4e-63   7.4e-63  201.5   8.9   498   668   347   528   335   550 0.88 <unknown description>
175093at5125_117187_0:00242e|CM010341.1:1110676-1113403|+  -            910 175093               -            764  2.7e-283  930.5  53.4   3   6     0.069     0.069   -0.1   0.1   644   676   554   586   539   615 0.76 <unknown description>
175093at5125_117187_0:00242e|CM010341.1:1110676-1113403|+  -            910 175093               -            764  2.7e-283  930.5  53.4   4   6   1.4e-15   1.4e-15   45.2   8.0   636   733   617   714   590   731 0.76 <unknown description>
175093at5125_117187_0:00242e|CM010341.1:1110676-1113403|+  -            910 175093               -            764  2.7e-283  930.5  53.4   5   6      0.13      0.13   -1.0   7.5   521   577   744   798   713   808 0.71 <unknown description>
175093at5125_117187_0:00242e|CM010341.1:1110676-1113403|+  -            910 175093               -            764  2.7e-283  930.5  53.4   6   6       0.1       0.1   -0.6   0.0   732   749   809   826   800   835 0.80 <unknown description>
175093at5125_48490_0:0035a0|CM010341.1:1109860-1111282|+   -            475 175093               -            764  1.3e-224  736.4  11.4   1   2   5.2e-05   5.2e-05   10.3   0.9     2    32    25    55    24    68 0.88 <unknown description>
175093at5125_48490_0:0035a0|CM010341.1:1109860-1111282|+   -            475 175093               -            764  1.3e-224  736.4  11.4   2   2  8.8e-223  8.8e-223  730.3   4.4    19   389    75   475    63   475 0.91 <unknown description>
#
# Program:         hmmsearch
# Version:         3.4 (Aug 2023)
# Pipeline mode:   SEARCH
# Query file:      /home/arafat/busco_downloads/lineages/hypocreales_odb12.2/hmms/175093at5125.hmm
# Target file:     /home/arafat/Foxy_SIX_Evolution/results/busco/GCA_003315725.1/run_hypocreales_odb12.2/miniprot_output/translated_proteins/175093at5125.faa
# Option settings: hmmsearch --domtblout /home/arafat/Foxy_SIX_Evolution/results/busco/GCA_003315725.1/run_hypocreales_odb12.2/hmmer_output/175093at5125.out --cpu 1 /home/arafat/busco_downloads/lineages/hypocreales_odb12.2/hmms/175093at5125.hmm /home/arafat/Foxy_SIX_Evolution/results/busco/GCA_003315725.1/run_hypocreales_odb12.2/miniprot_output/translated_proteins/175093at5125.faa 
# Current dir:     /home/arafat/Foxy_SIX_Evolution
# Date:            Thu Sep 24 13:03:11 2026
# [ok]
