#                                                                                                                  --- full sequence --- -------------- this domain -------------   hmm coord   ali coord   env coord
# target name                                              accession   tlen query name           accession   qlen   E-value  score  bias   #  of  c-Evalue  i-Evalue  score  bias  from    to  from    to  from    to  acc description of target
#                                      ------------------- ---------- ----- -------------------- ---------- ----- --------- ------ ----- --- --- --------- --------- ------ ----- ----- ----- ----- ----- ----- ----- ---- ---------------------
175206at5125_1089452_0:001165|CM010338.1:3057418-3060885|- -           1107 175206               -           1037         0 1903.2   5.9   1   1         0         0 1902.6   5.9     1  1034     6  1083     6  1088 0.94 <unknown description>
175206at5125_1294629_0:000fe8|CM010338.1:3048151-3060885|- -           1195 175206               -           1037         0 1898.1   6.6   1   2    0.0066    0.0066    2.3   0.0     1    26     6    32     6    39 0.89 <unknown description>
175206at5125_1294629_0:000fe8|CM010338.1:3048151-3060885|- -           1195 175206               -           1037         0 1898.1   6.6   2   2         0         0 1894.7   5.7    15  1026    51  1092    38  1100 0.94 <unknown description>
175206at5125_98403_0:001f50|CM010338.1:3057421-3060183|-   -            765 175206               -           1037         0 1389.4   8.0   1   2  1.2e-182  1.2e-182  597.4   1.4   168   488     1   329     1   330 0.96 <unknown description>
175206at5125_98403_0:001f50|CM010338.1:3057421-3060183|-   -            765 175206               -           1037         0 1389.4   8.0   2   2  9.4e-243  9.4e-243  796.4   0.7   625  1034   331   742   329   747 0.97 <unknown description>
175206at5125_1081104_0:000317|CM010338.1:3057421-3059139|- -            558 175206               -           1037  4.3e-307 1009.4   0.9   1   1  5.3e-307  5.3e-307 1009.1   0.9   508  1034     1   535     1   540 0.97 <unknown description>
175206at5125_1081102_0:001116|CM010338.1:3057448-3058236|- -            248 175206               -           1037  4.3e-138  449.9   0.5   1   1  5.1e-138  5.1e-138  449.6   0.5   801  1034     1   234     1   239 0.97 <unknown description>
#
# Program:         hmmsearch
# Version:         3.4 (Aug 2023)
# Pipeline mode:   SEARCH
# Query file:      /home/arafat/busco_downloads/lineages/hypocreales_odb12.2/hmms/175206at5125.hmm
# Target file:     /home/arafat/Foxy_SIX_Evolution/results/busco/GCA_003315725.1/run_hypocreales_odb12.2/miniprot_output/translated_proteins/175206at5125.faa
# Option settings: hmmsearch --domtblout /home/arafat/Foxy_SIX_Evolution/results/busco/GCA_003315725.1/run_hypocreales_odb12.2/hmmer_output/175206at5125.out --cpu 1 /home/arafat/busco_downloads/lineages/hypocreales_odb12.2/hmms/175206at5125.hmm /home/arafat/Foxy_SIX_Evolution/results/busco/GCA_003315725.1/run_hypocreales_odb12.2/miniprot_output/translated_proteins/175206at5125.faa 
# Current dir:     /home/arafat/Foxy_SIX_Evolution
# Date:            Thu Sep 24 13:03:12 2026
# [ok]
