#                                                                                                                  --- full sequence --- -------------- this domain -------------   hmm coord   ali coord   env coord
# target name                                              accession   tlen query name           accession   qlen   E-value  score  bias   #  of  c-Evalue  i-Evalue  score  bias  from    to  from    to  from    to  acc description of target
#                                      ------------------- ---------- ----- -------------------- ---------- ----- --------- ------ ----- --- --- --------- --------- ------ ----- ----- ----- ----- ----- ----- ----- ---- ---------------------
175737at5125_1089452_0:00187d|CM010339.1:2924797-2927049|+ -            717 175737               -            593    8e-284  931.8  51.4   1   2   1.8e-12   1.8e-12   35.8   9.5     1    76    58   133    58   143 0.85 <unknown description>
175737at5125_1089452_0:00187d|CM010339.1:2924797-2927049|+ -            717 175737               -            593    8e-284  931.8  51.4   2   2    1e-272    1e-272  895.2  37.4    39   593   137   716   124   716 0.87 <unknown description>
175737at5125_2559229_0:001224|CM010339.1:2922024-2927049|+ -            727 175737               -            593  8.9e-284  931.7  51.4   1   2   1.8e-12   1.8e-12   35.7   9.5     1    76    68   143    68   153 0.85 <unknown description>
175737at5125_2559229_0:001224|CM010339.1:2922024-2927049|+ -            727 175737               -            593  8.9e-284  931.7  51.4   2   2  1.1e-272  1.1e-272  895.1  37.4    39   593   147   726   134   726 0.87 <unknown description>
175737at5125_1081104_0:001173|CM010339.1:2925310-2927046|+ -            545 175737               -            593  5.7e-273  896.0  31.7   1   1  2.2e-271  2.2e-271  890.8  31.7    77   593     4   545     1   545 0.90 <unknown description>
175737at5125_63577_0:001afa|CM010339.1:2924791-2926428|+   -            512 175737               -            593    2e-203  666.3  21.8   1   2   9.7e-13   9.7e-13   36.6   9.2     1    75    60   134    60   143 0.86 <unknown description>
175737at5125_63577_0:001afa|CM010339.1:2924791-2926428|+   -            512 175737               -            593    2e-203  666.3  21.8   2   2  1.3e-193  1.3e-193  633.9   7.5    40   402   140   510   127   512 0.88 <unknown description>
175737at5125_2604345_0:00388a|CM010339.1:2925754-2927049|+ -            416 175737               -            593  1.7e-182  597.3  34.8   1   1  8.3e-181  8.3e-181  591.7  34.8   204   593     1   415     1   415 0.88 <unknown description>
175737at5125_2004952_0:000793|CM010339.1:2925289-2926122|+ -            244 175737               -            593  4.1e-160  523.3   0.3   1   1  4.4e-160  4.4e-160  523.2   0.3    66   305     3   239     1   244 0.96 <unknown description>
175737at5125_93591_0:001c64|CM010339.1:2924797-2925996|+   -            366 175737               -            593  3.4e-154  503.8  14.2   1   2     4e-13     4e-13   37.9   8.8     1    76    58   133    58   143 0.85 <unknown description>
175737at5125_93591_0:001c64|CM010339.1:2924797-2925996|+   -            366 175737               -            593  3.4e-154  503.8  14.2   2   2  7.3e-144  7.3e-144  469.6   1.2    39   268   137   366   123   366 0.89 <unknown description>
175737at5125_93591_0:000709|CM010339.1:2926518-2927046|+   -            177 175737               -            593     5e-82  265.5  17.9   1   1   5.5e-82   5.5e-82  265.3  17.9   417   593     1   177     1   177 0.94 <unknown description>
#
# Program:         hmmsearch
# Version:         3.4 (Aug 2023)
# Pipeline mode:   SEARCH
# Query file:      /home/arafat/busco_downloads/lineages/hypocreales_odb12.2/hmms/175737at5125.hmm
# Target file:     /home/arafat/Foxy_SIX_Evolution/results/busco/GCA_003315725.1/run_hypocreales_odb12.2/miniprot_output/translated_proteins/175737at5125.faa
# Option settings: hmmsearch --domtblout /home/arafat/Foxy_SIX_Evolution/results/busco/GCA_003315725.1/run_hypocreales_odb12.2/hmmer_output/175737at5125.out --cpu 1 /home/arafat/busco_downloads/lineages/hypocreales_odb12.2/hmms/175737at5125.hmm /home/arafat/Foxy_SIX_Evolution/results/busco/GCA_003315725.1/run_hypocreales_odb12.2/miniprot_output/translated_proteins/175737at5125.faa 
# Current dir:     /home/arafat/Foxy_SIX_Evolution
# Date:            Thu Sep 24 13:02:44 2026
# [ok]
