#                                                                                                                  --- full sequence --- -------------- this domain -------------   hmm coord   ali coord   env coord
# target name                                              accession   tlen query name           accession   qlen   E-value  score  bias   #  of  c-Evalue  i-Evalue  score  bias  from    to  from    to  from    to  acc description of target
#                                      ------------------- ---------- ----- -------------------- ---------- ----- --------- ------ ----- --- --- --------- --------- ------ ----- ----- ----- ----- ----- ----- ----- ---- ---------------------
175846at5125_485398_0:002d71|CM010339.1:1505538-1508445|+  -            820 175846               -            665         0 1181.4  28.4   1   2         0         0 1133.8   5.1     1   577    21   659    21   672 0.93 <unknown description>
175846at5125_485398_0:002d71|CM010339.1:1505538-1508445|+  -            820 175846               -            665         0 1181.4  28.4   2   2   4.2e-15   4.2e-15   43.6  15.5   567   665   681   819   672   819 0.60 <unknown description>
175846at5125_48485_0:001b27|CM010339.1:1505844-1509132|+   -            894 175846               -            665         0 1165.6  25.8   1   2         0         0 1123.5   3.2     1   577     1   614     1   630 0.94 <unknown description>
175846at5125_48485_0:001b27|CM010339.1:1505844-1509132|+   -            894 175846               -            665         0 1165.6  25.8   2   2   5.7e-14   5.7e-14   39.8  14.8   567   663   636   772   627   774 0.59 <unknown description>
175846at5125_122381_0:000c42|CM010339.1:1505844-1510290|+  -           1050 175846               -            665         0 1165.2  25.5   1   2         0         0 1123.2   2.8     1   577     1   614     1   629 0.94 <unknown description>
175846at5125_122381_0:000c42|CM010339.1:1505844-1510290|+  -           1050 175846               -            665         0 1165.2  25.5   2   2   4.1e-14   4.1e-14   40.3  15.1   565   664   634   773   623   773 0.60 <unknown description>
175846at5125_1208366_0:00231d|CM010339.1:1505844-1507872|+ -            609 175846               -            665         0 1094.7   6.8   1   1         0         0 1087.3   6.8     1   542     1   593     1   609 0.94 <unknown description>
175846at5125_2004951_0:001ca0|CM010339.1:1505844-1507395|+ -            450 175846               -            665  1.5e-241  791.9   4.4   1   1  5.3e-239  5.3e-239  783.5   4.4     1   399     1   450     1   450 0.94 <unknown description>
175846at5125_1806559_0:001a71|CM010339.1:1505811-1506947|+ -            343 175846               -            665    1e-183  600.8   0.5   1   1  3.2e-182  3.2e-182  595.8   0.5     1   298    12   342    12   343 0.96 <unknown description>
175846at5125_123648_0:000ef6|CM010339.1:1507043-1508445|+  -            453 175846               -            665  6.6e-164  535.3  26.2   1   2  1.3e-149  1.3e-149  488.1   2.9   314   577     1   292     1   309 0.92 <unknown description>
175846at5125_123648_0:000ef6|CM010339.1:1507043-1508445|+  -            453 175846               -            665  6.6e-164  535.3  26.2   2   2   1.8e-15   1.8e-15   44.8  15.8   565   665   312   452   301   452 0.61 <unknown description>
#
# Program:         hmmsearch
# Version:         3.4 (Aug 2023)
# Pipeline mode:   SEARCH
# Query file:      /home/arafat/busco_downloads/lineages/hypocreales_odb12.2/hmms/175846at5125.hmm
# Target file:     /home/arafat/Foxy_SIX_Evolution/results/busco/GCA_003315725.1/run_hypocreales_odb12.2/miniprot_output/translated_proteins/175846at5125.faa
# Option settings: hmmsearch --domtblout /home/arafat/Foxy_SIX_Evolution/results/busco/GCA_003315725.1/run_hypocreales_odb12.2/hmmer_output/175846at5125.out --cpu 1 /home/arafat/busco_downloads/lineages/hypocreales_odb12.2/hmms/175846at5125.hmm /home/arafat/Foxy_SIX_Evolution/results/busco/GCA_003315725.1/run_hypocreales_odb12.2/miniprot_output/translated_proteins/175846at5125.faa 
# Current dir:     /home/arafat/Foxy_SIX_Evolution
# Date:            Thu Sep 24 13:02:46 2026
# [ok]
