#                                                                                                                  --- full sequence --- -------------- this domain -------------   hmm coord   ali coord   env coord
# target name                                              accession   tlen query name           accession   qlen   E-value  score  bias   #  of  c-Evalue  i-Evalue  score  bias  from    to  from    to  from    to  acc description of target
#                                      ------------------- ---------- ----- -------------------- ---------- ----- --------- ------ ----- --- --- --------- --------- ------ ----- ----- ----- ----- ----- ----- ----- ---- ---------------------
175985at5125_1089452_0:001f16|CM010341.1:1385135-1387586|+ -            818 175985               -            746         0 1246.4  18.2   1   2         0         0 1174.7  13.3     2   682     3   702     2   709 0.95 <unknown description>
175985at5125_1089452_0:001f16|CM010341.1:1385135-1387586|+ -            818 175985               -            746         0 1246.4  18.2   2   2   1.6e-24   1.6e-24   74.7   0.2   660   746   726   817   712   817 0.85 <unknown description>
175985at5125_169388_0:00420a|CM010341.1:1382971-1387586|+  -           1439 175985               -            746         0 1243.4  18.0   1   2         0         0 1172.3  13.3     2   682   624  1323   623  1330 0.95 <unknown description>
175985at5125_169388_0:00420a|CM010341.1:1382971-1387586|+  -           1439 175985               -            746         0 1243.4  18.0   2   2   3.3e-24   3.3e-24   73.6   0.1   661   746  1348  1438  1334  1438 0.85 <unknown description>
175985at5125_1859967_0:0010d3|CM010341.1:1385165-1389014|+ -           1054 175985               -            746         0 1222.1  18.5   1   2         0         0 1162.6  12.6    10   682     1   692     1   699 0.95 <unknown description>
175985at5125_1859967_0:0010d3|CM010341.1:1385165-1389014|+ -           1054 175985               -            746         0 1222.1  18.5   2   2   4.4e-21   4.4e-21   63.3   0.3   661   744   717   805   703   807 0.83 <unknown description>
175985at5125_62069_0:0005e6|CM010341.1:1385129-1386920|+   -            598 175985               -            746         0 1032.0  11.2   1   1         0         0 1031.8  11.2     2   576     5   598     4   598 0.96 <unknown description>
175985at5125_2604345_0:0030fa|CM010341.1:1385840-1387586|+ -            583 175985               -            746  6.4e-265  869.5  13.7   1   2  4.9e-243  4.9e-243  797.1   8.8   231   682    12   467     1   474 0.95 <unknown description>
175985at5125_2604345_0:0030fa|CM010341.1:1385840-1387586|+ -            583 175985               -            746  6.4e-265  869.5  13.7   2   2   9.8e-25   9.8e-25   75.3   0.2   660   746   491   582   477   582 0.85 <unknown description>
175985at5125_2004951_0:0022d9|CM010341.1:1385135-1385750|+ -            206 175985               -            746   2.6e-92  298.7   5.3   1   1     3e-92     3e-92  298.6   5.3     2   195     3   206     2   206 0.93 <unknown description>
#
# Program:         hmmsearch
# Version:         3.4 (Aug 2023)
# Pipeline mode:   SEARCH
# Query file:      /home/arafat/busco_downloads/lineages/hypocreales_odb12.2/hmms/175985at5125.hmm
# Target file:     /home/arafat/Foxy_SIX_Evolution/results/busco/GCA_003315725.1/run_hypocreales_odb12.2/miniprot_output/translated_proteins/175985at5125.faa
# Option settings: hmmsearch --domtblout /home/arafat/Foxy_SIX_Evolution/results/busco/GCA_003315725.1/run_hypocreales_odb12.2/hmmer_output/175985at5125.out --cpu 1 /home/arafat/busco_downloads/lineages/hypocreales_odb12.2/hmms/175985at5125.hmm /home/arafat/Foxy_SIX_Evolution/results/busco/GCA_003315725.1/run_hypocreales_odb12.2/miniprot_output/translated_proteins/175985at5125.faa 
# Current dir:     /home/arafat/Foxy_SIX_Evolution
# Date:            Thu Sep 24 13:02:49 2026
# [ok]
