#                                                                                                                  --- full sequence --- -------------- this domain -------------   hmm coord   ali coord   env coord
# target name                                              accession   tlen query name           accession   qlen   E-value  score  bias   #  of  c-Evalue  i-Evalue  score  bias  from    to  from    to  from    to  acc description of target
#                                      ------------------- ---------- ----- -------------------- ---------- ----- --------- ------ ----- --- --- --------- --------- ------ ----- ----- ----- ----- ----- ----- ----- ---- ---------------------
176646at5125_1089452_0:002d8d|CM010336.1:3899587-3902467|+ -            927 176646               -            532  9.9e-210  686.1  76.8   1   5   4.3e-84   4.3e-84  271.4  21.6     2   177     3   209     2   220 0.84 <unknown description>
176646at5125_1089452_0:002d8d|CM010336.1:3899587-3902467|+ -            927 176646               -            532  9.9e-210  686.1  76.8   2   5   0.00042   0.00042    7.5   6.1   167   222   230   288   213   346 0.62 <unknown description>
176646at5125_1089452_0:002d8d|CM010336.1:3899587-3902467|+ -            927 176646               -            532  9.9e-210  686.1  76.8   3   5   6.9e-09   6.9e-09   23.3   6.0   187   248   465   535   426   541 0.64 <unknown description>
176646at5125_1089452_0:002d8d|CM010336.1:3899587-3902467|+ -            927 176646               -            532  9.9e-210  686.1  76.8   4   5     1e-22     1e-22   68.9   5.2   243   323   569   662   556   675 0.82 <unknown description>
176646at5125_1089452_0:002d8d|CM010336.1:3899587-3902467|+ -            927 176646               -            532  9.9e-210  686.1  76.8   5   5  1.2e-104  1.2e-104  339.3   5.6   320   532   706   926   675   926 0.91 <unknown description>
176646at5125_595255_0:000fe4|CM010336.1:3897029-3902467|+  -           1219 176646               -            532  6.7e-209  683.3  76.9   1   5   7.7e-84   7.7e-84  270.6  21.8     2   177   352   558   351   568 0.84 <unknown description>
176646at5125_595255_0:000fe4|CM010336.1:3897029-3902467|+  -           1219 176646               -            532  6.7e-209  683.3  76.9   2   5   0.00089   0.00089    6.4   6.9   167   222   579   637   560   699 0.61 <unknown description>
176646at5125_595255_0:000fe4|CM010336.1:3897029-3902467|+  -           1219 176646               -            532  6.7e-209  683.3  76.9   3   5   1.4e-08   1.4e-08   22.2   6.8   185   248   755   827   705   833 0.64 <unknown description>
176646at5125_595255_0:000fe4|CM010336.1:3897029-3902467|+  -           1219 176646               -            532  6.7e-209  683.3  76.9   4   5   1.5e-22   1.5e-22   68.4   5.2   243   323   861   954   848   967 0.82 <unknown description>
176646at5125_595255_0:000fe4|CM010336.1:3897029-3902467|+  -           1219 176646               -            532  6.7e-209  683.3  76.9   5   5  1.7e-104  1.7e-104  338.8   5.4   320   532   998  1218   967  1218 0.91 <unknown description>
176646at5125_1649241_0:00191a|CM010336.1:3899587-3904209|+ -            949 176646               -            532  8.8e-191  623.5  85.6   1   6   4.3e-84   4.3e-84  271.4  21.6     2   178     3   210     2   221 0.84 <unknown description>
176646at5125_1649241_0:00191a|CM010336.1:3899587-3904209|+ -            949 176646               -            532  8.8e-191  623.5  85.6   2   6   0.00026   0.00026    8.2   4.9   167   220   230   286   214   317 0.61 <unknown description>
176646at5125_1649241_0:00191a|CM010336.1:3899587-3904209|+ -            949 176646               -            532  8.8e-191  623.5  85.6   3   6   2.3e-08   2.3e-08   21.5   9.7   156   248   347   438   320   442 0.55 <unknown description>
176646at5125_1649241_0:00191a|CM010336.1:3899587-3904209|+ -            949 176646               -            532  8.8e-191  623.5  85.6   4   6   1.1e-22   1.1e-22   68.8   5.3   243   323   472   565   459   580 0.82 <unknown description>
176646at5125_1649241_0:00191a|CM010336.1:3899587-3904209|+ -            949 176646               -            532  8.8e-191  623.5  85.6   5   6   2.5e-87   2.5e-87  282.1   3.6   320   507   609   804   587   809 0.90 <unknown description>
176646at5125_1649241_0:00191a|CM010336.1:3899587-3904209|+ -            949 176646               -            532  8.8e-191  623.5  85.6   6   6     0.067     0.067    0.2   1.9   250   299   859   908   845   932 0.60 <unknown description>
176646at5125_2692428_0:001af8|CM010336.1:3899587-3900135|+ -            166 176646               -            532   1.9e-70  226.4  10.9   1   1   2.4e-70   2.4e-70  226.1  10.9     2   134     3   155     2   166 0.84 <unknown description>
#
# Program:         hmmsearch
# Version:         3.4 (Aug 2023)
# Pipeline mode:   SEARCH
# Query file:      /home/arafat/busco_downloads/lineages/hypocreales_odb12.2/hmms/176646at5125.hmm
# Target file:     /home/arafat/Foxy_SIX_Evolution/results/busco/GCA_003315725.1/run_hypocreales_odb12.2/miniprot_output/translated_proteins/176646at5125.faa
# Option settings: hmmsearch --domtblout /home/arafat/Foxy_SIX_Evolution/results/busco/GCA_003315725.1/run_hypocreales_odb12.2/hmmer_output/176646at5125.out --cpu 1 /home/arafat/busco_downloads/lineages/hypocreales_odb12.2/hmms/176646at5125.hmm /home/arafat/Foxy_SIX_Evolution/results/busco/GCA_003315725.1/run_hypocreales_odb12.2/miniprot_output/translated_proteins/176646at5125.faa 
# Current dir:     /home/arafat/Foxy_SIX_Evolution
# Date:            Thu Sep 24 13:02:55 2026
# [ok]
