#                                                                                                                  --- full sequence --- -------------- this domain -------------   hmm coord   ali coord   env coord
# target name                                              accession   tlen query name           accession   qlen   E-value  score  bias   #  of  c-Evalue  i-Evalue  score  bias  from    to  from    to  from    to  acc description of target
#                                      ------------------- ---------- ----- -------------------- ---------- ----- --------- ------ ----- --- --- --------- --------- ------ ----- ----- ----- ----- ----- ----- ----- ---- ---------------------
176762at5125_72712_0:0031cc|CM010340.1:3059994-3065818|+   -           1907 176762               -           1697         0 2662.1 106.1   1   2         0         0 1484.5  76.7     1  1037     1  1061     1  1069 0.88 <unknown description>
176762at5125_72712_0:0031cc|CM010340.1:3059994-3065818|+   -           1907 176762               -           1697         0 2662.1 106.1   2   2         0         0 1173.3  21.8   853  1658  1075  1846  1064  1858 0.96 <unknown description>
176762at5125_33203_0:0010a6|CM010340.1:3059994-3070350|+   -           2629 176762               -           1697         0 2530.2  77.9   1   3         0         0 1305.1  44.1     1   737     1   752     1   771 0.94 <unknown description>
176762at5125_33203_0:0010a6|CM010340.1:3059994-3070350|+   -           2629 176762               -           1697         0 2530.2  77.9   2   3         0         0 1241.5  25.7   717  1658   756  1659   748  1666 0.93 <unknown description>
176762at5125_33203_0:0010a6|CM010340.1:3059994-3070350|+   -           2629 176762               -           1697         0 2530.2  77.9   3   3         9         9   -9.4  12.0   648   721  2281  2352  2202  2483 0.57 <unknown description>
176762at5125_5516_0:000d3f|CM010340.1:3061277-3065772|+    -           1482 176762               -           1697         0 1968.2 101.8   1   4  1.1e-156  1.1e-156  513.0  22.7   403   735     1   343     1   355 0.91 <unknown description>
176762at5125_5516_0:000d3f|CM010340.1:3061277-3065772|+    -           1482 176762               -           1697         0 1968.2 101.8   2   4   1.1e-60   1.1e-60  194.7  25.8   719  1038   351   655   342   667 0.78 <unknown description>
176762at5125_5516_0:000d3f|CM010340.1:3061277-3065772|+    -           1482 176762               -           1697         0 1968.2 101.8   3   4   1.1e-28   1.1e-28   88.7   5.4   852  1011   588   732   581   734 0.90 <unknown description>
176762at5125_5516_0:000d3f|CM010340.1:3061277-3065772|+    -           1482 176762               -           1697         0 1968.2 101.8   4   4         0         0 1218.7  23.9   853  1696   668  1480   656  1481 0.96 <unknown description>
176762at5125_1208366_0:00181f|CM010340.1:3059994-3063926|+ -           1291 176762               -           1697         0 1703.1 125.5   1   4         0         0 1307.3  44.0     1   736     1   751     1   767 0.95 <unknown description>
176762at5125_1208366_0:00181f|CM010340.1:3059994-3063926|+ -           1291 176762               -           1697         0 1703.1 125.5   2   4   6.8e-61   6.8e-61  195.4  25.7   717  1038   756  1062   748  1073 0.78 <unknown description>
176762at5125_1208366_0:00181f|CM010340.1:3059994-3063926|+ -           1291 176762               -           1697         0 1703.1 125.5   3   4   1.1e-26   1.1e-26   82.0  13.5   846  1013   988  1141   987  1142 0.90 <unknown description>
176762at5125_1208366_0:00181f|CM010340.1:3059994-3063926|+ -           1291 176762               -           1697         0 1703.1 125.5   4   4   1.2e-51   1.2e-51  164.8  18.3   853  1077  1075  1290  1066  1291 0.94 <unknown description>
176762at5125_1245745_0:001cf5|CM010340.1:3059994-3062615|+ -            854 176762               -           1697         0 1348.7  46.2   1   2         0         0 1309.2  43.4     1   735     1   750     1   758 0.95 <unknown description>
176762at5125_1245745_0:001cf5|CM010340.1:3059994-3062615|+ -            854 176762               -           1697         0 1348.7  46.2   2   2   2.6e-14   2.6e-14   41.0   0.0   717   813   756   853   748   854 0.78 <unknown description>
176762at5125_63577_0:00073f|CM010340.1:3062726-3065718|+   -            870 176762               -           1697         0 1248.9  44.5   1   2   1.2e-28   1.2e-28   88.5  14.9   851   985     5   138     1   140 0.93 <unknown description>
176762at5125_63577_0:00073f|CM010340.1:3062726-3065718|+   -            870 176762               -           1697         0 1248.9  44.5   2   2         0         0 1175.3  21.6   894  1679   118   866   113   870 0.96 <unknown description>
176762at5125_1245745_0:001ce8|CM010340.1:3063485-3065772|+ -            746 176762               -           1697         0 1170.6  20.1   1   1         0         0 1170.4  20.1   924  1696     1   744     1   745 0.96 <unknown description>
176762at5125_1208366_0:001f69|CM010340.1:3063995-3065772|+ -            576 176762               -           1697  7.4e-296  974.3  25.0   1   1    9e-296    9e-296  974.1  25.0  1119  1696    12   574     2   575 0.96 <unknown description>
176762at5125_5516_0:000e99|CM010340.1:3059994-3061241|+    -            396 176762               -           1697  1.8e-223  734.4  24.0   1   1    2e-223    2e-223  734.2  24.0     1   391     1   396     1   396 0.98 <unknown description>
#
# Program:         hmmsearch
# Version:         3.4 (Aug 2023)
# Pipeline mode:   SEARCH
# Query file:      /home/arafat/busco_downloads/lineages/hypocreales_odb12.2/hmms/176762at5125.hmm
# Target file:     /home/arafat/Foxy_SIX_Evolution/results/busco/GCA_003315725.1/run_hypocreales_odb12.2/miniprot_output/translated_proteins/176762at5125.faa
# Option settings: hmmsearch --domtblout /home/arafat/Foxy_SIX_Evolution/results/busco/GCA_003315725.1/run_hypocreales_odb12.2/hmmer_output/176762at5125.out --cpu 1 /home/arafat/busco_downloads/lineages/hypocreales_odb12.2/hmms/176762at5125.hmm /home/arafat/Foxy_SIX_Evolution/results/busco/GCA_003315725.1/run_hypocreales_odb12.2/miniprot_output/translated_proteins/176762at5125.faa 
# Current dir:     /home/arafat/Foxy_SIX_Evolution
# Date:            Thu Sep 24 13:02:58 2026
# [ok]
