#                                                                                                                  --- full sequence --- -------------- this domain -------------   hmm coord   ali coord   env coord
# target name                                              accession   tlen query name           accession   qlen   E-value  score  bias   #  of  c-Evalue  i-Evalue  score  bias  from    to  from    to  from    to  acc description of target
#                                      ------------------- ---------- ----- -------------------- ---------- ----- --------- ------ ----- --- --- --------- --------- ------ ----- ----- ----- ----- ----- ----- ----- ---- ---------------------
177222at5125_1089452_0:002a9b|CM010336.1:1364877-1365895|- -            340 177222               -            327  2.8e-151  491.7  59.8   1   2   4.1e-08   4.1e-08   21.1   0.2     1    19     1    19     1    25 0.92 <unknown description>
177222at5125_1089452_0:002a9b|CM010336.1:1364877-1365895|- -            340 177222               -            327  2.8e-151  491.7  59.8   2   2  8.5e-146  8.5e-146  473.6  54.7    20   322    39   339    33   339 0.95 <unknown description>
177222at5125_40199_0:001cfa|CM010336.1:1365135-1365895|-   -            254 177222               -            327  1.6e-140  456.3  22.9   1   2   2.8e-08   2.8e-08   21.7   0.2     1    19     1    19     1    25 0.92 <unknown description>
177222at5125_40199_0:001cfa|CM010336.1:1365135-1365895|-   -            254 177222               -            327  1.6e-140  456.3  22.9   2   2  6.9e-135  6.9e-135  437.8  17.8    20   236    39   253    33   254 0.96 <unknown description>
177222at5125_1399860_1:000f2b|CM010336.1:1365321-1365895|- -            192 177222               -            327  1.4e-116  377.6   9.4   1   2     2e-08     2e-08   22.2   0.2     1    19     1    19     1    25 0.92 <unknown description>
177222at5125_1399860_1:000f2b|CM010336.1:1365321-1365895|- -            192 177222               -            327  1.4e-116  377.6   9.4   2   2  8.9e-111  8.9e-111  358.5   4.3    20   174    39   192    33   192 0.98 <unknown description>
177222at5125_1330021_0:0019da|CM010336.1:1364043-1365895|- -            550 177222               -            327   1.7e-97  314.9  33.7   1   3   8.7e-08   8.7e-08   20.1   0.1     1    19     1    19     1    25 0.95 <unknown description>
177222at5125_1330021_0:0019da|CM010336.1:1364043-1365895|- -            550 177222               -            327   1.7e-97  314.9  33.7   2   3   3.7e-90   3.7e-90  290.8   5.3    21   144    40   163    34   164 0.98 <unknown description>
177222at5125_1330021_0:0019da|CM010336.1:1364043-1365895|- -            550 177222               -            327   1.7e-97  314.9  33.7   3   3   7.5e-06   7.5e-06   13.7  17.8   192   234   161   203   160   303 0.56 <unknown description>
177222at5125_1344414_0:0017be|CM010336.1:1365501-1365780|- -             94 177222               -            327   2.8e-75  241.9   0.9   1   1   3.1e-75   3.1e-75  241.8   0.9    20   112     1    93     1    94 0.99 <unknown description>
#
# Program:         hmmsearch
# Version:         3.4 (Aug 2023)
# Pipeline mode:   SEARCH
# Query file:      /home/arafat/busco_downloads/lineages/hypocreales_odb12.2/hmms/177222at5125.hmm
# Target file:     /home/arafat/Foxy_SIX_Evolution/results/busco/GCA_003315725.1/run_hypocreales_odb12.2/miniprot_output/translated_proteins/177222at5125.faa
# Option settings: hmmsearch --domtblout /home/arafat/Foxy_SIX_Evolution/results/busco/GCA_003315725.1/run_hypocreales_odb12.2/hmmer_output/177222at5125.out --cpu 1 /home/arafat/busco_downloads/lineages/hypocreales_odb12.2/hmms/177222at5125.hmm /home/arafat/Foxy_SIX_Evolution/results/busco/GCA_003315725.1/run_hypocreales_odb12.2/miniprot_output/translated_proteins/177222at5125.faa 
# Current dir:     /home/arafat/Foxy_SIX_Evolution
# Date:            Thu Sep 24 13:03:02 2026
# [ok]
