#                                                                                                                  --- full sequence --- -------------- this domain -------------   hmm coord   ali coord   env coord
# target name                                              accession   tlen query name           accession   qlen   E-value  score  bias   #  of  c-Evalue  i-Evalue  score  bias  from    to  from    to  from    to  acc description of target
#                                      ------------------- ---------- ----- -------------------- ---------- ----- --------- ------ ----- --- --- --------- --------- ------ ----- ----- ----- ----- ----- ----- ----- ---- ---------------------
177564at5125_1859967_0:001606|CM010340.1:1102987-1105234|+ -            611 177564               -            322    8e-167  543.2  18.9   1   1  6.1e-166  6.1e-166  540.3  18.9     1   301    12   337    12   382 0.89 <unknown description>
177564at5125_5507_5:002c38|CM010340.1:1103020-1104332|+    -            404 177564               -            322  1.5e-162  529.2  25.3   1   2   1.2e-07   1.2e-07   20.1   0.0     1    27     1    27     1    34 0.94 <unknown description>
177564at5125_5507_5:002c38|CM010340.1:1103020-1104332|+    -            404 177564               -            322  1.5e-162  529.2  25.3   2   2  4.7e-155  4.7e-155  504.5  22.1    23   322    55   403    47   403 0.87 <unknown description>
177564at5125_62069_0:001c73|CM010340.1:1103020-1103954|+   -            246 177564               -            322  4.6e-147  478.3   2.5   1   1  5.2e-147  5.2e-147  478.1   2.5     1   234     1   246     1   246 0.96 <unknown description>
177564at5125_1080343_0:00226f|CM010340.1:1103339-1104332|+ -            332 177564               -            322  1.4e-142  463.5  26.5   1   2  1.3e-140  1.3e-140  457.0  21.2    41   301     1   286     1   303 0.88 <unknown description>
177564at5125_1080343_0:00226f|CM010340.1:1103339-1104332|+ -            332 177564               -            322  1.4e-142  463.5  26.5   2   2   0.00016   0.00016    9.8   0.6   291   322   300   331   289   331 0.85 <unknown description>
177564at5125_911162_0:000ed7|CM010340.1:1103020-1103576|+  -            120 177564               -            322   2.8e-68  219.4   0.4   1   1   3.2e-68   3.2e-68  219.2   0.4     1   116     1   120     1   120 0.96 <unknown description>
177564at5125_911162_0:000edd|CM010340.1:1103714-1104329|+  -            206 177564               -            322   5.2e-65  208.6  26.1   1   1     7e-63     7e-63  201.6  26.1   159   322     3   206     1   206 0.82 <unknown description>
177564at5125_2004951_0:002b83|CM010342.1:392117-392579|-   -            155 177564               -            322   9.8e-14   40.1   0.2   1   1   1.6e-13   1.6e-13   39.5   0.2    73   208     1   151     1   154 0.77 <unknown description>
#
# Program:         hmmsearch
# Version:         3.4 (Aug 2023)
# Pipeline mode:   SEARCH
# Query file:      /home/arafat/busco_downloads/lineages/hypocreales_odb12.2/hmms/177564at5125.hmm
# Target file:     /home/arafat/Foxy_SIX_Evolution/results/busco/GCA_003315725.1/run_hypocreales_odb12.2/miniprot_output/translated_proteins/177564at5125.faa
# Option settings: hmmsearch --domtblout /home/arafat/Foxy_SIX_Evolution/results/busco/GCA_003315725.1/run_hypocreales_odb12.2/hmmer_output/177564at5125.out --cpu 1 /home/arafat/busco_downloads/lineages/hypocreales_odb12.2/hmms/177564at5125.hmm /home/arafat/Foxy_SIX_Evolution/results/busco/GCA_003315725.1/run_hypocreales_odb12.2/miniprot_output/translated_proteins/177564at5125.faa 
# Current dir:     /home/arafat/Foxy_SIX_Evolution
# Date:            Thu Sep 24 13:03:06 2026
# [ok]
