#                                                                                                                  --- full sequence --- -------------- this domain -------------   hmm coord   ali coord   env coord
# target name                                              accession   tlen query name           accession   qlen   E-value  score  bias   #  of  c-Evalue  i-Evalue  score  bias  from    to  from    to  from    to  acc description of target
#                                      ------------------- ---------- ----- -------------------- ---------- ----- --------- ------ ----- --- --- --------- --------- ------ ----- ----- ----- ----- ----- ----- ----- ---- ---------------------
177766at5125_1081102_0:001b05|CM010337.1:4109786-4122849|+ -           2027 177766               -           1204         0 1724.7  69.9   1   7   1.1e-30   1.1e-30   94.5   4.7     1    73   100   175   100   180 0.92 <unknown description>
177766at5125_1081102_0:001b05|CM010337.1:4109786-4122849|+ -           2027 177766               -           1204         0 1724.7  69.9   2   7     1e-12     1e-12   35.1   3.5    68   129   194   270   187   302 0.75 <unknown description>
177766at5125_1081102_0:001b05|CM010337.1:4109786-4122849|+ -           2027 177766               -           1204         0 1724.7  69.9   3   7   2.2e-24   2.2e-24   73.7   3.4   138   224   504   621   491   656 0.76 <unknown description>
177766at5125_1081102_0:001b05|CM010337.1:4109786-4122849|+ -           2027 177766               -           1204         0 1724.7  69.9   4   7   5.1e-10   5.1e-10   26.1   3.5   217   337   711   838   702   853 0.67 <unknown description>
177766at5125_1081102_0:001b05|CM010337.1:4109786-4122849|+ -           2027 177766               -           1204         0 1724.7  69.9   5   7  1.6e-244  1.6e-244  802.8   4.7   264   745   861  1368   816  1400 0.91 <unknown description>
177766at5125_1081102_0:001b05|CM010337.1:4109786-4122849|+ -           2027 177766               -           1204         0 1724.7  69.9   6   7   8.7e-21   8.7e-21   61.8   8.9   751   834  1471  1586  1447  1590 0.61 <unknown description>
177766at5125_1081102_0:001b05|CM010337.1:4109786-4122849|+ -           2027 177766               -           1204         0 1724.7  69.9   7   7  1.4e-200  1.4e-200  657.3   0.2   830  1203  1618  2025  1610  2026 0.90 <unknown description>
177766at5125_1089452_0:000ab4|CM010337.1:4116624-4122849|+ -           2076 177766               -           1204         0 1724.5  69.9   1   7   1.1e-30   1.1e-30   94.5   4.7     1    73    99   174    99   179 0.92 <unknown description>
177766at5125_1089452_0:000ab4|CM010337.1:4116624-4122849|+ -           2076 177766               -           1204         0 1724.5  69.9   2   7   9.8e-13   9.8e-13   35.1   3.4    68   128   193   268   186   300 0.75 <unknown description>
177766at5125_1089452_0:000ab4|CM010337.1:4116624-4122849|+ -           2076 177766               -           1204         0 1724.5  69.9   3   7   2.3e-24   2.3e-24   73.6   3.5   138   224   503   620   490   655 0.76 <unknown description>
177766at5125_1089452_0:000ab4|CM010337.1:4116624-4122849|+ -           2076 177766               -           1204         0 1724.5  69.9   4   7   5.2e-10   5.2e-10   26.1   3.5   217   337   760   887   751   902 0.67 <unknown description>
177766at5125_1089452_0:000ab4|CM010337.1:4116624-4122849|+ -           2076 177766               -           1204         0 1724.5  69.9   5   7  1.7e-244  1.7e-244  802.7   4.7   264   745   910  1417   865  1449 0.91 <unknown description>
177766at5125_1089452_0:000ab4|CM010337.1:4116624-4122849|+ -           2076 177766               -           1204         0 1724.5  69.9   6   7   8.9e-21   8.9e-21   61.7   8.9   751   834  1520  1635  1496  1639 0.61 <unknown description>
177766at5125_1089452_0:000ab4|CM010337.1:4116624-4122849|+ -           2076 177766               -           1204         0 1724.5  69.9   7   7  1.5e-200  1.5e-200  657.2   0.2   830  1203  1667  2074  1659  2075 0.90 <unknown description>
177766at5125_1380566_0:0019bf|CM010337.1:4118310-4122849|+ -           1378 177766               -           1204         0 1589.6  46.1   1   5   1.9e-20   1.9e-20   60.7   1.6   171   225     3    59     1   103 0.83 <unknown description>
177766at5125_1380566_0:0019bf|CM010337.1:4118310-4122849|+ -           1378 177766               -           1204         0 1589.6  46.1   2   5   1.8e-10   1.8e-10   27.6   0.9   217   284   121   196   112   215 0.69 <unknown description>
177766at5125_1380566_0:0019bf|CM010337.1:4118310-4122849|+ -           1378 177766               -           1204         0 1589.6  46.1   3   5  3.3e-245  3.3e-245  805.1   2.6   270   745   218   719   206   751 0.92 <unknown description>
177766at5125_1380566_0:0019bf|CM010337.1:4118310-4122849|+ -           1378 177766               -           1204         0 1589.6  46.1   4   5   2.6e-19   2.6e-19   56.9  14.5   751   834   822   937   798   941 0.61 <unknown description>
177766at5125_1380566_0:0019bf|CM010337.1:4118310-4122849|+ -           1378 177766               -           1204         0 1589.6  46.1   5   5  7.2e-201  7.2e-201  658.2   0.2   830  1203   969  1376   961  1377 0.90 <unknown description>
177766at5125_80388_0:001024|CM010337.1:4119951-4122849|+   -            967 177766               -           1204         0 1290.6  23.8   1   3  9.2e-177  9.2e-177  578.4   0.1   439   745     1   308     1   343 0.97 <unknown description>
177766at5125_80388_0:001024|CM010337.1:4119951-4122849|+   -            967 177766               -           1204         0 1290.6  23.8   2   3   3.2e-19   3.2e-19   56.6  15.4   751   834   411   526   388   530 0.61 <unknown description>
177766at5125_80388_0:001024|CM010337.1:4119951-4122849|+   -            967 177766               -           1204         0 1290.6  23.8   3   3  3.5e-201  3.5e-201  659.3   0.2   830  1203   558   965   550   966 0.90 <unknown description>
177766at5125_1237068_0:001658|CM010337.1:4116624-4121430|+ -           1603 177766               -           1204         0 1047.6  62.1   1   7   8.5e-31   8.5e-31   94.9   4.7     1    73    99   174    99   179 0.92 <unknown description>
177766at5125_1237068_0:001658|CM010337.1:4116624-4121430|+ -           1603 177766               -           1204         0 1047.6  62.1   2   7   7.6e-13   7.6e-13   35.5   3.5    68   129   193   269   186   301 0.75 <unknown description>
177766at5125_1237068_0:001658|CM010337.1:4116624-4121430|+ -           1603 177766               -           1204         0 1047.6  62.1   3   7   1.9e-07   1.9e-07   17.6   0.0   138   168   503   537   469   547 0.84 <unknown description>
177766at5125_1237068_0:001658|CM010337.1:4116624-4121430|+ -           1603 177766               -           1204         0 1047.6  62.1   4   7   1.7e-20   1.7e-20   60.8   1.8   171   224   565   620   551   657 0.85 <unknown description>
177766at5125_1237068_0:001658|CM010337.1:4116624-4121430|+ -           1603 177766               -           1204         0 1047.6  62.1   5   7   3.9e-10   3.9e-10   26.5   3.5   217   337   760   887   751   902 0.67 <unknown description>
177766at5125_1237068_0:001658|CM010337.1:4116624-4121430|+ -           1603 177766               -           1204         0 1047.6  62.1   6   7  1.1e-244  1.1e-244  803.4   4.8   264   745   910  1417   865  1449 0.91 <unknown description>
177766at5125_1237068_0:001658|CM010337.1:4116624-4121430|+ -           1603 177766               -           1204         0 1047.6  62.1   7   7   1.5e-12   1.5e-12   34.5   7.8   751   807  1520  1592  1496  1603 0.60 <unknown description>
177766at5125_911162_0:000eeb|CM010337.1:4122348-4122849|+  -            168 177766               -           1204   1.3e-86  279.8   0.2   1   1   1.6e-86   1.6e-86  279.5   0.2  1055  1203     4   166     2   167 0.91 <unknown description>
#
# Program:         hmmsearch
# Version:         3.4 (Aug 2023)
# Pipeline mode:   SEARCH
# Query file:      /home/arafat/busco_downloads/lineages/hypocreales_odb12.2/hmms/177766at5125.hmm
# Target file:     /home/arafat/Foxy_SIX_Evolution/results/busco/GCA_003315725.1/run_hypocreales_odb12.2/miniprot_output/translated_proteins/177766at5125.faa
# Option settings: hmmsearch --domtblout /home/arafat/Foxy_SIX_Evolution/results/busco/GCA_003315725.1/run_hypocreales_odb12.2/hmmer_output/177766at5125.out --cpu 1 /home/arafat/busco_downloads/lineages/hypocreales_odb12.2/hmms/177766at5125.hmm /home/arafat/Foxy_SIX_Evolution/results/busco/GCA_003315725.1/run_hypocreales_odb12.2/miniprot_output/translated_proteins/177766at5125.faa 
# Current dir:     /home/arafat/Foxy_SIX_Evolution
# Date:            Thu Sep 24 13:03:06 2026
# [ok]
