#                                                                                                                  --- full sequence --- -------------- this domain -------------   hmm coord   ali coord   env coord
# target name                                              accession   tlen query name           accession   qlen   E-value  score  bias   #  of  c-Evalue  i-Evalue  score  bias  from    to  from    to  from    to  acc description of target
#                                      ------------------- ---------- ----- -------------------- ---------- ----- --------- ------ ----- --- --- --------- --------- ------ ----- ----- ----- ----- ----- ----- ----- ---- ---------------------
177767at5125_1089452_0:002ee3|CM010340.1:2340091-2342857|+ -            803 177767               -            511  2.7e-227  743.3  35.9   1   3         4         4   -8.6   4.4   394   422    23    51    21    59 0.69 <unknown description>
177767at5125_1089452_0:002ee3|CM010340.1:2340091-2342857|+ -            803 177767               -            511  2.7e-227  743.3  35.9   2   3  4.8e-144  4.8e-144  468.7   2.0     2   312   167   527   166   551 0.86 <unknown description>
177767at5125_1089452_0:002ee3|CM010340.1:2340091-2342857|+ -            803 177767               -            511  2.7e-227  743.3  35.9   3   3   1.3e-87   1.3e-87  282.5  13.7   327   511   591   798   544   798 0.82 <unknown description>
177767at5125_48484_0:0027df|CM010340.1:2340979-2342857|+   -            594 177767               -            511  9.1e-214  698.7  23.6   1   2    3e-126    3e-126  410.0   2.6    41   312     1   318     1   341 0.85 <unknown description>
177767at5125_48484_0:0027df|CM010340.1:2340979-2342857|+   -            594 177767               -            511  9.1e-214  698.7  23.6   2   2   5.2e-88   5.2e-88  283.8  13.2   327   511   382   589   335   589 0.82 <unknown description>
177767at5125_93591_0:001c94|CM010340.1:2340796-2342425|+   -            493 177767               -            511  2.3e-175  572.0  12.5   1   2  2.9e-144  2.9e-144  469.4   2.6     2   312     1   361     1   384 0.86 <unknown description>
177767at5125_93591_0:001c94|CM010340.1:2340796-2342425|+   -            493 177767               -            511  2.3e-175  572.0  12.5   2   2   1.8e-31   1.8e-31   97.2   2.4   327   395   425   493   378   493 0.81 <unknown description>
177767at5125_1736662_0:000500|CM010340.1:2340115-2342257|+ -            595 177767               -            511  2.5e-144  469.6   2.2   1   3         4         4   -8.7   4.9   394   422    15    43    14    52 0.66 <unknown description>
177767at5125_1736662_0:000500|CM010340.1:2340115-2342257|+ -            595 177767               -            511  2.5e-144  469.6   2.2   2   3  2.5e-144  2.5e-144  469.6   2.2     2   312   159   519   158   543 0.86 <unknown description>
177767at5125_1736662_0:000500|CM010340.1:2340115-2342257|+ -            595 177767               -            511  2.5e-144  469.6   2.2   3   3    0.0074    0.0074    2.9   0.1   308   339   544   575   536   580 0.82 <unknown description>
#
# Program:         hmmsearch
# Version:         3.4 (Aug 2023)
# Pipeline mode:   SEARCH
# Query file:      /home/arafat/busco_downloads/lineages/hypocreales_odb12.2/hmms/177767at5125.hmm
# Target file:     /home/arafat/Foxy_SIX_Evolution/results/busco/GCA_003315725.1/run_hypocreales_odb12.2/miniprot_output/translated_proteins/177767at5125.faa
# Option settings: hmmsearch --domtblout /home/arafat/Foxy_SIX_Evolution/results/busco/GCA_003315725.1/run_hypocreales_odb12.2/hmmer_output/177767at5125.out --cpu 1 /home/arafat/busco_downloads/lineages/hypocreales_odb12.2/hmms/177767at5125.hmm /home/arafat/Foxy_SIX_Evolution/results/busco/GCA_003315725.1/run_hypocreales_odb12.2/miniprot_output/translated_proteins/177767at5125.faa 
# Current dir:     /home/arafat/Foxy_SIX_Evolution
# Date:            Thu Sep 24 13:03:07 2026
# [ok]
