#                                                                                                                  --- full sequence --- -------------- this domain -------------   hmm coord   ali coord   env coord
# target name                                              accession   tlen query name           accession   qlen   E-value  score  bias   #  of  c-Evalue  i-Evalue  score  bias  from    to  from    to  from    to  acc description of target
#                                      ------------------- ---------- ----- -------------------- ---------- ----- --------- ------ ----- --- --- --------- --------- ------ ----- ----- ----- ----- ----- ----- ----- ---- ---------------------
177768at5125_1080343_0:001eac|CM010339.1:1357777-1359697|- -            641 177768               -            505    3e-238  780.0  58.6   1   2   1.1e-68   1.1e-68  220.6  29.6     9   176    32   212    21   215 0.85 <unknown description>
177768at5125_1080343_0:001eac|CM010339.1:1357777-1359697|- -            641 177768               -            505    3e-238  780.0  58.6   2   2  8.3e-173  8.3e-173  564.1  21.0   160   505   220   628   214   628 0.85 <unknown description>
177768at5125_62069_0:001ccc|CM010339.1:1351717-1359697|-   -            656 177768               -            505  3.3e-238  779.8  58.6   1   2   1.2e-68   1.2e-68  220.5  29.7     9   176    32   212    21   216 0.85 <unknown description>
177768at5125_62069_0:001ccc|CM010339.1:1351717-1359697|-   -            656 177768               -            505  3.3e-238  779.8  58.6   2   2  7.9e-173  7.9e-173  564.2  20.8   160   505   220   628   214   628 0.85 <unknown description>
177768at5125_93591_0:00196e|CM010339.1:1357777-1359253|-   -            493 177768               -            505  4.4e-193  631.0  37.0   1   2   2.5e-23   2.5e-23   71.0   7.5   115   176     1    64     1    68 0.82 <unknown description>
177768at5125_93591_0:00196e|CM010339.1:1357777-1359253|-   -            493 177768               -            505  4.4e-193  631.0  37.0   2   2  5.5e-173  5.5e-173  564.7  21.5   160   505    72   480    68   480 0.85 <unknown description>
177768at5125_63577_0:001889|CM010339.1:1358413-1359697|-   -            429 177768               -            505  5.6e-181  591.1  49.9   1   2   5.1e-69   5.1e-69  221.7  29.8     9   176    32   212    21   216 0.85 <unknown description>
177768at5125_63577_0:001889|CM010339.1:1358413-1359697|-   -            429 177768               -            505  5.6e-181  591.1  49.9   2   2  1.2e-115  1.2e-115  375.5  12.0   160   354   220   425   215   428 0.93 <unknown description>
177768at5125_468837_0:001b68|CM010339.1:1357777-1358191|-  -            139 177768               -            505   4.5e-35  109.7  10.3   1   1   3.7e-34   3.7e-34  106.7  10.3   414   505     7   126     1   126 0.76 <unknown description>
#
# Program:         hmmsearch
# Version:         3.4 (Aug 2023)
# Pipeline mode:   SEARCH
# Query file:      /home/arafat/busco_downloads/lineages/hypocreales_odb12.2/hmms/177768at5125.hmm
# Target file:     /home/arafat/Foxy_SIX_Evolution/results/busco/GCA_003315725.1/run_hypocreales_odb12.2/miniprot_output/translated_proteins/177768at5125.faa
# Option settings: hmmsearch --domtblout /home/arafat/Foxy_SIX_Evolution/results/busco/GCA_003315725.1/run_hypocreales_odb12.2/hmmer_output/177768at5125.out --cpu 1 /home/arafat/busco_downloads/lineages/hypocreales_odb12.2/hmms/177768at5125.hmm /home/arafat/Foxy_SIX_Evolution/results/busco/GCA_003315725.1/run_hypocreales_odb12.2/miniprot_output/translated_proteins/177768at5125.faa 
# Current dir:     /home/arafat/Foxy_SIX_Evolution
# Date:            Thu Sep 24 13:03:07 2026
# [ok]
