#                                                                                                                  --- full sequence --- -------------- this domain -------------   hmm coord   ali coord   env coord
# target name                                              accession   tlen query name           accession   qlen   E-value  score  bias   #  of  c-Evalue  i-Evalue  score  bias  from    to  from    to  from    to  acc description of target
#                                      ------------------- ---------- ----- -------------------- ---------- ----- --------- ------ ----- --- --- --------- --------- ------ ----- ----- ----- ----- ----- ----- ----- ---- ---------------------
177942at5125_2826082_0:001213|CM010337.1:2509875-2512750|+ -            898 177942               -            757         0 1276.4  21.6   1   2         0         0 1247.4  13.4     2   734     4   787     3   825 0.84 <unknown description>
177942at5125_2826082_0:001213|CM010337.1:2509875-2512750|+ -            898 177942               -            757         0 1276.4  21.6   2   2   5.5e-11   5.5e-11   30.9   1.3   712   756   844   886   817   887 0.68 <unknown description>
177942at5125_948311_0:000f1a|CM010337.1:2508906-2512720|+  -           1034 177942               -            757         0 1275.6  21.3   1   2         0         0 1246.8  13.2     2   734   150   933   149   967 0.84 <unknown description>
177942at5125_948311_0:000f1a|CM010337.1:2508906-2512720|+  -           1034 177942               -            757         0 1275.6  21.3   2   2   5.8e-11   5.8e-11   30.9   1.1   712   756   990  1032   963  1033 0.68 <unknown description>
177942at5125_660025_0:000ff8|CM010337.1:2509875-2514841|+  -           1458 177942               -            757         0 1251.5   3.5   1   1         0         0 1251.0   3.5     2   700     4   747     3   782 0.88 <unknown description>
177942at5125_98403_0:0006e9|CM010337.1:2509881-2512099|+   -            679 177942               -            757         0 1237.5   2.9   1   1         0         0 1237.3   2.9     2   637     2   679     1   679 0.92 <unknown description>
177942at5125_468837_0:0019dd|CM010337.1:2510530-2512183|+  -            552 177942               -            757         0 1018.4   0.5   1   1         0         0 1018.3   0.5   139   654     1   546     1   552 0.92 <unknown description>
177942at5125_660027_0:003cf7|CM010337.1:2509875-2511619|+  -            471 177942               -            757         0 1014.0  10.5   1   2   6.9e-14   6.9e-14   40.5   0.2     2    28     4    30     3    39 0.90 <unknown description>
177942at5125_660027_0:003cf7|CM010337.1:2509875-2511619|+  -            471 177942               -            757         0 1014.0  10.5   2   2    4e-297    4e-297  977.0   5.4    72   502    37   471    32   471 0.98 <unknown description>
177942at5125_63577_0:001410|CM010337.1:2510948-2512720|+   -            591 177942               -            757  1.7e-212  697.3  17.7   1   2  2.3e-203  2.3e-203  667.0   9.3   283   734     5   490     2   525 0.79 <unknown description>
177942at5125_63577_0:001410|CM010337.1:2510948-2512720|+   -            591 177942               -            757  1.7e-212  697.3  17.7   2   2   3.2e-11   3.2e-11   31.7   1.2   712   756   547   589   520   590 0.68 <unknown description>
177942at5125_58853_0:0013ae|CM010337.1:2511733-2512720|+   -            329 177942               -            757   7.7e-47  149.5  13.9   1   2   8.1e-37   8.1e-37  116.3  12.6   530   733     1   228     1   251 0.66 <unknown description>
177942at5125_58853_0:0013ae|CM010337.1:2511733-2512720|+   -            329 177942               -            757   7.7e-47  149.5  13.9   2   2   1.2e-10   1.2e-10   29.8   0.0   728   756   299   327   272   328 0.85 <unknown description>
#
# Program:         hmmsearch
# Version:         3.4 (Aug 2023)
# Pipeline mode:   SEARCH
# Query file:      /home/arafat/busco_downloads/lineages/hypocreales_odb12.2/hmms/177942at5125.hmm
# Target file:     /home/arafat/Foxy_SIX_Evolution/results/busco/GCA_003315725.1/run_hypocreales_odb12.2/miniprot_output/translated_proteins/177942at5125.faa
# Option settings: hmmsearch --domtblout /home/arafat/Foxy_SIX_Evolution/results/busco/GCA_003315725.1/run_hypocreales_odb12.2/hmmer_output/177942at5125.out --cpu 1 /home/arafat/busco_downloads/lineages/hypocreales_odb12.2/hmms/177942at5125.hmm /home/arafat/Foxy_SIX_Evolution/results/busco/GCA_003315725.1/run_hypocreales_odb12.2/miniprot_output/translated_proteins/177942at5125.faa 
# Current dir:     /home/arafat/Foxy_SIX_Evolution
# Date:            Thu Sep 24 13:03:11 2026
# [ok]
