#                                                                                                                  --- full sequence --- -------------- this domain -------------   hmm coord   ali coord   env coord
# target name                                              accession   tlen query name           accession   qlen   E-value  score  bias   #  of  c-Evalue  i-Evalue  score  bias  from    to  from    to  from    to  acc description of target
#                                      ------------------- ---------- ----- -------------------- ---------- ----- --------- ------ ----- --- --- --------- --------- ------ ----- ----- ----- ----- ----- ----- ----- ---- ---------------------
178119at5125_1089452_0:00122f|CM010338.1:3545530-3550432|- -           1604 178119               -           1387         0 2447.6  59.9   1   3   6.3e-33   6.3e-33  101.3  19.7     1   110     1   120     1   135 0.81 <unknown description>
178119at5125_1089452_0:00122f|CM010338.1:3545530-3550432|- -           1604 178119               -           1387         0 2447.6  59.9   2   3         0         0 2258.0  27.9   103  1312   147  1477   124  1509 0.88 <unknown description>
178119at5125_1089452_0:00122f|CM010338.1:3545530-3550432|- -           1604 178119               -           1387         0 2447.6  59.9   3   3   9.4e-31   9.4e-31   94.1   0.3  1303  1386  1512  1595  1492  1596 0.90 <unknown description>
178119at5125_2039875_0:0015d2|CM010338.1:3543294-3550432|- -           1697 178119               -           1387         0 2414.5  56.1   1   3     5e-33     5e-33  101.7  19.2     1   109     1   119     1   131 0.81 <unknown description>
178119at5125_2039875_0:0015d2|CM010338.1:3543294-3550432|- -           1697 178119               -           1387         0 2414.5  56.1   2   3         0         0 2258.0  27.1   103  1310   147  1475   123  1494 0.89 <unknown description>
178119at5125_2039875_0:0015d2|CM010338.1:3543294-3550432|- -           1697 178119               -           1387         0 2414.5  56.1   3   3   8.4e-20   8.4e-20   57.8   0.0  1303  1366  1512  1575  1492  1585 0.84 <unknown description>
178119at5125_1806559_0:001881|CM010338.1:3547245-3550432|- -           1048 178119               -           1387         0 1676.1  46.7   1   2     3e-33     3e-33  102.4  19.4     1   110     1   120     1   134 0.81 <unknown description>
178119at5125_1806559_0:001881|CM010338.1:3547245-3550432|- -           1048 178119               -           1387         0 1676.1  46.7   2   2         0         0 1576.0  19.7   103   925   147  1046   129  1048 0.89 <unknown description>
178119at5125_1229664_0:002d36|CM010338.1:3545530-3547798|- -            726 178119               -           1387         0 1122.6  10.4   1   2         0         0 1029.8   5.4   758  1312     1   599     1   630 0.91 <unknown description>
178119at5125_1229664_0:002d36|CM010338.1:3545530-3547798|- -            726 178119               -           1387         0 1122.6  10.4   2   2   3.4e-31   3.4e-31   95.6   0.3  1303  1386   634   717   614   718 0.90 <unknown description>
178119at5125_123648_0:001e13|CM010338.1:3545554-3547189|-  -            546 178119               -           1387  9.8e-227  743.5  18.9   1   2  1.6e-198  1.6e-198  650.0  13.8   930  1312     1   427     1   457 0.87 <unknown description>
178119at5125_123648_0:001e13|CM010338.1:3545554-3547189|-  -            546 178119               -           1387  9.8e-227  743.5  18.9   2   2   2.4e-31   2.4e-31   96.1   0.3  1303  1386   462   545   444   546 0.90 <unknown description>
#
# Program:         hmmsearch
# Version:         3.4 (Aug 2023)
# Pipeline mode:   SEARCH
# Query file:      /home/arafat/busco_downloads/lineages/hypocreales_odb12.2/hmms/178119at5125.hmm
# Target file:     /home/arafat/Foxy_SIX_Evolution/results/busco/GCA_003315725.1/run_hypocreales_odb12.2/miniprot_output/translated_proteins/178119at5125.faa
# Option settings: hmmsearch --domtblout /home/arafat/Foxy_SIX_Evolution/results/busco/GCA_003315725.1/run_hypocreales_odb12.2/hmmer_output/178119at5125.out --cpu 1 /home/arafat/busco_downloads/lineages/hypocreales_odb12.2/hmms/178119at5125.hmm /home/arafat/Foxy_SIX_Evolution/results/busco/GCA_003315725.1/run_hypocreales_odb12.2/miniprot_output/translated_proteins/178119at5125.faa 
# Current dir:     /home/arafat/Foxy_SIX_Evolution
# Date:            Thu Sep 24 13:03:14 2026
# [ok]
