#                                                                                                                  --- full sequence --- -------------- this domain -------------   hmm coord   ali coord   env coord
# target name                                              accession   tlen query name           accession   qlen   E-value  score  bias   #  of  c-Evalue  i-Evalue  score  bias  from    to  from    to  from    to  acc description of target
#                                      ------------------- ---------- ----- -------------------- ---------- ----- --------- ------ ----- --- --- --------- --------- ------ ----- ----- ----- ----- ----- ----- ----- ---- ---------------------
178139at5125_5507_3:003188|CM010341.1:1884970-1887525|+    -            834 178139               -            439  2.6e-217  711.5   1.4   1   5  7.2e-201  7.2e-201  657.3   0.0     1   322     6   343     6   373 0.91 <unknown description>
178139at5125_5507_3:003188|CM010341.1:1884970-1887525|+    -            834 178139               -            439  2.6e-217  711.5   1.4   2   5   0.00047   0.00047    8.7   0.1   318   354   480   516   449   524 0.85 <unknown description>
178139at5125_5507_3:003188|CM010341.1:1884970-1887525|+    -            834 178139               -            439  2.6e-217  711.5   1.4   3   5     0.015     0.015    3.7   0.0   351   374   583   606   531   628 0.74 <unknown description>
178139at5125_5507_3:003188|CM010341.1:1884970-1887525|+    -            834 178139               -            439  2.6e-217  711.5   1.4   4   5    0.0013    0.0013    7.2   0.0   389   411   746   768   733   784 0.85 <unknown description>
178139at5125_5507_3:003188|CM010341.1:1884970-1887525|+    -            834 178139               -            439  2.6e-217  711.5   1.4   5   5   3.3e-10   3.3e-10   28.9   0.0   411   439   803   831   785   831 0.92 <unknown description>
178139at5125_72712_0:003ae0|CM010341.1:1884970-1888573|+   -            951 178139               -            439  7.6e-214  700.0   1.5   1   5  9.7e-201  9.7e-201  656.8   0.0     1   322     6   343     6   372 0.91 <unknown description>
178139at5125_72712_0:003ae0|CM010341.1:1884970-1888573|+   -            951 178139               -            439  7.6e-214  700.0   1.5   2   5   0.00055   0.00055    8.5   0.1   318   354   480   516   449   524 0.85 <unknown description>
178139at5125_72712_0:003ae0|CM010341.1:1884970-1888573|+   -            951 178139               -            439  7.6e-214  700.0   1.5   3   5     0.018     0.018    3.5   0.0   351   374   583   606   532   627 0.74 <unknown description>
178139at5125_72712_0:003ae0|CM010341.1:1884970-1888573|+   -            951 178139               -            439  7.6e-214  700.0   1.5   4   5    0.0017    0.0017    6.9   0.0   389   411   746   768   736   781 0.85 <unknown description>
178139at5125_72712_0:003ae0|CM010341.1:1884970-1888573|+   -            951 178139               -            439  7.6e-214  700.0   1.5   5   5   4.8e-07   4.8e-07   18.5   0.0   411   434   803   826   784   829 0.90 <unknown description>
178139at5125_57161_0:002a0d|CM010341.1:1884970-1886787|+   -            588 178139               -            439  1.3e-204  669.7   0.3   1   2  2.9e-201  2.9e-201  658.6   0.0     1   322     6   343     6   374 0.90 <unknown description>
178139at5125_57161_0:002a0d|CM010341.1:1884970-1886787|+   -            588 178139               -            439  1.3e-204  669.7   0.3   2   2   0.00031   0.00031    9.3   0.1   318   354   480   516   447   523 0.85 <unknown description>
178139at5125_468837_0:0001ac|CM010341.1:1884970-1898070|+  -            626 178139               -            439  1.6e-204  669.3   0.3   1   2  3.5e-201  3.5e-201  658.3   0.0     1   322     6   343     6   374 0.90 <unknown description>
178139at5125_468837_0:0001ac|CM010341.1:1884970-1898070|+  -            626 178139               -            439  1.6e-204  669.3   0.3   2   2   0.00034   0.00034    9.1   0.1   318   353   480   515   448   522 0.85 <unknown description>
178139at5125_426428_0:003623|CM010341.1:1884970-1885992|+  -            323 178139               -            439  4.9e-196  641.3   0.1   1   1  5.9e-196  5.9e-196  641.1   0.1     1   301     6   317     6   321 0.94 <unknown description>
178139at5125_1344414_0:001fb0|CM010341.1:1884970-1885764|+ -            247 178139               -            439  1.4e-176  577.3   1.9   1   1  1.5e-176  1.5e-176  577.1   1.9     1   237     6   247     6   247 0.97 <unknown description>
178139at5125_2773459_0:000623|CM010341.1:1885200-1885866|+ -            223 178139               -            439  1.5e-138  451.9   0.2   1   1  1.7e-138  1.7e-138  451.8   0.2    54   267     1   221     1   223 0.94 <unknown description>
178139at5125_2692428_0:002e19|CM010341.1:1885053-1885524|+ -            158 178139               -            439  1.4e-119  389.4   0.1   1   1  1.6e-119  1.6e-119  389.2   0.1     7   159     3   155     2   158 0.98 <unknown description>
178139at5125_2773459_0:0033bd|CM010341.1:1885812-1887525|+ -            572 178139               -            439   1.6e-33  105.8   2.4   1   5   1.4e-16   1.4e-16   49.9   0.1   256   322     6    81     2   112 0.75 <unknown description>
178139at5125_2773459_0:0033bd|CM010341.1:1885812-1887525|+ -            572 178139               -            439   1.6e-33  105.8   2.4   2   5   0.00029   0.00029    9.4   0.1   318   354   218   254   185   263 0.85 <unknown description>
178139at5125_2773459_0:0033bd|CM010341.1:1885812-1887525|+ -            572 178139               -            439   1.6e-33  105.8   2.4   3   5    0.0092    0.0092    4.4   0.0   351   374   321   344   269   367 0.73 <unknown description>
178139at5125_2773459_0:0033bd|CM010341.1:1885812-1887525|+ -            572 178139               -            439   1.6e-33  105.8   2.4   4   5    0.0009    0.0009    7.7   0.0   389   411   484   506   473   518 0.85 <unknown description>
178139at5125_2773459_0:0033bd|CM010341.1:1885812-1887525|+ -            572 178139               -            439   1.6e-33  105.8   2.4   5   5   2.1e-10   2.1e-10   29.6   0.0   411   439   541   569   522   569 0.92 <unknown description>
#
# Program:         hmmsearch
# Version:         3.4 (Aug 2023)
# Pipeline mode:   SEARCH
# Query file:      /home/arafat/busco_downloads/lineages/hypocreales_odb12.2/hmms/178139at5125.hmm
# Target file:     /home/arafat/Foxy_SIX_Evolution/results/busco/GCA_003315725.1/run_hypocreales_odb12.2/miniprot_output/translated_proteins/178139at5125.faa
# Option settings: hmmsearch --domtblout /home/arafat/Foxy_SIX_Evolution/results/busco/GCA_003315725.1/run_hypocreales_odb12.2/hmmer_output/178139at5125.out --cpu 1 /home/arafat/busco_downloads/lineages/hypocreales_odb12.2/hmms/178139at5125.hmm /home/arafat/Foxy_SIX_Evolution/results/busco/GCA_003315725.1/run_hypocreales_odb12.2/miniprot_output/translated_proteins/178139at5125.faa 
# Current dir:     /home/arafat/Foxy_SIX_Evolution
# Date:            Thu Sep 24 13:03:14 2026
# [ok]
