#                                                                                                                --- full sequence --- -------------- this domain -------------   hmm coord   ali coord   env coord
# target name                                            accession   tlen query name           accession   qlen   E-value  score  bias   #  of  c-Evalue  i-Evalue  score  bias  from    to  from    to  from    to  acc description of target
#                                    ------------------- ---------- ----- -------------------- ---------- ----- --------- ------ ----- --- --- --------- --------- ------ ----- ----- ----- ----- ----- ----- ----- ---- ---------------------
178155at5125_80388_0:003119|CM010342.1:854719-858010|+   -           1098 178155               -            731  1.7e-260  856.2  97.5   1   5   1.2e-98   1.2e-98  321.0  29.5     8   321    20   441    13   445 0.71 <unknown description>
178155at5125_80388_0:003119|CM010342.1:854719-858010|+   -           1098 178155               -            731  1.7e-260  856.2  97.5   2   5   2.1e-44   2.1e-44  141.8   4.9   311   434   457   603   442   607 0.80 <unknown description>
178155at5125_80388_0:003119|CM010342.1:854719-858010|+   -           1098 178155               -            731  1.7e-260  856.2  97.5   3   5   6.7e-76   6.7e-76  245.9  10.3   416   568   633   790   623   794 0.92 <unknown description>
178155at5125_80388_0:003119|CM010342.1:854719-858010|+   -           1098 178155               -            731  1.7e-260  856.2  97.5   4   5   5.7e-43   5.7e-43  137.0  25.3   553   714   794  1000   791  1007 0.75 <unknown description>
178155at5125_80388_0:003119|CM010342.1:854719-858010|+   -           1098 178155               -            731  1.7e-260  856.2  97.5   5   5     0.001     0.001    7.3   0.1   706   731  1069  1096  1047  1096 0.75 <unknown description>
178155at5125_93591_0:0002fa|CM010342.1:849442-858010|+   -           1217 178155               -            731  4.1e-260  854.9  97.3   1   6   4.5e-56   4.5e-56  180.3   8.2     8   175   139   344   132   361 0.78 <unknown description>
178155at5125_93591_0:0002fa|CM010342.1:849442-858010|+   -           1217 178155               -            731  4.1e-260  854.9  97.3   2   6   7.5e-48   7.5e-48  153.2  13.6   172   321   373   560   354   566 0.74 <unknown description>
178155at5125_93591_0:0002fa|CM010342.1:849442-858010|+   -           1217 178155               -            731  4.1e-260  854.9  97.3   3   6   2.4e-44   2.4e-44  141.6   4.8   311   434   576   722   563   726 0.80 <unknown description>
178155at5125_93591_0:0002fa|CM010342.1:849442-858010|+   -           1217 178155               -            731  4.1e-260  854.9  97.3   4   6   7.8e-76   7.8e-76  245.7  10.3   416   568   752   909   742   913 0.92 <unknown description>
178155at5125_93591_0:0002fa|CM010342.1:849442-858010|+   -           1217 178155               -            731  4.1e-260  854.9  97.3   5   6   6.6e-43   6.6e-43  136.8  25.3   553   714   913  1119   910  1126 0.75 <unknown description>
178155at5125_93591_0:0002fa|CM010342.1:849442-858010|+   -           1217 178155               -            731  4.1e-260  854.9  97.3   6   6    0.0011    0.0011    7.1   0.1   706   731  1188  1215  1166  1215 0.75 <unknown description>
178155at5125_426428_0:0039cf|CM010342.1:853780-858010|+  -           1411 178155               -            731  2.1e-259  852.5  97.2   1   5   1.8e-98   1.8e-98  320.5  29.5     8   321   333   754   326   764 0.71 <unknown description>
178155at5125_426428_0:0039cf|CM010342.1:853780-858010|+  -           1411 178155               -            731  2.1e-259  852.5  97.2   2   5   2.4e-44   2.4e-44  141.6   4.5   311   434   770   916   756   920 0.80 <unknown description>
178155at5125_426428_0:0039cf|CM010342.1:853780-858010|+  -           1411 178155               -            731  2.1e-259  852.5  97.2   3   5   9.6e-76   9.6e-76  245.4  10.3   416   568   946  1103   936  1107 0.92 <unknown description>
178155at5125_426428_0:0039cf|CM010342.1:853780-858010|+  -           1411 178155               -            731  2.1e-259  852.5  97.2   4   5   8.3e-43   8.3e-43  136.5  25.3   553   714  1107  1313  1104  1320 0.75 <unknown description>
178155at5125_426428_0:0039cf|CM010342.1:853780-858010|+  -           1411 178155               -            731  2.1e-259  852.5  97.2   5   5    0.0013    0.0013    6.9   0.1   706   731  1382  1409  1360  1409 0.75 <unknown description>
178155at5125_101201_0:001cbb|CM010342.1:843352-858010|+  -           1423 178155               -            731  2.3e-259  852.4  97.2   1   5   1.8e-98   1.8e-98  320.5  29.5     8   321   345   766   338   776 0.71 <unknown description>
178155at5125_101201_0:001cbb|CM010342.1:843352-858010|+  -           1423 178155               -            731  2.3e-259  852.4  97.2   2   5   2.5e-44   2.5e-44  141.5   4.6   311   434   782   928   768   932 0.80 <unknown description>
178155at5125_101201_0:001cbb|CM010342.1:843352-858010|+  -           1423 178155               -            731  2.3e-259  852.4  97.2   3   5   9.7e-76   9.7e-76  245.4  10.3   416   568   958  1115   948  1119 0.92 <unknown description>
178155at5125_101201_0:001cbb|CM010342.1:843352-858010|+  -           1423 178155               -            731  2.3e-259  852.4  97.2   4   5   8.4e-43   8.4e-43  136.5  25.3   553   714  1119  1325  1116  1332 0.75 <unknown description>
178155at5125_101201_0:001cbb|CM010342.1:843352-858010|+  -           1423 178155               -            731  2.3e-259  852.4  97.2   5   5    0.0014    0.0014    6.9   0.1   706   731  1394  1421  1372  1421 0.75 <unknown description>
178155at5125_1229664_0:000787|CM010342.1:853780-857042|+ -            982 178155               -            731  1.9e-209  687.4  58.1   1   4   3.6e-56   3.6e-56  180.7   8.3     8   175   227   432   220   449 0.78 <unknown description>
178155at5125_1229664_0:000787|CM010342.1:853780-857042|+ -            982 178155               -            731  1.9e-209  687.4  58.1   2   4   6.3e-48   6.3e-48  153.4  13.8   172   321   461   648   442   654 0.74 <unknown description>
178155at5125_1229664_0:000787|CM010342.1:853780-857042|+ -            982 178155               -            731  1.9e-209  687.4  58.1   3   4   1.7e-44   1.7e-44  142.1   4.8   311   434   664   810   650   814 0.80 <unknown description>
178155at5125_1229664_0:000787|CM010342.1:853780-857042|+ -            982 178155               -            731  1.9e-209  687.4  58.1   4   4   1.3e-67   1.3e-67  218.5   7.7   416   543   840   968   830   979 0.93 <unknown description>
178155at5125_44412_0:00315c|CM010342.1:855757-858010|+   -            752 178155               -            731    2e-184  604.7  71.6   1   4   1.8e-63   1.8e-63  204.8  15.7   245   434     1   257     1   261 0.71 <unknown description>
178155at5125_44412_0:00315c|CM010342.1:855757-858010|+   -            752 178155               -            731    2e-184  604.7  71.6   2   4   3.5e-76   3.5e-76  246.8  10.5   416   569   287   445   277   450 0.91 <unknown description>
178155at5125_44412_0:00315c|CM010342.1:855757-858010|+   -            752 178155               -            731    2e-184  604.7  71.6   3   4   3.6e-43   3.6e-43  137.7  25.5   553   714   448   654   445   661 0.75 <unknown description>
178155at5125_44412_0:00315c|CM010342.1:855757-858010|+   -            752 178155               -            731    2e-184  604.7  71.6   4   4   0.00066   0.00066    7.9   0.1   706   731   723   750   700   750 0.75 <unknown description>
178155at5125_58853_0:00256e|CM010342.1:855949-857428|+   -            494 178155               -            731  5.7e-153  500.7  45.2   1   4    0.0005    0.0005    8.3   0.0   291   321     1    31     1    41 0.86 <unknown description>
178155at5125_58853_0:00256e|CM010342.1:855949-857428|+   -            494 178155               -            731  5.7e-153  500.7  45.2   2   4   7.3e-45   7.3e-45  143.3   5.0   312   434    48   193    40   197 0.80 <unknown description>
178155at5125_58853_0:00256e|CM010342.1:855949-857428|+   -            494 178155               -            731  5.7e-153  500.7  45.2   3   4   1.5e-76   1.5e-76  248.0  10.5   416   569   223   381   214   387 0.91 <unknown description>
178155at5125_58853_0:00256e|CM010342.1:855949-857428|+   -            494 178155               -            731  5.7e-153  500.7  45.2   4   4   1.7e-35   1.7e-35  112.4  13.4   553   652   384   493   380   494 0.85 <unknown description>
178155at5125_1803897_0:002c58|CM010342.1:855445-856912|+ -            490 178155               -            731  2.1e-137  449.2  39.4   1   3   1.4e-48   1.4e-48  155.6  13.3   174   321    14   199     4   208 0.74 <unknown description>
178155at5125_1803897_0:002c58|CM010342.1:855445-856912|+ -            490 178155               -            731  2.1e-137  449.2  39.4   2   3   6.7e-45   6.7e-45  143.4   5.3   311   434   215   361   195   365 0.80 <unknown description>
178155at5125_1803897_0:002c58|CM010342.1:855445-856912|+ -            490 178155               -            731  2.1e-137  449.2  39.4   3   3     3e-47     3e-47  151.2   5.4   416   514   391   490   381   490 0.92 <unknown description>
178155at5125_57161_0:003f91|CM010342.1:853780-856315|+   -            846 178155               -            731  2.8e-129  422.4  38.0   1   2     1e-98     1e-98  321.3  30.3     8   321   333   754   326   764 0.71 <unknown description>
178155at5125_57161_0:003f91|CM010342.1:853780-856315|+   -            846 178155               -            731  2.8e-129  422.4  38.0   2   2   5.2e-28   5.2e-28   87.6   0.9   311   378   770   846   759   846 0.83 <unknown description>
178155at5125_58853_0:0025d1|CM010342.1:854905-855916|+   -            338 178155               -            731   1.1e-88  288.1  30.7   1   2   2.9e-43   2.9e-43  138.0   9.4    48   176     1   164     1   180 0.77 <unknown description>
178155at5125_58853_0:0025d1|CM010342.1:854905-855916|+   -            338 178155               -            731   1.1e-88  288.1  30.7   2   2   6.8e-46   6.8e-46  146.7  13.4   172   293   192   333   175   338 0.78 <unknown description>
178155at5125_44412_0:00188a|CM010342.1:853780-855673|+   -            632 178155               -            731   2.4e-71  230.9  16.8   1   1   3.2e-68   3.2e-68  220.5  16.8     8   225   333   620   325   631 0.73 <unknown description>
178155at5125_48495_0:00367f|CM010342.1:856933-858010|+   -            360 178155               -            731   5.2e-65  209.9  39.3   1   4   8.4e-20   8.4e-20   60.4   2.3   521   569     1    53     1    58 0.88 <unknown description>
178155at5125_48495_0:00367f|CM010342.1:856933-858010|+   -            360 178155               -            731   5.2e-65  209.9  39.3   2   4   6.1e-38   6.1e-38  120.4  16.6   553   681    56   205    53   214 0.77 <unknown description>
178155at5125_48495_0:00367f|CM010342.1:856933-858010|+   -            360 178155               -            731   5.2e-65  209.9  39.3   3   4   7.9e-12   7.9e-12   34.1   1.8   671   714   216   262   209   270 0.84 <unknown description>
178155at5125_48495_0:00367f|CM010342.1:856933-858010|+   -            360 178155               -            731   5.2e-65  209.9  39.3   4   4   0.00027   0.00027    9.2   0.1   706   731   331   358   307   358 0.75 <unknown description>
178155at5125_1803897_0:0033fb|CM010342.1:854314-855418|+ -            369 178155               -            731   2.7e-56  181.1  10.3   1   1   2.7e-56   2.7e-56  181.1  10.3     8   171   155   356   147   368 0.78 <unknown description>
#
# Program:         hmmsearch
# Version:         3.4 (Aug 2023)
# Pipeline mode:   SEARCH
# Query file:      /home/arafat/busco_downloads/lineages/hypocreales_odb12.2/hmms/178155at5125.hmm
# Target file:     /home/arafat/Foxy_SIX_Evolution/results/busco/GCA_003315725.1/run_hypocreales_odb12.2/miniprot_output/translated_proteins/178155at5125.faa
# Option settings: hmmsearch --domtblout /home/arafat/Foxy_SIX_Evolution/results/busco/GCA_003315725.1/run_hypocreales_odb12.2/hmmer_output/178155at5125.out --cpu 1 /home/arafat/busco_downloads/lineages/hypocreales_odb12.2/hmms/178155at5125.hmm /home/arafat/Foxy_SIX_Evolution/results/busco/GCA_003315725.1/run_hypocreales_odb12.2/miniprot_output/translated_proteins/178155at5125.faa 
# Current dir:     /home/arafat/Foxy_SIX_Evolution
# Date:            Thu Sep 24 13:03:15 2026
# [ok]
