#                                                                                                                  --- full sequence --- -------------- this domain -------------   hmm coord   ali coord   env coord
# target name                                              accession   tlen query name           accession   qlen   E-value  score  bias   #  of  c-Evalue  i-Evalue  score  bias  from    to  from    to  from    to  acc description of target
#                                      ------------------- ---------- ----- -------------------- ---------- ----- --------- ------ ----- --- --- --------- --------- ------ ----- ----- ----- ----- ----- ----- ----- ---- ---------------------
178650at5125_5507_1:001254|CM010341.1:1720537-1721683|-    -            383 178650               -            306  1.9e-138  449.8  49.7   1   3   1.1e-07   1.3e-07   20.1   1.1     1    35    34    68    34    77 0.83 <unknown description>
178650at5125_5507_1:001254|CM010341.1:1720537-1721683|-    -            383 178650               -            306  1.9e-138  449.8  49.7   2   3   4.3e-08   5.1e-08   21.4  13.3    23    87    76   137    68   140 0.79 <unknown description>
178650at5125_5507_1:001254|CM010341.1:1720537-1721683|-    -            383 178650               -            306  1.9e-138  449.8  49.7   3   3  2.1e-129  2.5e-129  419.8  22.3    58   305   133   381   128   382 0.97 <unknown description>
178650at5125_660025_0:0031c8|CM010341.1:1720295-1721837|-  -            444 178650               -            306  2.3e-137  446.2  49.5   1   3   1.1e-07   1.3e-07   20.1   1.1     1    36    58    93    58   105 0.82 <unknown description>
178650at5125_660025_0:0031c8|CM010341.1:1720295-1721837|-  -            444 178650               -            306  2.3e-137  446.2  49.5   2   3     5e-08   5.8e-08   21.2  13.0    23    86   100   160    92   163 0.78 <unknown description>
178650at5125_660025_0:0031c8|CM010341.1:1720295-1721837|-  -            444 178650               -            306  2.3e-137  446.2  49.5   3   3  1.8e-128  2.1e-128  416.8  21.9    58   302   157   402   153   405 0.97 <unknown description>
178650at5125_1081103_0:000ce1|CM010341.1:1720537-1721440|- -            302 178650               -            306  1.2e-133  434.0  41.4   1   2   1.6e-07   1.8e-07   19.6  12.2    31    86     3    55     1    58 0.78 <unknown description>
178650at5125_1081103_0:000ce1|CM010341.1:1720537-1721440|- -            302 178650               -            306  1.2e-133  434.0  41.4   2   2  9.5e-130  1.1e-129  421.0  22.2    58   305    52   300    48   301 0.97 <unknown description>
178650at5125_327505_0:002ba9|CM010341.1:1720537-1721155|-  -            207 178650               -            306  1.4e-108  351.7  19.3   1   1  1.3e-108  1.5e-108  351.6  19.3   102   305     1   205     1   206 0.99 <unknown description>
178650at5125_83212_0:001bd3|CM010341.1:1720822-1721584|-   -            255 178650               -            306   4.6e-87  281.0  52.4   1   3   6.4e-08   7.5e-08   20.9   1.0     1    35     1    35     1    43 0.83 <unknown description>
178650at5125_83212_0:001bd3|CM010341.1:1720822-1721584|-   -            255 178650               -            306   4.6e-87  281.0  52.4   2   3     2e-08   2.3e-08   22.5  13.0    23    86    43   103    35   106 0.78 <unknown description>
178650at5125_83212_0:001bd3|CM010341.1:1720822-1721584|-   -            255 178650               -            306   4.6e-87  281.0  52.4   3   3   1.5e-77   1.7e-77  249.6  24.9    58   212   100   254    96   255 0.96 <unknown description>
178650at5125_94208_0:001010|CM010335.1:4662256-4662409|+   -             52 178650               -            306      0.17   -0.0  28.1   1   1      0.17      0.19   -0.2  28.1   155   199     2    46     1    51 0.77 <unknown description>
#
# Program:         hmmsearch
# Version:         3.4 (Aug 2023)
# Pipeline mode:   SEARCH
# Query file:      /home/arafat/busco_downloads/lineages/hypocreales_odb12.2/hmms/178650at5125.hmm
# Target file:     /home/arafat/Foxy_SIX_Evolution/results/busco/GCA_003315725.1/run_hypocreales_odb12.2/miniprot_output/translated_proteins/178650at5125.faa
# Option settings: hmmsearch --domtblout /home/arafat/Foxy_SIX_Evolution/results/busco/GCA_003315725.1/run_hypocreales_odb12.2/hmmer_output/178650at5125.out --cpu 1 /home/arafat/busco_downloads/lineages/hypocreales_odb12.2/hmms/178650at5125.hmm /home/arafat/Foxy_SIX_Evolution/results/busco/GCA_003315725.1/run_hypocreales_odb12.2/miniprot_output/translated_proteins/178650at5125.faa 
# Current dir:     /home/arafat/Foxy_SIX_Evolution
# Date:            Thu Sep 24 13:02:43 2026
# [ok]
