#                                                                                                                  --- full sequence --- -------------- this domain -------------   hmm coord   ali coord   env coord
# target name                                              accession   tlen query name           accession   qlen   E-value  score  bias   #  of  c-Evalue  i-Evalue  score  bias  from    to  from    to  from    to  acc description of target
#                                      ------------------- ---------- ----- -------------------- ---------- ----- --------- ------ ----- --- --- --------- --------- ------ ----- ----- ----- ----- ----- ----- ----- ---- ---------------------
178886at5125_426428_0:002bf0|CM010339.1:1695572-1698656|-  -           1029 178886               -            814  3.3e-270  887.8 121.8   1   2  4.6e-100  4.6e-100  325.1  79.1     2   440    31   575    30   593 0.71 <unknown description>
178886at5125_426428_0:002bf0|CM010339.1:1695572-1698656|-  -           1029 178886               -            814  3.3e-270  887.8 121.8   2   2  4.2e-169  4.2e-169  553.4  35.7   432   813   592  1018   581  1019 0.87 <unknown description>
178886at5125_29875_0:002ae1|CM010339.1:1695623-1697843|-   -            741 178886               -            814  2.7e-221  726.1  80.7   1   2   1.6e-56   1.6e-56  181.0  38.5   234   440    72   304    35   323 0.72 <unknown description>
178886at5125_29875_0:002ae1|CM010339.1:1695623-1697843|-   -            741 178886               -            814  2.7e-221  726.1  80.7   2   2  5.8e-168  5.8e-168  549.7  35.4   432   807   321   741   310   741 0.87 <unknown description>
178886at5125_47278_0:00119a|CM010339.1:1695596-1697360|-   -            589 178886               -            814    1e-210  691.1  64.3   1   2   2.1e-44   2.1e-44  141.0  20.9   312   440     2   143     1   160 0.79 <unknown description>
178886at5125_47278_0:00119a|CM010339.1:1695596-1697360|-   -            589 178886               -            814    1e-210  691.1  64.3   2   2  1.2e-169  1.2e-169  555.2  36.1   432   813   160   586   146   587 0.87 <unknown description>
178886at5125_229533_0:000fd5|CM010339.1:1696430-1698620|-  -            731 178886               -            814  8.7e-170  555.7 103.0   1   3   1.4e-05   1.4e-05   12.5   0.5     2    27    19    44    18    52 0.80 <unknown description>
178886at5125_229533_0:000fd5|CM010339.1:1696430-1698620|-  -            731 178886               -            814  8.7e-170  555.7 103.0   2   3  9.7e-101  9.7e-101  327.3  73.0    21   440    62   563    53   581 0.74 <unknown description>
178886at5125_229533_0:000fd5|CM010339.1:1696430-1698620|-  -            731 178886               -            814  8.7e-170  555.7 103.0   3   3   2.4e-68   2.4e-68  220.2  15.9   432   578   580   731   574   731 0.93 <unknown description>
178886at5125_2686198_0:001636|CM010339.1:1695587-1696877|- -            431 178886               -            814  1.1e-169  555.4  36.6   1   1  2.3e-169  2.3e-169  554.3  36.6   435   813     2   425     1   426 0.87 <unknown description>
178886at5125_2004951_0:00071e|CM010339.1:1696013-1697099|- -            363 178886               -            814  1.9e-130  425.5  34.5   1   2   2.7e-21   2.7e-21   64.5   1.5   385   440     1    56     1    73 0.88 <unknown description>
178886at5125_2004951_0:00071e|CM010339.1:1696013-1697099|- -            363 178886               -            814  1.9e-130  425.5  34.5   2   2  3.5e-112  3.5e-112  365.2  26.3   432   686    73   363    61   363 0.85 <unknown description>
178886at5125_1331945_0:002cc2|CM010339.1:1696973-1698620|- -            550 178886               -            814  9.3e-103  334.0  79.7   1   2   9.5e-06   9.5e-06   13.1   0.6     2    30    19    47    18    58 0.81 <unknown description>
178886at5125_1331945_0:002cc2|CM010339.1:1696973-1698620|- -            550 178886               -            814  9.3e-103  334.0  79.7   2   2   3.3e-98   3.3e-98  319.0  73.1    21   427    62   550    52   550 0.74 <unknown description>
#
# Program:         hmmsearch
# Version:         3.4 (Aug 2023)
# Pipeline mode:   SEARCH
# Query file:      /home/arafat/busco_downloads/lineages/hypocreales_odb12.2/hmms/178886at5125.hmm
# Target file:     /home/arafat/Foxy_SIX_Evolution/results/busco/GCA_003315725.1/run_hypocreales_odb12.2/miniprot_output/translated_proteins/178886at5125.faa
# Option settings: hmmsearch --domtblout /home/arafat/Foxy_SIX_Evolution/results/busco/GCA_003315725.1/run_hypocreales_odb12.2/hmmer_output/178886at5125.out --cpu 1 /home/arafat/busco_downloads/lineages/hypocreales_odb12.2/hmms/178886at5125.hmm /home/arafat/Foxy_SIX_Evolution/results/busco/GCA_003315725.1/run_hypocreales_odb12.2/miniprot_output/translated_proteins/178886at5125.faa 
# Current dir:     /home/arafat/Foxy_SIX_Evolution
# Date:            Thu Sep 24 13:02:44 2026
# [ok]
