#                                                                                                                  --- full sequence --- -------------- this domain -------------   hmm coord   ali coord   env coord
# target name                                              accession   tlen query name           accession   qlen   E-value  score  bias   #  of  c-Evalue  i-Evalue  score  bias  from    to  from    to  from    to  acc description of target
#                                      ------------------- ---------- ----- -------------------- ---------- ----- --------- ------ ----- --- --- --------- --------- ------ ----- ----- ----- ----- ----- ----- ----- ---- ---------------------
178923at5125_1089452_0:001dfe|CM010341.1:2199164-2199949|+ -            247 178923               -            233  4.2e-134  434.2   0.2   1   1  4.7e-134  4.7e-134  434.0   0.2     1   233     1   246     1   246 0.94 <unknown description>
178923at5125_282569_0:001286|CM010341.1:2198963-2199949|+  -            314 178923               -            233  9.7e-134  433.0   0.2   1   1  1.1e-133  1.1e-133  432.8   0.2     1   233    68   313    68   313 0.94 <unknown description>
178923at5125_47803_0:000465|CM010341.1:2199164-2200252|+   -            329 178923               -            233  1.1e-133  432.8   0.2   1   1  1.3e-133  1.3e-133  432.6   0.2     1   233     1   246     1   246 0.94 <unknown description>
178923at5125_1247861_0:001964|CM010341.1:2199164-2200616|+ -            449 178923               -            233  2.6e-133  431.6   0.2   1   1  3.3e-133  3.3e-133  431.2   0.2     1   233     1   246     1   246 0.94 <unknown description>
178923at5125_327505_0:002a98|CM010341.1:2199164-2199780|+  -            171 178923               -            233   9.5e-89  285.8   0.0   1   1   1.1e-88   1.1e-88  285.5   0.0     1   153     1   164     1   167 0.92 <unknown description>
178923at5125_451672_0:002e81|CM010341.1:2199559-2199949|+  -            131 178923               -            233   7.7e-66  210.8  12.9   1   1   8.6e-66   8.6e-66  210.6  12.9   109   233     1   130     1   130 0.96 <unknown description>
178923at5125_1245745_0:00293f|CM010341.1:2199268-2199601|+ -            112 178923               -            233   9.5e-54  171.2   0.8   1   1     1e-53     1e-53  171.1   0.8    21   118     2   107     1   112 0.88 <unknown description>
#
# Program:         hmmsearch
# Version:         3.4 (Aug 2023)
# Pipeline mode:   SEARCH
# Query file:      /home/arafat/busco_downloads/lineages/hypocreales_odb12.2/hmms/178923at5125.hmm
# Target file:     /home/arafat/Foxy_SIX_Evolution/results/busco/GCA_003315725.1/run_hypocreales_odb12.2/miniprot_output/translated_proteins/178923at5125.faa
# Option settings: hmmsearch --domtblout /home/arafat/Foxy_SIX_Evolution/results/busco/GCA_003315725.1/run_hypocreales_odb12.2/hmmer_output/178923at5125.out --cpu 1 /home/arafat/busco_downloads/lineages/hypocreales_odb12.2/hmms/178923at5125.hmm /home/arafat/Foxy_SIX_Evolution/results/busco/GCA_003315725.1/run_hypocreales_odb12.2/miniprot_output/translated_proteins/178923at5125.faa 
# Current dir:     /home/arafat/Foxy_SIX_Evolution
# Date:            Thu Sep 24 13:02:45 2026
# [ok]
