#                                                                                                                --- full sequence --- -------------- this domain -------------   hmm coord   ali coord   env coord
# target name                                            accession   tlen query name           accession   qlen   E-value  score  bias   #  of  c-Evalue  i-Evalue  score  bias  from    to  from    to  from    to  acc description of target
#                                    ------------------- ---------- ----- -------------------- ---------- ----- --------- ------ ----- --- --- --------- --------- ------ ----- ----- ----- ----- ----- ----- ----- ---- ---------------------
179322at5125_1567552_0:0026b9|CM010342.1:858657-865189|+ -            964 179322               -            655  6.4e-276  906.3  62.9   1   3      0.32      0.32   -1.3  14.7     5    80   117   194   113   202 0.72 <unknown description>
179322at5125_1567552_0:0026b9|CM010342.1:858657-865189|+ -            964 179322               -            655  6.4e-276  906.3  62.9   2   3   1.1e-91   1.1e-91  297.6  14.6     2   263   198   489   197   496 0.86 <unknown description>
179322at5125_1567552_0:0026b9|CM010342.1:858657-865189|+ -            964 179322               -            655  6.4e-276  906.3  62.9   3   3  7.2e-190  7.2e-190  622.0  19.0   244   655   504   962   492   962 0.84 <unknown description>
179322at5125_2898082_0:0023d8|CM010342.1:854758-865189|+ -            990 179322               -            655  6.5e-276  906.3  62.7   1   3      0.35      0.35   -1.5  14.8     5    80   143   220   139   228 0.72 <unknown description>
179322at5125_2898082_0:0023d8|CM010342.1:854758-865189|+ -            990 179322               -            655  6.5e-276  906.3  62.7   2   3     1e-91     1e-91  297.7  14.4     2   263   224   515   223   522 0.86 <unknown description>
179322at5125_2898082_0:0023d8|CM010342.1:854758-865189|+ -            990 179322               -            655  6.5e-276  906.3  62.7   3   3  7.3e-190  7.3e-190  622.0  18.9   244   655   530   988   518   988 0.84 <unknown description>
179322at5125_5507_3:002e76|CM010342.1:862403-865189|+    -            912 179322               -            655  6.7e-276  906.3  63.4   1   3      0.35      0.35   -1.5  14.9     5    80    65   142    61   150 0.72 <unknown description>
179322at5125_5507_3:002e76|CM010342.1:862403-865189|+    -            912 179322               -            655  6.7e-276  906.3  63.4   2   3   9.2e-92   9.2e-92  297.8  14.5     2   263   146   437   145   445 0.86 <unknown description>
179322at5125_5507_3:002e76|CM010342.1:862403-865189|+    -            912 179322               -            655  6.7e-276  906.3  63.4   3   3  8.2e-190  8.2e-190  621.8  19.4   244   655   452   910   440   910 0.84 <unknown description>
179322at5125_1294630_0:000411|CM010342.1:861532-865189|+ -            880 179322               -            655  1.5e-275  905.1  41.8   1   3       1.9       1.9   -3.9  10.3    11    79    43   109    39   116 0.82 <unknown description>
179322at5125_1294630_0:000411|CM010342.1:861532-865189|+ -            880 179322               -            655  1.5e-275  905.1  41.8   2   3   8.6e-92   8.6e-92  297.9  14.6     2   263   114   405   113   422 0.87 <unknown description>
179322at5125_1294630_0:000411|CM010342.1:861532-865189|+ -            880 179322               -            655  1.5e-275  905.1  41.8   3   3  6.5e-190  6.5e-190  622.1  19.2   244   655   420   878   408   878 0.84 <unknown description>
179322at5125_64609_0:003b16|CM010342.1:862973-865189|+   -            722 179322               -            655  1.6e-271  891.8  34.4   1   2   7.2e-85   7.2e-85  275.1   7.2    45   263     1   247     1   264 0.88 <unknown description>
179322at5125_64609_0:003b16|CM010342.1:862973-865189|+   -            722 179322               -            655  1.6e-271  891.8  34.4   2   2    5e-190    5e-190  622.5  19.6   244   655   262   720   250   720 0.84 <unknown description>
179322at5125_468837_0:001727|CM010342.1:863426-865189|+  -            571 179322               -            655  1.1e-223  733.7  20.6   1   2   1.4e-34   1.4e-34  108.9   0.0   171   263     1    96     1   100 0.94 <unknown description>
179322at5125_468837_0:001727|CM010342.1:863426-865189|+  -            571 179322               -            655  1.1e-223  733.7  20.6   2   2  2.6e-190  2.6e-190  623.5  19.6   244   655   111   569   100   569 0.84 <unknown description>
179322at5125_58853_0:001eb6|CM010342.1:863918-865189|+   -            407 179322               -            655  9.3e-167  545.6  13.5   1   1  1.6e-166  1.6e-166  544.9  13.5   296   655     1   405     1   405 0.83 <unknown description>
179322at5125_58853_0:002592|CM010342.1:857299-863897|+   -            461 179322               -            655  5.8e-102  331.5  24.5   1   3       1.2       1.2   -3.2  12.5     5    79    31   103    27   109 0.80 <unknown description>
179322at5125_58853_0:002592|CM010342.1:857299-863897|+   -            461 179322               -            655  5.8e-102  331.5  24.5   2   3   2.1e-92   2.1e-92  300.0  14.6     2   263   108   399   107   404 0.86 <unknown description>
179322at5125_58853_0:002592|CM010342.1:857299-863897|+   -            461 179322               -            655  5.8e-102  331.5  24.5   3   3   2.6e-15   2.6e-15   45.2   2.3   244   287   414   457   404   461 0.87 <unknown description>
179322at5125_2004951_0:0015af|CM010342.1:864443-865189|+ -            232 179322               -            655   7.5e-81  261.8  13.7   1   1   1.6e-80   1.6e-80  260.7  13.7   459   655     1   230     1   230 0.79 <unknown description>
179322at5125_2004951_0:0008f5|CM010342.1:855395-863489|+ -            341 179322               -            655     5e-60  193.0  15.4   1   2     0.086     0.086    0.6  14.4     5    79    43   119    39   126 0.73 <unknown description>
179322at5125_2004951_0:0008f5|CM010342.1:855395-863489|+ -            341 179322               -            655     5e-60  193.0  15.4   2   2     5e-60     5e-60  193.0  15.4     2   188   124   340   123   341 0.82 <unknown description>
#
# Program:         hmmsearch
# Version:         3.4 (Aug 2023)
# Pipeline mode:   SEARCH
# Query file:      /home/arafat/busco_downloads/lineages/hypocreales_odb12.2/hmms/179322at5125.hmm
# Target file:     /home/arafat/Foxy_SIX_Evolution/results/busco/GCA_003315725.1/run_hypocreales_odb12.2/miniprot_output/translated_proteins/179322at5125.faa
# Option settings: hmmsearch --domtblout /home/arafat/Foxy_SIX_Evolution/results/busco/GCA_003315725.1/run_hypocreales_odb12.2/hmmer_output/179322at5125.out --cpu 1 /home/arafat/busco_downloads/lineages/hypocreales_odb12.2/hmms/179322at5125.hmm /home/arafat/Foxy_SIX_Evolution/results/busco/GCA_003315725.1/run_hypocreales_odb12.2/miniprot_output/translated_proteins/179322at5125.faa 
# Current dir:     /home/arafat/Foxy_SIX_Evolution
# Date:            Thu Sep 24 13:02:49 2026
# [ok]
