#                                                                                                                  --- full sequence --- -------------- this domain -------------   hmm coord   ali coord   env coord
# target name                                              accession   tlen query name           accession   qlen   E-value  score  bias   #  of  c-Evalue  i-Evalue  score  bias  from    to  from    to  from    to  acc description of target
#                                      ------------------- ---------- ----- -------------------- ---------- ----- --------- ------ ----- --- --- --------- --------- ------ ----- ----- ----- ----- ----- ----- ----- ---- ---------------------
179713at5125_48507_0:002534|CM010335.1:2910388-2913291|-   -            864 179713               -            438  1.4e-222  727.6  13.8   1   2      0.46      0.46   -2.3   1.0    11    78   173   240   169   269 0.62 <unknown description>
179713at5125_48507_0:002534|CM010335.1:2910388-2913291|-   -            864 179713               -            438  1.4e-222  727.6  13.8   2   2  1.4e-222  1.4e-222  727.6  13.8     2   438   379   862   378   862 0.88 <unknown description>
179713at5125_1089452_0:00028c|CM010335.1:2910388-2911870|- -            495 179713               -            438    4e-222  726.1  18.6   1   1  6.1e-222  6.1e-222  725.5  18.6     2   438    10   493     9   493 0.88 <unknown description>
179713at5125_62069_0:0004ef|CM010335.1:2910391-2911501|-   -            371 179713               -            438    1e-188  616.0  15.7   1   1  1.2e-188  1.2e-188  615.8  15.7    97   438     2   370     1   370 0.90 <unknown description>
179713at5125_2004951_0:0012e4|CM010335.1:2910907-2911864|- -            320 179713               -            438  1.2e-170  556.5   5.0   1   1    2e-170    2e-170  555.7   5.0     2   293     8   320     7   320 0.92 <unknown description>
179713at5125_2004952_0:00094f|CM010335.1:2910838-2911342|- -            169 179713               -            438  6.8e-106  343.1   2.5   1   1  7.5e-106  7.5e-106  343.0   2.5   149   313     1   169     1   169 0.96 <unknown description>
179713at5125_57161_0:00434c|CM010335.1:2911555-2911867|-   -            105 179713               -            438   2.2e-28   87.7   8.6   1   1   5.8e-28   5.8e-28   86.3   8.6     2    81     9   101     8   104 0.83 <unknown description>
#
# Program:         hmmsearch
# Version:         3.4 (Aug 2023)
# Pipeline mode:   SEARCH
# Query file:      /home/arafat/busco_downloads/lineages/hypocreales_odb12.2/hmms/179713at5125.hmm
# Target file:     /home/arafat/Foxy_SIX_Evolution/results/busco/GCA_003315725.1/run_hypocreales_odb12.2/miniprot_output/translated_proteins/179713at5125.faa
# Option settings: hmmsearch --domtblout /home/arafat/Foxy_SIX_Evolution/results/busco/GCA_003315725.1/run_hypocreales_odb12.2/hmmer_output/179713at5125.out --cpu 1 /home/arafat/busco_downloads/lineages/hypocreales_odb12.2/hmms/179713at5125.hmm /home/arafat/Foxy_SIX_Evolution/results/busco/GCA_003315725.1/run_hypocreales_odb12.2/miniprot_output/translated_proteins/179713at5125.faa 
# Current dir:     /home/arafat/Foxy_SIX_Evolution
# Date:            Thu Sep 24 13:02:54 2026
# [ok]
