#                                                                                                                  --- full sequence --- -------------- this domain -------------   hmm coord   ali coord   env coord
# target name                                              accession   tlen query name           accession   qlen   E-value  score  bias   #  of  c-Evalue  i-Evalue  score  bias  from    to  from    to  from    to  acc description of target
#                                      ------------------- ---------- ----- -------------------- ---------- ----- --------- ------ ----- --- --- --------- --------- ------ ----- ----- ----- ----- ----- ----- ----- ---- ---------------------
179973at5125_100902_0:0023b9|CM010338.1:4122914-4124716|+  -            574 179973               -            484    6e-221  723.2  67.1   1   2  5.3e-152  5.3e-152  495.8  28.6     1   283     2   301     2   309 0.90 <unknown description>
179973at5125_100902_0:0023b9|CM010338.1:4122914-4124716|+  -            574 179973               -            484    6e-221  723.2  67.1   2   2   4.2e-72   4.2e-72  232.3  34.8   247   484   288   573   285   573 0.82 <unknown description>
179973at5125_2686198_0:000e34|CM010338.1:4122914-4124296|+ -            434 179973               -            484  2.8e-190  622.0  51.7   1   2  2.6e-152  2.6e-152  496.8  28.7     1   283     2   301     2   309 0.90 <unknown description>
179973at5125_2686198_0:000e34|CM010338.1:4122914-4124296|+ -            434 179973               -            484  2.8e-190  622.0  51.7   2   2   2.9e-41   2.9e-41  130.6  19.1   246   378   287   434   284   434 0.85 <unknown description>
179973at5125_5046_0:000b3b|CM010338.1:4123399-4124716|+    -            440 179973               -            484  5.4e-135  439.7  55.1   1   2   7.6e-66   7.6e-66  211.6  16.2   134   283     1   167     1   175 0.82 <unknown description>
179973at5125_5046_0:000b3b|CM010338.1:4123399-4124716|+    -            440 179973               -            484  5.4e-135  439.7  55.1   2   2   2.3e-72   2.3e-72  233.2  36.0   246   484   153   439   148   439 0.82 <unknown description>
179973at5125_63577_0:000c61|CM010338.1:4122914-4123624|+   -            210 179973               -            484  2.3e-130  424.4  24.5   1   1  2.5e-130  2.5e-130  424.3  24.5     1   207     2   210     2   210 0.99 <unknown description>
179973at5125_58853_0:0025ee|CM010338.1:4123753-4124644|+   -            298 179973               -            484   9.1e-69  221.3  41.7   1   1   3.7e-68   3.7e-68  219.3  41.3   238   468    28   296     8   298 0.83 <unknown description>
179973at5125_468837_0:00071a|CM010338.1:4122914-4123348|+  -            118 179973               -            484   1.6e-68  220.5   9.9   1   1   1.7e-68   1.7e-68  220.4   9.9     1   117     2   118     2   118 0.99 <unknown description>
179973at5125_1736662_0:00109c|CM010338.1:4124161-4124716|+ -            186 179973               -            484   2.2e-40  127.7  14.8   1   1   2.7e-40   2.7e-40  127.4  14.8   342   484     1   185     1   185 0.80 <unknown description>
#
# Program:         hmmsearch
# Version:         3.4 (Aug 2023)
# Pipeline mode:   SEARCH
# Query file:      /home/arafat/busco_downloads/lineages/hypocreales_odb12.2/hmms/179973at5125.hmm
# Target file:     /home/arafat/Foxy_SIX_Evolution/results/busco/GCA_003315725.1/run_hypocreales_odb12.2/miniprot_output/translated_proteins/179973at5125.faa
# Option settings: hmmsearch --domtblout /home/arafat/Foxy_SIX_Evolution/results/busco/GCA_003315725.1/run_hypocreales_odb12.2/hmmer_output/179973at5125.out --cpu 1 /home/arafat/busco_downloads/lineages/hypocreales_odb12.2/hmms/179973at5125.hmm /home/arafat/Foxy_SIX_Evolution/results/busco/GCA_003315725.1/run_hypocreales_odb12.2/miniprot_output/translated_proteins/179973at5125.faa 
# Current dir:     /home/arafat/Foxy_SIX_Evolution
# Date:            Thu Sep 24 13:02:57 2026
# [ok]
