#                                                                                                                  --- full sequence --- -------------- this domain -------------   hmm coord   ali coord   env coord
# target name                                              accession   tlen query name           accession   qlen   E-value  score  bias   #  of  c-Evalue  i-Evalue  score  bias  from    to  from    to  from    to  acc description of target
#                                      ------------------- ---------- ----- -------------------- ---------- ----- --------- ------ ----- --- --- --------- --------- ------ ----- ----- ----- ----- ----- ----- ----- ---- ---------------------
184561at5125_64609_0:0005c3|CM010337.1:3677553-3678855|-   -            435 184561               -            408  4.2e-207  676.9   0.0   1   1  4.8e-207  4.8e-207  676.7   0.0     2   408    12   432    11   432 0.97 <unknown description>
184561at5125_61366_0:001e8e|CM010337.1:3677529-3679165|-   -            529 184561               -            408  8.4e-207  675.9   0.0   1   1  9.8e-207  9.8e-207  675.7   0.0     2   408    98   518    97   518 0.97 <unknown description>
184561at5125_48484_0:002cf7|CM010337.1:3676040-3681690|-   -           1352 184561               -            408  6.3e-205  669.8   0.0   1   1  8.1e-205  8.1e-205  669.4   0.0     2   407   647  1066   646  1067 0.96 <unknown description>
184561at5125_122381_0:000083|CM010337.1:3676040-3679165|-  -            856 184561               -            408  9.6e-192  626.3   0.0   1   1  1.3e-191  1.3e-191  625.9   0.0     2   386    98   496    97   502 0.96 <unknown description>
184561at5125_48507_0:000670|CM010337.1:3674537-3679165|-   -           1064 184561               -            408  5.7e-180  587.6   0.0   1   1  7.7e-180  7.7e-180  587.1   0.0     2   355    98   456    97   475 0.97 <unknown description>
184561at5125_1247861_0:000dc2|CM010337.1:3677763-3681132|- -            853 184561               -            408  2.7e-176  575.5   0.1   1   1  3.4e-176  3.4e-176  575.1   0.1     2   350   500   853   499   853 0.98 <unknown description>
184561at5125_2604345_0:0038ff|CM010337.1:3677553-3678453|- -            301 184561               -            408  5.3e-143  465.8   0.0   1   1    6e-143    6e-143  465.6   0.0   125   408     1   298     1   298 0.95 <unknown description>
184561at5125_93591_0:00049d|CM010337.1:3678060-3678846|-   -            263 184561               -            408  5.5e-117  380.1   0.0   1   1  6.2e-117  6.2e-117  379.9   0.0     2   251     9   263     8   263 0.97 <unknown description>
184561at5125_468837_0:0011c8|CM010337.1:3678252-3678855|-  -            202 184561               -            408   8.2e-85  274.1   0.0   1   1   9.2e-85   9.2e-85  274.0   0.0     2   190    12   202    11   202 0.97 <unknown description>
#
# Program:         hmmsearch
# Version:         3.4 (Aug 2023)
# Pipeline mode:   SEARCH
# Query file:      /home/arafat/busco_downloads/lineages/hypocreales_odb12.2/hmms/184561at5125.hmm
# Target file:     /home/arafat/Foxy_SIX_Evolution/results/busco/GCA_003315725.1/run_hypocreales_odb12.2/miniprot_output/translated_proteins/184561at5125.faa
# Option settings: hmmsearch --domtblout /home/arafat/Foxy_SIX_Evolution/results/busco/GCA_003315725.1/run_hypocreales_odb12.2/hmmer_output/184561at5125.out --cpu 1 /home/arafat/busco_downloads/lineages/hypocreales_odb12.2/hmms/184561at5125.hmm /home/arafat/Foxy_SIX_Evolution/results/busco/GCA_003315725.1/run_hypocreales_odb12.2/miniprot_output/translated_proteins/184561at5125.faa 
# Current dir:     /home/arafat/Foxy_SIX_Evolution
# Date:            Thu Sep 24 13:02:47 2026
# [ok]
