#                                                                                                                  --- full sequence --- -------------- this domain -------------   hmm coord   ali coord   env coord
# target name                                              accession   tlen query name           accession   qlen   E-value  score  bias   #  of  c-Evalue  i-Evalue  score  bias  from    to  from    to  from    to  acc description of target
#                                      ------------------- ---------- ----- -------------------- ---------- ----- --------- ------ ----- --- --- --------- --------- ------ ----- ----- ----- ----- ----- ----- ----- ---- ---------------------
186889at5125_1089452_0:001201|CM010338.1:1111453-1113356|+ -            618 186889               -            500  9.2e-210  685.8   1.0   1   2   2.3e-14   2.3e-14   41.2   0.0    12    68    56   113    49   117 0.87 <unknown description>
186889at5125_1089452_0:001201|CM010338.1:1111453-1113356|+ -            618 186889               -            500  9.2e-210  685.8   1.0   2   2  3.5e-196  3.5e-196  641.0   2.5    63   497   128   605   123   608 0.87 <unknown description>
186889at5125_101028_0:002adb|CM010338.1:1109658-1113356|+  -            778 186889               -            500  2.5e-209  684.4   1.0   1   2   3.1e-14   3.1e-14   40.8   0.0    12    68   216   273   209   277 0.87 <unknown description>
186889at5125_101028_0:002adb|CM010338.1:1109658-1113356|+  -            778 186889               -            500  2.5e-209  684.4   1.0   2   2  7.2e-196  7.2e-196  640.0   2.5    63   497   288   765   283   768 0.87 <unknown description>
186889at5125_72712_0:000efc|CM010338.1:1111453-1114715|+   -            635 186889               -            500  5.2e-197  643.7   2.1   1   2   2.4e-14   2.4e-14   41.2   0.0    12    68    56   113    49   117 0.87 <unknown description>
186889at5125_72712_0:000efc|CM010338.1:1111453-1114715|+   -            635 186889               -            500  5.2e-197  643.7   2.1   2   2  2.7e-183  2.7e-183  598.5   4.1    63   471   128   576   123   600 0.86 <unknown description>
186889at5125_117187_0:000d82|CM010338.1:1112056-1113356|+  -            417 186889               -            500  7.2e-180  587.2   0.6   1   1  8.8e-180  8.8e-180  586.9   0.6   124   497     1   404     1   407 0.90 <unknown description>
186889at5125_29875_0:002e88|CM010338.1:1111453-1120595|+   -            531 186889               -            500  4.9e-152  495.4   6.7   1   3   1.9e-14   1.9e-14   41.5   0.0    12    68    56   113    49   117 0.87 <unknown description>
186889at5125_29875_0:002e88|CM010338.1:1111453-1120595|+   -            531 186889               -            500  4.9e-152  495.4   6.7   2   3  9.1e-101  9.1e-101  326.2   2.7    63   332   128   435   123   436 0.84 <unknown description>
186889at5125_29875_0:002e88|CM010338.1:1111453-1120595|+   -            531 186889               -            500  4.9e-152  495.4   6.7   3   3   3.4e-41   3.4e-41  129.7   0.5   384   463   434   514   433   518 0.94 <unknown description>
186889at5125_2885761_0:000754|CM010338.1:1112690-1113356|+ -            223 186889               -            500    7e-111  359.6   6.0   1   1    8e-111    8e-111  359.4   6.0   296   497     1   210     1   213 0.93 <unknown description>
#
# Program:         hmmsearch
# Version:         3.4 (Aug 2023)
# Pipeline mode:   SEARCH
# Query file:      /home/arafat/busco_downloads/lineages/hypocreales_odb12.2/hmms/186889at5125.hmm
# Target file:     /home/arafat/Foxy_SIX_Evolution/results/busco/GCA_003315725.1/run_hypocreales_odb12.2/miniprot_output/translated_proteins/186889at5125.faa
# Option settings: hmmsearch --domtblout /home/arafat/Foxy_SIX_Evolution/results/busco/GCA_003315725.1/run_hypocreales_odb12.2/hmmer_output/186889at5125.out --cpu 1 /home/arafat/busco_downloads/lineages/hypocreales_odb12.2/hmms/186889at5125.hmm /home/arafat/Foxy_SIX_Evolution/results/busco/GCA_003315725.1/run_hypocreales_odb12.2/miniprot_output/translated_proteins/186889at5125.faa 
# Current dir:     /home/arafat/Foxy_SIX_Evolution
# Date:            Thu Sep 24 13:02:55 2026
# [ok]
