#                                                                                                                  --- full sequence --- -------------- this domain -------------   hmm coord   ali coord   env coord
# target name                                              accession   tlen query name           accession   qlen   E-value  score  bias   #  of  c-Evalue  i-Evalue  score  bias  from    to  from    to  from    to  acc description of target
#                                      ------------------- ---------- ----- -------------------- ---------- ----- --------- ------ ----- --- --- --------- --------- ------ ----- ----- ----- ----- ----- ----- ----- ---- ---------------------
187461at5125_56676_0:003552|CM010335.1:3480595-3482568|-   -            478 187461               -            216  1.1e-133  432.5   1.2   1   1  1.3e-133  1.3e-133  432.2   1.2     1   216   257   477   257   477 0.99 <unknown description>
187461at5125_1237068_0:000cdb|CM010335.1:3479308-3481360|- -            484 187461               -            216  2.2e-133  431.5   1.3   1   1  3.2e-133  3.2e-133  430.9   1.3     1   216     1   221     1   221 0.99 <unknown description>
187461at5125_117187_0:0006a6|CM010335.1:3480595-3481360|-  -            238 187461               -            216  1.9e-130  421.9   5.7   1   2     7e-60     7e-60  191.2   0.6     1    98     1    98     1   113 0.96 <unknown description>
187461at5125_117187_0:0006a6|CM010335.1:3480595-3481360|-  -            238 187461               -            216  1.9e-130  421.9   5.7   2   2   7.4e-73   7.4e-73  233.6   0.5    98   216   119   237   119   237 1.00 <unknown description>
187461at5125_282268_0:000f36|CM010335.1:3479815-3482568|-  -            548 187461               -            216  1.4e-127  412.5   1.0   1   1    2e-127    2e-127  412.0   1.0     1   204   257   465   257   472 0.98 <unknown description>
187461at5125_268505_0:001eef|CM010335.1:3480595-3481120|-  -            160 187461               -            216   2.6e-97  313.5   0.6   1   1   2.9e-97   2.9e-97  313.4   0.6    63   216     1   159     1   159 0.98 <unknown description>
187461at5125_468837_0:000d34|CM010335.1:3480994-3481360|-  -            105 187461               -            216   6.6e-61  194.6   0.4   1   1   7.3e-61   7.3e-61  194.4   0.4     1    98     1    98     1   104 0.98 <unknown description>
#
# Program:         hmmsearch
# Version:         3.4 (Aug 2023)
# Pipeline mode:   SEARCH
# Query file:      /home/arafat/busco_downloads/lineages/hypocreales_odb12.2/hmms/187461at5125.hmm
# Target file:     /home/arafat/Foxy_SIX_Evolution/results/busco/GCA_003315725.1/run_hypocreales_odb12.2/miniprot_output/translated_proteins/187461at5125.faa
# Option settings: hmmsearch --domtblout /home/arafat/Foxy_SIX_Evolution/results/busco/GCA_003315725.1/run_hypocreales_odb12.2/hmmer_output/187461at5125.out --cpu 1 /home/arafat/busco_downloads/lineages/hypocreales_odb12.2/hmms/187461at5125.hmm /home/arafat/Foxy_SIX_Evolution/results/busco/GCA_003315725.1/run_hypocreales_odb12.2/miniprot_output/translated_proteins/187461at5125.faa 
# Current dir:     /home/arafat/Foxy_SIX_Evolution
# Date:            Thu Sep 24 13:03:01 2026
# [ok]
