#                                                                                                                  --- full sequence --- -------------- this domain -------------   hmm coord   ali coord   env coord
# target name                                              accession   tlen query name           accession   qlen   E-value  score  bias   #  of  c-Evalue  i-Evalue  score  bias  from    to  from    to  from    to  acc description of target
#                                      ------------------- ---------- ----- -------------------- ---------- ----- --------- ------ ----- --- --- --------- --------- ------ ----- ----- ----- ----- ----- ----- ----- ---- ---------------------
187793at5125_2675880_0:00023c|CM010335.1:1996523-1997536|+ -            157 187793               -            108   3.4e-65  205.6   3.3   1   2   4.4e-24   4.4e-24   73.3   0.1     1    47     1    47     1    54 0.96 <unknown description>
187793at5125_2675880_0:00023c|CM010335.1:1996523-1997536|+ -            157 187793               -            108   3.4e-65  205.6   3.3   2   2   1.1e-42   1.1e-42  133.3   0.7    39   103    59   123    50   129 0.93 <unknown description>
187793at5125_1567544_0:00085c|CM010335.1:1996523-1997238|+ -            164 187793               -            108   9.2e-65  204.2   4.1   1   3       1.1       1.1   -1.9   0.0     1    10     1    10     1    12 0.86 <unknown description>
187793at5125_1567544_0:00085c|CM010335.1:1996523-1997238|+ -            164 187793               -            108   9.2e-65  204.2   4.1   2   3     6e-20     6e-20   60.0   0.1     7    47    42    82    36    89 0.93 <unknown description>
187793at5125_1567544_0:00085c|CM010335.1:1996523-1997238|+ -            164 187793               -            108   9.2e-65  204.2   4.1   3   3   2.1e-46   2.1e-46  145.1   0.5    39   108    94   163    86   163 0.95 <unknown description>
187793at5125_5507_0:0000d0|CM010335.1:1996815-1997238|+    -            122 187793               -            108   2.6e-64  202.8   2.3   1   2   6.3e-19   6.3e-19   56.8   0.1     9    47     2    40     1    45 0.93 <unknown description>
187793at5125_5507_0:0000d0|CM010335.1:1996815-1997238|+    -            122 187793               -            108   2.6e-64  202.8   2.3   2   2   9.8e-47   9.8e-47  146.2   0.5    39   108    52   121    44   121 0.95 <unknown description>
187793at5125_2604345_0:000185|CM010335.1:1996310-1997238|+ -            252 187793               -            108   1.3e-62  197.4   2.6   1   2   7.2e-18   7.2e-18   53.3   0.1    11    47   134   170   126   174 0.91 <unknown description>
187793at5125_2604345_0:000185|CM010335.1:1996310-1997238|+ -            252 187793               -            108   1.3e-62  197.4   2.6   2   2   5.2e-46   5.2e-46  143.9   0.5    39   108   182   251   173   251 0.95 <unknown description>
187793at5125_877507_0:000da1|CM010335.1:1996523-1997085|+  -             98 187793               -            108   7.2e-48  149.9   2.6   1   2   1.7e-24   1.7e-24   74.7   0.1     1    47     1    47     1    51 0.96 <unknown description>
187793at5125_877507_0:000da1|CM010335.1:1996523-1997085|+  -             98 187793               -            108   7.2e-48  149.9   2.6   2   2   7.9e-25   7.9e-25   75.7   0.4    39    78    59    98    50    98 0.92 <unknown description>
187793at5125_117187_0:0005fb|CM010335.1:1996935-1997238|+  -             82 187793               -            108   2.1e-47  148.4   0.3   1   1   2.4e-47   2.4e-47  148.2   0.3    39   108    12    81     5    81 0.95 <unknown description>
#
# Program:         hmmsearch
# Version:         3.4 (Aug 2023)
# Pipeline mode:   SEARCH
# Query file:      /home/arafat/busco_downloads/lineages/hypocreales_odb12.2/hmms/187793at5125.hmm
# Target file:     /home/arafat/Foxy_SIX_Evolution/results/busco/GCA_003315725.1/run_hypocreales_odb12.2/miniprot_output/translated_proteins/187793at5125.faa
# Option settings: hmmsearch --domtblout /home/arafat/Foxy_SIX_Evolution/results/busco/GCA_003315725.1/run_hypocreales_odb12.2/hmmer_output/187793at5125.out --cpu 1 /home/arafat/busco_downloads/lineages/hypocreales_odb12.2/hmms/187793at5125.hmm /home/arafat/Foxy_SIX_Evolution/results/busco/GCA_003315725.1/run_hypocreales_odb12.2/miniprot_output/translated_proteins/187793at5125.faa 
# Current dir:     /home/arafat/Foxy_SIX_Evolution
# Date:            Thu Sep 24 13:03:02 2026
# [ok]
