#                                                                                                                --- full sequence --- -------------- this domain -------------   hmm coord   ali coord   env coord
# target name                                            accession   tlen query name           accession   qlen   E-value  score  bias   #  of  c-Evalue  i-Evalue  score  bias  from    to  from    to  from    to  acc description of target
#                                    ------------------- ---------- ----- -------------------- ---------- ----- --------- ------ ----- --- --- --------- --------- ------ ----- ----- ----- ----- ----- ----- ----- ---- ---------------------
189222at5125_2231603_0:001a16|CM010336.1:298104-305321|+ -            656 189222               -            591    3e-302  992.3   0.0   1   1  3.5e-302  3.5e-302  992.1   0.0     1   590    48   652    48   653 0.96 <unknown description>
189222at5125_1080343_0:0004a3|CM010336.1:303020-305321|+ -            702 189222               -            591  3.9e-302  992.0   0.0   1   1  4.5e-302  4.5e-302  991.8   0.0     1   590    94   698    94   699 0.96 <unknown description>
189222at5125_1081105_0:000a58|CM010336.1:303419-332454|+ -            887 189222               -            591  7.3e-302  991.1   0.0   1   1    9e-302    9e-302  990.8   0.0     1   590    12   616    12   617 0.96 <unknown description>
189222at5125_5518_0:0025c6|CM010336.1:299939-305312|+    -            855 189222               -            591  7.4e-302  991.1   0.0   1   1  8.8e-302  8.8e-302  990.8   0.0     1   590   250   854   250   855 0.96 <unknown description>
189222at5125_282569_0:0031db|CM010336.1:301458-305321|+  -           1046 189222               -            591  1.3e-301  990.2   0.0   1   1  1.6e-301  1.6e-301  990.0   0.0     1   590   438  1042   438  1043 0.96 <unknown description>
189222at5125_1331945_0:00112d|CM010336.1:303776-305318|+ -            500 189222               -            591  2.7e-260  853.9   0.0   1   1    3e-260    3e-260  853.7   0.0   104   590     1   497     1   498 0.96 <unknown description>
189222at5125_911162_0:00075d|CM010336.1:303413-305111|+  -            552 189222               -            591  1.4e-256  841.6   0.0   1   1  1.6e-256  1.6e-256  841.4   0.0     1   524    14   552    14   552 0.95 <unknown description>
189222at5125_1229664_0:0030df|CM010336.1:304229-305321|+ -            350 189222               -            591  7.4e-174  568.4   0.0   1   1  8.4e-174  8.4e-174  568.2   0.0   251   590     1   346     1   347 0.96 <unknown description>
189222at5125_1043627_0:000e4e|CM010336.1:303362-304043|+ -            228 189222               -            591  7.4e-103  333.9   0.2   1   1  8.3e-103  8.3e-103  333.8   0.2     1   193    31   228    31   228 0.96 <unknown description>
#
# Program:         hmmsearch
# Version:         3.4 (Aug 2023)
# Pipeline mode:   SEARCH
# Query file:      /home/arafat/busco_downloads/lineages/hypocreales_odb12.2/hmms/189222at5125.hmm
# Target file:     /home/arafat/Foxy_SIX_Evolution/results/busco/GCA_003315725.1/run_hypocreales_odb12.2/miniprot_output/translated_proteins/189222at5125.faa
# Option settings: hmmsearch --domtblout /home/arafat/Foxy_SIX_Evolution/results/busco/GCA_003315725.1/run_hypocreales_odb12.2/hmmer_output/189222at5125.out --cpu 1 /home/arafat/busco_downloads/lineages/hypocreales_odb12.2/hmms/189222at5125.hmm /home/arafat/Foxy_SIX_Evolution/results/busco/GCA_003315725.1/run_hypocreales_odb12.2/miniprot_output/translated_proteins/189222at5125.faa 
# Current dir:     /home/arafat/Foxy_SIX_Evolution
# Date:            Thu Sep 24 13:03:07 2026
# [ok]
