#                                                                                                                  --- full sequence --- -------------- this domain -------------   hmm coord   ali coord   env coord
# target name                                              accession   tlen query name           accession   qlen   E-value  score  bias   #  of  c-Evalue  i-Evalue  score  bias  from    to  from    to  from    to  acc description of target
#                                      ------------------- ---------- ----- -------------------- ---------- ----- --------- ------ ----- --- --- --------- --------- ------ ----- ----- ----- ----- ----- ----- ----- ---- ---------------------
190296at5125_1028729_0:001d5a|CM010337.1:1805810-1807866|- -            629 190296               -            575         0 1234.8  22.3   1   1         0         0 1234.6  22.3     1   575     1   580     1   580 0.99 <unknown description>
190296at5125_231269_0:000f52|CM010337.1:1805088-1807866|-  -            668 190296               -            575         0 1234.5  22.3   1   1         0         0 1234.3  22.3     1   575     1   580     1   580 0.99 <unknown description>
190296at5125_48507_0:00087a|CM010337.1:1803987-1807866|-   -            827 190296               -            575         0 1233.6  22.3   1   1         0         0 1233.2  22.3     1   575     1   580     1   580 0.99 <unknown description>
190296at5125_5507_3:0009b9|CM010337.1:1805997-1810396|-    -           1108 190296               -            575         0 1227.9  22.3   1   2       1.2       1.2   -3.6   0.1   437   489   367   418   350   424 0.69 <unknown description>
190296at5125_5507_3:0009b9|CM010337.1:1805997-1810396|-    -           1108 190296               -            575         0 1227.9  22.3   2   2         0         0 1227.9  22.3     2   575   522  1100   521  1100 0.99 <unknown description>
190296at5125_2614577_0:000476|CM010337.1:1805997-1807326|- -            444 190296               -            575  8.8e-284  931.2  15.5   1   1    1e-283    1e-283  931.0  15.5   143   575     1   436     1   436 0.99 <unknown description>
190296at5125_468837_0:0006c0|CM010337.1:1806445-1807866|-  -            421 190296               -            575    3e-267  876.7  11.2   1   1  3.5e-267  3.5e-267  876.4  11.2     1   405     1   407     1   414 0.99 <unknown description>
190296at5125_983965_0:0009ab|CM010337.1:1806747-1807866|-  -            338 190296               -            575  1.2e-220  722.8  10.3   1   1  1.3e-220  1.3e-220  722.6  10.3     1   336     1   338     1   338 0.99 <unknown description>
190296at5125_1053134_0:00295a|CM010337.1:1806339-1807119|- -            261 190296               -            575  2.8e-174  569.7   4.0   1   1  3.1e-174  3.1e-174  569.5   4.0   212   472     1   261     1   261 0.99 <unknown description>
#
# Program:         hmmsearch
# Version:         3.4 (Aug 2023)
# Pipeline mode:   SEARCH
# Query file:      /home/arafat/busco_downloads/lineages/hypocreales_odb12.2/hmms/190296at5125.hmm
# Target file:     /home/arafat/Foxy_SIX_Evolution/results/busco/GCA_003315725.1/run_hypocreales_odb12.2/miniprot_output/translated_proteins/190296at5125.faa
# Option settings: hmmsearch --domtblout /home/arafat/Foxy_SIX_Evolution/results/busco/GCA_003315725.1/run_hypocreales_odb12.2/hmmer_output/190296at5125.out --cpu 1 /home/arafat/busco_downloads/lineages/hypocreales_odb12.2/hmms/190296at5125.hmm /home/arafat/Foxy_SIX_Evolution/results/busco/GCA_003315725.1/run_hypocreales_odb12.2/miniprot_output/translated_proteins/190296at5125.faa 
# Current dir:     /home/arafat/Foxy_SIX_Evolution
# Date:            Thu Sep 24 13:03:11 2026
# [ok]
