#                                                                                                                  --- full sequence --- -------------- this domain -------------   hmm coord   ali coord   env coord
# target name                                              accession   tlen query name           accession   qlen   E-value  score  bias   #  of  c-Evalue  i-Evalue  score  bias  from    to  from    to  from    to  acc description of target
#                                      ------------------- ---------- ----- -------------------- ---------- ----- --------- ------ ----- --- --- --------- --------- ------ ----- ----- ----- ----- ----- ----- ----- ---- ---------------------
190666at5125_72712_0:003a90|CM010341.1:2605211-2607709|-   -            833 190666               -            642  8.9e-299  981.9   2.1   1   2  8.7e-124  8.7e-124  403.7   1.1     1   348    86   491    86   506 0.85 <unknown description>
190666at5125_72712_0:003a90|CM010341.1:2605211-2607709|-   -            833 190666               -            642  8.9e-299  981.9   2.1   2   2  1.5e-173  1.5e-173  568.1   0.0   342   642   513   821   494   821 0.93 <unknown description>
190666at5125_2559222_0:0003d7|CM010341.1:2605280-2606942|- -            555 190666               -            642  8.8e-251  823.3   0.0   1   2   1.6e-82   1.6e-82  267.4   0.0   121   347     1   235     1   250 0.93 <unknown description>
190666at5125_2559222_0:0003d7|CM010341.1:2605280-2606942|- -            555 190666               -            642  8.8e-251  823.3   0.0   2   2  2.2e-169  2.2e-169  554.4   0.0   331   630   247   554   237   555 0.92 <unknown description>
190666at5125_1736662_0:00236c|CM010341.1:2605676-2607485|- -            604 190666               -            642  9.8e-219  717.4   2.8   1   2  3.7e-124  3.7e-124  405.0   1.3     1   349    12   418    12   435 0.85 <unknown description>
190666at5125_1736662_0:00236c|CM010341.1:2605676-2607485|- -            604 190666               -            642  9.8e-219  717.4   2.8   2   2   3.6e-93   3.6e-93  302.6   0.0   341   502   438   604   420   604 0.91 <unknown description>
190666at5125_2559224_0:0013da|CM010341.1:2605280-2606462|- -            395 190666               -            642  3.4e-194  636.4   0.3   1   2   1.4e-25   1.4e-25   79.3   0.1   273   348     1    76     1    91 0.92 <unknown description>
190666at5125_2559224_0:0013da|CM010341.1:2605280-2606462|- -            395 190666               -            642  3.4e-194  636.4   0.3   2   2  8.4e-170  8.4e-170  555.8   0.0   341   630    97   394    79   395 0.92 <unknown description>
190666at5125_1649127_0:001476|CM010341.1:2605235-2605940|- -            236 190666               -            642  6.8e-137  447.0   0.1   1   1  7.6e-137  7.6e-137  446.9   0.1   421   642     2   232     1   232 0.96 <unknown description>
190666at5125_1649127_0:000110|CM010341.1:2606018-2607323|- -            436 190666               -            642  2.5e-124  405.5   3.2   1   2  2.3e-106  2.3e-106  346.2   1.6    39   348     1   363     1   379 0.84 <unknown description>
190666at5125_1649127_0:000110|CM010341.1:2606018-2607323|- -            436 190666               -            642  2.5e-124  405.5   3.2   2   2   2.1e-16   2.1e-16   49.0   0.0   330   394   373   436   364   436 0.78 <unknown description>
190666at5125_2559223_0:000209|CM010341.1:2605328-2605892|- -            189 190666               -            642  2.8e-117  382.3   0.5   1   1  3.1e-117  3.1e-117  382.1   0.5   436   616     1   188     1   189 0.97 <unknown description>
190666at5125_1623583_0:001436|CM010341.1:2605235-2605718|- -            162 190666               -            642   4.3e-85  275.9   0.2   1   1   4.8e-85   4.8e-85  275.8   0.2   488   642     1   158     1   158 0.95 <unknown description>
190666at5125_468837_0:001c4a|CM010341.1:2605211-2605580|-  -            124 190666               -            642   4.8e-52  166.7   0.0   1   1   5.3e-52   5.3e-52  166.6   0.0   534   642     1   112     1   112 0.94 <unknown description>
#
# Program:         hmmsearch
# Version:         3.4 (Aug 2023)
# Pipeline mode:   SEARCH
# Query file:      /home/arafat/busco_downloads/lineages/hypocreales_odb12.2/hmms/190666at5125.hmm
# Target file:     /home/arafat/Foxy_SIX_Evolution/results/busco/GCA_003315725.1/run_hypocreales_odb12.2/miniprot_output/translated_proteins/190666at5125.faa
# Option settings: hmmsearch --domtblout /home/arafat/Foxy_SIX_Evolution/results/busco/GCA_003315725.1/run_hypocreales_odb12.2/hmmer_output/190666at5125.out --cpu 1 /home/arafat/busco_downloads/lineages/hypocreales_odb12.2/hmms/190666at5125.hmm /home/arafat/Foxy_SIX_Evolution/results/busco/GCA_003315725.1/run_hypocreales_odb12.2/miniprot_output/translated_proteins/190666at5125.faa 
# Current dir:     /home/arafat/Foxy_SIX_Evolution
# Date:            Thu Sep 24 13:02:57 2026
# [ok]
