#                                                                                                                  --- full sequence --- -------------- this domain -------------   hmm coord   ali coord   env coord
# target name                                              accession   tlen query name           accession   qlen   E-value  score  bias   #  of  c-Evalue  i-Evalue  score  bias  from    to  from    to  from    to  acc description of target
#                                      ------------------- ---------- ----- -------------------- ---------- ----- --------- ------ ----- --- --- --------- --------- ------ ----- ----- ----- ----- ----- ----- ----- ---- ---------------------
191850at5125_5544_2:00298d|CM010338.1:3887849-3892053|+    -            768 191850               -            659         0 1327.5   6.2   1   2     9e-18     9e-18   52.7   0.1     1    47    19    65    19    81 0.92 <unknown description>
191850at5125_5544_2:00298d|CM010338.1:3887849-3892053|+    -            768 191850               -            659         0 1327.5   6.2   2   2         0         0 1276.7   2.1    57   658   115   731    87   732 0.95 <unknown description>
191850at5125_1089452_0:001546|CM010338.1:3887861-3890220|+ -            771 191850               -            659         0 1327.4   6.2   1   2     9e-18     9e-18   52.7   0.1     1    47    15    61    15    77 0.92 <unknown description>
191850at5125_1089452_0:001546|CM010338.1:3887861-3890220|+ -            771 191850               -            659         0 1327.4   6.2   2   2         0         0 1276.7   2.1    57   658   111   727    83   728 0.95 <unknown description>
191850at5125_2826082_0:001d4f|CM010338.1:3886304-3890220|+ -            966 191850               -            659         0 1326.1   6.1   1   2   1.1e-17   1.1e-17   52.4   0.1     1    47   210   256   210   276 0.91 <unknown description>
191850at5125_2826082_0:001d4f|CM010338.1:3886304-3890220|+ -            966 191850               -            659         0 1326.1   6.1   2   2         0         0 1275.6   2.1    57   658   306   922   280   923 0.95 <unknown description>
191850at5125_2885761_0:00057a|CM010338.1:3887861-3893271|+ -           1492 191850               -            659         0 1324.0   6.2   1   2   1.9e-17   1.9e-17   51.6   0.1     1    47    15    61    15    77 0.92 <unknown description>
191850at5125_2885761_0:00057a|CM010338.1:3887861-3893271|+ -           1492 191850               -            659         0 1324.0   6.2   2   2         0         0 1274.1   2.1    57   658   111   727    83   728 0.95 <unknown description>
191850at5125_2004952_0:0011cd|CM010338.1:3886304-3893271|+ -           1726 191850               -            659         0 1323.2   6.2   1   2   2.3e-17   2.3e-17   51.3   0.1     1    47   215   261   215   277 0.92 <unknown description>
191850at5125_2004952_0:0011cd|CM010338.1:3886304-3893271|+ -           1726 191850               -            659         0 1323.2   6.2   2   2         0         0 1273.6   2.1    57   658   311   927   283   928 0.95 <unknown description>
191850at5125_1229664_0:001803|CM010338.1:3888644-3890220|+ -            510 191850               -            659         0 1029.3   0.1   1   1         0         0 1029.1   0.1   197   658     1   466     1   467 0.98 <unknown description>
191850at5125_468837_0:0017bc|CM010338.1:3889701-3890127|+  -            143 191850               -            659   5.5e-79  255.0   1.1   1   1   6.2e-79   6.2e-79  254.8   1.1   529   658     1   130     1   131 0.99 <unknown description>
#
# Program:         hmmsearch
# Version:         3.4 (Aug 2023)
# Pipeline mode:   SEARCH
# Query file:      /home/arafat/busco_downloads/lineages/hypocreales_odb12.2/hmms/191850at5125.hmm
# Target file:     /home/arafat/Foxy_SIX_Evolution/results/busco/GCA_003315725.1/run_hypocreales_odb12.2/miniprot_output/translated_proteins/191850at5125.faa
# Option settings: hmmsearch --domtblout /home/arafat/Foxy_SIX_Evolution/results/busco/GCA_003315725.1/run_hypocreales_odb12.2/hmmer_output/191850at5125.out --cpu 1 /home/arafat/busco_downloads/lineages/hypocreales_odb12.2/hmms/191850at5125.hmm /home/arafat/Foxy_SIX_Evolution/results/busco/GCA_003315725.1/run_hypocreales_odb12.2/miniprot_output/translated_proteins/191850at5125.faa 
# Current dir:     /home/arafat/Foxy_SIX_Evolution
# Date:            Thu Sep 24 13:03:01 2026
# [ok]
