#                                                                                                                  --- full sequence --- -------------- this domain -------------   hmm coord   ali coord   env coord
# target name                                              accession   tlen query name           accession   qlen   E-value  score  bias   #  of  c-Evalue  i-Evalue  score  bias  from    to  from    to  from    to  acc description of target
#                                      ------------------- ---------- ----- -------------------- ---------- ----- --------- ------ ----- --- --- --------- --------- ------ ----- ----- ----- ----- ----- ----- ----- ---- ---------------------
191986at5125_396571_0:000d12|CM010336.1:1712428-1713177|+  -            235 191986               -            220  2.4e-133  430.8   0.0   1   1  2.7e-133  2.7e-133  430.6   0.0     2   220     3   228     2   228 0.95 <unknown description>
191986at5125_5514_0:002c47|CM010336.1:1712202-1713177|+    -            310 191986               -            220  6.1e-133  429.4   0.0   1   1  7.3e-133  7.3e-133  429.2   0.0     2   220    78   303    77   303 0.95 <unknown description>
191986at5125_5507_5:00236b|CM010336.1:1712365-1722680|+    -            355 191986               -            220  7.4e-133  429.2   0.0   1   1  1.1e-132  1.1e-132  428.6   0.0     2   220    24   249    23   249 0.95 <unknown description>
191986at5125_57161_0:0010d4|CM010336.1:1711186-1713177|+   -            505 191986               -            220  2.8e-132  427.3   0.0   1   3       1.5       1.5   -3.4   0.4   187   202    44    59    30    61 0.62 <unknown description>
191986at5125_57161_0:0010d4|CM010336.1:1711186-1713177|+   -            505 191986               -            220  2.8e-132  427.3   0.0   2   3      0.96      0.96   -2.8   0.1   181   195   114   128    93   131 0.57 <unknown description>
191986at5125_57161_0:0010d4|CM010336.1:1711186-1713177|+   -            505 191986               -            220  2.8e-132  427.3   0.0   3   3  2.8e-132  2.8e-132  427.3   0.0     2   220   273   498   272   498 0.95 <unknown description>
191986at5125_1610689_0:002397|CM010336.1:1712655-1713171|+ -            173 191986               -            220   8.4e-96  308.0   0.5   1   1   9.4e-96   9.4e-96  307.9   0.5    60   220     1   168     1   168 0.93 <unknown description>
#
# Program:         hmmsearch
# Version:         3.4 (Aug 2023)
# Pipeline mode:   SEARCH
# Query file:      /home/arafat/busco_downloads/lineages/hypocreales_odb12.2/hmms/191986at5125.hmm
# Target file:     /home/arafat/Foxy_SIX_Evolution/results/busco/GCA_003315725.1/run_hypocreales_odb12.2/miniprot_output/translated_proteins/191986at5125.faa
# Option settings: hmmsearch --domtblout /home/arafat/Foxy_SIX_Evolution/results/busco/GCA_003315725.1/run_hypocreales_odb12.2/hmmer_output/191986at5125.out --cpu 1 /home/arafat/busco_downloads/lineages/hypocreales_odb12.2/hmms/191986at5125.hmm /home/arafat/Foxy_SIX_Evolution/results/busco/GCA_003315725.1/run_hypocreales_odb12.2/miniprot_output/translated_proteins/191986at5125.faa 
# Current dir:     /home/arafat/Foxy_SIX_Evolution
# Date:            Thu Sep 24 13:03:01 2026
# [ok]
