#                                                                                                                 --- full sequence --- -------------- this domain -------------   hmm coord   ali coord   env coord
# target name                                             accession   tlen query name           accession   qlen   E-value  score  bias   #  of  c-Evalue  i-Evalue  score  bias  from    to  from    to  from    to  acc description of target
#                                     ------------------- ---------- ----- -------------------- ---------- ----- --------- ------ ----- --- --- --------- --------- ------ ----- ----- ----- ----- ----- ----- ----- ---- ---------------------
192988at5125_426428_0:001a54|CM010337.1:1853530-1855280|+ -            494 192988               -            363  1.8e-193  630.4  10.2   1   3     1e-34     1e-34  108.1   0.1     3    92    15   112    13   126 0.86 <unknown description>
192988at5125_426428_0:001a54|CM010337.1:1853530-1855280|+ -            494 192988               -            363  1.8e-193  630.4  10.2   2   3      0.03      0.03    1.3   0.0   294   323   171   200   168   212 0.84 <unknown description>
192988at5125_426428_0:001a54|CM010337.1:1853530-1855280|+ -            494 192988               -            363  1.8e-193  630.4  10.2   3   3  4.4e-161  4.4e-161  523.8   3.7    84   362   213   492   207   493 0.98 <unknown description>
192988at5125_96317_0:002dd1|CM010337.1:1854261-1855280|+  -            318 192988               -            363  1.3e-161  525.5   4.0   1   2       1.1       1.1   -3.9   0.0   301   321     2    22     2    27 0.79 <unknown description>
192988at5125_96317_0:002dd1|CM010337.1:1854261-1855280|+  -            318 192988               -            363  1.3e-161  525.5   4.0   2   2  1.3e-161  1.3e-161  525.5   4.0    84   362    37   316    31   317 0.98 <unknown description>
192988at5125_42673_0:002314|CM010337.1:1853998-1855280|+  -            386 192988               -            363  1.7e-161  525.2   7.1   1   2     0.023     0.023    1.6   0.1   294   323    63    92    60   102 0.83 <unknown description>
192988at5125_42673_0:002314|CM010337.1:1853998-1855280|+  -            386 192988               -            363  1.7e-161  525.2   7.1   2   2  2.4e-161  2.4e-161  524.7   3.9    84   362   105   384   100   385 0.98 <unknown description>
192988at5125_78861_0:000798|CM010337.1:1853530-1854815|+  -            258 192988               -            363   7.9e-84  269.6  11.6   1   3   4.1e-14   4.1e-14   40.3   0.4     3    37    15    49    13    55 0.88 <unknown description>
192988at5125_78861_0:000798|CM010337.1:1853530-1854815|+  -            258 192988               -            363   7.9e-84  269.6  11.6   2   3     0.013     0.013    2.4   0.1   294   323    90   119    87   129 0.84 <unknown description>
192988at5125_78861_0:000798|CM010337.1:1853530-1854815|+  -            258 192988               -            363   7.9e-84  269.6  11.6   3   3   1.6e-72   1.6e-72  232.5   2.2    84   210   132   258   123   258 0.98 <unknown description>
#
# Program:         hmmsearch
# Version:         3.4 (Aug 2023)
# Pipeline mode:   SEARCH
# Query file:      /home/arafat/busco_downloads/lineages/hypocreales_odb12.2/hmms/192988at5125.hmm
# Target file:     /home/arafat/Foxy_SIX_Evolution/results/busco/GCA_003315725.1/run_hypocreales_odb12.2/miniprot_output/translated_proteins/192988at5125.faa
# Option settings: hmmsearch --domtblout /home/arafat/Foxy_SIX_Evolution/results/busco/GCA_003315725.1/run_hypocreales_odb12.2/hmmer_output/192988at5125.out --cpu 1 /home/arafat/busco_downloads/lineages/hypocreales_odb12.2/hmms/192988at5125.hmm /home/arafat/Foxy_SIX_Evolution/results/busco/GCA_003315725.1/run_hypocreales_odb12.2/miniprot_output/translated_proteins/192988at5125.faa 
# Current dir:     /home/arafat/Foxy_SIX_Evolution
# Date:            Thu Sep 24 13:03:05 2026
# [ok]
