#                                                                                                                  --- full sequence --- -------------- this domain -------------   hmm coord   ali coord   env coord
# target name                                              accession   tlen query name           accession   qlen   E-value  score  bias   #  of  c-Evalue  i-Evalue  score  bias  from    to  from    to  from    to  acc description of target
#                                      ------------------- ---------- ----- -------------------- ---------- ----- --------- ------ ----- --- --- --------- --------- ------ ----- ----- ----- ----- ----- ----- ----- ---- ---------------------
192949at5125_1089452_0:001e33|CM010341.1:2182739-2185558|+ -            904 192949               -            855         0 1433.0   0.1   1   1         0         0 1432.8   0.1     3   855    10   903     8   903 0.94 <unknown description>
192949at5125_1736662_0:0012fc|CM010341.1:2180992-2185558|+ -           1038 192949               -            855         0 1432.3   0.1   1   1         0         0 1432.0   0.1     3   855   144  1037   142  1037 0.94 <unknown description>
192949at5125_131363_0:0008b7|CM010341.1:2181915-2185558|+  -            904 192949               -            855         0 1412.4   0.1   1   1         0         0 1412.2   0.1    17   855    24   903    19   903 0.94 <unknown description>
192949at5125_398673_0:001eb0|CM010341.1:2183551-2185558|+  -            670 192949               -            855         0 1059.7   1.9   1   1         0         0 1059.5   1.9   217   855     2   669     1   669 0.94 <unknown description>
192949at5125_93591_0:000241|CM010341.1:2182745-2184676|+   -            608 192949               -            855  1.1e-269  885.6   0.0   1   1  1.3e-269  1.3e-269  885.4   0.0     3   570     8   608     6   608 0.93 <unknown description>
192949at5125_195108_0:00331b|CM010341.1:2184133-2185558|+  -            476 192949               -            855  1.7e-256  842.0   5.2   1   1    2e-256    2e-256  841.9   5.2   391   855     1   475     1   475 0.96 <unknown description>
192949at5125_150374_0:0005ca|CM010341.1:2184712-2185558|+  -            283 192949               -            855  6.3e-152  496.1   3.4   1   1  7.1e-152  7.1e-152  495.9   3.4   582   855     1   282     1   282 0.95 <unknown description>
192949at5125_254901_0:001a9d|CM010341.1:2182739-2183364|+  -            189 192949               -            855   5.8e-91  294.4   0.0   1   1   6.6e-91   6.6e-91  294.2   0.0     3   175    10   187     8   188 0.95 <unknown description>
#
# Program:         hmmsearch
# Version:         3.4 (Aug 2023)
# Pipeline mode:   SEARCH
# Query file:      /home/arafat/busco_downloads/lineages/hypocreales_odb12.2/hmms/192949at5125.hmm
# Target file:     /home/arafat/Foxy_SIX_Evolution/results/busco/GCA_003315725.1/run_hypocreales_odb12.2/miniprot_output/translated_proteins/192949at5125.faa
# Option settings: hmmsearch --domtblout /home/arafat/Foxy_SIX_Evolution/results/busco/GCA_003315725.1/run_hypocreales_odb12.2/hmmer_output/192949at5125.out --cpu 1 /home/arafat/busco_downloads/lineages/hypocreales_odb12.2/hmms/192949at5125.hmm /home/arafat/Foxy_SIX_Evolution/results/busco/GCA_003315725.1/run_hypocreales_odb12.2/miniprot_output/translated_proteins/192949at5125.faa 
# Current dir:     /home/arafat/Foxy_SIX_Evolution
# Date:            Thu Sep 24 13:03:04 2026
# [ok]
