#                                                                                                                  --- full sequence --- -------------- this domain -------------   hmm coord   ali coord   env coord
# target name                                              accession   tlen query name           accession   qlen   E-value  score  bias   #  of  c-Evalue  i-Evalue  score  bias  from    to  from    to  from    to  acc description of target
#                                      ------------------- ---------- ----- -------------------- ---------- ----- --------- ------ ----- --- --- --------- --------- ------ ----- ----- ----- ----- ----- ----- ----- ---- ---------------------
194361at5125_1089452_0:002502|CM010336.1:2017277-2026971|- -           3215 194361               -           2888         0 5122.4  11.9   1   4   1.9e-83   1.9e-83  268.7   0.1     1   176    28   215    28   221 0.84 <unknown description>
194361at5125_1089452_0:002502|CM010336.1:2017277-2026971|- -           3215 194361               -           2888         0 5122.4  11.9   2   4         0         0 1650.8   0.0   141  1086   211  1186   205  1234 0.93 <unknown description>
194361at5125_1089452_0:002502|CM010336.1:2017277-2026971|- -           3215 194361               -           2888         0 5122.4  11.9   3   4   3.3e-90   3.3e-90  291.1   0.0  1077  1318  1256  1512  1252  1518 0.92 <unknown description>
194361at5125_1089452_0:002502|CM010336.1:2017277-2026971|- -           3215 194361               -           2888         0 5122.4  11.9   4   4         0         0 2916.3   3.5  1315  2888  1570  3213  1563  3213 0.94 <unknown description>
194361at5125_1491466_0:00078b|CM010336.1:2017277-2038571|- -           3279 194361               -           2888         0 5122.2  11.9   1   4   1.9e-83   1.9e-83  268.7   0.1     1   176    92   279    92   285 0.84 <unknown description>
194361at5125_1491466_0:00078b|CM010336.1:2017277-2038571|- -           3279 194361               -           2888         0 5122.2  11.9   2   4         0         0 1650.7   0.0   141  1086   275  1250   269  1298 0.93 <unknown description>
194361at5125_1491466_0:00078b|CM010336.1:2017277-2038571|- -           3279 194361               -           2888         0 5122.2  11.9   3   4   3.4e-90   3.4e-90  291.1   0.0  1077  1318  1320  1576  1316  1582 0.92 <unknown description>
194361at5125_1491466_0:00078b|CM010336.1:2017277-2038571|- -           3279 194361               -           2888         0 5122.2  11.9   4   4         0         0 2916.3   3.5  1315  2888  1634  3277  1627  3277 0.94 <unknown description>
194361at5125_1567552_0:002ed3|CM010336.1:2012343-2026850|- -           4033 194361               -           2888         0 5120.3  11.9   1   4   2.4e-83   2.4e-83  268.3   0.1     1   176     5   192     5   198 0.84 <unknown description>
194361at5125_1567552_0:002ed3|CM010336.1:2012343-2026850|- -           4033 194361               -           2888         0 5120.3  11.9   2   4         0         0 1650.2   0.0   141  1086   188  1163   182  1211 0.93 <unknown description>
194361at5125_1567552_0:002ed3|CM010336.1:2012343-2026850|- -           4033 194361               -           2888         0 5120.3  11.9   3   4   4.3e-90   4.3e-90  290.7   0.0  1077  1318  1233  1489  1229  1495 0.92 <unknown description>
194361at5125_1567552_0:002ed3|CM010336.1:2012343-2026850|- -           4033 194361               -           2888         0 5120.3  11.9   4   4         0         0 2915.6   3.5  1315  2888  1547  3190  1540  3190 0.94 <unknown description>
194361at5125_1291519_0:002102|CM010336.1:2012343-2022926|- -           2725 194361               -           2888         0 3126.4   6.5   1   2   6.6e-66   6.6e-66  210.5   0.1  1151  1319     1   182     1   197 0.93 <unknown description>
194361at5125_1291519_0:002102|CM010336.1:2012343-2022926|- -           2725 194361               -           2888         0 3126.4   6.5   2   2         0         0 2917.0   3.5  1315  2888   239  1882   232  1882 0.94 <unknown description>
194361at5125_2004951_0:000c05|CM010336.1:2017277-2020253|- -            993 194361               -           2888         0 2020.0   6.9   1   1         0         0 2019.8   6.9  1927  2888     1   991     1   991 0.96 <unknown description>
194361at5125_101201_0:0005a7|CM010336.1:2017277-2019611|-  -            779 194361               -           2888         0 1638.4   2.1   1   1         0         0 1638.2   2.1  2135  2888     1   777     1   777 0.96 <unknown description>
194361at5125_150374_0:000aeb|CM010336.1:2024198-2026880|-  -            895 194361               -           2888         0 1418.6   3.3   1   2   3.4e-84   3.4e-84  271.2   0.1     1   176    15   202    15   207 0.84 <unknown description>
194361at5125_150374_0:000aeb|CM010336.1:2024198-2026880|-  -            895 194361               -           2888         0 1418.6   3.3   2   2         0         0 1150.1   0.7   141   810   198   895   192   895 0.93 <unknown description>
#
# Program:         hmmsearch
# Version:         3.4 (Aug 2023)
# Pipeline mode:   SEARCH
# Query file:      /home/arafat/busco_downloads/lineages/hypocreales_odb12.2/hmms/194361at5125.hmm
# Target file:     /home/arafat/Foxy_SIX_Evolution/results/busco/GCA_003315725.1/run_hypocreales_odb12.2/miniprot_output/translated_proteins/194361at5125.faa
# Option settings: hmmsearch --domtblout /home/arafat/Foxy_SIX_Evolution/results/busco/GCA_003315725.1/run_hypocreales_odb12.2/hmmer_output/194361at5125.out --cpu 1 /home/arafat/busco_downloads/lineages/hypocreales_odb12.2/hmms/194361at5125.hmm /home/arafat/Foxy_SIX_Evolution/results/busco/GCA_003315725.1/run_hypocreales_odb12.2/miniprot_output/translated_proteins/194361at5125.faa 
# Current dir:     /home/arafat/Foxy_SIX_Evolution
# Date:            Thu Sep 24 13:03:13 2026
# [ok]
