#                                                                                                                  --- full sequence --- -------------- this domain -------------   hmm coord   ali coord   env coord
# target name                                              accession   tlen query name           accession   qlen   E-value  score  bias   #  of  c-Evalue  i-Evalue  score  bias  from    to  from    to  from    to  acc description of target
#                                      ------------------- ---------- ----- -------------------- ---------- ----- --------- ------ ----- --- --- --------- --------- ------ ----- ----- ----- ----- ----- ----- ----- ---- ---------------------
194397at5125_413071_0:0024b1|CM010336.1:1700292-1701700|+  -            440 194397               -            434  1.6e-252  826.3   2.9   1   1  3.5e-252  3.5e-252  825.2   2.9     3   416     5   439     1   440 0.93 <unknown description>
194397at5125_96317_0:003090|CM010336.1:1700017-1701892|+   -            575 194397               -            434  2.9e-245  802.4   3.8   1   2  7.5e-245  7.5e-245  801.0   2.8    16   425    89   519    82   528 0.92 <unknown description>
194397at5125_96317_0:003090|CM010336.1:1700017-1701892|+   -            575 194397               -            434  2.9e-245  802.4   3.8   2   2     0.077     0.077    0.2   0.0   394   433   518   556   511   557 0.78 <unknown description>
194397at5125_2885761_0:000d60|CM010336.1:1700292-1701232|+ -            299 194397               -            434  8.9e-204  665.7   5.1   1   1  9.9e-204  9.9e-204  665.5   5.1     3   296     5   298     1   298 0.99 <unknown description>
194397at5125_1736662_0:002226|CM010336.1:1700017-1701232|+ -            390 194397               -            434  2.2e-203  664.3   5.1   1   1  2.6e-203  2.6e-203  664.1   5.1     3   296    96   389    92   389 0.99 <unknown description>
194397at5125_2692428_0:003a28|CM010336.1:1700301-1701025|+ -            227 194397               -            434  8.9e-153  497.6   5.2   1   1  9.9e-153  9.9e-153  497.4   5.2     3   228     2   227     1   227 1.00 <unknown description>
194397at5125_44412_0:00324e|CM010336.1:1700292-1700848|+   -            171 194397               -            434  2.5e-113  367.6   3.1   1   1  2.8e-113  2.8e-113  367.5   3.1     3   169     5   171     1   171 0.98 <unknown description>
#
# Program:         hmmsearch
# Version:         3.4 (Aug 2023)
# Pipeline mode:   SEARCH
# Query file:      /home/arafat/busco_downloads/lineages/hypocreales_odb12.2/hmms/194397at5125.hmm
# Target file:     /home/arafat/Foxy_SIX_Evolution/results/busco/GCA_003315725.1/run_hypocreales_odb12.2/miniprot_output/translated_proteins/194397at5125.faa
# Option settings: hmmsearch --domtblout /home/arafat/Foxy_SIX_Evolution/results/busco/GCA_003315725.1/run_hypocreales_odb12.2/hmmer_output/194397at5125.out --cpu 1 /home/arafat/busco_downloads/lineages/hypocreales_odb12.2/hmms/194397at5125.hmm /home/arafat/Foxy_SIX_Evolution/results/busco/GCA_003315725.1/run_hypocreales_odb12.2/miniprot_output/translated_proteins/194397at5125.faa 
# Current dir:     /home/arafat/Foxy_SIX_Evolution
# Date:            Thu Sep 24 13:03:13 2026
# [ok]
