#                                                                                                                  --- full sequence --- -------------- this domain -------------   hmm coord   ali coord   env coord
# target name                                              accession   tlen query name           accession   qlen   E-value  score  bias   #  of  c-Evalue  i-Evalue  score  bias  from    to  from    to  from    to  acc description of target
#                                      ------------------- ---------- ----- -------------------- ---------- ----- --------- ------ ----- --- --- --------- --------- ------ ----- ----- ----- ----- ----- ----- ----- ---- ---------------------
194740at5125_47803_0:002c05|CM010342.1:2056058-2056722|-   -            222 194740               -            193    5e-117  377.1   0.0   1   1  5.7e-117  5.7e-117  377.0   0.0     1   193    23   221    23   221 0.96 <unknown description>
194740at5125_1237068_0:002d2b|CM010342.1:2056058-2056938|- -            293 194740               -            193  1.2e-116  375.9   0.0   1   1  1.5e-116  1.5e-116  375.6   0.0     1   193    94   292    94   292 0.96 <unknown description>
194740at5125_48865_0:000e23|CM010342.1:2056058-2057443|-   -            277 194740               -            193    3e-116  374.6   0.0   1   2       1.4       1.4   -2.7   0.0   102   128     3    31     2    51 0.60 <unknown description>
194740at5125_48865_0:000e23|CM010342.1:2056058-2057443|-   -            277 194740               -            193    3e-116  374.6   0.0   2   2  5.5e-116  5.5e-116  373.7   0.0     3   193    80   276    78   276 0.96 <unknown description>
194740at5125_254901_0:001773|CM010342.1:2056058-2056562|-  -            169 194740               -            193     2e-98  316.4   0.0   1   1   2.3e-98   2.3e-98  316.3   0.0    32   193     1   168     1   168 0.95 <unknown description>
194740at5125_2714763_0:001c0a|CM010342.1:2056382-2056722|- -             97 194740               -            193   1.8e-52  166.5   0.9   1   1     2e-52     2e-52  166.4   0.9     1    90     6    97     6    97 0.97 <unknown description>
194740at5125_5516_0:002ab7|CM010342.1:2056058-2056343|-    -             96 194740               -            193   1.1e-51  164.0   1.7   1   1   1.2e-51   1.2e-51  163.9   1.7   103   193     1    95     1    95 0.94 <unknown description>
#
# Program:         hmmsearch
# Version:         3.4 (Aug 2023)
# Pipeline mode:   SEARCH
# Query file:      /home/arafat/busco_downloads/lineages/hypocreales_odb12.2/hmms/194740at5125.hmm
# Target file:     /home/arafat/Foxy_SIX_Evolution/results/busco/GCA_003315725.1/run_hypocreales_odb12.2/miniprot_output/translated_proteins/194740at5125.faa
# Option settings: hmmsearch --domtblout /home/arafat/Foxy_SIX_Evolution/results/busco/GCA_003315725.1/run_hypocreales_odb12.2/hmmer_output/194740at5125.out --cpu 1 /home/arafat/busco_downloads/lineages/hypocreales_odb12.2/hmms/194740at5125.hmm /home/arafat/Foxy_SIX_Evolution/results/busco/GCA_003315725.1/run_hypocreales_odb12.2/miniprot_output/translated_proteins/194740at5125.faa 
# Current dir:     /home/arafat/Foxy_SIX_Evolution
# Date:            Thu Sep 24 13:03:14 2026
# [ok]
