#                                                                                                                  --- full sequence --- -------------- this domain -------------   hmm coord   ali coord   env coord
# target name                                              accession   tlen query name           accession   qlen   E-value  score  bias   #  of  c-Evalue  i-Evalue  score  bias  from    to  from    to  from    to  acc description of target
#                                      ------------------- ---------- ----- -------------------- ---------- ----- --------- ------ ----- --- --- --------- --------- ------ ----- ----- ----- ----- ----- ----- ----- ---- ---------------------
195452at5125_1089452_0:001293|CM010338.1:2781520-2783578|+ -            687 195452               -            682  1.1e-232  763.7  44.6   1   1  1.3e-232  1.3e-232  763.5  44.6     1   681     3   684     3   686 0.91 <unknown description>
195452at5125_2502994_0:0029ea|CM010338.1:2780869-2783578|+ -            773 195452               -            682  1.6e-232  763.1  44.6   1   1    2e-232    2e-232  762.8  44.6     1   681    89   770    89   772 0.91 <unknown description>
195452at5125_702382_0:000131|CM010338.1:2776336-2783530|+  -            645 195452               -            682  2.9e-213  699.5  44.7   1   2   3.5e-12   3.5e-12   34.9   2.3     9    50    30    69    24    77 0.82 <unknown description>
195452at5125_702382_0:000131|CM010338.1:2776336-2783530|+  -            645 195452               -            682  2.9e-213  699.5  44.7   2   2  5.3e-204  5.3e-204  668.9  37.3    99   668    72   645    65   645 0.92 <unknown description>
195452at5125_1042311_0:0002c2|CM010338.1:2774118-2783530|+ -            636 195452               -            682  7.5e-213  698.1  49.3   1   3      0.51      0.51   -2.0   0.1   265   278     7    20     2    23 0.82 <unknown description>
195452at5125_1042311_0:0002c2|CM010338.1:2774118-2783530|+ -            636 195452               -            682  7.5e-213  698.1  49.3   2   3     5e-13     5e-13   37.7   4.1    18    55    33    68    16    72 0.85 <unknown description>
195452at5125_1042311_0:0002c2|CM010338.1:2774118-2783530|+ -            636 195452               -            682  7.5e-213  698.1  49.3   3   3    1e-203    1e-203  668.0  36.0   103   668    69   636    66   636 0.93 <unknown description>
195452at5125_983965_0:0000f1|CM010338.1:2781913-2783533|+  -            541 195452               -            682  8.4e-200  655.0  29.7   1   1    1e-199    1e-199  654.7  29.7   138   669     1   541     1   541 0.93 <unknown description>
195452at5125_1330021_0:001d91|CM010338.1:2781523-2793804|+ -            627 195452               -            682  3.6e-192  629.7  48.7   1   2   1.6e-12   1.6e-12   36.1   2.4     1    46     2    46     2    53 0.89 <unknown description>
195452at5125_1330021_0:001d91|CM010338.1:2781523-2793804|+ -            627 195452               -            682  3.6e-192  629.7  48.7   2   2  9.6e-183  9.6e-183  598.6  40.4    99   627    48   574    41   622 0.90 <unknown description>
195452at5125_468837_0:00139b|CM010338.1:2781589-2782885|+  -            433 195452               -            682  6.9e-151  493.3  32.4   1   1  9.3e-151  9.3e-151  492.9  32.4    21   454     1   427     1   432 0.90 <unknown description>
195452at5125_1053134_0:0027aa|CM010338.1:2781520-2782096|+ -            193 195452               -            682   2.1e-46  148.0  16.1   1   1   2.3e-46   2.3e-46  147.9  16.1     1   194     3   186     3   193 0.83 <unknown description>
#
# Program:         hmmsearch
# Version:         3.4 (Aug 2023)
# Pipeline mode:   SEARCH
# Query file:      /home/arafat/busco_downloads/lineages/hypocreales_odb12.2/hmms/195452at5125.hmm
# Target file:     /home/arafat/Foxy_SIX_Evolution/results/busco/GCA_003315725.1/run_hypocreales_odb12.2/miniprot_output/translated_proteins/195452at5125.faa
# Option settings: hmmsearch --domtblout /home/arafat/Foxy_SIX_Evolution/results/busco/GCA_003315725.1/run_hypocreales_odb12.2/hmmer_output/195452at5125.out --cpu 1 /home/arafat/busco_downloads/lineages/hypocreales_odb12.2/hmms/195452at5125.hmm /home/arafat/Foxy_SIX_Evolution/results/busco/GCA_003315725.1/run_hypocreales_odb12.2/miniprot_output/translated_proteins/195452at5125.faa 
# Current dir:     /home/arafat/Foxy_SIX_Evolution
# Date:            Thu Sep 24 13:03:17 2026
# [ok]
