#                                                                                                                  --- full sequence --- -------------- this domain -------------   hmm coord   ali coord   env coord
# target name                                              accession   tlen query name           accession   qlen   E-value  score  bias   #  of  c-Evalue  i-Evalue  score  bias  from    to  from    to  from    to  acc description of target
#                                      ------------------- ---------- ----- -------------------- ---------- ----- --------- ------ ----- --- --- --------- --------- ------ ----- ----- ----- ----- ----- ----- ----- ---- ---------------------
195755at5125_1247861_0:000f25|CM010335.1:5209953-5215872|+ -            955 195755               -            450  4.6e-244  799.2  30.5   1   3    4e-122    4e-122  397.3   9.5     1   259     1   264     1   287 0.93 <unknown description>
195755at5125_1247861_0:000f25|CM010335.1:5209953-5215872|+ -            955 195755               -            450  4.6e-244  799.2  30.5   2   3  1.3e-126  1.3e-126  412.1   5.2   253   448   286   481   265   483 0.95 <unknown description>
195755at5125_1247861_0:000f25|CM010335.1:5209953-5215872|+ -            955 195755               -            450  4.6e-244  799.2  30.5   3   3     0.038     0.038    1.9   0.8   193   268   672   748   662   803 0.72 <unknown description>
195755at5125_2714763_0:000974|CM010335.1:5209953-5212380|+ -            500 195755               -            450  7.1e-241  788.7  23.2   1   2  1.2e-122  1.2e-122  399.0   9.7     1   258     1   263     1   284 0.93 <unknown description>
195755at5125_2714763_0:000974|CM010335.1:5209953-5212380|+ -            500 195755               -            450  7.1e-241  788.7  23.2   2   2    1e-121    1e-121  396.0   5.8   254   438   287   471   271   480 0.94 <unknown description>
195755at5125_79018_0:0028da|CM010335.1:5209953-5211704|+   -            520 195755               -            450  2.8e-240  786.7  26.4   1   3  1.1e-122  1.1e-122  399.1   9.5     1   259     1   264     1   287 0.93 <unknown description>
195755at5125_79018_0:0028da|CM010335.1:5209953-5211704|+   -            520 195755               -            450  2.8e-240  786.7  26.4   2   3  1.2e-121  1.2e-121  395.7   5.6   254   438   287   471   273   473 0.95 <unknown description>
195755at5125_79018_0:0028da|CM010335.1:5209953-5211704|+   -            520 195755               -            450  2.8e-240  786.7  26.4   3   3      0.19      0.19   -0.5   0.1   434   449   502   517   497   518 0.87 <unknown description>
195755at5125_2692428_0:000308|CM010335.1:5209974-5211363|+ -            464 195755               -            450  1.4e-236  774.5  24.2   1   2  1.3e-118  1.3e-118  385.7  10.5    11   258     5   256     1   278 0.92 <unknown description>
195755at5125_2692428_0:000308|CM010335.1:5209974-5211363|+ -            464 195755               -            450  1.4e-236  774.5  24.2   2   2  1.4e-121  1.4e-121  395.5   5.8   254   437   280   463   263   464 0.95 <unknown description>
195755at5125_1859967_0:0007c6|CM010335.1:5210028-5219676|+ -           1155 195755               -            450  1.4e-233  764.7  31.4   1   3  8.2e-112  8.2e-112  363.3  10.6    25   258     1   238     1   260 0.93 <unknown description>
195755at5125_1859967_0:0007c6|CM010335.1:5210028-5219676|+ -           1155 195755               -            450  1.4e-233  764.7  31.4   2   3  1.6e-126  1.6e-126  411.8   4.8   254   447   262   455   244   458 0.95 <unknown description>
195755at5125_1859967_0:0007c6|CM010335.1:5210028-5219676|+ -           1155 195755               -            450  1.4e-233  764.7  31.4   3   3      0.05      0.05    1.4   0.8   193   268   813   889   803   942 0.72 <unknown description>
195755at5125_63577_0:00186f|CM010335.1:5209953-5211050|+   -            366 195755               -            450  5.5e-145  472.6  15.1   1   2  6.2e-123  6.2e-123  399.9  10.0     1   258     1   263     1   284 0.93 <unknown description>
195755at5125_63577_0:00186f|CM010335.1:5209953-5211050|+   -            366 195755               -            450  5.5e-145  472.6  15.1   2   2   1.2e-24   1.2e-24   76.0   0.3   254   321   287   354   273   360 0.87 <unknown description>
195755at5125_93591_0:001666|CM010335.1:5209953-5210586|+   -            212 195755               -            450  3.9e-104  338.0   7.6   1   1  4.3e-104  4.3e-104  337.9   7.6     1   207     1   212     1   212 0.97 <unknown description>
195755at5125_93591_0:001cc0|CM010335.1:5211042-5211360|+   -            107 195755               -            450     2e-84  273.0   3.6   1   1   2.2e-84   2.2e-84  272.9   3.6   331   436     1   106     1   107 0.99 <unknown description>
#
# Program:         hmmsearch
# Version:         3.4 (Aug 2023)
# Pipeline mode:   SEARCH
# Query file:      /home/arafat/busco_downloads/lineages/hypocreales_odb12.2/hmms/195755at5125.hmm
# Target file:     /home/arafat/Foxy_SIX_Evolution/results/busco/GCA_003315725.1/run_hypocreales_odb12.2/miniprot_output/translated_proteins/195755at5125.faa
# Option settings: hmmsearch --domtblout /home/arafat/Foxy_SIX_Evolution/results/busco/GCA_003315725.1/run_hypocreales_odb12.2/hmmer_output/195755at5125.out --cpu 1 /home/arafat/busco_downloads/lineages/hypocreales_odb12.2/hmms/195755at5125.hmm /home/arafat/Foxy_SIX_Evolution/results/busco/GCA_003315725.1/run_hypocreales_odb12.2/miniprot_output/translated_proteins/195755at5125.faa 
# Current dir:     /home/arafat/Foxy_SIX_Evolution
# Date:            Thu Sep 24 13:03:18 2026
# [ok]
