#                                                                                                                  --- full sequence --- -------------- this domain -------------   hmm coord   ali coord   env coord
# target name                                              accession   tlen query name           accession   qlen   E-value  score  bias   #  of  c-Evalue  i-Evalue  score  bias  from    to  from    to  from    to  acc description of target
#                                      ------------------- ---------- ----- -------------------- ---------- ----- --------- ------ ----- --- --- --------- --------- ------ ----- ----- ----- ----- ----- ----- ----- ---- ---------------------
196178at5125_1089452_0:00112e|CM010338.1:2222343-2225562|+ -           1012 196178               -            905         0 1408.5   0.0   1   2         0         0 1304.3   0.0     1   723     1   726     1   780 0.97 <unknown description>
196178at5125_1089452_0:00112e|CM010338.1:2222343-2225562|+ -           1012 196178               -            905         0 1408.5   0.0   2   2   2.2e-32   2.2e-32  101.6   0.1   754   904   854  1010   819  1011 0.88 <unknown description>
196178at5125_1028729_0:002dff|CM010338.1:2221380-2225559|+ -           1009 196178               -            905         0 1294.0   0.3   1   3  2.9e-201  2.9e-201  660.3   0.1     1   358    46   406    46   407 0.98 <unknown description>
196178at5125_1028729_0:002dff|CM010338.1:2221380-2225559|+ -           1009 196178               -            905         0 1294.0   0.3   2   3  8.7e-162  8.7e-162  529.7   0.0   405   723   406   724   405   778 0.94 <unknown description>
196178at5125_1028729_0:002dff|CM010338.1:2221380-2225559|+ -           1009 196178               -            905         0 1294.0   0.3   3   3   1.5e-32   1.5e-32  102.1   0.2   751   904   849  1008   768  1009 0.84 <unknown description>
196178at5125_61366_0:0024c3|CM010338.1:2223106-2225562|+   -            773 196178               -            905  4.6e-301  990.6   0.0   1   3  2.5e-269  2.5e-269  885.6   0.0   238   723     2   487     1   538 0.96 <unknown description>
196178at5125_61366_0:0024c3|CM010338.1:2223106-2225562|+   -            773 196178               -            905  4.6e-301  990.6   0.0   2   3      0.37      0.37   -1.8   0.0   677   754   497   572   491   602 0.61 <unknown description>
196178at5125_61366_0:0024c3|CM010338.1:2223106-2225562|+   -            773 196178               -            905  4.6e-301  990.6   0.0   3   3     1e-32     1e-32  102.6   0.3   751   904   612   771   531   772 0.84 <unknown description>
196178at5125_2604345_0:002ce7|CM010338.1:2222343-2224659|+ -            558 196178               -            905  2.5e-289  951.8   0.0   1   2  1.9e-121  1.9e-121  396.3   0.2     1   237     1   240     1   242 0.97 <unknown description>
196178at5125_2604345_0:002ce7|CM010338.1:2222343-2224659|+ -            558 196178               -            905  2.5e-289  951.8   0.0   2   2    3e-169    3e-169  554.4   0.0   391   705   241   555   239   558 0.99 <unknown description>
196178at5125_195108_0:000fb1|CM010338.1:2223190-2224557|+  -            410 196178               -            905    7e-238  781.5   0.0   1   1  7.8e-238  7.8e-238  781.4   0.0   265   674     1   410     1   410 1.00 <unknown description>
196178at5125_451672_0:0043ff|CM010338.1:2223696-2225562|+  -            623 196178               -            905  1.2e-204  671.5   0.0   1   2    1e-172    1e-172  565.9   0.0   387   723     1   337     1   391 0.94 <unknown description>
196178at5125_451672_0:0043ff|CM010338.1:2223696-2225562|+  -            623 196178               -            905  1.2e-204  671.5   0.0   2   2   8.3e-33   8.3e-33  102.9   0.1   752   904   463   621   412   622 0.86 <unknown description>
196178at5125_1623583_0:00135b|CM010338.1:2222343-2223337|+ -            317 196178               -            905  6.9e-177  579.7   0.0   1   1  7.7e-177  7.7e-177  579.6   0.0     1   313     1   316     1   317 0.98 <unknown description>
196178at5125_2773459_0:000753|CM010338.1:2223696-2224837|+ -            381 196178               -            905  2.6e-173  567.9   0.0   1   1  3.1e-173  3.1e-173  567.6   0.0   387   721     1   335     1   357 0.97 <unknown description>
196178at5125_2686198_0:000065|CM010338.1:2223516-2224494|+ -            312 196178               -            905  2.8e-173  567.7   0.0   1   1  3.2e-173  3.2e-173  567.6   0.0   343   653     2   312     1   312 1.00 <unknown description>
196178at5125_5544_1:0028ec|CM010338.1:2223828-2224623|+    -            266 196178               -            905    6e-148  483.9   0.0   1   1  6.7e-148  6.7e-148  483.8   0.0   432   696     2   266     1   266 0.99 <unknown description>
196178at5125_56646_0:0023eb|CM010338.1:2222550-2223343|+   -            250 196178               -            905    1e-138  453.4   0.0   1   1  1.1e-138  1.1e-138  453.2   0.0    70   314     1   248     1   250 0.97 <unknown description>
196178at5125_56646_0:00240b|CM010338.1:2224179-2225553|+   -            459 196178               -            905  2.1e-106  346.5   4.2   1   3   1.5e-75   1.5e-75  244.4   0.7   548   724     1   177     1   232 0.90 <unknown description>
196178at5125_56646_0:00240b|CM010338.1:2224179-2225553|+   -            459 196178               -            905  2.1e-106  346.5   4.2   2   3      0.16      0.16   -0.6   0.2   677   754   186   261   174   291 0.62 <unknown description>
196178at5125_56646_0:00240b|CM010338.1:2224179-2225553|+   -            459 196178               -            905  2.1e-106  346.5   4.2   3   3   9.9e-33   9.9e-33  102.7   0.2   752   901   302   457   256   459 0.87 <unknown description>
196178at5125_93591_0:0015fa|CM010338.1:2222343-2222955|+   -            189 196178               -            905   7.1e-89  288.5   0.1   1   1   8.3e-89   8.3e-89  288.2   0.1     1   172     1   175     1   182 0.96 <unknown description>
196178at5125_2004951_0:0023ea|CM010338.1:2222343-2222682|+ -            114 196178               -            905   1.4e-60  194.9   0.0   1   1   1.5e-60   1.5e-60  194.8   0.0     1   112     1   112     1   114 0.99 <unknown description>
#
# Program:         hmmsearch
# Version:         3.4 (Aug 2023)
# Pipeline mode:   SEARCH
# Query file:      /home/arafat/busco_downloads/lineages/hypocreales_odb12.2/hmms/196178at5125.hmm
# Target file:     /home/arafat/Foxy_SIX_Evolution/results/busco/GCA_003315725.1/run_hypocreales_odb12.2/miniprot_output/translated_proteins/196178at5125.faa
# Option settings: hmmsearch --domtblout /home/arafat/Foxy_SIX_Evolution/results/busco/GCA_003315725.1/run_hypocreales_odb12.2/hmmer_output/196178at5125.out --cpu 1 /home/arafat/busco_downloads/lineages/hypocreales_odb12.2/hmms/196178at5125.hmm /home/arafat/Foxy_SIX_Evolution/results/busco/GCA_003315725.1/run_hypocreales_odb12.2/miniprot_output/translated_proteins/196178at5125.faa 
# Current dir:     /home/arafat/Foxy_SIX_Evolution
# Date:            Thu Sep 24 13:03:21 2026
# [ok]
