#                                                                                                                --- full sequence --- -------------- this domain -------------   hmm coord   ali coord   env coord
# target name                                            accession   tlen query name           accession   qlen   E-value  score  bias   #  of  c-Evalue  i-Evalue  score  bias  from    to  from    to  from    to  acc description of target
#                                    ------------------- ---------- ----- -------------------- ---------- ----- --------- ------ ----- --- --- --------- --------- ------ ----- ----- ----- ----- ----- ----- ----- ---- ---------------------
196194at5125_327505_0:000b05|CM010336.1:929695-933804|-  -           1292 196194               -           1162         0 2379.2  18.7   1   2   1.4e-80   1.4e-80  260.1   0.9     1   143    47   207    47   226 0.85 <unknown description>
196194at5125_327505_0:000b05|CM010336.1:929695-933804|-  -           1292 196194               -           1162         0 2379.2  18.7   2   2         0         0 2124.0  10.9   141  1161   238  1286   226  1287 0.96 <unknown description>
196194at5125_5507_0:002bfe|CM010336.1:929482-934724|-    -           1568 196194               -           1162         0 2377.9  18.7   1   2   1.8e-80   1.8e-80  259.8   0.9     1   143   257   417   257   436 0.85 <unknown description>
196194at5125_5507_0:002bfe|CM010336.1:929482-934724|-    -           1568 196194               -           1162         0 2377.9  18.7   2   2         0         0 2123.1  10.9   141  1161   448  1496   436  1497 0.96 <unknown description>
196194at5125_5507_3:001785|CM010336.1:929695-937627|-    -           1966 196194               -           1162         0 2376.7  18.7   1   2   2.4e-80   2.4e-80  259.3   0.9     1   143   721   881   721   900 0.85 <unknown description>
196194at5125_5507_3:001785|CM010336.1:929695-937627|-    -           1966 196194               -           1162         0 2376.7  18.7   2   2         0         0 2122.2  10.9   141  1161   912  1960   900  1961 0.96 <unknown description>
196194at5125_150374_0:001490|CM010336.1:929695-932935|-  -           1042 196194               -           1162         0 2112.4  10.9   1   1         0         0 2112.2  10.9   154  1161     1  1036     1  1037 0.96 <unknown description>
196194at5125_2604345_0:004418|CM010336.1:930993-935069|- -           1081 196194               -           1162         0 1568.7  10.5   1   2   1.2e-80   1.2e-80  260.4   1.0     1   143   250   410   250   428 0.85 <unknown description>
196194at5125_2604345_0:004418|CM010336.1:930993-935069|- -           1081 196194               -           1162         0 1568.7  10.5   2   2         0         0 1313.1   2.7   141   757   441  1081   429  1081 0.94 <unknown description>
196194at5125_92637_0:001de8|CM010336.1:931080-933606|-   -            804 196194               -           1162         0 1505.2  11.2   1   2   7.1e-81   7.1e-81  261.1   0.9     1   143     2   162     2   180 0.85 <unknown description>
196194at5125_92637_0:001de8|CM010336.1:931080-933606|-   -            804 196194               -           1162         0 1505.2  11.2   2   2         0         0 1249.0   3.5   141   728   193   804   181   804 0.94 <unknown description>
196194at5125_93591_0:0017b3|CM010336.1:929695-931857|-   -            703 196194               -           1162         0 1442.5  13.1   1   1         0         0 1442.3  13.1   469  1161     1   697     1   698 0.99 <unknown description>
#
# Program:         hmmsearch
# Version:         3.4 (Aug 2023)
# Pipeline mode:   SEARCH
# Query file:      /home/arafat/busco_downloads/lineages/hypocreales_odb12.2/hmms/196194at5125.hmm
# Target file:     /home/arafat/Foxy_SIX_Evolution/results/busco/GCA_003315725.1/run_hypocreales_odb12.2/miniprot_output/translated_proteins/196194at5125.faa
# Option settings: hmmsearch --domtblout /home/arafat/Foxy_SIX_Evolution/results/busco/GCA_003315725.1/run_hypocreales_odb12.2/hmmer_output/196194at5125.out --cpu 1 /home/arafat/busco_downloads/lineages/hypocreales_odb12.2/hmms/196194at5125.hmm /home/arafat/Foxy_SIX_Evolution/results/busco/GCA_003315725.1/run_hypocreales_odb12.2/miniprot_output/translated_proteins/196194at5125.faa 
# Current dir:     /home/arafat/Foxy_SIX_Evolution
# Date:            Thu Sep 24 13:03:21 2026
# [ok]
