#                                                                                                                  --- full sequence --- -------------- this domain -------------   hmm coord   ali coord   env coord
# target name                                              accession   tlen query name           accession   qlen   E-value  score  bias   #  of  c-Evalue  i-Evalue  score  bias  from    to  from    to  from    to  acc description of target
#                                      ------------------- ---------- ----- -------------------- ---------- ----- --------- ------ ----- --- --- --------- --------- ------ ----- ----- ----- ----- ----- ----- ----- ---- ---------------------
196217at5125_5507_3:0001ea|CM010335.1:3848026-3850573|+    -            850 196217               -            692         0 1230.1  15.0   1   4   2.3e-14   2.3e-14   40.9   0.3     2    73    11    95    10   110 0.70 <unknown description>
196217at5125_5507_3:0001ea|CM010335.1:3848026-3850573|+    -            850 196217               -            692         0 1230.1  15.0   2   4     0.002     0.002    4.8   3.4    71   142   120   194   106   199 0.69 <unknown description>
196217at5125_5507_3:0001ea|CM010335.1:3848026-3850573|+    -            850 196217               -            692         0 1230.1  15.0   3   4     3e-30     3e-30   93.4   1.3    68   182   174   294   162   308 0.77 <unknown description>
196217at5125_5507_3:0001ea|CM010335.1:3848026-3850573|+    -            850 196217               -            692         0 1230.1  15.0   4   4         0         0 1097.8   0.0   175   692   314   849   301   849 0.95 <unknown description>
196217at5125_1610689_0:0005dd|CM010335.1:3846203-3850573|+ -            865 196217               -            692         0 1221.6  12.3   1   3   9.2e-10   9.2e-10   25.7   6.2    16    81    44   118    35   214 0.63 <unknown description>
196217at5125_1610689_0:0005dd|CM010335.1:3846203-3850573|+ -            865 196217               -            692         0 1221.6  12.3   2   3   2.6e-30   2.6e-30   93.6   1.3    67   182   188   309   173   323 0.77 <unknown description>
196217at5125_1610689_0:0005dd|CM010335.1:3846203-3850573|+ -            865 196217               -            692         0 1221.6  12.3   3   3         0         0 1097.7   0.0   175   692   329   864   316   864 0.95 <unknown description>
196217at5125_1080344_0:000562|CM010335.1:3848551-3850573|+ -            675 196217               -            692         0 1193.2   1.1   1   2   2.9e-30   2.9e-30   93.5   0.3    85   182    16   119     1   133 0.76 <unknown description>
196217at5125_1080344_0:000562|CM010335.1:3848551-3850573|+ -            675 196217               -            692         0 1193.2   1.1   2   2         0         0 1098.8   0.0   175   692   139   674   126   674 0.95 <unknown description>
196217at5125_111463_0:0016e9|CM010335.1:3848983-3850573|+  -            531 196217               -            692         0 1096.1   0.1   1   1         0         0 1095.9   0.1   181   692     1   530     1   530 0.96 <unknown description>
196217at5125_101201_0:00032a|CM010335.1:3848026-3849607|+  -            528 196217               -            692  1.3e-173  567.3  20.7   1   3   1.4e-12   1.4e-12   35.0   9.1     2    82    11   104    10   199 0.61 <unknown description>
196217at5125_101201_0:00032a|CM010335.1:3848026-3849607|+  -            528 196217               -            692  1.3e-173  567.3  20.7   2   3   1.3e-30   1.3e-30   94.6   1.4    67   182   173   294   159   308 0.77 <unknown description>
196217at5125_101201_0:00032a|CM010335.1:3848026-3849607|+  -            528 196217               -            692  1.3e-173  567.3  20.7   3   3  3.7e-134  3.7e-134  436.9   1.0   175   383   314   528   301   528 0.94 <unknown description>
#
# Program:         hmmsearch
# Version:         3.4 (Aug 2023)
# Pipeline mode:   SEARCH
# Query file:      /home/arafat/busco_downloads/lineages/hypocreales_odb12.2/hmms/196217at5125.hmm
# Target file:     /home/arafat/Foxy_SIX_Evolution/results/busco/GCA_003315725.1/run_hypocreales_odb12.2/miniprot_output/translated_proteins/196217at5125.faa
# Option settings: hmmsearch --domtblout /home/arafat/Foxy_SIX_Evolution/results/busco/GCA_003315725.1/run_hypocreales_odb12.2/hmmer_output/196217at5125.out --cpu 1 /home/arafat/busco_downloads/lineages/hypocreales_odb12.2/hmms/196217at5125.hmm /home/arafat/Foxy_SIX_Evolution/results/busco/GCA_003315725.1/run_hypocreales_odb12.2/miniprot_output/translated_proteins/196217at5125.faa 
# Current dir:     /home/arafat/Foxy_SIX_Evolution
# Date:            Thu Sep 24 13:03:22 2026
# [ok]
