#                                                                                                                  --- full sequence --- -------------- this domain -------------   hmm coord   ali coord   env coord
# target name                                              accession   tlen query name           accession   qlen   E-value  score  bias   #  of  c-Evalue  i-Evalue  score  bias  from    to  from    to  from    to  acc description of target
#                                      ------------------- ---------- ----- -------------------- ---------- ----- --------- ------ ----- --- --- --------- --------- ------ ----- ----- ----- ----- ----- ----- ----- ---- ---------------------
197129at5125_100902_0:004d08|CM010335.1:5004862-5006773|-  -            602 197129               -            561         0 1075.1  14.9   1   1         0         0 1074.4  14.9     1   561     1   601     1   601 0.92 <unknown description>
197129at5125_1208366_0:001ed1|CM010335.1:5004862-5008783|- -           1049 197129               -            561         0 1073.0  14.2   1   1         0         0 1072.4  14.2     1   561   448  1048   448  1048 0.92 <unknown description>
197129at5125_1399860_0:001315|CM010335.1:5004865-5006341|- -            475 197129               -            561  1.3e-277  910.9  19.7   1   1  2.2e-277  2.2e-277  910.1  19.7   109   561     1   475     1   475 0.94 <unknown description>
197129at5125_92637_0:000f3a|CM010335.1:5005477-5006773|-   -            415 197129               -            561  1.2e-209  686.5   8.5   1   1  2.2e-209  2.2e-209  685.6   8.5     1   375     1   414     1   414 0.88 <unknown description>
197129at5125_83212_0:0005ae|CM010335.1:5004862-5005972|-   -            353 197129               -            561  2.9e-205  672.0  11.9   1   1  5.4e-205  5.4e-205  671.2  11.9   225   561     1   352     1   352 0.95 <unknown description>
197129at5125_1331945_0:000dd8|CM010335.1:5004862-5005672|- -            253 197129               -            561  7.2e-161  525.5  11.5   1   1    8e-161    8e-161  525.3  11.5   311   561     1   252     1   252 0.99 <unknown description>
197129at5125_1331945_0:000c97|CM010335.1:5005840-5006773|- -            294 197129               -            561  2.5e-146  477.5   3.4   1   1    3e-146    3e-146  477.2   3.4     1   268     1   293     1   294 0.89 <unknown description>
#
# Program:         hmmsearch
# Version:         3.4 (Aug 2023)
# Pipeline mode:   SEARCH
# Query file:      /home/arafat/busco_downloads/lineages/hypocreales_odb12.2/hmms/197129at5125.hmm
# Target file:     /home/arafat/Foxy_SIX_Evolution/results/busco/GCA_003315725.1/run_hypocreales_odb12.2/miniprot_output/translated_proteins/197129at5125.faa
# Option settings: hmmsearch --domtblout /home/arafat/Foxy_SIX_Evolution/results/busco/GCA_003315725.1/run_hypocreales_odb12.2/hmmer_output/197129at5125.out --cpu 1 /home/arafat/busco_downloads/lineages/hypocreales_odb12.2/hmms/197129at5125.hmm /home/arafat/Foxy_SIX_Evolution/results/busco/GCA_003315725.1/run_hypocreales_odb12.2/miniprot_output/translated_proteins/197129at5125.faa 
# Current dir:     /home/arafat/Foxy_SIX_Evolution
# Date:            Thu Sep 24 13:03:04 2026
# [ok]
