#                                                                                                                  --- full sequence --- -------------- this domain -------------   hmm coord   ali coord   env coord
# target name                                              accession   tlen query name           accession   qlen   E-value  score  bias   #  of  c-Evalue  i-Evalue  score  bias  from    to  from    to  from    to  acc description of target
#                                      ------------------- ---------- ----- -------------------- ---------- ----- --------- ------ ----- --- --- --------- --------- ------ ----- ----- ----- ----- ----- ----- ----- ---- ---------------------
197849at5125_1089452_0:00116d|CM010338.1:3645377-3648360|+ -            777 197849               -            815    3e-215  707.1  16.4   1   1  3.2e-215  3.6e-215  706.8  16.4     1   815    21   776    21   776 0.90 <unknown description>
197849at5125_2364996_0:002384|CM010338.1:3646154-3648360|+ -            704 197849               -            815  5.3e-210  689.7  11.8   1   1  5.7e-210  6.2e-210  689.5  11.8    68   815     3   703     1   703 0.90 <unknown description>
197849at5125_2030778_0:001142|CM010338.1:3646127-3650518|+ -           1070 197849               -            815    4e-209  686.8  10.0   1   3  3.7e-209    4e-209  686.8  10.0    53   802     2   702     1   708 0.90 <unknown description>
197849at5125_2030778_0:001142|CM010338.1:3646127-3650518|+ -           1070 197849               -            815    4e-209  686.8  10.0   2   3       7.6       8.4   -5.6   9.3    55   137   753   831   735   892 0.57 <unknown description>
197849at5125_2030778_0:001142|CM010338.1:3646127-3650518|+ -           1070 197849               -            815    4e-209  686.8  10.0   3   3        10        11   -7.9  16.8    14   228   781   988   768  1004 0.62 <unknown description>
197849at5125_1081102_0:0018b0|CM010335.1:4174773-4177047|- -            676 197849               -            815   1.1e-87  285.1   0.0   1   1   1.3e-87   1.5e-87  284.7   0.0   280   770   126   614    29   630 0.89 <unknown description>
197849at5125_983644_0:00052a|CM010335.1:4174932-4178333|-  -            437 197849               -            815   1.5e-86  281.4   0.0   1   1   1.7e-86   1.9e-86  281.1   0.0   396   763    60   421    16   434 0.91 <unknown description>
197849at5125_1649127_0:000019|CM010335.1:4174635-4176297|- -            482 197849               -            815   2.7e-86  280.5   0.3   1   1   3.1e-86   3.4e-86  280.2   0.3   348   770    25   445     5   479 0.82 <unknown description>
197849at5125_1610689_0:001276|CM010335.1:4174977-4176360|- -            439 197849               -            815     3e-85  277.1   1.9   1   1   3.2e-85   3.5e-85  276.9   1.9   346   752    21   428     3   439 0.87 <unknown description>
197849at5125_43265_0:000588|CM010335.1:4174947-4176741|-   -            482 197849               -            815   3.5e-84  273.5   6.4   1   1     1e-83   1.1e-83  271.8   6.5   368   759    80   468     9   481 0.84 <unknown description>
197849at5125_12942_0:002874|CM010335.1:4174947-4175982|-   -            346 197849               -            815   5.7e-84  272.8   1.0   1   1   6.1e-84   6.7e-84  272.6   1.0   427   759     4   332     1   345 0.94 <unknown description>
197849at5125_413071_0:000275|CM010335.1:4175142-4175955|-  -            272 197849               -            815   3.1e-75  244.0   5.9   1   1   3.1e-75   3.4e-75  243.8   5.9   433   707     1   271     1   272 0.98 <unknown description>
#
# Program:         hmmsearch
# Version:         3.4 (Aug 2023)
# Pipeline mode:   SEARCH
# Query file:      /home/arafat/busco_downloads/lineages/hypocreales_odb12.2/hmms/197849at5125.hmm
# Target file:     /home/arafat/Foxy_SIX_Evolution/results/busco/GCA_003315725.1/run_hypocreales_odb12.2/miniprot_output/translated_proteins/197849at5125.faa
# Option settings: hmmsearch --domtblout /home/arafat/Foxy_SIX_Evolution/results/busco/GCA_003315725.1/run_hypocreales_odb12.2/hmmer_output/197849at5125.out --cpu 1 /home/arafat/busco_downloads/lineages/hypocreales_odb12.2/hmms/197849at5125.hmm /home/arafat/Foxy_SIX_Evolution/results/busco/GCA_003315725.1/run_hypocreales_odb12.2/miniprot_output/translated_proteins/197849at5125.faa 
# Current dir:     /home/arafat/Foxy_SIX_Evolution
# Date:            Thu Sep 24 13:03:10 2026
# [ok]
