#                                                                                                                  --- full sequence --- -------------- this domain -------------   hmm coord   ali coord   env coord
# target name                                              accession   tlen query name           accession   qlen   E-value  score  bias   #  of  c-Evalue  i-Evalue  score  bias  from    to  from    to  from    to  acc description of target
#                                      ------------------- ---------- ----- -------------------- ---------- ----- --------- ------ ----- --- --- --------- --------- ------ ----- ----- ----- ----- ----- ----- ----- ---- ---------------------
198345at5125_1736662_0:002440|CM010335.1:1424456-1430652|+ -           1836 198345               -           1097         0 2158.2  10.3   1   2   6.3e-09   6.3e-09   22.8  11.6    25   107   656   737   638   741 0.77 <unknown description>
198345at5125_1736662_0:002440|CM010335.1:1424456-1430652|+ -           1836 198345               -           1097         0 2158.2  10.3   2   2         0         0 2133.7   0.0    18  1097   736  1835   733  1835 0.94 <unknown description>
198345at5125_1089452_0:0005fb|CM010335.1:1427119-1430652|+ -           1162 198345               -           1097         0 2157.5  11.0   1   2   2.5e-08   2.5e-08   20.8  11.6    46   107     2    63     1    68 0.87 <unknown description>
198345at5125_1089452_0:0005fb|CM010335.1:1427119-1430652|+ -           1162 198345               -           1097         0 2157.5  11.0   2   2         0         0 2135.9   0.0    18  1097    62  1161    59  1161 0.94 <unknown description>
198345at5125_1237068_0:002090|CM010335.1:1427119-1434032|+ -           1812 198345               -           1097         0 2155.2  10.6   1   2   3.7e-08   3.7e-08   20.3  11.5    46   107     2    63     1    68 0.87 <unknown description>
198345at5125_1237068_0:002090|CM010335.1:1427119-1434032|+ -           1812 198345               -           1097         0 2155.2  10.6   2   2         0         0 2133.8   0.0    18  1097    62  1161    59  1161 0.94 <unknown description>
198345at5125_2039874_0:000c75|CM010335.1:1415906-1430652|+ -           2478 198345               -           1097         0 2150.4  10.1   1   2   7.1e-07   7.1e-07   16.0  11.4    36   107  1308  1379  1296  1383 0.81 <unknown description>
198345at5125_2039874_0:000c75|CM010335.1:1415906-1430652|+ -           2478 198345               -           1097         0 2150.4  10.1   2   2         0         0 2132.6   0.0    18  1097  1378  2477  1375  2477 0.94 <unknown description>
198345at5125_93591_0:001dd1|CM010335.1:1428430-1429522|+   -            365 198345               -           1097  9.8e-241  790.4   0.3   1   1  1.1e-240  1.1e-240  790.3   0.3   376   739     2   365     1   365 1.00 <unknown description>
#
# Program:         hmmsearch
# Version:         3.4 (Aug 2023)
# Pipeline mode:   SEARCH
# Query file:      /home/arafat/busco_downloads/lineages/hypocreales_odb12.2/hmms/198345at5125.hmm
# Target file:     /home/arafat/Foxy_SIX_Evolution/results/busco/GCA_003315725.1/run_hypocreales_odb12.2/miniprot_output/translated_proteins/198345at5125.faa
# Option settings: hmmsearch --domtblout /home/arafat/Foxy_SIX_Evolution/results/busco/GCA_003315725.1/run_hypocreales_odb12.2/hmmer_output/198345at5125.out --cpu 1 /home/arafat/busco_downloads/lineages/hypocreales_odb12.2/hmms/198345at5125.hmm /home/arafat/Foxy_SIX_Evolution/results/busco/GCA_003315725.1/run_hypocreales_odb12.2/miniprot_output/translated_proteins/198345at5125.faa 
# Current dir:     /home/arafat/Foxy_SIX_Evolution
# Date:            Thu Sep 24 13:03:12 2026
# [ok]
