#                                                                                                                  --- full sequence --- -------------- this domain -------------   hmm coord   ali coord   env coord
# target name                                              accession   tlen query name           accession   qlen   E-value  score  bias   #  of  c-Evalue  i-Evalue  score  bias  from    to  from    to  from    to  acc description of target
#                                      ------------------- ---------- ----- -------------------- ---------- ----- --------- ------ ----- --- --- --------- --------- ------ ----- ----- ----- ----- ----- ----- ----- ---- ---------------------
200697at5125_1089452_0:0018a8|CM010339.1:1216383-1219386|- -            932 200697               -            578  1.4e-262  861.1  57.7   1   4      0.16      0.16   -0.9   5.9    14    52   129   167   118   171 0.84 <unknown description>
200697at5125_1089452_0:0018a8|CM010339.1:1216383-1219386|- -            932 200697               -            578  1.4e-262  861.1  57.7   2   4     1e-14     1e-14   42.7  32.9    10   159   150   321   142   325 0.71 <unknown description>
200697at5125_1089452_0:0018a8|CM010339.1:1216383-1219386|- -            932 200697               -            578  1.4e-262  861.1  57.7   3   4   0.00014   0.00014    9.2  15.0    39   157   314   431   296   442 0.80 <unknown description>
200697at5125_1089452_0:0018a8|CM010339.1:1216383-1219386|- -            932 200697               -            578  1.4e-262  861.1  57.7   4   4  1.8e-247  1.8e-247  811.2   0.1   146   578   453   931   429   931 0.90 <unknown description>
200697at5125_694270_0:0018ae|CM010339.1:1216383-1218774|-  -            728 200697               -            578  2.4e-262  860.3  32.3   1   3   1.1e-14   1.1e-14   42.6  11.4    52   160     4   118     1   123 0.78 <unknown description>
200697at5125_694270_0:0018ae|CM010339.1:1216383-1218774|-  -            728 200697               -            578  2.4e-262  860.3  32.3   2   3   5.4e-05   5.4e-05   10.6  13.8    40   157   111   227    98   241 0.82 <unknown description>
200697at5125_694270_0:0018ae|CM010339.1:1216383-1218774|-  -            728 200697               -            578  2.4e-262  860.3  32.3   3   3  9.8e-248  9.8e-248  812.0   0.1   146   578   249   727   231   727 0.90 <unknown description>
200697at5125_490622_0:0020cf|CM010339.1:1216383-1222475|-  -           1661 200697               -            578  5.6e-258  845.9  69.7   1   5         5         5   -6.8   7.3    29   135    68   177    33   231 0.62 <unknown description>
200697at5125_490622_0:0020cf|CM010339.1:1216383-1222475|-  -           1661 200697               -            578  5.6e-258  845.9  69.7   2   5      0.12      0.12   -0.4   4.4    14    52   858   896   847   899 0.84 <unknown description>
200697at5125_490622_0:0020cf|CM010339.1:1216383-1222475|-  -           1661 200697               -            578  5.6e-258  845.9  69.7   3   5   1.1e-14   1.1e-14   42.6  32.0    10   160   879  1051   872  1055 0.71 <unknown description>
200697at5125_490622_0:0020cf|CM010339.1:1216383-1222475|-  -           1661 200697               -            578  5.6e-258  845.9  69.7   4   5   0.00019   0.00019    8.8  13.8    40   157  1044  1160  1030  1166 0.81 <unknown description>
200697at5125_490622_0:0020cf|CM010339.1:1216383-1222475|-  -           1661 200697               -            578  5.6e-258  845.9  69.7   5   5  7.4e-247  7.4e-247  809.1   0.0   146   578  1182  1660  1178  1660 0.90 <unknown description>
200697at5125_61235_0:0027c5|CM010339.1:1216383-1217611|-   -            392 200697               -            578  2.6e-211  691.8   0.0   1   1  2.9e-211  2.9e-211  691.6   0.0   218   578     1   391     1   391 0.91 <unknown description>
200697at5125_2039875_0:0013c8|CM010339.1:1217671-1219326|- -            520 200697               -            578   5.7e-46  145.9  61.2   1   4      0.14      0.14   -0.6   6.8    14    52   109   147    97   152 0.83 <unknown description>
200697at5125_2039875_0:0013c8|CM010339.1:1217671-1219326|- -            520 200697               -            578   5.7e-46  145.9  61.2   2   4   4.1e-15   4.1e-15   44.0  33.1    10   159   130   301   122   305 0.71 <unknown description>
200697at5125_2039875_0:0013c8|CM010339.1:1217671-1219326|- -            520 200697               -            578   5.7e-46  145.9  61.2   3   4   2.5e-05   2.5e-05   11.7  13.6    40   157   295   411   281   430 0.82 <unknown description>
200697at5125_2039875_0:0013c8|CM010339.1:1217671-1219326|- -            520 200697               -            578   5.7e-46  145.9  61.2   4   4   2.8e-30   2.8e-30   94.0   0.5   146   216   433   519   410   519 0.88 <unknown description>
#
# Program:         hmmsearch
# Version:         3.4 (Aug 2023)
# Pipeline mode:   SEARCH
# Query file:      /home/arafat/busco_downloads/lineages/hypocreales_odb12.2/hmms/200697at5125.hmm
# Target file:     /home/arafat/Foxy_SIX_Evolution/results/busco/GCA_003315725.1/run_hypocreales_odb12.2/miniprot_output/translated_proteins/200697at5125.faa
# Option settings: hmmsearch --domtblout /home/arafat/Foxy_SIX_Evolution/results/busco/GCA_003315725.1/run_hypocreales_odb12.2/hmmer_output/200697at5125.out --cpu 1 /home/arafat/busco_downloads/lineages/hypocreales_odb12.2/hmms/200697at5125.hmm /home/arafat/Foxy_SIX_Evolution/results/busco/GCA_003315725.1/run_hypocreales_odb12.2/miniprot_output/translated_proteins/200697at5125.faa 
# Current dir:     /home/arafat/Foxy_SIX_Evolution
# Date:            Thu Sep 24 13:03:20 2026
# [ok]
