#                                                                                                                  --- full sequence --- -------------- this domain -------------   hmm coord   ali coord   env coord
# target name                                              accession   tlen query name           accession   qlen   E-value  score  bias   #  of  c-Evalue  i-Evalue  score  bias  from    to  from    to  from    to  acc description of target
#                                      ------------------- ---------- ----- -------------------- ---------- ----- --------- ------ ----- --- --- --------- --------- ------ ----- ----- ----- ----- ----- ----- ----- ---- ---------------------
202131at5125_426428_0:002fe1|CM010340.1:1800638-1803002|+  -            789 202131               -            657         0 1063.6  26.1   1   3   7.8e-42   7.8e-42  132.4   2.3     1    99     9   125     9   131 0.84 <unknown description>
202131at5125_426428_0:002fe1|CM010340.1:1800638-1803002|+  -            789 202131               -            657         0 1063.6  26.1   2   3  7.4e-276  7.4e-276  905.7   4.7    99   632   147   726   143   726 0.90 <unknown description>
202131at5125_426428_0:002fe1|CM010340.1:1800638-1803002|+  -            789 202131               -            657         0 1063.6  26.1   3   3     3e-18     3e-18   54.5   3.6   586   657   710   782   710   782 0.87 <unknown description>
202131at5125_1567552_0:00317f|CM010340.1:1796293-1802999|+ -           1280 202131               -            657         0 1058.5  21.4   1   3   1.4e-41   1.4e-41  131.6   2.2     1    99   501   617   501   624 0.84 <unknown description>
202131at5125_1567552_0:00317f|CM010340.1:1796293-1802999|+ -           1280 202131               -            657         0 1058.5  21.4   2   3    2e-275    2e-275  904.3   4.3    98   632   638  1218   634  1218 0.90 <unknown description>
202131at5125_1567552_0:00317f|CM010340.1:1796293-1802999|+ -           1280 202131               -            657         0 1058.5  21.4   3   3   1.3e-17   1.3e-17   52.4   3.2   587   657  1203  1274  1203  1274 0.87 <unknown description>
202131at5125_2039875_0:00081c|CM010340.1:1794402-1802996|+ -           1519 202131               -            657         0 1057.6  21.2   1   3   1.6e-41   1.6e-41  131.4   2.1     1    99   741   857   741   866 0.84 <unknown description>
202131at5125_2039875_0:00081c|CM010340.1:1794402-1802996|+ -           1519 202131               -            657         0 1057.6  21.2   2   3  2.8e-275  2.8e-275  903.8   4.2    98   632   878  1458   874  1458 0.90 <unknown description>
202131at5125_2039875_0:00081c|CM010340.1:1794402-1802996|+ -           1519 202131               -            657         0 1057.6  21.2   3   3   1.5e-17   1.5e-17   52.2   3.2   587   657  1443  1514  1443  1514 0.87 <unknown description>
202131at5125_2824670_0:004f73|CM010340.1:1801172-1803002|+ -            611 202131               -            657  2.9e-276  907.1  14.6   1   2  8.3e-264  8.3e-264  865.9   3.6   126   632     1   548     1   548 0.90 <unknown description>
202131at5125_2824670_0:004f73|CM010340.1:1801172-1803002|+ -            611 202131               -            657  2.9e-276  907.1  14.6   2   2   1.7e-18   1.7e-18   55.3   3.3   586   657   532   604   532   604 0.87 <unknown description>
202131at5125_63577_0:0022cc|CM010340.1:1800638-1802276|+   -            547 202131               -            657  8.9e-231  756.7   7.6   1   2   6.6e-42   6.6e-42  132.7   2.9     1    99     9   125     9   130 0.84 <unknown description>
202131at5125_63577_0:0022cc|CM010340.1:1800638-1802276|+   -            547 202131               -            657  8.9e-231  756.7   7.6   2   2  2.6e-191  2.6e-191  626.3   0.2    99   456   147   533   143   541 0.90 <unknown description>
202131at5125_2773459_0:001827|CM010340.1:1801655-1803002|+ -            450 202131               -            657    8e-204  667.7  23.8   1   2  1.6e-191  1.6e-191  627.0  12.8   271   632     1   387     1   387 0.91 <unknown description>
202131at5125_2773459_0:001827|CM010340.1:1801655-1803002|+ -            450 202131               -            657    8e-204  667.7  23.8   2   2   3.2e-18   3.2e-18   54.4   3.1   587   657   372   443   372   443 0.87 <unknown description>
202131at5125_2004952_0:0007da|CM010340.1:1801634-1802639|+ -            336 202131               -            657  2.1e-176  577.1   6.1   1   1  2.8e-176  2.8e-176  576.7   6.1   264   575     1   335     1   336 0.91 <unknown description>
202131at5125_2692428_0:002aa5|CM010340.1:1800638-1801754|+ -            373 202131               -            657  4.2e-143  467.1   5.7   1   2   3.3e-42   3.3e-42  133.7   2.9     1    99     9   125     9   130 0.84 <unknown description>
202131at5125_2692428_0:002aa5|CM010340.1:1800638-1801754|+ -            373 202131               -            657  4.2e-143  467.1   5.7   2   2  8.3e-103  8.3e-103  333.9   0.0    99   304   147   373   143   373 0.90 <unknown description>
202131at5125_2692428_0:002bdd|CM010340.1:1802075-1803002|+ -            310 202131               -            657  6.6e-124  403.6  16.4   1   2  8.1e-111  8.1e-111  360.4   5.1   403   632     1   247     1   247 0.90 <unknown description>
202131at5125_2692428_0:002bdd|CM010340.1:1802075-1803002|+ -            310 202131               -            657  6.6e-124  403.6  16.4   2   2   7.6e-19   7.6e-19   56.5   3.5   586   657   231   303   231   303 0.87 <unknown description>
202131at5125_2773459_0:002fc7|CM010340.1:1800638-1801160|+ -            175 202131               -            657   9.1e-45  142.1  11.0   1   2     1e-41     1e-41  132.0   7.2     1    99     9   125     9   130 0.84 <unknown description>
202131at5125_2773459_0:002fc7|CM010340.1:1800638-1801160|+ -            175 202131               -            657   9.1e-45  142.1  11.0   2   2   3.3e-05   3.3e-05   11.4   0.1    98   122   146   175   143   175 0.82 <unknown description>
#
# Program:         hmmsearch
# Version:         3.4 (Aug 2023)
# Pipeline mode:   SEARCH
# Query file:      /home/arafat/busco_downloads/lineages/hypocreales_odb12.2/hmms/202131at5125.hmm
# Target file:     /home/arafat/Foxy_SIX_Evolution/results/busco/GCA_003315725.1/run_hypocreales_odb12.2/miniprot_output/translated_proteins/202131at5125.faa
# Option settings: hmmsearch --domtblout /home/arafat/Foxy_SIX_Evolution/results/busco/GCA_003315725.1/run_hypocreales_odb12.2/hmmer_output/202131at5125.out --cpu 1 /home/arafat/busco_downloads/lineages/hypocreales_odb12.2/hmms/202131at5125.hmm /home/arafat/Foxy_SIX_Evolution/results/busco/GCA_003315725.1/run_hypocreales_odb12.2/miniprot_output/translated_proteins/202131at5125.faa 
# Current dir:     /home/arafat/Foxy_SIX_Evolution
# Date:            Thu Sep 24 13:03:28 2026
# [ok]
