#                                                                                                                  --- full sequence --- -------------- this domain -------------   hmm coord   ali coord   env coord
# target name                                              accession   tlen query name           accession   qlen   E-value  score  bias   #  of  c-Evalue  i-Evalue  score  bias  from    to  from    to  from    to  acc description of target
#                                      ------------------- ---------- ----- -------------------- ---------- ----- --------- ------ ----- --- --- --------- --------- ------ ----- ----- ----- ----- ----- ----- ----- ---- ---------------------
202245at5125_5507_5:00153e|CM010338.1:1532205-1538090|-    -           1688 202245               -            828         0 1284.9  23.9   1   3  8.1e-298  8.1e-298  979.3   0.5     5   500   496   995   492  1013 0.96 <unknown description>
202245at5125_5507_5:00153e|CM010338.1:1532205-1538090|-    -           1688 202245               -            828         0 1284.9  23.9   2   3   5.8e-88   5.8e-88  285.2   5.6   500   770  1272  1569  1237  1581 0.82 <unknown description>
202245at5125_5507_5:00153e|CM010338.1:1532205-1538090|-    -           1688 202245               -            828         0 1284.9  23.9   3   3   8.3e-11   8.3e-11   29.9   4.0   767   822  1598  1661  1580  1672 0.75 <unknown description>
202245at5125_5507_3:000f9d|CM010338.1:1532205-1536477|-    -           1344 202245               -            828         0 1275.0  35.3   1   4         9         9   -6.8   3.5   678   695    90   107    46   147 0.36 <unknown description>
202245at5125_5507_3:000f9d|CM010338.1:1532205-1536477|-    -           1344 202245               -            828         0 1275.0  35.3   2   4  5.1e-298  5.1e-298  980.0   0.5     5   500   152   651   148   669 0.96 <unknown description>
202245at5125_5507_3:000f9d|CM010338.1:1532205-1536477|-    -           1344 202245               -            828         0 1275.0  35.3   3   4     4e-88     4e-88  285.7   5.6   500   770   928  1225   893  1237 0.82 <unknown description>
202245at5125_5507_3:000f9d|CM010338.1:1532205-1536477|-    -           1344 202245               -            828         0 1275.0  35.3   4   4   6.3e-11   6.3e-11   30.3   4.0   767   822  1254  1317  1236  1328 0.75 <unknown description>
202245at5125_1089452_0:001356|CM010338.1:1534356-1536477|- -            708 202245               -            828  2.4e-298  981.1   1.8   1   2      0.39      0.39   -2.1   0.5   645   731    57   144    43   150 0.41 <unknown description>
202245at5125_1089452_0:001356|CM010338.1:1534356-1536477|- -            708 202245               -            828  2.4e-298  981.1   1.8   2   2  2.4e-298  2.4e-298  981.1   1.8     5   500   152   651   146   669 0.96 <unknown description>
202245at5125_413071_0:002fb6|CM010338.1:1534479-1536006|-  -            510 202245               -            828  3.4e-298  980.6   0.8   1   1  4.1e-298  4.1e-298  980.3   0.8    12   500     2   494     1   506 0.97 <unknown description>
202245at5125_61284_0:00141b|CM010338.1:1533595-1536477|-   -            880 202245               -            828  4.3e-298  980.2   1.7   1   1  4.3e-298  4.3e-298  980.2   1.7     5   500   152   651   148   668 0.96 <unknown description>
202245at5125_490622_0:00269f|CM010338.1:1533396-1538090|-  -           1339 202245               -            828  5.6e-298  979.9   0.8   1   2         9         9   -7.0   3.8   655   696   473   514   450   553 0.36 <unknown description>
202245at5125_490622_0:00269f|CM010338.1:1533396-1538090|-  -           1339 202245               -            828  5.6e-298  979.9   0.8   2   2  5.6e-298  5.6e-298  979.9   0.8     5   501   558  1058   554  1082 0.96 <unknown description>
202245at5125_1331945_0:002d37|CM010338.1:1534479-1538090|- -           1030 202245               -            828  8.7e-298  979.2   1.9   1   2         9         9   -8.6  10.1   523   734   296   510   242   513 0.64 <unknown description>
202245at5125_1331945_0:002d37|CM010338.1:1534479-1538090|- -           1030 202245               -            828  8.7e-298  979.2   1.9   2   2  8.7e-298  8.7e-298  979.2   1.9     5   499   515  1013   511  1026 0.96 <unknown description>
202245at5125_101201_0:000f80|CM010338.1:1534776-1536444|-  -            557 202245               -            828  4.6e-273  897.4   4.8   1   2      0.37      0.37   -2.0   0.8   645   731    46   133    33   139 0.41 <unknown description>
202245at5125_101201_0:000f80|CM010338.1:1534776-1536444|-  -            557 202245               -            828  4.6e-273  897.4   4.8   2   2  4.6e-273  4.6e-273  897.4   4.8     5   421   141   557   136   557 0.99 <unknown description>
202245at5125_150374_0:0003d5|CM010338.1:1534767-1535895|-  -            377 202245               -            828  1.2e-251  826.6   5.4   1   1  1.3e-251  1.3e-251  826.5   5.4    48   424     1   377     1   377 1.00 <unknown description>
#
# Program:         hmmsearch
# Version:         3.4 (Aug 2023)
# Pipeline mode:   SEARCH
# Query file:      /home/arafat/busco_downloads/lineages/hypocreales_odb12.2/hmms/202245at5125.hmm
# Target file:     /home/arafat/Foxy_SIX_Evolution/results/busco/GCA_003315725.1/run_hypocreales_odb12.2/miniprot_output/translated_proteins/202245at5125.faa
# Option settings: hmmsearch --domtblout /home/arafat/Foxy_SIX_Evolution/results/busco/GCA_003315725.1/run_hypocreales_odb12.2/hmmer_output/202245at5125.out --cpu 1 /home/arafat/busco_downloads/lineages/hypocreales_odb12.2/hmms/202245at5125.hmm /home/arafat/Foxy_SIX_Evolution/results/busco/GCA_003315725.1/run_hypocreales_odb12.2/miniprot_output/translated_proteins/202245at5125.faa 
# Current dir:     /home/arafat/Foxy_SIX_Evolution
# Date:            Thu Sep 24 13:03:29 2026
# [ok]
