#                                                                                                                --- full sequence --- -------------- this domain -------------   hmm coord   ali coord   env coord
# target name                                            accession   tlen query name           accession   qlen   E-value  score  bias   #  of  c-Evalue  i-Evalue  score  bias  from    to  from    to  from    to  acc description of target
#                                    ------------------- ---------- ----- -------------------- ---------- ----- --------- ------ ----- --- --- --------- --------- ------ ----- ----- ----- ----- ----- ----- ----- ---- ---------------------
202566at5125_1089452_0:001f1d|CM010341.1:821878-823242|+ -            422 202566               -            330  3.5e-184  601.2   6.6   1   2  1.8e-168  1.8e-168  549.6   1.6     3   286    11   310     9   316 0.94 <unknown description>
202566at5125_1089452_0:001f1d|CM010341.1:821878-823242|+ -            422 202566               -            330  3.5e-184  601.2   6.6   2   2   3.5e-17   3.5e-17   52.2   0.2   280   329   334   383   329   384 0.93 <unknown description>
202566at5125_1380566_0:001cef|CM010341.1:812812-823242|+ -            423 202566               -            330  3.6e-184  601.1   6.6   1   2  1.8e-168  1.8e-168  549.6   1.6     3   286    12   311    10   317 0.94 <unknown description>
202566at5125_1380566_0:001cef|CM010341.1:812812-823242|+ -            423 202566               -            330  3.6e-184  601.1   6.6   2   2   3.6e-17   3.6e-17   52.2   0.2   280   329   335   384   330   385 0.93 <unknown description>
202566at5125_2039875_0:00061b|CM010341.1:821166-823242|+ -            474 202566               -            330  6.3e-184  600.4   6.6   1   2  2.7e-168  2.7e-168  549.0   1.6     3   285    63   361    61   366 0.94 <unknown description>
202566at5125_2039875_0:00061b|CM010341.1:821166-823242|+ -            474 202566               -            330  6.3e-184  600.4   6.6   2   2   4.2e-17   4.2e-17   52.0   0.2   280   329   386   435   381   436 0.93 <unknown description>
202566at5125_1163406_0:001bb3|CM010341.1:818235-823242|+ -            473 202566               -            330  6.4e-184  600.3   6.6   1   2  2.7e-168  2.7e-168  549.0   1.6     3   285    62   360    60   365 0.94 <unknown description>
202566at5125_1163406_0:001bb3|CM010341.1:818235-823242|+ -            473 202566               -            330  6.4e-184  600.3   6.6   2   2   4.1e-17   4.1e-17   52.0   0.2   280   329   385   434   380   435 0.93 <unknown description>
202566at5125_122381_0:002ea3|CM010341.1:820109-823113|+  -            758 202566               -            330  1.9e-180  588.9   8.0   1   2  8.3e-168  8.3e-168  547.4   1.6     3   286   390   689   388   695 0.94 <unknown description>
202566at5125_122381_0:002ea3|CM010341.1:820109-823113|+  -            758 202566               -            330  1.9e-180  588.9   8.0   2   2   1.3e-14   1.3e-14   43.8   0.6   280   325   713   758   708   758 0.93 <unknown description>
202566at5125_1859967_0:0028fb|CM010341.1:821881-826338|+ -            422 202566               -            330  1.4e-177  579.5   5.3   1   2  1.8e-168  1.8e-168  549.6   1.6     3   286    10   309     8   315 0.94 <unknown description>
202566at5125_1859967_0:0028fb|CM010341.1:821881-826338|+ -            422 202566               -            330  1.4e-177  579.5   5.3   2   2   3.4e-10   3.4e-10   29.3   0.1   280   317   333   370   328   380 0.89 <unknown description>
202566at5125_83212_0:000088|CM010341.1:822152-823236|+   -            347 202566               -            330  1.9e-151  493.6  12.4   1   2  9.6e-136  9.6e-136  442.0   6.8    63   286     1   237     1   243 0.93 <unknown description>
202566at5125_83212_0:000088|CM010341.1:822152-823236|+   -            347 202566               -            330  1.9e-151  493.6  12.4   2   2   2.7e-17   2.7e-17   52.6   0.2   280   329   261   310   256   311 0.93 <unknown description>
202566at5125_1736662_0:00239a|CM010341.1:821878-822798|+ -            274 202566               -            330  3.8e-151  492.6   1.2   1   1  2.7e-150  2.7e-150  489.8   1.2     3   250    11   274     9   274 0.94 <unknown description>
202566at5125_2004951_0:000ceb|CM010341.1:821893-822594|+ -            201 202566               -            330  4.6e-122  397.0   0.2   1   1  5.3e-122  5.3e-122  396.8   0.2     3   195     6   201     4   201 0.99 <unknown description>
202566at5125_911162_0:0019ab|CM010341.1:821887-822362|+  -            141 202566               -            330   2.2e-79  256.7   0.2   1   1   2.5e-79   2.5e-79  256.5   0.2     3   132     8   140     6   141 0.98 <unknown description>
202566at5125_1399860_0:0015fb|CM010341.1:822498-823242|+ -            249 202566               -            330   3.1e-78  252.9   6.7   1   2   4.9e-62   4.9e-62  199.7   1.7   163   285     1   136     1   142 0.88 <unknown description>
202566at5125_1399860_0:0015fb|CM010341.1:822498-823242|+ -            249 202566               -            330   3.1e-78  252.9   6.7   2   2   1.6e-17   1.6e-17   53.4   0.2   280   329   161   210   156   211 0.93 <unknown description>
202566at5125_123648_0:001df0|CM010341.1:821902-822097|+  -             66 202566               -            330   2.7e-27   85.5   0.0   1   1   2.9e-27   2.9e-27   85.4   0.0     3    62     3    65     1    66 0.95 <unknown description>
#
# Program:         hmmsearch
# Version:         3.4 (Aug 2023)
# Pipeline mode:   SEARCH
# Query file:      /home/arafat/busco_downloads/lineages/hypocreales_odb12.2/hmms/202566at5125.hmm
# Target file:     /home/arafat/Foxy_SIX_Evolution/results/busco/GCA_003315725.1/run_hypocreales_odb12.2/miniprot_output/translated_proteins/202566at5125.faa
# Option settings: hmmsearch --domtblout /home/arafat/Foxy_SIX_Evolution/results/busco/GCA_003315725.1/run_hypocreales_odb12.2/hmmer_output/202566at5125.out --cpu 1 /home/arafat/busco_downloads/lineages/hypocreales_odb12.2/hmms/202566at5125.hmm /home/arafat/Foxy_SIX_Evolution/results/busco/GCA_003315725.1/run_hypocreales_odb12.2/miniprot_output/translated_proteins/202566at5125.faa 
# Current dir:     /home/arafat/Foxy_SIX_Evolution
# Date:            Thu Sep 24 13:03:31 2026
# [ok]
