#                                                                                                                  --- full sequence --- -------------- this domain -------------   hmm coord   ali coord   env coord
# target name                                              accession   tlen query name           accession   qlen   E-value  score  bias   #  of  c-Evalue  i-Evalue  score  bias  from    to  from    to  from    to  acc description of target
#                                      ------------------- ---------- ----- -------------------- ---------- ----- --------- ------ ----- --- --- --------- --------- ------ ----- ----- ----- ----- ----- ----- ----- ---- ---------------------
202672at5125_5507_3:0017fb|CM010336.1:2725122-2726434|-    -            421 202672               -            353    1e-188  614.5  16.3   1   3  5.3e-124  5.3e-124  401.6   5.0     1   225     5   247     5   254 0.89 <unknown description>
202672at5125_5507_3:0017fb|CM010336.1:2725122-2726434|-    -            421 202672               -            353    1e-188  614.5  16.3   2   3   3.4e-09   3.4e-09   24.0   0.7   211   258   254   302   242   309 0.77 <unknown description>
202672at5125_5507_3:0017fb|CM010336.1:2725122-2726434|-    -            421 202672               -            353    1e-188  614.5  16.3   3   3   1.2e-61   1.2e-61  196.5   0.1   251   353   318   420   310   420 0.94 <unknown description>
202672at5125_2773459_0:001646|CM010336.1:2725122-2726073|- -            318 202672               -            353  4.9e-147  477.4  11.5   1   2   9.5e-82   9.5e-82  262.6   1.4    84   226     3   145     1   161 0.94 <unknown description>
202672at5125_2773459_0:001646|CM010336.1:2725122-2726073|- -            318 202672               -            353  4.9e-147  477.4  11.5   2   2   1.9e-65   1.9e-65  209.1   4.4   211   353   151   317   139   317 0.79 <unknown description>
202672at5125_468837_0:001bd2|CM010336.1:2725122-2725581|-  -            154 202672               -            353   1.8e-68  219.0   4.6   1   2   2.5e-08   2.5e-08   21.1   0.8   225   258     1    35     1    43 0.87 <unknown description>
202672at5125_468837_0:001bd2|CM010336.1:2725122-2725581|-  -            154 202672               -            353   1.8e-68  219.0   4.6   2   2   1.2e-62   1.2e-62  199.8   0.2   250   353    50   153    42   153 0.94 <unknown description>
#
# Program:         hmmsearch
# Version:         3.4 (Aug 2023)
# Pipeline mode:   SEARCH
# Query file:      /home/arafat/busco_downloads/lineages/hypocreales_odb12.2/hmms/202672at5125.hmm
# Target file:     /home/arafat/Foxy_SIX_Evolution/results/busco/GCA_003315725.1/run_hypocreales_odb12.2/miniprot_output/translated_proteins/202672at5125.faa
# Option settings: hmmsearch --domtblout /home/arafat/Foxy_SIX_Evolution/results/busco/GCA_003315725.1/run_hypocreales_odb12.2/hmmer_output/202672at5125.out --cpu 1 /home/arafat/busco_downloads/lineages/hypocreales_odb12.2/hmms/202672at5125.hmm /home/arafat/Foxy_SIX_Evolution/results/busco/GCA_003315725.1/run_hypocreales_odb12.2/miniprot_output/translated_proteins/202672at5125.faa 
# Current dir:     /home/arafat/Foxy_SIX_Evolution
# Date:            Thu Sep 24 13:03:31 2026
# [ok]
