#                                                                                                                  --- full sequence --- -------------- this domain -------------   hmm coord   ali coord   env coord
# target name                                              accession   tlen query name           accession   qlen   E-value  score  bias   #  of  c-Evalue  i-Evalue  score  bias  from    to  from    to  from    to  acc description of target
#                                      ------------------- ---------- ----- -------------------- ---------- ----- --------- ------ ----- --- --- --------- --------- ------ ----- ----- ----- ----- ----- ----- ----- ---- ---------------------
204165at5125_1089452_0:0024e4|CM010336.1:1972384-1974283|- -            618 204165               -            479  1.2e-236  774.9   7.8   1   2   8.8e-81   8.8e-81  260.9   2.5     2   169     7   209     6   217 0.83 <unknown description>
204165at5125_1089452_0:0024e4|CM010336.1:1972384-1974283|- -            618 204165               -            479  1.2e-236  774.9   7.8   2   2  3.1e-158  3.1e-158  516.3   0.1   140   478   268   611   246   612 0.92 <unknown description>
204165at5125_5544_1:002b5b|CM010336.1:1972399-1973701|-    -            435 204165               -            479  1.1e-160  524.4  10.0   1   3   5.1e-05   5.1e-05   11.0   3.3   139   169     1    31     1    39 0.88 <unknown description>
204165at5125_5544_1:002b5b|CM010336.1:1972399-1973701|-    -            435 204165               -            479  1.1e-160  524.4  10.0   2   3      0.61      0.61   -2.4   0.3   133   161    35    63    26    80 0.53 <unknown description>
204165at5125_5544_1:002b5b|CM010336.1:1972399-1973701|-    -            435 204165               -            479  1.1e-160  524.4  10.0   3   3  1.1e-158  1.1e-158  517.8   0.1   139   478    89   433    67   434 0.92 <unknown description>
204165at5125_282268_0:000d5b|CM010336.1:1972384-1973437|-  -            352 204165               -            479  1.4e-158  517.5   0.0   1   1  1.6e-158  1.6e-158  517.2   0.0   146   478     7   345     2   346 0.94 <unknown description>
204165at5125_93591_0:000f15|CM010336.1:1972924-1974271|-   -            434 204165               -            479  2.8e-154  503.2  10.9   1   2   3.8e-81   3.8e-81  262.1   2.3     2   169     3   205     2   212 0.83 <unknown description>
204165at5125_93591_0:000f15|CM010336.1:1972924-1974271|-   -            434 204165               -            479  2.8e-154  503.2  10.9   2   2   3.3e-76   3.3e-76  245.8   0.6   139   309   263   434   241   434 0.88 <unknown description>
204165at5125_1896173_0:001f70|CM010336.1:1972402-1973230|- -            277 204165               -            479  2.6e-133  434.1   0.0   1   1  2.9e-133  2.9e-133  434.0   0.0   207   478     1   276     1   277 0.98 <unknown description>
204165at5125_1325734_0:003913|CM010336.1:1973494-1974277|- -            246 204165               -            479     6e-82  264.7   4.6   1   1   1.5e-81   1.5e-81  263.4   3.4     2   169     5   207     4   215 0.83 <unknown description>
204165at5125_1399860_1:000aba|CM010336.1:1973827-1974271|- -            133 204165               -            479   1.2e-60  194.5   7.1   1   1   7.7e-60   7.7e-60  191.8   7.1     2   107     3   133     2   133 0.88 <unknown description>
204165at5125_5544_1:002b6e|CM010336.1:1974004-1974268|-    -             89 204165               -            479   1.8e-39  124.6   1.6   1   1   1.2e-38   1.2e-38  122.0   1.6     2    72     2    84     1    87 0.82 <unknown description>
#
# Program:         hmmsearch
# Version:         3.4 (Aug 2023)
# Pipeline mode:   SEARCH
# Query file:      /home/arafat/busco_downloads/lineages/hypocreales_odb12.2/hmms/204165at5125.hmm
# Target file:     /home/arafat/Foxy_SIX_Evolution/results/busco/GCA_003315725.1/run_hypocreales_odb12.2/miniprot_output/translated_proteins/204165at5125.faa
# Option settings: hmmsearch --domtblout /home/arafat/Foxy_SIX_Evolution/results/busco/GCA_003315725.1/run_hypocreales_odb12.2/hmmer_output/204165at5125.out --cpu 1 /home/arafat/busco_downloads/lineages/hypocreales_odb12.2/hmms/204165at5125.hmm /home/arafat/Foxy_SIX_Evolution/results/busco/GCA_003315725.1/run_hypocreales_odb12.2/miniprot_output/translated_proteins/204165at5125.faa 
# Current dir:     /home/arafat/Foxy_SIX_Evolution
# Date:            Thu Sep 24 13:03:14 2026
# [ok]
