#                                                                                                                  --- full sequence --- -------------- this domain -------------   hmm coord   ali coord   env coord
# target name                                              accession   tlen query name           accession   qlen   E-value  score  bias   #  of  c-Evalue  i-Evalue  score  bias  from    to  from    to  from    to  acc description of target
#                                      ------------------- ---------- ----- -------------------- ---------- ----- --------- ------ ----- --- --- --------- --------- ------ ----- ----- ----- ----- ----- ----- ----- ---- ---------------------
204319at5125_1089452_0:003294|CM010342.1:1562360-1563501|+ -            364 204319               -            348  4.7e-190  620.5   0.9   1   1  5.3e-190  5.3e-190  620.3   0.9     1   348     1   363     1   363 0.92 <unknown description>
204319at5125_2364996_0:0028cc|CM010342.1:1562360-1564005|+ -            508 204319               -            348  8.1e-184  599.9   0.4   1   1    1e-183    1e-183  599.6   0.4     1   340     1   355     1   359 0.91 <unknown description>
204319at5125_1349383_0:00262f|CM010342.1:1562591-1563501|+ -            287 204319               -            348  3.8e-151  492.5   0.7   1   1  4.3e-151  4.3e-151  492.3   0.7    77   348     4   286     1   286 0.92 <unknown description>
204319at5125_62069_0:001497|CM010342.1:1562360-1563252|+   -            281 204319               -            348  6.3e-145  472.0   0.4   1   1  7.1e-145  7.1e-145  471.9   0.4     1   267     1   279     1   281 0.91 <unknown description>
204319at5125_2714763_0:0008b0|CM010342.1:1562855-1563501|+ -            199 204319               -            348  8.8e-118  382.8   0.2   1   1  9.8e-118  9.8e-118  382.6   0.2   154   348     1   198     1   198 0.96 <unknown description>
204319at5125_1079257_0:00435b|CM010342.1:1562360-1562960|+ -            201 204319               -            348   5.1e-94  304.6   2.4   1   1   5.7e-94   5.7e-94  304.5   2.4     1   189     1   201     1   201 0.89 <unknown description>
204319at5125_2559225_0:0003f5|CM010342.1:1563147-1563501|+ -            119 204319               -            348   1.7e-60  194.4   0.3   1   1   1.9e-60   1.9e-60  194.2   0.3   234   348     1   118     1   118 0.93 <unknown description>
#
# Program:         hmmsearch
# Version:         3.4 (Aug 2023)
# Pipeline mode:   SEARCH
# Query file:      /home/arafat/busco_downloads/lineages/hypocreales_odb12.2/hmms/204319at5125.hmm
# Target file:     /home/arafat/Foxy_SIX_Evolution/results/busco/GCA_003315725.1/run_hypocreales_odb12.2/miniprot_output/translated_proteins/204319at5125.faa
# Option settings: hmmsearch --domtblout /home/arafat/Foxy_SIX_Evolution/results/busco/GCA_003315725.1/run_hypocreales_odb12.2/hmmer_output/204319at5125.out --cpu 1 /home/arafat/busco_downloads/lineages/hypocreales_odb12.2/hmms/204319at5125.hmm /home/arafat/Foxy_SIX_Evolution/results/busco/GCA_003315725.1/run_hypocreales_odb12.2/miniprot_output/translated_proteins/204319at5125.faa 
# Current dir:     /home/arafat/Foxy_SIX_Evolution
# Date:            Thu Sep 24 13:03:15 2026
# [ok]
