#                                                                                                                  --- full sequence --- -------------- this domain -------------   hmm coord   ali coord   env coord
# target name                                              accession   tlen query name           accession   qlen   E-value  score  bias   #  of  c-Evalue  i-Evalue  score  bias  from    to  from    to  from    to  acc description of target
#                                      ------------------- ---------- ----- -------------------- ---------- ----- --------- ------ ----- --- --- --------- --------- ------ ----- ----- ----- ----- ----- ----- ----- ---- ---------------------
205087at5125_426428_0:000845|CM010335.1:3799548-3800412|+  -            289 205087               -            275  1.7e-141  459.8   0.0   1   1  1.7e-141  1.9e-141  459.6   0.0     1   275     1   287     1   287 0.94 <unknown description>
205087at5125_1079267_0:000019|CM010335.1:3798195-3800412|+ -            524 205087               -            275  1.1e-140  457.2   0.0   1   1  1.2e-140  1.3e-140  456.9   0.0     1   275   236   522   236   522 0.94 <unknown description>
205087at5125_2559224_0:001d05|CM010335.1:3785022-3800409|+ -            820 205087               -            275  2.7e-140  455.8   0.0   1   1  3.5e-140  3.8e-140  455.4   0.0     1   275   533   819   533   819 0.94 <unknown description>
205087at5125_72712_0:001ead|CM010335.1:3797535-3800412|+   -            811 205087               -            275  2.8e-140  455.8   0.0   1   1  3.4e-140  3.7e-140  455.4   0.0     1   275   523   809   523   809 0.94 <unknown description>
205087at5125_1294629_0:001316|CM010335.1:3791176-3800409|+ -            831 205087               -            275    3e-140  455.7   0.0   1   1  3.5e-140  3.9e-140  455.3   0.0     1   275   544   830   544   830 0.94 <unknown description>
205087at5125_1331945_0:00188f|CM010335.1:3798955-3800412|+ -            418 205087               -            275  3.9e-117  379.9   0.2   1   2   2.3e-51   2.6e-51  164.0   0.0     1   112   170   283   170   289 0.95 <unknown description>
205087at5125_1331945_0:00188f|CM010335.1:3798955-3800412|+ -            418 205087               -            275  3.9e-117  379.9   0.2   2   2   6.8e-67   7.5e-67  215.0   0.1   152   275   287   416   280   416 0.92 <unknown description>
205087at5125_42747_0:002bba|CM010335.1:3800010-3800412|+   -            135 205087               -            275   4.1e-68  219.1   0.1   1   1     4e-68   4.4e-68  219.0   0.1   154   275     6   133     1   133 0.92 <unknown description>
205087at5125_42747_0:002c05|CM010335.1:3799548-3799968|+   -            141 205087               -            275   8.9e-62  198.3   0.0   1   1     9e-62   9.9e-62  198.2   0.0     1   136     1   141     1   141 0.94 <unknown description>
205087at5125_2004952_0:00062d|CM010335.1:3798222-3799941|+ -            358 205087               -            275   9.2e-55  175.3   0.0   1   1   1.1e-54   1.2e-54  175.0   0.0     1   127   227   358   227   358 0.93 <unknown description>
205087at5125_468837_0:002120|CM010335.1:3800139-3800412|+  -             92 205087               -            275   8.1e-50  159.1   0.1   1   1   8.1e-50   8.9e-50  158.9   0.1   189   275     1    90     1    90 0.95 <unknown description>
#
# Program:         hmmsearch
# Version:         3.4 (Aug 2023)
# Pipeline mode:   SEARCH
# Query file:      /home/arafat/busco_downloads/lineages/hypocreales_odb12.2/hmms/205087at5125.hmm
# Target file:     /home/arafat/Foxy_SIX_Evolution/results/busco/GCA_003315725.1/run_hypocreales_odb12.2/miniprot_output/translated_proteins/205087at5125.faa
# Option settings: hmmsearch --domtblout /home/arafat/Foxy_SIX_Evolution/results/busco/GCA_003315725.1/run_hypocreales_odb12.2/hmmer_output/205087at5125.out --cpu 1 /home/arafat/busco_downloads/lineages/hypocreales_odb12.2/hmms/205087at5125.hmm /home/arafat/Foxy_SIX_Evolution/results/busco/GCA_003315725.1/run_hypocreales_odb12.2/miniprot_output/translated_proteins/205087at5125.faa 
# Current dir:     /home/arafat/Foxy_SIX_Evolution
# Date:            Thu Sep 24 13:03:20 2026
# [ok]
