#                                                                                                                  --- full sequence --- -------------- this domain -------------   hmm coord   ali coord   env coord
# target name                                              accession   tlen query name           accession   qlen   E-value  score  bias   #  of  c-Evalue  i-Evalue  score  bias  from    to  from    to  from    to  acc description of target
#                                      ------------------- ---------- ----- -------------------- ---------- ----- --------- ------ ----- --- --- --------- --------- ------ ----- ----- ----- ----- ----- ----- ----- ---- ---------------------
205212at5125_327505_0:000495|CM010335.1:1036589-1039276|+  -            826 205212               -            801  8.3e-294  966.6  19.0   1   1  9.4e-294  9.4e-294  966.4  19.0     1   801     1   825     1   825 0.89 <unknown description>
205212at5125_5544_2:001896|CM010335.1:1036589-1044868|+    -            793 205212               -            801  1.5e-288  949.2  15.4   1   1  1.8e-288  1.8e-288  948.9  15.4     1   756     1   781     1   789 0.89 <unknown description>
205212at5125_1283841_0:0007b2|CM010335.1:1036589-1038696|+ -            649 205212               -            801  8.1e-276  907.1  12.4   1   1  9.1e-276  9.1e-276  906.9  12.4     1   642     1   649     1   649 0.90 <unknown description>
205212at5125_101201_0:00198a|CM010335.1:1036589-1037655|+  -            302 205212               -            801  2.6e-205  673.8   5.5   1   1  2.9e-205  2.9e-205  673.7   5.5     1   296     1   299     1   302 0.97 <unknown description>
205212at5125_80388_0:002b14|CM010335.1:1037051-1038753|+   -            552 205212               -            801  3.8e-200  656.8   8.3   1   1  4.6e-200  4.6e-200  656.5   8.3   116   656     2   547     1   550 0.88 <unknown description>
205212at5125_1229664_0:000df9|CM010335.1:1036589-1037984|+ -            347 205212               -            801  1.6e-171  562.1  16.2   1   2  3.1e-150  3.1e-150  491.7  10.7     1   231     1   234     1   235 0.97 <unknown description>
205212at5125_1229664_0:000df9|CM010335.1:1036589-1037984|+ -            347 205212               -            801  1.6e-171  562.1  16.2   2   2   4.7e-24   4.7e-24   74.4   0.2   266   354   235   319   235   324 0.85 <unknown description>
205212at5125_93591_0:00183d|CM010335.1:1037394-1038696|+   -            435 205212               -            801  1.2e-140  460.0   0.1   1   1  1.3e-140  1.3e-140  459.9   0.1   212   642     1   435     1   435 0.87 <unknown description>
205212at5125_1229664_0:000dc9|CM010335.1:1038201-1039276|+ -            343 205212               -            801   2.8e-51  164.4   3.5   1   1   3.1e-51   3.1e-51  164.3   3.5   480   801     1   342     1   342 0.83 <unknown description>
#
# Program:         hmmsearch
# Version:         3.4 (Aug 2023)
# Pipeline mode:   SEARCH
# Query file:      /home/arafat/busco_downloads/lineages/hypocreales_odb12.2/hmms/205212at5125.hmm
# Target file:     /home/arafat/Foxy_SIX_Evolution/results/busco/GCA_003315725.1/run_hypocreales_odb12.2/miniprot_output/translated_proteins/205212at5125.faa
# Option settings: hmmsearch --domtblout /home/arafat/Foxy_SIX_Evolution/results/busco/GCA_003315725.1/run_hypocreales_odb12.2/hmmer_output/205212at5125.out --cpu 1 /home/arafat/busco_downloads/lineages/hypocreales_odb12.2/hmms/205212at5125.hmm /home/arafat/Foxy_SIX_Evolution/results/busco/GCA_003315725.1/run_hypocreales_odb12.2/miniprot_output/translated_proteins/205212at5125.faa 
# Current dir:     /home/arafat/Foxy_SIX_Evolution
# Date:            Thu Sep 24 13:03:21 2026
# [ok]
