#                                                                                                                  --- full sequence --- -------------- this domain -------------   hmm coord   ali coord   env coord
# target name                                              accession   tlen query name           accession   qlen   E-value  score  bias   #  of  c-Evalue  i-Evalue  score  bias  from    to  from    to  from    to  acc description of target
#                                      ------------------- ---------- ----- -------------------- ---------- ----- --------- ------ ----- --- --- --------- --------- ------ ----- ----- ----- ----- ----- ----- ----- ---- ---------------------
205640at5125_100902_0:001aa5|CM010339.1:3388918-3390556|-  -            547 205640               -            526  5.2e-277  908.9   8.4   1   1  4.7e-277  5.9e-277  908.8   8.4     1   525     1   545     1   546 0.94 <unknown description>
205640at5125_5507_0:003202|CM010339.1:3388358-3390556|-    -            554 205640               -            526  5.5e-277  908.8   8.4   1   1  4.9e-277  6.2e-277  908.7   8.4     1   525     1   545     1   546 0.94 <unknown description>
205640at5125_56676_0:0018ff|CM010339.1:3388918-3394596|-   -           1219 205640               -            526  5.6e-276  905.5   8.4   1   1  5.5e-276  6.9e-276  905.2   8.4     1   525   673  1217   673  1218 0.94 <unknown description>
205640at5125_655819_0:0011c6|CM010339.1:3388918-3390052|-  -            379 205640               -            526  7.3e-196  641.1   6.1   1   1  6.5e-196  8.2e-196  641.0   6.1   162   525     1   377     1   378 0.94 <unknown description>
205640at5125_1330021_0:002108|CM010339.1:3389236-3390310|- -            359 205640               -            526  2.5e-189  619.6   9.9   1   1  2.3e-189  2.8e-189  619.4   9.9    76   424     1   359     1   359 0.95 <unknown description>
205640at5125_96774_0:000baf|CM010339.1:3389476-3390556|-   -            361 205640               -            526  3.9e-172  562.8   3.4   1   1  3.5e-172  4.4e-172  562.7   3.4     1   345     1   361     1   361 0.94 <unknown description>
205640at5125_83212_0:001cbe|CM010339.1:3389809-3390556|-   -            250 205640               -            526  3.4e-118  384.8   5.6   1   1  3.1e-118  3.8e-118  384.7   5.6     1   237     1   249     1   250 0.92 <unknown description>
205640at5125_983965_0:00175f|CM010339.1:3390217-3390556|-  -            114 205640               -            526   6.4e-46  146.4   0.1   1   1   5.6e-46     7e-46  146.2   0.1     1   107     1   114     1   114 0.92 <unknown description>
#
# Program:         hmmsearch
# Version:         3.4 (Aug 2023)
# Pipeline mode:   SEARCH
# Query file:      /home/arafat/busco_downloads/lineages/hypocreales_odb12.2/hmms/205640at5125.hmm
# Target file:     /home/arafat/Foxy_SIX_Evolution/results/busco/GCA_003315725.1/run_hypocreales_odb12.2/miniprot_output/translated_proteins/205640at5125.faa
# Option settings: hmmsearch --domtblout /home/arafat/Foxy_SIX_Evolution/results/busco/GCA_003315725.1/run_hypocreales_odb12.2/hmmer_output/205640at5125.out --cpu 1 /home/arafat/busco_downloads/lineages/hypocreales_odb12.2/hmms/205640at5125.hmm /home/arafat/Foxy_SIX_Evolution/results/busco/GCA_003315725.1/run_hypocreales_odb12.2/miniprot_output/translated_proteins/205640at5125.faa 
# Current dir:     /home/arafat/Foxy_SIX_Evolution
# Date:            Thu Sep 24 13:03:22 2026
# [ok]
