#                                                                                                                  --- full sequence --- -------------- this domain -------------   hmm coord   ali coord   env coord
# target name                                              accession   tlen query name           accession   qlen   E-value  score  bias   #  of  c-Evalue  i-Evalue  score  bias  from    to  from    to  from    to  acc description of target
#                                      ------------------- ---------- ----- -------------------- ---------- ----- --------- ------ ----- --- --- --------- --------- ------ ----- ----- ----- ----- ----- ----- ----- ---- ---------------------
205747at5125_5507_3:0006c6|CM010335.1:3495336-3496244|-    -            283 205747               -            275  3.1e-122  396.3  18.9   1   1  3.7e-122  3.7e-122  396.1  18.9     2   274     3   281     2   282 0.94 <unknown description>
205747at5125_40199_0:0019b9|CM010335.1:3495537-3496244|-   -            216 205747               -            275  2.3e-100  324.6   8.6   1   1  2.7e-100  2.7e-100  324.4   8.6     2   217     3   216     2   216 0.94 <unknown description>
205747at5125_45235_0:001a23|CM010335.1:3495336-3501501|-   -            243 205747               -            275   1.4e-94  305.6  16.4   1   1   1.7e-94   1.7e-94  305.3  16.4    56   274    15   241     8   242 0.93 <unknown description>
205747at5125_94208_0:0005de|CM010335.1:3495336-3496017|-   -            228 205747               -            275   1.2e-93  302.5  18.3   1   1   1.4e-93   1.4e-93  302.3  18.3    58   274     2   226     1   227 0.93 <unknown description>
205747at5125_1276143_0:00106c|CM010335.1:3495687-3496244|- -            186 205747               -            275   1.7e-81  262.7  11.0   1   2   1.1e-22   1.1e-22   69.8   2.8     2    59     3    58     2    62 0.90 <unknown description>
205747at5125_1276143_0:00106c|CM010335.1:3495687-3496244|- -            186 205747               -            275   1.7e-81  262.7  11.0   2   2   8.4e-62   8.4e-62  198.1   1.2    50   167    69   185    66   186 0.93 <unknown description>
205747at5125_1736662_0:0022bd|CM010335.1:3495873-3496244|- -            104 205747               -            275   1.1e-51  164.9   0.9   1   1   1.3e-51   1.3e-51  164.7   0.9     2   102     3   103     2   104 0.93 <unknown description>
#
# Program:         hmmsearch
# Version:         3.4 (Aug 2023)
# Pipeline mode:   SEARCH
# Query file:      /home/arafat/busco_downloads/lineages/hypocreales_odb12.2/hmms/205747at5125.hmm
# Target file:     /home/arafat/Foxy_SIX_Evolution/results/busco/GCA_003315725.1/run_hypocreales_odb12.2/miniprot_output/translated_proteins/205747at5125.faa
# Option settings: hmmsearch --domtblout /home/arafat/Foxy_SIX_Evolution/results/busco/GCA_003315725.1/run_hypocreales_odb12.2/hmmer_output/205747at5125.out --cpu 1 /home/arafat/busco_downloads/lineages/hypocreales_odb12.2/hmms/205747at5125.hmm /home/arafat/Foxy_SIX_Evolution/results/busco/GCA_003315725.1/run_hypocreales_odb12.2/miniprot_output/translated_proteins/205747at5125.faa 
# Current dir:     /home/arafat/Foxy_SIX_Evolution
# Date:            Thu Sep 24 13:03:22 2026
# [ok]
