#                                                                                                                  --- full sequence --- -------------- this domain -------------   hmm coord   ali coord   env coord
# target name                                              accession   tlen query name           accession   qlen   E-value  score  bias   #  of  c-Evalue  i-Evalue  score  bias  from    to  from    to  from    to  acc description of target
#                                      ------------------- ---------- ----- -------------------- ---------- ----- --------- ------ ----- --- --- --------- --------- ------ ----- ----- ----- ----- ----- ----- ----- ---- ---------------------
207372at5125_47278_0:001e71|CM010337.1:2346275-2347423|+   -            368 207372               -            282    1e-125  408.0  23.4   1   2   2.8e-07   2.8e-07   19.5   0.8     1    58     1    58     1    71 0.71 <unknown description>
207372at5125_47278_0:001e71|CM010337.1:2346275-2347423|+   -            368 207372               -            282    1e-125  408.0  23.4   2   2  1.4e-120  1.4e-120  391.2  16.2     5   282    72   367    68   367 0.86 <unknown description>
207372at5125_2604345_0:00213a|CM010337.1:2345813-2347423|+ -            522 207372               -            282  1.5e-123  401.0  30.4   1   3      0.27      0.27   -0.2   0.6    93   111   128   146    62   153 0.51 <unknown description>
207372at5125_2604345_0:00213a|CM010337.1:2345813-2347423|+ -            522 207372               -            282  1.5e-123  401.0  30.4   2   3   4.6e-07   4.6e-07   18.8   0.7     1    57   155   211   155   221 0.70 <unknown description>
207372at5125_2604345_0:00213a|CM010337.1:2345813-2347423|+ -            522 207372               -            282  1.5e-123  401.0  30.4   3   3  3.4e-120  3.4e-120  389.9  15.9     5   282   226   521   222   521 0.86 <unknown description>
207372at5125_1043627_0:0027e4|CM010337.1:2340947-2347423|+ -            625 207372               -            282    1e-121  394.9  23.0   1   4       1.5       1.5   -2.6   0.8    27    52    85   110    73   125 0.44 <unknown description>
207372at5125_1043627_0:0027e4|CM010337.1:2340947-2347423|+ -            625 207372               -            282    1e-121  394.9  23.0   2   4      0.34      0.34   -0.5   0.6    93   111   231   249   165   256 0.52 <unknown description>
207372at5125_1043627_0:0027e4|CM010337.1:2340947-2347423|+ -            625 207372               -            282    1e-121  394.9  23.0   3   4   5.9e-07   5.9e-07   18.4   0.7     1    57   258   314   258   324 0.70 <unknown description>
207372at5125_1043627_0:0027e4|CM010337.1:2340947-2347423|+ -            625 207372               -            282    1e-121  394.9  23.0   4   4  4.3e-120  4.3e-120  389.6  15.6     5   282   329   624   325   624 0.86 <unknown description>
207372at5125_1089452_0:000d94|CM010337.1:2345134-2347423|+ -            715 207372               -            282  1.5e-121  394.4  22.6   1   4       1.8       1.8   -2.9   0.8    27    51   175   199   163   214 0.43 <unknown description>
207372at5125_1089452_0:000d94|CM010337.1:2345134-2347423|+ -            715 207372               -            282  1.5e-121  394.4  22.6   2   4       0.4       0.4   -0.7   0.6    93   111   321   339   255   346 0.52 <unknown description>
207372at5125_1089452_0:000d94|CM010337.1:2345134-2347423|+ -            715 207372               -            282  1.5e-121  394.4  22.6   3   4     7e-07     7e-07   18.2   0.7     1    57   348   404   348   414 0.70 <unknown description>
207372at5125_1089452_0:000d94|CM010337.1:2345134-2347423|+ -            715 207372               -            282  1.5e-121  394.4  22.6   4   4  4.5e-120  4.5e-120  389.5  15.2    21   282   436   714   415   714 0.86 <unknown description>
207372at5125_1081108_0:000419|CM010337.1:2346632-2347423|+ -            249 207372               -            282  6.8e-119  385.7  13.9   1   1  4.2e-118  4.2e-118  383.1  13.9    55   282     1   248     1   248 0.92 <unknown description>
207372at5125_660122_0:001523|CM010337.1:2346875-2347423|+  -            168 207372               -            282   1.1e-79  257.0   7.0   1   1   9.6e-79   9.6e-79  253.9   7.0   134   282     1   167     1   167 0.90 <unknown description>
207372at5125_61374_0:000bd0|CM010337.1:2346991-2347423|+   -            145 207372               -            282   1.5e-67  217.2   8.6   1   1   1.4e-66   1.4e-66  214.0   8.6   157   282     1   144     1   144 0.88 <unknown description>
207372at5125_61374_0:000915|CM010337.1:2345849-2346929|+   -            361 207372               -            282   5.1e-49  156.4  22.0   1   3      0.16      0.16    0.5   0.7    93   110   116   134    49   141 0.50 <unknown description>
207372at5125_61374_0:000915|CM010337.1:2345849-2346929|+   -            361 207372               -            282   5.1e-49  156.4  22.0   2   3   2.7e-07   2.7e-07   19.5   0.9     1    58   143   200   143   217 0.72 <unknown description>
207372at5125_61374_0:000915|CM010337.1:2345849-2346929|+   -            361 207372               -            282   5.1e-49  156.4  22.0   3   3   7.6e-46   7.6e-46  146.0   7.2     5   150   214   359   210   360 0.83 <unknown description>
207372at5125_2885761_0:000ea5|CM010337.1:2345373-2346929|+ -            497 207372               -            282   1.9e-47  151.2  14.6   1   4       1.1       1.1   -2.2   0.9    26    52   105   131    92   148 0.46 <unknown description>
207372at5125_2885761_0:000ea5|CM010337.1:2345373-2346929|+ -            497 207372               -            282   1.9e-47  151.2  14.6   2   4      0.26      0.26   -0.1   0.7    93   111   252   270   185   277 0.51 <unknown description>
207372at5125_2885761_0:000ea5|CM010337.1:2345373-2346929|+ -            497 207372               -            282   1.9e-47  151.2  14.6   3   4   4.1e-07   4.1e-07   18.9   0.7     1    58   279   336   279   347 0.70 <unknown description>
207372at5125_2885761_0:000ea5|CM010337.1:2345373-2346929|+ -            497 207372               -            282   1.9e-47  151.2  14.6   4   4   1.5e-45   1.5e-45  145.1   7.2     5   150   350   495   346   496 0.82 <unknown description>
207372at5125_150374_0:000b32|CM010337.1:2347234-2347423|+  -             64 207372               -            282   1.6e-42  135.1   2.3   1   1   1.7e-42   1.7e-42  135.0   2.3   220   282     1    63     1    63 0.98 <unknown description>
#
# Program:         hmmsearch
# Version:         3.4 (Aug 2023)
# Pipeline mode:   SEARCH
# Query file:      /home/arafat/busco_downloads/lineages/hypocreales_odb12.2/hmms/207372at5125.hmm
# Target file:     /home/arafat/Foxy_SIX_Evolution/results/busco/GCA_003315725.1/run_hypocreales_odb12.2/miniprot_output/translated_proteins/207372at5125.faa
# Option settings: hmmsearch --domtblout /home/arafat/Foxy_SIX_Evolution/results/busco/GCA_003315725.1/run_hypocreales_odb12.2/hmmer_output/207372at5125.out --cpu 1 /home/arafat/busco_downloads/lineages/hypocreales_odb12.2/hmms/207372at5125.hmm /home/arafat/Foxy_SIX_Evolution/results/busco/GCA_003315725.1/run_hypocreales_odb12.2/miniprot_output/translated_proteins/207372at5125.faa 
# Current dir:     /home/arafat/Foxy_SIX_Evolution
# Date:            Thu Sep 24 13:03:28 2026
# [ok]
