#                                                                                                                 --- full sequence --- -------------- this domain -------------   hmm coord   ali coord   env coord
# target name                                             accession   tlen query name           accession   qlen   E-value  score  bias   #  of  c-Evalue  i-Evalue  score  bias  from    to  from    to  from    to  acc description of target
#                                     ------------------- ---------- ----- -------------------- ---------- ----- --------- ------ ----- --- --- --------- --------- ------ ----- ----- ----- ----- ----- ----- ----- ---- ---------------------
20908at5125_100902_0:00418c|CM010342.1:1115200-1116684|+  -            443 20908                -            431  5.1e-291  953.0   1.1   1   1  6.2e-291  6.2e-291  952.7   1.1     6   431     9   436     3   436 0.99 <unknown description>
20908at5125_1080343_0:000cfa|CM010342.1:1112846-1116684|+ -            457 20908                -            431  1.4e-290  951.6   1.1   1   1  1.7e-290  1.7e-290  951.3   1.1     6   431    23   450    18   450 0.99 <unknown description>
20908at5125_1736662_0:001134|CM010342.1:1115200-1122764|+ -           1059 20908                -            431  2.6e-283  927.6   2.7   1   1  4.4e-282  4.4e-282  923.5   2.7     6   431     9   454     3   454 0.97 <unknown description>
20908at5125_92637_0:001626|CM010342.1:1115200-1116354|+   -            333 20908                -            431    1e-213  698.3   0.4   1   1  1.2e-213  1.2e-213  698.1   0.4     6   328     9   333     3   333 0.99 <unknown description>
20908at5125_1291519_0:001405|CM010342.1:1115677-1116684|+ -            303 20908                -            431  5.7e-204  666.2   2.6   1   1  6.4e-204  6.4e-204  666.0   2.6   138   431     1   296     1   296 1.00 <unknown description>
20908at5125_2885761_0:000be6|CM010342.1:1115200-1115989|+ -            245 20908                -            431  1.4e-144  470.5   0.5   1   1  1.8e-144  1.8e-144  470.1   0.5     6   230     9   233     3   240 0.98 <unknown description>
20908at5125_96774_0:00040d|CM010342.1:1116052-1116684|+   -            195 20908                -            431  2.9e-131  426.6   0.2   1   1  3.2e-131  3.2e-131  426.5   0.2   246   431     1   188     1   188 0.99 <unknown description>
#
# Program:         hmmsearch
# Version:         3.4 (Aug 2023)
# Pipeline mode:   SEARCH
# Query file:      /home/arafat/busco_downloads/lineages/hypocreales_odb12.2/hmms/20908at5125.hmm
# Target file:     /home/arafat/Foxy_SIX_Evolution/results/busco/GCA_003315725.1/run_hypocreales_odb12.2/miniprot_output/translated_proteins/20908at5125.faa
# Option settings: hmmsearch --domtblout /home/arafat/Foxy_SIX_Evolution/results/busco/GCA_003315725.1/run_hypocreales_odb12.2/hmmer_output/20908at5125.out --cpu 1 /home/arafat/busco_downloads/lineages/hypocreales_odb12.2/hmms/20908at5125.hmm /home/arafat/Foxy_SIX_Evolution/results/busco/GCA_003315725.1/run_hypocreales_odb12.2/miniprot_output/translated_proteins/20908at5125.faa 
# Current dir:     /home/arafat/Foxy_SIX_Evolution
# Date:            Thu Sep 24 13:03:30 2026
# [ok]
