#                                                                                                                  --- full sequence --- -------------- this domain -------------   hmm coord   ali coord   env coord
# target name                                              accession   tlen query name           accession   qlen   E-value  score  bias   #  of  c-Evalue  i-Evalue  score  bias  from    to  from    to  from    to  acc description of target
#                                      ------------------- ---------- ----- -------------------- ---------- ----- --------- ------ ----- --- --- --------- --------- ------ ----- ----- ----- ----- ----- ----- ----- ---- ---------------------
211097at5125_100902_0:001355|CM010336.1:3347647-3349247|+  -            473 211097               -            426  4.5e-255  834.9   0.4   1   1    7e-255    7e-255  834.3   0.4     1   425     1   472     1   472 0.92 <unknown description>
211097at5125_1567539_0:000c5c|CM010336.1:3344504-3349247|+ -            417 211097               -            426  3.4e-240  785.9  10.6   1   1  4.1e-240  4.1e-240  785.6  10.6    70   425    62   416    44   416 0.98 <unknown description>
211097at5125_1567541_0:00121e|CM010336.1:3346240-3349247|+ -            383 211097               -            426  6.8e-234  765.1  14.1   1   1    8e-234    8e-234  764.9  14.1    71   425    29   382     6   382 0.94 <unknown description>
211097at5125_1325737_0:000f1e|CM010336.1:3348148-3349244|+ -            333 211097               -            426    1e-232  761.2  16.6   1   1  1.2e-232  1.2e-232  761.1  16.6    94   425     2   333     1   333 0.99 <unknown description>
211097at5125_42672_0:0003b2|CM010336.1:3348091-3348955|+   -            273 211097               -            426  1.5e-184  602.5   9.8   1   1  1.7e-184  1.7e-184  602.4   9.8    76   346     4   273     1   273 0.99 <unknown description>
211097at5125_195108_0:001a8f|CM010336.1:3348442-3349244|+  -            235 211097               -            426    2e-164  536.2  15.9   1   1  2.3e-164  2.3e-164  536.1  15.9   191   425     1   235     1   235 1.00 <unknown description>
211097at5125_229533_0:002918|CM010336.1:3348745-3349247|+  -            135 211097               -            426   3.7e-92  298.1   6.0   1   1   4.1e-92   4.1e-92  298.0   6.0   292   425     1   134     1   134 0.99 <unknown description>
#
# Program:         hmmsearch
# Version:         3.4 (Aug 2023)
# Pipeline mode:   SEARCH
# Query file:      /home/arafat/busco_downloads/lineages/hypocreales_odb12.2/hmms/211097at5125.hmm
# Target file:     /home/arafat/Foxy_SIX_Evolution/results/busco/GCA_003315725.1/run_hypocreales_odb12.2/miniprot_output/translated_proteins/211097at5125.faa
# Option settings: hmmsearch --domtblout /home/arafat/Foxy_SIX_Evolution/results/busco/GCA_003315725.1/run_hypocreales_odb12.2/hmmer_output/211097at5125.out --cpu 1 /home/arafat/busco_downloads/lineages/hypocreales_odb12.2/hmms/211097at5125.hmm /home/arafat/Foxy_SIX_Evolution/results/busco/GCA_003315725.1/run_hypocreales_odb12.2/miniprot_output/translated_proteins/211097at5125.faa 
# Current dir:     /home/arafat/Foxy_SIX_Evolution
# Date:            Thu Sep 24 13:03:34 2026
# [ok]
