#                                                                                                                  --- full sequence --- -------------- this domain -------------   hmm coord   ali coord   env coord
# target name                                              accession   tlen query name           accession   qlen   E-value  score  bias   #  of  c-Evalue  i-Evalue  score  bias  from    to  from    to  from    to  acc description of target
#                                      ------------------- ---------- ----- -------------------- ---------- ----- --------- ------ ----- --- --- --------- --------- ------ ----- ----- ----- ----- ----- ----- ----- ---- ---------------------
211196at5125_100902_0:001f80|CM010338.1:3905604-3906406|-  -            182 211196               -            176  3.7e-113  364.0   1.6   1   1  4.1e-113  4.1e-113  363.9   1.6     1   176     1   181     1   181 0.98 <unknown description>
211196at5125_48490_0:002bbe|CM010338.1:3905787-3906406|-   -            140 211196               -            176     7e-87  278.4   1.6   1   1   7.6e-87   7.6e-87  278.3   1.6     1   133     1   138     1   140 0.96 <unknown description>
211196at5125_911162_0:001641|CM010338.1:3905675-3906250|-  -            160 211196               -            176   2.6e-59  188.6   1.4   1   2   1.2e-47   1.2e-47  150.7   0.3    35   110     1    80     1    85 0.96 <unknown description>
211196at5125_911162_0:001641|CM010338.1:3905675-3906250|-  -            160 211196               -            176   2.6e-59  188.6   1.4   2   2   7.3e-13   7.3e-13   37.4   0.0   106   138    94   126    82   142 0.86 <unknown description>
211196at5125_117187_0:001024|CM010338.1:3906112-3906406|-  -             65 211196               -            176     2e-38  120.6   0.9   1   1   2.3e-38   2.3e-38  120.4   0.9     1    58     1    58     1    61 0.98 <unknown description>
211196at5125_1042133_0:000b30|CM010338.1:3906181-3906406|- -             58 211196               -            176   4.1e-38  119.6   1.1   1   1   4.5e-38   4.5e-38  119.5   1.1     1    57     1    57     1    57 0.99 <unknown description>
211196at5125_398673_0:000a57|CM010338.1:3905604-3905733|-  -             44 211196               -            176   7.9e-24   73.1   0.0   1   1   8.3e-24   8.3e-24   73.0   0.0   135   176     2    43     1    43 0.98 <unknown description>
#
# Program:         hmmsearch
# Version:         3.4 (Aug 2023)
# Pipeline mode:   SEARCH
# Query file:      /home/arafat/busco_downloads/lineages/hypocreales_odb12.2/hmms/211196at5125.hmm
# Target file:     /home/arafat/Foxy_SIX_Evolution/results/busco/GCA_003315725.1/run_hypocreales_odb12.2/miniprot_output/translated_proteins/211196at5125.faa
# Option settings: hmmsearch --domtblout /home/arafat/Foxy_SIX_Evolution/results/busco/GCA_003315725.1/run_hypocreales_odb12.2/hmmer_output/211196at5125.out --cpu 1 /home/arafat/busco_downloads/lineages/hypocreales_odb12.2/hmms/211196at5125.hmm /home/arafat/Foxy_SIX_Evolution/results/busco/GCA_003315725.1/run_hypocreales_odb12.2/miniprot_output/translated_proteins/211196at5125.faa 
# Current dir:     /home/arafat/Foxy_SIX_Evolution
# Date:            Thu Sep 24 13:03:35 2026
# [ok]
