#                                                                                                                  --- full sequence --- -------------- this domain -------------   hmm coord   ali coord   env coord
# target name                                              accession   tlen query name           accession   qlen   E-value  score  bias   #  of  c-Evalue  i-Evalue  score  bias  from    to  from    to  from    to  acc description of target
#                                      ------------------- ---------- ----- -------------------- ---------- ----- --------- ------ ----- --- --- --------- --------- ------ ----- ----- ----- ----- ----- ----- ----- ---- ---------------------
211269at5125_100902_0:001501|CM010337.1:1460363-1461881|-  -            453 211269               -            451  2.9e-295  968.3   0.6   1   1  3.4e-295  3.4e-295  968.1   0.6     1   450     1   450     1   451 1.00 <unknown description>
211269at5125_1237068_0:00224b|CM010337.1:1458940-1461881|- -            683 211269               -            451  1.1e-294  966.3   0.6   1   1  1.4e-294  1.4e-294  966.0   0.6     1   450     1   450     1   451 1.00 <unknown description>
211269at5125_1325734_0:0005be|CM010337.1:1460369-1463622|- -            656 211269               -            451    4e-291  954.6   0.8   1   1  5.3e-291  5.3e-291  954.3   0.8     9   450   214   655   207   656 0.99 <unknown description>
211269at5125_1081102_0:001ff7|CM010338.1:62685-64110|-     -            417 211269               -            451  3.7e-213  697.7   0.0   1   1  4.1e-213  4.1e-213  697.5   0.0     2   414     3   416     2   417 0.99 <unknown description>
211269at5125_123648_0:001e48|CM010337.1:1460925-1461881|-  -            283 211269               -            451  6.5e-191  624.3   0.1   1   1  7.3e-191  7.3e-191  624.2   0.1     1   282     1   282     1   283 1.00 <unknown description>
211269at5125_911162_0:000aa9|CM010337.1:1460366-1461192|-  -            259 211269               -            451  9.9e-163  531.4   0.9   1   1  1.1e-162  1.1e-162  531.2   0.9   194   450     1   257     1   258 0.99 <unknown description>
211269at5125_1576542_0:001cf8|CM010338.1:62562-63455|-     -            277 211269               -            451  4.5e-127  413.9   0.1   1   1  5.3e-127  5.3e-127  413.7   0.1   180   441     1   262     1   270 0.99 <unknown description>
211269at5125_1276143_0:001b36|CM010337.1:1461243-1461784|- -            165 211269               -            451  4.3e-109  354.6   0.1   1   1  4.7e-109  4.7e-109  354.5   0.1    13   177     1   165     1   165 1.00 <unknown description>
211269at5125_123648_0:001695|CM010337.1:1460363-1460873|-  -            171 211269               -            451  4.9e-100  324.8   1.6   1   1  5.6e-100  5.6e-100  324.6   1.6   283   450     1   168     1   169 0.99 <unknown description>
211269at5125_1276143_0:001b36|CM010338.1:63503-64113|-     -            184 211269               -            451   3.1e-83  269.4   0.0   1   1   3.7e-83   3.7e-83  269.1   0.0     2   176     4   179     3   183 0.98 <unknown description>
211269at5125_93591_0:001575|CM010337.1:1461402-1461784|-   -            112 211269               -            451   2.7e-73  236.6   0.2   1   1   2.9e-73   2.9e-73  236.5   0.2    13   124     1   112     1   112 1.00 <unknown description>
211269at5125_396571_0:001b1e|CM010338.1:62562-63164|-      -            180 211269               -            451   7.5e-67  215.4   0.3   1   1   8.8e-67   8.8e-67  215.2   0.3   277   441     1   165     1   173 0.99 <unknown description>
211269at5125_655827_0:001e09|CM010337.1:1461498-1461784|-  -             80 211269               -            451   6.9e-49  156.2   0.0   1   1   7.6e-49   7.6e-49  156.0   0.0    13    92     1    80     1    80 0.99 <unknown description>
#
# Program:         hmmsearch
# Version:         3.4 (Aug 2023)
# Pipeline mode:   SEARCH
# Query file:      /home/arafat/busco_downloads/lineages/hypocreales_odb12.2/hmms/211269at5125.hmm
# Target file:     /home/arafat/Foxy_SIX_Evolution/results/busco/GCA_003315725.1/run_hypocreales_odb12.2/miniprot_output/translated_proteins/211269at5125.faa
# Option settings: hmmsearch --domtblout /home/arafat/Foxy_SIX_Evolution/results/busco/GCA_003315725.1/run_hypocreales_odb12.2/hmmer_output/211269at5125.out --cpu 1 /home/arafat/busco_downloads/lineages/hypocreales_odb12.2/hmms/211269at5125.hmm /home/arafat/Foxy_SIX_Evolution/results/busco/GCA_003315725.1/run_hypocreales_odb12.2/miniprot_output/translated_proteins/211269at5125.faa 
# Current dir:     /home/arafat/Foxy_SIX_Evolution
# Date:            Thu Sep 24 13:03:36 2026
# [ok]
