#                                                                                                                  --- full sequence --- -------------- this domain -------------   hmm coord   ali coord   env coord
# target name                                              accession   tlen query name           accession   qlen   E-value  score  bias   #  of  c-Evalue  i-Evalue  score  bias  from    to  from    to  from    to  acc description of target
#                                      ------------------- ---------- ----- -------------------- ---------- ----- --------- ------ ----- --- --- --------- --------- ------ ----- ----- ----- ----- ----- ----- ----- ---- ---------------------
211395at5125_47803_0:0019eb|CM010339.1:3255471-3256135|-   -            158 211395               -             96   1.2e-61  193.7   2.1   1   2   1.5e-08   1.5e-08   23.5   0.1     1    18     1    18     1    28 0.90 <unknown description>
211395at5125_47803_0:0019eb|CM010339.1:3255471-3256135|-   -            158 211395               -             96   1.2e-61  193.7   2.1   2   2   2.7e-54   2.7e-54  170.1   0.3     6    96    67   157    62   157 0.97 <unknown description>
211395at5125_1247861_0:001157|CM010339.1:3251863-3256238|- -            558 211395               -             96   2.2e-58  183.2   0.1   1   1   4.1e-58   4.1e-58  182.4   0.1     1    92    35   126    35   130 0.98 <unknown description>
211395at5125_1053134_0:000824|CM010339.1:3255471-3256375|- -            208 211395               -             96   6.4e-53  165.7   0.3   1   1     1e-52     1e-52  165.1   0.3     9    96   119   207   112   207 0.92 <unknown description>
211395at5125_660025_0:0009f4|CM010339.1:3255471-3255803|-  -             71 211395               -             96     1e-43  136.2   0.6   1   1   1.1e-43   1.1e-43  136.1   0.6    27    96     1    70     1    70 0.99 <unknown description>
211395at5125_96317_0:003969|CM010339.1:3255653-3256135|-   -            110 211395               -             96     1e-41  129.8   1.7   1   2     9e-09     9e-09   24.2   0.1     1    17     1    17     1    34 0.91 <unknown description>
211395at5125_96317_0:003969|CM010339.1:3255653-3256135|-   -            110 211395               -             96     1e-41  129.8   1.7   2   2   4.1e-34   4.1e-34  105.4   0.2    14    68    47   101    45   106 0.95 <unknown description>
#
# Program:         hmmsearch
# Version:         3.4 (Aug 2023)
# Pipeline mode:   SEARCH
# Query file:      /home/arafat/busco_downloads/lineages/hypocreales_odb12.2/hmms/211395at5125.hmm
# Target file:     /home/arafat/Foxy_SIX_Evolution/results/busco/GCA_003315725.1/run_hypocreales_odb12.2/miniprot_output/translated_proteins/211395at5125.faa
# Option settings: hmmsearch --domtblout /home/arafat/Foxy_SIX_Evolution/results/busco/GCA_003315725.1/run_hypocreales_odb12.2/hmmer_output/211395at5125.out --cpu 1 /home/arafat/busco_downloads/lineages/hypocreales_odb12.2/hmms/211395at5125.hmm /home/arafat/Foxy_SIX_Evolution/results/busco/GCA_003315725.1/run_hypocreales_odb12.2/miniprot_output/translated_proteins/211395at5125.faa 
# Current dir:     /home/arafat/Foxy_SIX_Evolution
# Date:            Thu Sep 24 13:03:12 2026
# [ok]
