#                                                                                                                --- full sequence --- -------------- this domain -------------   hmm coord   ali coord   env coord
# target name                                            accession   tlen query name           accession   qlen   E-value  score  bias   #  of  c-Evalue  i-Evalue  score  bias  from    to  from    to  from    to  acc description of target
#                                    ------------------- ---------- ----- -------------------- ---------- ----- --------- ------ ----- --- --- --------- --------- ------ ----- ----- ----- ----- ----- ----- ----- ---- ---------------------
212402at5125_1089452_0:00260d|CM010342.1:615421-616821|- -            449 212402               -            436  2.3e-264  866.0   0.0   1   1  2.3e-264  2.6e-264  865.8   0.0     1   435     1   443     1   444 0.98 <unknown description>
212402at5125_1610689_0:002087|CM010342.1:615421-619709|- -            830 212402               -            436  1.5e-263  863.3   0.0   1   1  1.7e-263  1.9e-263  863.0   0.0     1   435   382   824   382   825 0.98 <unknown description>
212402at5125_1247861_0:002713|CM010342.1:615421-623560|- -            511 212402               -            436  6.8e-263  861.1   0.0   1   1  7.7e-263  8.8e-263  860.8   0.0     3   435    65   505    64   506 0.98 <unknown description>
212402at5125_1291518_0:002008|CM010342.1:613199-616821|- -            862 212402               -            436  4.5e-250  818.9   0.0   1   1    6e-250  6.8e-250  818.3   0.0     1   414     1   419     1   426 0.98 <unknown description>
212402at5125_96774_0:0000ac|CM010342.1:615430-616537|-   -            370 212402               -            436  5.7e-214  699.9   0.1   1   1  5.8e-214  6.6e-214  699.7   0.1    78   435     2   367     1   368 0.97 <unknown description>
212402at5125_468837_0:000a1d|CM010342.1:615421-616132|-  -            238 212402               -            436  1.3e-136  445.0   0.2   1   1  1.4e-136  1.5e-136  444.8   0.2   209   435     2   232     1   233 0.97 <unknown description>
212402at5125_911162_0:001852|CM010342.1:615421-615979|-  -            187 212402               -            436  6.2e-114  370.3   0.3   1   1  6.2e-114  7.1e-114  370.1   0.3   258   435     1   181     1   182 0.98 <unknown description>
#
# Program:         hmmsearch
# Version:         3.4 (Aug 2023)
# Pipeline mode:   SEARCH
# Query file:      /home/arafat/busco_downloads/lineages/hypocreales_odb12.2/hmms/212402at5125.hmm
# Target file:     /home/arafat/Foxy_SIX_Evolution/results/busco/GCA_003315725.1/run_hypocreales_odb12.2/miniprot_output/translated_proteins/212402at5125.faa
# Option settings: hmmsearch --domtblout /home/arafat/Foxy_SIX_Evolution/results/busco/GCA_003315725.1/run_hypocreales_odb12.2/hmmer_output/212402at5125.out --cpu 1 /home/arafat/busco_downloads/lineages/hypocreales_odb12.2/hmms/212402at5125.hmm /home/arafat/Foxy_SIX_Evolution/results/busco/GCA_003315725.1/run_hypocreales_odb12.2/miniprot_output/translated_proteins/212402at5125.faa 
# Current dir:     /home/arafat/Foxy_SIX_Evolution
# Date:            Thu Sep 24 13:03:28 2026
# [ok]
