#                                                                                                                  --- full sequence --- -------------- this domain -------------   hmm coord   ali coord   env coord
# target name                                              accession   tlen query name           accession   qlen   E-value  score  bias   #  of  c-Evalue  i-Evalue  score  bias  from    to  from    to  from    to  acc description of target
#                                      ------------------- ---------- ----- -------------------- ---------- ----- --------- ------ ----- --- --- --------- --------- ------ ----- ----- ----- ----- ----- ----- ----- ---- ---------------------
212574at5125_1080343_0:003274|CM010339.1:3511101-3511612|+ -            153 212574               -             99   7.6e-57  178.7  18.5   1   3   6.4e-26   6.4e-26   79.5   5.4     6    47    22    63     6    75 0.91 <unknown description>
212574at5125_1080343_0:003274|CM010339.1:3511101-3511612|+ -            153 212574               -             99   7.6e-57  178.7  18.5   2   3   3.1e-15   3.1e-15   45.2   1.1    42    71    77   106    67   118 0.80 <unknown description>
212574at5125_1080343_0:003274|CM010339.1:3511101-3511612|+ -            153 212574               -             99   7.6e-57  178.7  18.5   3   3     1e-20     1e-20   62.8   0.2    66    99   119   152   112   152 0.95 <unknown description>
212574at5125_485398_0:003261|CM010339.1:3510870-3511612|+  -            179 212574               -             99   5.6e-56  176.0  20.2   1   4       5.7       5.7   -3.7   0.0     1     9    32    40    32    42 0.82 <unknown description>
212574at5125_485398_0:003261|CM010339.1:3510870-3511612|+  -            179 212574               -             99   5.6e-56  176.0  20.2   2   4   6.5e-26   6.5e-26   79.5   4.7     6    47    48    89    43   100 0.91 <unknown description>
212574at5125_485398_0:003261|CM010339.1:3510870-3511612|+  -            179 212574               -             99   5.6e-56  176.0  20.2   3   4   3.4e-15   3.4e-15   45.1   0.9    41    71   102   132    91   145 0.80 <unknown description>
212574at5125_485398_0:003261|CM010339.1:3510870-3511612|+  -            179 212574               -             99   5.6e-56  176.0  20.2   4   4   1.4e-20   1.4e-20   62.4   0.2    66    99   145   178   139   178 0.95 <unknown description>
212574at5125_96318_0:001381|CM010339.1:3510191-3511612|+   -            203 212574               -             99   8.4e-56  175.4  20.4   1   4       1.6       1.6   -1.9   0.0    87    87    54    54    26    66 0.48 <unknown description>
212574at5125_96318_0:001381|CM010339.1:3510191-3511612|+   -            203 212574               -             99   8.4e-56  175.4  20.4   2   4   7.9e-26   7.9e-26   79.2   4.7     6    47    72   113    67   124 0.91 <unknown description>
212574at5125_96318_0:001381|CM010339.1:3510191-3511612|+   -            203 212574               -             99   8.4e-56  175.4  20.4   3   4   4.6e-15   4.6e-15   44.7   1.0    42    71   127   156   115   168 0.81 <unknown description>
212574at5125_96318_0:001381|CM010339.1:3510191-3511612|+   -            203 212574               -             99   8.4e-56  175.4  20.4   4   4   1.7e-20   1.7e-20   62.1   0.2    66    99   169   202   163   202 0.95 <unknown description>
212574at5125_327505_0:0020a0|CM010339.1:3509249-3511612|+  -            344 212574               -             99   1.3e-55  174.8  17.7   1   3   1.9e-25   1.9e-25   78.0   4.7     6    47   213   254   208   265 0.91 <unknown description>
212574at5125_327505_0:0020a0|CM010339.1:3509249-3511612|+  -            344 212574               -             99   1.3e-55  174.8  17.7   2   3     1e-14     1e-14   43.6   0.9    42    71   268   297   258   310 0.81 <unknown description>
212574at5125_327505_0:0020a0|CM010339.1:3509249-3511612|+  -            344 212574               -             99   1.3e-55  174.8  17.7   3   3   3.7e-20   3.7e-20   61.0   0.2    66    99   310   343   304   343 0.95 <unknown description>
212574at5125_47803_0:002e1e|CM010339.1:3511101-3512079|+   -            165 212574               -             99   1.3e-38  120.3  12.7   1   2   7.9e-26   7.9e-26   79.2   5.2     6    46    22    62     6    68 0.91 <unknown description>
212574at5125_47803_0:002e1e|CM010339.1:3511101-3512079|+   -            165 212574               -             99   1.3e-38  120.3  12.7   2   2   2.5e-15   2.5e-15   45.5   0.8    41    74    76   109    65   117 0.86 <unknown description>
212574at5125_1567544_0:002e39|CM010339.1:3511101-3512413|+ -            217 212574               -             99     2e-38  119.7  12.0   1   2   8.5e-26   8.5e-26   79.1   4.4     6    46    22    62    17    66 0.91 <unknown description>
212574at5125_1567544_0:002e39|CM010339.1:3511101-3512413|+ -            217 212574               -             99     2e-38  119.7  12.0   2   2   4.4e-15   4.4e-15   44.7   0.9    42    74    77   109    65   115 0.86 <unknown description>
212574at5125_2004952_0:000c40|CM010339.1:3511101-3511465|+ -            104 212574               -             99   5.1e-38  118.4  14.8   1   2   2.9e-26   2.9e-26   80.7   5.5     6    47    22    63     6    74 0.91 <unknown description>
212574at5125_2004952_0:000c40|CM010339.1:3511101-3511465|+ -            104 212574               -             99   5.1e-38  118.4  14.8   2   2   1.3e-14   1.3e-14   43.2   2.1    41    67    76   102    65   104 0.88 <unknown description>
#
# Program:         hmmsearch
# Version:         3.4 (Aug 2023)
# Pipeline mode:   SEARCH
# Query file:      /home/arafat/busco_downloads/lineages/hypocreales_odb12.2/hmms/212574at5125.hmm
# Target file:     /home/arafat/Foxy_SIX_Evolution/results/busco/GCA_003315725.1/run_hypocreales_odb12.2/miniprot_output/translated_proteins/212574at5125.faa
# Option settings: hmmsearch --domtblout /home/arafat/Foxy_SIX_Evolution/results/busco/GCA_003315725.1/run_hypocreales_odb12.2/hmmer_output/212574at5125.out --cpu 1 /home/arafat/busco_downloads/lineages/hypocreales_odb12.2/hmms/212574at5125.hmm /home/arafat/Foxy_SIX_Evolution/results/busco/GCA_003315725.1/run_hypocreales_odb12.2/miniprot_output/translated_proteins/212574at5125.faa 
# Current dir:     /home/arafat/Foxy_SIX_Evolution
# Date:            Thu Sep 24 13:03:31 2026
# [ok]
