#                                                                                                                --- full sequence --- -------------- this domain -------------   hmm coord   ali coord   env coord
# target name                                            accession   tlen query name           accession   qlen   E-value  score  bias   #  of  c-Evalue  i-Evalue  score  bias  from    to  from    to  from    to  acc description of target
#                                    ------------------- ---------- ----- -------------------- ---------- ----- --------- ------ ----- --- --- --------- --------- ------ ----- ----- ----- ----- ----- ----- ----- ---- ---------------------
213080at5125_1089452_0:00294f|CM010340.1:875383-876460|- -            360 213080               -            313  1.1e-158  516.1   0.9   1   2  2.8e-127  3.3e-127  412.8   0.0     1   259     1   270     1   279 0.94 <unknown description>
213080at5125_1089452_0:00294f|CM010340.1:875383-876460|- -            360 213080               -            313  1.1e-158  516.1   0.9   2   2   3.6e-33   4.1e-33  103.6   0.2   241   313   270   344   265   344 0.85 <unknown description>
213080at5125_5507_1:0031fe|CM010340.1:874891-876460|-    -            453 213080               -            313  3.2e-158  514.6   0.9   1   2  5.8e-127  6.6e-127  411.7   0.0     1   259     1   270     1   279 0.94 <unknown description>
213080at5125_5507_1:0031fe|CM010340.1:874891-876460|-    -            453 213080               -            313  3.2e-158  514.6   0.9   2   2   5.2e-33     6e-33  103.1   0.2   241   313   270   344   265   344 0.85 <unknown description>
213080at5125_877507_0:0002d7|CM010340.1:875425-885370|-  -            803 213080               -            313  2.3e-157  511.8   0.9   1   2  2.7e-126  3.1e-126  409.5   0.0     1   258   458   726   458   732 0.94 <unknown description>
213080at5125_877507_0:0002d7|CM010340.1:875425-885370|-  -            803 213080               -            313  2.3e-157  511.8   0.9   2   2   1.2e-32   1.3e-32  102.0   0.3   241   313   727   801   722   801 0.85 <unknown description>
213080at5125_2826082_0:0020cf|CM010340.1:873153-876460|- -            800 213080               -            313  2.4e-157  511.8   0.9   1   2  2.7e-126  3.1e-126  409.5   0.0     1   258     1   269     1   275 0.94 <unknown description>
213080at5125_2826082_0:0020cf|CM010340.1:873153-876460|- -            800 213080               -            313  2.4e-157  511.8   0.9   2   2   1.2e-32   1.3e-32  102.0   0.3   241   313   270   344   265   344 0.85 <unknown description>
213080at5125_1081108_0:001083|CM010340.1:875428-876286|- -            287 213080               -            313  2.4e-114  370.5   1.5   1   2   5.3e-83     6e-83  267.3   0.1    59   259     1   212     1   223 0.92 <unknown description>
213080at5125_1081108_0:001083|CM010340.1:875428-876286|- -            287 213080               -            313  2.4e-114  370.5   1.5   2   2   2.5e-33   2.8e-33  104.2   0.3   241   313   212   286   207   286 0.85 <unknown description>
213080at5125_83212_0:001a24|CM010340.1:876160-876460|-   -            101 213080               -            313   2.5e-60  193.1   0.2   1   1   2.4e-60   2.7e-60  192.9   0.2     1    96     1   100     1   101 0.96 <unknown description>
213080at5125_2004951_0:0015b1|CM010340.1:876256-876460|- -             69 213080               -            313   4.1e-46  146.3   0.2   1   1   3.9e-46   4.5e-46  146.2   0.2     1    69     1    69     1    69 0.99 <unknown description>
#
# Program:         hmmsearch
# Version:         3.4 (Aug 2023)
# Pipeline mode:   SEARCH
# Query file:      /home/arafat/busco_downloads/lineages/hypocreales_odb12.2/hmms/213080at5125.hmm
# Target file:     /home/arafat/Foxy_SIX_Evolution/results/busco/GCA_003315725.1/run_hypocreales_odb12.2/miniprot_output/translated_proteins/213080at5125.faa
# Option settings: hmmsearch --domtblout /home/arafat/Foxy_SIX_Evolution/results/busco/GCA_003315725.1/run_hypocreales_odb12.2/hmmer_output/213080at5125.out --cpu 1 /home/arafat/busco_downloads/lineages/hypocreales_odb12.2/hmms/213080at5125.hmm /home/arafat/Foxy_SIX_Evolution/results/busco/GCA_003315725.1/run_hypocreales_odb12.2/miniprot_output/translated_proteins/213080at5125.faa 
# Current dir:     /home/arafat/Foxy_SIX_Evolution
# Date:            Thu Sep 24 13:03:16 2026
# [ok]
