#                                                                                                                --- full sequence --- -------------- this domain -------------   hmm coord   ali coord   env coord
# target name                                            accession   tlen query name           accession   qlen   E-value  score  bias   #  of  c-Evalue  i-Evalue  score  bias  from    to  from    to  from    to  acc description of target
#                                    ------------------- ---------- ----- -------------------- ---------- ----- --------- ------ ----- --- --- --------- --------- ------ ----- ----- ----- ----- ----- ----- ----- ---- ---------------------
213269at5125_100902_0:00359c|CM010340.1:889410-890673|-  -            422 213269               -            362  4.8e-176  575.2  23.5   1   1  4.2e-174  4.2e-174  568.8  23.5     1   362     1   421     1   421 0.85 <unknown description>
213269at5125_1328300_0:0037af|CM010340.1:889425-890421|- -            333 213269               -            362  1.3e-144  471.8   0.7   1   1  1.4e-142  1.4e-142  465.1   0.7    78   358    13   333     3   333 0.85 <unknown description>
213269at5125_490622_0:002349|CM010340.1:889410-890145|-  -            246 213269               -            362  3.6e-126  411.1   0.0   1   1    4e-126    4e-126  411.0   0.0   133   362     7   245     1   245 0.90 <unknown description>
213269at5125_694270_0:002a09|CM010340.1:889410-889971|-  -            188 213269               -            362  7.3e-117  380.5   0.0   1   1    8e-117    8e-117  380.4   0.0   178   362     2   187     1   187 0.98 <unknown description>
213269at5125_5507_3:00410a|QESU01000067.1:470-1406|-     -            313 213269               -            362   8.4e-96  311.2   0.0   1   1   1.1e-95   1.1e-95  310.9   0.0    57   361    11   311     4   312 0.87 <unknown description>
213269at5125_5507_3:00410a|QESU01000462.1:470-1406|-     -            313 213269               -            362   8.4e-96  311.2   0.0   1   1   1.1e-95   1.1e-95  310.9   0.0    57   361    11   311     4   312 0.87 <unknown description>
213269at5125_5507_3:0040a1|QESU01000174.1:1232-2252|-    -            330 213269               -            362   3.1e-94  306.0   0.0   1   1   5.9e-94   5.9e-94  305.2   0.0    57   359    11   309     5   312 0.84 <unknown description>
213269at5125_5507_3:0040a1|QESU01000494.1:1232-2252|-    -            330 213269               -            362   3.1e-94  306.0   0.0   1   1   5.9e-94   5.9e-94  305.2   0.0    57   359    11   309     5   312 0.84 <unknown description>
213269at5125_911162_0:001a31|CM010340.1:889410-889770|-  -            121 213269               -            362   9.6e-69  222.2   1.4   1   1   1.1e-68   1.1e-68  222.1   1.4   244   362     1   120     1   120 0.98 <unknown description>
213269at5125_694270_0:002c98|CM010340.1:890190-890673|-  -            162 213269               -            362   9.3e-54  172.9  17.4   1   1   1.5e-53   1.5e-53  172.2  17.4     1   130     1   149     1   155 0.86 <unknown description>
213269at5125_490622_0:000644|CM010340.1:890007-890673|-  -            223 213269               -            362   3.6e-53  170.9  33.4   1   1   8.3e-51   8.3e-51  163.2  33.4     1   171     1   223     1   223 0.75 <unknown description>
213269at5125_468837_0:00016b|CM010340.1:889410-889671|-  -             88 213269               -            362   7.2e-51  163.4   1.0   1   1   7.8e-51   7.8e-51  163.3   1.0   277   362     1    87     1    87 0.96 <unknown description>
213269at5125_2004951_0:0017ac|CM010340.1:890295-890673|- -            127 213269               -            362   1.3e-41  133.0  24.6   1   1   2.1e-41   2.1e-41  132.3  24.6     1   108     1   127     1   127 0.85 <unknown description>
#
# Program:         hmmsearch
# Version:         3.4 (Aug 2023)
# Pipeline mode:   SEARCH
# Query file:      /home/arafat/busco_downloads/lineages/hypocreales_odb12.2/hmms/213269at5125.hmm
# Target file:     /home/arafat/Foxy_SIX_Evolution/results/busco/GCA_003315725.1/run_hypocreales_odb12.2/miniprot_output/translated_proteins/213269at5125.faa
# Option settings: hmmsearch --domtblout /home/arafat/Foxy_SIX_Evolution/results/busco/GCA_003315725.1/run_hypocreales_odb12.2/hmmer_output/213269at5125.out --cpu 1 /home/arafat/busco_downloads/lineages/hypocreales_odb12.2/hmms/213269at5125.hmm /home/arafat/Foxy_SIX_Evolution/results/busco/GCA_003315725.1/run_hypocreales_odb12.2/miniprot_output/translated_proteins/213269at5125.faa 
# Current dir:     /home/arafat/Foxy_SIX_Evolution
# Date:            Thu Sep 24 13:03:17 2026
# [ok]
