#                                                                                                                  --- full sequence --- -------------- this domain -------------   hmm coord   ali coord   env coord
# target name                                              accession   tlen query name           accession   qlen   E-value  score  bias   #  of  c-Evalue  i-Evalue  score  bias  from    to  from    to  from    to  acc description of target
#                                      ------------------- ---------- ----- -------------------- ---------- ----- --------- ------ ----- --- --- --------- --------- ------ ----- ----- ----- ----- ----- ----- ----- ---- ---------------------
214520at5125_1089452_0:002e3d|CM010336.1:3502623-3504618|+ -            611 214520               -            576         0 1139.0  12.2   1   1         0         0 1138.7  12.2     2   576    10   602     9   602 0.98 <unknown description>
214520at5125_1344414_0:00083e|CM010336.1:3501574-3504609|+ -            629 214520               -            576         0 1138.8  12.2   1   1         0         0 1138.6  12.2     2   576    31   623    30   623 0.98 <unknown description>
214520at5125_1330021_0:002160|CM010336.1:3499129-3504570|+ -            903 214520               -            576         0 1120.1  13.3   1   1         0         0 1119.7  13.3     2   569   318   903   317   903 0.98 <unknown description>
214520at5125_468837_0:001641|CM010336.1:3502741-3504330|+  -            497 214520               -            576  1.2e-283  930.8  21.3   1   1  1.5e-283  1.5e-283  930.5  21.3    17   490     7   497     3   497 0.97 <unknown description>
214520at5125_2885761_0:0028af|CM010336.1:3503258-3504618|+ -            439 214520               -            576  1.1e-259  851.7   4.6   1   1  1.3e-259  1.3e-259  851.5   4.6   154   576     1   430     1   430 0.98 <unknown description>
214520at5125_63577_0:001ca1|CM010336.1:3502387-3504101|+   -            423 214520               -            576  1.7e-231  758.6  22.0   1   1    2e-231    2e-231  758.4  22.0     9   417     3   421     1   423 0.98 <unknown description>
214520at5125_123648_0:001f64|CM010336.1:3503547-3504600|+  -            352 214520               -            576  8.4e-214  700.2   1.5   1   1  9.5e-214  9.5e-214  700.0   1.5   235   576     1   349     1   349 0.98 <unknown description>
#
# Program:         hmmsearch
# Version:         3.4 (Aug 2023)
# Pipeline mode:   SEARCH
# Query file:      /home/arafat/busco_downloads/lineages/hypocreales_odb12.2/hmms/214520at5125.hmm
# Target file:     /home/arafat/Foxy_SIX_Evolution/results/busco/GCA_003315725.1/run_hypocreales_odb12.2/miniprot_output/translated_proteins/214520at5125.faa
# Option settings: hmmsearch --domtblout /home/arafat/Foxy_SIX_Evolution/results/busco/GCA_003315725.1/run_hypocreales_odb12.2/hmmer_output/214520at5125.out --cpu 1 /home/arafat/busco_downloads/lineages/hypocreales_odb12.2/hmms/214520at5125.hmm /home/arafat/Foxy_SIX_Evolution/results/busco/GCA_003315725.1/run_hypocreales_odb12.2/miniprot_output/translated_proteins/214520at5125.faa 
# Current dir:     /home/arafat/Foxy_SIX_Evolution
# Date:            Thu Sep 24 13:03:38 2026
# [ok]
