#                                                                                                                  --- full sequence --- -------------- this domain -------------   hmm coord   ali coord   env coord
# target name                                              accession   tlen query name           accession   qlen   E-value  score  bias   #  of  c-Evalue  i-Evalue  score  bias  from    to  from    to  from    to  acc description of target
#                                      ------------------- ---------- ----- -------------------- ---------- ----- --------- ------ ----- --- --- --------- --------- ------ ----- ----- ----- ----- ----- ----- ----- ---- ---------------------
214831at5125_1042133_0:0011b1|CM010336.1:2357599-2359218|+ -            506 214831               -            470  5.4e-300  984.4   0.1   1   1  6.3e-300  6.3e-300  984.1   0.1     1   467    15   493    15   496 0.97 <unknown description>
214831at5125_751941_0:0032b2|CM010336.1:2356886-2359218|+  -            629 214831               -            470  1.1e-299  983.3   0.1   1   1  1.4e-299  1.4e-299  983.0   0.1     1   467   138   616   138   619 0.97 <unknown description>
214831at5125_948311_1:002a6e|CM010336.1:2356302-2359218|+  -            728 214831               -            470  1.8e-299  982.7   0.1   1   1  2.2e-299  2.2e-299  982.4   0.1     1   467   237   715   237   718 0.97 <unknown description>
214831at5125_5507_3:00167e|CM010336.1:2356302-2362067|+    -           1303 214831               -            470  7.3e-299  980.6   0.1   1   1  9.4e-299  9.4e-299  980.3   0.1     1   467   192   670   192   673 0.97 <unknown description>
214831at5125_72712_0:0038f4|QESU01000149.1:10965-13302|+   -            650 214831               -            470  9.6e-245  802.2   1.4   1   1  7.7e-244  7.7e-244  799.2   1.4     4   466   143   636   140   639 0.92 <unknown description>
214831at5125_1089457_0:004203|QESU01000149.1:11422-13143|+ -            524 214831               -            470    2e-240  787.9   0.3   1   1  2.4e-240  2.4e-240  787.7   0.3     4   445    70   524    67   524 0.95 <unknown description>
214831at5125_485398_0:004322|CM010336.1:2358061-2359218|+  -            334 214831               -            470  1.7e-198  649.7   8.6   1   1    2e-196    2e-196  642.9   8.6   131   467     1   321     1   324 0.98 <unknown description>
214831at5125_2773459_0:0015ec|CM010336.1:2358380-2359218|+ -            263 214831               -            470  1.1e-161  528.4   1.0   1   1  1.2e-161  1.2e-161  528.2   1.0   219   467     1   250     1   253 0.99 <unknown description>
214831at5125_485398_0:004322|QESU01000149.1:12146-13302|+  -            352 214831               -            470  1.4e-158  518.1  12.6   1   1    2e-155    2e-155  507.7  12.6   131   466     1   338     1   342 0.93 <unknown description>
214831at5125_1649127_0:001086|CM010336.1:2357599-2358328|+ -            244 214831               -            470  6.5e-133  433.5   0.0   1   1  7.3e-133  7.3e-133  433.3   0.0     1   217    15   242    15   244 0.94 <unknown description>
214831at5125_94208_0:0018fe|CM010336.1:2356961-2358325|+   -            332 214831               -            470    2e-132  431.9   0.0   1   1  2.4e-132  2.4e-132  431.6   0.0     1   217   104   331   104   332 0.94 <unknown description>
214831at5125_655827_0:001a66|CM010336.1:2356850-2358661|+  -            412 214831               -            470  2.9e-132  431.3   0.0   1   1  3.7e-132  3.7e-132  431.0   0.0     1   217   115   342   115   345 0.94 <unknown description>
214831at5125_1080343_0:004013|QESU01000149.1:12462-13302|+ -            281 214831               -            470  1.4e-128  419.2   3.0   1   1    2e-127    2e-127  415.4   3.0   219   466     1   267     1   271 0.92 <unknown description>
214831at5125_660025_0:000096|CM010336.1:2358494-2359082|+  -            197 214831               -            470    4e-126  411.1   0.4   1   1  4.4e-126  4.4e-126  410.9   0.4   257   451     1   196     1   197 0.99 <unknown description>
214831at5125_1806559_0:0016c9|CM010336.1:2358584-2359218|+ -            195 214831               -            470  1.6e-114  372.8   0.4   1   1  1.8e-114  1.8e-114  372.6   0.4   287   467     1   182     1   185 0.98 <unknown description>
214831at5125_451672_0:001280|QESU01000149.1:12831-13302|+  -            158 214831               -            470   3.2e-56  180.6   1.8   1   1   7.8e-55   7.8e-55  176.0   1.8   342   466     1   144     1   148 0.85 <unknown description>
#
# Program:         hmmsearch
# Version:         3.4 (Aug 2023)
# Pipeline mode:   SEARCH
# Query file:      /home/arafat/busco_downloads/lineages/hypocreales_odb12.2/hmms/214831at5125.hmm
# Target file:     /home/arafat/Foxy_SIX_Evolution/results/busco/GCA_003315725.1/run_hypocreales_odb12.2/miniprot_output/translated_proteins/214831at5125.faa
# Option settings: hmmsearch --domtblout /home/arafat/Foxy_SIX_Evolution/results/busco/GCA_003315725.1/run_hypocreales_odb12.2/hmmer_output/214831at5125.out --cpu 1 /home/arafat/busco_downloads/lineages/hypocreales_odb12.2/hmms/214831at5125.hmm /home/arafat/Foxy_SIX_Evolution/results/busco/GCA_003315725.1/run_hypocreales_odb12.2/miniprot_output/translated_proteins/214831at5125.faa 
# Current dir:     /home/arafat/Foxy_SIX_Evolution
# Date:            Thu Sep 24 13:03:18 2026
# [ok]
