#                                                                                                                 --- full sequence --- -------------- this domain -------------   hmm coord   ali coord   env coord
# target name                                             accession   tlen query name           accession   qlen   E-value  score  bias   #  of  c-Evalue  i-Evalue  score  bias  from    to  from    to  from    to  acc description of target
#                                     ------------------- ---------- ----- -------------------- ---------- ----- --------- ------ ----- --- --- --------- --------- ------ ----- ----- ----- ----- ----- ----- ----- ---- ---------------------
214839at5125_5507_3:000487|CM010335.1:3293716-3295745|+   -            659 214839               -            486  9.3e-283  926.1  17.2   1   3  6.5e-275  6.5e-275  900.2   1.3     4   428    42   505    39   532 0.91 <unknown description>
214839at5125_5507_3:000487|CM010335.1:3293716-3295745|+   -            659 214839               -            486  9.3e-283  926.1  17.2   2   3   2.6e-08   2.6e-08   21.0   3.6   422   470   555   600   507   615 0.70 <unknown description>
214839at5125_5507_3:000487|CM010335.1:3293716-3295745|+   -            659 214839               -            486  9.3e-283  926.1  17.2   3   3   0.00022   0.00022    8.0   0.4   465   485   622   642   610   643 0.82 <unknown description>
214839at5125_983965_0:0009d7|CM010335.1:3293622-3295031|+ -            394 214839               -            486  4.8e-242  791.8   3.2   1   1  9.4e-241  9.4e-241  787.6   3.2     2   357    13   394    12   394 0.93 <unknown description>
214839at5125_92637_0:000bd3|CM010335.1:3284636-3295745|+  -            633 214839               -            486  3.8e-229  749.3  10.6   1   3  1.2e-220  1.2e-220  721.3   0.0    95   429   127   480   122   508 0.93 <unknown description>
214839at5125_92637_0:000bd3|CM010335.1:3284636-3295745|+  -            633 214839               -            486  3.8e-229  749.3  10.6   2   3   2.5e-08   2.5e-08   21.0   3.6   422   470   529   574   481   590 0.70 <unknown description>
214839at5125_92637_0:000bd3|CM010335.1:3284636-3295745|+  -            633 214839               -            486  3.8e-229  749.3  10.6   3   3   0.00021   0.00021    8.1   0.3   465   485   596   616   586   617 0.82 <unknown description>
214839at5125_78864_0:00261a|CM010335.1:3293622-3294740|+  -            297 214839               -            486  3.5e-165  538.4   3.6   1   1  8.6e-164  8.6e-164  533.8   3.6     2   260    13   297    12   297 0.91 <unknown description>
#
# Program:         hmmsearch
# Version:         3.4 (Aug 2023)
# Pipeline mode:   SEARCH
# Query file:      /home/arafat/busco_downloads/lineages/hypocreales_odb12.2/hmms/214839at5125.hmm
# Target file:     /home/arafat/Foxy_SIX_Evolution/results/busco/GCA_003315725.1/run_hypocreales_odb12.2/miniprot_output/translated_proteins/214839at5125.faa
# Option settings: hmmsearch --domtblout /home/arafat/Foxy_SIX_Evolution/results/busco/GCA_003315725.1/run_hypocreales_odb12.2/hmmer_output/214839at5125.out --cpu 1 /home/arafat/busco_downloads/lineages/hypocreales_odb12.2/hmms/214839at5125.hmm /home/arafat/Foxy_SIX_Evolution/results/busco/GCA_003315725.1/run_hypocreales_odb12.2/miniprot_output/translated_proteins/214839at5125.faa 
# Current dir:     /home/arafat/Foxy_SIX_Evolution
# Date:            Thu Sep 24 13:03:19 2026
# [ok]
