#                                                                                                                --- full sequence --- -------------- this domain -------------   hmm coord   ali coord   env coord
# target name                                            accession   tlen query name           accession   qlen   E-value  score  bias   #  of  c-Evalue  i-Evalue  score  bias  from    to  from    to  from    to  acc description of target
#                                    ------------------- ---------- ----- -------------------- ---------- ----- --------- ------ ----- --- --- --------- --------- ------ ----- ----- ----- ----- ----- ----- ----- ---- ---------------------
214800at5125_96318_0:001a9c|CM010338.1:667567-671402|+   -           1229 214800               -           1077         0 2181.4  16.6   1   3      0.14      0.14   -1.8   0.6     1    32    31    62    31    81 0.73 <unknown description>
214800at5125_96318_0:001a9c|CM010338.1:667567-671402|+   -           1229 214800               -           1077         0 2181.4  16.6   2   3   4.9e-05   4.9e-05    9.6   2.8     5    44    79   119    74   142 0.70 <unknown description>
214800at5125_96318_0:001a9c|CM010338.1:667567-671402|+   -           1229 214800               -           1077         0 2181.4  16.6   3   3         0         0 2180.4   4.1    19  1077   130  1228   112  1228 0.93 <unknown description>
214800at5125_5507_3:001199|CM010338.1:664860-671402|+    -           1703 214800               -           1077         0 2180.5  15.2   1   3      0.16      0.16   -2.0   0.4     1    32   505   536   505   557 0.72 <unknown description>
214800at5125_5507_3:001199|CM010338.1:664860-671402|+    -           1703 214800               -           1077         0 2180.5  15.2   2   3   6.7e-05   6.7e-05    9.2   2.7     5    44   553   593   549   615 0.70 <unknown description>
214800at5125_5507_3:001199|CM010338.1:664860-671402|+    -           1703 214800               -           1077         0 2180.5  15.2   3   3         0         0 2178.9   4.1    19  1077   604  1702   586  1702 0.93 <unknown description>
214800at5125_2604345_0:000e3e|CM010338.1:668854-671402|+ -            834 214800               -           1077         0 1838.4   0.1   1   1         0         0 1838.2   0.1   251  1077     1   833     1   833 0.99 <unknown description>
214800at5125_123648_0:001e8a|CM010338.1:668069-670681|+  -            860 214800               -           1077         0 1629.8   5.6   1   1         0         0 1629.6   5.6    41   853     2   859     1   860 0.94 <unknown description>
214800at5125_1399860_1:0007fc|CM010338.1:667567-669463|+ -            577 214800               -           1077    1e-225  740.3  29.8   1   3     0.089     0.089   -1.2   1.1     1    32    31    62    31    80 0.74 <unknown description>
214800at5125_1399860_1:0007fc|CM010338.1:667567-669463|+ -            577 214800               -           1077    1e-225  740.3  29.8   2   3   1.4e-13   1.4e-13   37.9   4.2     5    79    79   162    75   168 0.74 <unknown description>
214800at5125_1399860_1:0007fc|CM010338.1:667567-669463|+ -            577 214800               -           1077    1e-225  740.3  29.8   3   3  6.9e-218  6.9e-218  714.4   9.9    75   448   181   577   177   577 0.93 <unknown description>
214800at5125_911162_0:0013a7|CM010338.1:670564-671402|+  -            264 214800               -           1077  1.1e-185  607.8   1.2   1   1  1.2e-185  1.2e-185  607.7   1.2   815  1077     1   263     1   263 1.00 <unknown description>
#
# Program:         hmmsearch
# Version:         3.4 (Aug 2023)
# Pipeline mode:   SEARCH
# Query file:      /home/arafat/busco_downloads/lineages/hypocreales_odb12.2/hmms/214800at5125.hmm
# Target file:     /home/arafat/Foxy_SIX_Evolution/results/busco/GCA_003315725.1/run_hypocreales_odb12.2/miniprot_output/translated_proteins/214800at5125.faa
# Option settings: hmmsearch --domtblout /home/arafat/Foxy_SIX_Evolution/results/busco/GCA_003315725.1/run_hypocreales_odb12.2/hmmer_output/214800at5125.out --cpu 1 /home/arafat/busco_downloads/lineages/hypocreales_odb12.2/hmms/214800at5125.hmm /home/arafat/Foxy_SIX_Evolution/results/busco/GCA_003315725.1/run_hypocreales_odb12.2/miniprot_output/translated_proteins/214800at5125.faa 
# Current dir:     /home/arafat/Foxy_SIX_Evolution
# Date:            Thu Sep 24 13:03:18 2026
# [ok]
