#                                                                                                                  --- full sequence --- -------------- this domain -------------   hmm coord   ali coord   env coord
# target name                                              accession   tlen query name           accession   qlen   E-value  score  bias   #  of  c-Evalue  i-Evalue  score  bias  from    to  from    to  from    to  acc description of target
#                                      ------------------- ---------- ----- -------------------- ---------- ----- --------- ------ ----- --- --- --------- --------- ------ ----- ----- ----- ----- ----- ----- ----- ---- ---------------------
215144at5125_660027_0:0025f6|CM010340.1:1534082-1540479|-  -           2089 215144               -           1862         0 3333.8   6.9   1   2         0         0 3322.9   1.2     2  1838     2  1924     1  1934 0.94 <unknown description>
215144at5125_660027_0:0025f6|CM010340.1:1534082-1540479|-  -           2089 215144               -           1862         0 3333.8   6.9   2   2   1.8e-06   1.8e-06   13.5   0.5  1803  1859  1968  2024  1933  2027 0.69 <unknown description>
215144at5125_1859967_0:001903|CM010340.1:1529120-1540476|- -           2806 215144               -           1862         0 3332.1   6.0   1   2         0         0 3320.9   0.9     2  1837     1  1922     1  1927 0.94 <unknown description>
215144at5125_1859967_0:001903|CM010340.1:1529120-1540476|- -           2806 215144               -           1862         0 3332.1   6.0   2   2   2.3e-06   2.3e-06   13.1   0.4  1803  1859  1967  2023  1930  2026 0.69 <unknown description>
215144at5125_2364996_0:003527|CM010340.1:1534082-1542652|- -           2524 215144               -           1862         0 3331.8   7.7   1   2         0         0 3321.3   1.7     2  1837   445  2366   444  2371 0.94 <unknown description>
215144at5125_2364996_0:003527|CM010340.1:1534082-1542652|- -           2524 215144               -           1862         0 3331.8   7.7   2   2   2.3e-06   2.3e-06   13.1   0.5  1803  1859  2411  2467  2377  2470 0.69 <unknown description>
215144at5125_63577_0:000009|CM010340.1:1536225-1540482|-   -           1405 215144               -           1862         0 2239.6   2.5   1   1         0         0 2238.6   2.5     2  1316     3  1392     2  1402 0.93 <unknown description>
215144at5125_96774_0:000f1b|CM010340.1:1534082-1536318|-   -            709 215144               -           1862         0 1102.0   3.6   1   2         0         0 1086.7   0.1  1300  1838     1   552     1   556 0.93 <unknown description>
215144at5125_96774_0:000f1b|CM010340.1:1534082-1536318|-   -            709 215144               -           1862         0 1102.0   3.6   2   2   5.5e-07   5.5e-07   15.2   0.7  1802  1859   595   652   554   655 0.69 <unknown description>
#
# Program:         hmmsearch
# Version:         3.4 (Aug 2023)
# Pipeline mode:   SEARCH
# Query file:      /home/arafat/busco_downloads/lineages/hypocreales_odb12.2/hmms/215144at5125.hmm
# Target file:     /home/arafat/Foxy_SIX_Evolution/results/busco/GCA_003315725.1/run_hypocreales_odb12.2/miniprot_output/translated_proteins/215144at5125.faa
# Option settings: hmmsearch --domtblout /home/arafat/Foxy_SIX_Evolution/results/busco/GCA_003315725.1/run_hypocreales_odb12.2/hmmer_output/215144at5125.out --cpu 1 /home/arafat/busco_downloads/lineages/hypocreales_odb12.2/hmms/215144at5125.hmm /home/arafat/Foxy_SIX_Evolution/results/busco/GCA_003315725.1/run_hypocreales_odb12.2/miniprot_output/translated_proteins/215144at5125.faa 
# Current dir:     /home/arafat/Foxy_SIX_Evolution
# Date:            Thu Sep 24 13:03:25 2026
# [ok]
