#                                                                                                                  --- full sequence --- -------------- this domain -------------   hmm coord   ali coord   env coord
# target name                                              accession   tlen query name           accession   qlen   E-value  score  bias   #  of  c-Evalue  i-Evalue  score  bias  from    to  from    to  from    to  acc description of target
#                                      ------------------- ---------- ----- -------------------- ---------- ----- --------- ------ ----- --- --- --------- --------- ------ ----- ----- ----- ----- ----- ----- ----- ---- ---------------------
215236at5125_1089452_0:00189a|CM010339.1:2050596-2052174|+ -            450 215236               -            412  5.2e-228  745.5   3.6   1   2   1.6e-22   1.6e-22   68.7   0.7     5    54     7    54     1    68 0.86 <unknown description>
215236at5125_1089452_0:00189a|CM010339.1:2050596-2052174|+ -            450 215236               -            412  5.2e-228  745.5   3.6   2   2  1.6e-207  1.6e-207  678.1   0.1    44   412    68   448    64   448 0.95 <unknown description>
215236at5125_80388_0:0017cf|CM010339.1:2048356-2052174|+   -            358 215236               -            412    9e-188  613.0   0.2   1   1  1.1e-187  1.1e-187  612.7   0.2    75   412     8   356     5   356 0.95 <unknown description>
215236at5125_1736662_0:00093d|CM010339.1:2051108-2052174|+ -            323 215236               -            412  1.3e-180  589.4   1.2   1   1  1.4e-180  1.4e-180  589.3   1.2    97   412     1   321     1   321 0.96 <unknown description>
215236at5125_1806559_0:001bee|CM010339.1:2050596-2051804|+ -            360 215236               -            412  4.5e-169  551.4   6.4   1   2   1.1e-22   1.1e-22   69.2   0.6     5    54     7    54     1    67 0.86 <unknown description>
215236at5125_1806559_0:001bee|CM010339.1:2050596-2051804|+ -            360 215236               -            412  4.5e-169  551.4   6.4   2   2  3.7e-149  3.7e-149  485.8   0.7    44   323    68   359    62   360 0.94 <unknown description>
215236at5125_2604345_0:003d02|CM010339.1:2051456-2052174|+ -            207 215236               -            412  9.1e-118  382.4   0.7   1   1    1e-117    1e-117  382.2   0.7   211   412     1   205     1   205 0.97 <unknown description>
215236at5125_63577_0:0012ff|CM010339.1:2050599-2051507|+   -            260 215236               -            412  1.7e-116  378.2   1.5   1   2   9.5e-23   9.5e-23   69.4   0.6     5    54     6    53     2    66 0.87 <unknown description>
215236at5125_63577_0:0012ff|CM010339.1:2050599-2051507|+   -            260 215236               -            412  1.7e-116  378.2   1.5   2   2   3.5e-95   3.5e-95  308.0   0.0    44   227    67   259    61   260 0.94 <unknown description>
#
# Program:         hmmsearch
# Version:         3.4 (Aug 2023)
# Pipeline mode:   SEARCH
# Query file:      /home/arafat/busco_downloads/lineages/hypocreales_odb12.2/hmms/215236at5125.hmm
# Target file:     /home/arafat/Foxy_SIX_Evolution/results/busco/GCA_003315725.1/run_hypocreales_odb12.2/miniprot_output/translated_proteins/215236at5125.faa
# Option settings: hmmsearch --domtblout /home/arafat/Foxy_SIX_Evolution/results/busco/GCA_003315725.1/run_hypocreales_odb12.2/hmmer_output/215236at5125.out --cpu 1 /home/arafat/busco_downloads/lineages/hypocreales_odb12.2/hmms/215236at5125.hmm /home/arafat/Foxy_SIX_Evolution/results/busco/GCA_003315725.1/run_hypocreales_odb12.2/miniprot_output/translated_proteins/215236at5125.faa 
# Current dir:     /home/arafat/Foxy_SIX_Evolution
# Date:            Thu Sep 24 13:03:33 2026
# [ok]
