#                                                                                                                  --- full sequence --- -------------- this domain -------------   hmm coord   ali coord   env coord
# target name                                              accession   tlen query name           accession   qlen   E-value  score  bias   #  of  c-Evalue  i-Evalue  score  bias  from    to  from    to  from    to  acc description of target
#                                      ------------------- ---------- ----- -------------------- ---------- ----- --------- ------ ----- --- --- --------- --------- ------ ----- ----- ----- ----- ----- ----- ----- ---- ---------------------
215213at5125_660122_0:0007df|CM010336.1:2575089-2595117|+  -           4853 215213               -           4382         0 6612.4   5.0   1   4   7.5e-28   7.5e-28   84.0   0.1     2    87     4   103     3   121 0.80 <unknown description>
215213at5125_660122_0:0007df|CM010336.1:2575089-2595117|+  -           4853 215213               -           4382         0 6612.4   5.0   2   4         0         0 2571.6   0.0    83  1728   160  1907   154  1914 0.92 <unknown description>
215213at5125_660122_0:0007df|CM010336.1:2575089-2595117|+  -           4853 215213               -           4382         0 6612.4   5.0   3   4   3.4e-08   3.4e-08   18.7   0.2  3748  3794  1907  1953  1901  1954 0.88 <unknown description>
215213at5125_660122_0:0007df|CM010336.1:2575089-2595117|+  -           4853 215213               -           4382         0 6612.4   5.0   4   4         0         0 3937.1   7.5  1720  4377  1949  4779  1948  4784 0.92 <unknown description>
215213at5125_1089452_0:00262f|CM010336.1:2574771-2589736|+ -           4870 215213               -           4382         0 6612.3   5.1   1   4   7.6e-28   7.6e-28   83.9   0.1     2    87    25   124    24   142 0.80 <unknown description>
215213at5125_1089452_0:00262f|CM010336.1:2574771-2589736|+ -           4870 215213               -           4382         0 6612.3   5.1   2   4         0         0 2571.5   0.0    83  1728   181  1928   175  1935 0.92 <unknown description>
215213at5125_1089452_0:00262f|CM010336.1:2574771-2589736|+ -           4870 215213               -           4382         0 6612.3   5.1   3   4   2.9e-08   2.9e-08   18.9   0.3  3747  3794  1927  1974  1918  1975 0.88 <unknown description>
215213at5125_1089452_0:00262f|CM010336.1:2574771-2589736|+ -           4870 215213               -           4382         0 6612.3   5.1   4   4         0         0 3937.0   7.6  1720  4377  1970  4800  1969  4805 0.92 <unknown description>
215213at5125_2692428_0:000816|CM010336.1:2575089-2586670|+ -           3844 215213               -           4382         0 5494.2   0.6   1   5   5.9e-28   5.9e-28   84.3   0.1     2    87     4   103     3   121 0.80 <unknown description>
215213at5125_2692428_0:000816|CM010336.1:2575089-2586670|+ -           3844 215213               -           4382         0 5494.2   0.6   2   5   0.00055   0.00055    4.7   0.0  2493  2527    95   129    95   137 0.91 <unknown description>
215213at5125_2692428_0:000816|CM010336.1:2575089-2586670|+ -           3844 215213               -           4382         0 5494.2   0.6   3   5         0         0 2572.3   0.0    83  1728   160  1907   154  1914 0.92 <unknown description>
215213at5125_2692428_0:000816|CM010336.1:2575089-2586670|+ -           3844 215213               -           4382         0 5494.2   0.6   4   5   2.1e-08   2.1e-08   19.4   0.3  3748  3794  1907  1953  1901  1955 0.88 <unknown description>
215213at5125_2692428_0:000816|CM010336.1:2575089-2586670|+ -           3844 215213               -           4382         0 5494.2   0.6   5   5         0         0 2818.8   1.4  1720  3505  1949  3839  1948  3844 0.93 <unknown description>
215213at5125_117187_0:000c8b|CM010336.1:2579881-2589736|+  -           3269 215213               -           4382         0 4394.7  11.6   1   3  2.9e-136  2.9e-136  443.8   0.0  1414  1728     4   327     1   332 0.94 <unknown description>
215213at5125_117187_0:000c8b|CM010336.1:2579881-2589736|+  -           3269 215213               -           4382         0 4394.7  11.6   2   3   2.2e-08   2.2e-08   19.4   0.3  3748  3794   327   373   320   374 0.88 <unknown description>
215213at5125_117187_0:000c8b|CM010336.1:2579881-2589736|+  -           3269 215213               -           4382         0 4394.7  11.6   3   3         0         0 3939.0   7.4  1720  4377   369  3199   368  3204 0.92 <unknown description>
215213at5125_694270_0:002304|CM010336.1:2575089-2583586|+  -           2816 215213               -           4382         0 3862.3   4.3   1   5   4.3e-28   4.3e-28   84.8   0.1     2    87     4   103     3   121 0.80 <unknown description>
215213at5125_694270_0:002304|CM010336.1:2575089-2583586|+  -           2816 215213               -           4382         0 3862.3   4.3   2   5    0.0035    0.0035    2.1   0.0  2496  2527    98   129    98   144 0.90 <unknown description>
215213at5125_694270_0:002304|CM010336.1:2575089-2583586|+  -           2816 215213               -           4382         0 3862.3   4.3   3   5         0         0 2573.5   0.0    83  1728   160  1907   154  1914 0.92 <unknown description>
215213at5125_694270_0:002304|CM010336.1:2575089-2583586|+  -           2816 215213               -           4382         0 3862.3   4.3   4   5   1.4e-08   1.4e-08   20.0   0.4  3747  3794  1906  1953  1893  1954 0.86 <unknown description>
215213at5125_694270_0:002304|CM010336.1:2575089-2583586|+  -           2816 215213               -           4382         0 3862.3   4.3   5   5         0         0 1187.4   5.2  1720  2538  1949  2815  1948  2816 0.93 <unknown description>
215213at5125_100902_0:00544c|CM010336.1:2582923-2589736|+  -           2255 215213               -           4382         0 3086.4   0.8   1   1         0         0 3082.4   0.8  2324  4377     2  2185     1  2190 0.92 <unknown description>
215213at5125_694270_0:002c3a|CM010336.1:2583736-2586895|+  -           1054 215213               -           4382         0 1607.6   0.0   1   1         0         0 1602.6   0.0  2589  3582     1  1054     1  1054 0.93 <unknown description>
215213at5125_1331945_0:002b01|CM010336.1:2586415-2589721|+ -           1086 215213               -           4382         0 1202.0   4.9   1   1         0         0 1201.7   4.9  3426  4377     2  1021     1  1026 0.90 <unknown description>
#
# Program:         hmmsearch
# Version:         3.4 (Aug 2023)
# Pipeline mode:   SEARCH
# Query file:      /home/arafat/busco_downloads/lineages/hypocreales_odb12.2/hmms/215213at5125.hmm
# Target file:     /home/arafat/Foxy_SIX_Evolution/results/busco/GCA_003315725.1/run_hypocreales_odb12.2/miniprot_output/translated_proteins/215213at5125.faa
# Option settings: hmmsearch --domtblout /home/arafat/Foxy_SIX_Evolution/results/busco/GCA_003315725.1/run_hypocreales_odb12.2/hmmer_output/215213at5125.out --cpu 1 /home/arafat/busco_downloads/lineages/hypocreales_odb12.2/hmms/215213at5125.hmm /home/arafat/Foxy_SIX_Evolution/results/busco/GCA_003315725.1/run_hypocreales_odb12.2/miniprot_output/translated_proteins/215213at5125.faa 
# Current dir:     /home/arafat/Foxy_SIX_Evolution
# Date:            Thu Sep 24 13:03:32 2026
# [ok]
