#                                                                                                                  --- full sequence --- -------------- this domain -------------   hmm coord   ali coord   env coord
# target name                                              accession   tlen query name           accession   qlen   E-value  score  bias   #  of  c-Evalue  i-Evalue  score  bias  from    to  from    to  from    to  acc description of target
#                                      ------------------- ---------- ----- -------------------- ---------- ----- --------- ------ ----- --- --- --------- --------- ------ ----- ----- ----- ----- ----- ----- ----- ---- ---------------------
215733at5125_1380566_0:00160d|CM010336.1:3471750-3473789|- -            428 215733               -            397  8.7e-197  642.9   0.1   1   1    1e-196    1e-196  642.7   0.1     2   396    17   426    16   427 0.91 <unknown description>
215733at5125_1276136_0:0010df|CM010336.1:3471750-3475964|- -            429 215733               -            397  8.8e-197  642.9   0.1   1   1    1e-196    1e-196  642.7   0.1     2   396    18   427    17   428 0.91 <unknown description>
215733at5125_1089452_0:002d58|CM010336.1:3471750-3473079|- -            444 215733               -            397  9.8e-197  642.7   0.1   1   1  1.2e-196  1.2e-196  642.5   0.1     2   396    33   442    32   443 0.91 <unknown description>
215733at5125_150374_0:000ed2|CM010336.1:3471753-3477452|-  -            441 215733               -            397  2.1e-196  641.6   0.1   1   1  2.5e-196  2.5e-196  641.3   0.1    17   396    54   440    31   441 0.91 <unknown description>
215733at5125_1283841_0:00156c|CM010336.1:3471753-3480135|- -            445 215733               -            397  2.3e-196  641.5   0.1   1   1  2.6e-196  2.6e-196  641.3   0.1     7   396    47   444    41   445 0.92 <unknown description>
215733at5125_1081102_0:000a9f|CM010336.1:3463876-3472884|- -            464 215733               -            397  1.9e-189  618.7   0.2   1   1  2.3e-189  2.3e-189  618.4   0.2    27   377     1   363     1   376 0.93 <unknown description>
215733at5125_1399860_0:00120f|CM010336.1:3471822-3472881|- -            354 215733               -            397  1.1e-187  612.9   0.3   1   1  1.3e-187  1.3e-187  612.7   0.3    28   368     1   353     1   354 0.95 <unknown description>
215733at5125_195108_0:0034eb|CM010336.1:3472176-3473073|-  -            300 215733               -            397  6.6e-124  402.9   0.0   1   1  7.8e-124  7.8e-124  402.6   0.0     2   256    31   300    30   300 0.90 <unknown description>
215733at5125_2502994_0:003870|CM010336.1:3471750-3472455|- -            236 215733               -            397  3.5e-119  387.3   6.3   1   1  3.9e-119  3.9e-119  387.2   6.3   161   396     1   234     1   235 0.95 <unknown description>
#
# Program:         hmmsearch
# Version:         3.4 (Aug 2023)
# Pipeline mode:   SEARCH
# Query file:      /home/arafat/busco_downloads/lineages/hypocreales_odb12.2/hmms/215733at5125.hmm
# Target file:     /home/arafat/Foxy_SIX_Evolution/results/busco/GCA_003315725.1/run_hypocreales_odb12.2/miniprot_output/translated_proteins/215733at5125.faa
# Option settings: hmmsearch --domtblout /home/arafat/Foxy_SIX_Evolution/results/busco/GCA_003315725.1/run_hypocreales_odb12.2/hmmer_output/215733at5125.out --cpu 1 /home/arafat/busco_downloads/lineages/hypocreales_odb12.2/hmms/215733at5125.hmm /home/arafat/Foxy_SIX_Evolution/results/busco/GCA_003315725.1/run_hypocreales_odb12.2/miniprot_output/translated_proteins/215733at5125.faa 
# Current dir:     /home/arafat/Foxy_SIX_Evolution
# Date:            Thu Sep 24 13:03:40 2026
# [ok]
