#                                                                                                                  --- full sequence --- -------------- this domain -------------   hmm coord   ali coord   env coord
# target name                                              accession   tlen query name           accession   qlen   E-value  score  bias   #  of  c-Evalue  i-Evalue  score  bias  from    to  from    to  from    to  acc description of target
#                                      ------------------- ---------- ----- -------------------- ---------- ----- --------- ------ ----- --- --- --------- --------- ------ ----- ----- ----- ----- ----- ----- ----- ---- ---------------------
216230at5125_1089452_0:001182|CM010338.1:1589892-1592400|+ -            837 216230               -            729         0 1275.4   5.9   1   2  7.3e-246  7.3e-246  806.4   0.2     2   493     8   531     7   537 0.93 <unknown description>
216230at5125_1089452_0:001182|CM010338.1:1589892-1592400|+ -            837 216230               -            729         0 1275.4   5.9   2   2  3.9e-144  3.9e-144  470.1   1.5   487   729   581   836   546   836 0.88 <unknown description>
216230at5125_57161_0:00440a|CM010338.1:1589892-1591746|+   -            619 216230               -            729  7.7e-259  849.3   0.5   1   2  2.9e-246  2.9e-246  807.7   0.2     2   493     8   531     7   537 0.93 <unknown description>
216230at5125_57161_0:00440a|CM010338.1:1589892-1591746|+   -            619 216230               -            729  7.7e-259  849.3   0.5   2   2   1.3e-13   1.3e-13   38.6   0.0   487   524   581   618   546   619 0.73 <unknown description>
216230at5125_2773459_0:000cee|CM010338.1:1590840-1592400|+ -            521 216230               -            729  2.2e-243  798.2   4.9   1   2  4.4e-101  4.4e-101  327.8   0.1   302   493    24   215    13   221 0.96 <unknown description>
216230at5125_2773459_0:000cee|CM010338.1:1590840-1592400|+ -            521 216230               -            729  2.2e-243  798.2   4.9   2   2  1.2e-144  1.2e-144  471.8   1.4   487   729   265   520   229   520 0.88 <unknown description>
216230at5125_86546_0:002b50|CM010338.1:1589892-1591248|+   -            453 216230               -            729  3.9e-209  685.0   0.2   1   1  1.4e-208  1.4e-208  683.2   0.2     2   415     8   453     7   453 0.92 <unknown description>
216230at5125_2773459_0:002e83|CM010338.1:1589892-1590915|+ -            342 216230               -            729  5.8e-148  482.7   0.0   1   1    7e-148    7e-148  482.5   0.0     2   307     8   328     7   338 0.92 <unknown description>
216230at5125_2004951_0:0004f2|CM010338.1:1589892-1590639|+ -            250 216230               -            729    3e-104  338.2   0.1   1   1  3.4e-104  3.4e-104  338.0   0.1     2   229     8   250     7   250 0.92 <unknown description>
#
# Program:         hmmsearch
# Version:         3.4 (Aug 2023)
# Pipeline mode:   SEARCH
# Query file:      /home/arafat/busco_downloads/lineages/hypocreales_odb12.2/hmms/216230at5125.hmm
# Target file:     /home/arafat/Foxy_SIX_Evolution/results/busco/GCA_003315725.1/run_hypocreales_odb12.2/miniprot_output/translated_proteins/216230at5125.faa
# Option settings: hmmsearch --domtblout /home/arafat/Foxy_SIX_Evolution/results/busco/GCA_003315725.1/run_hypocreales_odb12.2/hmmer_output/216230at5125.out --cpu 1 /home/arafat/busco_downloads/lineages/hypocreales_odb12.2/hmms/216230at5125.hmm /home/arafat/Foxy_SIX_Evolution/results/busco/GCA_003315725.1/run_hypocreales_odb12.2/miniprot_output/translated_proteins/216230at5125.faa 
# Current dir:     /home/arafat/Foxy_SIX_Evolution
# Date:            Thu Sep 24 13:03:16 2026
# [ok]
