#                                                                                                                  --- full sequence --- -------------- this domain -------------   hmm coord   ali coord   env coord
# target name                                              accession   tlen query name           accession   qlen   E-value  score  bias   #  of  c-Evalue  i-Evalue  score  bias  from    to  from    to  from    to  acc description of target
#                                      ------------------- ---------- ----- -------------------- ---------- ----- --------- ------ ----- --- --- --------- --------- ------ ----- ----- ----- ----- ----- ----- ----- ---- ---------------------
216210at5125_1089452_0:000328|CM010335.1:1985400-1987294|+ -            596 216210               -            491  1.5e-221  725.1   0.0   1   1  2.5e-221  2.5e-221  724.4   0.0     2   489    65   582    64   584 0.92 <unknown description>
216210at5125_5046_0:002396|CM010335.1:1984557-1987240|+    -            608 216210               -            491  6.8e-221  723.0   0.0   1   1  1.1e-220  1.1e-220  722.3   0.0     2   481    95   604    94   608 0.92 <unknown description>
216210at5125_654480_0:0005f2|CM010335.1:1983116-1987291|+  -           1196 216210               -            491  1.2e-220  722.1   0.0   1   1  1.9e-220  1.9e-220  721.5   0.0     2   489   666  1183   665  1185 0.92 <unknown description>
216210at5125_58853_0:001aa9|CM010335.1:1973732-1987291|+   -            599 216210               -            491  1.3e-212  695.7   0.0   1   1  2.1e-211  2.1e-211  691.7   0.0     3   489    52   586    50   588 0.89 <unknown description>
216210at5125_2604345_0:000043|CM010335.1:1985951-1987294|+ -            431 216210               -            491  5.7e-166  541.8   0.0   1   1    1e-165    1e-165  541.0   0.0   103   489     2   417     1   419 0.91 <unknown description>
216210at5125_63577_0:000c76|CM010335.1:1985400-1986781|+   -            425 216210               -            491  7.5e-148  482.0   0.0   1   1  1.4e-147  1.4e-147  481.2   0.0     2   342    65   425    64   425 0.93 <unknown description>
216210at5125_2004951_0:00281f|CM010335.1:1985577-1986515|+ -            295 216210               -            491    1e-123  402.4   0.0   1   1  1.2e-123  1.2e-123  402.3   0.0     2   283     6   294     5   295 0.96 <unknown description>
216210at5125_1331945_0:001896|CM010335.1:1986401-1987291|+ -            280 216210               -            491  8.1e-110  356.6   0.1   1   1  1.7e-109  1.7e-109  355.5   0.1   246   489     1   267     1   269 0.89 <unknown description>
216210at5125_468837_0:001c1a|CM010335.1:1985915-1986530|+  -            206 216210               -            491   2.9e-72  232.7   0.0   1   1   3.5e-72   3.5e-72  232.5   0.0    90   284     1   201     1   204 0.95 <unknown description>
#
# Program:         hmmsearch
# Version:         3.4 (Aug 2023)
# Pipeline mode:   SEARCH
# Query file:      /home/arafat/busco_downloads/lineages/hypocreales_odb12.2/hmms/216210at5125.hmm
# Target file:     /home/arafat/Foxy_SIX_Evolution/results/busco/GCA_003315725.1/run_hypocreales_odb12.2/miniprot_output/translated_proteins/216210at5125.faa
# Option settings: hmmsearch --domtblout /home/arafat/Foxy_SIX_Evolution/results/busco/GCA_003315725.1/run_hypocreales_odb12.2/hmmer_output/216210at5125.out --cpu 1 /home/arafat/busco_downloads/lineages/hypocreales_odb12.2/hmms/216210at5125.hmm /home/arafat/Foxy_SIX_Evolution/results/busco/GCA_003315725.1/run_hypocreales_odb12.2/miniprot_output/translated_proteins/216210at5125.faa 
# Current dir:     /home/arafat/Foxy_SIX_Evolution
# Date:            Thu Sep 24 13:03:16 2026
# [ok]
