#                                                                                                                  --- full sequence --- -------------- this domain -------------   hmm coord   ali coord   env coord
# target name                                              accession   tlen query name           accession   qlen   E-value  score  bias   #  of  c-Evalue  i-Evalue  score  bias  from    to  from    to  from    to  acc description of target
#                                      ------------------- ---------- ----- -------------------- ---------- ----- --------- ------ ----- --- --- --------- --------- ------ ----- ----- ----- ----- ----- ----- ----- ---- ---------------------
216204at5125_100902_0:001da8|CM010339.1:1212037-1213330|-  -            413 216204               -            344  1.7e-200  653.5   4.5   1   1  2.2e-200  2.2e-200  653.2   4.5     2   342    35   405    34   407 0.91 <unknown description>
216204at5125_595255_0:000c4e|CM010339.1:1212037-1218870|-  -            576 216204               -            344  5.1e-200  652.0   4.5   1   1  6.5e-200  6.5e-200  651.6   4.5     2   342   198   568   197   570 0.91 <unknown description>
216204at5125_1195189_0:001b31|CM010339.1:1212061-1215365|- -            484 216204               -            344  6.8e-200  651.6   5.1   1   1  8.6e-200  8.6e-200  651.2   5.1     2   341   114   483   113   484 0.91 <unknown description>
216204at5125_1736662_0:001283|CM010339.1:1209791-1213324|- -            659 216204               -            344  7.2e-200  651.5   4.5   1   1  9.5e-200  9.5e-200  651.1   4.5     2   342    33   403    32   405 0.91 <unknown description>
216204at5125_1081102_0:0005dd|CM010339.1:1212058-1221033|- -            611 216204               -            344    1e-199  651.0   5.0   1   1  1.3e-199  1.3e-199  650.7   5.0     2   341   240   609   239   611 0.91 <unknown description>
216204at5125_268505_0:000136|CM010339.1:1212058-1213084|-  -            280 216204               -            344    5e-130  421.8   8.5   1   2   1.5e-52   1.5e-52  167.1   2.1    49   130     7    88     4    97 0.96 <unknown description>
216204at5125_268505_0:000136|CM010339.1:1212058-1213084|-  -            280 216204               -            344    5e-130  421.8   8.5   2   2   2.3e-80   2.3e-80  258.5   0.5   201   341   127   278   110   280 0.89 <unknown description>
#
# Program:         hmmsearch
# Version:         3.4 (Aug 2023)
# Pipeline mode:   SEARCH
# Query file:      /home/arafat/busco_downloads/lineages/hypocreales_odb12.2/hmms/216204at5125.hmm
# Target file:     /home/arafat/Foxy_SIX_Evolution/results/busco/GCA_003315725.1/run_hypocreales_odb12.2/miniprot_output/translated_proteins/216204at5125.faa
# Option settings: hmmsearch --domtblout /home/arafat/Foxy_SIX_Evolution/results/busco/GCA_003315725.1/run_hypocreales_odb12.2/hmmer_output/216204at5125.out --cpu 1 /home/arafat/busco_downloads/lineages/hypocreales_odb12.2/hmms/216204at5125.hmm /home/arafat/Foxy_SIX_Evolution/results/busco/GCA_003315725.1/run_hypocreales_odb12.2/miniprot_output/translated_proteins/216204at5125.faa 
# Current dir:     /home/arafat/Foxy_SIX_Evolution
# Date:            Thu Sep 24 13:03:15 2026
# [ok]
