#                                                                                                                  --- full sequence --- -------------- this domain -------------   hmm coord   ali coord   env coord
# target name                                              accession   tlen query name           accession   qlen   E-value  score  bias   #  of  c-Evalue  i-Evalue  score  bias  from    to  from    to  from    to  acc description of target
#                                      ------------------- ---------- ----- -------------------- ---------- ----- --------- ------ ----- --- --- --------- --------- ------ ----- ----- ----- ----- ----- ----- ----- ---- ---------------------
216343at5125_1089452_0:000bcc|CM010337.1:2023094-2024207|- -            353 216343               -            293  1.1e-168  549.0   0.9   1   1  1.2e-168  1.2e-168  548.8   0.9     1   293    52   351    52   351 0.97 <unknown description>
216343at5125_1101274_0:00300e|CM010337.1:2023094-2025597|- -            650 216343               -            293  5.3e-168  546.7   0.9   1   1  7.3e-168  7.3e-168  546.3   0.9     1   293   349   648   349   648 0.97 <unknown description>
216343at5125_5507_5:001aed|CM010337.1:2022446-2024054|-    -            386 216343               -            293  1.3e-159  519.1   1.5   1   1  1.9e-159  1.9e-159  518.7   1.5     1   279     1   286     1   297 0.96 <unknown description>
216343at5125_64609_0:003b41|CM010337.1:2023097-2023970|-   -            273 216343               -            293  2.9e-155  504.9   0.5   1   1  3.3e-155  3.3e-155  504.7   0.5    29   293     1   272     1   272 0.97 <unknown description>
216343at5125_468837_0:002404|CM010337.1:2018680-2024060|-  -            245 216343               -            293  5.5e-102  330.0   0.1   1   1  6.8e-102  6.8e-102  329.7   0.1     1   186     3   195     3   202 0.95 <unknown description>
216343at5125_2714763_0:001065|CM010337.1:2023409-2024060|- -            218 216343               -            293  4.9e-100  323.6   3.7   1   1   8.5e-98   8.5e-98  316.3   3.7     1   190     3   218     3   218 0.95 <unknown description>
216343at5125_94208_0:0013ae|CM010337.1:2023562-2025534|-   -            201 216343               -            293   1.3e-81  263.2   0.6   1   1   1.5e-81   1.5e-81  263.0   0.6     1   143    56   201    56   201 0.96 <unknown description>
216343at5125_94208_0:0018e7|CM010337.1:2023094-2023424|-   -            111 216343               -            293   2.5e-64  206.4   0.1   1   1   2.8e-64   2.8e-64  206.2   0.1   185   293     1   109     1   109 0.99 <unknown description>
#
# Program:         hmmsearch
# Version:         3.4 (Aug 2023)
# Pipeline mode:   SEARCH
# Query file:      /home/arafat/busco_downloads/lineages/hypocreales_odb12.2/hmms/216343at5125.hmm
# Target file:     /home/arafat/Foxy_SIX_Evolution/results/busco/GCA_003315725.1/run_hypocreales_odb12.2/miniprot_output/translated_proteins/216343at5125.faa
# Option settings: hmmsearch --domtblout /home/arafat/Foxy_SIX_Evolution/results/busco/GCA_003315725.1/run_hypocreales_odb12.2/hmmer_output/216343at5125.out --cpu 1 /home/arafat/busco_downloads/lineages/hypocreales_odb12.2/hmms/216343at5125.hmm /home/arafat/Foxy_SIX_Evolution/results/busco/GCA_003315725.1/run_hypocreales_odb12.2/miniprot_output/translated_proteins/216343at5125.faa 
# Current dir:     /home/arafat/Foxy_SIX_Evolution
# Date:            Thu Sep 24 13:03:18 2026
# [ok]
