#                                                                                                                  --- full sequence --- -------------- this domain -------------   hmm coord   ali coord   env coord
# target name                                              accession   tlen query name           accession   qlen   E-value  score  bias   #  of  c-Evalue  i-Evalue  score  bias  from    to  from    to  from    to  acc description of target
#                                      ------------------- ---------- ----- -------------------- ---------- ----- --------- ------ ----- --- --- --------- --------- ------ ----- ----- ----- ----- ----- ----- ----- ---- ---------------------
216683at5125_1089452_0:000846|CM010335.1:2006006-2009122|+ -           1023 216683               -            835         0 1505.5   6.8   1   2   1.3e-38   1.3e-38  120.8   2.5     1   139    77   249    77   260 0.78 <unknown description>
216683at5125_1089452_0:000846|CM010335.1:2006006-2009122|+ -           1023 216683               -            835         0 1505.5   6.8   2   2         0         0 1387.1   0.1   116   835   266  1015   252  1015 0.93 <unknown description>
216683at5125_5507_3:00047c|CM010335.1:2006645-2009122|+    -            810 216683               -            835         0 1389.5   0.3   1   2      0.19      0.19   -2.2   0.0   111   139     8    36     4    46 0.78 <unknown description>
216683at5125_5507_3:00047c|CM010335.1:2006645-2009122|+    -            810 216683               -            835         0 1389.5   0.3   2   2         0         0 1388.6   0.3   111   835    48   802    19   802 0.93 <unknown description>
216683at5125_2004952_0:001cc0|CM010335.1:2006168-2008330|+ -            705 216683               -            835  2.7e-296  973.2   4.8   1   2   9.7e-39   9.7e-39  121.2   3.0     1   139    23   195    23   207 0.78 <unknown description>
216683at5125_2004952_0:001cc0|CM010335.1:2006168-2008330|+ -            705 216683               -            835  2.7e-296  973.2   4.8   2   2    1e-259    1e-259  852.2   0.0   115   585   211   705   197   705 0.91 <unknown description>
216683at5125_2885761_0:001bc9|CM010335.1:2006006-2006890|+ -            295 216683               -            835   3.5e-38  119.4   0.1   1   1   4.7e-38   4.7e-38  118.9   0.1     1   125    77   235    77   250 0.77 <unknown description>
216683at5125_2692428_0:002b41|CM010335.1:2006006-2006684|+ -            227 216683               -            835   1.3e-37  117.5   0.1   1   1   1.8e-37   1.8e-37  117.0   0.1     1   115    77   219    77   224 0.81 <unknown description>
#
# Program:         hmmsearch
# Version:         3.4 (Aug 2023)
# Pipeline mode:   SEARCH
# Query file:      /home/arafat/busco_downloads/lineages/hypocreales_odb12.2/hmms/216683at5125.hmm
# Target file:     /home/arafat/Foxy_SIX_Evolution/results/busco/GCA_003315725.1/run_hypocreales_odb12.2/miniprot_output/translated_proteins/216683at5125.faa
# Option settings: hmmsearch --domtblout /home/arafat/Foxy_SIX_Evolution/results/busco/GCA_003315725.1/run_hypocreales_odb12.2/hmmer_output/216683at5125.out --cpu 1 /home/arafat/busco_downloads/lineages/hypocreales_odb12.2/hmms/216683at5125.hmm /home/arafat/Foxy_SIX_Evolution/results/busco/GCA_003315725.1/run_hypocreales_odb12.2/miniprot_output/translated_proteins/216683at5125.faa 
# Current dir:     /home/arafat/Foxy_SIX_Evolution
# Date:            Thu Sep 24 13:03:25 2026
# [ok]
