#                                                                                                                  --- full sequence --- -------------- this domain -------------   hmm coord   ali coord   env coord
# target name                                              accession   tlen query name           accession   qlen   E-value  score  bias   #  of  c-Evalue  i-Evalue  score  bias  from    to  from    to  from    to  acc description of target
#                                      ------------------- ---------- ----- -------------------- ---------- ----- --------- ------ ----- --- --- --------- --------- ------ ----- ----- ----- ----- ----- ----- ----- ---- ---------------------
216963at5125_1080344_0:0006ca|CM010335.1:2891902-2895354|+ -           1083 216963               -            944         0 1811.5   0.1   1   1         0         0 1805.7   0.1     7   944    76  1082    72  1082 0.92 <unknown description>
216963at5125_751941_0:0023f7|CM010335.1:2889767-2895354|+  -           1333 216963               -            944         0 1810.2   0.1   1   1         0         0 1804.6   0.1     7   944   326  1332   322  1332 0.92 <unknown description>
216963at5125_1859967_0:000258|CM010335.1:2888092-2895354|+ -           1597 216963               -            944         0 1809.1   0.1   1   1         0         0 1803.8   0.1     7   944   590  1596   586  1596 0.92 <unknown description>
216963at5125_1237068_0:0022fa|CM010335.1:2891902-2896869|+ -           1454 216963               -            944         0 1782.8   0.1   1   1         0         0 1777.3   0.1     7   940    76  1081    72  1085 0.92 <unknown description>
216963at5125_426428_0:0005d5|QESU01000062.1:35636-39103|-  -           1102 216963               -            944         0 1679.0   0.2   1   1         0         0 1672.3   0.2     7   944    77  1101    73  1101 0.91 <unknown description>
216963at5125_426428_0:0005d5|QESU01000457.1:35636-39103|-  -           1102 216963               -            944         0 1679.0   0.2   1   1         0         0 1672.3   0.2     7   944    77  1101    73  1101 0.91 <unknown description>
216963at5125_5507_5:000902|QESU01000062.1:31507-39103|-    -           1446 216963               -            944         0 1647.9   0.2   1   1         0         0 1641.7   0.2     7   928    77  1085    73  1089 0.91 <unknown description>
216963at5125_5507_5:000902|QESU01000457.1:31507-39103|-    -           1446 216963               -            944         0 1647.9   0.2   1   1         0         0 1641.7   0.2     7   928    77  1085    73  1089 0.91 <unknown description>
216963at5125_5507_2:001266|QESU01000062.1:35636-40454|-    -            995 216963               -            944         0 1645.9   0.0   1   1         0         0 1644.3   0.0    43   944    28   994    14   994 0.92 <unknown description>
216963at5125_5507_2:001266|QESU01000457.1:35636-40454|-    -            995 216963               -            944         0 1645.9   0.0   1   1         0         0 1644.3   0.0    43   944    28   994    14   994 0.92 <unknown description>
216963at5125_426428_0:00098c|QESU01000062.1:34075-39103|-  -           1130 216963               -            944         0 1497.2  11.7   1   2     1e-34     1e-34  109.9   0.0    12   181    53   280    44   297 0.69 <unknown description>
216963at5125_426428_0:00098c|QESU01000062.1:34075-39103|-  -           1130 216963               -            944         0 1497.2  11.7   2   2         0         0 1381.9   9.1   227   928   297  1027   282  1031 0.96 <unknown description>
216963at5125_426428_0:00098c|QESU01000457.1:34075-39103|-  -           1130 216963               -            944         0 1497.2  11.7   1   2     1e-34     1e-34  109.9   0.0    12   181    53   280    44   297 0.69 <unknown description>
216963at5125_426428_0:00098c|QESU01000457.1:34075-39103|-  -           1130 216963               -            944         0 1497.2  11.7   2   2         0         0 1381.9   9.1   227   928   297  1027   282  1031 0.96 <unknown description>
216963at5125_221167_0:002a41|CM010335.1:2893277-2895354|+  -            675 216963               -            944         0 1408.1   1.6   1   1         0         0 1407.9   1.6   284   944     1   674     1   674 0.98 <unknown description>
216963at5125_2773459_0:0005d3|QESU01000062.1:35636-37844|- -            737 216963               -            944         0 1388.2   8.3   1   1         0         0 1386.7   8.3   238   944     1   736     1   736 0.97 <unknown description>
216963at5125_2773459_0:0005d3|QESU01000457.1:35636-37844|- -            737 216963               -            944         0 1388.2   8.3   1   1         0         0 1386.7   8.3   238   944     1   736     1   736 0.97 <unknown description>
216963at5125_1079267_0:0035a4|CM010335.1:2893713-2895354|+ -            548 216963               -            944         0 1127.4   0.1   1   1         0         0 1127.3   0.1   411   944     2   547     1   547 0.98 <unknown description>
216963at5125_396571_0:00494c|QESU01000062.1:35636-37387|-  -            559 216963               -            944         0 1058.4   0.1   1   1         0         0 1058.1   0.1   410   944    15   558     9   558 0.98 <unknown description>
216963at5125_396571_0:00494c|QESU01000457.1:35636-37387|-  -            559 216963               -            944         0 1058.4   0.1   1   1         0         0 1058.1   0.1   410   944    15   558     9   558 0.98 <unknown description>
216963at5125_1325734_0:003b77|CM010335.1:2891902-2893944|+ -            613 216963               -            944  1.2e-259  854.4   0.4   1   1  1.1e-257  1.1e-257  847.8   0.4     7   487    76   613    71   613 0.87 <unknown description>
216963at5125_1325734_0:003b77|QESU01000062.1:37037-39103|- -            635 216963               -            944  1.3e-236  778.0   1.2   1   1  3.3e-234  3.3e-234  770.2   1.2     7   487    77   635    73   635 0.85 <unknown description>
216963at5125_1325734_0:003b77|QESU01000457.1:37037-39103|- -            635 216963               -            944  1.3e-236  778.0   1.2   1   1  3.3e-234  3.3e-234  770.2   1.2     7   487    77   635    73   635 0.85 <unknown description>
216963at5125_221167_0:002a42|CM010335.1:2891902-2893247|+  -            399 216963               -            944  9.3e-110  358.3   0.1   1   1  1.4e-107  1.4e-107  351.1   0.1     7   274    76   399    71   399 0.79 <unknown description>
#
# Program:         hmmsearch
# Version:         3.4 (Aug 2023)
# Pipeline mode:   SEARCH
# Query file:      /home/arafat/busco_downloads/lineages/hypocreales_odb12.2/hmms/216963at5125.hmm
# Target file:     /home/arafat/Foxy_SIX_Evolution/results/busco/GCA_003315725.1/run_hypocreales_odb12.2/miniprot_output/translated_proteins/216963at5125.faa
# Option settings: hmmsearch --domtblout /home/arafat/Foxy_SIX_Evolution/results/busco/GCA_003315725.1/run_hypocreales_odb12.2/hmmer_output/216963at5125.out --cpu 1 /home/arafat/busco_downloads/lineages/hypocreales_odb12.2/hmms/216963at5125.hmm /home/arafat/Foxy_SIX_Evolution/results/busco/GCA_003315725.1/run_hypocreales_odb12.2/miniprot_output/translated_proteins/216963at5125.faa 
# Current dir:     /home/arafat/Foxy_SIX_Evolution
# Date:            Thu Sep 24 13:03:32 2026
# [ok]
