#                                                                                                                  --- full sequence --- -------------- this domain -------------   hmm coord   ali coord   env coord
# target name                                              accession   tlen query name           accession   qlen   E-value  score  bias   #  of  c-Evalue  i-Evalue  score  bias  from    to  from    to  from    to  acc description of target
#                                      ------------------- ---------- ----- -------------------- ---------- ----- --------- ------ ----- --- --- --------- --------- ------ ----- ----- ----- ----- ----- ----- ----- ---- ---------------------
217088at5125_100902_0:00426c|CM010342.1:1484540-1486950|-  -            788 217088               -            657  1.7e-295  970.4   9.1   1   2   7.3e-33   7.3e-33  102.5   3.4     1    96     1   116     1   123 0.78 <unknown description>
217088at5125_100902_0:00426c|CM010342.1:1484540-1486950|-  -            788 217088               -            657  1.7e-295  970.4   9.1   2   2  1.6e-265  1.6e-265  871.3   0.3    74   656   152   786   137   787 0.89 <unknown description>
217088at5125_2004951_0:0014ca|CM010342.1:1485167-1486950|- -            579 217088               -            657  7.7e-210  687.3  12.3   1   2   4.6e-33   4.6e-33  103.2   3.4     1    96     1   116     1   123 0.78 <unknown description>
217088at5125_2004951_0:0014ca|CM010342.1:1485167-1486950|- -            579 217088               -            657  7.7e-210  687.3  12.3   2   2  3.1e-180  3.1e-180  589.5   1.6    74   477   152   579   137   579 0.90 <unknown description>
217088at5125_93591_0:001cfd|CM010342.1:1484540-1486068|-   -            494 217088               -            657  4.2e-200  655.1   0.0   1   1  5.1e-200  5.1e-200  654.9   0.0   217   656     4   492     1   493 0.89 <unknown description>
217088at5125_150374_0:000777|CM010342.1:1484540-1485680|-  -            381 217088               -            657  2.1e-156  510.8   0.1   1   1  2.5e-156  2.5e-156  510.5   0.1   314   656     1   379     1   380 0.90 <unknown description>
217088at5125_150374_0:0008d4|CM010342.1:1485849-1486950|-  -            368 217088               -            657  7.8e-119  386.6  20.5   1   2     2e-33     2e-33  104.4   3.4     1    96     1   116     1   123 0.78 <unknown description>
217088at5125_150374_0:0008d4|CM010342.1:1485849-1486950|-  -            368 217088               -            657  7.8e-119  386.6  20.5   2   2   4.7e-89   4.7e-89  288.2   9.3    74   279   152   362   137   366 0.87 <unknown description>
217088at5125_468837_0:0018e3|CM010342.1:1486233-1486950|-  -            240 217088               -            657   2.4e-61  196.6  16.8   1   2     8e-34     8e-34  105.7   3.4     1    96     1   116     1   123 0.78 <unknown description>
217088at5125_468837_0:0018e3|CM010342.1:1486233-1486950|-  -            240 217088               -            657   2.4e-61  196.6  16.8   2   2   3.6e-31   3.6e-31   96.9   5.6    74   164   152   240   136   240 0.87 <unknown description>
#
# Program:         hmmsearch
# Version:         3.4 (Aug 2023)
# Pipeline mode:   SEARCH
# Query file:      /home/arafat/busco_downloads/lineages/hypocreales_odb12.2/hmms/217088at5125.hmm
# Target file:     /home/arafat/Foxy_SIX_Evolution/results/busco/GCA_003315725.1/run_hypocreales_odb12.2/miniprot_output/translated_proteins/217088at5125.faa
# Option settings: hmmsearch --domtblout /home/arafat/Foxy_SIX_Evolution/results/busco/GCA_003315725.1/run_hypocreales_odb12.2/hmmer_output/217088at5125.out --cpu 1 /home/arafat/busco_downloads/lineages/hypocreales_odb12.2/hmms/217088at5125.hmm /home/arafat/Foxy_SIX_Evolution/results/busco/GCA_003315725.1/run_hypocreales_odb12.2/miniprot_output/translated_proteins/217088at5125.faa 
# Current dir:     /home/arafat/Foxy_SIX_Evolution
# Date:            Thu Sep 24 13:03:34 2026
# [ok]
