#                                                                                                                  --- full sequence --- -------------- this domain -------------   hmm coord   ali coord   env coord
# target name                                              accession   tlen query name           accession   qlen   E-value  score  bias   #  of  c-Evalue  i-Evalue  score  bias  from    to  from    to  from    to  acc description of target
#                                      ------------------- ---------- ----- -------------------- ---------- ----- --------- ------ ----- --- --- --------- --------- ------ ----- ----- ----- ----- ----- ----- ----- ---- ---------------------
217390at5125_426428_0:00232f|CM010338.1:2045215-2048971|-  -           1210 217390               -            888         0 1351.9  36.9   1   4         0         0 1251.9  14.2     5   676    21   748    17   756 0.91 <unknown description>
217390at5125_426428_0:00232f|CM010338.1:2045215-2048971|-  -           1210 217390               -            888         0 1351.9  36.9   2   4   2.6e-05   2.6e-05   10.6   0.8   685   741   822   877   805   895 0.69 <unknown description>
217390at5125_426428_0:00232f|CM010338.1:2045215-2048971|-  -           1210 217390               -            888         0 1351.9  36.9   3   4   0.00033   0.00033    6.9   0.3   713   755   912   954   894   979 0.76 <unknown description>
217390at5125_426428_0:00232f|CM010338.1:2045215-2048971|-  -           1210 217390               -            888         0 1351.9  36.9   4   4   3.6e-29   3.6e-29   89.5   2.1   764   888  1037  1209   987  1209 0.72 <unknown description>
217390at5125_2231603_0:000c63|CM010338.1:2045215-2050308|- -           1221 217390               -            888         0 1351.7  36.9   1   4         0         0 1251.9  14.2     5   676    32   759    28   767 0.91 <unknown description>
217390at5125_2231603_0:000c63|CM010338.1:2045215-2050308|- -           1221 217390               -            888         0 1351.7  36.9   2   4   2.6e-05   2.6e-05   10.6   0.8   685   741   833   888   816   906 0.69 <unknown description>
217390at5125_2231603_0:000c63|CM010338.1:2045215-2050308|- -           1221 217390               -            888         0 1351.7  36.9   3   4   0.00033   0.00033    6.9   0.3   713   755   923   965   905   990 0.76 <unknown description>
217390at5125_2231603_0:000c63|CM010338.1:2045215-2050308|- -           1221 217390               -            888         0 1351.7  36.9   4   4   3.7e-29   3.7e-29   89.5   2.1   764   888  1048  1220   998  1220 0.72 <unknown description>
217390at5125_334819_0:001089|CM010338.1:2046422-2048971|-  -            807 217390               -            888         0 1261.6  14.2   1   1         0         0 1253.8  14.2     5   676    21   748    17   756 0.91 <unknown description>
217390at5125_101201_0:0000b5|CM010338.1:2047147-2048971|-  -            566 217390               -            888         0 1025.8   0.0   1   1         0         0 1025.5   0.0     5   531    21   566    17   566 0.95 <unknown description>
#
# Program:         hmmsearch
# Version:         3.4 (Aug 2023)
# Pipeline mode:   SEARCH
# Query file:      /home/arafat/busco_downloads/lineages/hypocreales_odb12.2/hmms/217390at5125.hmm
# Target file:     /home/arafat/Foxy_SIX_Evolution/results/busco/GCA_003315725.1/run_hypocreales_odb12.2/miniprot_output/translated_proteins/217390at5125.faa
# Option settings: hmmsearch --domtblout /home/arafat/Foxy_SIX_Evolution/results/busco/GCA_003315725.1/run_hypocreales_odb12.2/hmmer_output/217390at5125.out --cpu 1 /home/arafat/busco_downloads/lineages/hypocreales_odb12.2/hmms/217390at5125.hmm /home/arafat/Foxy_SIX_Evolution/results/busco/GCA_003315725.1/run_hypocreales_odb12.2/miniprot_output/translated_proteins/217390at5125.faa 
# Current dir:     /home/arafat/Foxy_SIX_Evolution
# Date:            Thu Sep 24 13:03:38 2026
# [ok]
