#                                                                                                                  --- full sequence --- -------------- this domain -------------   hmm coord   ali coord   env coord
# target name                                              accession   tlen query name           accession   qlen   E-value  score  bias   #  of  c-Evalue  i-Evalue  score  bias  from    to  from    to  from    to  acc description of target
#                                      ------------------- ---------- ----- -------------------- ---------- ----- --------- ------ ----- --- --- --------- --------- ------ ----- ----- ----- ----- ----- ----- ----- ---- ---------------------
217509at5125_1089452_0:000233|CM010335.1:2242629-2244277|+ -            532 217509               -            490  3.9e-288  944.2   0.4   1   1  4.4e-288  4.4e-288  944.0   0.4     2   490    32   529    31   529 0.98 <unknown description>
217509at5125_1736662_0:00208d|CM010335.1:2240852-2244277|+ -            696 217509               -            490  9.5e-288  942.9   0.4   1   1  1.1e-287  1.1e-287  942.7   0.4     2   490   196   693   195   693 0.98 <unknown description>
217509at5125_2773459_0:002b15|CM010335.1:2243197-2244277|+ -            361 217509               -            490    1e-212  695.4   0.1   1   1  1.2e-212  1.2e-212  695.3   0.1   138   490     1   358     1   358 0.99 <unknown description>
217509at5125_229533_0:00053f|CM010335.1:2242629-2243814|+  -            377 217509               -            490  2.8e-187  611.6   1.3   1   1  3.4e-187  3.4e-187  611.3   1.3     2   328    32   367    31   374 0.96 <unknown description>
217509at5125_948311_0:0010e3|CM010335.1:2243470-2244277|+  -            270 217509               -            490  8.5e-157  511.0   0.0   1   1  9.5e-157  9.5e-157  510.8   0.0   229   490     1   267     1   267 0.98 <unknown description>
217509at5125_93591_0:002265|CM010335.1:2243650-2244271|+   -            208 217509               -            490    6e-124  402.7   0.2   1   1  6.6e-124  6.6e-124  402.5   0.2   284   490     1   207     1   207 1.00 <unknown description>
217509at5125_93591_0:002729|CM010335.1:2242731-2243263|+   -            160 217509               -            490   1.5e-83  269.4   6.1   1   1   1.7e-83   1.7e-83  269.3   6.1     5   160     1   160     1   160 0.97 <unknown description>
#
# Program:         hmmsearch
# Version:         3.4 (Aug 2023)
# Pipeline mode:   SEARCH
# Query file:      /home/arafat/busco_downloads/lineages/hypocreales_odb12.2/hmms/217509at5125.hmm
# Target file:     /home/arafat/Foxy_SIX_Evolution/results/busco/GCA_003315725.1/run_hypocreales_odb12.2/miniprot_output/translated_proteins/217509at5125.faa
# Option settings: hmmsearch --domtblout /home/arafat/Foxy_SIX_Evolution/results/busco/GCA_003315725.1/run_hypocreales_odb12.2/hmmer_output/217509at5125.out --cpu 1 /home/arafat/busco_downloads/lineages/hypocreales_odb12.2/hmms/217509at5125.hmm /home/arafat/Foxy_SIX_Evolution/results/busco/GCA_003315725.1/run_hypocreales_odb12.2/miniprot_output/translated_proteins/217509at5125.faa 
# Current dir:     /home/arafat/Foxy_SIX_Evolution
# Date:            Thu Sep 24 13:03:39 2026
# [ok]
