#                                                                                                                  --- full sequence --- -------------- this domain -------------   hmm coord   ali coord   env coord
# target name                                              accession   tlen query name           accession   qlen   E-value  score  bias   #  of  c-Evalue  i-Evalue  score  bias  from    to  from    to  from    to  acc description of target
#                                      ------------------- ---------- ----- -------------------- ---------- ----- --------- ------ ----- --- --- --------- --------- ------ ----- ----- ----- ----- ----- ----- ----- ---- ---------------------
217663at5125_595255_0:002dce|CM010335.1:3190197-3206516|-  -           2703 217663               -           2544         0 4674.1  23.1   1   1         0         0 4671.9  23.1     1  2540     1  2640     1  2646 0.95 <unknown description>
217663at5125_48485_0:0029fc|CM010335.1:3196892-3206516|-   -           3001 217663               -           2544         0 4669.9  22.5   1   1         0         0 4667.9  22.5     1  2537     1  2637     1  2648 0.95 <unknown description>
217663at5125_1053134_0:00036f|CM010335.1:3199452-3206516|- -           2339 217663               -           2544         0 4242.3   6.6   1   1         0         0 4242.1   6.6     1  2258     1  2338     1  2339 0.96 <unknown description>
217663at5125_2004951_0:001f6e|CM010335.1:3198534-3204369|- -           1946 217663               -           2544         0 3491.2  30.4   1   1         0         0 3488.8  30.4   650  2544     1  1945     1  1945 0.96 <unknown description>
217663at5125_2773459_0:000c54|CM010335.1:3198534-3202566|- -           1345 217663               -           2544         0 2424.9  29.4   1   1         0         0 2422.1  29.4  1238  2544     1  1344     1  1344 0.96 <unknown description>
217663at5125_2773459_0:002427|CM010335.1:3202533-3206516|- -           1312 217663               -           2544         0 2245.8   0.2   1   1         0         0 2245.5   0.2     1  1249     1  1312     1  1312 0.95 <unknown description>
217663at5125_468837_0:0013bf|CM010335.1:3198534-3201735|-  -           1068 217663               -           2544         0 1922.2  32.5   1   1         0         0 1919.1  32.5  1515  2544     1  1067     1  1067 0.95 <unknown description>
217663at5125_1208366_0:001a2f|CM010335.1:3203475-3206516|- -            998 217663               -           2544         0 1670.4   0.8   1   1         0         0 1670.1   0.8     1   939     1   998     1   998 0.94 <unknown description>
#
# Program:         hmmsearch
# Version:         3.4 (Aug 2023)
# Pipeline mode:   SEARCH
# Query file:      /home/arafat/busco_downloads/lineages/hypocreales_odb12.2/hmms/217663at5125.hmm
# Target file:     /home/arafat/Foxy_SIX_Evolution/results/busco/GCA_003315725.1/run_hypocreales_odb12.2/miniprot_output/translated_proteins/217663at5125.faa
# Option settings: hmmsearch --domtblout /home/arafat/Foxy_SIX_Evolution/results/busco/GCA_003315725.1/run_hypocreales_odb12.2/hmmer_output/217663at5125.out --cpu 1 /home/arafat/busco_downloads/lineages/hypocreales_odb12.2/hmms/217663at5125.hmm /home/arafat/Foxy_SIX_Evolution/results/busco/GCA_003315725.1/run_hypocreales_odb12.2/miniprot_output/translated_proteins/217663at5125.faa 
# Current dir:     /home/arafat/Foxy_SIX_Evolution
# Date:            Thu Sep 24 13:03:45 2026
# [ok]
