#                                                                                                                --- full sequence --- -------------- this domain -------------   hmm coord   ali coord   env coord
# target name                                            accession   tlen query name           accession   qlen   E-value  score  bias   #  of  c-Evalue  i-Evalue  score  bias  from    to  from    to  from    to  acc description of target
#                                    ------------------- ---------- ----- -------------------- ---------- ----- --------- ------ ----- --- --- --------- --------- ------ ----- ----- ----- ----- ----- ----- ----- ---- ---------------------
217927at5125_56676_0:000fc0|CM010335.1:575127-581874|-   -            767 217927               -            633         0 1294.3  15.7   1   2         0         0 1257.6   3.5     3   599     4   615     2   621 0.93 <unknown description>
217927at5125_56676_0:000fc0|CM010335.1:575127-581874|-   -            767 217927               -            633         0 1294.3  15.7   2   2   7.6e-15   7.6e-15   42.7   5.3   555   633   618   718   612   718 0.63 <unknown description>
217927at5125_192010_0:003a45|CM010335.1:579613-582055|-  -            783 217927               -            633         0 1293.9  15.4   1   2         0         0 1257.5   3.5     3   599    64   675    62   681 0.93 <unknown description>
217927at5125_192010_0:003a45|CM010335.1:579613-582055|-  -            783 217927               -            633         0 1293.9  15.4   2   2   1.1e-14   1.1e-14   42.2   5.1   556   632   679   777   673   778 0.63 <unknown description>
217927at5125_61374_0:000412|CM010335.1:577605-581874|-   -           1010 217927               -            633         0 1251.7  17.2   1   2         0         0 1248.0  16.1     3   633     4   680     2   680 0.89 <unknown description>
217927at5125_61374_0:000412|CM010335.1:577605-581874|-   -           1010 217927               -            633         0 1251.7  17.2   2   2      0.54      0.54   -3.0   0.0   531   592   869   931   862   937 0.65 <unknown description>
217927at5125_660122_0:00013d|CM010335.1:580138-581853|-  -            532 217927               -            633         0 1204.5   1.8   1   1         0         0 1204.4   1.8     7   543     1   532     1   532 0.99 <unknown description>
217927at5125_1237068_0:000567|CM010335.1:580575-581874|- -            418 217927               -            633  1.8e-298  979.7   0.2   1   1  2.2e-298  2.2e-298  979.4   0.2     3   413     4   414     2   417 0.99 <unknown description>
217927at5125_426428_0:000469|CM010335.1:579613-581049|-  -            464 217927               -            633  3.1e-196  641.9  21.8   1   2  6.2e-185  6.2e-185  604.6   9.7   259   599     1   356     1   362 0.88 <unknown description>
217927at5125_426428_0:000469|CM010335.1:579613-581049|-  -            464 217927               -            633  3.1e-196  641.9  21.8   2   2   5.8e-15   5.8e-15   43.1   5.5   555   632   359   458   353   459 0.63 <unknown description>
217927at5125_426428_0:000089|CM010335.1:581286-581874|-  -            181 217927               -            633  2.3e-128  417.7   0.0   1   1  2.6e-128  2.6e-128  417.6   0.0     3   180     4   181     2   181 0.99 <unknown description>
#
# Program:         hmmsearch
# Version:         3.4 (Aug 2023)
# Pipeline mode:   SEARCH
# Query file:      /home/arafat/busco_downloads/lineages/hypocreales_odb12.2/hmms/217927at5125.hmm
# Target file:     /home/arafat/Foxy_SIX_Evolution/results/busco/GCA_003315725.1/run_hypocreales_odb12.2/miniprot_output/translated_proteins/217927at5125.faa
# Option settings: hmmsearch --domtblout /home/arafat/Foxy_SIX_Evolution/results/busco/GCA_003315725.1/run_hypocreales_odb12.2/hmmer_output/217927at5125.out --cpu 1 /home/arafat/busco_downloads/lineages/hypocreales_odb12.2/hmms/217927at5125.hmm /home/arafat/Foxy_SIX_Evolution/results/busco/GCA_003315725.1/run_hypocreales_odb12.2/miniprot_output/translated_proteins/217927at5125.faa 
# Current dir:     /home/arafat/Foxy_SIX_Evolution
# Date:            Thu Sep 24 13:03:21 2026
# [ok]
