#                                                                                                                  --- full sequence --- -------------- this domain -------------   hmm coord   ali coord   env coord
# target name                                              accession   tlen query name           accession   qlen   E-value  score  bias   #  of  c-Evalue  i-Evalue  score  bias  from    to  from    to  from    to  acc description of target
#                                      ------------------- ---------- ----- -------------------- ---------- ----- --------- ------ ----- --- --- --------- --------- ------ ----- ----- ----- ----- ----- ----- ----- ---- ---------------------
217982at5125_72712_0:00079b|CM010338.1:4089419-4091415|-   -            647 217982               -            415  2.1e-160  521.8  11.6   1   3    5e-135    5e-135  438.2   0.1     1   299    32   359    32   366 0.91 <unknown description>
217982at5125_72712_0:00079b|CM010338.1:4089419-4091415|-   -            647 217982               -            415  2.1e-160  521.8  11.6   2   3   4.2e-20   4.2e-20   59.6   0.7   298   383   387   500   364   512 0.69 <unknown description>
217982at5125_72712_0:00079b|CM010338.1:4089419-4091415|-   -            647 217982               -            415  2.1e-160  521.8  11.6   3   3   1.8e-09   1.8e-09   24.6   0.9   321   415   539   645   533   645 0.74 <unknown description>
217982at5125_1291518_0:001bbf|CM010338.1:4089419-4096801|- -            817 217982               -            415  7.9e-160  519.9  11.8   1   3  8.3e-135  8.3e-135  437.5   0.1     1   299   202   529   202   538 0.91 <unknown description>
217982at5125_1291518_0:001bbf|CM010338.1:4089419-4096801|- -            817 217982               -            415  7.9e-160  519.9  11.8   2   3   5.5e-20   5.5e-20   59.2   0.8   298   384   557   671   530   688 0.70 <unknown description>
217982at5125_1291518_0:001bbf|CM010338.1:4089419-4096801|- -            817 217982               -            415  7.9e-160  519.9  11.8   3   3   2.3e-09   2.3e-09   24.2   0.9   321   415   709   815   702   815 0.74 <unknown description>
217982at5125_1089452_0:001525|CM010338.1:4089419-4091923|- -            799 217982               -            415  9.6e-160  519.6  11.9   1   3  8.1e-135  8.1e-135  437.5   0.1     1   299   184   511   184   519 0.91 <unknown description>
217982at5125_1089452_0:001525|CM010338.1:4089419-4091923|- -            799 217982               -            415  9.6e-160  519.6  11.9   2   3   5.4e-20   5.4e-20   59.3   0.8   298   384   539   653   512   670 0.70 <unknown description>
217982at5125_1089452_0:001525|CM010338.1:4089419-4091923|- -            799 217982               -            415  9.6e-160  519.6  11.9   3   3   2.3e-09   2.3e-09   24.3   0.9   321   415   691   797   684   797 0.74 <unknown description>
#
# Program:         hmmsearch
# Version:         3.4 (Aug 2023)
# Pipeline mode:   SEARCH
# Query file:      /home/arafat/busco_downloads/lineages/hypocreales_odb12.2/hmms/217982at5125.hmm
# Target file:     /home/arafat/Foxy_SIX_Evolution/results/busco/GCA_003315725.1/run_hypocreales_odb12.2/miniprot_output/translated_proteins/217982at5125.faa
# Option settings: hmmsearch --domtblout /home/arafat/Foxy_SIX_Evolution/results/busco/GCA_003315725.1/run_hypocreales_odb12.2/hmmer_output/217982at5125.out --cpu 1 /home/arafat/busco_downloads/lineages/hypocreales_odb12.2/hmms/217982at5125.hmm /home/arafat/Foxy_SIX_Evolution/results/busco/GCA_003315725.1/run_hypocreales_odb12.2/miniprot_output/translated_proteins/217982at5125.faa 
# Current dir:     /home/arafat/Foxy_SIX_Evolution
# Date:            Thu Sep 24 13:03:22 2026
# [ok]
