#                                                                                                                  --- full sequence --- -------------- this domain -------------   hmm coord   ali coord   env coord
# target name                                              accession   tlen query name           accession   qlen   E-value  score  bias   #  of  c-Evalue  i-Evalue  score  bias  from    to  from    to  from    to  acc description of target
#                                      ------------------- ---------- ----- -------------------- ---------- ----- --------- ------ ----- --- --- --------- --------- ------ ----- ----- ----- ----- ----- ----- ----- ---- ---------------------
218010at5125_1089452_0:00249a|CM010336.1:1887478-1889571|+ -            644 218010               -            518  9.4e-260  850.0  23.7   1   4   3.3e-31   3.3e-31   95.9   0.0     8    69    17    78    10    88 0.90 <unknown description>
218010at5125_1089452_0:00249a|CM010336.1:1887478-1889571|+ -            644 218010               -            518  9.4e-260  850.0  23.7   2   4  4.1e-104  4.1e-104  336.5   0.0    68   276   103   315    98   321 0.96 <unknown description>
218010at5125_1089452_0:00249a|CM010336.1:1887478-1889571|+ -            644 218010               -            518  9.4e-260  850.0  23.7   3   4  3.6e-113  3.6e-113  366.4  17.1   270   493   338   581   335   594 0.89 <unknown description>
218010at5125_1089452_0:00249a|CM010336.1:1887478-1889571|+ -            644 218010               -            518  9.4e-260  850.0  23.7   4   4   2.6e-16   2.6e-16   46.8   0.1   470   518   595   643   584   643 0.88 <unknown description>
218010at5125_43265_0:00019b|CM010336.1:1888059-1889571|+   -            505 218010               -            518  2.8e-204  667.0  19.7   1   4   1.5e-76   1.5e-76  245.5   0.0   108   276     7   176     3   182 0.97 <unknown description>
218010at5125_43265_0:00019b|CM010336.1:1888059-1889571|+   -            505 218010               -            518  2.8e-204  667.0  19.7   2   4   2.1e-61   2.1e-61  195.6   0.1   270   377   199   306   196   313 0.95 <unknown description>
218010at5125_43265_0:00019b|CM010336.1:1888059-1889571|+   -            505 218010               -            518  2.8e-204  667.0  19.7   3   4   2.9e-57   2.9e-57  181.9  11.2   372   493   321   442   314   452 0.93 <unknown description>
218010at5125_43265_0:00019b|CM010336.1:1888059-1889571|+   -            505 218010               -            518  2.8e-204  667.0  19.7   4   4   1.9e-16   1.9e-16   47.2   0.1   470   518   456   504   446   504 0.88 <unknown description>
218010at5125_468837_0:002c39|CM010336.1:1887478-1888608|+  -            323 218010               -            518  5.7e-135  438.3   0.0   1   2   1.2e-31   1.2e-31   97.4   0.0     8    69    17    78     9    88 0.90 <unknown description>
218010at5125_468837_0:002c39|CM010336.1:1887478-1888608|+  -            323 218010               -            518  5.7e-135  438.3   0.0   2   2  7.8e-105  7.8e-105  338.9   0.0    68   276   103   315    98   320 0.96 <unknown description>
#
# Program:         hmmsearch
# Version:         3.4 (Aug 2023)
# Pipeline mode:   SEARCH
# Query file:      /home/arafat/busco_downloads/lineages/hypocreales_odb12.2/hmms/218010at5125.hmm
# Target file:     /home/arafat/Foxy_SIX_Evolution/results/busco/GCA_003315725.1/run_hypocreales_odb12.2/miniprot_output/translated_proteins/218010at5125.faa
# Option settings: hmmsearch --domtblout /home/arafat/Foxy_SIX_Evolution/results/busco/GCA_003315725.1/run_hypocreales_odb12.2/hmmer_output/218010at5125.out --cpu 1 /home/arafat/busco_downloads/lineages/hypocreales_odb12.2/hmms/218010at5125.hmm /home/arafat/Foxy_SIX_Evolution/results/busco/GCA_003315725.1/run_hypocreales_odb12.2/miniprot_output/translated_proteins/218010at5125.faa 
# Current dir:     /home/arafat/Foxy_SIX_Evolution
# Date:            Thu Sep 24 13:03:23 2026
# [ok]
