#                                                                                                                  --- full sequence --- -------------- this domain -------------   hmm coord   ali coord   env coord
# target name                                              accession   tlen query name           accession   qlen   E-value  score  bias   #  of  c-Evalue  i-Evalue  score  bias  from    to  from    to  from    to  acc description of target
#                                      ------------------- ---------- ----- -------------------- ---------- ----- --------- ------ ----- --- --- --------- --------- ------ ----- ----- ----- ----- ----- ----- ----- ---- ---------------------
218567at5125_1089452_0:0031d2|CM010342.1:1412855-1416020|+ -           1056 218567               -           1043         0 1545.2   0.0   1   1         0         0 1545.0   0.0     5  1039     9  1052     5  1055 0.95 <unknown description>
218567at5125_1330021_0:000b09|CM010342.1:1410707-1416011|+ -           1026 218567               -           1043         0 1523.7   0.0   1   1         0         0 1523.5   0.0    41  1038    24  1024     4  1026 0.95 <unknown description>
218567at5125_47278_0:000c42|CM010342.1:1407419-1415999|+   -            864 218567               -           1043         0 1429.9   0.0   1   1         0         0 1429.7   0.0   184  1035     3   863     1   864 0.98 <unknown description>
218567at5125_2030778_0:001548|CM010342.1:1413527-1416011|+ -            829 218567               -           1043         0 1375.1   0.0   1   1         0         0 1374.9   0.0   221  1038     1   827     1   829 0.98 <unknown description>
218567at5125_72228_0:001523|CM010342.1:1414301-1416017|+   -            573 218567               -           1043  1.1e-293  966.0   0.0   1   1  1.3e-293  1.3e-293  965.8   0.0   482  1039     2   570     1   573 0.98 <unknown description>
218567at5125_117187_0:002ae6|CM010342.1:1414991-1416020|+  -            344 218567               -           1043  2.2e-208  683.5   0.0   1   1  2.5e-208  2.5e-208  683.4   0.0   711  1039     1   340     1   343 0.97 <unknown description>
218567at5125_29875_0:002759|CM010342.1:1415180-1415996|+   -            273 218567               -           1043  5.2e-155  506.9   0.0   1   1  5.9e-155  5.9e-155  506.7   0.0   775  1035     2   273     1   273 0.97 <unknown description>
#
# Program:         hmmsearch
# Version:         3.4 (Aug 2023)
# Pipeline mode:   SEARCH
# Query file:      /home/arafat/busco_downloads/lineages/hypocreales_odb12.2/hmms/218567at5125.hmm
# Target file:     /home/arafat/Foxy_SIX_Evolution/results/busco/GCA_003315725.1/run_hypocreales_odb12.2/miniprot_output/translated_proteins/218567at5125.faa
# Option settings: hmmsearch --domtblout /home/arafat/Foxy_SIX_Evolution/results/busco/GCA_003315725.1/run_hypocreales_odb12.2/hmmer_output/218567at5125.out --cpu 1 /home/arafat/busco_downloads/lineages/hypocreales_odb12.2/hmms/218567at5125.hmm /home/arafat/Foxy_SIX_Evolution/results/busco/GCA_003315725.1/run_hypocreales_odb12.2/miniprot_output/translated_proteins/218567at5125.faa 
# Current dir:     /home/arafat/Foxy_SIX_Evolution
# Date:            Thu Sep 24 13:03:37 2026
# [ok]
