#                                                                                                                  --- full sequence --- -------------- this domain -------------   hmm coord   ali coord   env coord
# target name                                              accession   tlen query name           accession   qlen   E-value  score  bias   #  of  c-Evalue  i-Evalue  score  bias  from    to  from    to  from    to  acc description of target
#                                      ------------------- ---------- ----- -------------------- ---------- ----- --------- ------ ----- --- --- --------- --------- ------ ----- ----- ----- ----- ----- ----- ----- ---- ---------------------
218694at5125_1089452_0:000036|CM010335.1:1711151-1713782|- -            878 218694               -            772         0 1270.2   2.7   1   2         0         0 1200.5   0.1     1   729     2   805     2   818 0.87 <unknown description>
218694at5125_1089452_0:000036|CM010335.1:1711151-1713782|- -            878 218694               -            772         0 1270.2   2.7   2   2   4.6e-23   4.6e-23   69.9   0.6   717   772   822   877   817   877 0.91 <unknown description>
218694at5125_93591_0:000ae2|CM010335.1:1711787-1713542|-   -            586 218694               -            772  9.4e-276  905.5   0.7   1   1  1.2e-275  1.2e-275  905.1   0.7    76   604    18   583     7   586 0.90 <unknown description>
218694at5125_468837_0:0006fc|CM010335.1:1711151-1712783|-  -            545 218694               -            772  3.2e-228  748.3   0.8   1   2  2.5e-206  2.5e-206  675.9   0.0   301   729     1   472     1   485 0.88 <unknown description>
218694at5125_468837_0:0006fc|CM010335.1:1711151-1712783|-  -            545 218694               -            772  3.2e-228  748.3   0.8   2   2   2.1e-23   2.1e-23   70.9   0.6   716   772   488   544   479   544 0.91 <unknown description>
218694at5125_98403_0:00208a|CM010335.1:1712222-1713518|-   -            433 218694               -            772  1.1e-214  703.6   3.6   1   1  1.3e-214  1.3e-214  703.3   3.6    77   475    11   433     3   433 0.90 <unknown description>
218694at5125_1081103_0:001d5f|CM010335.1:1711151-1712363|- -            405 218694               -            772  8.8e-152  495.5   0.1   1   2  1.6e-129  1.6e-129  421.9   0.0   430   729     2   332     1   345 0.88 <unknown description>
218694at5125_1081103_0:001d5f|CM010335.1:1711151-1712363|- -            405 218694               -            772  8.8e-152  495.5   0.1   2   2   1.6e-23   1.6e-23   71.4   0.6   716   772   348   404   342   404 0.91 <unknown description>
218694at5125_468837_0:000705|CM010335.1:1712877-1713782|-  -            302 218694               -            772  2.2e-117  381.7   0.4   1   1  2.8e-117  2.8e-117  381.4   0.4     1   243     2   273     2   282 0.83 <unknown description>
218694at5125_1081103_0:001dd1|CM010335.1:1712864-1713452|- -            197 218694               -            772   1.1e-97  316.6   0.3   1   1   1.2e-97   1.2e-97  316.5   0.3    89   274     1   197     1   197 0.91 <unknown description>
218694at5125_2039874_0:001814|CM010335.1:1712345-1712795|- -            151 218694               -            772   3.3e-79  255.5   1.4   1   1     4e-79     4e-79  255.2   1.4   297   435     1   151     1   151 0.89 <unknown description>
#
# Program:         hmmsearch
# Version:         3.4 (Aug 2023)
# Pipeline mode:   SEARCH
# Query file:      /home/arafat/busco_downloads/lineages/hypocreales_odb12.2/hmms/218694at5125.hmm
# Target file:     /home/arafat/Foxy_SIX_Evolution/results/busco/GCA_003315725.1/run_hypocreales_odb12.2/miniprot_output/translated_proteins/218694at5125.faa
# Option settings: hmmsearch --domtblout /home/arafat/Foxy_SIX_Evolution/results/busco/GCA_003315725.1/run_hypocreales_odb12.2/hmmer_output/218694at5125.out --cpu 1 /home/arafat/busco_downloads/lineages/hypocreales_odb12.2/hmms/218694at5125.hmm /home/arafat/Foxy_SIX_Evolution/results/busco/GCA_003315725.1/run_hypocreales_odb12.2/miniprot_output/translated_proteins/218694at5125.faa 
# Current dir:     /home/arafat/Foxy_SIX_Evolution
# Date:            Thu Sep 24 13:03:38 2026
# [ok]
