#                                                                                                                  --- full sequence --- -------------- this domain -------------   hmm coord   ali coord   env coord
# target name                                              accession   tlen query name           accession   qlen   E-value  score  bias   #  of  c-Evalue  i-Evalue  score  bias  from    to  from    to  from    to  acc description of target
#                                      ------------------- ---------- ----- -------------------- ---------- ----- --------- ------ ----- --- --- --------- --------- ------ ----- ----- ----- ----- ----- ----- ----- ---- ---------------------
218732at5125_1089452_0:003209|CM010342.1:1909366-1911385|- -            674 218732               -            541  1.6e-203  666.6  18.8   1   2     3e-65     3e-65  210.3  10.5     2   131    69   199    68   205 0.89 <unknown description>
218732at5125_1089452_0:003209|CM010342.1:1909366-1911385|- -            674 218732               -            541  1.6e-203  666.6  18.8   2   2  2.6e-141  2.6e-141  461.3   1.2   112   536   220   644   205   649 0.92 <unknown description>
218732at5125_268505_0:001755|CM010342.1:1909462-1912057|-  -            630 218732               -            541  2.4e-203  666.0  17.7   1   2   2.5e-65   2.5e-65  210.5  10.4     2   131    57   187    56   193 0.89 <unknown description>
218732at5125_268505_0:001755|CM010342.1:1909462-1912057|-  -            630 218732               -            541  2.4e-203  666.0  17.7   2   2  5.6e-141  5.6e-141  460.2   0.8   112   533   208   629   191   630 0.92 <unknown description>
218732at5125_1896173_0:000a4c|CM010342.1:1900333-1911385|- -            599 218732               -            541  4.5e-180  589.3  34.3   1   3   2.3e-65   2.3e-65  210.6  10.4     2   131    69   199    68   206 0.89 <unknown description>
218732at5125_1896173_0:000a4c|CM010342.1:1900333-1911385|- -            599 218732               -            541  4.5e-180  589.3  34.3   2   3   9.2e-16   9.2e-16   46.9  10.9   112   169   220   277   203   285 0.79 <unknown description>
218732at5125_1896173_0:000a4c|CM010342.1:1900333-1911385|- -            599 218732               -            541  4.5e-180  589.3  34.3   3   3  6.8e-105  6.8e-105  341.1   1.8   255   536   275   552   267   556 0.95 <unknown description>
218732at5125_307937_0:000bd6|CM010342.1:1909492-1911088|-  -            533 218732               -            541  7.2e-176  575.4  17.5   1   2   8.5e-39   8.5e-39  123.0  10.6    35   131     4   100     1   106 0.85 <unknown description>
218732at5125_307937_0:000bd6|CM010342.1:1909492-1911088|-  -            533 218732               -            541  7.2e-176  575.4  17.5   2   2  6.9e-140  6.9e-140  456.6   1.2   111   523   120   532    94   533 0.92 <unknown description>
218732at5125_2034170_0:002d2f|CM010342.1:1909405-1910734|- -            444 218732               -            541  3.1e-141  461.1   2.1   1   1  3.5e-141  3.5e-141  460.9   2.1   116   536     7   427     1   432 0.93 <unknown description>
218732at5125_2559223_0:000cb1|CM010342.1:1909966-1911316|- -            451 218732               -            541  1.3e-140  459.0  17.0   1   2   1.5e-65   1.5e-65  211.2  10.5     2   131    46   176    45   183 0.89 <unknown description>
218732at5125_2559223_0:000cb1|CM010342.1:1909966-1911316|- -            451 218732               -            541  1.3e-140  459.0  17.0   2   2   9.2e-78   9.2e-78  251.6   1.3   111   363   196   451   169   451 0.89 <unknown description>
218732at5125_490622_0:002560|CM010342.1:1909405-1910434|-  -            344 218732               -            541  2.2e-116  379.1   0.1   1   1  2.5e-116  2.5e-116  378.9   0.1   205   536     2   327     1   332 0.96 <unknown description>
218732at5125_2502994_0:0023a5|CM010342.1:1909366-1909885|- -            174 218732               -            541   1.2e-46  148.9   6.0   1   1   1.4e-46   1.4e-46  148.7   6.0   390   536     1   144     1   149 0.95 <unknown description>
#
# Program:         hmmsearch
# Version:         3.4 (Aug 2023)
# Pipeline mode:   SEARCH
# Query file:      /home/arafat/busco_downloads/lineages/hypocreales_odb12.2/hmms/218732at5125.hmm
# Target file:     /home/arafat/Foxy_SIX_Evolution/results/busco/GCA_003315725.1/run_hypocreales_odb12.2/miniprot_output/translated_proteins/218732at5125.faa
# Option settings: hmmsearch --domtblout /home/arafat/Foxy_SIX_Evolution/results/busco/GCA_003315725.1/run_hypocreales_odb12.2/hmmer_output/218732at5125.out --cpu 1 /home/arafat/busco_downloads/lineages/hypocreales_odb12.2/hmms/218732at5125.hmm /home/arafat/Foxy_SIX_Evolution/results/busco/GCA_003315725.1/run_hypocreales_odb12.2/miniprot_output/translated_proteins/218732at5125.faa 
# Current dir:     /home/arafat/Foxy_SIX_Evolution
# Date:            Thu Sep 24 13:03:39 2026
# [ok]
