#                                                                                                                  --- full sequence --- -------------- this domain -------------   hmm coord   ali coord   env coord
# target name                                              accession   tlen query name           accession   qlen   E-value  score  bias   #  of  c-Evalue  i-Evalue  score  bias  from    to  from    to  from    to  acc description of target
#                                      ------------------- ---------- ----- -------------------- ---------- ----- --------- ------ ----- --- --- --------- --------- ------ ----- ----- ----- ----- ----- ----- ----- ---- ---------------------
218856at5125_1806559_0:000ddf|CM010341.1:1354966-1356356|+ -            446 218856               -            355  1.1e-214  701.3   0.0   1   1  1.3e-214  1.3e-214  701.1   0.0     1   353    76   432    76   434 0.98 <unknown description>
218856at5125_426428_0:0038b0|CM010341.1:1354852-1356623|+  -            573 218856               -            355  2.4e-214  700.2   0.0   1   1  2.9e-214  2.9e-214  699.9   0.0     1   353   114   470   114   472 0.98 <unknown description>
218856at5125_29856_0:0023ca|CM010341.1:1350892-1356611|+   -            576 218856               -            355  2.4e-214  700.2   0.0   1   1  2.9e-214  2.9e-214  699.9   0.0     1   353   121   477   121   479 0.98 <unknown description>
218856at5125_80388_0:001b2e|CM010341.1:1354837-1364659|+   -            576 218856               -            355  2.4e-214  700.2   0.0   1   1  2.9e-214  2.9e-214  699.9   0.0     1   353   119   475   119   477 0.98 <unknown description>
218856at5125_2030778_0:000b91|CM010341.1:1355252-1358113|+ -            397 218856               -            355  9.1e-214  698.3   0.0   1   1  1.1e-213  1.1e-213  698.1   0.0     3   353     1   355     1   357 0.98 <unknown description>
218856at5125_654480_0:001a59|CM010341.1:1355252-1356623|+  -            458 218856               -            355  1.5e-213  697.6   0.0   1   1  1.7e-213  1.7e-213  697.4   0.0     3   353     1   355     1   357 0.98 <unknown description>
218856at5125_1344414_0:001c97|CM010341.1:1355252-1361722|+ -            479 218856               -            355  1.7e-213  697.4   0.0   1   1    2e-213    2e-213  697.1   0.0     3   353     1   355     1   357 0.98 <unknown description>
218856at5125_413071_0:000f0c|CM010341.1:1355243-1356287|+  -            349 218856               -            355  8.3e-211  688.5   0.0   1   1  9.4e-211  9.4e-211  688.4   0.0     2   344     3   349     2   349 0.98 <unknown description>
218856at5125_2004951_0:0015cf|CM010341.1:1355618-1356338|+ -            241 218856               -            355  2.9e-141  459.8   0.0   1   1  3.3e-141  3.3e-141  459.6   0.0   122   353     1   233     1   235 0.99 <unknown description>
218856at5125_983965_0:001eb1|CM010341.1:1356149-1356611|+  -            155 218856               -            355   6.7e-32  100.1   0.6   1   1   8.7e-32   8.7e-32   99.7   0.6   298   353     1    56     1    58 0.97 <unknown description>
#
# Program:         hmmsearch
# Version:         3.4 (Aug 2023)
# Pipeline mode:   SEARCH
# Query file:      /home/arafat/busco_downloads/lineages/hypocreales_odb12.2/hmms/218856at5125.hmm
# Target file:     /home/arafat/Foxy_SIX_Evolution/results/busco/GCA_003315725.1/run_hypocreales_odb12.2/miniprot_output/translated_proteins/218856at5125.faa
# Option settings: hmmsearch --domtblout /home/arafat/Foxy_SIX_Evolution/results/busco/GCA_003315725.1/run_hypocreales_odb12.2/hmmer_output/218856at5125.out --cpu 1 /home/arafat/busco_downloads/lineages/hypocreales_odb12.2/hmms/218856at5125.hmm /home/arafat/Foxy_SIX_Evolution/results/busco/GCA_003315725.1/run_hypocreales_odb12.2/miniprot_output/translated_proteins/218856at5125.faa 
# Current dir:     /home/arafat/Foxy_SIX_Evolution
# Date:            Thu Sep 24 13:03:41 2026
# [ok]
