#                                                                                                                --- full sequence --- -------------- this domain -------------   hmm coord   ali coord   env coord
# target name                                            accession   tlen query name           accession   qlen   E-value  score  bias   #  of  c-Evalue  i-Evalue  score  bias  from    to  from    to  from    to  acc description of target
#                                    ------------------- ---------- ----- -------------------- ---------- ----- --------- ------ ----- --- --- --------- --------- ------ ----- ----- ----- ----- ----- ----- ----- ---- ---------------------
218918at5125_426428_0:001f81|CM010338.1:997135-999917|-  -            871 218918               -            764         0 1312.7  57.2   1   2  1.3e-288  1.3e-288  947.6  21.0     1   553     2   604     2   621 0.92 <unknown description>
218918at5125_426428_0:001f81|CM010338.1:997135-999917|-  -            871 218918               -            764         0 1312.7  57.2   2   2  9.3e-113  9.3e-113  366.0  33.1   511   764   597   870   595   870 0.91 <unknown description>
218918at5125_2885761_0:000706|CM010338.1:997135-999100|- -            656 218918               -            764  3.7e-296  972.5  60.7   1   2  1.7e-186  1.7e-186  609.9  21.9   184   552     1   388     1   394 0.92 <unknown description>
218918at5125_2885761_0:000706|CM010338.1:997135-999100|- -            656 218918               -            764  3.7e-296  972.5  60.7   2   2  5.4e-113  5.4e-113  366.8  33.2   511   764   382   655   380   655 0.91 <unknown description>
218918at5125_398673_0:0028c4|CM010338.1:997729-999917|-  -            673 218918               -            764  1.9e-291  956.9  31.3   1   2  2.4e-289  2.4e-289  950.0  19.3     1   551     2   602     2   608 0.92 <unknown description>
218918at5125_398673_0:0028c4|CM010338.1:997729-999917|-  -            673 218918               -            764  1.9e-291  956.9  31.3   2   2   1.6e-05   1.6e-05   11.4   6.8   510   580   596   668   593   670 0.79 <unknown description>
218918at5125_2004951_0:000c66|CM010338.1:997135-998638|- -            502 218918               -            764  4.6e-203  664.7  64.9   1   2   3.8e-93   3.8e-93  301.2  25.8   336   552     1   234     1   240 0.88 <unknown description>
218918at5125_2004951_0:000c66|CM010338.1:997135-998638|- -            502 218918               -            764  4.6e-203  664.7  64.9   2   2    4e-113    4e-113  367.2  33.9   510   764   227   501   225   501 0.92 <unknown description>
218918at5125_398673_0:0028ef|CM010338.1:997135-997660|-  -            176 218918               -            764  1.8e-105  341.9  20.6   1   1    2e-105    2e-105  341.8  20.6   590   764     1   175     1   175 1.00 <unknown description>
#
# Program:         hmmsearch
# Version:         3.4 (Aug 2023)
# Pipeline mode:   SEARCH
# Query file:      /home/arafat/busco_downloads/lineages/hypocreales_odb12.2/hmms/218918at5125.hmm
# Target file:     /home/arafat/Foxy_SIX_Evolution/results/busco/GCA_003315725.1/run_hypocreales_odb12.2/miniprot_output/translated_proteins/218918at5125.faa
# Option settings: hmmsearch --domtblout /home/arafat/Foxy_SIX_Evolution/results/busco/GCA_003315725.1/run_hypocreales_odb12.2/hmmer_output/218918at5125.out --cpu 1 /home/arafat/busco_downloads/lineages/hypocreales_odb12.2/hmms/218918at5125.hmm /home/arafat/Foxy_SIX_Evolution/results/busco/GCA_003315725.1/run_hypocreales_odb12.2/miniprot_output/translated_proteins/218918at5125.faa 
# Current dir:     /home/arafat/Foxy_SIX_Evolution
# Date:            Thu Sep 24 13:03:42 2026
# [ok]
