#                                                                                                                  --- full sequence --- -------------- this domain -------------   hmm coord   ali coord   env coord
# target name                                              accession   tlen query name           accession   qlen   E-value  score  bias   #  of  c-Evalue  i-Evalue  score  bias  from    to  from    to  from    to  acc description of target
#                                      ------------------- ---------- ----- -------------------- ---------- ----- --------- ------ ----- --- --- --------- --------- ------ ----- ----- ----- ----- ----- ----- ----- ---- ---------------------
218932at5125_96774_0:000365|CM010342.1:1650298-1662770|-   -           1036 218932               -            947         0 1655.1  16.0   1   1         0         0 1654.7  16.0    27   946    69  1032    46  1033 0.92 <unknown description>
218932at5125_72712_0:004831|CM010342.1:1650059-1653391|-   -           1053 218932               -            947         0 1616.4  14.9   1   1         0         0 1615.8  14.9     5   923    40  1004    36  1009 0.92 <unknown description>
218932at5125_2004951_0:001d3b|CM010342.1:1650301-1652821|- -            841 218932               -            947         0 1490.9  15.8   1   1         0         0 1490.5  15.8   149   946     1   838     1   839 0.93 <unknown description>
218932at5125_78410_0:002eef|CM010342.1:1650763-1653391|-   -            877 218932               -            947         0 1422.2  10.5   1   1         0         0 1421.9  10.5     5   806    40   873    36   877 0.93 <unknown description>
218932at5125_63577_0:0002fb|CM010342.1:1651175-1653256|-   -            694 218932               -            947         0 1213.7   5.8   1   1         0         0 1213.4   5.8    12   677     2   687     1   690 0.95 <unknown description>
218932at5125_93591_0:00215d|CM010342.1:1652014-1653304|-   -            431 218932               -            947    2e-211  693.1   4.2   1   1  2.3e-211  2.3e-211  692.9   4.2     5   414    11   431     7   431 0.94 <unknown description>
218932at5125_2004952_0:000576|CM010342.1:1652458-1653298|- -            281 218932               -            947  1.5e-119  388.9   0.1   1   1  1.7e-119  1.7e-119  388.7   0.1     4   268     8   281     5   281 0.92 <unknown description>
#
# Program:         hmmsearch
# Version:         3.4 (Aug 2023)
# Pipeline mode:   SEARCH
# Query file:      /home/arafat/busco_downloads/lineages/hypocreales_odb12.2/hmms/218932at5125.hmm
# Target file:     /home/arafat/Foxy_SIX_Evolution/results/busco/GCA_003315725.1/run_hypocreales_odb12.2/miniprot_output/translated_proteins/218932at5125.faa
# Option settings: hmmsearch --domtblout /home/arafat/Foxy_SIX_Evolution/results/busco/GCA_003315725.1/run_hypocreales_odb12.2/hmmer_output/218932at5125.out --cpu 1 /home/arafat/busco_downloads/lineages/hypocreales_odb12.2/hmms/218932at5125.hmm /home/arafat/Foxy_SIX_Evolution/results/busco/GCA_003315725.1/run_hypocreales_odb12.2/miniprot_output/translated_proteins/218932at5125.faa 
# Current dir:     /home/arafat/Foxy_SIX_Evolution
# Date:            Thu Sep 24 13:03:42 2026
# [ok]
