#                                                                                                                  --- full sequence --- -------------- this domain -------------   hmm coord   ali coord   env coord
# target name                                              accession   tlen query name           accession   qlen   E-value  score  bias   #  of  c-Evalue  i-Evalue  score  bias  from    to  from    to  from    to  acc description of target
#                                      ------------------- ---------- ----- -------------------- ---------- ----- --------- ------ ----- --- --- --------- --------- ------ ----- ----- ----- ----- ----- ----- ----- ---- ---------------------
219284at5125_5507_4:00042c|CM010335.1:1947942-1950776|-    -            876 219284               -            709         0 1263.6  16.2   1   3   2.9e-54   2.9e-54  173.8   3.6     7    99    26   118    21   146 0.88 <unknown description>
219284at5125_5507_4:00042c|CM010335.1:1947942-1950776|-    -            876 219284               -            709         0 1263.6  16.2   2   3         0         0 1052.5   0.6   100   629   149   720   131   749 0.89 <unknown description>
219284at5125_5507_4:00042c|CM010335.1:1947942-1950776|-    -            876 219284               -            709         0 1263.6  16.2   3   3   6.6e-14   6.6e-14   40.4   0.4   617   708   756   873   740   874 0.73 <unknown description>
219284at5125_1926264_0:00469b|CM010335.1:1947951-1956437|- -            884 219284               -            709         0 1242.5  25.0   1   3     4e-54     4e-54  173.3   3.6     7    98    21   112    15   132 0.89 <unknown description>
219284at5125_1926264_0:00469b|CM010335.1:1947951-1956437|- -            884 219284               -            709         0 1242.5  25.0   2   3         0         0 1030.0   7.3   102   629   146   731   128   764 0.87 <unknown description>
219284at5125_1926264_0:00469b|CM010335.1:1947951-1956437|- -            884 219284               -            709         0 1242.5  25.0   3   3   1.1e-13   1.1e-13   39.6   0.6   617   707   767   883   750   884 0.73 <unknown description>
219284at5125_1399860_1:001c4e|CM010335.1:1947954-1953558|- -            884 219284               -            709         0 1232.4  24.5   1   3   7.8e-54   7.8e-54  172.4   3.6     9    99    24   114    17   140 0.87 <unknown description>
219284at5125_1399860_1:001c4e|CM010335.1:1947954-1953558|- -            884 219284               -            709         0 1232.4  24.5   2   3         0         0 1023.6   6.5   100   628   145   731   122   760 0.87 <unknown description>
219284at5125_1399860_1:001c4e|CM010335.1:1947954-1953558|- -            884 219284               -            709         0 1232.4  24.5   3   3   1.6e-13   1.6e-13   39.1   0.6   616   706   767   883   745   884 0.73 <unknown description>
219284at5125_282268_0:001631|CM010335.1:1945795-1950776|-  -           1271 219284               -            709         0 1226.0  18.4   1   3   6.6e-54   6.6e-54  172.6   3.9     7    99    26   118    21   141 0.88 <unknown description>
219284at5125_282268_0:001631|CM010335.1:1945795-1950776|-  -           1271 219284               -            709         0 1226.0  18.4   2   3         0         0 1051.1   0.4   100   627   149   718   126   742 0.89 <unknown description>
219284at5125_282268_0:001631|CM010335.1:1945795-1950776|-  -           1271 219284               -            709         0 1226.0  18.4   3   3   0.00073   0.00073    7.2   1.2   617   658   756   797   739   808 0.84 <unknown description>
219284at5125_468837_0:000fa1|CM010335.1:1947951-1950199|-  -            717 219284               -            709         0 1058.4  12.5   1   2         0         0 1011.8   5.8   123   628     3   563     1   590 0.89 <unknown description>
219284at5125_468837_0:000fa1|CM010335.1:1947951-1950199|-  -            717 219284               -            709         0 1058.4  12.5   2   2   7.7e-14   7.7e-14   40.1   0.6   617   707   600   716   582   717 0.73 <unknown description>
219284at5125_117187_0:0006f0|CM010335.1:1948937-1950776|-  -            578 219284               -            709         0 1040.6  16.9   1   2   2.5e-54   2.5e-54  174.0   3.9     7    98    26   117    21   137 0.89 <unknown description>
219284at5125_117187_0:0006f0|CM010335.1:1948937-1950776|-  -            578 219284               -            709         0 1040.6  16.9   2   2  5.5e-264  5.5e-264  867.0   5.1   100   493   149   566   131   570 0.93 <unknown description>
219284at5125_83212_0:000765|CM010335.1:1948524-1949926|-   -            435 219284               -            709  1.9e-267  878.4   0.3   1   1  9.3e-266  9.3e-266  872.9   0.3   191   599     1   434     1   435 0.92 <unknown description>
219284at5125_2004951_0:0014b0|CM010335.1:1948988-1949926|- -            298 219284               -            709  3.6e-218  715.6   0.8   1   1    4e-218    4e-218  715.4   0.8   191   487     1   297     1   298 1.00 <unknown description>
219284at5125_2502994_0:001f1d|CM010335.1:1947942-1949411|- -            457 219284               -            709  4.7e-165  540.0   0.5   1   2  1.1e-151  1.1e-151  495.9   0.0   347   629     1   301     1   334 0.87 <unknown description>
219284at5125_2502994_0:001f1d|CM010335.1:1947942-1949411|- -            457 219284               -            709  4.7e-165  540.0   0.5   2   2   3.1e-14   3.1e-14   41.5   1.1   616   708   336   454   313   455 0.73 <unknown description>
219284at5125_123648_0:001f0d|CM010335.1:1949698-1950767|-  -            337 219284               -            709  8.6e-154  502.8  19.0   1   2   7.9e-55   7.9e-55  175.6   3.8     7    99    23   115    18   138 0.88 <unknown description>
219284at5125_123648_0:001f0d|CM010335.1:1949698-1950767|-  -            337 219284               -            709  8.6e-154  502.8  19.0   2   2  1.1e-100  1.1e-100  327.2   7.5   100   267   146   337   128   337 0.87 <unknown description>
219284at5125_2004952_0:0001f5|CM010335.1:1950019-1950755|- -            226 219284               -            709   1.4e-91  297.1   8.8   1   2   3.6e-55   3.6e-55  176.8   3.9     7    99    19   111    14   134 0.88 <unknown description>
219284at5125_2004952_0:0001f5|CM010335.1:1950019-1950755|- -            226 219284               -            709   1.4e-91  297.1   8.8   2   2   5.4e-39   5.4e-39  123.3   0.2   100   177   142   222   126   225 0.81 <unknown description>
#
# Program:         hmmsearch
# Version:         3.4 (Aug 2023)
# Pipeline mode:   SEARCH
# Query file:      /home/arafat/busco_downloads/lineages/hypocreales_odb12.2/hmms/219284at5125.hmm
# Target file:     /home/arafat/Foxy_SIX_Evolution/results/busco/GCA_003315725.1/run_hypocreales_odb12.2/miniprot_output/translated_proteins/219284at5125.faa
# Option settings: hmmsearch --domtblout /home/arafat/Foxy_SIX_Evolution/results/busco/GCA_003315725.1/run_hypocreales_odb12.2/hmmer_output/219284at5125.out --cpu 1 /home/arafat/busco_downloads/lineages/hypocreales_odb12.2/hmms/219284at5125.hmm /home/arafat/Foxy_SIX_Evolution/results/busco/GCA_003315725.1/run_hypocreales_odb12.2/miniprot_output/translated_proteins/219284at5125.faa 
# Current dir:     /home/arafat/Foxy_SIX_Evolution
# Date:            Thu Sep 24 13:03:46 2026
# [ok]
