#                                                                                                                  --- full sequence --- -------------- this domain -------------   hmm coord   ali coord   env coord
# target name                                              accession   tlen query name           accession   qlen   E-value  score  bias   #  of  c-Evalue  i-Evalue  score  bias  from    to  from    to  from    to  acc description of target
#                                      ------------------- ---------- ----- -------------------- ---------- ----- --------- ------ ----- --- --- --------- --------- ------ ----- ----- ----- ----- ----- ----- ----- ---- ---------------------
219282at5125_48495_0:00337a|CM010338.1:2747670-2748840|-   -            391 219282               -            284    2e-148  481.8  20.6   1   1  6.1e-147  6.1e-147  476.9  20.6     1   280    60   364    60   367 0.90 <unknown description>
219282at5125_1081103_0:000a65|CM010338.1:2747751-2748663|- -            305 219282               -            284  2.1e-148  481.7  21.2   1   1    7e-147    7e-147  476.7  21.2     1   279     1   304     1   305 0.90 <unknown description>
219282at5125_56676_0:003425|CM010338.1:2747670-2749280|-   -            479 219282               -            284  3.8e-148  480.8  20.4   1   1    1e-146    1e-146  476.2  20.4     1   280   148   452   148   455 0.90 <unknown description>
219282at5125_83212_0:00068e|CM010338.1:2747964-2748824|-   -            269 219282               -            284  2.1e-139  452.2   9.2   1   1  2.4e-139  2.4e-139  452.0   9.2     1   229    36   268    36   269 0.97 <unknown description>
219282at5125_2773459_0:0021ea|CM010338.1:2748123-2748663|- -            181 219282               -            284  6.1e-108  348.9   3.7   1   1  6.8e-108  6.8e-108  348.8   3.7     1   177     1   181     1   181 0.97 <unknown description>
219282at5125_93591_0:001cd5|CM010338.1:2748381-2748690|-   -            104 219282               -            284   6.1e-57  181.6   0.6   1   1   6.7e-57   6.7e-57  181.4   0.6     1    94    10   104    10   104 0.98 <unknown description>
219282at5125_123648_0:0013c4|CM010336.1:4548790-4549200|+  -            119 219282               -            284   2.8e-20   61.3   0.1   1   1   3.2e-20   3.2e-20   61.1   0.1     2    77    41   119    40   119 0.90 <unknown description>
#
# Program:         hmmsearch
# Version:         3.4 (Aug 2023)
# Pipeline mode:   SEARCH
# Query file:      /home/arafat/busco_downloads/lineages/hypocreales_odb12.2/hmms/219282at5125.hmm
# Target file:     /home/arafat/Foxy_SIX_Evolution/results/busco/GCA_003315725.1/run_hypocreales_odb12.2/miniprot_output/translated_proteins/219282at5125.faa
# Option settings: hmmsearch --domtblout /home/arafat/Foxy_SIX_Evolution/results/busco/GCA_003315725.1/run_hypocreales_odb12.2/hmmer_output/219282at5125.out --cpu 1 /home/arafat/busco_downloads/lineages/hypocreales_odb12.2/hmms/219282at5125.hmm /home/arafat/Foxy_SIX_Evolution/results/busco/GCA_003315725.1/run_hypocreales_odb12.2/miniprot_output/translated_proteins/219282at5125.faa 
# Current dir:     /home/arafat/Foxy_SIX_Evolution
# Date:            Thu Sep 24 13:03:46 2026
# [ok]
