#                                                                                                                  --- full sequence --- -------------- this domain -------------   hmm coord   ali coord   env coord
# target name                                              accession   tlen query name           accession   qlen   E-value  score  bias   #  of  c-Evalue  i-Evalue  score  bias  from    to  from    to  from    to  acc description of target
#                                      ------------------- ---------- ----- -------------------- ---------- ----- --------- ------ ----- --- --- --------- --------- ------ ----- ----- ----- ----- ----- ----- ----- ---- ---------------------
219418at5125_1089452_0:003994|CM010336.1:4681850-4683232|- -            413 219418               -            355  1.8e-181  591.5   0.0   1   1  2.2e-181  2.2e-181  591.2   0.0     3   354     8   398     6   399 0.92 <unknown description>
219418at5125_100902_0:001545|CM010336.1:4680726-4683232|-  -            544 219418               -            355  4.6e-181  590.1   0.0   1   1  5.7e-181  5.7e-181  589.8   0.0     3   354     8   398     6   399 0.92 <unknown description>
219418at5125_1042133_0:00105d|CM010336.1:4682127-4683232|- -            320 219418               -            355  1.4e-135  440.5   0.0   1   1  1.7e-135  1.7e-135  440.2   0.0     3   273     8   298     6   316 0.92 <unknown description>
219418at5125_254901_0:0005db|CM010336.1:4682543-4683220|-  -            211 219418               -            355    9e-104  335.9   0.2   1   1    1e-103    1e-103  335.7   0.2     3   191     4   211     2   211 0.93 <unknown description>
219418at5125_595255_0:0023d3|CM010336.1:4681850-4682725|-  -            244 219418               -            355     2e-85  275.5   0.0   1   1   2.4e-85   2.4e-85  275.3   0.0   167   354    14   229     1   230 0.87 <unknown description>
219418at5125_96774_0:000f38|CM010336.1:4681868-4682460|-   -            181 219418               -            355     2e-77  249.2   0.0   1   1   2.1e-77   2.1e-77  249.1   0.0   201   354    14   172     1   173 0.91 <unknown description>
219418at5125_96318_0:003851|CM010336.1:4681228-4682725|-   -            237 219418               -            355   8.9e-74  237.2   0.0   1   1   1.1e-73   1.1e-73  237.0   0.0   167   337    14   212     1   224 0.85 <unknown description>
219418at5125_1081109_0:001364|CM010336.1:4681850-4682159|- -            104 219418               -            355   1.4e-42  134.6   0.0   1   1   1.5e-42   1.5e-42  134.5   0.0   270   354     4    89     1    90 0.96 <unknown description>
#
# Program:         hmmsearch
# Version:         3.4 (Aug 2023)
# Pipeline mode:   SEARCH
# Query file:      /home/arafat/busco_downloads/lineages/hypocreales_odb12.2/hmms/219418at5125.hmm
# Target file:     /home/arafat/Foxy_SIX_Evolution/results/busco/GCA_003315725.1/run_hypocreales_odb12.2/miniprot_output/translated_proteins/219418at5125.faa
# Option settings: hmmsearch --domtblout /home/arafat/Foxy_SIX_Evolution/results/busco/GCA_003315725.1/run_hypocreales_odb12.2/hmmer_output/219418at5125.out --cpu 1 /home/arafat/busco_downloads/lineages/hypocreales_odb12.2/hmms/219418at5125.hmm /home/arafat/Foxy_SIX_Evolution/results/busco/GCA_003315725.1/run_hypocreales_odb12.2/miniprot_output/translated_proteins/219418at5125.faa 
# Current dir:     /home/arafat/Foxy_SIX_Evolution
# Date:            Thu Sep 24 13:03:30 2026
# [ok]
