#                                                                                                                  --- full sequence --- -------------- this domain -------------   hmm coord   ali coord   env coord
# target name                                              accession   tlen query name           accession   qlen   E-value  score  bias   #  of  c-Evalue  i-Evalue  score  bias  from    to  from    to  from    to  acc description of target
#                                      ------------------- ---------- ----- -------------------- ---------- ----- --------- ------ ----- --- --- --------- --------- ------ ----- ----- ----- ----- ----- ----- ----- ---- ---------------------
219604at5125_12942_0:002746|CM010342.1:2178143-2185730|+   -           1204 219604               -            845         0 1545.3   9.6   1   2         0         0 1538.4   5.4     2   805    14   863    13   909 0.93 <unknown description>
219604at5125_12942_0:002746|CM010342.1:2178143-2185730|+   -           1204 219604               -            845         0 1545.3   9.6   2   2   0.00025   0.00025    8.4   0.1   799   830   921   954   910   962 0.76 <unknown description>
219604at5125_1080343_0:000d07|CM010342.1:2178143-2181289|+ -           1014 219604               -            845         0 1545.0  11.0   1   2         0         0 1537.9   6.7     2   805    14   863    13   909 0.93 <unknown description>
219604at5125_1080343_0:000d07|CM010342.1:2178143-2181289|+ -           1014 219604               -            845         0 1545.0  11.0   2   2   0.00019   0.00019    8.7   0.1   799   830   921   954   908   963 0.76 <unknown description>
219604at5125_983965_0:000b21|CM010342.1:2172296-2181289|+  -           1018 219604               -            845         0 1545.0  11.0   1   2         0         0 1537.9   6.7     2   805    18   867    17   913 0.93 <unknown description>
219604at5125_983965_0:000b21|CM010342.1:2172296-2181289|+  -           1018 219604               -            845         0 1545.0  11.0   2   2   0.00019   0.00019    8.7   0.1   799   830   925   958   912   967 0.76 <unknown description>
219604at5125_1276135_0:000c8f|CM010342.1:2168916-2181289|+ -           1020 219604               -            845         0 1545.0  11.0   1   2         0         0 1537.9   6.7     2   805    20   869    19   915 0.93 <unknown description>
219604at5125_1276135_0:000c8f|CM010342.1:2168916-2181289|+ -           1020 219604               -            845         0 1545.0  11.0   2   2   0.00019   0.00019    8.7   0.1   799   830   927   960   914   969 0.76 <unknown description>
219604at5125_2614577_0:001623|CM010342.1:2176953-2181289|+ -           1020 219604               -            845         0 1545.0  11.0   1   2         0         0 1537.9   6.7     2   805    20   869    19   915 0.93 <unknown description>
219604at5125_2614577_0:001623|CM010342.1:2176953-2181289|+ -           1020 219604               -            845         0 1545.0  11.0   2   2   0.00019   0.00019    8.7   0.1   799   830   927   960   914   969 0.76 <unknown description>
219604at5125_73501_0:000795|CM010342.1:2178200-2188284|+   -           1078 219604               -            845         0 1536.2  12.3   1   2         0         0 1529.5   7.9     8   805     1   844     1   890 0.93 <unknown description>
219604at5125_73501_0:000795|CM010342.1:2178200-2188284|+   -           1078 219604               -            845         0 1536.2  12.3   2   2   0.00019   0.00019    8.7   0.1   799   830   902   935   876   943 0.79 <unknown description>
219604at5125_93591_0:000e4a|CM010342.1:2178292-2180740|+   -            800 219604               -            845         0 1464.9  13.1   1   1         0         0 1464.1  13.1    20   781     1   800     1   800 0.95 <unknown description>
219604at5125_2604345_0:001b53|CM010342.1:2178892-2181289|+ -            800 219604               -            845         0 1190.2   6.6   1   2         0         0 1182.5   2.5   198   806     2   650     1   695 0.92 <unknown description>
219604at5125_2604345_0:001b53|CM010342.1:2178892-2181289|+ -            800 219604               -            845         0 1190.2   6.6   2   2   0.00013   0.00013    9.2   0.1   799   830   707   740   681   749 0.79 <unknown description>
219604at5125_2773459_0:0033dc|CM010342.1:2178143-2179858|+ -            537 219604               -            845  7.4e-296  972.8   4.7   1   1  8.6e-296  8.6e-296  972.5   4.7     2   513    14   536    13   537 0.97 <unknown description>
219604at5125_2773459_0:00262d|CM010342.1:2179792-2181289|+ -            500 219604               -            845  1.2e-175  575.0   6.9   1   2  5.7e-173  5.7e-173  566.2   2.8   496   806     5   350     2   395 0.87 <unknown description>
219604at5125_2773459_0:00262d|CM010342.1:2179792-2181289|+ -            500 219604               -            845  1.2e-175  575.0   6.9   2   2     7e-05     7e-05   10.2   0.2   799   830   407   440   368   448 0.79 <unknown description>
#
# Program:         hmmsearch
# Version:         3.4 (Aug 2023)
# Pipeline mode:   SEARCH
# Query file:      /home/arafat/busco_downloads/lineages/hypocreales_odb12.2/hmms/219604at5125.hmm
# Target file:     /home/arafat/Foxy_SIX_Evolution/results/busco/GCA_003315725.1/run_hypocreales_odb12.2/miniprot_output/translated_proteins/219604at5125.faa
# Option settings: hmmsearch --domtblout /home/arafat/Foxy_SIX_Evolution/results/busco/GCA_003315725.1/run_hypocreales_odb12.2/hmmer_output/219604at5125.out --cpu 1 /home/arafat/busco_downloads/lineages/hypocreales_odb12.2/hmms/219604at5125.hmm /home/arafat/Foxy_SIX_Evolution/results/busco/GCA_003315725.1/run_hypocreales_odb12.2/miniprot_output/translated_proteins/219604at5125.faa 
# Current dir:     /home/arafat/Foxy_SIX_Evolution
# Date:            Thu Sep 24 13:03:34 2026
# [ok]
