#                                                                                                                  --- full sequence --- -------------- this domain -------------   hmm coord   ali coord   env coord
# target name                                              accession   tlen query name           accession   qlen   E-value  score  bias   #  of  c-Evalue  i-Evalue  score  bias  from    to  from    to  from    to  acc description of target
#                                      ------------------- ---------- ----- -------------------- ---------- ----- --------- ------ ----- --- --- --------- --------- ------ ----- ----- ----- ----- ----- ----- ----- ---- ---------------------
220266at5125_660025_0:000410|CM010338.1:3893799-3895832|-  -            647 220266               -            499  2.2e-251  823.2   1.3   1   3  5.9e-184  5.9e-184  600.8   0.0     5   337    16   387    12   394 0.89 <unknown description>
220266at5125_660025_0:000410|CM010338.1:3893799-3895832|-  -            647 220266               -            499  2.2e-251  823.2   1.3   2   3   4.8e-44   4.8e-44  139.3   0.1   337   448   414   542   396   549 0.80 <unknown description>
220266at5125_660025_0:000410|CM010338.1:3893799-3895832|-  -            647 220266               -            499  2.2e-251  823.2   1.3   3   3   6.4e-26   6.4e-26   79.5   0.0   442   499   561   618   555   618 0.96 <unknown description>
220266at5125_2898082_0:000dbc|CM010338.1:3892536-3895832|- -            808 220266               -            499  2.1e-240  787.0   2.4   1   3  2.4e-177  2.4e-177  579.0   0.3     5   337    16   402    12   409 0.87 <unknown description>
220266at5125_2898082_0:000dbc|CM010338.1:3892536-3895832|- -            808 220266               -            499  2.1e-240  787.0   2.4   2   3   6.8e-44   6.8e-44  138.8   0.1   337   448   429   557   411   564 0.80 <unknown description>
220266at5125_2898082_0:000dbc|CM010338.1:3892536-3895832|- -            808 220266               -            499  2.1e-240  787.0   2.4   3   3   4.7e-21   4.7e-21   63.5   0.0   442   493   576   627   570   631 0.94 <unknown description>
220266at5125_63577_0:000d03|CM010338.1:3894507-3895832|-   -            411 220266               -            499  3.5e-185  604.9   0.1   1   1  1.4e-184  1.4e-184  602.8   0.1     5   337    16   387    12   394 0.89 <unknown description>
220266at5125_1736662_0:000694|CM010338.1:3893883-3894867|- -            329 220266               -            499  6.7e-108  349.9   2.8   1   2   2.4e-79   2.4e-79  255.7   1.9   262   448    16   252    12   259 0.77 <unknown description>
220266at5125_1736662_0:000694|CM010338.1:3893883-3894867|- -            329 220266               -            499  6.7e-108  349.9   2.8   2   2   2.5e-26   2.5e-26   80.9   0.0   442   499   271   328   265   328 0.96 <unknown description>
220266at5125_1736662_0:00137f|CM010338.1:3895258-3895832|- -            176 220266               -            499   7.9e-81  260.6   0.0   1   1   9.4e-81   9.4e-81  260.4   0.0     5   147    16   160    12   172 0.94 <unknown description>
220266at5125_398673_0:000a4b|CM010338.1:3895436-3895832|-  -            133 220266               -            499   9.6e-70  224.1   0.0   1   1   1.1e-69   1.1e-69  223.9   0.0     5   119    16   132    12   133 0.96 <unknown description>
#
# Program:         hmmsearch
# Version:         3.4 (Aug 2023)
# Pipeline mode:   SEARCH
# Query file:      /home/arafat/busco_downloads/lineages/hypocreales_odb12.2/hmms/220266at5125.hmm
# Target file:     /home/arafat/Foxy_SIX_Evolution/results/busco/GCA_003315725.1/run_hypocreales_odb12.2/miniprot_output/translated_proteins/220266at5125.faa
# Option settings: hmmsearch --domtblout /home/arafat/Foxy_SIX_Evolution/results/busco/GCA_003315725.1/run_hypocreales_odb12.2/hmmer_output/220266at5125.out --cpu 1 /home/arafat/busco_downloads/lineages/hypocreales_odb12.2/hmms/220266at5125.hmm /home/arafat/Foxy_SIX_Evolution/results/busco/GCA_003315725.1/run_hypocreales_odb12.2/miniprot_output/translated_proteins/220266at5125.faa 
# Current dir:     /home/arafat/Foxy_SIX_Evolution
# Date:            Thu Sep 24 13:03:45 2026
# [ok]
