#                                                                                                                  --- full sequence --- -------------- this domain -------------   hmm coord   ali coord   env coord
# target name                                              accession   tlen query name           accession   qlen   E-value  score  bias   #  of  c-Evalue  i-Evalue  score  bias  from    to  from    to  from    to  acc description of target
#                                      ------------------- ---------- ----- -------------------- ---------- ----- --------- ------ ----- --- --- --------- --------- ------ ----- ----- ----- ----- ----- ----- ----- ---- ---------------------
220292at5125_48490_0:002bb3|CM010335.1:3585709-3586722|-   -            338 220292               -            293  1.1e-177  577.9   0.4   1   1  1.2e-177  1.2e-177  577.7   0.4     1   293    40   337    40   337 0.99 <unknown description>
220292at5125_93591_0:00064e|CM010335.1:3585709-3586447|-   -            247 220292               -            293  1.8e-148  482.0   0.5   1   1    2e-148    2e-148  481.8   0.5    53   293     1   246     1   246 0.98 <unknown description>
220292at5125_150374_0:00026b|CM010335.1:3585937-3586603|-  -            223 220292               -            293  4.1e-132  428.2   0.6   1   1  4.6e-132  4.6e-132  428.1   0.6     1   218     1   223     1   223 0.98 <unknown description>
220292at5125_2604345_0:003f02|CM010335.1:3585709-3586231|- -            175 220292               -            293  1.1e-110  357.9   0.1   1   1  1.2e-110  1.2e-110  357.7   0.1   120   293     1   174     1   174 1.00 <unknown description>
220292at5125_93591_0:000158|CM010341.1:3073530-3074525|-   -            293 220292               -            293   8.9e-79  253.2   6.8   1   3   4.2e-10   4.2e-10   27.7   0.1     1    43     1    43     1    56 0.86 <unknown description>
220292at5125_93591_0:000158|CM010341.1:3073530-3074525|-   -            293 220292               -            293   8.9e-79  253.2   6.8   2   3   1.3e-11   1.3e-11   32.7   0.6    71   103    53    85    50    90 0.93 <unknown description>
220292at5125_93591_0:000158|CM010341.1:3073530-3074525|-   -            293 220292               -            293   8.9e-79  253.2   6.8   3   3   2.8e-61   2.8e-61  195.7   0.1   104   282   105   285    95   291 0.94 <unknown description>
220292at5125_468837_0:000e1c|CM010335.1:3586471-3586728|-  -             69 220292               -            293   1.3e-21   65.5   0.2   1   1   1.5e-21   1.5e-21   65.4   0.2     1    45    25    69    25    69 0.98 <unknown description>
#
# Program:         hmmsearch
# Version:         3.4 (Aug 2023)
# Pipeline mode:   SEARCH
# Query file:      /home/arafat/busco_downloads/lineages/hypocreales_odb12.2/hmms/220292at5125.hmm
# Target file:     /home/arafat/Foxy_SIX_Evolution/results/busco/GCA_003315725.1/run_hypocreales_odb12.2/miniprot_output/translated_proteins/220292at5125.faa
# Option settings: hmmsearch --domtblout /home/arafat/Foxy_SIX_Evolution/results/busco/GCA_003315725.1/run_hypocreales_odb12.2/hmmer_output/220292at5125.out --cpu 1 /home/arafat/busco_downloads/lineages/hypocreales_odb12.2/hmms/220292at5125.hmm /home/arafat/Foxy_SIX_Evolution/results/busco/GCA_003315725.1/run_hypocreales_odb12.2/miniprot_output/translated_proteins/220292at5125.faa 
# Current dir:     /home/arafat/Foxy_SIX_Evolution
# Date:            Thu Sep 24 13:03:45 2026
# [ok]
