#                                                                                                                  --- full sequence --- -------------- this domain -------------   hmm coord   ali coord   env coord
# target name                                              accession   tlen query name           accession   qlen   E-value  score  bias   #  of  c-Evalue  i-Evalue  score  bias  from    to  from    to  from    to  acc description of target
#                                      ------------------- ---------- ----- -------------------- ---------- ----- --------- ------ ----- --- --- --------- --------- ------ ----- ----- ----- ----- ----- ----- ----- ---- ---------------------
220363at5125_1080343_0:003689|CM010339.1:3797459-3799309|+ -            587 220363               -            498  4.4e-303  992.9   3.4   1   3      0.62      0.62   -3.8  11.5     8    40    16    50     1    63 0.51 <unknown description>
220363at5125_1080343_0:003689|CM010339.1:3797459-3799309|+ -            587 220363               -            498  4.4e-303  992.9   3.4   2   3      0.73      0.73   -4.0   7.0    12    42    67    91    54   101 0.41 <unknown description>
220363at5125_1080343_0:003689|CM010339.1:3797459-3799309|+ -            587 220363               -            498  4.4e-303  992.9   3.4   3   3  4.4e-303  4.4e-303  992.9   3.4    15   498    99   586    84   586 0.95 <unknown description>
220363at5125_327505_0:001ffb|CM010339.1:3797846-3799309|+  -            458 220363               -            498  5.5e-297  972.8   0.8   1   1  6.1e-297  6.1e-297  972.6   0.8    44   498     1   457     1   457 0.99 <unknown description>
220363at5125_1081102_0:0015f1|CM010339.1:3797459-3798578|+ -            374 220363               -            498  1.3e-160  522.9   1.7   1   3      0.35      0.35   -3.0  11.7     8    41    16    51     1    65 0.52 <unknown description>
220363at5125_1081102_0:0015f1|CM010339.1:3797459-3798578|+ -            374 220363               -            498  1.3e-160  522.9   1.7   2   3       2.2       2.2   -5.6   9.7    12    42    67    91    49   101 0.41 <unknown description>
220363at5125_1081102_0:0015f1|CM010339.1:3797459-3798578|+ -            374 220363               -            498  1.3e-160  522.9   1.7   3   3  1.3e-160  1.3e-160  522.9   1.7    16   287   100   374    88   374 0.93 <unknown description>
220363at5125_1081102_0:001608|CM010339.1:3798602-3799309|+ -            206 220363               -            498  7.8e-138  447.8   1.2   1   1  8.7e-138  8.7e-138  447.6   1.2   294   498     1   205     1   205 1.00 <unknown description>
#
# Program:         hmmsearch
# Version:         3.4 (Aug 2023)
# Pipeline mode:   SEARCH
# Query file:      /home/arafat/busco_downloads/lineages/hypocreales_odb12.2/hmms/220363at5125.hmm
# Target file:     /home/arafat/Foxy_SIX_Evolution/results/busco/GCA_003315725.1/run_hypocreales_odb12.2/miniprot_output/translated_proteins/220363at5125.faa
# Option settings: hmmsearch --domtblout /home/arafat/Foxy_SIX_Evolution/results/busco/GCA_003315725.1/run_hypocreales_odb12.2/hmmer_output/220363at5125.out --cpu 1 /home/arafat/busco_downloads/lineages/hypocreales_odb12.2/hmms/220363at5125.hmm /home/arafat/Foxy_SIX_Evolution/results/busco/GCA_003315725.1/run_hypocreales_odb12.2/miniprot_output/translated_proteins/220363at5125.faa 
# Current dir:     /home/arafat/Foxy_SIX_Evolution
# Date:            Thu Sep 24 13:03:46 2026
# [ok]
