#                                                                                                                  --- full sequence --- -------------- this domain -------------   hmm coord   ali coord   env coord
# target name                                              accession   tlen query name           accession   qlen   E-value  score  bias   #  of  c-Evalue  i-Evalue  score  bias  from    to  from    to  from    to  acc description of target
#                                      ------------------- ---------- ----- -------------------- ---------- ----- --------- ------ ----- --- --- --------- --------- ------ ----- ----- ----- ----- ----- ----- ----- ---- ---------------------
220435at5125_5507_3:00108e|CM010338.1:3149221-3150390|+    -            344 220435               -            332  6.2e-190  619.0   0.0   1   1    7e-190    7e-190  618.8   0.0     1   332     1   343     1   343 0.94 <unknown description>
220435at5125_660025_0:00289d|CM010338.1:3148861-3150728|+  -            514 220435               -            332  6.4e-184  599.2   0.0   1   1  8.2e-184  8.2e-184  598.9   0.0     1   326    94   430    94   434 0.93 <unknown description>
220435at5125_1247861_0:0004f0|CM010338.1:3148118-3150390|+ -            366 220435               -            332  1.5e-183  598.0   0.2   1   1  1.8e-183  1.8e-183  597.7   0.2    23   332    54   365    34   365 0.95 <unknown description>
220435at5125_1276136_0:001dfb|CM010338.1:3149467-3150390|+ -            292 220435               -            332    1e-179  585.4   0.2   1   1  1.1e-179  1.1e-179  585.2   0.2    45   332     4   291     1   291 0.99 <unknown description>
220435at5125_2885761_0:0001d8|CM010338.1:3149221-3150061|+ -            228 220435               -            332  2.3e-123  400.1   0.1   1   1  2.8e-123  2.8e-123  399.9   0.1    18   236     4   224     1   227 0.94 <unknown description>
220435at5125_595255_0:001327|CM010338.1:3149848-3150390|+  -            165 220435               -            332  3.4e-101  327.3   0.4   1   1  3.8e-101  3.8e-101  327.1   0.4   169   332     1   164     1   164 1.00 <unknown description>
220435at5125_2885761_0:000224|CM010338.1:3150138-3150390|+ -             85 220435               -            332   5.5e-50  159.0   0.2   1   1     6e-50     6e-50  158.8   0.2   249   332     1    84     1    84 1.00 <unknown description>
#
# Program:         hmmsearch
# Version:         3.4 (Aug 2023)
# Pipeline mode:   SEARCH
# Query file:      /home/arafat/busco_downloads/lineages/hypocreales_odb12.2/hmms/220435at5125.hmm
# Target file:     /home/arafat/Foxy_SIX_Evolution/results/busco/GCA_003315725.1/run_hypocreales_odb12.2/miniprot_output/translated_proteins/220435at5125.faa
# Option settings: hmmsearch --domtblout /home/arafat/Foxy_SIX_Evolution/results/busco/GCA_003315725.1/run_hypocreales_odb12.2/hmmer_output/220435at5125.out --cpu 1 /home/arafat/busco_downloads/lineages/hypocreales_odb12.2/hmms/220435at5125.hmm /home/arafat/Foxy_SIX_Evolution/results/busco/GCA_003315725.1/run_hypocreales_odb12.2/miniprot_output/translated_proteins/220435at5125.faa 
# Current dir:     /home/arafat/Foxy_SIX_Evolution
# Date:            Thu Sep 24 13:03:47 2026
# [ok]
