#                                                                                                                  --- full sequence --- -------------- this domain -------------   hmm coord   ali coord   env coord
# target name                                              accession   tlen query name           accession   qlen   E-value  score  bias   #  of  c-Evalue  i-Evalue  score  bias  from    to  from    to  from    to  acc description of target
#                                      ------------------- ---------- ----- -------------------- ---------- ----- --------- ------ ----- --- --- --------- --------- ------ ----- ----- ----- ----- ----- ----- ----- ---- ---------------------
220597at5125_1089452_0:00032e|CM010335.1:1152166-1157532|+ -           1774 220597               -           1278         0 1757.9  86.5   1   5         0         0 1570.3   0.3     1  1010     1  1083     1  1107 0.91 <unknown description>
220597at5125_1089452_0:00032e|CM010335.1:1152166-1157532|+ -           1774 220597               -           1278         0 1757.9  86.5   2   5   1.1e-35   1.1e-35  110.7  31.0  1000  1216  1113  1373  1101  1401 0.72 <unknown description>
220597at5125_1089452_0:00032e|CM010335.1:1152166-1157532|+ -           1774 220597               -           1278         0 1757.9  86.5   3   5      0.13      0.13   -2.2  13.1  1151  1194  1528  1572  1513  1591 0.50 <unknown description>
220597at5125_1089452_0:00032e|CM010335.1:1152166-1157532|+ -           1774 220597               -           1278         0 1757.9  86.5   4   5   0.00055   0.00055    5.7  11.2  1144  1237  1585  1682  1578  1690 0.67 <unknown description>
220597at5125_1089452_0:00032e|CM010335.1:1152166-1157532|+ -           1774 220597               -           1278         0 1757.9  86.5   5   5   1.4e-24   1.4e-24   73.9   5.6  1199  1278  1695  1772  1686  1772 0.81 <unknown description>
220597at5125_2604345_0:000af5|CM010335.1:1152157-1154859|+ -            901 220597               -           1278         0 1352.4   1.9   1   2         0         0 1190.6   3.3     1   697     4   730     4   736 0.94 <unknown description>
220597at5125_2604345_0:000af5|CM010335.1:1152157-1154859|+ -            901 220597               -           1278         0 1352.4   1.9   2   2   4.6e-50   4.6e-50  158.3   0.0   690   814   747   879   739   883 0.91 <unknown description>
220597at5125_92637_0:0025fe|CM010335.1:1153438-1155250|+   -            605 220597               -           1278  1.9e-221  726.1   0.0   1   2  1.9e-133  1.9e-133  434.6   0.1   415   697     2   303     1   317 0.94 <unknown description>
220597at5125_92637_0:0025fe|CM010335.1:1153438-1155250|+   -            605 220597               -           1278  1.9e-221  726.1   0.0   2   2     1e-89     1e-89  289.7   0.0   690   935   320   583   310   592 0.90 <unknown description>
220597at5125_2004951_0:0014bd|CM010335.1:1152157-1153369|+ -            405 220597               -           1278    2e-208  682.9   3.6   1   1  2.2e-208  2.2e-208  682.8   3.6     1   391     4   405     4   405 0.94 <unknown description>
#
# Program:         hmmsearch
# Version:         3.4 (Aug 2023)
# Pipeline mode:   SEARCH
# Query file:      /home/arafat/busco_downloads/lineages/hypocreales_odb12.2/hmms/220597at5125.hmm
# Target file:     /home/arafat/Foxy_SIX_Evolution/results/busco/GCA_003315725.1/run_hypocreales_odb12.2/miniprot_output/translated_proteins/220597at5125.faa
# Option settings: hmmsearch --domtblout /home/arafat/Foxy_SIX_Evolution/results/busco/GCA_003315725.1/run_hypocreales_odb12.2/hmmer_output/220597at5125.out --cpu 1 /home/arafat/busco_downloads/lineages/hypocreales_odb12.2/hmms/220597at5125.hmm /home/arafat/Foxy_SIX_Evolution/results/busco/GCA_003315725.1/run_hypocreales_odb12.2/miniprot_output/translated_proteins/220597at5125.faa 
# Current dir:     /home/arafat/Foxy_SIX_Evolution
# Date:            Thu Sep 24 13:03:51 2026
# [ok]
