#                                                                                                                  --- full sequence --- -------------- this domain -------------   hmm coord   ali coord   env coord
# target name                                              accession   tlen query name           accession   qlen   E-value  score  bias   #  of  c-Evalue  i-Evalue  score  bias  from    to  from    to  from    to  acc description of target
#                                      ------------------- ---------- ----- -------------------- ---------- ----- --------- ------ ----- --- --- --------- --------- ------ ----- ----- ----- ----- ----- ----- ----- ---- ---------------------
220838at5125_426428_0:003860|CM010341.1:1806653-1807524|-  -            271 220838               -            225  8.8e-114  367.6   0.0   1   1  1.1e-113  1.1e-113  367.3   0.0     2   225    26   270    25   270 0.90 <unknown description>
220838at5125_78864_0:00125a|CM010341.1:1806325-1807458|-   -            326 220838               -            225  1.1e-108  351.0   0.0   1   1  1.5e-108  1.5e-108  350.5   0.0     2   220     4   243     3   247 0.90 <unknown description>
220838at5125_500148_0:002066|CM010341.1:1806653-1807337|-  -            229 220838               -            225  2.3e-107  346.7   0.0   1   1  2.8e-107  2.8e-107  346.4   0.0    18   225     1   228     1   228 0.90 <unknown description>
220838at5125_1399860_1:001bfc|CM010341.1:1806653-1807181|- -            177 220838               -            225   2.2e-86  278.0   0.1   1   1   2.5e-86   2.5e-86  277.9   0.1    62   225     2   176     1   176 0.92 <unknown description>
220838at5125_1531966_0:00059f|CM010341.1:1806827-1807449|- -            188 220838               -            225   6.2e-79  253.7   0.0   1   1   7.7e-79   7.7e-79  253.3   0.0     3   170     2   188     1   188 0.89 <unknown description>
220838at5125_63577_0:002716|CM010341.1:1806686-1807097|-   -            138 220838               -            225   1.1e-62  200.6   0.0   1   1   1.2e-62   1.2e-62  200.4   0.0    89   215     1   138     1   138 0.90 <unknown description>
220838at5125_2004951_0:000f32|CM010341.1:1806653-1807010|- -            120 220838               -            225   4.3e-58  185.5   0.2   1   1   4.8e-58   4.8e-58  185.4   0.2   116   225     1   119     1   119 0.90 <unknown description>
220838at5125_490622_0:002128|CM010341.1:1807019-1807458|-  -            127 220838               -            225   2.9e-53  169.7   0.1   1   1   3.9e-53   3.9e-53  169.3   0.1     2   111     4   123     3   126 0.90 <unknown description>
220838at5125_62069_0:001439|CM010341.1:1807049-1807337|-   -             97 220838               -            225   5.9e-45  142.5   0.1   1   1   7.7e-45   7.7e-45  142.1   0.1    18   105     1    97     1    97 0.91 <unknown description>
#
# Program:         hmmsearch
# Version:         3.4 (Aug 2023)
# Pipeline mode:   SEARCH
# Query file:      /home/arafat/busco_downloads/lineages/hypocreales_odb12.2/hmms/220838at5125.hmm
# Target file:     /home/arafat/Foxy_SIX_Evolution/results/busco/GCA_003315725.1/run_hypocreales_odb12.2/miniprot_output/translated_proteins/220838at5125.faa
# Option settings: hmmsearch --domtblout /home/arafat/Foxy_SIX_Evolution/results/busco/GCA_003315725.1/run_hypocreales_odb12.2/hmmer_output/220838at5125.out --cpu 1 /home/arafat/busco_downloads/lineages/hypocreales_odb12.2/hmms/220838at5125.hmm /home/arafat/Foxy_SIX_Evolution/results/busco/GCA_003315725.1/run_hypocreales_odb12.2/miniprot_output/translated_proteins/220838at5125.faa 
# Current dir:     /home/arafat/Foxy_SIX_Evolution
# Date:            Thu Sep 24 13:03:55 2026
# [ok]
