#                                                                                                                  --- full sequence --- -------------- this domain -------------   hmm coord   ali coord   env coord
# target name                                              accession   tlen query name           accession   qlen   E-value  score  bias   #  of  c-Evalue  i-Evalue  score  bias  from    to  from    to  from    to  acc description of target
#                                      ------------------- ---------- ----- -------------------- ---------- ----- --------- ------ ----- --- --- --------- --------- ------ ----- ----- ----- ----- ----- ----- ----- ---- ---------------------
220985at5125_451672_0:0030d4|CM010335.1:3149065-3151526|-  -            756 220985               -            518  1.3e-283  930.7  27.1   1   4  2.7e-180  2.7e-180  589.8  12.8     3   335    97   466    95   480 0.85 <unknown description>
220985at5125_451672_0:0030d4|CM010335.1:3149065-3151526|-  -            756 220985               -            518  1.3e-283  930.7  27.1   2   4   1.6e-67   1.6e-67  217.7   0.1   328   441   485   598   481   628 0.90 <unknown description>
220985at5125_451672_0:0030d4|CM010335.1:3149065-3151526|-  -            756 220985               -            518  1.3e-283  930.7  27.1   3   4   2.8e-08   2.8e-08   22.3   0.0   426   457   624   655   612   666 0.84 <unknown description>
220985at5125_451672_0:0030d4|CM010335.1:3149065-3151526|-  -            756 220985               -            518  1.3e-283  930.7  27.1   4   4   9.6e-34   9.6e-34  106.3   3.1   449   518   673   742   658   742 0.95 <unknown description>
220985at5125_1736662_0:002578|CM010335.1:3149065-3156475|- -           1138 220985               -            518    5e-283  928.8  25.4   1   4  2.3e-180  2.3e-180  590.1  11.3     3   335   479   848   477   862 0.85 <unknown description>
220985at5125_1736662_0:002578|CM010335.1:3149065-3156475|- -           1138 220985               -            518    5e-283  928.8  25.4   2   4   2.9e-67   2.9e-67  216.9   0.0   328   441   867   980   860  1009 0.91 <unknown description>
220985at5125_1736662_0:002578|CM010335.1:3149065-3156475|- -           1138 220985               -            518    5e-283  928.8  25.4   3   4   4.8e-08   4.8e-08   21.5   0.0   426   457  1006  1037   995  1046 0.84 <unknown description>
220985at5125_1736662_0:002578|CM010335.1:3149065-3156475|- -           1138 220985               -            518    5e-283  928.8  25.4   4   4   1.6e-33   1.6e-33  105.6   3.0   449   518  1055  1124  1043  1124 0.95 <unknown description>
220985at5125_42677_0:001bbe|CM010335.1:3149065-3152170|-   -            881 220985               -            518  1.6e-265  871.1  22.9   1   4       2.9       2.9   -4.2   0.2    16    44   156   184   146   195 0.70 <unknown description>
220985at5125_42677_0:001bbe|CM010335.1:3149065-3152170|-   -            881 220985               -            518  1.6e-265  871.1  22.9   2   4  1.7e-229  1.7e-229  752.1   6.3     3   441   250   723   248   751 0.86 <unknown description>
220985at5125_42677_0:001bbe|CM010335.1:3149065-3152170|-   -            881 220985               -            518  1.6e-265  871.1  22.9   3   4   3.5e-08   3.5e-08   22.0   0.0   426   457   749   780   737   789 0.83 <unknown description>
220985at5125_42677_0:001bbe|CM010335.1:3149065-3152170|-   -            881 220985               -            518  1.6e-265  871.1  22.9   4   4   1.2e-33   1.2e-33  106.0   3.1   449   518   798   867   788   867 0.95 <unknown description>
220985at5125_2004951_0:00110b|CM010335.1:3149695-3151610|- -            592 220985               -            518  9.8e-233  762.9  22.9   1   3       1.3       1.3   -3.1   0.2    15    45    30    60    19    75 0.70 <unknown description>
220985at5125_2004951_0:00110b|CM010335.1:3149695-3151610|- -            592 220985               -            518  9.8e-233  762.9  22.9   2   3  1.6e-180  1.6e-180  590.6  13.1     3   335   125   494   123   508 0.85 <unknown description>
220985at5125_2004951_0:00110b|CM010335.1:3149695-3151610|- -            592 220985               -            518  9.8e-233  762.9  22.9   3   3   1.3e-55   1.3e-55  178.4   0.1   328   407   513   592   508   592 0.98 <unknown description>
220985at5125_1806559_0:001e6a|CM010335.1:3150028-3151286|- -            405 220985               -            518  3.2e-181  592.9  14.2   1   1  1.1e-180  1.1e-180  591.2  14.2     3   334    17   385    15   399 0.85 <unknown description>
220985at5125_94208_0:000f88|CM010335.1:3150149-3151613|-   -            489 220985               -            518  1.9e-178  583.7  14.7   1   2      0.95      0.95   -2.6   0.2    14    45    30    61    19    78 0.70 <unknown description>
220985at5125_94208_0:000f88|CM010335.1:3150149-3151613|-   -            489 220985               -            518  1.9e-178  583.7  14.7   2   2  1.9e-178  1.9e-178  583.7  14.7     3   328   126   488   124   489 0.85 <unknown description>
220985at5125_5507_3:0004fb|CM010335.1:3149065-3151013|-    -            530 220985               -            518  1.8e-158  517.8  34.6   1   4   3.1e-36   3.1e-36  114.5  16.2    64   171     1   131     1   139 0.78 <unknown description>
220985at5125_5507_3:0004fb|CM010335.1:3149065-3151013|-    -            530 220985               -            518  1.8e-158  517.8  34.6   2   4   1.1e-86   1.1e-86  281.0   0.7   282   441   196   372   179   401 0.84 <unknown description>
220985at5125_5507_3:0004fb|CM010335.1:3149065-3151013|-    -            530 220985               -            518  1.8e-158  517.8  34.6   3   4   1.8e-08   1.8e-08   22.9   0.0   426   457   398   429   386   440 0.83 <unknown description>
220985at5125_5507_3:0004fb|CM010335.1:3149065-3151013|-    -            530 220985               -            518  1.8e-158  517.8  34.6   4   4     6e-34     6e-34  107.0   3.1   449   518   447   516   436   516 0.95 <unknown description>
220985at5125_62069_0:001504|CM010335.1:3150305-3151412|-   -            370 220985               -            518  2.4e-141  461.3  17.1   1   1  8.2e-141  8.2e-141  459.6  17.1     3   277    59   370    57   370 0.83 <unknown description>
220985at5125_2004952_0:0008d1|CM010335.1:3149870-3150539|- -            192 220985               -            518  3.6e-115  375.0   3.6   1   2   1.7e-93   1.7e-93  303.5   0.1   199   337     1   139     1   155 0.95 <unknown description>
220985at5125_2004952_0:0008d1|CM010335.1:3149870-3150539|- -            192 220985               -            518  3.6e-115  375.0   3.6   2   2   1.5e-23   1.5e-23   72.7   0.8   328   364   156   192   151   192 0.97 <unknown description>
220985at5125_94208_0:000f8d|CM010335.1:3149158-3150109|-   -            286 220985               -            518  2.6e-108  352.3   6.4   1   3   2.7e-68   2.7e-68  220.3   0.0   328   441    28   141    23   170 0.91 <unknown description>
220985at5125_94208_0:000f8d|CM010335.1:3149158-3150109|-   -            286 220985               -            518  2.6e-108  352.3   6.4   2   3   8.3e-09   8.3e-09   24.0   0.0   426   457   167   198   156   210 0.84 <unknown description>
220985at5125_94208_0:000f8d|CM010335.1:3149158-3150109|-   -            286 220985               -            518  2.6e-108  352.3   6.4   3   3   2.5e-34   2.5e-34  108.2   3.0   449   518   216   285   212   285 0.96 <unknown description>
220985at5125_96774_0:000559|CM010335.1:3149158-3149903|-   -            234 220985               -            518   2.8e-89  289.5   5.3   1   3   9.9e-49   9.9e-49  155.8   0.0   353   441     1    89     1   118 0.89 <unknown description>
220985at5125_96774_0:000559|CM010335.1:3149158-3149903|-   -            234 220985               -            518   2.8e-89  289.5   5.3   2   3   5.8e-09   5.8e-09   24.5   0.0   426   457   115   146   102   158 0.84 <unknown description>
220985at5125_96774_0:000559|CM010335.1:3149158-3149903|-   -            234 220985               -            518   2.8e-89  289.5   5.3   3   3   1.6e-34   1.6e-34  108.9   3.1   449   518   164   233   157   233 0.96 <unknown description>
#
# Program:         hmmsearch
# Version:         3.4 (Aug 2023)
# Pipeline mode:   SEARCH
# Query file:      /home/arafat/busco_downloads/lineages/hypocreales_odb12.2/hmms/220985at5125.hmm
# Target file:     /home/arafat/Foxy_SIX_Evolution/results/busco/GCA_003315725.1/run_hypocreales_odb12.2/miniprot_output/translated_proteins/220985at5125.faa
# Option settings: hmmsearch --domtblout /home/arafat/Foxy_SIX_Evolution/results/busco/GCA_003315725.1/run_hypocreales_odb12.2/hmmer_output/220985at5125.out --cpu 1 /home/arafat/busco_downloads/lineages/hypocreales_odb12.2/hmms/220985at5125.hmm /home/arafat/Foxy_SIX_Evolution/results/busco/GCA_003315725.1/run_hypocreales_odb12.2/miniprot_output/translated_proteins/220985at5125.faa 
# Current dir:     /home/arafat/Foxy_SIX_Evolution
# Date:            Thu Sep 24 13:03:33 2026
# [ok]
