#                                                                                                                  --- full sequence --- -------------- this domain -------------   hmm coord   ali coord   env coord
# target name                                              accession   tlen query name           accession   qlen   E-value  score  bias   #  of  c-Evalue  i-Evalue  score  bias  from    to  from    to  from    to  acc description of target
#                                      ------------------- ---------- ----- -------------------- ---------- ----- --------- ------ ----- --- --- --------- --------- ------ ----- ----- ----- ----- ----- ----- ----- ---- ---------------------
221141at5125_426428_0:003421|CM010340.1:3446129-3447100|-  -            286 221141               -            249   1.3e-92  299.3   0.0   1   1   1.3e-92   1.6e-92  299.0   0.0     2   243     4   249     3   253 0.94 <unknown description>
221141at5125_1276143_0:001a77|CM010340.1:3437262-3447097|- -            269 221141               -            249   3.7e-92  297.8   0.0   1   1   3.6e-92   4.4e-92  297.5   0.0     2   244     3   249     2   254 0.93 <unknown description>
221141at5125_5507_0:00412d|CM010340.1:3444198-3447100|-    -            589 221141               -            249   8.1e-92  296.6   0.0   1   1     1e-91   1.2e-91  296.0   0.0     2   243     4   249     3   253 0.94 <unknown description>
221141at5125_2714763_0:001db1|CM010340.1:3433557-3447073|- -            296 221141               -            249   8.4e-91  293.3   0.0   1   1   1.2e-90   1.4e-90  292.6   0.0     8   242     1   239     1   243 0.94 <unknown description>
221141at5125_98403_0:0013dd|CM010340.1:3446246-3456665|-   -            273 221141               -            249   5.4e-90  290.7   0.1   1   2   2.3e-35   2.8e-35  111.4   0.0     3   124    15   139    13   143 0.92 <unknown description>
221141at5125_98403_0:0013dd|CM010340.1:3446246-3456665|-   -            273 221141               -            249   5.4e-90  290.7   0.1   2   2   1.3e-55   1.6e-55  177.7   0.0   112   239   146   271   139   273 0.94 <unknown description>
221141at5125_61374_0:002349|CM010340.1:3445080-3447100|-   -            292 221141               -            249   5.3e-85  274.3   0.0   1   1   5.4e-85   6.6e-85  274.0   0.0     2   221     4   226     3   241 0.94 <unknown description>
221141at5125_1325733_0:001d87|CM010340.1:3446451-3447106|- -            203 221141               -            249   6.3e-76  244.6   0.0   1   1   5.9e-76   7.2e-76  244.4   0.0     2   192     6   201     5   202 0.95 <unknown description>
221141at5125_78410_0:001dd3|CM010340.1:3446177-3446905|-   -            221 221141               -            249   1.6e-73  236.7   0.0   1   2   4.2e-18   5.2e-18   54.9   0.0    63   124     1    64     1    67 0.89 <unknown description>
221141at5125_78410_0:001dd3|CM010340.1:3446177-3446905|-   -            221 221141               -            249   1.6e-73  236.7   0.0   2   2   2.5e-56     3e-56  180.1   0.0   113   243    72   200    66   204 0.93 <unknown description>
221141at5125_2824670_0:00174b|CM010340.1:3446129-3446691|- -            166 221141               -            249     2e-56  180.7   0.0   1   1     2e-56   2.5e-56  180.4   0.0   117   243     4   129     1   133 0.94 <unknown description>
#
# Program:         hmmsearch
# Version:         3.4 (Aug 2023)
# Pipeline mode:   SEARCH
# Query file:      /home/arafat/busco_downloads/lineages/hypocreales_odb12.2/hmms/221141at5125.hmm
# Target file:     /home/arafat/Foxy_SIX_Evolution/results/busco/GCA_003315725.1/run_hypocreales_odb12.2/miniprot_output/translated_proteins/221141at5125.faa
# Option settings: hmmsearch --domtblout /home/arafat/Foxy_SIX_Evolution/results/busco/GCA_003315725.1/run_hypocreales_odb12.2/hmmer_output/221141at5125.out --cpu 1 /home/arafat/busco_downloads/lineages/hypocreales_odb12.2/hmms/221141at5125.hmm /home/arafat/Foxy_SIX_Evolution/results/busco/GCA_003315725.1/run_hypocreales_odb12.2/miniprot_output/translated_proteins/221141at5125.faa 
# Current dir:     /home/arafat/Foxy_SIX_Evolution
# Date:            Thu Sep 24 13:03:36 2026
# [ok]
