#                                                                                                                  --- full sequence --- -------------- this domain -------------   hmm coord   ali coord   env coord
# target name                                              accession   tlen query name           accession   qlen   E-value  score  bias   #  of  c-Evalue  i-Evalue  score  bias  from    to  from    to  from    to  acc description of target
#                                      ------------------- ---------- ----- -------------------- ---------- ----- --------- ------ ----- --- --- --------- --------- ------ ----- ----- ----- ----- ----- ----- ----- ---- ---------------------
221247at5125_12942_0:001a84|CM010335.1:3245834-3256117|+   -           1145 221247               -            661         0 1074.2  47.3   1   5         8         8   -8.5   4.8   581   613   162   194   138   207 0.41 <unknown description>
221247at5125_12942_0:001a84|CM010335.1:3245834-3256117|+   -           1145 221247               -            661         0 1074.2  47.3   2   5   6.7e-31   6.7e-31   96.2   0.1     5    83   215   299   211   321 0.84 <unknown description>
221247at5125_12942_0:001a84|CM010335.1:3245834-3256117|+   -           1145 221247               -            661         0 1074.2  47.3   3   5     4e-08     4e-08   21.0   0.1    82   107   328   354   319   363 0.81 <unknown description>
221247at5125_12942_0:001a84|CM010335.1:3245834-3256117|+   -           1145 221247               -            661         0 1074.2  47.3   4   5  5.1e-298  5.1e-298  978.9  17.3   102   633   391   971   388  1006 0.88 <unknown description>
221247at5125_12942_0:001a84|CM010335.1:3245834-3256117|+   -           1145 221247               -            661         0 1074.2  47.3   5   5      0.65      0.65   -2.8   1.0   579   606  1088  1115  1029  1142 0.54 <unknown description>
221247at5125_72228_0:0005b3|CM010335.1:3248709-3256117|+   -           1089 221247               -            661         0 1074.0  48.0   1   5         8         8   -8.3   4.6   581   613   106   138    83   151 0.40 <unknown description>
221247at5125_72228_0:0005b3|CM010335.1:3248709-3256117|+   -           1089 221247               -            661         0 1074.0  48.0   2   5   6.3e-31   6.3e-31   96.3   0.1     5    83   159   243   155   265 0.84 <unknown description>
221247at5125_72228_0:0005b3|CM010335.1:3248709-3256117|+   -           1089 221247               -            661         0 1074.0  48.0   3   5   3.8e-08   3.8e-08   21.0   0.1    82   107   272   298   263   307 0.81 <unknown description>
221247at5125_72228_0:0005b3|CM010335.1:3248709-3256117|+   -           1089 221247               -            661         0 1074.0  48.0   4   5  4.6e-298  4.6e-298  979.0  17.4   102   633   335   915   329   946 0.88 <unknown description>
221247at5125_72228_0:0005b3|CM010335.1:3248709-3256117|+   -           1089 221247               -            661         0 1074.0  48.0   5   5      0.68      0.68   -2.9   1.0   579   608  1032  1061   992  1086 0.49 <unknown description>
221247at5125_1089452_0:00008a|CM010335.1:3252862-3256117|+ -           1086 221247               -            661         0 1073.9  48.2   1   5         8         8   -8.4   4.8   581   613   103   135    79   148 0.41 <unknown description>
221247at5125_1089452_0:00008a|CM010335.1:3252862-3256117|+ -           1086 221247               -            661         0 1073.9  48.2   2   5   6.2e-31   6.2e-31   96.3   0.1     5    83   156   240   152   262 0.84 <unknown description>
221247at5125_1089452_0:00008a|CM010335.1:3252862-3256117|+ -           1086 221247               -            661         0 1073.9  48.2   3   5   3.8e-08   3.8e-08   21.0   0.1    82   107   269   295   260   304 0.81 <unknown description>
221247at5125_1089452_0:00008a|CM010335.1:3252862-3256117|+ -           1086 221247               -            661         0 1073.9  48.2   4   5  4.6e-298  4.6e-298  979.0  17.4   102   633   332   912   326   943 0.88 <unknown description>
221247at5125_1089452_0:00008a|CM010335.1:3252862-3256117|+ -           1086 221247               -            661         0 1073.9  48.2   5   5      0.68      0.68   -2.9   1.0   579   608  1029  1058   989  1083 0.49 <unknown description>
221247at5125_1291518_0:0015f0|CM010335.1:3253054-3255310|+ -            753 221247               -            661         0 1046.9  27.5   1   4         8         8   -7.7   4.8   581   615    39    73    16    85 0.40 <unknown description>
221247at5125_1291518_0:0015f0|CM010335.1:3253054-3255310|+ -            753 221247               -            661         0 1046.9  27.5   2   4   3.8e-31   3.8e-31   97.1   0.1     5    83    92   176    88   199 0.84 <unknown description>
221247at5125_1291518_0:0015f0|CM010335.1:3253054-3255310|+ -            753 221247               -            661         0 1046.9  27.5   3   4   2.5e-08   2.5e-08   21.7   0.1    82   107   205   231   196   241 0.81 <unknown description>
221247at5125_1291518_0:0015f0|CM010335.1:3253054-3255310|+ -            753 221247               -            661         0 1046.9  27.5   4   4  8.6e-288  8.6e-288  945.1   6.3   102   571   268   753   262   753 0.96 <unknown description>
221247at5125_426428_0:000320|CM010335.1:3253727-3256117|+  -            797 221247               -            661  2.7e-298  979.8  18.0   1   2  2.7e-298  2.7e-298  979.8  18.0   102   633    43   623    37   657 0.88 <unknown description>
221247at5125_426428_0:000320|CM010335.1:3253727-3256117|+  -            797 221247               -            661  2.7e-298  979.8  18.0   2   2      0.88      0.88   -3.3   2.0   579   609   740   770   703   795 0.46 <unknown description>
221247at5125_1331945_0:002067|CM010335.1:3253894-3255466|+ -            525 221247               -            661  2.8e-293  963.2  11.8   1   1  4.8e-293  4.8e-293  962.5  11.8   115   606     1   521     1   524 0.93 <unknown description>
221247at5125_93591_0:00177c|CM010335.1:3254314-3256117|+   -            602 221247               -            661  5.1e-201  658.4  17.4   1   2  5.1e-201  5.1e-201  658.4  17.4   255   633     1   428     1   464 0.85 <unknown description>
221247at5125_93591_0:00177c|CM010335.1:3254314-3256117|+   -            602 221247               -            661  5.1e-201  658.4  17.4   2   2      0.52      0.52   -2.5   1.7   579   609   545   575   513   600 0.43 <unknown description>
221247at5125_1380566_0:000026|CM010335.1:3253027-3254479|+ -            485 221247               -            661  3.8e-163  533.2  24.2   1   4       6.7       6.7   -6.2   4.5   567   616    40    83    19    95 0.42 <unknown description>
221247at5125_1380566_0:000026|CM010335.1:3253027-3254479|+ -            485 221247               -            661  3.8e-163  533.2  24.2   2   4   1.9e-31   1.9e-31   98.0   0.1     5    83   101   185    97   208 0.84 <unknown description>
221247at5125_1380566_0:000026|CM010335.1:3253027-3254479|+ -            485 221247               -            661  3.8e-163  533.2  24.2   3   4   1.5e-08   1.5e-08   22.4   0.1    82   107   214   240   205   250 0.81 <unknown description>
221247at5125_1380566_0:000026|CM010335.1:3253027-3254479|+ -            485 221247               -            661  3.8e-163  533.2  24.2   4   4  1.5e-131  1.5e-131  428.8   3.5   102   310   277   485   271   485 0.99 <unknown description>
#
# Program:         hmmsearch
# Version:         3.4 (Aug 2023)
# Pipeline mode:   SEARCH
# Query file:      /home/arafat/busco_downloads/lineages/hypocreales_odb12.2/hmms/221247at5125.hmm
# Target file:     /home/arafat/Foxy_SIX_Evolution/results/busco/GCA_003315725.1/run_hypocreales_odb12.2/miniprot_output/translated_proteins/221247at5125.faa
# Option settings: hmmsearch --domtblout /home/arafat/Foxy_SIX_Evolution/results/busco/GCA_003315725.1/run_hypocreales_odb12.2/hmmer_output/221247at5125.out --cpu 1 /home/arafat/busco_downloads/lineages/hypocreales_odb12.2/hmms/221247at5125.hmm /home/arafat/Foxy_SIX_Evolution/results/busco/GCA_003315725.1/run_hypocreales_odb12.2/miniprot_output/translated_proteins/221247at5125.faa 
# Current dir:     /home/arafat/Foxy_SIX_Evolution
# Date:            Thu Sep 24 13:03:38 2026
# [ok]
