#                                                                                                                  --- full sequence --- -------------- this domain -------------   hmm coord   ali coord   env coord
# target name                                              accession   tlen query name           accession   qlen   E-value  score  bias   #  of  c-Evalue  i-Evalue  score  bias  from    to  from    to  from    to  acc description of target
#                                      ------------------- ---------- ----- -------------------- ---------- ----- --------- ------ ----- --- --- --------- --------- ------ ----- ----- ----- ----- ----- ----- ----- ---- ---------------------
221425at5125_72712_0:002873|CM010339.1:1243534-1250347|+   -           2250 221425               -           1707         0 2914.2  26.3   1   5  1.8e-141  1.8e-141  461.4   3.8     1   304    13   339    13   373 0.86 <unknown description>
221425at5125_72712_0:002873|CM010339.1:1243534-1250347|+   -           2250 221425               -           1707         0 2914.2  26.3   2   5   6.9e-10   6.9e-10   25.2   0.5   261   314   375   435   370   445 0.82 <unknown description>
221425at5125_72712_0:002873|CM010339.1:1243534-1250347|+   -           2250 221425               -           1707         0 2914.2  26.3   3   5     6e-13     6e-13   35.3   4.2   312   359   496   544   452   551 0.80 <unknown description>
221425at5125_72712_0:002873|CM010339.1:1243534-1250347|+   -           2250 221425               -           1707         0 2914.2  26.3   4   5    0.0069    0.0069    2.0   0.0   358   383   727   752   669   768 0.87 <unknown description>
221425at5125_72712_0:002873|CM010339.1:1243534-1250347|+   -           2250 221425               -           1707         0 2914.2  26.3   5   5         0         0 2400.3   0.0   374  1704   787  2205   775  2208 0.93 <unknown description>
221425at5125_1237068_0:003b31|CM010339.1:1240836-1250276|+ -           2710 221425               -           1707         0 2892.5  13.6   1   4  3.2e-141  3.2e-141  460.6   4.8     1   305   629   956   629   999 0.84 <unknown description>
221425at5125_1237068_0:003b31|CM010339.1:1240836-1250276|+ -           2710 221425               -           1707         0 2892.5  13.6   2   4   1.8e-10   1.8e-10   27.1   0.5   261   332   991  1069   968  1073 0.83 <unknown description>
221425at5125_1237068_0:003b31|CM010339.1:1240836-1250276|+ -           2710 221425               -           1707         0 2892.5  13.6   3   4    0.0084    0.0084    1.7   0.0   358   384  1227  1253  1169  1269 0.87 <unknown description>
221425at5125_1237068_0:003b31|CM010339.1:1240836-1250276|+ -           2710 221425               -           1707         0 2892.5  13.6   4   4         0         0 2406.4   0.0   374  1707  1287  2708  1273  2708 0.93 <unknown description>
221425at5125_57161_0:00225e|CM010339.1:1246300-1250276|+   -           1310 221425               -           1707         0 2304.1   0.0   1   1         0         0 2303.8   0.0   477  1707    16  1308     3  1308 0.94 <unknown description>
221425at5125_1399860_0:00147c|CM010339.1:1247770-1250224|+ -            819 221425               -           1707         0 1514.6   1.5   1   1         0         0 1514.4   1.5   932  1704     1   815     1   818 0.94 <unknown description>
221425at5125_1399860_0:00147a|CM010339.1:1243534-1247482|+ -           1244 221425               -           1707         0 1215.8  27.8   1   5  6.5e-142  6.5e-142  462.8   3.8     1   304    13   339    13   373 0.86 <unknown description>
221425at5125_1399860_0:00147a|CM010339.1:1243534-1247482|+ -           1244 221425               -           1707         0 1215.8  27.8   2   5   3.3e-10   3.3e-10   26.2   0.6   261   314   375   435   370   462 0.83 <unknown description>
221425at5125_1399860_0:00147a|CM010339.1:1243534-1247482|+ -           1244 221425               -           1707         0 1215.8  27.8   3   5   3.3e-13   3.3e-13   36.2   4.3   312   359   496   544   453   551 0.81 <unknown description>
221425at5125_1399860_0:00147a|CM010339.1:1243534-1247482|+ -           1244 221425               -           1707         0 1215.8  27.8   4   5    0.0036    0.0036    2.9   0.0   358   383   676   701   617   716 0.86 <unknown description>
221425at5125_1399860_0:00147a|CM010339.1:1243534-1247482|+ -           1244 221425               -           1707         0 1215.8  27.8   5   5  3.7e-213  3.7e-213  699.0   0.1   374   843   736  1244   729  1244 0.91 <unknown description>
221425at5125_48495_0:0005fc|CM010339.1:1243534-1245571|+   -            658 221425               -           1707  4.5e-159  519.7  22.1   1   3  2.3e-142  2.3e-142  464.4   4.8     1   305    13   340    13   382 0.84 <unknown description>
221425at5125_48495_0:0005fc|CM010339.1:1243534-1245571|+   -            658 221425               -           1707  4.5e-159  519.7  22.1   2   3   1.5e-10   1.5e-10   27.4   0.6   261   314   375   435   366   446 0.82 <unknown description>
221425at5125_48495_0:0005fc|CM010339.1:1243534-1245571|+   -            658 221425               -           1707  4.5e-159  519.7  22.1   3   3   1.4e-13   1.4e-13   37.4   4.2   312   359   496   544   453   551 0.80 <unknown description>
#
# Program:         hmmsearch
# Version:         3.4 (Aug 2023)
# Pipeline mode:   SEARCH
# Query file:      /home/arafat/busco_downloads/lineages/hypocreales_odb12.2/hmms/221425at5125.hmm
# Target file:     /home/arafat/Foxy_SIX_Evolution/results/busco/GCA_003315725.1/run_hypocreales_odb12.2/miniprot_output/translated_proteins/221425at5125.faa
# Option settings: hmmsearch --domtblout /home/arafat/Foxy_SIX_Evolution/results/busco/GCA_003315725.1/run_hypocreales_odb12.2/hmmer_output/221425at5125.out --cpu 1 /home/arafat/busco_downloads/lineages/hypocreales_odb12.2/hmms/221425at5125.hmm /home/arafat/Foxy_SIX_Evolution/results/busco/GCA_003315725.1/run_hypocreales_odb12.2/miniprot_output/translated_proteins/221425at5125.faa 
# Current dir:     /home/arafat/Foxy_SIX_Evolution
# Date:            Thu Sep 24 13:03:41 2026
# [ok]
