#                                                                                                                  --- full sequence --- -------------- this domain -------------   hmm coord   ali coord   env coord
# target name                                              accession   tlen query name           accession   qlen   E-value  score  bias   #  of  c-Evalue  i-Evalue  score  bias  from    to  from    to  from    to  acc description of target
#                                      ------------------- ---------- ----- -------------------- ---------- ----- --------- ------ ----- --- --- --------- --------- ------ ----- ----- ----- ----- ----- ----- ----- ---- ---------------------
221476at5125_5507_1:000d8f|CM010339.1:2288438-2291087|+    -            798 221476               -            471  1.6e-191  626.1  84.1   1   4   4.5e-75   4.5e-75  242.2   2.8    17   165   123   296   115   298 0.84 <unknown description>
221476at5125_5507_1:000d8f|CM010339.1:2288438-2291087|+    -            798 221476               -            471  1.6e-191  626.1  84.1   2   4   2.7e-62   2.7e-62  200.1  18.5   163   347   376   573   372   575 0.84 <unknown description>
221476at5125_5507_1:000d8f|CM010339.1:2288438-2291087|+    -            798 221476               -            471  1.6e-191  626.1  84.1   3   4   8.4e-52   8.4e-52  165.5  46.9   282   448   546   741   530   760 0.71 <unknown description>
221476at5125_5507_1:000d8f|CM010339.1:2288438-2291087|+    -            798 221476               -            471  1.6e-191  626.1  84.1   4   4   2.8e-11   2.8e-11   31.9   3.1   445   471   771   797   755   797 0.78 <unknown description>
221476at5125_43265_0:0001a7|CM010339.1:2282942-2291078|+   -            685 221476               -            471  1.1e-190  623.3  86.1   1   4   6.5e-75   6.5e-75  241.7   4.6    12   165    16   194     6   196 0.83 <unknown description>
221476at5125_43265_0:0001a7|CM010339.1:2282942-2291078|+   -            685 221476               -            471  1.1e-190  623.3  86.1   2   4   2.6e-63   2.6e-63  203.4   9.1   163   309   274   429   270   436 0.89 <unknown description>
221476at5125_43265_0:0001a7|CM010339.1:2282942-2291078|+   -            685 221476               -            471  1.1e-190  623.3  86.1   3   4   1.1e-52   1.1e-52  168.3  46.7   284   448   437   631   427   650 0.73 <unknown description>
221476at5125_43265_0:0001a7|CM010339.1:2282942-2291078|+   -            685 221476               -            471  1.1e-190  623.3  86.1   4   4   7.4e-10   7.4e-10   27.2   3.3   445   469   661   685   648   685 0.77 <unknown description>
221476at5125_5544_1:0028f2|CM010339.1:2289636-2291087|+    -            435 221476               -            471  5.3e-120  390.3  72.1   1   3     9e-62     9e-62  198.3  16.8   163   346    10   209     6   211 0.83 <unknown description>
221476at5125_5544_1:0028f2|CM010339.1:2289636-2291087|+    -            435 221476               -            471  5.3e-120  390.3  72.1   2   3   2.9e-52   2.9e-52  167.0  47.2   282   448   183   378   167   397 0.71 <unknown description>
221476at5125_5544_1:0028f2|CM010339.1:2289636-2291087|+    -            435 221476               -            471  5.3e-120  390.3  72.1   3   3     2e-11     2e-11   32.3   3.8   445   471   408   434   388   434 0.78 <unknown description>
221476at5125_247652_0:000904|CM010339.1:2288438-2289813|+  -            426 221476               -            471   2.3e-88  286.0  16.2   1   2   1.3e-74   1.3e-74  240.7   6.1    17   165   123   296   114   298 0.84 <unknown description>
221476at5125_247652_0:000904|CM010339.1:2288438-2289813|+  -            426 221476               -            471   2.3e-88  286.0  16.2   2   2   8.1e-17   8.1e-17   50.1   2.4   163   202   376   417   372   424 0.89 <unknown description>
221476at5125_1081109_0:0001b5|CM010339.1:2288805-2289432|+ -            210 221476               -            471   1.2e-75  244.1   6.7   1   1     3e-75     3e-75  242.8   6.7    17   165    34   207    25   208 0.84 <unknown description>
221476at5125_101201_0:0011c3|CM010339.1:2288640-2289432|+  -            265 221476               -            471   2.6e-75  243.0   6.7   1   1   6.3e-75   6.3e-75  241.7   6.7    17   165    89   262    80   263 0.84 <unknown description>
221476at5125_490622_0:00158d|CM010339.1:2288438-2289432|+  -            299 221476               -            471   3.4e-75  242.6   6.7   1   1   8.7e-75   8.7e-75  241.3   6.7    17   165   123   296   114   297 0.84 <unknown description>
221476at5125_48485_0:0038b4|CM010339.1:2288438-2289232|+   -            209 221476               -            471   9.2e-42  132.4   5.6   1   1   1.5e-41   1.5e-41  131.7   5.6    17    91   123   202   114   207 0.90 <unknown description>
#
# Program:         hmmsearch
# Version:         3.4 (Aug 2023)
# Pipeline mode:   SEARCH
# Query file:      /home/arafat/busco_downloads/lineages/hypocreales_odb12.2/hmms/221476at5125.hmm
# Target file:     /home/arafat/Foxy_SIX_Evolution/results/busco/GCA_003315725.1/run_hypocreales_odb12.2/miniprot_output/translated_proteins/221476at5125.faa
# Option settings: hmmsearch --domtblout /home/arafat/Foxy_SIX_Evolution/results/busco/GCA_003315725.1/run_hypocreales_odb12.2/hmmer_output/221476at5125.out --cpu 1 /home/arafat/busco_downloads/lineages/hypocreales_odb12.2/hmms/221476at5125.hmm /home/arafat/Foxy_SIX_Evolution/results/busco/GCA_003315725.1/run_hypocreales_odb12.2/miniprot_output/translated_proteins/221476at5125.faa 
# Current dir:     /home/arafat/Foxy_SIX_Evolution
# Date:            Thu Sep 24 13:03:42 2026
# [ok]
