#                                                                                                                  --- full sequence --- -------------- this domain -------------   hmm coord   ali coord   env coord
# target name                                              accession   tlen query name           accession   qlen   E-value  score  bias   #  of  c-Evalue  i-Evalue  score  bias  from    to  from    to  from    to  acc description of target
#                                      ------------------- ---------- ----- -------------------- ---------- ----- --------- ------ ----- --- --- --------- --------- ------ ----- ----- ----- ----- ----- ----- ----- ---- ---------------------
221525at5125_327505_0:000d9d|CM010336.1:1277722-1279846|+  -            402 221525               -            412  4.4e-204  666.6  13.3   1   1  5.2e-204  5.2e-204  666.4  13.3     1   372     1   370     1   393 0.91 <unknown description>
221525at5125_1089452_0:002c23|CM010336.1:1277722-1279090|+ -            457 221525               -            412  1.3e-203  665.0  32.4   1   2  3.1e-203  3.1e-203  663.8  17.6     1   383     1   379     1   390 0.89 <unknown description>
221525at5125_1089452_0:002c23|CM010336.1:1277722-1279090|+ -            457 221525               -            412  1.3e-203  665.0  32.4   2   2    0.0014    0.0014    6.2   9.1   343   403   391   449   376   456 0.37 <unknown description>
221525at5125_1163406_0:0019b4|CM010336.1:1277722-1278790|+ -            357 221525               -            412  1.1e-201  658.7  13.1   1   1  1.3e-201  1.3e-201  658.5  13.1     1   353     1   352     1   357 0.95 <unknown description>
221525at5125_468837_0:00052e|CM010336.1:1277722-1278522|+  -            267 221525               -            412  2.8e-158  515.7   6.9   1   1  3.3e-158  3.3e-158  515.5   6.9     1   261     1   260     1   265 0.99 <unknown description>
221525at5125_307937_0:002337|CM010336.1:1277755-1278328|+  -            192 221525               -            412  2.3e-117  381.0   4.0   1   1  2.5e-117  2.5e-117  380.8   4.0    12   204     1   192     1   192 0.99 <unknown description>
221525at5125_307937_0:002337|CM010336.1:2294512-2295106|+  -            199 221525               -            412   2.3e-75  242.7   1.6   1   1   2.5e-75   2.5e-75  242.5   1.6    11   203     7   198     1   199 0.96 <unknown description>
221525at5125_2692428_0:003aa5|CM010336.1:2294494-2294980|+ -            163 221525               -            412   1.4e-55  177.4   1.1   1   1   1.7e-55   1.7e-55  177.2   1.1    10   161    12   162     4   163 0.94 <unknown description>
#
# Program:         hmmsearch
# Version:         3.4 (Aug 2023)
# Pipeline mode:   SEARCH
# Query file:      /home/arafat/busco_downloads/lineages/hypocreales_odb12.2/hmms/221525at5125.hmm
# Target file:     /home/arafat/Foxy_SIX_Evolution/results/busco/GCA_003315725.1/run_hypocreales_odb12.2/miniprot_output/translated_proteins/221525at5125.faa
# Option settings: hmmsearch --domtblout /home/arafat/Foxy_SIX_Evolution/results/busco/GCA_003315725.1/run_hypocreales_odb12.2/hmmer_output/221525at5125.out --cpu 1 /home/arafat/busco_downloads/lineages/hypocreales_odb12.2/hmms/221525at5125.hmm /home/arafat/Foxy_SIX_Evolution/results/busco/GCA_003315725.1/run_hypocreales_odb12.2/miniprot_output/translated_proteins/221525at5125.faa 
# Current dir:     /home/arafat/Foxy_SIX_Evolution
# Date:            Thu Sep 24 13:03:42 2026
# [ok]
