#                                                                                                                  --- full sequence --- -------------- this domain -------------   hmm coord   ali coord   env coord
# target name                                              accession   tlen query name           accession   qlen   E-value  score  bias   #  of  c-Evalue  i-Evalue  score  bias  from    to  from    to  from    to  acc description of target
#                                      ------------------- ---------- ----- -------------------- ---------- ----- --------- ------ ----- --- --- --------- --------- ------ ----- ----- ----- ----- ----- ----- ----- ---- ---------------------
221831at5125_426428_0:00224a|CM010338.1:3398591-3400336|-  -            509 221831               -            492  1.7e-270  886.9  15.8   1   1  1.7e-270  1.9e-270  886.7  15.8     2   492     5   501     4   501 0.98 <unknown description>
221831at5125_1806559_0:000aa1|CM010338.1:3398609-3399990|- -            407 221831               -            492  8.2e-221  723.0  16.6   1   1  8.4e-221  9.3e-221  722.8  16.6    92   492     1   405     1   405 0.98 <unknown description>
221831at5125_2885761_0:000539|CM010338.1:3398591-3399703|- -            336 221831               -            492  9.6e-177  577.6  15.5   1   1  9.8e-177  1.1e-176  577.5  15.5   168   492     1   328     1   328 0.98 <unknown description>
221831at5125_1245745_0:00055a|CM010338.1:3399211-3400366|- -            329 221831               -            492  4.1e-173  565.7   8.5   1   1  4.2e-173  4.7e-173  565.5   8.5     2   310    15   328    14   328 0.98 <unknown description>
221831at5125_1053134_0:0000a9|CM010338.1:3398612-3399415|- -            252 221831               -            492  8.1e-140  455.9   8.5   1   1  8.1e-140    9e-140  455.7   8.5   243   492     1   251     1   251 0.99 <unknown description>
221831at5125_2773459_0:0012cb|CM010338.1:3399460-3400336|- -            255 221831               -            492  2.6e-126  411.3   2.5   1   1  2.8e-126  3.2e-126  411.0   2.5     2   240     5   248     4   252 0.97 <unknown description>
221831at5125_29856_0:000b6a|CM010338.1:3399658-3400333|-   -            188 221831               -            492   2.1e-97  316.0   0.7   1   1   2.1e-97   2.3e-97  315.8   0.7     2   182     4   187     3   188 0.97 <unknown description>
221831at5125_2885761_0:000557|CM010338.1:3399855-3400291|- -            127 221831               -            492   4.3e-66  212.7   0.2   1   1   4.3e-66   4.8e-66  212.5   0.2    13   136     1   126     1   126 0.98 <unknown description>
221831at5125_45235_0:000dd3|CM010338.1:3398594-3398924|-   -            111 221831               -            492   3.7e-54  173.3   0.4   1   1   3.7e-54   4.1e-54  173.2   0.4   389   492     1   104     1   104 0.99 <unknown description>
#
# Program:         hmmsearch
# Version:         3.4 (Aug 2023)
# Pipeline mode:   SEARCH
# Query file:      /home/arafat/busco_downloads/lineages/hypocreales_odb12.2/hmms/221831at5125.hmm
# Target file:     /home/arafat/Foxy_SIX_Evolution/results/busco/GCA_003315725.1/run_hypocreales_odb12.2/miniprot_output/translated_proteins/221831at5125.faa
# Option settings: hmmsearch --domtblout /home/arafat/Foxy_SIX_Evolution/results/busco/GCA_003315725.1/run_hypocreales_odb12.2/hmmer_output/221831at5125.out --cpu 1 /home/arafat/busco_downloads/lineages/hypocreales_odb12.2/hmms/221831at5125.hmm /home/arafat/Foxy_SIX_Evolution/results/busco/GCA_003315725.1/run_hypocreales_odb12.2/miniprot_output/translated_proteins/221831at5125.faa 
# Current dir:     /home/arafat/Foxy_SIX_Evolution
# Date:            Thu Sep 24 13:03:47 2026
# [ok]
