#                                                                                                                  --- full sequence --- -------------- this domain -------------   hmm coord   ali coord   env coord
# target name                                              accession   tlen query name           accession   qlen   E-value  score  bias   #  of  c-Evalue  i-Evalue  score  bias  from    to  from    to  from    to  acc description of target
#                                      ------------------- ---------- ----- -------------------- ---------- ----- --------- ------ ----- --- --- --------- --------- ------ ----- ----- ----- ----- ----- ----- ----- ---- ---------------------
222763at5125_100902_0:000b7e|CM010336.1:1504746-1505853|+  -            319 222763               -            302  1.3e-157  512.1   0.0   1   1  2.3e-157  2.3e-157  511.2   0.0     1   301     1   317     1   318 0.94 <unknown description>
222763at5125_12942_0:001f52|CM010336.1:1504746-1506554|+   -            321 222763               -            302  8.3e-157  509.4   0.0   1   1  1.6e-156  1.6e-156  508.5   0.0     1   298     1   314     1   317 0.94 <unknown description>
222763at5125_123648_0:0007f8|CM010336.1:1505151-1505850|+  -            234 222763               -            302  9.9e-104  335.1   0.1   1   1    2e-103    2e-103  334.1   0.1    85   301     2   233     1   234 0.92 <unknown description>
222763at5125_2714763_0:0017be|CM010336.1:1504746-1505340|+ -            172 222763               -            302   1.9e-70  225.8   1.4   1   2   1.2e-05   1.2e-05   13.1   0.0     1    22     1    22     1    38 0.93 <unknown description>
222763at5125_2714763_0:0017be|CM010336.1:1504746-1505340|+ -            172 222763               -            302   1.9e-70  225.8   1.4   2   2   2.5e-66   2.5e-66  212.3   0.4    21   144    45   172    24   172 0.93 <unknown description>
222763at5125_1399860_1:000866|CM010336.1:1505418-1505850|+ -            145 222763               -            302   1.9e-67  216.0   0.0   1   1   4.7e-67   4.7e-67  214.7   0.0   170   301     2   144     1   145 0.91 <unknown description>
222763at5125_123648_0:001d40|CM010336.1:1504746-1505072|+  -             85 222763               -            302   6.3e-53  168.3   0.1   1   1   6.9e-53   6.9e-53  168.2   0.1     1    85     1    85     1    85 0.99 <unknown description>
222763at5125_1399860_0:00161b|CM010336.1:1505592-1505850|+ -             87 222763               -            302     1e-31   98.6   0.3   1   1   3.3e-31   3.3e-31   97.0   0.3   227   301     1    86     1    87 0.86 <unknown description>
#
# Program:         hmmsearch
# Version:         3.4 (Aug 2023)
# Pipeline mode:   SEARCH
# Query file:      /home/arafat/busco_downloads/lineages/hypocreales_odb12.2/hmms/222763at5125.hmm
# Target file:     /home/arafat/Foxy_SIX_Evolution/results/busco/GCA_003315725.1/run_hypocreales_odb12.2/miniprot_output/translated_proteins/222763at5125.faa
# Option settings: hmmsearch --domtblout /home/arafat/Foxy_SIX_Evolution/results/busco/GCA_003315725.1/run_hypocreales_odb12.2/hmmer_output/222763at5125.out --cpu 1 /home/arafat/busco_downloads/lineages/hypocreales_odb12.2/hmms/222763at5125.hmm /home/arafat/Foxy_SIX_Evolution/results/busco/GCA_003315725.1/run_hypocreales_odb12.2/miniprot_output/translated_proteins/222763at5125.faa 
# Current dir:     /home/arafat/Foxy_SIX_Evolution
# Date:            Thu Sep 24 13:03:38 2026
# [ok]
