#                                                                                                                  --- full sequence --- -------------- this domain -------------   hmm coord   ali coord   env coord
# target name                                              accession   tlen query name           accession   qlen   E-value  score  bias   #  of  c-Evalue  i-Evalue  score  bias  from    to  from    to  from    to  acc description of target
#                                      ------------------- ---------- ----- -------------------- ---------- ----- --------- ------ ----- --- --- --------- --------- ------ ----- ----- ----- ----- ----- ----- ----- ---- ---------------------
222812at5125_1089452_0:002a7f|CM010336.1:1351887-1353260|- -            425 222812               -            376  5.4e-211  689.2  20.9   1   1  1.3e-210  1.3e-210  687.9  20.9     1   375     8   413     8   414 0.93 <unknown description>
222812at5125_94208_0:000965|CM010336.1:1351887-1352933|-   -            316 222812               -            376  1.2e-165  539.9  18.2   1   1  3.5e-165  3.5e-165  538.4  18.2    97   375     3   304     1   305 0.93 <unknown description>
222812at5125_655827_0:0023d8|CM010336.1:1352207-1353254|-  -            333 222812               -            376  1.1e-155  507.1  14.3   1   1  3.4e-155  3.4e-155  505.5  14.3     1   292     6   328     6   330 0.91 <unknown description>
222812at5125_911162_0:00143c|CM010336.1:1351887-1352495|-  -            187 222812               -            376  8.2e-107  346.3  10.0   1   1    1e-106    1e-106  346.0  10.0   210   375     1   175     1   176 0.96 <unknown description>
222812at5125_1245745_0:001eae|CM010336.1:1352546-1353281|- -            246 222812               -            376  2.8e-101  328.1   6.8   1   1  8.7e-101  8.7e-101  326.5   6.8     1   209    15   245    15   245 0.90 <unknown description>
222812at5125_62069_0:000b06|CM010336.1:1351920-1352270|-   -             96 222812               -            376   6.2e-57  182.1   9.6   1   1   6.7e-57   6.7e-57  182.0   9.6   276   375     1    95     1    96 0.98 <unknown description>
222812at5125_62069_0:001234|CM010336.1:1352957-1353260|-   -            102 222812               -            376   1.9e-41  131.2   1.7   1   1   2.1e-41   2.1e-41  131.0   1.7     1    89     8   102     8   102 0.93 <unknown description>
#
# Program:         hmmsearch
# Version:         3.4 (Aug 2023)
# Pipeline mode:   SEARCH
# Query file:      /home/arafat/busco_downloads/lineages/hypocreales_odb12.2/hmms/222812at5125.hmm
# Target file:     /home/arafat/Foxy_SIX_Evolution/results/busco/GCA_003315725.1/run_hypocreales_odb12.2/miniprot_output/translated_proteins/222812at5125.faa
# Option settings: hmmsearch --domtblout /home/arafat/Foxy_SIX_Evolution/results/busco/GCA_003315725.1/run_hypocreales_odb12.2/hmmer_output/222812at5125.out --cpu 1 /home/arafat/busco_downloads/lineages/hypocreales_odb12.2/hmms/222812at5125.hmm /home/arafat/Foxy_SIX_Evolution/results/busco/GCA_003315725.1/run_hypocreales_odb12.2/miniprot_output/translated_proteins/222812at5125.faa 
# Current dir:     /home/arafat/Foxy_SIX_Evolution
# Date:            Thu Sep 24 13:03:39 2026
# [ok]
