#                                                                                                                  --- full sequence --- -------------- this domain -------------   hmm coord   ali coord   env coord
# target name                                              accession   tlen query name           accession   qlen   E-value  score  bias   #  of  c-Evalue  i-Evalue  score  bias  from    to  from    to  from    to  acc description of target
#                                      ------------------- ---------- ----- -------------------- ---------- ----- --------- ------ ----- --- --- --------- --------- ------ ----- ----- ----- ----- ----- ----- ----- ---- ---------------------
222863at5125_247652_0:001496|CM010335.1:3011175-3023173|-  -            761 222863               -            445  1.6e-211  691.8  15.3   1   4   6.2e-53   6.2e-53  169.1   0.2     1   121   114   238   112   261 0.88 <unknown description>
222863at5125_247652_0:001496|CM010335.1:3011175-3023173|-  -            761 222863               -            445  1.6e-211  691.8  15.3   2   4   8.8e-11   8.8e-11   30.2   1.5   126   164   332   370   322   380 0.84 <unknown description>
222863at5125_247652_0:001496|CM010335.1:3011175-3023173|-  -            761 222863               -            445  1.6e-211  691.8  15.3   3   4  1.5e-151  1.5e-151  494.2   0.2   156   434   391   686   373   692 0.94 <unknown description>
222863at5125_247652_0:001496|CM010335.1:3011175-3023173|-  -            761 222863               -            445  1.6e-211  691.8  15.3   4   4    0.0017    0.0017    6.2   0.2   433   445   706   718   701   718 0.93 <unknown description>
222863at5125_2559225_0:000324|CM010335.1:3011175-3018173|- -            792 222863               -            445    2e-211  691.5  15.3   1   4   6.6e-53   6.6e-53  169.0   0.2     1   121   145   269   143   292 0.88 <unknown description>
222863at5125_2559225_0:000324|CM010335.1:3011175-3018173|- -            792 222863               -            445    2e-211  691.5  15.3   2   4   9.3e-11   9.3e-11   30.1   1.5   126   164   363   401   353   411 0.84 <unknown description>
222863at5125_2559225_0:000324|CM010335.1:3011175-3018173|- -            792 222863               -            445    2e-211  691.5  15.3   3   4  1.6e-151  1.6e-151  494.0   0.2   156   434   422   717   404   723 0.94 <unknown description>
222863at5125_2559225_0:000324|CM010335.1:3011175-3018173|- -            792 222863               -            445    2e-211  691.5  15.3   4   4    0.0018    0.0018    6.1   0.2   433   445   737   749   732   749 0.93 <unknown description>
222863at5125_1089452_0:0004de|CM010335.1:3011175-3013599|- -            809 222863               -            445  2.1e-211  691.4  15.3   1   4   6.8e-53   6.8e-53  169.0   0.2     1   121   162   286   160   309 0.88 <unknown description>
222863at5125_1089452_0:0004de|CM010335.1:3011175-3013599|- -            809 222863               -            445  2.1e-211  691.4  15.3   2   4   9.5e-11   9.5e-11   30.1   1.5   126   164   380   418   370   428 0.84 <unknown description>
222863at5125_1089452_0:0004de|CM010335.1:3011175-3013599|- -            809 222863               -            445  2.1e-211  691.4  15.3   3   4  1.7e-151  1.7e-151  494.0   0.2   156   434   439   734   421   740 0.94 <unknown description>
222863at5125_1089452_0:0004de|CM010335.1:3011175-3013599|- -            809 222863               -            445  2.1e-211  691.4  15.3   4   4    0.0018    0.0018    6.1   0.2   433   445   754   766   749   766 0.93 <unknown description>
222863at5125_2675880_0:000204|CM010335.1:3009452-3013593|- -           1020 222863               -            445    6e-211  689.9  14.9   1   4   9.6e-53   9.6e-53  168.5   0.2     1   121   160   284   158   307 0.88 <unknown description>
222863at5125_2675880_0:000204|CM010335.1:3009452-3013593|- -           1020 222863               -            445    6e-211  689.9  14.9   2   4   1.2e-10   1.2e-10   29.7   1.6   126   164   378   416   368   430 0.84 <unknown description>
222863at5125_2675880_0:000204|CM010335.1:3009452-3013593|- -           1020 222863               -            445    6e-211  689.9  14.9   3   4  2.6e-151  2.6e-151  493.3   0.1   156   434   437   732   420   738 0.94 <unknown description>
222863at5125_2675880_0:000204|CM010335.1:3009452-3013593|- -           1020 222863               -            445    6e-211  689.9  14.9   4   4    0.0023    0.0023    5.7   0.2   433   445   752   764   747   764 0.93 <unknown description>
222863at5125_1859967_0:0002b3|CM010335.1:3009452-3016047|- -           1500 222863               -            445  3.9e-210  687.2  14.8   1   4   1.6e-52   1.6e-52  167.8   0.2     1   121   677   801   675   824 0.88 <unknown description>
222863at5125_1859967_0:0002b3|CM010335.1:3009452-3016047|- -           1500 222863               -            445  3.9e-210  687.2  14.8   2   4   1.8e-10   1.8e-10   29.2   1.5   126   164   895   933   884   946 0.84 <unknown description>
222863at5125_1859967_0:0002b3|CM010335.1:3009452-3016047|- -           1500 222863               -            445  3.9e-210  687.2  14.8   3   4  5.1e-151  5.1e-151  492.4   0.1   156   434   954  1249   937  1255 0.94 <unknown description>
222863at5125_1859967_0:0002b3|CM010335.1:3009452-3016047|- -           1500 222863               -            445  3.9e-210  687.2  14.8   4   4    0.0035    0.0035    5.1   0.2   433   445  1269  1281  1264  1281 0.93 <unknown description>
222863at5125_1094350_0:0017ce|CM010335.1:3011259-3012999|- -            532 222863               -            445    9e-193  630.0  11.2   1   4     3e-32     3e-32  100.9   0.0    40   122     1    87     1   102 0.87 <unknown description>
222863at5125_1094350_0:0017ce|CM010335.1:3011259-3012999|- -            532 222863               -            445    9e-193  630.0  11.2   2   4     5e-11     5e-11   31.0   1.5   125   164   130   169   114   181 0.84 <unknown description>
222863at5125_1094350_0:0017ce|CM010335.1:3011259-3012999|- -            532 222863               -            445    9e-193  630.0  11.2   3   4  6.4e-152  6.4e-152  495.4   0.1   156   434   190   485   173   489 0.94 <unknown description>
222863at5125_1094350_0:0017ce|CM010335.1:3011259-3012999|- -            532 222863               -            445    9e-193  630.0  11.2   4   4    0.0012    0.0012    6.7   0.2   433   445   505   517   500   517 0.93 <unknown description>
222863at5125_1294629_0:0003c0|CM010335.1:3011628-3013479|- -            618 222863               -            445  3.2e-181  591.9  15.0   1   3   4.4e-53   4.4e-53  169.6   0.2     1   121   122   246   120   269 0.88 <unknown description>
222863at5125_1294629_0:0003c0|CM010335.1:3011628-3013479|- -            618 222863               -            445  3.2e-181  591.9  15.0   2   3   7.9e-11   7.9e-11   30.3   2.1   125   164   339   378   324   397 0.84 <unknown description>
222863at5125_1294629_0:0003c0|CM010335.1:3011628-3013479|- -            618 222863               -            445  3.2e-181  591.9  15.0   3   3  8.8e-123  8.8e-123  399.3   2.2   156   374   399   617   382   618 0.96 <unknown description>
222863at5125_2004952_0:000809|CM010335.1:3011355-3012153|- -            267 222863               -            445  1.6e-132  431.4   0.0   1   1  2.3e-132  2.3e-132  430.9   0.0   200   434     1   252     1   257 0.95 <unknown description>
222863at5125_2714763_0:000205|CM010335.1:3012060-3013593|- -            512 222863               -            445   9.3e-94  303.7  16.0   1   3   3.2e-53   3.2e-53  170.1   0.2     1   121   160   284   158   307 0.88 <unknown description>
222863at5125_2714763_0:000205|CM010335.1:3012060-3013593|- -            512 222863               -            445   9.3e-94  303.7  16.0   2   3   8.2e-11   8.2e-11   30.3   2.4   126   164   378   416   368   435 0.83 <unknown description>
222863at5125_2714763_0:000205|CM010335.1:3012060-3013593|- -            512 222863               -            445   9.3e-94  303.7  16.0   3   3   3.2e-35   3.2e-35  110.7   2.4   156   231   437   512   424   512 0.92 <unknown description>
222863at5125_96774_0:001e39|CM010335.1:3012642-3013593|-   -            318 222863               -            445   8.6e-54  171.9   0.2   1   1   1.3e-53   1.3e-53  171.3   0.2     1   121   160   284   158   305 0.89 <unknown description>
#
# Program:         hmmsearch
# Version:         3.4 (Aug 2023)
# Pipeline mode:   SEARCH
# Query file:      /home/arafat/busco_downloads/lineages/hypocreales_odb12.2/hmms/222863at5125.hmm
# Target file:     /home/arafat/Foxy_SIX_Evolution/results/busco/GCA_003315725.1/run_hypocreales_odb12.2/miniprot_output/translated_proteins/222863at5125.faa
# Option settings: hmmsearch --domtblout /home/arafat/Foxy_SIX_Evolution/results/busco/GCA_003315725.1/run_hypocreales_odb12.2/hmmer_output/222863at5125.out --cpu 1 /home/arafat/busco_downloads/lineages/hypocreales_odb12.2/hmms/222863at5125.hmm /home/arafat/Foxy_SIX_Evolution/results/busco/GCA_003315725.1/run_hypocreales_odb12.2/miniprot_output/translated_proteins/222863at5125.faa 
# Current dir:     /home/arafat/Foxy_SIX_Evolution
# Date:            Thu Sep 24 13:03:40 2026
# [ok]
