#                                                                                                                  --- full sequence --- -------------- this domain -------------   hmm coord   ali coord   env coord
# target name                                              accession   tlen query name           accession   qlen   E-value  score  bias   #  of  c-Evalue  i-Evalue  score  bias  from    to  from    to  from    to  acc description of target
#                                      ------------------- ---------- ----- -------------------- ---------- ----- --------- ------ ----- --- --- --------- --------- ------ ----- ----- ----- ----- ----- ----- ----- ---- ---------------------
222951at5125_5507_3:001946|CM010336.1:2876560-2877607|+    -            350 222951               -            333    5e-164  534.0   5.5   1   1  5.7e-164  5.7e-164  533.8   5.5     2   333     4   349     3   349 0.94 <unknown description>
222951at5125_595255_0:001889|CM010336.1:2876995-2877607|+  -            205 222951               -            333  1.3e-103  335.4   1.3   1   1  1.4e-103  1.4e-103  335.3   1.3   140   333     1   204     1   204 0.92 <unknown description>
222951at5125_1237068_0:003194|CM010336.1:2876557-2877229|+ -            225 222951               -            333   3.1e-95  307.8   6.9   1   1   3.5e-95   3.5e-95  307.7   6.9     2   215     5   223     4   225 0.96 <unknown description>
222951at5125_57161_0:0044c5|CM010336.1:2876557-2877094|+   -            180 222951               -            333   3.1e-74  238.8   6.4   1   1   3.5e-74   3.5e-74  238.6   6.4     2   172     5   179     4   180 0.96 <unknown description>
222951at5125_83212_0:001b86|CM010336.1:2877241-2877607|+   -            123 222951               -            333   2.1e-67  216.4   0.7   1   1   2.3e-67   2.3e-67  216.2   0.7   219   333     3   122     1   122 0.93 <unknown description>
222951at5125_1237068_0:0041ee|CM010336.1:2877316-2877607|+ -             98 222951               -            333   3.2e-60  192.7   0.5   1   1   3.5e-60   3.5e-60  192.6   0.5   239   333     1    97     1    97 0.96 <unknown description>
222951at5125_595255_0:001523|CM010336.1:2876557-2876794|+  -             80 222951               -            333   6.2e-29   89.9   1.5   1   1   6.9e-29   6.9e-29   89.8   1.5     2    74     5    79     4    80 0.95 <unknown description>
#
# Program:         hmmsearch
# Version:         3.4 (Aug 2023)
# Pipeline mode:   SEARCH
# Query file:      /home/arafat/busco_downloads/lineages/hypocreales_odb12.2/hmms/222951at5125.hmm
# Target file:     /home/arafat/Foxy_SIX_Evolution/results/busco/GCA_003315725.1/run_hypocreales_odb12.2/miniprot_output/translated_proteins/222951at5125.faa
# Option settings: hmmsearch --domtblout /home/arafat/Foxy_SIX_Evolution/results/busco/GCA_003315725.1/run_hypocreales_odb12.2/hmmer_output/222951at5125.out --cpu 1 /home/arafat/busco_downloads/lineages/hypocreales_odb12.2/hmms/222951at5125.hmm /home/arafat/Foxy_SIX_Evolution/results/busco/GCA_003315725.1/run_hypocreales_odb12.2/miniprot_output/translated_proteins/222951at5125.faa 
# Current dir:     /home/arafat/Foxy_SIX_Evolution
# Date:            Thu Sep 24 13:03:40 2026
# [ok]
