#                                                                                                                  --- full sequence --- -------------- this domain -------------   hmm coord   ali coord   env coord
# target name                                              accession   tlen query name           accession   qlen   E-value  score  bias   #  of  c-Evalue  i-Evalue  score  bias  from    to  from    to  from    to  acc description of target
#                                      ------------------- ---------- ----- -------------------- ---------- ----- --------- ------ ----- --- --- --------- --------- ------ ----- ----- ----- ----- ----- ----- ----- ---- ---------------------
222954at5125_221167_0:000bac|CM010335.1:2551866-2553092|+  -            384 222954               -            238  4.9e-110  355.1  44.6   1   3   8.5e-06   8.5e-06   13.9  11.9     7    51    43    88    39   115 0.72 <unknown description>
222954at5125_221167_0:000bac|CM010335.1:2551866-2553092|+  -            384 222954               -            238  4.9e-110  355.1  44.6   2   3   1.1e-14   1.1e-14   43.0  11.5     5    78   115   191   111   204 0.86 <unknown description>
222954at5125_221167_0:000bac|CM010335.1:2551866-2553092|+  -            384 222954               -            238  4.9e-110  355.1  44.6   3   3   3.3e-96   3.3e-96  309.9   6.7    67   238   205   383   187   383 0.88 <unknown description>
222954at5125_2231603_0:001c57|CM010335.1:2552300-2553092|+ -            265 222954               -            238  2.7e-108  349.4  22.6   1   2   8.2e-15   8.2e-15   43.4   9.2    12    78     3    72     1    78 0.81 <unknown description>
222954at5125_2231603_0:001c57|CM010335.1:2552300-2553092|+ -            265 222954               -            238  2.7e-108  349.4  22.6   2   2     1e-96     1e-96  311.6   6.6    66   238    85   264    67   264 0.87 <unknown description>
222954at5125_1081102_0:000134|CM010335.1:2544215-2553092|+ -            409 222954               -            238  7.9e-106  341.4  46.9   1   4       3.8       3.8   -4.6   0.7    10    36    10    36     5    52 0.60 <unknown description>
222954at5125_1081102_0:000134|CM010335.1:2544215-2553092|+ -            409 222954               -            238  7.9e-106  341.4  46.9   2   4    0.0007    0.0007    7.7   6.7     9    52    71   114    64   141 0.73 <unknown description>
222954at5125_1081102_0:000134|CM010335.1:2544215-2553092|+ -            409 222954               -            238  7.9e-106  341.4  46.9   3   4   1.2e-14   1.2e-14   42.9  11.6     5    78   140   216   136   229 0.86 <unknown description>
222954at5125_1081102_0:000134|CM010335.1:2544215-2553092|+ -            409 222954               -            238  7.9e-106  341.4  46.9   4   4   3.4e-96   3.4e-96  309.8   6.5    67   238   230   408   212   408 0.88 <unknown description>
222954at5125_5507_3:000623|CM010335.1:2552042-2553021|+    -            327 222954               -            238  2.4e-101  326.7  48.4   1   3   7.3e-07   7.3e-07   17.4  15.0     1    51     1    55     1    82 0.73 <unknown description>
222954at5125_5507_3:000623|CM010335.1:2552042-2553021|+    -            327 222954               -            238  2.4e-101  326.7  48.4   2   3     8e-15     8e-15   43.5  11.5     5    78    82   158    78   171 0.86 <unknown description>
222954at5125_5507_3:000623|CM010335.1:2552042-2553021|+    -            327 222954               -            238  2.4e-101  326.7  48.4   3   3   2.1e-86   2.1e-86  277.8   7.3    67   215   172   319   154   325 0.91 <unknown description>
222954at5125_80388_0:001b33|CM010335.1:2552495-2553092|+   -            200 222954               -            238   7.4e-98  315.3   4.5   1   1   8.7e-98   8.7e-98  315.0   4.5    66   238    20   199     2   199 0.87 <unknown description>
#
# Program:         hmmsearch
# Version:         3.4 (Aug 2023)
# Pipeline mode:   SEARCH
# Query file:      /home/arafat/busco_downloads/lineages/hypocreales_odb12.2/hmms/222954at5125.hmm
# Target file:     /home/arafat/Foxy_SIX_Evolution/results/busco/GCA_003315725.1/run_hypocreales_odb12.2/miniprot_output/translated_proteins/222954at5125.faa
# Option settings: hmmsearch --domtblout /home/arafat/Foxy_SIX_Evolution/results/busco/GCA_003315725.1/run_hypocreales_odb12.2/hmmer_output/222954at5125.out --cpu 1 /home/arafat/busco_downloads/lineages/hypocreales_odb12.2/hmms/222954at5125.hmm /home/arafat/Foxy_SIX_Evolution/results/busco/GCA_003315725.1/run_hypocreales_odb12.2/miniprot_output/translated_proteins/222954at5125.faa 
# Current dir:     /home/arafat/Foxy_SIX_Evolution
# Date:            Thu Sep 24 13:03:40 2026
# [ok]
