#                                                                                                                  --- full sequence --- -------------- this domain -------------   hmm coord   ali coord   env coord
# target name                                              accession   tlen query name           accession   qlen   E-value  score  bias   #  of  c-Evalue  i-Evalue  score  bias  from    to  from    to  from    to  acc description of target
#                                      ------------------- ---------- ----- -------------------- ---------- ----- --------- ------ ----- --- --- --------- --------- ------ ----- ----- ----- ----- ----- ----- ----- ---- ---------------------
223421at5125_1089452_0:001aaa|CM010339.1:1715094-1717215|- -            708 223421               -            574  9.9e-249  815.6  65.5   1   3   3.9e-52   3.9e-52  166.5   8.4     2   182     3   224     2   247 0.77 <unknown description>
223421at5125_1089452_0:001aaa|CM010339.1:1715094-1717215|- -            708 223421               -            574  9.9e-249  815.6  65.5   2   3  1.4e-188  1.4e-188  617.0  37.6   178   549   248   639   237   654 0.87 <unknown description>
223421at5125_1089452_0:001aaa|CM010339.1:1715094-1717215|- -            708 223421               -            574  9.9e-249  815.6  65.5   3   3   1.3e-14   1.3e-14   42.6   6.0   528   574   650   705   628   705 0.76 <unknown description>
223421at5125_57161_0:001bec|CM010339.1:1715544-1717215|-   -            558 223421               -            574  1.3e-202  663.3  45.3   1   2   3.7e-52   3.7e-52  166.6   9.1     2   182     3   224     2   248 0.76 <unknown description>
223421at5125_57161_0:001bec|CM010339.1:1715544-1717215|-   -            558 223421               -            574  1.3e-202  663.3  45.3   2   2  1.7e-153  1.7e-153  501.2  29.2   178   467   248   558   237   558 0.89 <unknown description>
223421at5125_983965_0:00216c|CM010339.1:1715130-1716228|-  -            367 223421               -            574  5.1e-160  522.7  55.0   1   2  3.7e-154  3.7e-154  503.3  45.3   247   537     1   298     1   318 0.91 <unknown description>
223421at5125_983965_0:00216c|CM010339.1:1715130-1716228|-  -            367 223421               -            574  5.1e-160  522.7  55.0   2   2   6.6e-09   6.6e-09   23.8   4.3   528   565   321   367   301   367 0.73 <unknown description>
223421at5125_2714763_0:000eab|CM010339.1:1716072-1717212|- -            381 223421               -            574  4.9e-113  367.6  20.3   1   2   1.7e-52   1.7e-52  167.7   9.4     2   182     2   223     1   248 0.76 <unknown description>
223421at5125_2714763_0:000eab|CM010339.1:1716072-1717212|- -            381 223421               -            574  4.9e-113  367.6  20.3   2   2   1.7e-63   1.7e-63  204.0   3.9   178   299   247   381   236   381 0.85 <unknown description>
223421at5125_89174_0:0018e2|CM010339.1:1715094-1715808|-   -            239 223421               -            574   2.9e-87  282.5  28.0   1   2   2.6e-75   2.6e-75  243.0  16.0   384   550     1   171     1   185 0.86 <unknown description>
223421at5125_89174_0:0018e2|CM010339.1:1715094-1715808|-   -            239 223421               -            574   2.9e-87  282.5  28.0   2   2   2.8e-15   2.8e-15   44.8   6.2   527   574   180   236   160   236 0.76 <unknown description>
223421at5125_83212_0:000198|CM010339.1:1716363-1717215|-   -            285 223421               -            574   5.6e-58  185.8  13.1   1   2   8.5e-53   8.5e-53  168.7   9.7     2   182     3   224     2   248 0.76 <unknown description>
223421at5125_83212_0:000198|CM010339.1:1716363-1717215|-   -            285 223421               -            574   5.6e-58  185.8  13.1   2   2   4.7e-07   4.7e-07   17.7   0.1   177   206   247   276   228   281 0.86 <unknown description>
223421at5125_911162_0:000f1c|CM010339.1:1716621-1717158|-  -            180 223421               -            574   4.5e-37  116.8   4.9   1   1   5.6e-37   5.6e-37  116.5   4.9    16   143     3   151     1   180 0.78 <unknown description>
#
# Program:         hmmsearch
# Version:         3.4 (Aug 2023)
# Pipeline mode:   SEARCH
# Query file:      /home/arafat/busco_downloads/lineages/hypocreales_odb12.2/hmms/223421at5125.hmm
# Target file:     /home/arafat/Foxy_SIX_Evolution/results/busco/GCA_003315725.1/run_hypocreales_odb12.2/miniprot_output/translated_proteins/223421at5125.faa
# Option settings: hmmsearch --domtblout /home/arafat/Foxy_SIX_Evolution/results/busco/GCA_003315725.1/run_hypocreales_odb12.2/hmmer_output/223421at5125.out --cpu 1 /home/arafat/busco_downloads/lineages/hypocreales_odb12.2/hmms/223421at5125.hmm /home/arafat/Foxy_SIX_Evolution/results/busco/GCA_003315725.1/run_hypocreales_odb12.2/miniprot_output/translated_proteins/223421at5125.faa 
# Current dir:     /home/arafat/Foxy_SIX_Evolution
# Date:            Thu Sep 24 13:03:45 2026
# [ok]
