#                                                                                                                  --- full sequence --- -------------- this domain -------------   hmm coord   ali coord   env coord
# target name                                              accession   tlen query name           accession   qlen   E-value  score  bias   #  of  c-Evalue  i-Evalue  score  bias  from    to  from    to  from    to  acc description of target
#                                      ------------------- ---------- ----- -------------------- ---------- ----- --------- ------ ----- --- --- --------- --------- ------ ----- ----- ----- ----- ----- ----- ----- ---- ---------------------
223556at5125_1089452_0:002f29|CM010340.1:2262713-2264344|- -            526 223556               -            346  1.7e-208  680.4   4.2   1   2   2.3e-79   2.3e-79  255.7   0.0     2   145    71   224    70   240 0.91 <unknown description>
223556at5125_1089452_0:002f29|CM010340.1:2262713-2264344|- -            526 223556               -            346  1.7e-208  680.4   4.2   2   2  9.5e-131  9.5e-131  424.7   2.2   135   346   306   522   281   522 0.94 <unknown description>
223556at5125_42747_0:00111a|CM010340.1:2262952-2264137|-   -            361 223556               -            346  1.6e-140  456.9   2.0   1   2   1.1e-79   1.1e-79  256.9   0.0     2   145     2   155     1   171 0.91 <unknown description>
223556at5125_42747_0:00111a|CM010340.1:2262952-2264137|-   -            361 223556               -            346  1.6e-140  456.9   2.0   2   2   3.3e-62   3.3e-62  199.3   0.7   135   248   237   349   212   352 0.90 <unknown description>
223556at5125_58853_0:0024bd|CM010340.1:2262716-2263655|-   -            314 223556               -            346  1.9e-131  427.1   2.2   1   1  2.3e-131  2.3e-131  426.7   2.2   135   346    95   311    70   311 0.94 <unknown description>
223556at5125_93591_0:001b59|CM010340.1:2262722-2263358|-   -            213 223556               -            346  4.4e-131  425.8   2.9   1   1  4.8e-131  4.8e-131  425.7   2.9   143   346     4   212     1   212 0.97 <unknown description>
223556at5125_1291518_0:001344|CM010340.1:2262716-2263220|- -            169 223556               -            346  7.8e-105  339.5   6.2   1   1  8.9e-105  8.9e-105  339.3   6.2   186   346     1   166     1   166 0.97 <unknown description>
223556at5125_36050_0:00119a|CM010340.1:2263377-2264341|-   -            226 223556               -            346     5e-47  149.4   0.2   1   1   6.5e-47   6.5e-47  149.0   0.2     2    90    70   168    69   175 0.90 <unknown description>
223556at5125_468837_0:0011b2|CM010340.1:2263933-2264137|-  -             69 223556               -            346   2.1e-21   65.2   0.4   1   1   2.5e-21   2.5e-21   64.9   0.4     1    52     1    61     1    65 0.86 <unknown description>
#
# Program:         hmmsearch
# Version:         3.4 (Aug 2023)
# Pipeline mode:   SEARCH
# Query file:      /home/arafat/busco_downloads/lineages/hypocreales_odb12.2/hmms/223556at5125.hmm
# Target file:     /home/arafat/Foxy_SIX_Evolution/results/busco/GCA_003315725.1/run_hypocreales_odb12.2/miniprot_output/translated_proteins/223556at5125.faa
# Option settings: hmmsearch --domtblout /home/arafat/Foxy_SIX_Evolution/results/busco/GCA_003315725.1/run_hypocreales_odb12.2/hmmer_output/223556at5125.out --cpu 1 /home/arafat/busco_downloads/lineages/hypocreales_odb12.2/hmms/223556at5125.hmm /home/arafat/Foxy_SIX_Evolution/results/busco/GCA_003315725.1/run_hypocreales_odb12.2/miniprot_output/translated_proteins/223556at5125.faa 
# Current dir:     /home/arafat/Foxy_SIX_Evolution
# Date:            Thu Sep 24 13:03:48 2026
# [ok]
