#                                                                                                                  --- full sequence --- -------------- this domain -------------   hmm coord   ali coord   env coord
# target name                                              accession   tlen query name           accession   qlen   E-value  score  bias   #  of  c-Evalue  i-Evalue  score  bias  from    to  from    to  from    to  acc description of target
#                                      ------------------- ---------- ----- -------------------- ---------- ----- --------- ------ ----- --- --- --------- --------- ------ ----- ----- ----- ----- ----- ----- ----- ---- ---------------------
223741at5125_5507_3:002bc3|CM010342.1:1427168-1428720|+    -            448 223741               -            381  6.4e-164  534.0  46.6   1   2   8.4e-82   8.4e-82  263.7   6.3     1   192     1   197     1   206 0.87 <unknown description>
223741at5125_5507_3:002bc3|CM010342.1:1427168-1428720|+    -            448 223741               -            381  6.4e-164  534.0  46.6   2   2   1.8e-85   1.8e-85  275.8  34.6   161   381   198   447   194   447 0.78 <unknown description>
223741at5125_1291518_0:0008ba|CM010342.1:1427705-1428720|+ -            323 223741               -            381   6.4e-97  313.5  43.1   1   2   2.3e-14   2.3e-14   41.8   3.0   123   193     1    73     1    83 0.75 <unknown description>
223741at5125_1291518_0:0008ba|CM010342.1:1427705-1428720|+ -            323 223741               -            381   6.4e-97  313.5  43.1   2   2   1.1e-85   1.1e-85  276.5  35.8   160   381    72   322    67   322 0.78 <unknown description>
223741at5125_2596975_0:000980|CM010342.1:1428029-1428720|+ -            215 223741               -            381   3.1e-87  281.6  23.9   1   1   3.5e-87   3.5e-87  281.4  23.9   193   381     4   214     1   214 0.83 <unknown description>
223741at5125_2004951_0:001d90|CM010342.1:1428317-1428720|+ -            119 223741               -            381   5.5e-56  178.8   8.6   1   1   6.1e-56   6.1e-56  178.6   8.6   274   381     1   118     1   118 0.85 <unknown description>
223741at5125_1291518_0:0008d3|CM010342.1:1427168-1427628|+ -            119 223741               -            381   5.3e-52  165.7   0.2   1   1     6e-52     6e-52  165.5   0.2     1   102     1   105     1   114 0.91 <unknown description>
#
# Program:         hmmsearch
# Version:         3.4 (Aug 2023)
# Pipeline mode:   SEARCH
# Query file:      /home/arafat/busco_downloads/lineages/hypocreales_odb12.2/hmms/223741at5125.hmm
# Target file:     /home/arafat/Foxy_SIX_Evolution/results/busco/GCA_003315725.1/run_hypocreales_odb12.2/miniprot_output/translated_proteins/223741at5125.faa
# Option settings: hmmsearch --domtblout /home/arafat/Foxy_SIX_Evolution/results/busco/GCA_003315725.1/run_hypocreales_odb12.2/hmmer_output/223741at5125.out --cpu 1 /home/arafat/busco_downloads/lineages/hypocreales_odb12.2/hmms/223741at5125.hmm /home/arafat/Foxy_SIX_Evolution/results/busco/GCA_003315725.1/run_hypocreales_odb12.2/miniprot_output/translated_proteins/223741at5125.faa 
# Current dir:     /home/arafat/Foxy_SIX_Evolution
# Date:            Thu Sep 24 13:03:50 2026
# [ok]
