#                                                                                                                  --- full sequence --- -------------- this domain -------------   hmm coord   ali coord   env coord
# target name                                              accession   tlen query name           accession   qlen   E-value  score  bias   #  of  c-Evalue  i-Evalue  score  bias  from    to  from    to  from    to  acc description of target
#                                      ------------------- ---------- ----- -------------------- ---------- ----- --------- ------ ----- --- --- --------- --------- ------ ----- ----- ----- ----- ----- ----- ----- ---- ---------------------
223820at5125_1089452_0:001301|CM010338.1:2043260-2044520|+ -            421 223820               -            420  5.5e-159  519.8  11.5   1   1  3.5e-159  6.2e-159  519.6  11.5     3   420     5   420     3   420 0.92 <unknown description>
223820at5125_426428_0:0023e1|CM010338.1:2042771-2044520|+  -            476 223820               -            420  3.6e-158  517.1  12.5   1   1  2.6e-158  4.6e-158  516.8  12.5     4   420    61   475    58   475 0.92 <unknown description>
223820at5125_1276141_0:001a39|CM010338.1:2043521-2044508|+ -            330 223820               -            420  4.5e-117  381.7   3.1   1   1  2.8e-117    5e-117  381.6   3.1    88   417     1   330     1   330 0.91 <unknown description>
223820at5125_1803897_0:0033a7|CM010338.1:2043260-2044055|+ -            266 223820               -            420   7.3e-95  308.6  11.8   1   1   4.6e-95   8.2e-95  308.4  11.8     3   258     5   266     3   266 0.91 <unknown description>
223820at5125_1349383_0:00082a|CM010338.1:2043791-2044520|+ -            244 223820               -            420   2.6e-88  286.9   1.9   1   1   1.6e-88   2.9e-88  286.8   1.9   178   420     5   243     1   243 0.91 <unknown description>
223820at5125_101028_0:002aa3|CM010338.1:2044043-2044520|+  -            160 223820               -            420   4.1e-62  200.7   5.5   1   1   2.5e-62   4.5e-62  200.5   5.5   254   420     1   159     1   159 0.95 <unknown description>
223820at5125_43265_0:000566|CM010337.1:1260430-1261066|+   -            213 223820               -            420   3.2e-52  168.1  16.6   1   1     2e-52   3.5e-52  167.9  16.6    44   228     1   209     1   213 0.75 <unknown description>
223820at5125_1247861_0:0004f2|CM010338.1:2044163-2044520|+ -            120 223820               -            420   4.7e-50  160.9   0.7   1   1   2.9e-50   5.1e-50  160.8   0.7   294   420     2   119     1   119 0.95 <unknown description>
223820at5125_655819_0:001055|CM010338.1:4580458-4580623|+  -             56 223820               -            420       0.8   -1.2  19.4   1   1      0.44      0.78   -1.2  19.4   149   188    11    48     1    56 0.23 <unknown description>
#
# Program:         hmmsearch
# Version:         3.4 (Aug 2023)
# Pipeline mode:   SEARCH
# Query file:      /home/arafat/busco_downloads/lineages/hypocreales_odb12.2/hmms/223820at5125.hmm
# Target file:     /home/arafat/Foxy_SIX_Evolution/results/busco/GCA_003315725.1/run_hypocreales_odb12.2/miniprot_output/translated_proteins/223820at5125.faa
# Option settings: hmmsearch --domtblout /home/arafat/Foxy_SIX_Evolution/results/busco/GCA_003315725.1/run_hypocreales_odb12.2/hmmer_output/223820at5125.out --cpu 1 /home/arafat/busco_downloads/lineages/hypocreales_odb12.2/hmms/223820at5125.hmm /home/arafat/Foxy_SIX_Evolution/results/busco/GCA_003315725.1/run_hypocreales_odb12.2/miniprot_output/translated_proteins/223820at5125.faa 
# Current dir:     /home/arafat/Foxy_SIX_Evolution
# Date:            Thu Sep 24 13:03:51 2026
# [ok]
