#                                                                                                                  --- full sequence --- -------------- this domain -------------   hmm coord   ali coord   env coord
# target name                                              accession   tlen query name           accession   qlen   E-value  score  bias   #  of  c-Evalue  i-Evalue  score  bias  from    to  from    to  from    to  acc description of target
#                                      ------------------- ---------- ----- -------------------- ---------- ----- --------- ------ ----- --- --- --------- --------- ------ ----- ----- ----- ----- ----- ----- ----- ---- ---------------------
223807at5125_100902_0:004c29|CM010335.1:2214787-2215228|-  -            148 223807               -            133     2e-74  236.8   0.2   1   1   1.9e-74   2.3e-74  236.6   0.2     3   132    15   146    13   147 0.96 <unknown description>
223807at5125_1081104_0:002688|CM010335.1:2214796-2226633|- -            221 223807               -            133   1.5e-73  233.9   0.3   1   1   1.8e-73     2e-73  233.5   0.3     3   130    91   220    89   221 0.97 <unknown description>
223807at5125_2231603_0:001b82|CM010335.1:2214796-2220957|- -            203 223807               -            133   1.6e-73  233.9   0.3   1   2       1.5       1.7   -2.4   1.1   107   127    33    53    20    63 0.55 <unknown description>
223807at5125_2231603_0:001b82|CM010335.1:2214796-2220957|- -            203 223807               -            133   1.6e-73  233.9   0.3   2   2   1.4e-73   1.6e-73  233.9   0.3     3   130    73   202    71   203 0.97 <unknown description>
223807at5125_2004952_0:001d8c|CM010335.1:2214796-2215135|- -            114 223807               -            133   3.3e-66  210.2   0.1   1   1   3.1e-66   3.6e-66  210.1   0.1    20   130     1   113     1   114 0.97 <unknown description>
223807at5125_1081102_0:001cb5|CM010335.1:2214874-2215198|- -            109 223807               -            133   1.9e-65  207.7   0.2   1   1   1.8e-65   2.1e-65  207.6   0.2     3   106     5   108     3   109 0.98 <unknown description>
223807at5125_1325737_0:003a9c|CM010335.1:2214787-2214976|- -             64 223807               -            133   2.6e-30   94.1   0.1   1   1   2.4e-30   2.8e-30   94.0   0.1    73   132     1    62     1    63 0.95 <unknown description>
#
# Program:         hmmsearch
# Version:         3.4 (Aug 2023)
# Pipeline mode:   SEARCH
# Query file:      /home/arafat/busco_downloads/lineages/hypocreales_odb12.2/hmms/223807at5125.hmm
# Target file:     /home/arafat/Foxy_SIX_Evolution/results/busco/GCA_003315725.1/run_hypocreales_odb12.2/miniprot_output/translated_proteins/223807at5125.faa
# Option settings: hmmsearch --domtblout /home/arafat/Foxy_SIX_Evolution/results/busco/GCA_003315725.1/run_hypocreales_odb12.2/hmmer_output/223807at5125.out --cpu 1 /home/arafat/busco_downloads/lineages/hypocreales_odb12.2/hmms/223807at5125.hmm /home/arafat/Foxy_SIX_Evolution/results/busco/GCA_003315725.1/run_hypocreales_odb12.2/miniprot_output/translated_proteins/223807at5125.faa 
# Current dir:     /home/arafat/Foxy_SIX_Evolution
# Date:            Thu Sep 24 13:03:51 2026
# [ok]
