#                                                                                                                  --- full sequence --- -------------- this domain -------------   hmm coord   ali coord   env coord
# target name                                              accession   tlen query name           accession   qlen   E-value  score  bias   #  of  c-Evalue  i-Evalue  score  bias  from    to  from    to  from    to  acc description of target
#                                      ------------------- ---------- ----- -------------------- ---------- ----- --------- ------ ----- --- --- --------- --------- ------ ----- ----- ----- ----- ----- ----- ----- ---- ---------------------
224389at5125_660025_0:001bd2|CM010336.1:1613711-1615409|-  -            551 224389               -            337  5.2e-114  369.0  78.3   1   4   3.1e-16   3.1e-16   47.5  25.0    12   124    46   157    40   161 0.81 <unknown description>
224389at5125_660025_0:001bd2|CM010336.1:1613711-1615409|-  -            551 224389               -            337  5.2e-114  369.0  78.3   2   4   5.2e-15   5.2e-15   43.5   5.3    72   118   160   216   156   225 0.79 <unknown description>
224389at5125_660025_0:001bd2|CM010336.1:1613711-1615409|-  -            551 224389               -            337  5.2e-114  369.0  78.3   3   4   8.4e-55   8.4e-55  174.3  19.3   117   240   246   393   233   398 0.81 <unknown description>
224389at5125_660025_0:001bd2|CM010336.1:1613711-1615409|-  -            551 224389               -            337  5.2e-114  369.0  78.3   4   4   1.5e-38   1.5e-38  120.9   5.3   239   335   413   520   407   523 0.89 <unknown description>
224389at5125_1567544_0:0019ae|CM010336.1:1613711-1614803|- -            349 224389               -            337   4.2e-92  297.0  39.0   1   3   0.00025   0.00025    8.4   0.1   105   118     1    14     1    23 0.88 <unknown description>
224389at5125_1567544_0:0019ae|CM010336.1:1613711-1614803|- -            349 224389               -            337   4.2e-92  297.0  39.0   2   3   1.2e-54   1.2e-54  173.8  21.2   117   240    44   191    30   196 0.81 <unknown description>
224389at5125_1567544_0:0019ae|CM010336.1:1613711-1614803|- -            349 224389               -            337   4.2e-92  297.0  39.0   3   3   8.3e-39   8.3e-39  121.7   5.8   239   335   211   318   205   342 0.90 <unknown description>
224389at5125_1053134_0:002976|CM010336.1:1613711-1614563|- -            269 224389               -            337   9.8e-82  262.9  23.7   1   2   1.5e-47   1.5e-47  150.5   5.2   143   240    16   111     2   116 0.82 <unknown description>
224389at5125_1053134_0:002976|CM010336.1:1613711-1614563|- -            269 224389               -            337   9.8e-82  262.9  23.7   2   2   9.5e-38   9.5e-38  118.3   9.9   239   335   131   238   125   243 0.89 <unknown description>
224389at5125_1291519_0:0023a5|CM010336.1:1614353-1615409|- -            353 224389               -            337   4.6e-53  168.6  61.6   1   3   1.3e-16   1.3e-16   48.8  24.5    12   123    46   156    39   160 0.82 <unknown description>
224389at5125_1291519_0:0023a5|CM010336.1:1614353-1615409|- -            353 224389               -            337   4.6e-53  168.6  61.6   2   3   3.5e-15   3.5e-15   44.1   5.6    72   118   160   216   156   224 0.79 <unknown description>
224389at5125_1291519_0:0023a5|CM010336.1:1614353-1615409|- -            353 224389               -            337   4.6e-53  168.6  61.6   3   3   4.1e-28   4.1e-28   86.6  15.8   117   200   246   353   231   353 0.76 <unknown description>
224389at5125_57161_0:002a7d|CM010336.1:1613711-1614173|-   -            139 224389               -            337   4.1e-38  119.4  11.6   1   2   4.3e-38   4.3e-38  119.4  10.3   241   335     3   108     1   112 0.90 <unknown description>
224389at5125_57161_0:002a7d|CM010336.1:1613711-1614173|-   -            139 224389               -            337   4.1e-38  119.4  11.6   2   2      0.26      0.26   -1.5   0.0   319   335   116   132   106   134 0.65 <unknown description>
#
# Program:         hmmsearch
# Version:         3.4 (Aug 2023)
# Pipeline mode:   SEARCH
# Query file:      /home/arafat/busco_downloads/lineages/hypocreales_odb12.2/hmms/224389at5125.hmm
# Target file:     /home/arafat/Foxy_SIX_Evolution/results/busco/GCA_003315725.1/run_hypocreales_odb12.2/miniprot_output/translated_proteins/224389at5125.faa
# Option settings: hmmsearch --domtblout /home/arafat/Foxy_SIX_Evolution/results/busco/GCA_003315725.1/run_hypocreales_odb12.2/hmmer_output/224389at5125.out --cpu 1 /home/arafat/busco_downloads/lineages/hypocreales_odb12.2/hmms/224389at5125.hmm /home/arafat/Foxy_SIX_Evolution/results/busco/GCA_003315725.1/run_hypocreales_odb12.2/miniprot_output/translated_proteins/224389at5125.faa 
# Current dir:     /home/arafat/Foxy_SIX_Evolution
# Date:            Thu Sep 24 13:03:54 2026
# [ok]
