#                                                                                                                  --- full sequence --- -------------- this domain -------------   hmm coord   ali coord   env coord
# target name                                              accession   tlen query name           accession   qlen   E-value  score  bias   #  of  c-Evalue  i-Evalue  score  bias  from    to  from    to  from    to  acc description of target
#                                      ------------------- ---------- ----- -------------------- ---------- ----- --------- ------ ----- --- --- --------- --------- ------ ----- ----- ----- ----- ----- ----- ----- ---- ---------------------
224443at5125_5507_3:002f1e|CM010341.1:1208902-1210147|+    -            416 224443               -            226   4.4e-81  260.1  38.1   1   3    0.0016    0.0016    6.4   1.1     2    15    23    36    22    84 0.84 <unknown description>
224443at5125_5507_3:002f1e|CM010341.1:1208902-1210147|+    -            416 224443               -            226   4.4e-81  260.1  38.1   2   3   2.7e-23   2.7e-23   71.1   8.9    31    99   146   231   126   238 0.70 <unknown description>
224443at5125_5507_3:002f1e|CM010341.1:1208902-1210147|+    -            416 224443               -            226   4.4e-81  260.1  38.1   3   3   1.7e-58   1.7e-58  186.2  12.9    94   226   264   411   243   411 0.84 <unknown description>
224443at5125_1349383_0:0021dc|CM010341.1:1209313-1210135|+ -            275 224443               -            226   4.5e-81  260.1  30.3   1   3   1.9e-23   1.9e-23   71.6   3.4    32    79    10    57     5    63 0.89 <unknown description>
224443at5125_1349383_0:0021dc|CM010341.1:1209313-1210135|+ -            275 224443               -            226   4.5e-81  260.1  30.3   2   3     5e-05     5e-05   11.3   0.4    68    99    62    94    59   102 0.73 <unknown description>
224443at5125_1349383_0:0021dc|CM010341.1:1209313-1210135|+ -            275 224443               -            226   4.5e-81  260.1  30.3   3   3   6.2e-59   6.2e-59  187.7  12.9    94   226   127   274   106   274 0.84 <unknown description>
224443at5125_2004951_0:00114c|CM010341.1:1209838-1210147|+ -            104 224443               -            226   2.4e-39  123.6  17.5   1   1   2.7e-39   2.7e-39  123.4  17.5   145   226    14    99     4    99 0.91 <unknown description>
224443at5125_61374_0:00286c|CM010341.1:1208959-1209715|+   -            253 224443               -            226     7e-27   82.8  18.3   1   3    0.0012    0.0012    6.8   1.7     2    15     4    17     3    66 0.83 <unknown description>
224443at5125_61374_0:00286c|CM010341.1:1208959-1209715|+   -            253 224443               -            226     7e-27   82.8  18.3   2   3   8.7e-24   8.7e-24   72.7   3.1    31    79   127   175   107   182 0.87 <unknown description>
224443at5125_61374_0:00286c|CM010341.1:1208959-1209715|+   -            253 224443               -            226     7e-27   82.8  18.3   3   3   4.5e-05   4.5e-05   11.5   0.3    67    99   179   212   177   218 0.73 <unknown description>
#
# Program:         hmmsearch
# Version:         3.4 (Aug 2023)
# Pipeline mode:   SEARCH
# Query file:      /home/arafat/busco_downloads/lineages/hypocreales_odb12.2/hmms/224443at5125.hmm
# Target file:     /home/arafat/Foxy_SIX_Evolution/results/busco/GCA_003315725.1/run_hypocreales_odb12.2/miniprot_output/translated_proteins/224443at5125.faa
# Option settings: hmmsearch --domtblout /home/arafat/Foxy_SIX_Evolution/results/busco/GCA_003315725.1/run_hypocreales_odb12.2/hmmer_output/224443at5125.out --cpu 1 /home/arafat/busco_downloads/lineages/hypocreales_odb12.2/hmms/224443at5125.hmm /home/arafat/Foxy_SIX_Evolution/results/busco/GCA_003315725.1/run_hypocreales_odb12.2/miniprot_output/translated_proteins/224443at5125.faa 
# Current dir:     /home/arafat/Foxy_SIX_Evolution
# Date:            Thu Sep 24 13:03:54 2026
# [ok]
