#                                                                                                               --- full sequence --- -------------- this domain -------------   hmm coord   ali coord   env coord
# target name                                           accession   tlen query name           accession   qlen   E-value  score  bias   #  of  c-Evalue  i-Evalue  score  bias  from    to  from    to  from    to  acc description of target
#                                   ------------------- ---------- ----- -------------------- ---------- ----- --------- ------ ----- --- --- --------- --------- ------ ----- ----- ----- ----- ----- ----- ----- ---- ---------------------
227295at5125_100902_0:00360d|CM010340.1:870774-872310|+ -            497 227295               -            493         0 1015.3   0.8   1   1         0         0 1015.2   0.8     1   493     1   496     1   496 0.98 <unknown description>
227295at5125_92637_0:00025e|CM010340.1:871098-872310|+  -            405 227295               -            493  8.5e-254  831.5   0.5   1   1  9.4e-254  9.4e-254  831.4   0.5    93   493     1   404     1   404 0.98 <unknown description>
227295at5125_83212_0:0012ec|CM010340.1:870774-871800|+  -            327 227295               -            493  2.4e-199  651.9   0.1   1   1  2.6e-199  2.6e-199  651.8   0.1     1   321     1   321     1   327 0.99 <unknown description>
227295at5125_468837_0:00227e|CM010340.1:870774-871425|+ -            202 227295               -            493  2.2e-122  398.0   0.0   1   1  2.5e-122  2.5e-122  397.9   0.0     1   202     1   202     1   202 1.00 <unknown description>
227295at5125_62069_0:000c01|CM010340.1:871806-872310|+  -            169 227295               -            493  1.7e-108  352.3   2.1   1   1  1.8e-108  1.8e-108  352.1   2.1   327   493     2   168     1   168 0.99 <unknown description>
227295at5125_983965_0:001141|CM010340.1:871965-872310|+ -            116 227295               -            493   5.2e-73  235.2   1.1   1   1   5.7e-73   5.7e-73  235.1   1.1   379   493     1   115     1   115 0.99 <unknown description>
227295at5125_468837_0:002b5f|CM010340.1:872040-872310|+ -             91 227295               -            493   4.9e-55  175.9   0.8   1   1   5.4e-55   5.4e-55  175.8   0.8   404   493     1    90     1    90 0.99 <unknown description>
227295at5125_490622_0:00287a|CM010340.1:870783-871116|+ -             96 227295               -            493   7.6e-54  172.0   0.1   1   1   8.3e-54   8.3e-54  171.9   0.1     4    99     1    96     1    96 0.99 <unknown description>
#
# Program:         hmmsearch
# Version:         3.4 (Aug 2023)
# Pipeline mode:   SEARCH
# Query file:      /home/arafat/busco_downloads/lineages/hypocreales_odb12.2/hmms/227295at5125.hmm
# Target file:     /home/arafat/Foxy_SIX_Evolution/results/busco/GCA_003315725.1/run_hypocreales_odb12.2/miniprot_output/translated_proteins/227295at5125.faa
# Option settings: hmmsearch --domtblout /home/arafat/Foxy_SIX_Evolution/results/busco/GCA_003315725.1/run_hypocreales_odb12.2/hmmer_output/227295at5125.out --cpu 1 /home/arafat/busco_downloads/lineages/hypocreales_odb12.2/hmms/227295at5125.hmm /home/arafat/Foxy_SIX_Evolution/results/busco/GCA_003315725.1/run_hypocreales_odb12.2/miniprot_output/translated_proteins/227295at5125.faa 
# Current dir:     /home/arafat/Foxy_SIX_Evolution
# Date:            Thu Sep 24 13:03:57 2026
# [ok]
