#                                                                                                                 --- full sequence --- -------------- this domain -------------   hmm coord   ali coord   env coord
# target name                                             accession   tlen query name           accession   qlen   E-value  score  bias   #  of  c-Evalue  i-Evalue  score  bias  from    to  from    to  from    to  acc description of target
#                                     ------------------- ---------- ----- -------------------- ---------- ----- --------- ------ ----- --- --- --------- --------- ------ ----- ----- ----- ----- ----- ----- ----- ---- ---------------------
25334at5125_72712_0:001d52|CM010335.1:4074647-4078144|-   -           1048 25334                -            981         0 2146.2  40.0   1   2   5.1e-13   5.1e-13   36.4   2.7     1    43     4    47     4    58 0.82 <unknown description>
25334at5125_72712_0:001d52|CM010335.1:4074647-4078144|-   -           1048 25334                -            981         0 2146.2  40.0   2   2         0         0 2113.8  31.0    25   981    55  1047    44  1047 0.97 <unknown description>
25334at5125_117187_0:000381|CM010335.1:4074992-4077472|-  -            792 25334                -            981         0 1818.8  17.1   1   1         0         0 1818.5  17.1   112   891     1   781     1   790 0.99 <unknown description>
25334at5125_1208366_0:0038ff|CM010335.1:4075631-4078144|- -            697 25334                -            981         0 1584.2  23.9   1   1         0         0 1584.1  23.9     1   690     4   697     4   697 0.99 <unknown description>
25334at5125_1649127_0:00158d|CM010335.1:4074647-4076772|- -            691 25334                -            981         0 1451.1  21.7   1   1         0         0 1449.2  21.7   329   981     2   690     1   690 0.96 <unknown description>
25334at5125_2773459_0:002fc3|CM010335.1:4074647-4076207|- -            521 25334                -            981         0 1027.1  15.9   1   1         0         0 1024.9  15.9   498   981     1   520     1   520 0.95 <unknown description>
25334at5125_2773459_0:001d82|CM010335.1:4076340-4078144|- -            470 25334                -            981  3.7e-294  967.0  20.2   1   1  4.3e-294  4.3e-294  966.7  20.2     1   471     4   469     4   469 0.98 <unknown description>
25334at5125_1208366_0:000839|CM010335.1:4074647-4075640|- -            332 25334                -            981  9.2e-172  561.8  14.0   1   1  6.2e-171  6.2e-171  559.1  14.0   687   981     1   331     1   331 0.92 <unknown description>
#
# Program:         hmmsearch
# Version:         3.4 (Aug 2023)
# Pipeline mode:   SEARCH
# Query file:      /home/arafat/busco_downloads/lineages/hypocreales_odb12.2/hmms/25334at5125.hmm
# Target file:     /home/arafat/Foxy_SIX_Evolution/results/busco/GCA_003315725.1/run_hypocreales_odb12.2/miniprot_output/translated_proteins/25334at5125.faa
# Option settings: hmmsearch --domtblout /home/arafat/Foxy_SIX_Evolution/results/busco/GCA_003315725.1/run_hypocreales_odb12.2/hmmer_output/25334at5125.out --cpu 1 /home/arafat/busco_downloads/lineages/hypocreales_odb12.2/hmms/25334at5125.hmm /home/arafat/Foxy_SIX_Evolution/results/busco/GCA_003315725.1/run_hypocreales_odb12.2/miniprot_output/translated_proteins/25334at5125.faa 
# Current dir:     /home/arafat/Foxy_SIX_Evolution
# Date:            Thu Sep 24 13:03:42 2026
# [ok]
