#                                                                                                                 --- full sequence --- -------------- this domain -------------   hmm coord   ali coord   env coord
# target name                                             accession   tlen query name           accession   qlen   E-value  score  bias   #  of  c-Evalue  i-Evalue  score  bias  from    to  from    to  from    to  acc description of target
#                                     ------------------- ---------- ----- -------------------- ---------- ----- --------- ------ ----- --- --- --------- --------- ------ ----- ----- ----- ----- ----- ----- ----- ---- ---------------------
29332at5125_2559223_0:00080b|CM010336.1:3097770-3100372|- -            513 29332                -            412  7.1e-256  837.6   0.0   1   1  9.2e-256  9.2e-256  837.3   0.0     2   412   101   511   100   511 1.00 <unknown description>
29332at5125_2502994_0:00367e|CM010336.1:3097770-3101454|- -            531 29332                -            412  7.6e-256  837.5   0.0   1   1    1e-255    1e-255  837.1   0.0     2   412   119   529   118   529 1.00 <unknown description>
29332at5125_48490_0:002b04|CM010336.1:3097188-3099480|-   -            493 29332                -            412  1.5e-255  836.6   0.0   1   1  1.7e-255  1.7e-255  836.4   0.0     2   411     3   412     2   413 1.00 <unknown description>
29332at5125_1736662_0:002731|CM010336.1:3097770-3103934|- -            834 29332                -            412  2.6e-255  835.8   0.0   1   1  3.8e-255  3.8e-255  835.2   0.0     2   412   422   832   421   832 1.00 <unknown description>
29332at5125_2596975_0:00137e|CM010336.1:3093838-3099480|- -            717 29332                -            412  3.4e-253  828.8   0.0   1   1  4.5e-253  4.5e-253  828.4   0.0     2   408     3   409     2   412 0.99 <unknown description>
29332at5125_2364996_0:002fe4|CM010336.1:3097770-3099630|- -            557 29332                -            412  4.5e-250  818.5   0.1   1   2   1.5e-29   1.5e-29   92.2   0.0     2    58    53   109    52   126 0.94 <unknown description>
29332at5125_2364996_0:002fe4|CM010336.1:3097770-3099630|- -            557 29332                -            412  4.5e-250  818.5   0.1   2   2  1.7e-221  1.7e-221  724.4   0.0    53   412   196   555   191   555 0.99 <unknown description>
29332at5125_57161_0:0009c8|CM010336.1:3097770-3098989|-   -            407 29332                -            412  5.4e-222  726.0   0.0   1   1  6.8e-222  6.8e-222  725.7   0.0    53   412    46   405    43   405 0.99 <unknown description>
29332at5125_426428_0:000b3c|CM010336.1:3097770-3098385|-  -            206 29332                -            412  3.4e-129  420.4   0.0   1   1  3.9e-129  3.9e-129  420.2   0.0   209   412     1   204     1   204 0.99 <unknown description>
#
# Program:         hmmsearch
# Version:         3.4 (Aug 2023)
# Pipeline mode:   SEARCH
# Query file:      /home/arafat/busco_downloads/lineages/hypocreales_odb12.2/hmms/29332at5125.hmm
# Target file:     /home/arafat/Foxy_SIX_Evolution/results/busco/GCA_003315725.1/run_hypocreales_odb12.2/miniprot_output/translated_proteins/29332at5125.faa
# Option settings: hmmsearch --domtblout /home/arafat/Foxy_SIX_Evolution/results/busco/GCA_003315725.1/run_hypocreales_odb12.2/hmmer_output/29332at5125.out --cpu 1 /home/arafat/busco_downloads/lineages/hypocreales_odb12.2/hmms/29332at5125.hmm /home/arafat/Foxy_SIX_Evolution/results/busco/GCA_003315725.1/run_hypocreales_odb12.2/miniprot_output/translated_proteins/29332at5125.faa 
# Current dir:     /home/arafat/Foxy_SIX_Evolution
# Date:            Thu Sep 24 13:03:45 2026
# [ok]
