#                                                                                                                 --- full sequence --- -------------- this domain -------------   hmm coord   ali coord   env coord
# target name                                             accession   tlen query name           accession   qlen   E-value  score  bias   #  of  c-Evalue  i-Evalue  score  bias  from    to  from    to  from    to  acc description of target
#                                     ------------------- ---------- ----- -------------------- ---------- ----- --------- ------ ----- --- --- --------- --------- ------ ----- ----- ----- ----- ----- ----- ----- ---- ---------------------
43025at5125_426428_0:003b0e|CM010342.1:1627382-1628789|+  -            434 43025                -            371  4.1e-193  629.8   8.2   1   2  2.3e-141  2.3e-141  459.6   0.2     2   250     4   253     3   285 0.97 <unknown description>
43025at5125_426428_0:003b0e|CM010342.1:1627382-1628789|+  -            434 43025                -            371  4.1e-193  629.8   8.2   2   2   3.3e-54   3.3e-54  172.7   3.5   250   371   292   426   280   426 0.80 <unknown description>
43025at5125_1247861_0:0010d2|CM010342.1:1627403-1630984|+ -            637 43025                -            371  1.2e-191  625.0   4.6   1   2  4.4e-139  4.4e-139  452.0   0.1     6   250     1   246     1   268 0.98 <unknown description>
43025at5125_1247861_0:0010d2|CM010342.1:1627403-1630984|+ -            637 43025                -            371  1.2e-191  625.0   4.6   2   2   1.5e-54   1.5e-54  173.9   1.4   250   371   285   419   270   419 0.80 <unknown description>
43025at5125_2773459_0:001315|CM010342.1:1627952-1628789|+ -            280 43025                -            371  9.6e-103  332.5   7.5   1   2   2.3e-50   2.3e-50  160.1   0.1   153   250     1    99     1   130 0.94 <unknown description>
43025at5125_2773459_0:001315|CM010342.1:1627952-1628789|+ -            280 43025                -            371  9.6e-103  332.5   7.5   2   2   1.3e-54   1.3e-54  174.1   3.5   250   371   138   272   125   272 0.80 <unknown description>
43025at5125_150374_0:000e46|CM010342.1:1627382-1627909|+  -            156 43025                -            371   1.7e-87  282.3   0.1   1   1   1.9e-87   1.9e-87  282.1   0.1     2   153     4   155     3   156 0.99 <unknown description>
43025at5125_2604345_0:000cb2|CM010342.1:1627748-1628587|+ -            264 43025                -            371   3.6e-67  215.4   0.1   1   1   4.7e-67   4.7e-67  215.0   0.1   120   250    20   151    12   178 0.95 <unknown description>
43025at5125_1531966_0:001863|CM010342.1:1627382-1627714|+ -             91 43025                -            371   8.5e-54  171.4   0.2   1   1   9.4e-54   9.4e-54  171.2   0.2     2    89     4    91     3    91 0.98 <unknown description>
#
# Program:         hmmsearch
# Version:         3.4 (Aug 2023)
# Pipeline mode:   SEARCH
# Query file:      /home/arafat/busco_downloads/lineages/hypocreales_odb12.2/hmms/43025at5125.hmm
# Target file:     /home/arafat/Foxy_SIX_Evolution/results/busco/GCA_003315725.1/run_hypocreales_odb12.2/miniprot_output/translated_proteins/43025at5125.faa
# Option settings: hmmsearch --domtblout /home/arafat/Foxy_SIX_Evolution/results/busco/GCA_003315725.1/run_hypocreales_odb12.2/hmmer_output/43025at5125.out --cpu 1 /home/arafat/busco_downloads/lineages/hypocreales_odb12.2/hmms/43025at5125.hmm /home/arafat/Foxy_SIX_Evolution/results/busco/GCA_003315725.1/run_hypocreales_odb12.2/miniprot_output/translated_proteins/43025at5125.faa 
# Current dir:     /home/arafat/Foxy_SIX_Evolution
# Date:            Thu Sep 24 13:03:58 2026
# [ok]
