#                                                                                                                 --- full sequence --- -------------- this domain -------------   hmm coord   ali coord   env coord
# target name                                             accession   tlen query name           accession   qlen   E-value  score  bias   #  of  c-Evalue  i-Evalue  score  bias  from    to  from    to  from    to  acc description of target
#                                     ------------------- ---------- ----- -------------------- ---------- ----- --------- ------ ----- --- --- --------- --------- ------ ----- ----- ----- ----- ----- ----- ----- ---- ---------------------
50750at5125_426428_0:0031d1|CM010340.1:2098354-2099724|+  -            423 50750                -            370  4.1e-245  801.4   0.5   1   1  4.7e-245  4.7e-245  801.2   0.5     2   370    25   393    24   393 1.00 <unknown description>
50750at5125_254901_0:001df8|CM010340.1:2090360-2099724|+  -            454 50750                -            370  5.1e-245  801.1   0.5   1   1    6e-245    6e-245  800.9   0.5     2   370    56   424    55   424 1.00 <unknown description>
50750at5125_45235_0:001c9a|CM010340.1:2098354-2103479|+   -            943 50750                -            370  3.3e-244  798.5   0.5   1   1  4.5e-244  4.5e-244  798.0   0.5     2   370    25   393    24   393 1.00 <unknown description>
50750at5125_468837_0:0015c9|CM010340.1:2098681-2099724|+  -            314 50750                -            370  2.9e-191  624.3   1.1   1   1  3.2e-191  3.2e-191  624.1   1.1    87   370     1   284     1   284 1.00 <unknown description>
50750at5125_89174_0:001e88|CM010340.1:2098927-2099724|+   -            232 50750                -            370  5.1e-136  442.4   0.2   1   1  5.8e-136  5.8e-136  442.3   0.2   169   370     1   202     1   202 1.00 <unknown description>
50750at5125_96774_0:001116|CM010340.1:2098345-2098822|+   -            160 50750                -            370   4.4e-82  265.0   0.0   1   1     5e-82     5e-82  264.8   0.0     2   134    28   160    27   160 0.99 <unknown description>
50750at5125_1806559_0:001efd|CM010340.1:2099224-2099718|+ -            131 50750                -            370   5.8e-68  218.5   0.7   1   1   6.6e-68   6.6e-68  218.3   0.7   268   370     1   103     1   103 1.00 <unknown description>
50750at5125_89174_0:001624|CM010340.1:2098426-2098744|+   -            107 50750                -            370     8e-66  211.5   0.1   1   1   8.8e-66   8.8e-66  211.3   0.1     2   108     1   107     1   107 0.99 <unknown description>
#
# Program:         hmmsearch
# Version:         3.4 (Aug 2023)
# Pipeline mode:   SEARCH
# Query file:      /home/arafat/busco_downloads/lineages/hypocreales_odb12.2/hmms/50750at5125.hmm
# Target file:     /home/arafat/Foxy_SIX_Evolution/results/busco/GCA_003315725.1/run_hypocreales_odb12.2/miniprot_output/translated_proteins/50750at5125.faa
# Option settings: hmmsearch --domtblout /home/arafat/Foxy_SIX_Evolution/results/busco/GCA_003315725.1/run_hypocreales_odb12.2/hmmer_output/50750at5125.out --cpu 1 /home/arafat/busco_downloads/lineages/hypocreales_odb12.2/hmms/50750at5125.hmm /home/arafat/Foxy_SIX_Evolution/results/busco/GCA_003315725.1/run_hypocreales_odb12.2/miniprot_output/translated_proteins/50750at5125.faa 
# Current dir:     /home/arafat/Foxy_SIX_Evolution
# Date:            Thu Sep 24 13:03:43 2026
# [ok]
