#                                                                                                                 --- full sequence --- -------------- this domain -------------   hmm coord   ali coord   env coord
# target name                                             accession   tlen query name           accession   qlen   E-value  score  bias   #  of  c-Evalue  i-Evalue  score  bias  from    to  from    to  from    to  acc description of target
#                                     ------------------- ---------- ----- -------------------- ---------- ----- --------- ------ ----- --- --- --------- --------- ------ ----- ----- ----- ----- ----- ----- ----- ---- ---------------------
58060at5125_94208_0:001a14|CM010339.1:2764328-2765758|-   -            461 58060                -            427  4.1e-227  742.6   0.0   1   1  4.7e-227  4.7e-227  742.3   0.0     4   427     7   448     4   448 0.94 <unknown description>
58060at5125_1806559_0:001735|CM010339.1:2764364-2777466|- -            488 58060                -            427    5e-227  742.3   0.0   1   1  5.9e-227  5.9e-227  742.0   0.0     4   427    46   487    43   487 0.94 <unknown description>
58060at5125_1089452_0:00169c|CM010339.1:2764328-2766211|- -            535 58060                -            427  6.9e-227  741.8   0.0   1   1  8.2e-227  8.2e-227  741.6   0.0     4   427    81   522    78   522 0.94 <unknown description>
58060at5125_5507_1:001d6b|CM010339.1:2762508-2766032|-    -            905 58060                -            427  2.9e-226  739.7   0.0   1   1  3.8e-226  3.8e-226  739.3   0.0     4   427    57   498    54   498 0.94 <unknown description>
58060at5125_2004952_0:001915|CM010339.1:2764370-2769990|- -            466 58060                -            427  4.3e-226  739.2   0.0   1   1  5.3e-226  5.3e-226  738.9   0.0     6   426    28   466    25   466 0.94 <unknown description>
58060at5125_694270_0:0022ac|CM010339.1:2760931-2766008|-  -           1138 58060                -            427  4.9e-226  739.0   0.0   1   1  6.6e-226  6.6e-226  738.6   0.0     4   427    49   490    46   490 0.94 <unknown description>
58060at5125_911162_0:001af0|CM010339.1:2764328-2765431|-  -            352 58060                -            427  2.7e-186  608.1   0.0   1   1    3e-186    3e-186  607.9   0.0    99   427     1   339     1   339 0.96 <unknown description>
#
# Program:         hmmsearch
# Version:         3.4 (Aug 2023)
# Pipeline mode:   SEARCH
# Query file:      /home/arafat/busco_downloads/lineages/hypocreales_odb12.2/hmms/58060at5125.hmm
# Target file:     /home/arafat/Foxy_SIX_Evolution/results/busco/GCA_003315725.1/run_hypocreales_odb12.2/miniprot_output/translated_proteins/58060at5125.faa
# Option settings: hmmsearch --domtblout /home/arafat/Foxy_SIX_Evolution/results/busco/GCA_003315725.1/run_hypocreales_odb12.2/hmmer_output/58060at5125.out --cpu 1 /home/arafat/busco_downloads/lineages/hypocreales_odb12.2/hmms/58060at5125.hmm /home/arafat/Foxy_SIX_Evolution/results/busco/GCA_003315725.1/run_hypocreales_odb12.2/miniprot_output/translated_proteins/58060at5125.faa 
# Current dir:     /home/arafat/Foxy_SIX_Evolution
# Date:            Thu Sep 24 13:03:50 2026
# [ok]
