#                                                                                                                 --- full sequence --- -------------- this domain -------------   hmm coord   ali coord   env coord
# target name                                             accession   tlen query name           accession   qlen   E-value  score  bias   #  of  c-Evalue  i-Evalue  score  bias  from    to  from    to  from    to  acc description of target
#                                     ------------------- ---------- ----- -------------------- ---------- ----- --------- ------ ----- --- --- --------- --------- ------ ----- ----- ----- ----- ----- ----- ----- ---- ---------------------
61402at5125_1803897_0:003348|CM010336.1:4139436-4139984|+ -            165 61402                -            150   2.2e-89  286.5   0.1   1   1   2.5e-89   2.5e-89  286.3   0.1     1   150    15   164    15   164 1.00 <unknown description>
61402at5125_1491008_0:001673|CM010336.1:4136911-4139984|+ -            206 61402                -            150   4.5e-89  285.5   0.1   1   1   5.4e-89   5.4e-89  285.2   0.1     1   150    56   205    56   205 1.00 <unknown description>
61402at5125_1080343_0:000390|CM010336.1:4139274-4139984|+ -            219 61402                -            150   5.4e-89  285.2   0.1   1   1   6.6e-89   6.6e-89  284.9   0.1     1   150    69   218    69   218 1.00 <unknown description>
61402at5125_1491479_0:002386|CM010336.1:4128132-4139984|+ -            261 61402                -            150   8.1e-89  284.6   0.1   1   1   1.1e-88   1.1e-88  284.2   0.1     1   150   111   260   111   260 1.00 <unknown description>
61402at5125_1491466_0:001c48|CM010336.1:4132372-4139984|+ -            263 61402                -            150   8.4e-89  284.6   0.1   1   1   1.1e-88   1.1e-88  284.2   0.1     1   150   113   262   113   262 1.00 <unknown description>
61402at5125_123648_0:0019bd|CM010336.1:4135404-4139984|+  -            292 61402                -            150   1.1e-88  284.2   0.1   1   1   1.5e-88   1.5e-88  283.8   0.1     1   150   142   291   142   291 1.00 <unknown description>
61402at5125_2874508_0:000d1e|CM010336.1:4139039-4139984|+ -            296 61402                -            150   1.2e-88  284.1   0.1   1   1   1.5e-88   1.5e-88  283.7   0.1     1   150   146   295   146   295 1.00 <unknown description>
61402at5125_96774_0:0012eb|CM010336.1:4139595-4139984|+   -            112 61402                -            150   2.5e-70  224.6   0.1   1   1   2.7e-70   2.7e-70  224.5   0.1    40   150     1   111     1   111 0.99 <unknown description>
61402at5125_911162_0:001b35|CM010336.1:4139673-4139984|+  -             86 61402                -            150   2.9e-55  175.7   1.2   1   1   3.2e-55   3.2e-55  175.6   1.2    66   150     1    85     1    85 0.99 <unknown description>
#
# Program:         hmmsearch
# Version:         3.4 (Aug 2023)
# Pipeline mode:   SEARCH
# Query file:      /home/arafat/busco_downloads/lineages/hypocreales_odb12.2/hmms/61402at5125.hmm
# Target file:     /home/arafat/Foxy_SIX_Evolution/results/busco/GCA_003315725.1/run_hypocreales_odb12.2/miniprot_output/translated_proteins/61402at5125.faa
# Option settings: hmmsearch --domtblout /home/arafat/Foxy_SIX_Evolution/results/busco/GCA_003315725.1/run_hypocreales_odb12.2/hmmer_output/61402at5125.out --cpu 1 /home/arafat/busco_downloads/lineages/hypocreales_odb12.2/hmms/61402at5125.hmm /home/arafat/Foxy_SIX_Evolution/results/busco/GCA_003315725.1/run_hypocreales_odb12.2/miniprot_output/translated_proteins/61402at5125.faa 
# Current dir:     /home/arafat/Foxy_SIX_Evolution
# Date:            Thu Sep 24 13:03:57 2026
# [ok]
