#                                                                                                                 --- full sequence --- -------------- this domain -------------   hmm coord   ali coord   env coord
# target name                                             accession   tlen query name           accession   qlen   E-value  score  bias   #  of  c-Evalue  i-Evalue  score  bias  from    to  from    to  from    to  acc description of target
#                                     ------------------- ---------- ----- -------------------- ---------- ----- --------- ------ ----- --- --- --------- --------- ------ ----- ----- ----- ----- ----- ----- ----- ---- ---------------------
62238at5125_100902_0:001e91|CM010338.1:3434843-3435988|+  -            344 62238                -            300  1.1e-163  532.5  12.2   1   1  1.8e-162  1.8e-162  528.4  12.2     1   299    21   337    21   338 0.97 <unknown description>
62238at5125_1325734_0:001f9b|CM010338.1:3434846-3435761|+ -            267 62238                -            300    3e-110  357.0   6.3   1   1  6.8e-109  6.8e-109  352.5   6.3     1   211    20   248    20   258 0.95 <unknown description>
62238at5125_468837_0:000967|CM010338.1:3435523-3435967|+  -            149 62238                -            300   3.4e-87  281.3   2.2   1   1   3.7e-87   3.7e-87  281.2   2.2   151   299     1   149     1   149 1.00 <unknown description>
62238at5125_93591_0:0019be|CM010338.1:3435037-3435610|+   -            192 62238                -            300   2.1e-86  278.7   3.8   1   1   5.9e-85   5.9e-85  273.9   3.8     7   180     1   192     1   192 0.95 <unknown description>
62238at5125_63577_0:001204|CM010338.1:3434846-3435559|+   -            200 62238                -            300   5.2e-80  257.7   5.9   1   1   1.4e-78   1.4e-78  253.0   5.9     1   162    20   199    20   200 0.94 <unknown description>
62238at5125_1081102_0:0012b4|CM010342.1:2534837-2535723|+ -            280 62238                -            300   5.1e-53  169.1   6.6   1   2   4.9e-05   4.9e-05   11.5   0.6     1    23     9    31     9    43 0.85 <unknown description>
62238at5125_1081102_0:0012b4|CM010342.1:2534837-2535723|+ -            280 62238                -            300   5.1e-53  169.1   6.6   2   2   1.6e-50   1.6e-50  160.9   0.9    63   290    53   280    43   280 0.85 <unknown description>
#
# Program:         hmmsearch
# Version:         3.4 (Aug 2023)
# Pipeline mode:   SEARCH
# Query file:      /home/arafat/busco_downloads/lineages/hypocreales_odb12.2/hmms/62238at5125.hmm
# Target file:     /home/arafat/Foxy_SIX_Evolution/results/busco/GCA_003315725.1/run_hypocreales_odb12.2/miniprot_output/translated_proteins/62238at5125.faa
# Option settings: hmmsearch --domtblout /home/arafat/Foxy_SIX_Evolution/results/busco/GCA_003315725.1/run_hypocreales_odb12.2/hmmer_output/62238at5125.out --cpu 1 /home/arafat/busco_downloads/lineages/hypocreales_odb12.2/hmms/62238at5125.hmm /home/arafat/Foxy_SIX_Evolution/results/busco/GCA_003315725.1/run_hypocreales_odb12.2/miniprot_output/translated_proteins/62238at5125.faa 
# Current dir:     /home/arafat/Foxy_SIX_Evolution
# Date:            Thu Sep 24 13:03:57 2026
# [ok]
