#                                                                                                               --- full sequence --- -------------- this domain -------------   hmm coord   ali coord   env coord
# target name                                           accession   tlen query name           accession   qlen   E-value  score  bias   #  of  c-Evalue  i-Evalue  score  bias  from    to  from    to  from    to  acc description of target
#                                   ------------------- ---------- ----- -------------------- ---------- ----- --------- ------ ----- --- --- --------- --------- ------ ----- ----- ----- ----- ----- ----- ----- ---- ---------------------
62516at5125_1089452_0:0003a5|CM010335.1:621564-624131|+ -            840 62516                -            836         0 1613.7  23.8   1   1         0         0 1610.4  23.8     1   836     1   839     1   839 0.96 <unknown description>
62516at5125_78410_0:002857|CM010335.1:619412-624131|+   -           1247 62516                -            836         0 1611.4  23.8   1   1         0         0 1608.4  23.8     1   836   408  1246   408  1246 0.96 <unknown description>
62516at5125_57161_0:00364e|CM010335.1:622178-624131|+   -            652 62516                -            836         0 1235.8  26.9   1   1         0         0 1232.2  26.9   188   836     1   651     1   651 0.96 <unknown description>
62516at5125_2559228_0:000ee1|CM010335.1:621561-622619|+ -            337 62516                -            836    4e-157  513.9  15.2   1   1  4.5e-157  4.5e-157  513.7  15.2     1   347     2   336     2   337 0.95 <unknown description>
62516at5125_2559228_0:0005a6|CM010335.1:623372-624131|+ -            254 62516                -            836  1.8e-149  488.6  19.5   1   1  4.9e-148  4.9e-148  483.8  19.5   598   836     1   253     1   253 0.94 <unknown description>
62516at5125_911162_0:0010f6|CM010335.1:623555-624131|+  -            193 62516                -            836  9.2e-111  360.5  14.7   1   1  3.2e-109  3.2e-109  355.4  14.7   659   836     1   192     1   192 0.92 <unknown description>
62516at5125_93591_0:0014c2|CM010335.1:621625-622220|+   -            182 62516                -            836   7.4e-99  321.1   3.1   1   1   8.5e-99   8.5e-99  320.9   3.1    33   201    11   181     3   182 0.96 <unknown description>
#
# Program:         hmmsearch
# Version:         3.4 (Aug 2023)
# Pipeline mode:   SEARCH
# Query file:      /home/arafat/busco_downloads/lineages/hypocreales_odb12.2/hmms/62516at5125.hmm
# Target file:     /home/arafat/Foxy_SIX_Evolution/results/busco/GCA_003315725.1/run_hypocreales_odb12.2/miniprot_output/translated_proteins/62516at5125.faa
# Option settings: hmmsearch --domtblout /home/arafat/Foxy_SIX_Evolution/results/busco/GCA_003315725.1/run_hypocreales_odb12.2/hmmer_output/62516at5125.out --cpu 1 /home/arafat/busco_downloads/lineages/hypocreales_odb12.2/hmms/62516at5125.hmm /home/arafat/Foxy_SIX_Evolution/results/busco/GCA_003315725.1/run_hypocreales_odb12.2/miniprot_output/translated_proteins/62516at5125.faa 
# Current dir:     /home/arafat/Foxy_SIX_Evolution
# Date:            Thu Sep 24 13:03:57 2026
# [ok]
