#                                                                                                                 --- full sequence --- -------------- this domain -------------   hmm coord   ali coord   env coord
# target name                                             accession   tlen query name           accession   qlen   E-value  score  bias   #  of  c-Evalue  i-Evalue  score  bias  from    to  from    to  from    to  acc description of target
#                                     ------------------- ---------- ----- -------------------- ---------- ----- --------- ------ ----- --- --- --------- --------- ------ ----- ----- ----- ----- ----- ----- ----- ---- ---------------------
69204at5125_2885761_0:001001|CM010339.1:2998318-2999516|- -            385 69204                -            333  2.8e-172  561.3   0.0   1   1  3.2e-172  3.2e-172  561.1   0.0     7   331    47   377    34   379 0.96 <unknown description>
69204at5125_12942_0:001603|CM010339.1:2991484-2999423|-   -            938 69204                -            333  2.6e-171  558.1   0.0   1   1  3.7e-171  3.7e-171  557.6   0.0     7   331    16   346     3   348 0.96 <unknown description>
69204at5125_468837_0:002a93|CM010339.1:2998351-3006771|-  -            595 69204                -            333  5.6e-171  557.0   0.0   1   1    7e-171    7e-171  556.7   0.0     7   328   268   595   255   595 0.96 <unknown description>
69204at5125_1291518_0:000116|CM010339.1:2995500-2999465|- -            653 69204                -            333  1.5e-169  552.3   0.0   1   1  2.1e-169  2.1e-169  551.8   0.0     7   326    30   355    17   361 0.96 <unknown description>
69204at5125_2231603_0:000bff|CM010339.1:2998351-2999282|- -            296 69204                -            333    6e-158  514.2   0.0   1   1  6.7e-158  6.7e-158  514.0   0.0    40   328     2   296     1   296 0.97 <unknown description>
69204at5125_2773459_0:000a18|CM010339.1:2998366-2998741|- -            126 69204                -            333   5.7e-78  251.3   0.2   1   1   6.3e-78   6.3e-78  251.1   0.2   199   323     1   126     1   126 0.99 <unknown description>
69204at5125_89174_0:0019ce|CM010339.1:2998351-2998663|-   -            105 69204                -            333   4.5e-65  208.9   0.3   1   1     5e-65     5e-65  208.7   0.3   225   328     1   105     1   105 0.98 <unknown description>
69204at5125_254901_0:000e3c|CM010339.1:2998453-2998630|-  -             60 69204                -            333   6.1e-39  123.0   3.3   1   1   6.6e-39   6.6e-39  122.9   3.3   236   295     1    60     1    60 1.00 <unknown description>
#
# Program:         hmmsearch
# Version:         3.4 (Aug 2023)
# Pipeline mode:   SEARCH
# Query file:      /home/arafat/busco_downloads/lineages/hypocreales_odb12.2/hmms/69204at5125.hmm
# Target file:     /home/arafat/Foxy_SIX_Evolution/results/busco/GCA_003315725.1/run_hypocreales_odb12.2/miniprot_output/translated_proteins/69204at5125.faa
# Option settings: hmmsearch --domtblout /home/arafat/Foxy_SIX_Evolution/results/busco/GCA_003315725.1/run_hypocreales_odb12.2/hmmer_output/69204at5125.out --cpu 1 /home/arafat/busco_downloads/lineages/hypocreales_odb12.2/hmms/69204at5125.hmm /home/arafat/Foxy_SIX_Evolution/results/busco/GCA_003315725.1/run_hypocreales_odb12.2/miniprot_output/translated_proteins/69204at5125.faa 
# Current dir:     /home/arafat/Foxy_SIX_Evolution
# Date:            Thu Sep 24 13:04:06 2026
# [ok]
