#                                                                                                                 --- full sequence --- -------------- this domain -------------   hmm coord   ali coord   env coord
# target name                                             accession   tlen query name           accession   qlen   E-value  score  bias   #  of  c-Evalue  i-Evalue  score  bias  from    to  from    to  from    to  acc description of target
#                                     ------------------- ---------- ----- -------------------- ---------- ----- --------- ------ ----- --- --- --------- --------- ------ ----- ----- ----- ----- ----- ----- ----- ---- ---------------------
69233at5125_94208_0:000b06|CM010340.1:2049469-2052672|+   -            742 69233                -            359  1.1e-216  708.1   0.7   1   1  1.8e-215  1.8e-215  704.2   0.7     2   359   364   741   363   741 0.97 <unknown description>
69233at5125_1491479_0:000a06|CM010340.1:2051469-2052563|+ -            346 69233                -            359  2.1e-205  671.1   0.0   1   1  2.6e-205  2.6e-205  670.8   0.0     5   338     7   343     3   344 0.98 <unknown description>
69233at5125_5507_3:00266b|CM010340.1:2051364-2052782|+    -            454 69233                -            359    5e-205  669.9   0.0   1   1  6.6e-205  6.6e-205  669.5   0.0     5   338    42   378    38   380 0.98 <unknown description>
69233at5125_1237068_0:00252e|CM010340.1:2051813-2052672|+ -            270 69233                -            359  3.9e-162  528.7   0.0   1   1  4.4e-162  4.4e-162  528.6   0.0    94   359     1   269     1   269 0.99 <unknown description>
69233at5125_62069_0:0009c3|CM010340.1:2051364-2052290|+   -            255 69233                -            359  6.5e-158  514.9   0.1   1   1  7.3e-158  7.3e-158  514.7   0.1     2   252     4   255     3   255 0.99 <unknown description>
69233at5125_12942_0:0014ac|CM010340.1:2052068-2052672|+   -            185 69233                -            359  4.5e-111  360.8   0.0   1   1    5e-111    5e-111  360.6   0.0   178   359     1   184     1   184 0.99 <unknown description>
69233at5125_2692428_0:002a9f|CM010340.1:2051463-2052038|+ -            173 69233                -            359    4e-101  328.0   0.0   1   1  4.6e-101  4.6e-101  327.9   0.0     5   166     9   170     5   173 0.97 <unknown description>
69233at5125_45235_0:000331|CM010340.1:2052101-2052575|+   -            159 69233                -            359   1.5e-87  283.3   0.0   1   1   1.9e-87   1.9e-87  283.1   0.0   189   338     1   152     1   153 0.99 <unknown description>
69233at5125_1237068_0:001740|CM010340.1:2051364-2051897|+ -            124 69233                -            359   8.7e-77  248.0   0.0   1   1   9.7e-77   9.7e-77  247.8   0.0     2   122     4   124     3   124 0.99 <unknown description>
69233at5125_96774_0:001270|CM010340.1:2051364-2051754|+   -             96 69233                -            359   2.9e-58  187.0   0.1   1   1   3.2e-58   3.2e-58  186.9   0.1     2    93     4    95     3    96 0.98 <unknown description>
69233at5125_2004951_0:000769|CM010340.1:2051472-2051775|+ -            102 69233                -            359   2.1e-55  177.6   0.0   1   1   2.3e-55   2.3e-55  177.5   0.0     5    96     6    97     2   101 0.95 <unknown description>
#
# Program:         hmmsearch
# Version:         3.4 (Aug 2023)
# Pipeline mode:   SEARCH
# Query file:      /home/arafat/busco_downloads/lineages/hypocreales_odb12.2/hmms/69233at5125.hmm
# Target file:     /home/arafat/Foxy_SIX_Evolution/results/busco/GCA_003315725.1/run_hypocreales_odb12.2/miniprot_output/translated_proteins/69233at5125.faa
# Option settings: hmmsearch --domtblout /home/arafat/Foxy_SIX_Evolution/results/busco/GCA_003315725.1/run_hypocreales_odb12.2/hmmer_output/69233at5125.out --cpu 1 /home/arafat/busco_downloads/lineages/hypocreales_odb12.2/hmms/69233at5125.hmm /home/arafat/Foxy_SIX_Evolution/results/busco/GCA_003315725.1/run_hypocreales_odb12.2/miniprot_output/translated_proteins/69233at5125.faa 
# Current dir:     /home/arafat/Foxy_SIX_Evolution
# Date:            Thu Sep 24 13:04:06 2026
# [ok]
