#                                                                                                                 --- full sequence --- -------------- this domain -------------   hmm coord   ali coord   env coord
# target name                                             accession   tlen query name           accession   qlen   E-value  score  bias   #  of  c-Evalue  i-Evalue  score  bias  from    to  from    to  from    to  acc description of target
#                                     ------------------- ---------- ----- -------------------- ---------- ----- --------- ------ ----- --- --- --------- --------- ------ ----- ----- ----- ----- ----- ----- ----- ---- ---------------------
69552at5125_1089452_0:002f02|CM010340.1:2986546-2988079|- -            512 69552                -            470  1.3e-240  787.7   0.0   1   1  1.4e-240  1.4e-240  787.5   0.0     2   470     8   511     7   511 0.90 <unknown description>
69552at5125_96318_0:003d51|CM010340.1:2986546-2988476|-   -            605 69552                -            470  2.3e-240  786.8   0.0   1   1  2.7e-240  2.7e-240  786.6   0.0     2   470   101   604   100   604 0.90 <unknown description>
69552at5125_1101274_0:002dcd|CM010340.1:2984598-2988079|- -            678 69552                -            470  9.2e-198  646.4   0.2   1   2    2e-197    2e-197  645.3   0.0     2   395     8   434     7   439 0.89 <unknown description>
69552at5125_1101274_0:002dcd|CM010340.1:2984598-2988079|- -            678 69552                -            470  9.2e-198  646.4   0.2   2   2      0.53      0.53   -2.4   0.1   338   370   488   519   463   528 0.68 <unknown description>
69552at5125_195108_0:00239b|CM010340.1:2986546-2987605|-  -            354 69552                -            470  8.2e-190  620.2   0.0   1   1  9.2e-190  9.2e-190  620.0   0.0   137   470     1   353     1   353 0.93 <unknown description>
69552at5125_48495_0:002b4e|CM010340.1:2986997-2988079|-   -            341 69552                -            470  3.7e-144  469.6   0.0   1   1  4.5e-144  4.5e-144  469.4   0.0     2   293     8   326     7   336 0.89 <unknown description>
69552at5125_92637_0:000ee6|CM010340.1:2986546-2987218|-   -            225 69552                -            470  4.5e-121  393.5   0.0   1   1  5.1e-121  5.1e-121  393.3   0.0   255   470     1   224     1   224 0.94 <unknown description>
69552at5125_2030778_0:00179c|CM010340.1:2986790-2992827|- -            313 69552                -            470  4.1e-107  347.5   0.0   1   1  5.4e-107  5.4e-107  347.1   0.0   133   334    38   251     4   263 0.85 <unknown description>
69552at5125_2004951_0:001941|CM010340.1:2986546-2986858|- -            105 69552                -            470     9e-57  181.5   0.0   1   1   9.9e-57   9.9e-57  181.4   0.0   369   470     1   104     1   104 0.96 <unknown description>
#
# Program:         hmmsearch
# Version:         3.4 (Aug 2023)
# Pipeline mode:   SEARCH
# Query file:      /home/arafat/busco_downloads/lineages/hypocreales_odb12.2/hmms/69552at5125.hmm
# Target file:     /home/arafat/Foxy_SIX_Evolution/results/busco/GCA_003315725.1/run_hypocreales_odb12.2/miniprot_output/translated_proteins/69552at5125.faa
# Option settings: hmmsearch --domtblout /home/arafat/Foxy_SIX_Evolution/results/busco/GCA_003315725.1/run_hypocreales_odb12.2/hmmer_output/69552at5125.out --cpu 1 /home/arafat/busco_downloads/lineages/hypocreales_odb12.2/hmms/69552at5125.hmm /home/arafat/Foxy_SIX_Evolution/results/busco/GCA_003315725.1/run_hypocreales_odb12.2/miniprot_output/translated_proteins/69552at5125.faa 
# Current dir:     /home/arafat/Foxy_SIX_Evolution
# Date:            Thu Sep 24 13:04:06 2026
# [ok]
