#                                                                                                               --- full sequence --- -------------- this domain -------------   hmm coord   ali coord   env coord
# target name                                           accession   tlen query name           accession   qlen   E-value  score  bias   #  of  c-Evalue  i-Evalue  score  bias  from    to  from    to  from    to  acc description of target
#                                   ------------------- ---------- ----- -------------------- ---------- ----- --------- ------ ----- --- --- --------- --------- ------ ----- ----- ----- ----- ----- ----- ----- ---- ---------------------
78405at5125_1089452_0:00262c|CM010342.1:431133-431847|- -            239 78405                -            207    4e-109  351.6   2.0   1   1  4.7e-109  4.7e-109  351.4   2.0     2   206    20   236    19   237 0.95 <unknown description>
78405at5125_78410_0:0006a4|CM010342.1:430429-431847|-   -            358 78405                -            207  9.8e-109  350.4   1.7   1   1  1.2e-108  1.2e-108  350.1   1.7     2   207    20   237    19   237 0.95 <unknown description>
78405at5125_5516_0:002898|CM010342.1:429818-431799|-    -            440 78405                -            207     3e-98  316.2   1.1   1   1   4.3e-98   4.3e-98  315.6   1.1     2   191     4   205     3   215 0.93 <unknown description>
78405at5125_45235_0:00188f|CM010342.1:431223-431760|-   -            180 78405                -            207   1.8e-91  294.0   1.5   1   1   2.1e-91   2.1e-91  293.8   1.5    12   179     1   180     1   180 0.94 <unknown description>
78405at5125_911162_0:000688|CM010342.1:431139-431601|-  -            155 78405                -            207   8.2e-78  249.4   3.3   1   1   9.3e-78   9.3e-78  249.2   3.3    64   206     1   154     1   155 0.94 <unknown description>
78405at5125_229533_0:001543|CM010342.1:431370-431847|-  -            160 78405                -            207   8.9e-77  246.0   0.9   1   1     1e-76     1e-76  245.8   0.9     2   140    20   159    19   160 0.97 <unknown description>
78405at5125_2034170_0:000bd9|CM010342.1:431460-431793|- -            112 78405                -            207   6.7e-57  181.1   0.4   1   1   7.4e-57   7.4e-57  180.9   0.4     2   111     2   112     1   112 0.97 <unknown description>
#
# Program:         hmmsearch
# Version:         3.4 (Aug 2023)
# Pipeline mode:   SEARCH
# Query file:      /home/arafat/busco_downloads/lineages/hypocreales_odb12.2/hmms/78405at5125.hmm
# Target file:     /home/arafat/Foxy_SIX_Evolution/results/busco/GCA_003315725.1/run_hypocreales_odb12.2/miniprot_output/translated_proteins/78405at5125.faa
# Option settings: hmmsearch --domtblout /home/arafat/Foxy_SIX_Evolution/results/busco/GCA_003315725.1/run_hypocreales_odb12.2/hmmer_output/78405at5125.out --cpu 1 /home/arafat/busco_downloads/lineages/hypocreales_odb12.2/hmms/78405at5125.hmm /home/arafat/Foxy_SIX_Evolution/results/busco/GCA_003315725.1/run_hypocreales_odb12.2/miniprot_output/translated_proteins/78405at5125.faa 
# Current dir:     /home/arafat/Foxy_SIX_Evolution
# Date:            Thu Sep 24 13:04:00 2026
# [ok]
