#                                                                                                                 --- full sequence --- -------------- this domain -------------   hmm coord   ali coord   env coord
# target name                                             accession   tlen query name           accession   qlen   E-value  score  bias   #  of  c-Evalue  i-Evalue  score  bias  from    to  from    to  from    to  acc description of target
#                                     ------------------- ---------- ----- -------------------- ---------- ----- --------- ------ ----- --- --- --------- --------- ------ ----- ----- ----- ----- ----- ----- ----- ---- ---------------------
81721at5125_1567544_0:002993|CM010337.1:3993170-3997206|- -           1272 81721                -           1078         0 1817.9   0.0   1   2  1.7e-115  1.7e-115  375.4   0.0     3   251    97   378    95   400 0.84 <unknown description>
81721at5125_1567544_0:002993|CM010337.1:3993170-3997206|- -           1272 81721                -           1078         0 1817.9   0.0   2   2         0         0 1441.4   0.0   233  1078   388  1271   371  1271 0.93 <unknown description>
81721at5125_2004952_0:00175d|CM010337.1:3993170-4004908|- -           1206 81721                -           1078         0 1802.8   0.0   1   2  2.8e-110  2.8e-110  358.1   0.2     4   250    17   311    14   329 0.83 <unknown description>
81721at5125_2004952_0:00175d|CM010337.1:3993170-4004908|- -           1206 81721                -           1078         0 1802.8   0.0   2   2         0         0 1441.5   0.0   243  1078   334  1205   308  1205 0.93 <unknown description>
81721at5125_485398_0:0023b2|CM010337.1:3993170-3995780|-  -            871 81721                -           1078         0 1440.8   0.0   1   1         0         0 1440.6   0.0   248  1078     4   870     1   870 0.94 <unknown description>
81721at5125_1736662_0:001115|CM010337.1:3994001-3996857|- -            917 81721                -           1078         0 1301.9   0.0   1   2  8.9e-116  8.9e-116  376.3   0.0     3   252    19   301    17   323 0.84 <unknown description>
81721at5125_1736662_0:001115|CM010337.1:3994001-3996857|- -            917 81721                -           1078         0 1301.9   0.0   2   2  2.4e-281  2.4e-281  924.5   0.0   233   808   310   917   293   917 0.91 <unknown description>
81721at5125_195108_0:001954|CM010337.1:3993170-3994772|-  -            535 81721                -           1078  7.5e-302  992.4   0.2   1   1  8.4e-302  8.4e-302  992.3   0.2   558  1078     5   534     1   534 0.97 <unknown description>
#
# Program:         hmmsearch
# Version:         3.4 (Aug 2023)
# Pipeline mode:   SEARCH
# Query file:      /home/arafat/busco_downloads/lineages/hypocreales_odb12.2/hmms/81721at5125.hmm
# Target file:     /home/arafat/Foxy_SIX_Evolution/results/busco/GCA_003315725.1/run_hypocreales_odb12.2/miniprot_output/translated_proteins/81721at5125.faa
# Option settings: hmmsearch --domtblout /home/arafat/Foxy_SIX_Evolution/results/busco/GCA_003315725.1/run_hypocreales_odb12.2/hmmer_output/81721at5125.out --cpu 1 /home/arafat/busco_downloads/lineages/hypocreales_odb12.2/hmms/81721at5125.hmm /home/arafat/Foxy_SIX_Evolution/results/busco/GCA_003315725.1/run_hypocreales_odb12.2/miniprot_output/translated_proteins/81721at5125.faa 
# Current dir:     /home/arafat/Foxy_SIX_Evolution
# Date:            Thu Sep 24 13:04:06 2026
# [ok]
