#                                                                                                                 --- full sequence --- -------------- this domain -------------   hmm coord   ali coord   env coord
# target name                                             accession   tlen query name           accession   qlen   E-value  score  bias   #  of  c-Evalue  i-Evalue  score  bias  from    to  from    to  from    to  acc description of target
#                                     ------------------- ---------- ----- -------------------- ---------- ----- --------- ------ ----- --- --- --------- --------- ------ ----- ----- ----- ----- ----- ----- ----- ---- ---------------------
90032at5125_660025_0:00252a|CM010339.1:1009022-1010211|-  -            297 90032                -            224  7.8e-101  325.1  16.4   1   3   2.1e-85   2.1e-85  274.6   1.9     1   160     1   174     1   181 0.91 <unknown description>
90032at5125_660025_0:00252a|CM010339.1:1009022-1010211|-  -            297 90032                -            224  7.8e-101  325.1  16.4   2   3     0.006     0.006    5.0   4.7   143   181   176   219   168   240 0.65 <unknown description>
90032at5125_660025_0:00252a|CM010339.1:1009022-1010211|-  -            297 90032                -            224  7.8e-101  325.1  16.4   3   3   5.7e-18   5.7e-18   54.1   0.4   167   224   231   296   218   296 0.66 <unknown description>
90032at5125_1349383_0:002cc8|CM010339.1:1009322-1010211|- -            191 90032                -            224   2.2e-89  287.7   4.5   1   1   3.3e-89   3.3e-89  287.1   4.2     1   163     1   171     1   188 0.90 <unknown description>
90032at5125_93591_0:00029c|CM010339.1:1009502-1010211|-   -            148 90032                -            224   5.2e-84  270.1   0.7   1   1   6.1e-84   6.1e-84  269.8   0.7     1   135     1   134     1   145 0.94 <unknown description>
90032at5125_2773459_0:002c43|CM010339.1:1009022-1009912|- -            246 90032                -            224   9.3e-76  243.1  13.3   1   3   1.5e-59   1.5e-59  190.1   0.5    46   159     1   122     1   129 0.89 <unknown description>
90032at5125_2773459_0:002c43|CM010339.1:1009022-1009912|- -            246 90032                -            224   9.3e-76  243.1  13.3   2   3    0.0054    0.0054    5.1   4.5   143   181   125   168   117   185 0.68 <unknown description>
90032at5125_2773459_0:002c43|CM010339.1:1009022-1009912|- -            246 90032                -            224   9.3e-76  243.1  13.3   3   3     4e-18     4e-18   54.6   0.4   167   224   180   245   167   245 0.66 <unknown description>
90032at5125_117187_0:0019df|CM010339.1:1009916-1010211|-  -             64 90032                -            224   1.2e-27   85.8   0.5   1   1   1.3e-27   1.3e-27   85.6   0.5     1    49     1    49     1    54 0.95 <unknown description>
90032at5125_2898083_0:0010ba|CM010339.1:1009022-1009448|- -            143 90032                -            224   2.2e-20   62.0  12.5   1   3    0.0038    0.0038    5.6   0.2   141   160     1    20     1    27 0.78 <unknown description>
90032at5125_2898083_0:0010ba|CM010339.1:1009022-1009448|- -            143 90032                -            224   2.2e-20   62.0  12.5   2   3     0.003     0.003    5.9   5.6   143   182    22    66    14    85 0.64 <unknown description>
90032at5125_2898083_0:0010ba|CM010339.1:1009022-1009448|- -            143 90032                -            224   2.2e-20   62.0  12.5   3   3   1.2e-18   1.2e-18   56.2   0.4   167   224    77   142    64   142 0.66 <unknown description>
#
# Program:         hmmsearch
# Version:         3.4 (Aug 2023)
# Pipeline mode:   SEARCH
# Query file:      /home/arafat/busco_downloads/lineages/hypocreales_odb12.2/hmms/90032at5125.hmm
# Target file:     /home/arafat/Foxy_SIX_Evolution/results/busco/GCA_003315725.1/run_hypocreales_odb12.2/miniprot_output/translated_proteins/90032at5125.faa
# Option settings: hmmsearch --domtblout /home/arafat/Foxy_SIX_Evolution/results/busco/GCA_003315725.1/run_hypocreales_odb12.2/hmmer_output/90032at5125.out --cpu 1 /home/arafat/busco_downloads/lineages/hypocreales_odb12.2/hmms/90032at5125.hmm /home/arafat/Foxy_SIX_Evolution/results/busco/GCA_003315725.1/run_hypocreales_odb12.2/miniprot_output/translated_proteins/90032at5125.faa 
# Current dir:     /home/arafat/Foxy_SIX_Evolution
# Date:            Thu Sep 24 13:03:52 2026
# [ok]
