#                                                                                                                 --- full sequence --- -------------- this domain -------------   hmm coord   ali coord   env coord
# target name                                             accession   tlen query name           accession   qlen   E-value  score  bias   #  of  c-Evalue  i-Evalue  score  bias  from    to  from    to  from    to  acc description of target
#                                     ------------------- ---------- ----- -------------------- ---------- ----- --------- ------ ----- --- --- --------- --------- ------ ----- ----- ----- ----- ----- ----- ----- ---- ---------------------
90267at5125_1089452_0:0001f9|CM010335.1:4528137-4530481|+ -            765 90267                -            565  1.9e-254  835.4  44.2   1   4       1.5       1.5   -2.8   0.0     7    20    33    46    27    54 0.73 <unknown description>
90267at5125_1089452_0:0001f9|CM010335.1:4528137-4530481|+ -            765 90267                -            565  1.9e-254  835.4  44.2   2   4  1.7e-221  1.7e-221  726.6  29.3    25   478    74   586    48   594 0.84 <unknown description>
90267at5125_1089452_0:0001f9|CM010335.1:4528137-4530481|+ -            765 90267                -            565  1.9e-254  835.4  44.2   3   4   1.7e-31   1.7e-31   99.4   1.6   451   534   606   691   597   698 0.90 <unknown description>
90267at5125_1089452_0:0001f9|CM010335.1:4528137-4530481|+ -            765 90267                -            565  1.9e-254  835.4  44.2   4   4   1.3e-05   1.3e-05   13.9   0.1   519   560   698   753   692   763 0.67 <unknown description>
90267at5125_2898082_0:000542|CM010335.1:4525129-4530478|+ -           1316 90267                -            565  1.9e-253  832.1  43.0   1   3  6.9e-221  6.9e-221  724.6  29.4    25   478   626  1138   579  1146 0.84 <unknown description>
90267at5125_2898082_0:000542|CM010335.1:4525129-4530478|+ -           1316 90267                -            565  1.9e-253  832.1  43.0   2   3   3.8e-31   3.8e-31   98.2   2.1   451   534  1158  1243  1142  1252 0.90 <unknown description>
90267at5125_2898082_0:000542|CM010335.1:4525129-4530478|+ -           1316 90267                -            565  1.9e-253  832.1  43.0   3   3   2.6e-05   2.6e-05   12.9   0.1   520   560  1251  1305  1245  1315 0.67 <unknown description>
90267at5125_282268_0:0015c3|CM010335.1:4528137-4530010|+  -            608 90267                -            565  3.1e-223  732.3  30.4   1   1  1.6e-221  1.6e-221  726.7  30.4    25   478    74   586    27   592 0.84 <unknown description>
90267at5125_426428_0:0001b4|QESU01000062.1:4279-6545|-    -            739 90267                -            565  1.5e-222  730.0  36.5   1   3  1.7e-200  1.7e-200  657.3  19.3    24   467    50   551     3   566 0.83 <unknown description>
90267at5125_426428_0:0001b4|QESU01000062.1:4279-6545|-    -            739 90267                -            565  1.5e-222  730.0  36.5   2   3   3.9e-25   3.9e-25   78.4   1.3   451   531   578   660   566   668 0.85 <unknown description>
90267at5125_426428_0:0001b4|QESU01000062.1:4279-6545|-    -            739 90267                -            565  1.5e-222  730.0  36.5   3   3     0.083     0.083    1.4   1.7   517   541   668   692   661   737 0.64 <unknown description>
90267at5125_426428_0:0001b4|QESU01000457.1:4279-6545|-    -            739 90267                -            565  1.5e-222  730.0  36.5   1   3  1.7e-200  1.7e-200  657.3  19.3    24   467    50   551     3   566 0.83 <unknown description>
90267at5125_426428_0:0001b4|QESU01000457.1:4279-6545|-    -            739 90267                -            565  1.5e-222  730.0  36.5   2   3   3.9e-25   3.9e-25   78.4   1.3   451   531   578   660   566   668 0.85 <unknown description>
90267at5125_426428_0:0001b4|QESU01000457.1:4279-6545|-    -            739 90267                -            565  1.5e-222  730.0  36.5   3   3     0.083     0.083    1.4   1.7   517   541   668   692   661   737 0.64 <unknown description>
90267at5125_179993_0:000286|CM010335.1:4528206-4529374|+  -            373 90267                -            565  4.7e-169  553.5  11.2   1   1    1e-168    1e-168  552.4  11.2    25   322    51   373     4   373 0.89 <unknown description>
90267at5125_64609_0:000d3f|CM010335.1:4528840-4530157|+   -            440 90267                -            565  3.6e-167  547.3  32.5   1   2  9.3e-148  9.3e-148  483.2  24.3   154   478     1   369     1   377 0.82 <unknown description>
90267at5125_64609_0:000d3f|CM010335.1:4528840-4530157|+   -            440 90267                -            565  3.6e-167  547.3  32.5   2   2   6.6e-21   6.6e-21   64.4   1.2   451   502   389   440   376   440 0.92 <unknown description>
90267at5125_1576542_0:001a56|QESU01000062.1:5329-6485|-   -            369 90267                -            565  2.3e-166  544.6   8.6   1   1  2.8e-166  2.8e-166  544.3   8.6    25   335    31   367    11   369 0.88 <unknown description>
90267at5125_1576542_0:001a56|QESU01000457.1:5329-6485|-   -            369 90267                -            565  2.3e-166  544.6   8.6   1   1  2.8e-166  2.8e-166  544.3   8.6    25   335    31   367    11   369 0.88 <unknown description>
90267at5125_2773459_0:00174c|QESU01000062.1:4279-5908|-   -            543 90267                -            565  3.2e-150  491.3  27.1   1   3  1.8e-128  1.8e-128  419.5   9.7   154   447     1   335     1   365 0.82 <unknown description>
90267at5125_2773459_0:00174c|QESU01000062.1:4279-5908|-   -            543 90267                -            565  3.2e-150  491.3  27.1   2   3   2.5e-25   2.5e-25   79.0   1.1   451   528   382   461   373   469 0.85 <unknown description>
90267at5125_2773459_0:00174c|QESU01000062.1:4279-5908|-   -            543 90267                -            565  3.2e-150  491.3  27.1   3   3     0.058     0.058    1.9   1.6   518   541   473   496   467   541 0.63 <unknown description>
90267at5125_2773459_0:00174c|QESU01000457.1:4279-5908|-   -            543 90267                -            565  3.2e-150  491.3  27.1   1   3  1.8e-128  1.8e-128  419.5   9.7   154   447     1   335     1   365 0.82 <unknown description>
90267at5125_2773459_0:00174c|QESU01000457.1:4279-5908|-   -            543 90267                -            565  3.2e-150  491.3  27.1   2   3   2.5e-25   2.5e-25   79.0   1.1   451   528   382   461   373   469 0.85 <unknown description>
90267at5125_2773459_0:00174c|QESU01000457.1:4279-5908|-   -            543 90267                -            565  3.2e-150  491.3  27.1   3   3     0.058     0.058    1.9   1.6   518   541   473   496   467   541 0.63 <unknown description>
90267at5125_1089457_0:004733|QESU01000062.1:4279-5488|-   -            404 90267                -            565   3.4e-84  273.3  28.2   1   3   4.1e-62   4.1e-62  200.4  10.2   285   467     1   216     1   230 0.77 <unknown description>
90267at5125_1089457_0:004733|QESU01000062.1:4279-5488|-   -            404 90267                -            565   3.4e-84  273.3  28.2   2   3   1.7e-25   1.7e-25   79.5   1.4   451   531   243   325   230   332 0.85 <unknown description>
90267at5125_1089457_0:004733|QESU01000062.1:4279-5488|-   -            404 90267                -            565   3.4e-84  273.3  28.2   3   3     0.053     0.053    2.0   2.2   517   541   333   357   326   402 0.63 <unknown description>
90267at5125_1089457_0:004733|QESU01000457.1:4279-5488|-   -            404 90267                -            565   3.4e-84  273.3  28.2   1   3   4.1e-62   4.1e-62  200.4  10.2   285   467     1   216     1   230 0.77 <unknown description>
90267at5125_1089457_0:004733|QESU01000457.1:4279-5488|-   -            404 90267                -            565   3.4e-84  273.3  28.2   2   3   1.7e-25   1.7e-25   79.5   1.4   451   531   243   325   230   332 0.85 <unknown description>
90267at5125_1089457_0:004733|QESU01000457.1:4279-5488|-   -            404 90267                -            565   3.4e-84  273.3  28.2   3   3     0.053     0.053    2.0   2.2   517   541   333   357   326   402 0.63 <unknown description>
#
# Program:         hmmsearch
# Version:         3.4 (Aug 2023)
# Pipeline mode:   SEARCH
# Query file:      /home/arafat/busco_downloads/lineages/hypocreales_odb12.2/hmms/90267at5125.hmm
# Target file:     /home/arafat/Foxy_SIX_Evolution/results/busco/GCA_003315725.1/run_hypocreales_odb12.2/miniprot_output/translated_proteins/90267at5125.faa
# Option settings: hmmsearch --domtblout /home/arafat/Foxy_SIX_Evolution/results/busco/GCA_003315725.1/run_hypocreales_odb12.2/hmmer_output/90267at5125.out --cpu 1 /home/arafat/busco_downloads/lineages/hypocreales_odb12.2/hmms/90267at5125.hmm /home/arafat/Foxy_SIX_Evolution/results/busco/GCA_003315725.1/run_hypocreales_odb12.2/miniprot_output/translated_proteins/90267at5125.faa 
# Current dir:     /home/arafat/Foxy_SIX_Evolution
# Date:            Thu Sep 24 13:03:53 2026
# [ok]
