#                                                                                                                 --- full sequence --- -------------- this domain -------------   hmm coord   ali coord   env coord
# target name                                             accession   tlen query name           accession   qlen   E-value  score  bias   #  of  c-Evalue  i-Evalue  score  bias  from    to  from    to  from    to  acc description of target
#                                     ------------------- ---------- ----- -------------------- ---------- ----- --------- ------ ----- --- --- --------- --------- ------ ----- ----- ----- ----- ----- ----- ----- ---- ---------------------
90405at5125_1089452_0:0004f6|CM010335.1:2610140-2611733|- -            532 90405                -            529  6.9e-203  664.5  17.0   1   1  6.9e-203  7.7e-203  664.3  17.0     1   526     1   528     1   531 0.91 <unknown description>
90405at5125_327505_0:000825|CM010335.1:2610140-2613094|-  -            650 90405                -            529  1.4e-202  663.5  17.0   1   1  1.4e-202  1.6e-202  663.3  17.0     1   526   119   646   119   649 0.91 <unknown description>
90405at5125_307937_0:00358a|CM010335.1:2610146-2611226|-  -            361 90405                -            529  1.5e-154  505.0   1.2   1   1  1.5e-154  1.6e-154  504.9   1.2   169   526     1   359     1   361 0.91 <unknown description>
90405at5125_2364996_0:0036c2|CM010335.1:2610467-2611733|- -            423 90405                -            529  8.5e-151  492.6  22.5   1   1  8.5e-151  9.5e-151  492.4  22.5     1   423     1   423     1   423 0.91 <unknown description>
90405at5125_1349383_0:000739|CM010335.1:2610161-2610986|- -            276 90405                -            529  3.7e-129  421.2   0.3   1   1  3.6e-129  4.1e-129  421.1   0.3   252   523     5   276     1   276 0.90 <unknown description>
90405at5125_254901_0:000043|CM010335.1:2610155-2610668|-  -            172 90405                -            529   9.7e-79  254.8   0.0   1   1     1e-78   1.2e-78  254.6   0.0   360   524     5   171     2   172 0.93 <unknown description>
90405at5125_101201_0:0016ce|CM010335.1:2610638-2611067|-  -            144 90405                -            529   2.4e-56  180.9   6.6   1   1   2.3e-56   2.6e-56  180.8   6.6   222   366     1   140     1   144 0.89 <unknown description>
90405at5125_254901_0:0004ae|CM010335.1:2611223-2611733|-  -            171 90405                -            529   2.1e-44  141.5  18.0   1   1   2.1e-44   2.3e-44  141.4  18.0     1   170     1   171     1   171 0.92 <unknown description>
#
# Program:         hmmsearch
# Version:         3.4 (Aug 2023)
# Pipeline mode:   SEARCH
# Query file:      /home/arafat/busco_downloads/lineages/hypocreales_odb12.2/hmms/90405at5125.hmm
# Target file:     /home/arafat/Foxy_SIX_Evolution/results/busco/GCA_003315725.1/run_hypocreales_odb12.2/miniprot_output/translated_proteins/90405at5125.faa
# Option settings: hmmsearch --domtblout /home/arafat/Foxy_SIX_Evolution/results/busco/GCA_003315725.1/run_hypocreales_odb12.2/hmmer_output/90405at5125.out --cpu 1 /home/arafat/busco_downloads/lineages/hypocreales_odb12.2/hmms/90405at5125.hmm /home/arafat/Foxy_SIX_Evolution/results/busco/GCA_003315725.1/run_hypocreales_odb12.2/miniprot_output/translated_proteins/90405at5125.faa 
# Current dir:     /home/arafat/Foxy_SIX_Evolution
# Date:            Thu Sep 24 13:03:53 2026
# [ok]
