#                                                                                                               --- full sequence --- -------------- this domain -------------   hmm coord   ali coord   env coord
# target name                                           accession   tlen query name           accession   qlen   E-value  score  bias   #  of  c-Evalue  i-Evalue  score  bias  from    to  from    to  from    to  acc description of target
#                                   ------------------- ---------- ----- -------------------- ---------- ----- --------- ------ ----- --- --- --------- --------- ------ ----- ----- ----- ----- ----- ----- ----- ---- ---------------------
91187at5125_73501_0:000b7a|CM010338.1:819379-821853|+   -            618 91187                -            484  7.4e-282  923.8   1.2   1   1  9.2e-282  9.2e-282  923.5   1.2     2   479   103   603   102   608 0.94 <unknown description>
91187at5125_660027_0:001258|CM010338.1:819013-821209|+  -            619 91187                -            484  7.5e-282  923.8   1.2   1   1  9.2e-282  9.2e-282  923.5   1.2     2   479   111   611   110   616 0.94 <unknown description>
91187at5125_2039875_0:0007da|CM010338.1:819382-824327|+ -            635 91187                -            484  8.1e-282  923.7   1.2   1   1    1e-281    1e-281  923.4   1.2     2   479   102   602   101   607 0.94 <unknown description>
91187at5125_1081108_0:000452|CM010338.1:819688-828518|+ -            519 91187                -            484  9.8e-282  923.4   1.0   1   1  1.2e-281  1.2e-281  923.2   1.0     4   479     2   500     1   505 0.94 <unknown description>
91187at5125_1896173_0:000992|CM010338.1:819592-821173|+ -            528 91187                -            484  9.8e-281  920.1   1.9   1   1  1.2e-280  1.2e-280  919.9   1.9     2   475    32   528    31   528 0.95 <unknown description>
91187at5125_93591_0:00026f|CM010338.1:819469-820780|+   -            438 91187                -            484  4.3e-222  726.7   0.3   1   1  5.1e-222  5.1e-222  726.5   0.3     2   360    73   438    72   438 0.97 <unknown description>
91187at5125_2004951_0:00164e|CM010338.1:820126-821182|+ -            353 91187                -            484  7.2e-188  613.8   1.2   1   1  8.2e-188  8.2e-188  613.6   1.2   149   477     1   352     1   353 0.93 <unknown description>
91187at5125_29856_0:000483|CM010338.1:819406-820459|+   -            352 91187                -            484  2.5e-147  480.1   0.1   1   1  2.9e-147  2.9e-147  479.9   0.1     2   253    94   352    93   352 0.96 <unknown description>
#
# Program:         hmmsearch
# Version:         3.4 (Aug 2023)
# Pipeline mode:   SEARCH
# Query file:      /home/arafat/busco_downloads/lineages/hypocreales_odb12.2/hmms/91187at5125.hmm
# Target file:     /home/arafat/Foxy_SIX_Evolution/results/busco/GCA_003315725.1/run_hypocreales_odb12.2/miniprot_output/translated_proteins/91187at5125.faa
# Option settings: hmmsearch --domtblout /home/arafat/Foxy_SIX_Evolution/results/busco/GCA_003315725.1/run_hypocreales_odb12.2/hmmer_output/91187at5125.out --cpu 1 /home/arafat/busco_downloads/lineages/hypocreales_odb12.2/hmms/91187at5125.hmm /home/arafat/Foxy_SIX_Evolution/results/busco/GCA_003315725.1/run_hypocreales_odb12.2/miniprot_output/translated_proteins/91187at5125.faa 
# Current dir:     /home/arafat/Foxy_SIX_Evolution
# Date:            Thu Sep 24 13:03:55 2026
# [ok]
