#                                                                                                                 --- full sequence --- -------------- this domain -------------   hmm coord   ali coord   env coord
# target name                                             accession   tlen query name           accession   qlen   E-value  score  bias   #  of  c-Evalue  i-Evalue  score  bias  from    to  from    to  from    to  acc description of target
#                                     ------------------- ---------- ----- -------------------- ---------- ----- --------- ------ ----- --- --- --------- --------- ------ ----- ----- ----- ----- ----- ----- ----- ---- ---------------------
91532at5125_1280524_0:001632|CM010335.1:4483577-4485232|- -            521 91532                -            450  2.2e-232  760.9  17.1   1   2  5.8e-173  5.8e-173  565.0   3.8     1   325    13   349    13   362 0.94 <unknown description>
91532at5125_1280524_0:001632|CM010335.1:4483577-4485232|- -            521 91532                -            450  2.2e-232  760.9  17.1   2   2   8.4e-63   8.4e-63  201.9   5.5   320   449   363   492   356   493 0.96 <unknown description>
91532at5125_2039874_0:000a26|CM010335.1:4482291-4485635|- -            554 91532                -            450  2.9e-232  760.5  17.1   1   1  1.7e-230  1.7e-230  754.7  17.1     1   449    40   519    40   520 0.94 <unknown description>
91532at5125_1380566_0:002064|CM010335.1:4479816-4485280|- -            567 91532                -            450  3.2e-232  760.3  17.1   1   1  1.8e-230  1.8e-230  754.6  17.1     1   449    29   508    29   509 0.94 <unknown description>
91532at5125_660025_0:0026b9|CM010335.1:4483490-4485629|-  -            595 91532                -            450  3.9e-232  760.0  17.1   1   1  2.1e-230  2.1e-230  754.3  17.1     1   449    58   537    58   538 0.94 <unknown description>
91532at5125_58853_0:000c92|CM010335.1:4484096-4485280|-   -            364 91532                -            450  5.3e-173  565.1   3.9   1   1  6.2e-173  6.2e-173  564.9   3.9     1   323    29   363    29   364 0.95 <unknown description>
91532at5125_2004951_0:001cc1|CM010335.1:4484096-4485635|- -            375 91532                -            450  5.9e-173  565.0   3.9   1   1  6.9e-173  6.9e-173  564.8   3.9     1   323    40   374    40   375 0.95 <unknown description>
91532at5125_2773459_0:001636|CM010335.1:4483490-4484828|- -            431 91532                -            450  7.7e-166  541.5  12.8   1   1  5.6e-164  5.6e-164  535.4  12.8   108   449     1   373     1   374 0.92 <unknown description>
91532at5125_92637_0:0024f8|CM010335.1:4484633-4485196|-   -            173 91532                -            450  6.6e-101  327.5  11.8   1   1  7.3e-101  7.3e-101  327.4  11.8     1   171     1   171     1   173 0.99 <unknown description>
91532at5125_92637_0:002402|CM010335.1:4483547-4484189|-   -            215 91532                -            450   2.4e-73  236.6  18.2   1   1   3.2e-71   3.2e-71  229.7  18.2   293   449     1   176     1   177 0.93 <unknown description>
91532at5125_247652_0:00170d|CM010335.1:4483559-4484036|-  -            160 91532                -            450   3.5e-63  203.2   5.6   1   1   4.2e-63   4.2e-63  202.9   5.6   325   449     1   125     1   126 0.98 <unknown description>
#
# Program:         hmmsearch
# Version:         3.4 (Aug 2023)
# Pipeline mode:   SEARCH
# Query file:      /home/arafat/busco_downloads/lineages/hypocreales_odb12.2/hmms/91532at5125.hmm
# Target file:     /home/arafat/Foxy_SIX_Evolution/results/busco/GCA_003315725.1/run_hypocreales_odb12.2/miniprot_output/translated_proteins/91532at5125.faa
# Option settings: hmmsearch --domtblout /home/arafat/Foxy_SIX_Evolution/results/busco/GCA_003315725.1/run_hypocreales_odb12.2/hmmer_output/91532at5125.out --cpu 1 /home/arafat/busco_downloads/lineages/hypocreales_odb12.2/hmms/91532at5125.hmm /home/arafat/Foxy_SIX_Evolution/results/busco/GCA_003315725.1/run_hypocreales_odb12.2/miniprot_output/translated_proteins/91532at5125.faa 
# Current dir:     /home/arafat/Foxy_SIX_Evolution
# Date:            Thu Sep 24 13:03:56 2026
# [ok]
