#                                                                                                                 --- full sequence --- -------------- this domain -------------   hmm coord   ali coord   env coord
# target name                                             accession   tlen query name           accession   qlen   E-value  score  bias   #  of  c-Evalue  i-Evalue  score  bias  from    to  from    to  from    to  acc description of target
#                                     ------------------- ---------- ----- -------------------- ---------- ----- --------- ------ ----- --- --- --------- --------- ------ ----- ----- ----- ----- ----- ----- ----- ---- ---------------------
96036at5125_660025_0:002476|CM010338.1:3803488-3805822|-  -            779 96036                -            648         0 1017.5  25.5   1   3    2e-302    2e-302  991.8   2.8     2   598     3   640     2   667 0.92 <unknown description>
96036at5125_660025_0:002476|CM010338.1:3803488-3805822|-  -            779 96036                -            648         0 1017.5  25.5   2   3   2.6e-05   2.6e-05   10.2   0.3   595   625   698   730   676   734 0.73 <unknown description>
96036at5125_660025_0:002476|CM010338.1:3803488-3805822|-  -            779 96036                -            648         0 1017.5  25.5   3   3   1.2e-07   1.2e-07   17.9   9.0   622   648   749   775   738   776 0.86 <unknown description>
96036at5125_1344414_0:001333|CM010338.1:3803968-3805648|- -            561 96036                -            648  3.2e-274  898.7   5.2   1   1    9e-272    9e-272  890.6   5.2    57   576     1   560     1   561 0.95 <unknown description>
96036at5125_911162_0:001b27|CM010338.1:3803488-3804193|-  -            236 96036                -            648   2.2e-54  172.3  17.3   1   3   6.1e-46   6.1e-46  144.4   0.0   502   600     1    99     1   124 0.80 <unknown description>
96036at5125_911162_0:001b27|CM010338.1:3803488-3804193|-  -            236 96036                -            648   2.2e-54  172.3  17.3   2   3   5.2e-06   5.2e-06   12.5   0.3   590   625   154   187   132   191 0.72 <unknown description>
96036at5125_911162_0:001b27|CM010338.1:3803488-3804193|-  -            236 96036                -            648   2.2e-54  172.3  17.3   3   3   2.7e-08   2.7e-08   20.1   9.0   622   648   206   232   195   233 0.85 <unknown description>
#
# Program:         hmmsearch
# Version:         3.4 (Aug 2023)
# Pipeline mode:   SEARCH
# Query file:      /home/arafat/busco_downloads/lineages/hypocreales_odb12.2/hmms/96036at5125.hmm
# Target file:     /home/arafat/Foxy_SIX_Evolution/results/busco/GCA_003315725.1/run_hypocreales_odb12.2/miniprot_output/translated_proteins/96036at5125.faa
# Option settings: hmmsearch --domtblout /home/arafat/Foxy_SIX_Evolution/results/busco/GCA_003315725.1/run_hypocreales_odb12.2/hmmer_output/96036at5125.out --cpu 1 /home/arafat/busco_downloads/lineages/hypocreales_odb12.2/hmms/96036at5125.hmm /home/arafat/Foxy_SIX_Evolution/results/busco/GCA_003315725.1/run_hypocreales_odb12.2/miniprot_output/translated_proteins/96036at5125.faa 
# Current dir:     /home/arafat/Foxy_SIX_Evolution
# Date:            Thu Sep 24 13:04:01 2026
# [ok]
