#                                                                                                                 --- full sequence --- -------------- this domain -------------   hmm coord   ali coord   env coord
# target name                                             accession   tlen query name           accession   qlen   E-value  score  bias   #  of  c-Evalue  i-Evalue  score  bias  from    to  from    to  from    to  acc description of target
#                                     ------------------- ---------- ----- -------------------- ---------- ----- --------- ------ ----- --- --- --------- --------- ------ ----- ----- ----- ----- ----- ----- ----- ---- ---------------------
96220at5125_1089452_0:000d8c|CM010337.1:3802464-3805664|- -            982 96220                -            945         0 1836.9  14.7   1   1         0         0 1836.6  14.7     2   943     3   958     2   960 0.98 <unknown description>
96220at5125_282569_0:001a63|CM010337.1:3802464-3808051|-  -           1462 96220                -            945         0 1834.9  14.7   1   1         0         0 1834.6  14.7     2   943   483  1438   482  1440 0.98 <unknown description>
96220at5125_1859967_0:000ec1|CM010337.1:3793398-3805664|- -           2602 96220                -            945         0 1832.9  14.7   1   1         0         0 1832.6  14.7     2   943     3   958     2   960 0.98 <unknown description>
96220at5125_268505_0:0001d1|CM010337.1:3802542-3805077|-  -            779 96220                -            945         0 1437.7  17.8   1   1         0         0 1437.4  17.8   175   941     1   779     1   779 0.98 <unknown description>
96220at5125_655844_0:002af1|CM010337.1:3803288-3805664|-  -            707 96220                -            945         0 1347.9   4.6   1   1         0         0 1347.2   4.6     2   720     3   706     2   707 1.00 <unknown description>
96220at5125_2004952_0:0003d8|CM010337.1:3803859-3805664|- -            584 96220                -            945         0 1160.6   1.1   1   1         0         0 1160.3   1.1     2   576     3   579     2   582 0.99 <unknown description>
96220at5125_93591_0:00047d|CM010337.1:3802464-3804567|-   -            635 96220                -            945         0 1043.6  25.4   1   1         0         0 1043.3  25.4   345   943     1   611     1   613 0.97 <unknown description>
96220at5125_1043627_0:002bd2|CM010337.1:3804306-3805664|- -            435 96220                -            945  3.1e-275  904.8   0.8   1   1  3.5e-275  3.5e-275  904.6   0.8     2   432     3   435     2   435 0.99 <unknown description>
96220at5125_150374_0:0013c2|CM010337.1:3802485-3803169|-  -            229 96220                -            945  2.1e-115  375.9  13.7   1   1  2.7e-115  2.7e-115  375.5  13.7   744   943     1   212     1   214 0.92 <unknown description>
96220at5125_2692428_0:003769|CM010337.1:3802542-3802992|- -            151 96220                -            945   2.2e-91  296.4  13.2   1   1   2.4e-91   2.4e-91  296.2  13.2   794   941     4   151     1   151 0.99 <unknown description>
#
# Program:         hmmsearch
# Version:         3.4 (Aug 2023)
# Pipeline mode:   SEARCH
# Query file:      /home/arafat/busco_downloads/lineages/hypocreales_odb12.2/hmms/96220at5125.hmm
# Target file:     /home/arafat/Foxy_SIX_Evolution/results/busco/GCA_003315725.1/run_hypocreales_odb12.2/miniprot_output/translated_proteins/96220at5125.faa
# Option settings: hmmsearch --domtblout /home/arafat/Foxy_SIX_Evolution/results/busco/GCA_003315725.1/run_hypocreales_odb12.2/hmmer_output/96220at5125.out --cpu 1 /home/arafat/busco_downloads/lineages/hypocreales_odb12.2/hmms/96220at5125.hmm /home/arafat/Foxy_SIX_Evolution/results/busco/GCA_003315725.1/run_hypocreales_odb12.2/miniprot_output/translated_proteins/96220at5125.faa 
# Current dir:     /home/arafat/Foxy_SIX_Evolution
# Date:            Thu Sep 24 13:04:02 2026
# [ok]
