#                                                                                                                 --- full sequence --- -------------- this domain -------------   hmm coord   ali coord   env coord
# target name                                             accession   tlen query name           accession   qlen   E-value  score  bias   #  of  c-Evalue  i-Evalue  score  bias  from    to  from    to  from    to  acc description of target
#                                     ------------------- ---------- ----- -------------------- ---------- ----- --------- ------ ----- --- --- --------- --------- ------ ----- ----- ----- ----- ----- ----- ----- ---- ---------------------
96805at5125_1399860_0:00181d|CM010338.1:2438326-2452570|- -           1515 96805                -           1299         0 2407.1  12.1   1   2   2.3e-36   2.3e-36  112.3   0.6     6   108    28   131    21   139 0.81 <unknown description>
96805at5125_1399860_0:00181d|CM010338.1:2438326-2452570|- -           1515 96805                -           1299         0 2407.1  12.1   2   2         0         0 2299.0   5.4    89  1298   139  1373   133  1374 0.97 <unknown description>
96805at5125_1089452_0:0011ab|CM010338.1:2448048-2452579|- -           1477 96805                -           1299         0 2406.8  12.4   1   2   2.3e-36   2.3e-36  112.3   0.7     6   108    31   134    23   142 0.80 <unknown description>
96805at5125_1089452_0:0011ab|CM010338.1:2448048-2452579|- -           1477 96805                -           1299         0 2406.8  12.4   2   2         0         0 2299.1   5.4    89  1298   142  1376   136  1377 0.97 <unknown description>
96805at5125_2874508_0:0003e9|CM010338.1:2448048-2456558|- -           1533 96805                -           1299         0 2406.6  12.4   1   2   2.4e-36   2.4e-36  112.3   0.7     6   108    87   190    79   198 0.80 <unknown description>
96805at5125_2874508_0:0003e9|CM010338.1:2448048-2456558|- -           1533 96805                -           1299         0 2406.6  12.4   2   2         0         0 2298.9   5.4    89  1298   198  1432   192  1433 0.97 <unknown description>
96805at5125_63577_0:00099d|CM010338.1:2448048-2451281|-   -           1062 96805                -           1299         0 1734.4   9.4   1   1         0         0 1734.1   9.4   365  1298     8   961     1   962 0.97 <unknown description>
#
# Program:         hmmsearch
# Version:         3.4 (Aug 2023)
# Pipeline mode:   SEARCH
# Query file:      /home/arafat/busco_downloads/lineages/hypocreales_odb12.2/hmms/96805at5125.hmm
# Target file:     /home/arafat/Foxy_SIX_Evolution/results/busco/GCA_003315725.1/run_hypocreales_odb12.2/miniprot_output/translated_proteins/96805at5125.faa
# Option settings: hmmsearch --domtblout /home/arafat/Foxy_SIX_Evolution/results/busco/GCA_003315725.1/run_hypocreales_odb12.2/hmmer_output/96805at5125.out --cpu 1 /home/arafat/busco_downloads/lineages/hypocreales_odb12.2/hmms/96805at5125.hmm /home/arafat/Foxy_SIX_Evolution/results/busco/GCA_003315725.1/run_hypocreales_odb12.2/miniprot_output/translated_proteins/96805at5125.faa 
# Current dir:     /home/arafat/Foxy_SIX_Evolution
# Date:            Thu Sep 24 13:04:04 2026
# [ok]
