#                                                                                                                 --- full sequence --- -------------- this domain -------------   hmm coord   ali coord   env coord
# target name                                             accession   tlen query name           accession   qlen   E-value  score  bias   #  of  c-Evalue  i-Evalue  score  bias  from    to  from    to  from    to  acc description of target
#                                     ------------------- ---------- ----- -------------------- ---------- ----- --------- ------ ----- --- --- --------- --------- ------ ----- ----- ----- ----- ----- ----- ----- ---- ---------------------
98063at5125_1089452_0:00266f|CM010336.1:2320377-2322496|+ -            672 98063                -            653         0 1248.9  15.9   1   1         0         0 1247.8  15.9     2   652     4   670     3   671 0.97 <unknown description>
98063at5125_282569_0:0029e8|CM010336.1:2318291-2322496|+  -           1031 98063                -            653         0 1247.3  15.3   1   1         0         0 1246.4  15.3     2   652   363  1029   362  1030 0.97 <unknown description>
98063at5125_2874508_0:000c17|CM010336.1:2320840-2322496|+ -            553 98063                -            653         0 1037.7  15.0   1   1         0         0 1036.5  15.0   118   652     1   551     1   552 0.96 <unknown description>
98063at5125_195108_0:001428|CM010336.1:2321215-2322496|+  -            428 98063                -            653  4.2e-258  846.8   7.9   1   1  4.7e-258  4.7e-258  846.6   7.9   227   652     1   426     1   427 1.00 <unknown description>
98063at5125_1567539_0:002f07|CM010336.1:2320377-2321881|+ -            467 98063                -            653  1.1e-249  819.0  14.8   1   1  2.7e-249  2.7e-249  817.6  14.8     2   449     4   467     3   467 0.95 <unknown description>
98063at5125_62069_0:000ba2|CM010336.1:2321536-2322496|+   -            321 98063                -            653  4.2e-197  645.2   4.8   1   1  4.7e-197  4.7e-197  645.1   4.8   334   652     1   319     1   320 1.00 <unknown description>
98063at5125_62069_0:0010e1|CM010336.1:2320377-2321467|+   -            329 98063                -            653  4.9e-165  539.3   8.6   1   1  1.5e-164  1.5e-164  537.6   8.6     2   311     4   329     3   329 0.93 <unknown description>
98063at5125_1567539_0:003281|CM010336.1:2321884-2322496|+ -            205 98063                -            653  6.4e-126  410.0   0.8   1   1  7.1e-126  7.1e-126  409.9   0.8   450   652     1   203     1   204 0.99 <unknown description>
#
# Program:         hmmsearch
# Version:         3.4 (Aug 2023)
# Pipeline mode:   SEARCH
# Query file:      /home/arafat/busco_downloads/lineages/hypocreales_odb12.2/hmms/98063at5125.hmm
# Target file:     /home/arafat/Foxy_SIX_Evolution/results/busco/GCA_003315725.1/run_hypocreales_odb12.2/miniprot_output/translated_proteins/98063at5125.faa
# Option settings: hmmsearch --domtblout /home/arafat/Foxy_SIX_Evolution/results/busco/GCA_003315725.1/run_hypocreales_odb12.2/hmmer_output/98063at5125.out --cpu 1 /home/arafat/busco_downloads/lineages/hypocreales_odb12.2/hmms/98063at5125.hmm /home/arafat/Foxy_SIX_Evolution/results/busco/GCA_003315725.1/run_hypocreales_odb12.2/miniprot_output/translated_proteins/98063at5125.faa 
# Current dir:     /home/arafat/Foxy_SIX_Evolution
# Date:            Thu Sep 24 13:04:05 2026
# [ok]
