#                                                                                                                  --- full sequence --- -------------- this domain -------------   hmm coord   ali coord   env coord
# target name                                              accession   tlen query name           accession   qlen   E-value  score  bias   #  of  c-Evalue  i-Evalue  score  bias  from    to  from    to  from    to  acc description of target
#                                      ------------------- ---------- ----- -------------------- ---------- ----- --------- ------ ----- --- --- --------- --------- ------ ----- ----- ----- ----- ----- ----- ----- ---- ---------------------
100543at5125_2686198_0:00095a|CP052041.1:2289240-2290479|+ -            414 100543               -            351  1.4e-116  378.4   0.2   1   1  2.9e-116  2.9e-116  377.4   0.2     1   322    59   402    59   411 0.89 <unknown description>
100543at5125_96317_0:003501|CP052041.1:2289267-2290818|+   -            518 100543               -            351  1.6e-116  378.2   0.2   1   2  5.8e-116  5.8e-116  376.4   0.1     1   322    50   393    50   403 0.89 <unknown description>
100543at5125_96317_0:003501|CP052041.1:2289267-2290818|+   -            518 100543               -            351  1.6e-116  378.2   0.2   2   2      0.71      0.71   -2.2   0.0   306   348   407   449   400   454 0.68 <unknown description>
100543at5125_2559226_0:000f9e|CP052041.1:2279529-2290815|+ -            563 100543               -            351  2.2e-116  377.7   0.1   1   2  7.1e-116  7.1e-116  376.1   0.1     1   322    96   439    96   453 0.89 <unknown description>
100543at5125_2559226_0:000f9e|CP052041.1:2279529-2290815|+ -            563 100543               -            351  2.2e-116  377.7   0.1   2   2      0.85      0.85   -2.4   0.0   306   348   453   495   447   499 0.68 <unknown description>
100543at5125_2559228_0:000446|CP052041.1:2282449-2290815|+ -            564 100543               -            351  2.2e-116  377.7   0.1   1   2  7.1e-116  7.1e-116  376.1   0.1     1   322    97   440    97   454 0.89 <unknown description>
100543at5125_2559228_0:000446|CP052041.1:2282449-2290815|+ -            564 100543               -            351  2.2e-116  377.7   0.1   2   2      0.85      0.85   -2.4   0.0   306   348   454   496   448   500 0.68 <unknown description>
100543at5125_1247861_0:000baf|CP052041.1:2284609-2290809|+ -            612 100543               -            351  2.9e-116  377.3   0.1   1   2  9.2e-116  9.2e-116  375.7   0.1     1   322   147   490   147   500 0.89 <unknown description>
100543at5125_1247861_0:000baf|CP052041.1:2284609-2290809|+ -            612 100543               -            351  2.9e-116  377.3   0.1   2   2       1.1       1.1   -2.7   0.0   306   348   504   546   500   549 0.67 <unknown description>
100543at5125_1080343_0:0005bd|CP052041.1:2288766-2290818|+ -            685 100543               -            351  4.1e-116  376.8   0.1   1   1  1.2e-115  1.2e-115  375.3   0.1     1   322   217   560   217   571 0.89 <unknown description>
100543at5125_2824670_0:00216a|CP052041.1:2287932-2290812|+ -            784 100543               -            351  6.3e-116  376.2   0.1   1   1  1.7e-115  1.7e-115  374.8   0.1     1   322   318   661   318   670 0.89 <unknown description>
100543at5125_83212_0:000758|CP052041.1:2288847-2290224|+   -            460 100543               -            351  9.6e-104  336.2   0.1   1   1  1.2e-103  1.2e-103  335.9   0.1     1   257   190   455   190   460 0.93 <unknown description>
100543at5125_117187_0:0009de|CP052041.1:2289609-2290818|+  -            404 100543               -            351   6.1e-85  274.3   0.0   1   2   2.7e-84   2.7e-84  272.2   0.0    65   322     4   279     1   289 0.87 <unknown description>
100543at5125_117187_0:0009de|CP052041.1:2289609-2290818|+  -            404 100543               -            351   6.1e-85  274.3   0.0   2   2      0.44      0.44   -1.5   0.0   305   348   292   335   279   341 0.70 <unknown description>
#
# Program:         hmmsearch
# Version:         3.4 (Aug 2023)
# Pipeline mode:   SEARCH
# Query file:      /home/arafat/busco_downloads/lineages/hypocreales_odb12.2/hmms/100543at5125.hmm
# Target file:     /home/arafat/Foxy_SIX_Evolution/results/busco/GCA_013085055.1/run_hypocreales_odb12.2/miniprot_output/translated_proteins/100543at5125.faa
# Option settings: hmmsearch --domtblout /home/arafat/Foxy_SIX_Evolution/results/busco/GCA_013085055.1/run_hypocreales_odb12.2/hmmer_output/100543at5125.out --cpu 1 /home/arafat/busco_downloads/lineages/hypocreales_odb12.2/hmms/100543at5125.hmm /home/arafat/Foxy_SIX_Evolution/results/busco/GCA_013085055.1/run_hypocreales_odb12.2/miniprot_output/translated_proteins/100543at5125.faa 
# Current dir:     /home/arafat/Foxy_SIX_Evolution
# Date:            Thu Sep 24 15:52:03 2026
# [ok]
