#                                                                                                                  --- full sequence --- -------------- this domain -------------   hmm coord   ali coord   env coord
# target name                                              accession   tlen query name           accession   qlen   E-value  score  bias   #  of  c-Evalue  i-Evalue  score  bias  from    to  from    to  from    to  acc description of target
#                                      ------------------- ---------- ----- -------------------- ---------- ----- --------- ------ ----- --- --- --------- --------- ------ ----- ----- ----- ----- ----- ----- ----- ---- ---------------------
102380at5125_1610689_0:00221c|CP052043.1:1873884-1883916|+ -           1061 102380               -            865         0 1536.0   0.0   1   1         0         0 1535.7   0.0     1   865   166  1059   166  1059 0.93 <unknown description>
102380at5125_45235_0:001ba8|CP052043.1:1881132-1888189|+   -            927 102380               -            865         0 1535.6   0.0   1   1         0         0 1535.4   0.0     1   864     1   893     1   894 0.93 <unknown description>
102380at5125_2686198_0:00033c|CP052043.1:1877008-1884975|+ -           1158 102380               -            865         0 1534.4   0.0   1   1         0         0 1534.1   0.0     1   864   125  1017   125  1018 0.93 <unknown description>
102380at5125_117187_0:002193|CP052043.1:1880484-1883916|+  -            967 102380               -            865         0 1534.4   0.0   1   1         0         0 1534.1   0.0     1   865    72   965    72   965 0.93 <unknown description>
102380at5125_96318_0:003b52|CP052043.1:1879043-1883916|+   -           1231 102380               -            865         0 1533.2   0.0   1   1         0         0 1532.9   0.0     1   865   336  1229   336  1229 0.93 <unknown description>
102380at5125_42672_0:002ed0|CP052043.1:1879933-1885017|+   -           1330 102380               -            865         0 1529.8   0.0   1   1         0         0 1529.6   0.0     1   865   270  1164   270  1164 0.93 <unknown description>
102380at5125_5507_3:002187|CP052043.1:1879933-1889530|+    -           2432 102380               -            865         0 1527.7   0.0   1   1         0         0 1527.4   0.0     1   865   272  1166   272  1166 0.93 <unknown description>
102380at5125_86546_0:001e6e|CP052043.1:1881132-1885017|+   -           1073 102380               -            865         0 1514.2   0.0   1   1         0         0 1511.9   0.0     1   865     1   910     1   910 0.92 <unknown description>
102380at5125_1291518_0:002408|CP052043.1:1881129-1883853|+ -            876 102380               -            865         0 1494.8   0.0   1   1         0         0 1494.5   0.0     1   846     2   876     2   876 0.93 <unknown description>
102380at5125_983965_0:0020c9|CP052043.1:1881720-1883916|+  -            700 102380               -            865         0 1129.6   0.0   1   1         0         0 1129.4   0.0   197   865     1   698     1   698 0.92 <unknown description>
102380at5125_150374_0:0015dd|CP052043.1:1881141-1882893|+  -            585 102380               -            865         0 1030.4   0.0   1   1         0         0 1030.2   0.0     4   566     1   583     1   585 0.92 <unknown description>
#
# Program:         hmmsearch
# Version:         3.4 (Aug 2023)
# Pipeline mode:   SEARCH
# Query file:      /home/arafat/busco_downloads/lineages/hypocreales_odb12.2/hmms/102380at5125.hmm
# Target file:     /home/arafat/Foxy_SIX_Evolution/results/busco/GCA_013085055.1/run_hypocreales_odb12.2/miniprot_output/translated_proteins/102380at5125.faa
# Option settings: hmmsearch --domtblout /home/arafat/Foxy_SIX_Evolution/results/busco/GCA_013085055.1/run_hypocreales_odb12.2/hmmer_output/102380at5125.out --cpu 1 /home/arafat/busco_downloads/lineages/hypocreales_odb12.2/hmms/102380at5125.hmm /home/arafat/Foxy_SIX_Evolution/results/busco/GCA_013085055.1/run_hypocreales_odb12.2/miniprot_output/translated_proteins/102380at5125.faa 
# Current dir:     /home/arafat/Foxy_SIX_Evolution
# Date:            Thu Sep 24 15:52:15 2026
# [ok]
