#                                                                                                                  --- full sequence --- -------------- this domain -------------   hmm coord   ali coord   env coord
# target name                                              accession   tlen query name           accession   qlen   E-value  score  bias   #  of  c-Evalue  i-Evalue  score  bias  from    to  from    to  from    to  acc description of target
#                                      ------------------- ---------- ----- -------------------- ---------- ----- --------- ------ ----- --- --- --------- --------- ------ ----- ----- ----- ----- ----- ----- ----- ---- ---------------------
104238at5125_47803_0:002237|CP052042.1:2348244-2350329|-   -            696 104238               -            650  7.7e-297  974.8   0.0   1   1  9.1e-297  9.1e-297  974.6   0.0     2   649    32   694    31   695 0.96 <unknown description>
104238at5125_327505_0:002325|CP052042.1:2348244-2350992|-  -            895 104238               -            650  1.8e-296  973.6   0.0   1   1  2.2e-296  2.2e-296  973.3   0.0     2   649   231   893   230   894 0.96 <unknown description>
104238at5125_983965_0:000e2d|CP052042.1:2348262-2352447|-  -            776 104238               -            650  2.5e-295  969.9   0.0   1   1    3e-295    3e-295  969.6   0.0     2   644   118   775   117   776 0.96 <unknown description>
104238at5125_1195189_0:0001b4|CP052042.1:2348262-2357150|- -            841 104238               -            650  3.3e-295  969.5   0.0   1   1    4e-295    4e-295  969.2   0.0     2   644   183   840   182   841 0.96 <unknown description>
104238at5125_2898083_0:0005d2|CP052042.1:2345607-2350395|- -           1330 104238               -            650  1.8e-294  967.0   0.0   1   1  2.8e-294  2.8e-294  966.4   0.0     2   643    54   710    53   715 0.96 <unknown description>
104238at5125_1042133_0:00149a|CP052042.1:2348244-2349834|- -            531 104238               -            650  1.8e-245  805.1   0.0   1   1    2e-245    2e-245  804.9   0.0   134   649     2   529     1   530 0.96 <unknown description>
104238at5125_1399860_1:0005ce|CP052042.1:2349096-2350230|- -            379 104238               -            650  2.2e-158  517.4   0.0   1   1  2.4e-158  2.4e-158  517.2   0.0     5   378     2   379     1   379 0.97 <unknown description>
104238at5125_229533_0:000b1b|CP052042.1:2348250-2349153|-  -            302 104238               -            650  4.5e-142  463.5   0.1   1   1    5e-142    5e-142  463.3   0.1   359   648     1   301     1   302 0.94 <unknown description>
#
# Program:         hmmsearch
# Version:         3.4 (Aug 2023)
# Pipeline mode:   SEARCH
# Query file:      /home/arafat/busco_downloads/lineages/hypocreales_odb12.2/hmms/104238at5125.hmm
# Target file:     /home/arafat/Foxy_SIX_Evolution/results/busco/GCA_013085055.1/run_hypocreales_odb12.2/miniprot_output/translated_proteins/104238at5125.faa
# Option settings: hmmsearch --domtblout /home/arafat/Foxy_SIX_Evolution/results/busco/GCA_013085055.1/run_hypocreales_odb12.2/hmmer_output/104238at5125.out --cpu 1 /home/arafat/busco_downloads/lineages/hypocreales_odb12.2/hmms/104238at5125.hmm /home/arafat/Foxy_SIX_Evolution/results/busco/GCA_013085055.1/run_hypocreales_odb12.2/miniprot_output/translated_proteins/104238at5125.faa 
# Current dir:     /home/arafat/Foxy_SIX_Evolution
# Date:            Thu Sep 24 15:52:19 2026
# [ok]
