#                                                                                                                  --- full sequence --- -------------- this domain -------------   hmm coord   ali coord   env coord
# target name                                              accession   tlen query name           accession   qlen   E-value  score  bias   #  of  c-Evalue  i-Evalue  score  bias  from    to  from    to  from    to  acc description of target
#                                      ------------------- ---------- ----- -------------------- ---------- ----- --------- ------ ----- --- --- --------- --------- ------ ----- ----- ----- ----- ----- ----- ----- ---- ---------------------
106728at5125_1089448_0:0026f4|CP052045.1:1228888-1230627|+ -            537 106728               -            498         0 1065.1   0.9   1   2  2.1e-266  2.6e-266  872.4   0.2     1   402     1   403     1   419 0.98 <unknown description>
106728at5125_1089448_0:0026f4|CP052045.1:1228888-1230627|+ -            537 106728               -            498         0 1065.1   0.9   2   2   5.1e-60   6.3e-60  191.6   0.0   392   498   430   536   422   536 0.96 <unknown description>
106728at5125_595255_0:000a98|CP052045.1:1228888-1238195|+  -            608 106728               -            498         0 1064.3   0.9   1   2  3.2e-266    4e-266  871.8   0.2     1   402     1   403     1   417 0.98 <unknown description>
106728at5125_595255_0:000a98|CP052045.1:1228888-1238195|+  -            608 106728               -            498         0 1064.3   0.9   2   2   6.2e-60   7.7e-60  191.3   0.0   392   498   430   536   422   536 0.96 <unknown description>
106728at5125_660025_0:0007c6|CP052045.1:1228888-1231446|+  -            652 106728               -            498  2.9e-307 1007.5   3.7   1   2  3.9e-266  4.9e-266  871.5   0.2     1   402     1   403     1   417 0.98 <unknown description>
106728at5125_660025_0:0007c6|CP052045.1:1228888-1231446|+  -            652 106728               -            498  2.9e-307 1007.5   3.7   2   2   1.6e-43     2e-43  137.1   0.4   392   476   430   514   421   525 0.93 <unknown description>
106728at5125_229533_0:001f6d|CP052045.1:1228888-1230279|+  -            421 106728               -            498  9.5e-267  873.8   0.2   1   1    9e-267  1.1e-266  873.6   0.2     1   402     1   403     1   416 0.98 <unknown description>
#
# Program:         hmmsearch
# Version:         3.4 (Aug 2023)
# Pipeline mode:   SEARCH
# Query file:      /home/arafat/busco_downloads/lineages/hypocreales_odb12.2/hmms/106728at5125.hmm
# Target file:     /home/arafat/Foxy_SIX_Evolution/results/busco/GCA_013085055.1/run_hypocreales_odb12.2/miniprot_output/translated_proteins/106728at5125.faa
# Option settings: hmmsearch --domtblout /home/arafat/Foxy_SIX_Evolution/results/busco/GCA_013085055.1/run_hypocreales_odb12.2/hmmer_output/106728at5125.out --cpu 1 /home/arafat/busco_downloads/lineages/hypocreales_odb12.2/hmms/106728at5125.hmm /home/arafat/Foxy_SIX_Evolution/results/busco/GCA_013085055.1/run_hypocreales_odb12.2/miniprot_output/translated_proteins/106728at5125.faa 
# Current dir:     /home/arafat/Foxy_SIX_Evolution
# Date:            Thu Sep 24 15:52:28 2026
# [ok]
