#                                                                                                                  --- full sequence --- -------------- this domain -------------   hmm coord   ali coord   env coord
# target name                                              accession   tlen query name           accession   qlen   E-value  score  bias   #  of  c-Evalue  i-Evalue  score  bias  from    to  from    to  from    to  acc description of target
#                                      ------------------- ---------- ----- -------------------- ---------- ----- --------- ------ ----- --- --- --------- --------- ------ ----- ----- ----- ----- ----- ----- ----- ---- ---------------------
107152at5125_48865_0:001d6f|CP052040.1:1953987-1956261|+   -            664 107152               -            562         0 1123.4  53.2   1   2   3.8e-35   3.8e-35  109.9   0.2     1    66     4    74     4    78 0.92 <unknown description>
107152at5125_48865_0:001d6f|CP052040.1:1953987-1956261|+   -            664 107152               -            562         0 1123.4  53.2   2   2         0         0 1013.7  47.7    66   562   104   663    85   663 0.89 <unknown description>
107152at5125_5516_0:001e30|CP052040.1:1953987-1955577|+    -            406 107152               -            562  4.6e-279  915.2   0.5   1   1  5.6e-279  5.6e-279  914.9   0.5     1   383     4   391     4   406 0.98 <unknown description>
107152at5125_92637_0:0027ea|CP052040.1:1954769-1956261|+   -            467 107152               -            562    2e-240  787.6  51.0   1   1  3.7e-239  3.7e-239  783.4  51.0   160   562     1   466     1   466 0.88 <unknown description>
107152at5125_93591_0:00191c|CP052040.1:1953987-1955243|+   -            326 107152               -            562  8.2e-217  709.7   2.0   1   1    1e-216    1e-216  709.4   2.0     1   301     4   309     4   318 0.98 <unknown description>
107152at5125_1803897_0:0033bd|CP052040.1:1954769-1955517|+ -            219 107152               -            562  1.8e-162  530.3   4.2   1   1    2e-162    2e-162  530.1   4.2   160   377     1   218     1   219 0.99 <unknown description>
107152at5125_468837_0:0003a5|CP052040.1:1953987-1954754|+  -            163 107152               -            562  2.5e-106  344.9   2.1   1   1  2.9e-106  2.9e-106  344.7   2.1     1   155     4   163     4   163 0.97 <unknown description>
107152at5125_229533_0:0028db|CP052040.1:1955616-1956261|+  -            216 107152               -            562   4.5e-82  264.8  33.5   1   1   1.6e-81   1.6e-81  263.0  33.5   389   562     8   215     5   215 0.84 <unknown description>
#
# Program:         hmmsearch
# Version:         3.4 (Aug 2023)
# Pipeline mode:   SEARCH
# Query file:      /home/arafat/busco_downloads/lineages/hypocreales_odb12.2/hmms/107152at5125.hmm
# Target file:     /home/arafat/Foxy_SIX_Evolution/results/busco/GCA_013085055.1/run_hypocreales_odb12.2/miniprot_output/translated_proteins/107152at5125.faa
# Option settings: hmmsearch --domtblout /home/arafat/Foxy_SIX_Evolution/results/busco/GCA_013085055.1/run_hypocreales_odb12.2/hmmer_output/107152at5125.out --cpu 1 /home/arafat/busco_downloads/lineages/hypocreales_odb12.2/hmms/107152at5125.hmm /home/arafat/Foxy_SIX_Evolution/results/busco/GCA_013085055.1/run_hypocreales_odb12.2/miniprot_output/translated_proteins/107152at5125.faa 
# Current dir:     /home/arafat/Foxy_SIX_Evolution
# Date:            Thu Sep 24 15:52:32 2026
# [ok]
