#                                                                                                                  --- full sequence --- -------------- this domain -------------   hmm coord   ali coord   env coord
# target name                                              accession   tlen query name           accession   qlen   E-value  score  bias   #  of  c-Evalue  i-Evalue  score  bias  from    to  from    to  from    to  acc description of target
#                                      ------------------- ---------- ----- -------------------- ---------- ----- --------- ------ ----- --- --- --------- --------- ------ ----- ----- ----- ----- ----- ----- ----- ---- ---------------------
111745at5125_660025_0:0021b1|CP052038.1:3691822-3696739|+  -           1512 111745               -           1511         0 2283.9  32.8   1   1         0         0 2283.7  32.8    11  1511    26  1511     1  1511 0.93 <unknown description>
111745at5125_61284_0:001070|CP052038.1:3691822-3701553|+   -           2404 111745               -           1511         0 2268.3  36.2   1   3         0         0 2268.3  36.2    11  1470    26  1471     1  1505 0.93 <unknown description>
111745at5125_61284_0:001070|CP052038.1:3691822-3701553|+   -           2404 111745               -           1511         0 2268.3  36.2   2   3         5         5   -8.0   8.9   543   691  1622  1762  1539  1769 0.57 <unknown description>
111745at5125_61284_0:001070|CP052038.1:3691822-3701553|+   -           2404 111745               -           1511         0 2268.3  36.2   3   3         5         5  -10.0   7.5   433   471  2230  2267  2209  2323 0.44 <unknown description>
111745at5125_2231603_0:000629|CP052038.1:3692386-3696268|+ -           1268 111745               -           1511         0 2168.0  25.9   1   1         0         0 2167.8  25.9    57  1331     1  1267     1  1268 0.96 <unknown description>
111745at5125_2604345_0:002e9c|CP052038.1:3693550-3696739|+ -           1064 111745               -           1511         0 1815.3  11.8   1   1         0         0 1815.1  11.8   425  1511     1  1063     1  1063 0.95 <unknown description>
111745at5125_123648_0:000597|CP052038.1:3694270-3696739|+  -            824 111745               -           1511         0 1536.8   0.0   1   1         0         0 1536.6   0.0   671  1511     4   823     1   823 0.96 <unknown description>
#
# Program:         hmmsearch
# Version:         3.4 (Aug 2023)
# Pipeline mode:   SEARCH
# Query file:      /home/arafat/busco_downloads/lineages/hypocreales_odb12.2/hmms/111745at5125.hmm
# Target file:     /home/arafat/Foxy_SIX_Evolution/results/busco/GCA_013085055.1/run_hypocreales_odb12.2/miniprot_output/translated_proteins/111745at5125.faa
# Option settings: hmmsearch --domtblout /home/arafat/Foxy_SIX_Evolution/results/busco/GCA_013085055.1/run_hypocreales_odb12.2/hmmer_output/111745at5125.out --cpu 1 /home/arafat/busco_downloads/lineages/hypocreales_odb12.2/hmms/111745at5125.hmm /home/arafat/Foxy_SIX_Evolution/results/busco/GCA_013085055.1/run_hypocreales_odb12.2/miniprot_output/translated_proteins/111745at5125.faa 
# Current dir:     /home/arafat/Foxy_SIX_Evolution
# Date:            Thu Sep 24 15:52:06 2026
# [ok]
