#                                                                                                                  --- full sequence --- -------------- this domain -------------   hmm coord   ali coord   env coord
# target name                                              accession   tlen query name           accession   qlen   E-value  score  bias   #  of  c-Evalue  i-Evalue  score  bias  from    to  from    to  from    to  acc description of target
#                                      ------------------- ---------- ----- -------------------- ---------- ----- --------- ------ ----- --- --- --------- --------- ------ ----- ----- ----- ----- ----- ----- ----- ---- ---------------------
113708at5125_877507_0:000955|CP052038.1:4785052-4789686|-  -            614 113708               -            471  2.4e-302  991.6   0.1   1   1  2.9e-302  2.9e-302  991.3   0.1     1   470     1   481     1   482 0.98 <unknown description>
113708at5125_1291518_0:0014a0|CP052038.1:4781060-4789686|- -            704 113708               -            471  3.2e-302  991.2   0.1   1   1  4.4e-302  4.4e-302  990.7   0.1     1   470     1   481     1   482 0.98 <unknown description>
113708at5125_327505_0:0004d8|CP052038.1:4787489-4789686|-  -            632 113708               -            471  2.4e-297  975.1   0.2   1   1  3.8e-297  3.8e-297  974.4   0.2     1   470     1   492     1   493 0.97 <unknown description>
113708at5125_2559225_0:000268|CP052038.1:4787888-4789560|- -            446 113708               -            471  3.4e-276  905.3   0.0   1   1  3.9e-276  3.9e-276  905.1   0.0    43   470     1   439     1   440 0.97 <unknown description>
113708at5125_268505_0:000439|CP052038.1:4788395-4789686|-  -            319 113708               -            471  9.6e-190  620.3   0.3   1   1  1.1e-189  1.1e-189  620.1   0.3     1   308     1   319     1   319 0.97 <unknown description>
113708at5125_2692428_0:00210e|CP052038.1:4788846-4789686|- -            281 113708               -            471  2.3e-162  530.0   1.2   1   1  2.5e-162  2.5e-162  529.9   1.2     1   269     1   280     1   281 0.96 <unknown description>
113708at5125_2692428_0:0025c1|CP052038.1:4787489-4788509|- -            341 113708               -            471  2.5e-135  440.9   0.0   1   1  3.1e-135  3.1e-135  440.6   0.0   270   470     1   201     1   202 0.99 <unknown description>
113708at5125_1399860_1:0017ce|CP052038.1:4787816-4788245|- -            144 113708               -            471   3.1e-72  232.8   0.0   1   1   3.6e-72   3.6e-72  232.6   0.0   358   470     1   113     1   114 0.99 <unknown description>
113708at5125_2030778_0:000df3|CP052038.1:4789455-4789686|- -             78 113708               -            471   8.1e-45  142.4   5.8   1   1   8.8e-45   8.8e-45  142.3   5.8     1    78     1    78     1    78 1.00 <unknown description>
#
# Program:         hmmsearch
# Version:         3.4 (Aug 2023)
# Pipeline mode:   SEARCH
# Query file:      /home/arafat/busco_downloads/lineages/hypocreales_odb12.2/hmms/113708at5125.hmm
# Target file:     /home/arafat/Foxy_SIX_Evolution/results/busco/GCA_013085055.1/run_hypocreales_odb12.2/miniprot_output/translated_proteins/113708at5125.faa
# Option settings: hmmsearch --domtblout /home/arafat/Foxy_SIX_Evolution/results/busco/GCA_013085055.1/run_hypocreales_odb12.2/hmmer_output/113708at5125.out --cpu 1 /home/arafat/busco_downloads/lineages/hypocreales_odb12.2/hmms/113708at5125.hmm /home/arafat/Foxy_SIX_Evolution/results/busco/GCA_013085055.1/run_hypocreales_odb12.2/miniprot_output/translated_proteins/113708at5125.faa 
# Current dir:     /home/arafat/Foxy_SIX_Evolution
# Date:            Thu Sep 24 15:52:13 2026
# [ok]
