#                                                                                                                  --- full sequence --- -------------- this domain -------------   hmm coord   ali coord   env coord
# target name                                              accession   tlen query name           accession   qlen   E-value  score  bias   #  of  c-Evalue  i-Evalue  score  bias  from    to  from    to  from    to  acc description of target
#                                      ------------------- ---------- ----- -------------------- ---------- ----- --------- ------ ----- --- --- --------- --------- ------ ----- ----- ----- ----- ----- ----- ----- ---- ---------------------
117461at5125_1803897_0:000d9b|CP052042.1:3248856-3249748|+ -            263 117461               -            182   4.2e-94  302.5  15.8   1   2   1.8e-34   1.8e-34  108.2   0.8     6   103    21   122    16   127 0.86 <unknown description>
117461at5125_1803897_0:000d9b|CP052042.1:3248856-3249748|+ -            263 117461               -            182   4.2e-94  302.5  15.8   2   2   7.1e-63   7.1e-63  200.8  10.3    79   180   114   215   110   217 0.95 <unknown description>
117461at5125_1089448_0:000cf6|CP052042.1:3248856-3249997|+ -            346 117461               -            182   8.7e-92  295.0  18.0   1   4   3.2e-34   3.2e-34  107.4   0.8     6   103    21   122    16   127 0.86 <unknown description>
117461at5125_1089448_0:000cf6|CP052042.1:3248856-3249997|+ -            346 117461               -            182   8.7e-92  295.0  18.0   2   4   1.2e-62   1.2e-62  200.0  10.3    79   180   114   215   110   217 0.95 <unknown description>
117461at5125_1089448_0:000cf6|CP052042.1:3248856-3249997|+ -            346 117461               -            182   8.7e-92  295.0  18.0   3   4       3.2       3.2   -3.4   0.2    86   104   255   273   231   281 0.59 <unknown description>
117461at5125_1089448_0:000cf6|CP052042.1:3248856-3249997|+ -            346 117461               -            182   8.7e-92  295.0  18.0   4   4       2.2       2.2   -2.9   0.6    59    86   316   343   306   345 0.47 <unknown description>
117461at5125_1330021_0:000bac|CP052042.1:3248874-3253788|+ -            321 117461               -            182   4.9e-90  289.3  20.5   1   3   3.1e-34   3.1e-34  107.4   0.7     6   102    15   115    10   119 0.86 <unknown description>
117461at5125_1330021_0:000bac|CP052042.1:3248874-3253788|+ -            321 117461               -            182   4.9e-90  289.3  20.5   2   3   2.1e-60   2.1e-60  192.7  10.0    78   180   107   212   103   214 0.93 <unknown description>
117461at5125_1330021_0:000bac|CP052042.1:3248874-3253788|+ -            321 117461               -            182   4.9e-90  289.3  20.5   3   3       2.8       2.8   -3.2   0.2    86   104   252   270   227   278 0.58 <unknown description>
117461at5125_2885761_0:000f3c|CP052042.1:3248856-3249515|+ -            203 117461               -            182   2.9e-80  257.5  12.2   1   2     1e-34     1e-34  109.0   0.8     6   103    21   122    16   126 0.86 <unknown description>
117461at5125_2885761_0:000f3c|CP052042.1:3248856-3249515|+ -            203 117461               -            182   2.9e-80  257.5  12.2   2   2   8.4e-49   8.4e-49  154.9   6.7    79   159   114   194   110   197 0.94 <unknown description>
117461at5125_1147111_0:002935|CP052042.1:3249119-3249730|+ -            187 117461               -            182   1.4e-72  232.4  15.5   1   1   6.6e-70   6.6e-70  223.7  15.5    53   180     2   145     1   147 0.84 <unknown description>
117461at5125_2714763_0:001f04|CP052042.1:3249137-3249937|+ -            250 117461               -            182   1.3e-68  219.4  21.7   1   3   1.8e-10   1.8e-10   30.0   0.9    58   103     1    46     1    50 0.83 <unknown description>
117461at5125_2714763_0:001f04|CP052042.1:3249137-3249937|+ -            250 117461               -            182   1.3e-68  219.4  21.7   2   3   1.2e-62   1.2e-62  200.0  11.0    80   180    39   139    35   141 0.95 <unknown description>
117461at5125_2714763_0:001f04|CP052042.1:3249137-3249937|+ -            250 117461               -            182   1.3e-68  219.4  21.7   3   3       1.7       1.7   -2.5   0.2    86   104   179   197   149   208 0.60 <unknown description>
117461at5125_169388_0:001392|CP052042.1:3249308-3249640|+  -             94 117461               -            182   3.1e-60  192.2   9.7   1   1   3.4e-60   3.4e-60  192.0   9.7    99   180     1    82     1    84 0.98 <unknown description>
117461at5125_1237075_0:000be0|CP052042.1:3249143-3249491|+ -            117 117461               -            182   3.6e-56  178.9  12.2   1   1   2.4e-53   2.4e-53  169.7  12.2    61   159     2   116     1   117 0.81 <unknown description>
#
# Program:         hmmsearch
# Version:         3.4 (Aug 2023)
# Pipeline mode:   SEARCH
# Query file:      /home/arafat/busco_downloads/lineages/hypocreales_odb12.2/hmms/117461at5125.hmm
# Target file:     /home/arafat/Foxy_SIX_Evolution/results/busco/GCA_013085055.1/run_hypocreales_odb12.2/miniprot_output/translated_proteins/117461at5125.faa
# Option settings: hmmsearch --domtblout /home/arafat/Foxy_SIX_Evolution/results/busco/GCA_013085055.1/run_hypocreales_odb12.2/hmmer_output/117461at5125.out --cpu 1 /home/arafat/busco_downloads/lineages/hypocreales_odb12.2/hmms/117461at5125.hmm /home/arafat/Foxy_SIX_Evolution/results/busco/GCA_013085055.1/run_hypocreales_odb12.2/miniprot_output/translated_proteins/117461at5125.faa 
# Current dir:     /home/arafat/Foxy_SIX_Evolution
# Date:            Thu Sep 24 15:52:18 2026
# [ok]
