#                                                                                                                  --- full sequence --- -------------- this domain -------------   hmm coord   ali coord   env coord
# target name                                              accession   tlen query name           accession   qlen   E-value  score  bias   #  of  c-Evalue  i-Evalue  score  bias  from    to  from    to  from    to  acc description of target
#                                      ------------------- ---------- ----- -------------------- ---------- ----- --------- ------ ----- --- --- --------- --------- ------ ----- ----- ----- ----- ----- ----- ----- ---- ---------------------
117933at5125_1080343_0:00217f|CP052038.1:5757539-5758590|- -            316 117933               -            317  2.3e-128  417.0   0.1   1   1  2.6e-128  2.6e-128  416.8   0.1     1   313     6   309     6   313 0.89 <unknown description>
117933at5125_595255_0:002d6e|CP052038.1:5757539-5758898|-  -            339 117933               -            317  1.9e-122  397.6   0.0   1   1  2.4e-122  2.4e-122  397.2   0.0     3   313    14   332    12   336 0.83 <unknown description>
117933at5125_2596975_0:000e04|CP052038.1:5755895-5758575|- -            394 117933               -            317  1.6e-120  391.3   0.1   1   1  2.3e-120  2.3e-120  390.7   0.1     1   291     1   282     1   300 0.87 <unknown description>
117933at5125_2692428_0:00136b|CP052038.1:5757539-5758365|- -            241 117933               -            317  3.3e-115  373.8   0.0   1   1  3.6e-115  3.6e-115  373.7   0.0    87   313     7   234     1   238 0.89 <unknown description>
117933at5125_490622_0:0000c4|CP052038.1:5757569-5766188|-  -            238 117933               -            317  6.4e-114  369.6   0.0   1   1  7.6e-114  7.6e-114  369.3   0.0    92   309    16   237     4   238 0.90 <unknown description>
117933at5125_101201_0:0019ea|CP052038.1:5757572-5758221|-  -            200 117933               -            317    1e-110  359.0   0.0   1   1  1.2e-110  1.2e-110  358.9   0.0   115   308     2   199     1   200 0.95 <unknown description>
117933at5125_468837_0:000af4|CP052038.1:5757764-5758572|-  -            234 117933               -            317    1e-106  345.9   0.2   1   1  1.1e-106  1.1e-106  345.7   0.2     2   249     1   234     1   234 0.90 <unknown description>
117933at5125_1649241_0:0006bb|CP052038.1:5757752-5758263|- -            154 117933               -            317     5e-96  310.8   0.0   1   1   5.4e-96   5.4e-96  310.6   0.0   103   253     4   154     1   154 0.96 <unknown description>
#
# Program:         hmmsearch
# Version:         3.4 (Aug 2023)
# Pipeline mode:   SEARCH
# Query file:      /home/arafat/busco_downloads/lineages/hypocreales_odb12.2/hmms/117933at5125.hmm
# Target file:     /home/arafat/Foxy_SIX_Evolution/results/busco/GCA_013085055.1/run_hypocreales_odb12.2/miniprot_output/translated_proteins/117933at5125.faa
# Option settings: hmmsearch --domtblout /home/arafat/Foxy_SIX_Evolution/results/busco/GCA_013085055.1/run_hypocreales_odb12.2/hmmer_output/117933at5125.out --cpu 1 /home/arafat/busco_downloads/lineages/hypocreales_odb12.2/hmms/117933at5125.hmm /home/arafat/Foxy_SIX_Evolution/results/busco/GCA_013085055.1/run_hypocreales_odb12.2/miniprot_output/translated_proteins/117933at5125.faa 
# Current dir:     /home/arafat/Foxy_SIX_Evolution
# Date:            Thu Sep 24 15:52:20 2026
# [ok]
