#                                                                                                                  --- full sequence --- -------------- this domain -------------   hmm coord   ali coord   env coord
# target name                                              accession   tlen query name           accession   qlen   E-value  score  bias   #  of  c-Evalue  i-Evalue  score  bias  from    to  from    to  from    to  acc description of target
#                                      ------------------- ---------- ----- -------------------- ---------- ----- --------- ------ ----- --- --- --------- --------- ------ ----- ----- ----- ----- ----- ----- ----- ---- ---------------------
118271at5125_100902_0:003518|CP052043.1:3017061-3019154|-  -            528 118271               -            507  6.6e-229  750.3  42.6   1   1  9.5e-229  9.5e-229  749.7  42.6     5   499    12   517     8   525 0.89 <unknown description>
118271at5125_1028729_0:00187c|CP052043.1:3014003-3019154|- -           1301 118271               -            507  7.1e-228  746.8  42.0   1   1  1.5e-227  1.5e-227  745.8  42.0     6   496    82   583    78   592 0.89 <unknown description>
118271at5125_73501_0:001892|CP052043.1:3014824-3018768|-   -            913 118271               -            507  2.4e-227  745.1  42.9   1   1  3.7e-227  3.7e-227  744.5  42.9     9   498     2   502     1   510 0.89 <unknown description>
118271at5125_327505_0:002530|CP052043.1:3017061-3018561|-  -            445 118271               -            507    9e-199  650.8  36.2   1   1  1.3e-198  1.3e-198  650.3  36.2    70   499     1   434     1   442 0.90 <unknown description>
118271at5125_43265_0:001b6f|CP052043.1:3017487-3018786|-   -            378 118271               -            507  3.6e-177  579.6  36.1   1   1  5.2e-177  5.2e-177  579.1  36.1     6   367     5   378     1   378 0.89 <unknown description>
118271at5125_1081104_0:000f24|CP052043.1:3017106-3018142|- -            329 118271               -            507  9.8e-162  528.7  21.2   1   1  1.5e-161  1.5e-161  528.1  21.2   171   492     1   326     1   329 0.91 <unknown description>
118271at5125_150374_0:000797|CP052043.1:3017400-3018079|-  -            210 118271               -            507  1.7e-118  386.0  16.0   1   1  1.9e-118  1.9e-118  385.9  16.0   188   395     5   209     1   210 0.92 <unknown description>
118271at5125_254901_0:001fda|CP052043.1:3017061-3017784|-  -            242 118271               -            507  5.7e-111  361.2   7.3   1   1  6.2e-111  6.2e-111  361.1   7.3   263   499     1   231     1   239 0.94 <unknown description>
118271at5125_80388_0:003531|CP052043.1:3017902-3018777|-   -            254 118271               -            507   1.5e-92  300.4  29.9   1   1   2.8e-92   2.8e-92  299.5  29.9     7   238     3   251     1   252 0.84 <unknown description>
#
# Program:         hmmsearch
# Version:         3.4 (Aug 2023)
# Pipeline mode:   SEARCH
# Query file:      /home/arafat/busco_downloads/lineages/hypocreales_odb12.2/hmms/118271at5125.hmm
# Target file:     /home/arafat/Foxy_SIX_Evolution/results/busco/GCA_013085055.1/run_hypocreales_odb12.2/miniprot_output/translated_proteins/118271at5125.faa
# Option settings: hmmsearch --domtblout /home/arafat/Foxy_SIX_Evolution/results/busco/GCA_013085055.1/run_hypocreales_odb12.2/hmmer_output/118271at5125.out --cpu 1 /home/arafat/busco_downloads/lineages/hypocreales_odb12.2/hmms/118271at5125.hmm /home/arafat/Foxy_SIX_Evolution/results/busco/GCA_013085055.1/run_hypocreales_odb12.2/miniprot_output/translated_proteins/118271at5125.faa 
# Current dir:     /home/arafat/Foxy_SIX_Evolution
# Date:            Thu Sep 24 15:52:21 2026
# [ok]
