#                                                                                                                --- full sequence --- -------------- this domain -------------   hmm coord   ali coord   env coord
# target name                                            accession   tlen query name           accession   qlen   E-value  score  bias   #  of  c-Evalue  i-Evalue  score  bias  from    to  from    to  from    to  acc description of target
#                                    ------------------- ---------- ----- -------------------- ---------- ----- --------- ------ ----- --- --- --------- --------- ------ ----- ----- ----- ----- ----- ----- ----- ---- ---------------------
118905at5125_660027_0:0002ce|CP052038.1:899034-903012|+  -           1280 118905               -           1016         0 1610.4  62.7   1   3         0         0 1465.9  30.7    16   853    50  1010    34  1014 0.85 <unknown description>
118905at5125_660027_0:0002ce|CP052038.1:899034-903012|+  -           1280 118905               -           1016         0 1610.4  62.7   2   3   1.9e-33   1.9e-33  104.6   3.7   818   986  1012  1203  1005  1205 0.78 <unknown description>
118905at5125_660027_0:0002ce|CP052038.1:899034-903012|+  -           1280 118905               -           1016         0 1610.4  62.7   3   3   9.3e-15   9.3e-15   42.8  15.4   947  1016  1202  1279  1194  1279 0.85 <unknown description>
118905at5125_2898082_0:0025af|CP052038.1:893830-903012|+ -           1324 118905               -           1016         0 1610.1  62.7   1   3         0         0 1465.7  30.8    16   853    94  1054    77  1058 0.85 <unknown description>
118905at5125_2898082_0:0025af|CP052038.1:893830-903012|+ -           1324 118905               -           1016         0 1610.1  62.7   2   3   1.6e-33   1.6e-33  104.9   3.6   817   986  1055  1247  1048  1249 0.78 <unknown description>
118905at5125_2898082_0:0025af|CP052038.1:893830-903012|+ -           1324 118905               -           1016         0 1610.1  62.7   3   3   9.1e-15   9.1e-15   42.8  15.3   947  1016  1246  1323  1238  1323 0.85 <unknown description>
118905at5125_93591_0:0004f7|CP052038.1:899832-903012|+   -           1014 118905               -           1016         0 1266.1  57.0   1   3         0         0 1119.4  26.6   215   854     1   745     1   757 0.84 <unknown description>
118905at5125_93591_0:0004f7|CP052038.1:899832-903012|+   -           1014 118905               -           1016         0 1266.1  57.0   2   3   1.3e-33   1.3e-33  105.2   3.6   818   986   746   937   739   939 0.78 <unknown description>
118905at5125_93591_0:0004f7|CP052038.1:899832-903012|+   -           1014 118905               -           1016         0 1266.1  57.0   3   3   4.5e-15   4.5e-15   43.8  14.8   947  1016   936  1013   927  1013 0.85 <unknown description>
118905at5125_2004952_0:000369|CP052038.1:899034-901122|+ -            650 118905               -           1016         0 1218.4   1.1   1   1         0         0 1217.9   1.1    16   592    50   646    33   649 0.94 <unknown description>
118905at5125_307937_0:0016a6|CP052038.1:899484-900906|+  -            430 118905               -           1016  7.4e-266  874.0   1.1   1   1  8.5e-266  8.5e-266  873.8   1.1   109   526     1   430     1   430 0.94 <unknown description>
118905at5125_150374_0:0002db|CP052038.1:899514-901584|+  -            477 118905               -           1016  3.8e-221  726.0  72.4   1   4  2.1e-103  2.1e-103  336.2   6.8   117   289    11   181     1   183 0.94 <unknown description>
118905at5125_150374_0:0002db|CP052038.1:899514-901584|+  -            477 118905               -           1016  3.8e-221  726.0  72.4   2   4   3.5e-53   3.5e-53  170.0   5.1   315   387   183   255   182   256 0.99 <unknown description>
118905at5125_150374_0:0002db|CP052038.1:899514-901584|+  -            477 118905               -           1016  3.8e-221  726.0  72.4   3   4   4.7e-49   4.7e-49  156.3   9.4   431   543   256   347   255   350 0.98 <unknown description>
118905at5125_150374_0:0002db|CP052038.1:899514-901584|+  -            477 118905               -           1016  3.8e-221  726.0  72.4   4   4   7.7e-23   7.7e-23   69.5  27.1   610   703   350   476   348   477 0.70 <unknown description>
118905at5125_96774_0:0009d7|CP052038.1:899034-900057|+   -            342 118905               -           1016  1.2e-149  489.3  12.6   1   1  1.7e-149  1.7e-149  488.8  12.6    15   289    49   341    33   342 0.89 <unknown description>
118905at5125_911162_0:0019e4|CP052038.1:902556-903012|+  -            153 118905               -           1016   1.3e-31   98.5  16.5   1   2   2.1e-17   2.1e-17   51.6   0.0   918   986     1    76     1    78 0.85 <unknown description>
118905at5125_911162_0:0019e4|CP052038.1:902556-903012|+  -            153 118905               -           1016   1.3e-31   98.5  16.5   2   2   2.8e-16   2.8e-16   47.8  15.4   947  1016    75   152    67   152 0.85 <unknown description>
#
# Program:         hmmsearch
# Version:         3.4 (Aug 2023)
# Pipeline mode:   SEARCH
# Query file:      /home/arafat/busco_downloads/lineages/hypocreales_odb12.2/hmms/118905at5125.hmm
# Target file:     /home/arafat/Foxy_SIX_Evolution/results/busco/GCA_013085055.1/run_hypocreales_odb12.2/miniprot_output/translated_proteins/118905at5125.faa
# Option settings: hmmsearch --domtblout /home/arafat/Foxy_SIX_Evolution/results/busco/GCA_013085055.1/run_hypocreales_odb12.2/hmmer_output/118905at5125.out --cpu 1 /home/arafat/busco_downloads/lineages/hypocreales_odb12.2/hmms/118905at5125.hmm /home/arafat/Foxy_SIX_Evolution/results/busco/GCA_013085055.1/run_hypocreales_odb12.2/miniprot_output/translated_proteins/118905at5125.faa 
# Current dir:     /home/arafat/Foxy_SIX_Evolution
# Date:            Thu Sep 24 15:52:24 2026
# [ok]
