#                                                                                                                  --- full sequence --- -------------- this domain -------------   hmm coord   ali coord   env coord
# target name                                              accession   tlen query name           accession   qlen   E-value  score  bias   #  of  c-Evalue  i-Evalue  score  bias  from    to  from    to  from    to  acc description of target
#                                      ------------------- ---------- ----- -------------------- ---------- ----- --------- ------ ----- --- --- --------- --------- ------ ----- ----- ----- ----- ----- ----- ----- ---- ---------------------
120169at5125_660027_0:001248|CP052040.1:2394547-2399548|+  -           1550 120169               -           1557         0 2590.9   5.1   1   1         0         0 2590.7   5.1     3  1552     4  1548     1  1549 0.98 <unknown description>
120169at5125_1081109_0:0004fe|CP052040.1:2394544-2401537|+ -           1564 120169               -           1557         0 2553.7   7.1   1   1         0         0 2552.6   7.1     3  1527     5  1541     2  1549 0.97 <unknown description>
120169at5125_2604345_0:001e31|CP052040.1:2396225-2399542|+ -           1024 120169               -           1557         0 1668.8   0.2   1   1         0         0 1668.6   0.2   530  1551     1  1023     1  1024 0.98 <unknown description>
120169at5125_93591_0:00168b|CP052040.1:2394577-2397502|+   -            894 120169               -           1557         0 1632.4   7.5   1   1         0         0 1632.2   7.5    11   905     2   894     1   894 0.98 <unknown description>
120169at5125_398673_0:00065c|CP052040.1:2396893-2399542|+  -            817 120169               -           1557         0 1277.8   0.0   1   1         0         0 1277.7   0.0   737  1551     1   816     1   817 0.98 <unknown description>
120169at5125_45235_0:00095d|CP052040.1:2394544-2396819|+   -            724 120169               -           1557         0 1263.7   9.6   1   1         0         0 1263.6   9.6     3   726     5   722     2   723 0.99 <unknown description>
120169at5125_1163406_0:0000ad|CP052040.1:2397211-2400236|+ -            861 120169               -           1557         0 1140.9   0.1   1   1         0         0 1140.6   0.1   808  1536     1   726     1   745 0.98 <unknown description>
120169at5125_93591_0:001bd1|CP052040.1:2397856-2399464|+   -            501 120169               -           1557    8e-195  638.9   0.0   1   1  8.9e-195  8.9e-195  638.7   0.0  1024  1524     1   499     1   501 0.98 <unknown description>
#
# Program:         hmmsearch
# Version:         3.4 (Aug 2023)
# Pipeline mode:   SEARCH
# Query file:      /home/arafat/busco_downloads/lineages/hypocreales_odb12.2/hmms/120169at5125.hmm
# Target file:     /home/arafat/Foxy_SIX_Evolution/results/busco/GCA_013085055.1/run_hypocreales_odb12.2/miniprot_output/translated_proteins/120169at5125.faa
# Option settings: hmmsearch --domtblout /home/arafat/Foxy_SIX_Evolution/results/busco/GCA_013085055.1/run_hypocreales_odb12.2/hmmer_output/120169at5125.out --cpu 1 /home/arafat/busco_downloads/lineages/hypocreales_odb12.2/hmms/120169at5125.hmm /home/arafat/Foxy_SIX_Evolution/results/busco/GCA_013085055.1/run_hypocreales_odb12.2/miniprot_output/translated_proteins/120169at5125.faa 
# Current dir:     /home/arafat/Foxy_SIX_Evolution
# Date:            Thu Sep 24 15:52:26 2026
# [ok]
