#                                                                                                                  --- full sequence --- -------------- this domain -------------   hmm coord   ali coord   env coord
# target name                                              accession   tlen query name           accession   qlen   E-value  score  bias   #  of  c-Evalue  i-Evalue  score  bias  from    to  from    to  from    to  acc description of target
#                                      ------------------- ---------- ----- -------------------- ---------- ----- --------- ------ ----- --- --- --------- --------- ------ ----- ----- ----- ----- ----- ----- ----- ---- ---------------------
120978at5125_1089448_0:0023ea|CP052038.1:3912548-3914798|- -            714 120978               -            518  1.1e-267  877.5  21.3   1   5    1e-196    1e-196  643.3   0.9     2   332    49   387    48   401 0.95 <unknown description>
120978at5125_1089448_0:0023ea|CP052038.1:3912548-3914798|- -            714 120978               -            518  1.1e-267  877.5  21.3   2   5   4.8e-32   4.8e-32   99.9   0.1   324   400   402   478   394   488 0.88 <unknown description>
120978at5125_1089448_0:0023ea|CP052038.1:3912548-3914798|- -            714 120978               -            518  1.1e-267  877.5  21.3   3   5   6.5e-22   6.5e-22   66.5   0.1   388   441   509   562   501   570 0.91 <unknown description>
120978at5125_1089448_0:0023ea|CP052038.1:3912548-3914798|- -            714 120978               -            518  1.1e-267  877.5  21.3   4   5   1.7e-18   1.7e-18   55.2   0.2   437   491   581   635   577   641 0.89 <unknown description>
120978at5125_1089448_0:0023ea|CP052038.1:3912548-3914798|- -            714 120978               -            518  1.1e-267  877.5  21.3   5   5   2.7e-09   2.7e-09   24.8   1.0   483   517   675   709   670   710 0.89 <unknown description>
120978at5125_5544_1:00003c|CP052038.1:3912557-3917682|-    -            720 120978               -            518  1.1e-267  877.4  21.3   1   5    1e-196    1e-196  643.2   0.9     2   332    58   396    57   410 0.95 <unknown description>
120978at5125_5544_1:00003c|CP052038.1:3912557-3917682|-    -            720 120978               -            518  1.1e-267  877.4  21.3   2   5   4.9e-32   4.9e-32   99.9   0.1   324   400   411   487   403   497 0.88 <unknown description>
120978at5125_5544_1:00003c|CP052038.1:3912557-3917682|-    -            720 120978               -            518  1.1e-267  877.4  21.3   3   5   6.6e-22   6.6e-22   66.5   0.1   388   441   518   571   510   579 0.91 <unknown description>
120978at5125_5544_1:00003c|CP052038.1:3912557-3917682|-    -            720 120978               -            518  1.1e-267  877.4  21.3   4   5   1.7e-18   1.7e-18   55.2   0.2   437   491   590   644   586   650 0.89 <unknown description>
120978at5125_5544_1:00003c|CP052038.1:3912557-3917682|-    -            720 120978               -            518  1.1e-267  877.4  21.3   5   5   2.8e-09   2.8e-09   24.8   1.0   483   517   684   718   679   719 0.89 <unknown description>
120978at5125_1803897_0:002dcb|CP052038.1:3913067-3914798|- -            541 120978               -            518  4.2e-232  760.0  11.3   1   3  4.9e-197  4.9e-197  644.3   0.9     2   332    49   387    48   401 0.95 <unknown description>
120978at5125_1803897_0:002dcb|CP052038.1:3913067-3914798|- -            541 120978               -            518  4.2e-232  760.0  11.3   2   3   3.3e-32   3.3e-32  100.5   0.1   324   400   402   478   394   488 0.88 <unknown description>
120978at5125_1803897_0:002dcb|CP052038.1:3913067-3914798|- -            541 120978               -            518  4.2e-232  760.0  11.3   3   3   3.3e-08   3.3e-08   21.3   0.9   388   420   509   541   501   541 0.90 <unknown description>
120978at5125_2692428_0:00334c|CP052038.1:3913592-3914522|- -            311 120978               -            518  7.9e-183  597.4   1.2   1   1  9.5e-183  9.5e-183  597.2   1.2    15   311     7   311     3   311 0.96 <unknown description>
120978at5125_2604345_0:000110|CP052038.1:3913761-3914798|- -            345 120978               -            518  2.3e-143  467.2   0.1   1   1    3e-143    3e-143  466.8   0.1    15   243    98   328    84   339 0.96 <unknown description>
120978at5125_131363_0:000d77|CP052038.1:3912548-3913913|-  -            456 120978               -            518  6.6e-136  442.6  20.8   1   4     2e-91     2e-91  295.9   3.2   210   400     1   220     1   230 0.81 <unknown description>
120978at5125_131363_0:000d77|CP052038.1:3912548-3913913|-  -            456 120978               -            518  6.6e-136  442.6  20.8   2   4   3.6e-22   3.6e-22   67.3   0.1   388   441   251   304   243   312 0.91 <unknown description>
120978at5125_131363_0:000d77|CP052038.1:3912548-3913913|-  -            456 120978               -            518  6.6e-136  442.6  20.8   3   4   9.4e-19   9.4e-19   56.0   0.2   437   491   323   377   319   383 0.89 <unknown description>
120978at5125_131363_0:000d77|CP052038.1:3912548-3913913|-  -            456 120978               -            518  6.6e-136  442.6  20.8   4   4   1.6e-09   1.6e-09   25.6   1.0   483   517   417   451   412   452 0.89 <unknown description>
120978at5125_131363_0:000d58|CP052038.1:3914027-3914798|-  -            221 120978               -            518  3.6e-102  331.3   0.8   1   1  4.2e-102  4.2e-102  331.1   0.8     2   172    49   221    48   221 0.98 <unknown description>
#
# Program:         hmmsearch
# Version:         3.4 (Aug 2023)
# Pipeline mode:   SEARCH
# Query file:      /home/arafat/busco_downloads/lineages/hypocreales_odb12.2/hmms/120978at5125.hmm
# Target file:     /home/arafat/Foxy_SIX_Evolution/results/busco/GCA_013085055.1/run_hypocreales_odb12.2/miniprot_output/translated_proteins/120978at5125.faa
# Option settings: hmmsearch --domtblout /home/arafat/Foxy_SIX_Evolution/results/busco/GCA_013085055.1/run_hypocreales_odb12.2/hmmer_output/120978at5125.out --cpu 1 /home/arafat/busco_downloads/lineages/hypocreales_odb12.2/hmms/120978at5125.hmm /home/arafat/Foxy_SIX_Evolution/results/busco/GCA_013085055.1/run_hypocreales_odb12.2/miniprot_output/translated_proteins/120978at5125.faa 
# Current dir:     /home/arafat/Foxy_SIX_Evolution
# Date:            Thu Sep 24 15:52:28 2026
# [ok]
