#                                                                                                                  --- full sequence --- -------------- this domain -------------   hmm coord   ali coord   env coord
# target name                                              accession   tlen query name           accession   qlen   E-value  score  bias   #  of  c-Evalue  i-Evalue  score  bias  from    to  from    to  from    to  acc description of target
#                                      ------------------- ---------- ----- -------------------- ---------- ----- --------- ------ ----- --- --- --------- --------- ------ ----- ----- ----- ----- ----- ----- ----- ---- ---------------------
123402at5125_660027_0:0005ae|CP052038.1:4557039-4560174|-  -            990 123402               -            854         0 1489.9  32.2   1   4   9.1e-38   9.1e-38  118.3  17.1     6   138    16   160    11   164 0.82 <unknown description>
123402at5125_660027_0:0005ae|CP052038.1:4557039-4560174|-  -            990 123402               -            854         0 1489.9  32.2   2   4  3.1e-207  3.1e-207  679.0   0.1   115   477   159   521   153   530 0.94 <unknown description>
123402at5125_660027_0:0005ae|CP052038.1:4557039-4560174|-  -            990 123402               -            854         0 1489.9  32.2   3   4  1.1e-202  1.1e-202  663.9   0.2   470   823   540   911   527   915 0.93 <unknown description>
123402at5125_660027_0:0005ae|CP052038.1:4557039-4560174|-  -            990 123402               -            854         0 1489.9  32.2   4   4   4.9e-14   4.9e-14   39.8   1.2   818   854   953   989   922   989 0.79 <unknown description>
123402at5125_1247861_0:000712|CP052038.1:4554803-4560180|- -           1299 123402               -            854         0 1487.3  31.7   1   4   1.3e-37   1.3e-37  117.8  17.1     6   138    18   162    13   166 0.82 <unknown description>
123402at5125_1247861_0:000712|CP052038.1:4554803-4560180|- -           1299 123402               -            854         0 1487.3  31.7   2   4  5.3e-207  5.3e-207  678.2   0.1   115   477   161   523   155   532 0.94 <unknown description>
123402at5125_1247861_0:000712|CP052038.1:4554803-4560180|- -           1299 123402               -            854         0 1487.3  31.7   3   4  1.9e-202  1.9e-202  663.1   0.2   470   823   542   913   529   917 0.93 <unknown description>
123402at5125_1247861_0:000712|CP052038.1:4554803-4560180|- -           1299 123402               -            854         0 1487.3  31.7   4   4   8.9e-14   8.9e-14   39.0   0.9   818   853   955   990   924   991 0.79 <unknown description>
123402at5125_877507_0:00123b|CP052038.1:4553170-4560174|-  -           1541 123402               -            854         0 1486.2  32.0   1   4   2.4e-37   2.4e-37  116.9  17.4     6   137    16   159    11   163 0.82 <unknown description>
123402at5125_877507_0:00123b|CP052038.1:4553170-4560174|-  -           1541 123402               -            854         0 1486.2  32.0   2   4  7.2e-207  7.2e-207  677.8   0.1   115   477   159   521   153   530 0.94 <unknown description>
123402at5125_877507_0:00123b|CP052038.1:4553170-4560174|-  -           1541 123402               -            854         0 1486.2  32.0   3   4  2.6e-202  2.6e-202  662.7   0.2   470   823   540   911   528   915 0.93 <unknown description>
123402at5125_877507_0:00123b|CP052038.1:4553170-4560174|-  -           1541 123402               -            854         0 1486.2  32.0   4   4     8e-14     8e-14   39.1   1.2   818   854   953   989   922   989 0.79 <unknown description>
123402at5125_117187_0:00038e|CP052038.1:4557039-4559363|-  -            737 123402               -            854         0 1252.9   6.5   1   3  4.6e-168  4.6e-168  549.4   0.0   210   477     1   268     1   276 0.98 <unknown description>
123402at5125_117187_0:00038e|CP052038.1:4557039-4559363|-  -            737 123402               -            854         0 1252.9   6.5   2   3  5.4e-203  5.4e-203  664.9   0.2   470   823   287   658   274   662 0.93 <unknown description>
123402at5125_117187_0:00038e|CP052038.1:4557039-4559363|-  -            737 123402               -            854         0 1252.9   6.5   3   3   3.4e-14   3.4e-14   40.3   1.2   818   854   700   736   669   736 0.78 <unknown description>
123402at5125_5046_0:0023aa|CP052038.1:4557845-4560174|-    -            739 123402               -            854         0 1197.2  20.6   1   3   4.2e-38   4.2e-38  119.4  16.9     6   139    16   161    11   166 0.82 <unknown description>
123402at5125_5046_0:0023aa|CP052038.1:4557845-4560174|-    -            739 123402               -            854         0 1197.2  20.6   2   3  1.9e-207  1.9e-207  679.7   0.0   115   477   159   521   154   529 0.94 <unknown description>
123402at5125_5046_0:0023aa|CP052038.1:4557845-4560174|-    -            739 123402               -            854         0 1197.2  20.6   3   3  3.4e-123  3.4e-123  401.0   0.0   470   667   540   738   527   739 0.96 <unknown description>
123402at5125_92637_0:001c61|CP052038.1:4557042-4558631|-   -            492 123402               -            854  6.9e-216  707.6   3.7   1   2  1.6e-203  1.6e-203  666.7   0.0   470   823    43   414    31   418 0.93 <unknown description>
123402at5125_92637_0:001c61|CP052038.1:4557042-4558631|-   -            492 123402               -            854  6.9e-216  707.6   3.7   2   2   2.3e-14   2.3e-14   40.9   1.4   811   854   455   492   424   492 0.78 <unknown description>
123402at5125_92637_0:001cab|CP052038.1:4558916-4560174|-   -            403 123402               -            854  9.7e-171  558.2  19.2   1   2     2e-38     2e-38  120.5  17.3     6   138    16   160    11   165 0.82 <unknown description>
123402at5125_92637_0:001cab|CP052038.1:4558916-4560174|-   -            403 123402               -            854  9.7e-171  558.2  19.2   2   2  3.9e-135  3.9e-135  440.4   0.1   115   359   159   403   153   403 0.93 <unknown description>
#
# Program:         hmmsearch
# Version:         3.4 (Aug 2023)
# Pipeline mode:   SEARCH
# Query file:      /home/arafat/busco_downloads/lineages/hypocreales_odb12.2/hmms/123402at5125.hmm
# Target file:     /home/arafat/Foxy_SIX_Evolution/results/busco/GCA_013085055.1/run_hypocreales_odb12.2/miniprot_output/translated_proteins/123402at5125.faa
# Option settings: hmmsearch --domtblout /home/arafat/Foxy_SIX_Evolution/results/busco/GCA_013085055.1/run_hypocreales_odb12.2/hmmer_output/123402at5125.out --cpu 1 /home/arafat/busco_downloads/lineages/hypocreales_odb12.2/hmms/123402at5125.hmm /home/arafat/Foxy_SIX_Evolution/results/busco/GCA_013085055.1/run_hypocreales_odb12.2/miniprot_output/translated_proteins/123402at5125.faa 
# Current dir:     /home/arafat/Foxy_SIX_Evolution
# Date:            Thu Sep 24 15:52:33 2026
# [ok]
