#                                                                                                                  --- full sequence --- -------------- this domain -------------   hmm coord   ali coord   env coord
# target name                                              accession   tlen query name           accession   qlen   E-value  score  bias   #  of  c-Evalue  i-Evalue  score  bias  from    to  from    to  from    to  acc description of target
#                                      ------------------- ---------- ----- -------------------- ---------- ----- --------- ------ ----- --- --- --------- --------- ------ ----- ----- ----- ----- ----- ----- ----- ---- ---------------------
125215at5125_1330021_0:001df8|CP052038.1:4571973-4586334|- -           2710 125215               -            674    2e-283  930.9  87.7   1   8         7         7  -23.8  38.1   225   350   468   595   450   605 0.56 <unknown description>
125215at5125_1330021_0:001df8|CP052038.1:4571973-4586334|- -           2710 125215               -            674    2e-283  930.9  87.7   2   8         7         7  -13.4  18.0    26   110   572   661   566   670 0.60 <unknown description>
125215at5125_1330021_0:001df8|CP052038.1:4571973-4586334|- -           2710 125215               -            674    2e-283  930.9  87.7   3   8         7         7  -52.3  66.8    34   351   642   962   635   984 0.54 <unknown description>
125215at5125_1330021_0:001df8|CP052038.1:4571973-4586334|- -           2710 125215               -            674    2e-283  930.9  87.7   4   8         7         7  -55.2  76.9   192   471  1025  1302  1017  1319 0.64 <unknown description>
125215at5125_1330021_0:001df8|CP052038.1:4571973-4586334|- -           2710 125215               -            674    2e-283  930.9  87.7   5   8         7         7  -26.0  47.2   185   311  1667  1784  1652  1797 0.43 <unknown description>
125215at5125_1330021_0:001df8|CP052038.1:4571973-4586334|- -           2710 125215               -            674    2e-283  930.9  87.7   6   8         7         7  -12.7   8.9   237   259  1857  1879  1832  1904 0.33 <unknown description>
125215at5125_1330021_0:001df8|CP052038.1:4571973-4586334|- -           2710 125215               -            674    2e-283  930.9  87.7   7   8   1.1e-22   1.1e-22   69.2  10.3     3    97  1913  2028  1910  2042 0.65 <unknown description>
125215at5125_1330021_0:001df8|CP052038.1:4571973-4586334|- -           2710 125215               -            674    2e-283  930.9  87.7   8   8  1.7e-267  1.7e-267  878.2  69.4    71   674  2045  2708  2033  2708 0.88 <unknown description>
125215at5125_1080343_0:0020f8|CP052038.1:4571970-4574701|- -            886 125215               -            674  2.9e-276  907.3 104.3   1   2   3.3e-23   3.3e-23   71.0  10.7     3    98     7   123     4   139 0.65 <unknown description>
125215at5125_1080343_0:0020f8|CP052038.1:4571970-4574701|- -            886 125215               -            674  2.9e-276  907.3 104.3   2   2  6.4e-255  6.4e-255  836.7  85.7    88   674   220   883   205   883 0.89 <unknown description>
125215at5125_96774_0:001416|CP052038.1:4571973-4583461|-   -            879 125215               -            674  8.4e-265  869.3  93.5   1   3         7         7  -11.4  22.8   245   312    20    85     2   110 0.44 <unknown description>
125215at5125_96774_0:001416|CP052038.1:4571973-4583461|-   -            879 125215               -            674  8.4e-265  869.3  93.5   2   3         7         7  -10.6  25.0    25   105   120   191   104   207 0.41 <unknown description>
125215at5125_96774_0:001416|CP052038.1:4571973-4583461|-   -            879 125215               -            674  8.4e-265  869.3  93.5   3   3  8.4e-265  8.4e-265  869.3  93.5    29   674   170   877   166   877 0.86 <unknown description>
125215at5125_2614577_0:001679|CP052038.1:4572825-4574701|- -            593 125215               -            674  1.3e-178  584.5  76.4   1   3   1.2e-11   1.2e-11   32.8   0.0     3    38     7    42     4    52 0.86 <unknown description>
125215at5125_2614577_0:001679|CP052038.1:4572825-4574701|- -            593 125215               -            674  1.3e-178  584.5  76.4   2   3   3.4e-15   3.4e-15   44.5   5.2    39    98    74   134    68   150 0.73 <unknown description>
125215at5125_2614577_0:001679|CP052038.1:4572825-4574701|- -            593 125215               -            674  1.3e-178  584.5  76.4   3   3  2.3e-157  2.3e-157  514.3  60.5    87   442   230   591   214   593 0.95 <unknown description>
125215at5125_2604345_0:00163a|CP052038.1:4571973-4572999|- -            324 125215               -            674  8.2e-123  400.1  14.2   1   1  1.2e-122  1.2e-122  399.6  14.2   405   674     1   322     1   322 0.83 <unknown description>
125215at5125_2675880_0:000887|CP052038.1:4571970-4572513|- -            182 125215               -            674   5.1e-86  278.5   3.8   1   1   6.2e-86   6.2e-86  278.2   3.8   519   674     2   179     1   179 0.82 <unknown description>
125215at5125_62069_0:001de8|CP052038.1:4573572-4580281|-   -            344 125215               -            674   1.4e-54  174.6  24.6   1   2         7         7  -18.1  35.3   136   286    69   225    50   229 0.57 <unknown description>
125215at5125_62069_0:001de8|CP052038.1:4573572-4580281|-   -            344 125215               -            674   1.4e-54  174.6  24.6   2   2   1.4e-54   1.4e-54  174.6  24.6    80   219   204   343   189   344 0.88 <unknown description>
#
# Program:         hmmsearch
# Version:         3.4 (Aug 2023)
# Pipeline mode:   SEARCH
# Query file:      /home/arafat/busco_downloads/lineages/hypocreales_odb12.2/hmms/125215at5125.hmm
# Target file:     /home/arafat/Foxy_SIX_Evolution/results/busco/GCA_013085055.1/run_hypocreales_odb12.2/miniprot_output/translated_proteins/125215at5125.faa
# Option settings: hmmsearch --domtblout /home/arafat/Foxy_SIX_Evolution/results/busco/GCA_013085055.1/run_hypocreales_odb12.2/hmmer_output/125215at5125.out --cpu 1 /home/arafat/busco_downloads/lineages/hypocreales_odb12.2/hmms/125215at5125.hmm /home/arafat/Foxy_SIX_Evolution/results/busco/GCA_013085055.1/run_hypocreales_odb12.2/miniprot_output/translated_proteins/125215at5125.faa 
# Current dir:     /home/arafat/Foxy_SIX_Evolution
# Date:            Thu Sep 24 15:52:09 2026
# [ok]
