#                                                                                                                  --- full sequence --- -------------- this domain -------------   hmm coord   ali coord   env coord
# target name                                              accession   tlen query name           accession   qlen   E-value  score  bias   #  of  c-Evalue  i-Evalue  score  bias  from    to  from    to  from    to  acc description of target
#                                      ------------------- ---------- ----- -------------------- ---------- ----- --------- ------ ----- --- --- --------- --------- ------ ----- ----- ----- ----- ----- ----- ----- ---- ---------------------
130228at5125_1331945_0:001f67|CP052038.1:2363437-2376114|+ -           1655 130228               -           1110         0 1351.5 153.4   1   6   3.4e-28   3.4e-28   87.0  12.9     4   113    15   169    12   184 0.67 <unknown description>
130228at5125_1331945_0:001f67|CP052038.1:2363437-2376114|+ -           1655 130228               -           1110         0 1351.5 153.4   2   6   5.5e-11   5.5e-11   30.0   5.5   109   159   215   266   207   280 0.81 <unknown description>
130228at5125_1331945_0:001f67|CP052038.1:2363437-2376114|+ -           1655 130228               -           1110         0 1351.5 153.4   3   6     3e-41     3e-41  130.2   4.8   148   294   298   446   290   468 0.85 <unknown description>
130228at5125_1331945_0:001f67|CP052038.1:2363437-2376114|+ -           1655 130228               -           1110         0 1351.5 153.4   4   6  1.2e-234  1.2e-234  770.6  19.2   240   679   481   931   472   951 0.94 <unknown description>
130228at5125_1331945_0:001f67|CP052038.1:2363437-2376114|+ -           1655 130228               -           1110         0 1351.5 153.4   5   6   2.7e-87   2.7e-87  282.7  39.1   673   957   959  1287   950  1329 0.76 <unknown description>
130228at5125_1331945_0:001f67|CP052038.1:2363437-2376114|+ -           1655 130228               -           1110         0 1351.5 153.4   6   6   2.2e-23   2.2e-23   71.1  34.7   886  1050  1339  1536  1305  1566 0.67 <unknown description>
130228at5125_5507_1:002176|CP052038.1:2362696-2370345|+    -           2315 130228               -           1110         0 1281.5 227.3   1   9         7         7  -18.3  18.5    10    55    99   143    90   165 0.55 <unknown description>
130228at5125_5507_1:002176|CP052038.1:2362696-2370345|+    -           2315 130228               -           1110         0 1281.5 227.3   2   9   5.2e-28   5.2e-28   86.4  12.9     4   113   232   386   229   401 0.67 <unknown description>
130228at5125_5507_1:002176|CP052038.1:2362696-2370345|+    -           2315 130228               -           1110         0 1281.5 227.3   3   9   7.3e-11   7.3e-11   29.6   5.4   109   159   432   483   418   497 0.82 <unknown description>
130228at5125_5507_1:002176|CP052038.1:2362696-2370345|+    -           2315 130228               -           1110         0 1281.5 227.3   4   9   4.6e-41   4.6e-41  129.6   5.8   147   300   514   671   480   679 0.89 <unknown description>
130228at5125_5507_1:002176|CP052038.1:2362696-2370345|+    -           2315 130228               -           1110         0 1281.5 227.3   5   9         7         7  -10.5  11.2   824   989   685   844   679   852 0.75 <unknown description>
130228at5125_5507_1:002176|CP052038.1:2362696-2370345|+    -           2315 130228               -           1110         0 1281.5 227.3   6   9  2.3e-233  2.3e-233  766.4  18.8   273   679   945  1362   912  1380 0.93 <unknown description>
130228at5125_5507_1:002176|CP052038.1:2362696-2370345|+    -           2315 130228               -           1110         0 1281.5 227.3   7   9   5.2e-87   5.2e-87  281.8  39.2   673   957  1390  1718  1383  1760 0.76 <unknown description>
130228at5125_5507_1:002176|CP052038.1:2362696-2370345|+    -           2315 130228               -           1110         0 1281.5 227.3   8   9   8.1e-20   8.1e-20   59.2  46.4   886  1058  1770  1980  1742  2046 0.66 <unknown description>
130228at5125_5507_1:002176|CP052038.1:2362696-2370345|+    -           2315 130228               -           1110         0 1281.5 227.3   9   9         7         7  -13.2  13.8   911   978  2045  2107  2033  2145 0.45 <unknown description>
130228at5125_96318_0:0007cf|CP052038.1:2363371-2369444|+   -           1989 130228               -           1110         0 1246.9 195.9   1   8   4.3e-28   4.3e-28   86.7  12.9     4   113    37   191    34   206 0.67 <unknown description>
130228at5125_96318_0:0007cf|CP052038.1:2363371-2369444|+   -           1989 130228               -           1110         0 1246.9 195.9   2   8   8.3e-11   8.3e-11   29.4   5.8   109   159   237   288   230   304 0.81 <unknown description>
130228at5125_96318_0:0007cf|CP052038.1:2363371-2369444|+   -           1989 130228               -           1110         0 1246.9 195.9   3   8   1.1e-41   1.1e-41  131.7   3.6   148   300   320   476   312   484 0.90 <unknown description>
130228at5125_96318_0:0007cf|CP052038.1:2363371-2369444|+   -           1989 130228               -           1110         0 1246.9 195.9   4   8         7         7  -10.3  11.4   823   989   489   649   480   657 0.76 <unknown description>
130228at5125_96318_0:0007cf|CP052038.1:2363371-2369444|+   -           1989 130228               -           1110         0 1246.9 195.9   5   8  1.7e-233  1.7e-233  766.8  18.8   273   679   750  1167   717  1187 0.93 <unknown description>
130228at5125_96318_0:0007cf|CP052038.1:2363371-2369444|+   -           1989 130228               -           1110         0 1246.9 195.9   6   8   2.3e-67   2.3e-67  216.7  43.5   673  1012  1195  1565  1185  1590 0.69 <unknown description>
130228at5125_96318_0:0007cf|CP052038.1:2363371-2369444|+   -           1989 130228               -           1110         0 1246.9 195.9   7   8   4.7e-20   4.7e-20   60.0  46.1   886  1058  1555  1765  1521  1832 0.67 <unknown description>
130228at5125_96318_0:0007cf|CP052038.1:2363371-2369444|+   -           1989 130228               -           1110         0 1246.9 195.9   8   8         7         7  -19.7  23.4  1071  1092  1804  1825  1763  1930 0.49 <unknown description>
130228at5125_1567544_0:002cd9|CP052038.1:2362696-2367754|+ -           1652 130228               -           1110         0 1245.5  92.2   1   8         7         7  -14.6  13.5     3    35     5    40     3    53 0.74 <unknown description>
130228at5125_1567544_0:002cd9|CP052038.1:2362696-2367754|+ -           1652 130228               -           1110         0 1245.5  92.2   2   8         7         7  -17.7  18.5    10    55   110   154   101   176 0.55 <unknown description>
130228at5125_1567544_0:002cd9|CP052038.1:2362696-2367754|+ -           1652 130228               -           1110         0 1245.5  92.2   3   8   3.4e-28   3.4e-28   87.0  12.9     4   113   243   397   240   412 0.67 <unknown description>
130228at5125_1567544_0:002cd9|CP052038.1:2362696-2367754|+ -           1652 130228               -           1110         0 1245.5  92.2   4   8   6.2e-11   6.2e-11   29.8   5.7   109   159   443   494   434   507 0.81 <unknown description>
130228at5125_1567544_0:002cd9|CP052038.1:2362696-2367754|+ -           1652 130228               -           1110         0 1245.5  92.2   5   8   8.6e-42   8.6e-42  132.0   3.7   148   300   526   682   518   694 0.90 <unknown description>
130228at5125_1567544_0:002cd9|CP052038.1:2362696-2367754|+ -           1652 130228               -           1110         0 1245.5  92.2   6   8         7         7  -10.8  12.3   823   989   695   855   686   863 0.76 <unknown description>
130228at5125_1567544_0:002cd9|CP052038.1:2362696-2367754|+ -           1652 130228               -           1110         0 1245.5  92.2   7   8  1.3e-233  1.3e-233  767.2  18.8   273   679   956  1373   923  1392 0.93 <unknown description>
130228at5125_1567544_0:002cd9|CP052038.1:2362696-2367754|+ -           1652 130228               -           1110         0 1245.5  92.2   8   8   2.8e-90   2.8e-90  292.6  19.2   673   882  1401  1650  1391  1652 0.78 <unknown description>
130228at5125_2004951_0:00191f|CP052038.1:2365741-2367445|+ -            553 130228               -           1110  7.9e-293  963.3  29.9   1   2    7e-213    7e-213  698.6  16.6   314   679     1   377     1   398 0.94 <unknown description>
130228at5125_2004951_0:00191f|CP052038.1:2365741-2367445|+ -            553 130228               -           1110  7.9e-293  963.3  29.9   2   2   9.2e-84   9.2e-84  271.0   5.3   673   820   405   553   396   553 0.93 <unknown description>
130228at5125_2604345_0:000637|CP052038.1:2365000-2366667|+ -            556 130228               -           1110  5.5e-191  626.1  10.7   1   1  5.5e-191  5.5e-191  626.1  10.7   273   590   207   527   176   533 0.95 <unknown description>
130228at5125_2604345_0:000631|CP052038.1:2366986-2369503|+ -            824 130228               -           1110  9.7e-104  337.2 110.0   1   4   4.4e-87   4.4e-87  282.0  36.2   689   957     6   318     2   360 0.76 <unknown description>
130228at5125_2604345_0:000631|CP052038.1:2366986-2369503|+ -            824 130228               -           1110  9.7e-104  337.2 110.0   2   4         7         7   -9.4  16.2   823   951   271   401   268   407 0.75 <unknown description>
130228at5125_2604345_0:000631|CP052038.1:2366986-2369503|+ -            824 130228               -           1110  9.7e-104  337.2 110.0   3   4     7e-20     7e-20   59.4  49.0   885  1058   369   580   322   647 0.67 <unknown description>
130228at5125_2604345_0:000631|CP052038.1:2366986-2369503|+ -            824 130228               -           1110  9.7e-104  337.2 110.0   4   4         7         7  -13.7  16.1   911   978   645   707   633   744 0.44 <unknown description>
#
# Program:         hmmsearch
# Version:         3.4 (Aug 2023)
# Pipeline mode:   SEARCH
# Query file:      /home/arafat/busco_downloads/lineages/hypocreales_odb12.2/hmms/130228at5125.hmm
# Target file:     /home/arafat/Foxy_SIX_Evolution/results/busco/GCA_013085055.1/run_hypocreales_odb12.2/miniprot_output/translated_proteins/130228at5125.faa
# Option settings: hmmsearch --domtblout /home/arafat/Foxy_SIX_Evolution/results/busco/GCA_013085055.1/run_hypocreales_odb12.2/hmmer_output/130228at5125.out --cpu 1 /home/arafat/busco_downloads/lineages/hypocreales_odb12.2/hmms/130228at5125.hmm /home/arafat/Foxy_SIX_Evolution/results/busco/GCA_013085055.1/run_hypocreales_odb12.2/miniprot_output/translated_proteins/130228at5125.faa 
# Current dir:     /home/arafat/Foxy_SIX_Evolution
# Date:            Thu Sep 24 15:52:16 2026
# [ok]
