#                                                                                                                  --- full sequence --- -------------- this domain -------------   hmm coord   ali coord   env coord
# target name                                              accession   tlen query name           accession   qlen   E-value  score  bias   #  of  c-Evalue  i-Evalue  score  bias  from    to  from    to  from    to  acc description of target
#                                      ------------------- ---------- ----- -------------------- ---------- ----- --------- ------ ----- --- --- --------- --------- ------ ----- ----- ----- ----- ----- ----- ----- ---- ---------------------
130446at5125_1080343_0:003201|CP052042.1:3317666-3321499|- -           1208 130446               -            972         0 1253.4 114.9   1   4  1.7e-194  1.7e-194  637.8  37.4     1   437     2   486     2   507 0.84 <unknown description>
130446at5125_1080343_0:003201|CP052042.1:3317666-3321499|- -           1208 130446               -            972         0 1253.4 114.9   2   4   5.9e-35   5.9e-35  109.7  17.9   431   539   511   627   498   643 0.79 <unknown description>
130446at5125_1080343_0:003201|CP052042.1:3317666-3321499|- -           1208 130446               -            972         0 1253.4 114.9   3   4  8.9e-156  8.9e-156  509.6  38.4   512   960   632  1168   622  1177 0.78 <unknown description>
130446at5125_1080343_0:003201|CP052042.1:3317666-3321499|- -           1208 130446               -            972         0 1253.4 114.9   4   4     7e-05     7e-05   10.2   2.1   942   970  1170  1201  1161  1203 0.74 <unknown description>
130446at5125_48490_0:001910|CP052042.1:3317666-3323580|-   -           1414 130446               -            972         0 1252.2 114.4   1   4  2.7e-194  2.7e-194  637.1  37.5     1   437   208   692   208   711 0.84 <unknown description>
130446at5125_48490_0:001910|CP052042.1:3317666-3323580|-   -           1414 130446               -            972         0 1252.2 114.4   2   4   3.2e-35   3.2e-35  110.6  16.3   431   538   717   832   705   842 0.81 <unknown description>
130446at5125_48490_0:001910|CP052042.1:3317666-3323580|-   -           1414 130446               -            972         0 1252.2 114.4   3   4  1.7e-155  1.7e-155  508.7  38.8   512   959   838  1373   828  1382 0.78 <unknown description>
130446at5125_48490_0:001910|CP052042.1:3317666-3323580|-   -           1414 130446               -            972         0 1252.2 114.4   4   4   7.7e-05   7.7e-05   10.0   2.1   942   970  1376  1407  1366  1409 0.74 <unknown description>
130446at5125_1399860_0:00157c|CP052042.1:3314678-3321496|- -           1216 130446               -            972         0 1252.0 115.6   1   4  1.8e-194  1.8e-194  637.7  37.4     1   437     1   485     1   506 0.84 <unknown description>
130446at5125_1399860_0:00157c|CP052042.1:3314678-3321496|- -           1216 130446               -            972         0 1252.0 115.6   2   4     6e-35     6e-35  109.7  18.0   431   539   510   626   497   642 0.79 <unknown description>
130446at5125_1399860_0:00157c|CP052042.1:3314678-3321496|- -           1216 130446               -            972         0 1252.0 115.6   3   4  9.9e-156  9.9e-156  509.5  38.4   514   960   633  1167   622  1176 0.78 <unknown description>
130446at5125_1399860_0:00157c|CP052042.1:3314678-3321496|- -           1216 130446               -            972         0 1252.0 115.6   4   4   0.00011   0.00011    9.6   2.4   942   969  1169  1199  1157  1202 0.74 <unknown description>
130446at5125_1435070_0:002d90|CP052042.1:3318431-3321496|- -            952 130446               -            972         0 1040.2 105.4   1   3  1.5e-194  1.5e-194  638.0  37.9     1   437     1   485     1   504 0.84 <unknown description>
130446at5125_1435070_0:002d90|CP052042.1:3318431-3321496|- -            952 130446               -            972         0 1040.2 105.4   2   3     2e-35     2e-35  111.3  16.4   431   538   510   625   499   637 0.81 <unknown description>
130446at5125_1435070_0:002d90|CP052042.1:3318431-3321496|- -            952 130446               -            972         0 1040.2 105.4   3   3   2.7e-92   2.7e-92  299.5  37.0   512   780   631   950   621   952 0.78 <unknown description>
130446at5125_62069_0:000010|CP052042.1:3317696-3320723|-   -           1010 130446               -            972  1.7e-305 1005.2  90.7   1   4  2.6e-120  2.6e-120  392.2  11.3   173   437     1   298     1   319 0.82 <unknown description>
130446at5125_62069_0:000010|CP052042.1:3317696-3320723|-   -           1010 130446               -            972  1.7e-305 1005.2  90.7   2   4   2.6e-35   2.6e-35  110.9  16.8   431   538   323   438   309   451 0.81 <unknown description>
130446at5125_62069_0:000010|CP052042.1:3317696-3320723|-   -           1010 130446               -            972  1.7e-305 1005.2  90.7   3   4  1.3e-155  1.3e-155  509.1  39.3   514   959   446   979   435   988 0.78 <unknown description>
130446at5125_62069_0:000010|CP052042.1:3317696-3320723|-   -           1010 130446               -            972  1.7e-305 1005.2  90.7   4   4   0.00058   0.00058    7.1   3.4   942   966   982  1009   972  1010 0.73 <unknown description>
130446at5125_5530_0:0024e5|CP052042.1:3319445-3321254|-    -            587 130446               -            972  1.8e-223  733.7  55.5   1   2  1.7e-192  1.7e-192  631.2  33.0    26   437     4   458     1   479 0.85 <unknown description>
130446at5125_5530_0:0024e5|CP052042.1:3319445-3321254|-    -            587 130446               -            972  1.8e-223  733.7  55.5   2   2   1.2e-34   1.2e-34  108.7  14.7   431   526   483   586   470   587 0.82 <unknown description>
130446at5125_111463_0:0020bc|CP052042.1:3320360-3321499|-  -            310 130446               -            972  7.3e-141  460.3  31.2   1   1  8.3e-141  8.3e-141  460.1  31.2     1   287     2   310     2   310 0.89 <unknown description>
130446at5125_2004951_0:0022f8|CP052042.1:3320684-3321496|- -            201 130446               -            972   5.3e-82  265.5  23.9   1   1   5.9e-82   5.9e-82  265.3  23.9     1   186     1   201     1   201 0.88 <unknown description>
#
# Program:         hmmsearch
# Version:         3.4 (Aug 2023)
# Pipeline mode:   SEARCH
# Query file:      /home/arafat/busco_downloads/lineages/hypocreales_odb12.2/hmms/130446at5125.hmm
# Target file:     /home/arafat/Foxy_SIX_Evolution/results/busco/GCA_013085055.1/run_hypocreales_odb12.2/miniprot_output/translated_proteins/130446at5125.faa
# Option settings: hmmsearch --domtblout /home/arafat/Foxy_SIX_Evolution/results/busco/GCA_013085055.1/run_hypocreales_odb12.2/hmmer_output/130446at5125.out --cpu 1 /home/arafat/busco_downloads/lineages/hypocreales_odb12.2/hmms/130446at5125.hmm /home/arafat/Foxy_SIX_Evolution/results/busco/GCA_013085055.1/run_hypocreales_odb12.2/miniprot_output/translated_proteins/130446at5125.faa 
# Current dir:     /home/arafat/Foxy_SIX_Evolution
# Date:            Thu Sep 24 15:52:17 2026
# [ok]
