#                                                                                                                  --- full sequence --- -------------- this domain -------------   hmm coord   ali coord   env coord
# target name                                              accession   tlen query name           accession   qlen   E-value  score  bias   #  of  c-Evalue  i-Evalue  score  bias  from    to  from    to  from    to  acc description of target
#                                      ------------------- ---------- ----- -------------------- ---------- ----- --------- ------ ----- --- --- --------- --------- ------ ----- ----- ----- ----- ----- ----- ----- ---- ---------------------
131496at5125_1229664_0:000be4|CP052045.1:2688662-2690380|+ -            318 131496               -            214   3.2e-98  316.1  25.4   1   2   1.5e-30   1.5e-30   94.9   4.8     1    76     1    86     1    93 0.85 <unknown description>
131496at5125_1229664_0:000be4|CP052045.1:2688662-2690380|+ -            318 131496               -            214   3.2e-98  316.1  25.4   2   2   2.9e-65   2.9e-65  208.4  12.7    75   207   124   289   113   306 0.83 <unknown description>
131496at5125_42673_0:003261|CP052045.1:2689631-2690380|+   -            220 131496               -            214     8e-72  229.8  12.3   1   2   2.8e-57   2.8e-57  182.3   0.9    73   182    24   133    17   141 0.89 <unknown description>
131496at5125_42673_0:003261|CP052045.1:2689631-2690380|+   -            220 131496               -            214     8e-72  229.8  12.3   2   2   1.1e-16   1.1e-16   49.6   8.2   156   207   140   191   109   208 0.82 <unknown description>
131496at5125_2030778_0:001631|CP052045.1:2689753-2690350|+ -            184 131496               -            214   3.2e-71  227.8  13.0   1   2   1.1e-56   1.1e-56  180.3   1.2    76   182     1   107     1   115 0.90 <unknown description>
131496at5125_2030778_0:001631|CP052045.1:2689753-2690350|+ -            184 131496               -            214   3.2e-71  227.8  13.0   2   2   8.6e-17   8.6e-17   50.0   8.3   156   207   114   165    83   182 0.81 <unknown description>
131496at5125_1435070_0:000214|CP052045.1:2688662-2689147|+ -            111 131496               -            214   5.4e-32   99.6   5.3   1   1   1.9e-31   1.9e-31   97.9   5.3     1    76     1    86     1    97 0.84 <unknown description>
#
# Program:         hmmsearch
# Version:         3.4 (Aug 2023)
# Pipeline mode:   SEARCH
# Query file:      /home/arafat/busco_downloads/lineages/hypocreales_odb12.2/hmms/131496at5125.hmm
# Target file:     /home/arafat/Foxy_SIX_Evolution/results/busco/GCA_013085055.1/run_hypocreales_odb12.2/miniprot_output/translated_proteins/131496at5125.faa
# Option settings: hmmsearch --domtblout /home/arafat/Foxy_SIX_Evolution/results/busco/GCA_013085055.1/run_hypocreales_odb12.2/hmmer_output/131496at5125.out --cpu 1 /home/arafat/busco_downloads/lineages/hypocreales_odb12.2/hmms/131496at5125.hmm /home/arafat/Foxy_SIX_Evolution/results/busco/GCA_013085055.1/run_hypocreales_odb12.2/miniprot_output/translated_proteins/131496at5125.faa 
# Current dir:     /home/arafat/Foxy_SIX_Evolution
# Date:            Thu Sep 24 15:52:18 2026
# [ok]
