#                                                                                                                  --- full sequence --- -------------- this domain -------------   hmm coord   ali coord   env coord
# target name                                              accession   tlen query name           accession   qlen   E-value  score  bias   #  of  c-Evalue  i-Evalue  score  bias  from    to  from    to  from    to  acc description of target
#                                      ------------------- ---------- ----- -------------------- ---------- ----- --------- ------ ----- --- --- --------- --------- ------ ----- ----- ----- ----- ----- ----- ----- ---- ---------------------
132861at5125_1229664_0:003ba3|CP052038.1:3796324-3797468|- -            363 132861               -            237   6.9e-98  314.6  87.5   1   3   7.4e-90   7.4e-90  288.3   2.4     1   152     6   157     6   163 0.96 <unknown description>
132861at5125_1229664_0:003ba3|CP052038.1:3796324-3797468|- -            363 132861               -            237   6.9e-98  314.6  87.5   2   3       1.6       1.6   -4.1  39.0   143   199   166   238   157   248 0.61 <unknown description>
132861at5125_1229664_0:003ba3|CP052038.1:3796324-3797468|- -            363 132861               -            237   6.9e-98  314.6  87.5   3   3   1.5e-10   1.5e-10   28.7  37.3   137   234   253   358   233   360 0.54 <unknown description>
132861at5125_62069_0:000734|CP052038.1:3796978-3797468|-   -            164 132861               -            237   1.1e-87  281.2   0.6   1   1   1.2e-87   1.2e-87  281.0   0.6     3   139    27   163    25   164 0.99 <unknown description>
132861at5125_2559229_0:000e44|CP052038.1:3796327-3797197|- -            291 132861               -            237   9.5e-52  163.6   5.3   1   4   2.7e-42   2.7e-42  132.6   1.7    67   152     1    86     1    91 0.94 <unknown description>
132861at5125_2559229_0:000e44|CP052038.1:3796327-3797197|- -            291 132861               -            237   9.5e-52  163.6   5.3   2   4      0.58      0.58   -2.7  37.6   144   199    96   167    89   174 0.60 <unknown description>
132861at5125_2559229_0:000e44|CP052038.1:3796327-3797197|- -            291 132861               -            237   9.5e-52  163.6   5.3   3   4      0.22      0.22   -1.3  35.8   139   209   165   236   160   244 0.65 <unknown description>
132861at5125_2559229_0:000e44|CP052038.1:3796327-3797197|- -            291 132861               -            237   9.5e-52  163.6   5.3   4   4   5.9e-14   5.9e-14   39.8   0.1   201   234   252   287   244   289 0.80 <unknown description>
#
# Program:         hmmsearch
# Version:         3.4 (Aug 2023)
# Pipeline mode:   SEARCH
# Query file:      /home/arafat/busco_downloads/lineages/hypocreales_odb12.2/hmms/132861at5125.hmm
# Target file:     /home/arafat/Foxy_SIX_Evolution/results/busco/GCA_013085055.1/run_hypocreales_odb12.2/miniprot_output/translated_proteins/132861at5125.faa
# Option settings: hmmsearch --domtblout /home/arafat/Foxy_SIX_Evolution/results/busco/GCA_013085055.1/run_hypocreales_odb12.2/hmmer_output/132861at5125.out --cpu 1 /home/arafat/busco_downloads/lineages/hypocreales_odb12.2/hmms/132861at5125.hmm /home/arafat/Foxy_SIX_Evolution/results/busco/GCA_013085055.1/run_hypocreales_odb12.2/miniprot_output/translated_proteins/132861at5125.faa 
# Current dir:     /home/arafat/Foxy_SIX_Evolution
# Date:            Thu Sep 24 15:52:19 2026
# [ok]
