#                                                                                                                  --- full sequence --- -------------- this domain -------------   hmm coord   ali coord   env coord
# target name                                              accession   tlen query name           accession   qlen   E-value  score  bias   #  of  c-Evalue  i-Evalue  score  bias  from    to  from    to  from    to  acc description of target
#                                      ------------------- ---------- ----- -------------------- ---------- ----- --------- ------ ----- --- --- --------- --------- ------ ----- ----- ----- ----- ----- ----- ----- ---- ---------------------
133074at5125_78410_0:0011db|CP052042.1:1612097-1613337|-   -            398 133074               -            271  2.6e-103  333.6  60.4   1   2   7.1e-52   7.1e-52  164.9  23.7     8   169     8   198     2   216 0.79 <unknown description>
133074at5125_78410_0:0011db|CP052042.1:1612097-1613337|-   -            398 133074               -            271  2.6e-103  333.6  60.4   2   2   2.7e-52   2.7e-52  166.3  27.2   151   269   256   396   245   398 0.81 <unknown description>
133074at5125_42677_0:000af2|CP052042.1:1612040-1613617|-   -            450 133074               -            271  4.6e-103  332.7  60.0   1   2   8.4e-52   8.4e-52  164.6  23.2     8   169    41   231    35   244 0.79 <unknown description>
133074at5125_42677_0:000af2|CP052042.1:1612040-1613617|-   -            450 133074               -            271  4.6e-103  332.7  60.0   2   2   2.9e-52   2.9e-52  166.1  27.1   150   269   288   429   277   431 0.81 <unknown description>
133074at5125_5544_1:000dd7|CP052042.1:1612103-1612583|-    -            161 133074               -            271   9.2e-54  171.1  25.4   1   1   1.1e-53   1.1e-53  170.9  25.4   149   268    19   160     9   161 0.81 <unknown description>
133074at5125_490622_0:001078|CP052042.1:1612803-1613376|-  -            192 133074               -            271   2.7e-52  166.3  23.1   1   2   8.5e-11   8.5e-11   30.2   0.0     7    51    20    64    13    72 0.86 <unknown description>
133074at5125_490622_0:001078|CP052042.1:1612803-1613376|-  -            192 133074               -            271   2.7e-52  166.3  23.1   2   2   5.8e-42   5.8e-42  132.4  22.6    33   150    64   192    60   192 0.88 <unknown description>
133074at5125_2885761_0:002c8d|CP052042.1:1612040-1612958|- -            292 133074               -            271     4e-51  162.4  34.4   1   1   6.7e-51   6.7e-51  161.7  34.4   141   269   121   271    53   273 0.74 <unknown description>
#
# Program:         hmmsearch
# Version:         3.4 (Aug 2023)
# Pipeline mode:   SEARCH
# Query file:      /home/arafat/busco_downloads/lineages/hypocreales_odb12.2/hmms/133074at5125.hmm
# Target file:     /home/arafat/Foxy_SIX_Evolution/results/busco/GCA_013085055.1/run_hypocreales_odb12.2/miniprot_output/translated_proteins/133074at5125.faa
# Option settings: hmmsearch --domtblout /home/arafat/Foxy_SIX_Evolution/results/busco/GCA_013085055.1/run_hypocreales_odb12.2/hmmer_output/133074at5125.out --cpu 1 /home/arafat/busco_downloads/lineages/hypocreales_odb12.2/hmms/133074at5125.hmm /home/arafat/Foxy_SIX_Evolution/results/busco/GCA_013085055.1/run_hypocreales_odb12.2/miniprot_output/translated_proteins/133074at5125.faa 
# Current dir:     /home/arafat/Foxy_SIX_Evolution
# Date:            Thu Sep 24 15:52:20 2026
# [ok]
