#                                                                                                                 --- full sequence --- -------------- this domain -------------   hmm coord   ali coord   env coord
# target name                                             accession   tlen query name           accession   qlen   E-value  score  bias   #  of  c-Evalue  i-Evalue  score  bias  from    to  from    to  from    to  acc description of target
#                                     ------------------- ---------- ----- -------------------- ---------- ----- --------- ------ ----- --- --- --------- --------- ------ ----- ----- ----- ----- ----- ----- ----- ---- ---------------------
13332at5125_1080343_0:001ffd|CP052038.1:5143496-5144563|- -            339 13332                -            333  1.9e-202  659.9   0.0   1   1  2.2e-202  2.2e-202  659.7   0.0     1   332     1   335     1   336 0.97 <unknown description>
13332at5125_48485_0:001bbe|CP052038.1:5143496-5144914|-   -            393 13332                -            333  3.3e-202  659.2   0.0   1   1  3.8e-202  3.8e-202  658.9   0.0     1   332    55   389    55   390 0.97 <unknown description>
13332at5125_48490_0:0028c9|CP052038.1:5143496-5145334|-   -            400 13332                -            333  3.5e-202  659.1   0.0   1   1  4.1e-202  4.1e-202  658.8   0.0     1   332    62   396    62   397 0.97 <unknown description>
13332at5125_1283841_0:002179|CP052038.1:5141874-5144563|- -            654 13332                -            333  1.4e-201  657.1   0.0   1   1  1.8e-201  1.8e-201  656.7   0.0     1   332     1   335     1   336 0.97 <unknown description>
13332at5125_1245745_0:000823|CP052038.1:5141874-5145334|- -            722 13332                -            333  1.1e-192  627.8   0.0   1   1  1.6e-192  1.6e-192  627.3   0.0     1   324    60   389    60   396 0.95 <unknown description>
13332at5125_92637_0:0025d1|CP052038.1:5143732-5144563|-   -            278 13332                -            333  2.3e-164  534.8   0.0   1   1  2.5e-164  2.5e-164  534.6   0.0     1   275     1   278     1   278 0.96 <unknown description>
13332at5125_93591_0:000647|CP052038.1:5144023-5144563|-   -            181 13332                -            333  3.9e-109  353.2   0.0   1   1  4.3e-109  4.3e-109  353.1   0.0     1   179     1   181     1   181 0.95 <unknown description>
#
# Program:         hmmsearch
# Version:         3.4 (Aug 2023)
# Pipeline mode:   SEARCH
# Query file:      /home/arafat/busco_downloads/lineages/hypocreales_odb12.2/hmms/13332at5125.hmm
# Target file:     /home/arafat/Foxy_SIX_Evolution/results/busco/GCA_013085055.1/run_hypocreales_odb12.2/miniprot_output/translated_proteins/13332at5125.faa
# Option settings: hmmsearch --domtblout /home/arafat/Foxy_SIX_Evolution/results/busco/GCA_013085055.1/run_hypocreales_odb12.2/hmmer_output/13332at5125.out --cpu 1 /home/arafat/busco_downloads/lineages/hypocreales_odb12.2/hmms/13332at5125.hmm /home/arafat/Foxy_SIX_Evolution/results/busco/GCA_013085055.1/run_hypocreales_odb12.2/miniprot_output/translated_proteins/13332at5125.faa 
# Current dir:     /home/arafat/Foxy_SIX_Evolution
# Date:            Thu Sep 24 15:52:20 2026
# [ok]
