#                                                                                                                  --- full sequence --- -------------- this domain -------------   hmm coord   ali coord   env coord
# target name                                              accession   tlen query name           accession   qlen   E-value  score  bias   #  of  c-Evalue  i-Evalue  score  bias  from    to  from    to  from    to  acc description of target
#                                      ------------------- ---------- ----- -------------------- ---------- ----- --------- ------ ----- --- --- --------- --------- ------ ----- ----- ----- ----- ----- ----- ----- ---- ---------------------
134497at5125_660027_0:001eac|CP052042.1:2684579-2685671|-  -            307 134497               -            181     6e-49  157.7  21.1   1   3   1.7e-21   1.5e-20   65.2  10.3     1   103     2   112     2   120 0.80 <unknown description>
134497at5125_660027_0:001eac|CP052042.1:2684579-2685671|-  -            307 134497               -            181     6e-49  157.7  21.1   2   3      0.19       1.6   -0.1   2.5    62   101   150   189   114   197 0.53 <unknown description>
134497at5125_660027_0:001eac|CP052042.1:2684579-2685671|-  -            307 134497               -            181     6e-49  157.7  21.1   3   3   5.5e-32   4.7e-31   99.4   0.8    56   181   169   306   158   306 0.78 <unknown description>
134497at5125_1435070_0:0007f7|CP052042.1:2684579-2685443|- -            251 134497               -            181   3.3e-33  106.4  11.7   1   3   3.6e-05   0.00031   12.0   1.9    57   103     8    56     1    64 0.63 <unknown description>
134497at5125_1435070_0:0007f7|CP052042.1:2684579-2685443|- -            251 134497               -            181   3.3e-33  106.4  11.7   2   3      0.39       3.4   -1.2   2.5    69   101    50    76    37    97 0.45 <unknown description>
134497at5125_1435070_0:0007f7|CP052042.1:2684579-2685443|- -            251 134497               -            181   3.3e-33  106.4  11.7   3   3   6.7e-32   5.8e-31   99.1   2.1    56   181   113   250    70   250 0.82 <unknown description>
134497at5125_1081102_0:0021ac|CP052042.1:2684579-2684957|- -            127 134497               -            181   9.2e-32  101.7   0.0   1   1   1.5e-32   1.3e-31  101.2   0.0    78   181    10   126     2   126 0.82 <unknown description>
134497at5125_160324_0:002faf|CP052038.1:232516-239696|-    -            204 134497               -            181     5e-12   37.4   0.6   1   2      0.69         6   -2.0   7.3    62    90    68    96     4   131 0.43 <unknown description>
134497at5125_160324_0:002faf|CP052038.1:232516-239696|-    -            204 134497               -            181     5e-12   37.4   0.6   2   2   5.8e-13     5e-12   37.4   0.6    72   137   137   202   125   204 0.83 <unknown description>
134497at5125_47278_0:00117c|CP052042.1:3218929-3230072|-   -            142 134497               -            181   1.1e-10   33.0   0.3   1   1   1.6e-11   1.3e-10   32.7   0.3    84   134    90   141    49   142 0.78 <unknown description>
#
# Program:         hmmsearch
# Version:         3.4 (Aug 2023)
# Pipeline mode:   SEARCH
# Query file:      /home/arafat/busco_downloads/lineages/hypocreales_odb12.2/hmms/134497at5125.hmm
# Target file:     /home/arafat/Foxy_SIX_Evolution/results/busco/GCA_013085055.1/run_hypocreales_odb12.2/miniprot_output/translated_proteins/134497at5125.faa
# Option settings: hmmsearch --domtblout /home/arafat/Foxy_SIX_Evolution/results/busco/GCA_013085055.1/run_hypocreales_odb12.2/hmmer_output/134497at5125.out --cpu 1 /home/arafat/busco_downloads/lineages/hypocreales_odb12.2/hmms/134497at5125.hmm /home/arafat/Foxy_SIX_Evolution/results/busco/GCA_013085055.1/run_hypocreales_odb12.2/miniprot_output/translated_proteins/134497at5125.faa 
# Current dir:     /home/arafat/Foxy_SIX_Evolution
# Date:            Thu Sep 24 15:52:21 2026
# [ok]
