#                                                                                                                  --- full sequence --- -------------- this domain -------------   hmm coord   ali coord   env coord
# target name                                              accession   tlen query name           accession   qlen   E-value  score  bias   #  of  c-Evalue  i-Evalue  score  bias  from    to  from    to  from    to  acc description of target
#                                      ------------------- ---------- ----- -------------------- ---------- ----- --------- ------ ----- --- --- --------- --------- ------ ----- ----- ----- ----- ----- ----- ----- ---- ---------------------
140657at5125_42673_0:00362f|CP052042.1:1452841-1454925|-   -            362 140657               -            344  7.5e-229  747.5   0.1   1   1  8.5e-229  8.5e-229  747.3   0.1     1   343    18   360    18   361 0.99 <unknown description>
140657at5125_2826082_0:00305d|CP052042.1:1452200-1454477|- -            399 140657               -            344  3.1e-221  722.4   2.1   1   1  3.3e-220  3.3e-220  719.0   2.1     1   342    10   367    10   369 0.97 <unknown description>
140657at5125_5507_5:004192|CP052042.1:1452841-1454477|-    -            414 140657               -            344  2.2e-216  706.4   3.3   1   2   1.9e-14   1.9e-14   42.4   0.0     1    36    10    45    10    67 0.86 <unknown description>
140657at5125_5507_5:004192|CP052042.1:1452841-1454477|-    -            414 140657               -            344  2.2e-216  706.4   3.3   2   2  3.1e-202  3.1e-202  659.9   2.6    31   343    84   412    65   413 0.96 <unknown description>
140657at5125_5544_1:0016fe|CP052042.1:1452856-1454065|-    -            307 140657               -            344  2.4e-208  680.0   0.2   1   1  2.7e-208  2.7e-208  679.9   0.2    35   340     2   307     1   307 0.99 <unknown description>
140657at5125_1089448_0:0011b7|CP052042.1:1453181-1454477|- -            257 140657               -            344  1.1e-159  520.0   0.3   1   1  1.3e-159  1.3e-159  519.8   0.3     1   238    10   247    10   253 0.99 <unknown description>
140657at5125_5544_2:001a9b|CP052042.1:1452856-1453685|-    -            196 140657               -            344  1.1e-131  428.0   0.2   1   1  1.2e-131  1.2e-131  427.9   0.2   145   340     1   196     1   196 0.99 <unknown description>
140657at5125_47803_0:000605|CP052042.1:1453598-1454477|-   -            183 140657               -            344  1.1e-112  365.4   0.2   1   1  1.3e-112  1.3e-112  365.3   0.2     1   171    10   180    10   182 0.99 <unknown description>
140657at5125_1435070_0:002c56|CP052042.1:1452841-1453499|- -            173 140657               -            344  2.2e-111  361.2   0.1   1   1  2.4e-111  2.4e-111  361.1   0.1   173   343     1   171     1   172 0.99 <unknown description>
140657at5125_47803_0:003705|CP052042.1:1453232-1455544|-   -            163 140657               -            344   2.3e-49  157.3   0.0   1   1   2.5e-49   2.5e-49  157.1   0.0   153   230    85   162    43   163 0.84 <unknown description>
#
# Program:         hmmsearch
# Version:         3.4 (Aug 2023)
# Pipeline mode:   SEARCH
# Query file:      /home/arafat/busco_downloads/lineages/hypocreales_odb12.2/hmms/140657at5125.hmm
# Target file:     /home/arafat/Foxy_SIX_Evolution/results/busco/GCA_013085055.1/run_hypocreales_odb12.2/miniprot_output/translated_proteins/140657at5125.faa
# Option settings: hmmsearch --domtblout /home/arafat/Foxy_SIX_Evolution/results/busco/GCA_013085055.1/run_hypocreales_odb12.2/hmmer_output/140657at5125.out --cpu 1 /home/arafat/busco_downloads/lineages/hypocreales_odb12.2/hmms/140657at5125.hmm /home/arafat/Foxy_SIX_Evolution/results/busco/GCA_013085055.1/run_hypocreales_odb12.2/miniprot_output/translated_proteins/140657at5125.faa 
# Current dir:     /home/arafat/Foxy_SIX_Evolution
# Date:            Thu Sep 24 15:52:24 2026
# [ok]
