#                                                                                                                  --- full sequence --- -------------- this domain -------------   hmm coord   ali coord   env coord
# target name                                              accession   tlen query name           accession   qlen   E-value  score  bias   #  of  c-Evalue  i-Evalue  score  bias  from    to  from    to  from    to  acc description of target
#                                      ------------------- ---------- ----- -------------------- ---------- ----- --------- ------ ----- --- --- --------- --------- ------ ----- ----- ----- ----- ----- ----- ----- ---- ---------------------
143435at5125_1080343_0:001960|CP052038.1:2600569-2602275|+ -            542 143435               -            488  1.6e-286  939.8   0.0   1   1  1.9e-286  1.9e-286  939.6   0.0     1   487    36   532    36   533 0.97 <unknown description>
143435at5125_150374_0:000067|CP052038.1:2600599-2607983|+  -            547 143435               -            488  1.7e-286  939.7   0.0   1   1  1.9e-286  1.9e-286  939.5   0.0     1   487    26   522    26   523 0.97 <unknown description>
143435at5125_426428_0:001750|CP052039.1:2398063-2399746|+  -            544 143435               -            488  6.7e-236  772.8   0.0   1   1    1e-235    1e-235  772.2   0.0     2   487    26   538    25   539 0.93 <unknown description>
143435at5125_5516_0:00293b|CP052039.1:2397002-2399746|+    -            743 143435               -            488    2e-235  771.3   0.0   1   1    3e-235    3e-235  770.7   0.0     2   487   225   737   224   738 0.93 <unknown description>
143435at5125_5507_3:0009bb|CP052039.1:2398063-2401978|+    -           1034 143435               -            488  4.8e-233  763.4   0.0   1   1  7.4e-233  7.4e-233  762.8   0.0     2   482    26   533    25   537 0.93 <unknown description>
143435at5125_1043627_0:001bd5|CP052038.1:2601025-2602269|+ -            388 143435               -            488  1.8e-224  735.1   0.2   1   1  2.1e-224  2.1e-224  734.9   0.2   114   487     1   380     1   381 0.98 <unknown description>
143435at5125_307937_0:0052ee|CP052038.1:2601348-2602185|+  -            280 143435               -            488    2e-157  514.0   0.0   1   1  2.3e-157  2.3e-157  513.8   0.0   193   467     1   280     1   280 0.98 <unknown description>
143435at5125_2885761_0:001b4d|CP052038.1:2601546-2602275|+ -            244 143435               -            488  5.2e-126  410.4   0.2   1   1    6e-126    6e-126  410.2   0.2   259   487     1   234     1   235 0.97 <unknown description>
143435at5125_426428_0:000402|CP052038.1:2600569-2601229|+  -            221 143435               -            488  2.8e-100  325.5   0.0   1   1  3.2e-100  3.2e-100  325.4   0.0     1   179    36   219    36   220 0.96 <unknown description>
#
# Program:         hmmsearch
# Version:         3.4 (Aug 2023)
# Pipeline mode:   SEARCH
# Query file:      /home/arafat/busco_downloads/lineages/hypocreales_odb12.2/hmms/143435at5125.hmm
# Target file:     /home/arafat/Foxy_SIX_Evolution/results/busco/GCA_013085055.1/run_hypocreales_odb12.2/miniprot_output/translated_proteins/143435at5125.faa
# Option settings: hmmsearch --domtblout /home/arafat/Foxy_SIX_Evolution/results/busco/GCA_013085055.1/run_hypocreales_odb12.2/hmmer_output/143435at5125.out --cpu 1 /home/arafat/busco_downloads/lineages/hypocreales_odb12.2/hmms/143435at5125.hmm /home/arafat/Foxy_SIX_Evolution/results/busco/GCA_013085055.1/run_hypocreales_odb12.2/miniprot_output/translated_proteins/143435at5125.faa 
# Current dir:     /home/arafat/Foxy_SIX_Evolution
# Date:            Thu Sep 24 15:52:03 2026
# [ok]
