#                                                                                                                  --- full sequence --- -------------- this domain -------------   hmm coord   ali coord   env coord
# target name                                              accession   tlen query name           accession   qlen   E-value  score  bias   #  of  c-Evalue  i-Evalue  score  bias  from    to  from    to  from    to  acc description of target
#                                      ------------------- ---------- ----- -------------------- ---------- ----- --------- ------ ----- --- --- --------- --------- ------ ----- ----- ----- ----- ----- ----- ----- ---- ---------------------
143708at5125_72712_0:001c4d|CP052038.1:4568823-4570313|-   -            480 143708               -            426  9.6e-260  849.9  16.6   1   2  2.3e-249  2.3e-249  815.7  12.3     2   400     7   433     6   437 0.92 <unknown description>
143708at5125_72712_0:001c4d|CP052038.1:4568823-4570313|-   -            480 143708               -            426  9.6e-260  849.9  16.6   2   2     2e-12     2e-12   35.0   0.1   398   426   451   479   444   479 0.96 <unknown description>
143708at5125_595255_0:0026a5|CP052038.1:4568823-4569959|-  -            362 143708               -            426  9.6e-239  780.7  12.1   1   2  1.1e-228  1.1e-228  747.6   7.9    94   400     9   315     1   320 0.98 <unknown description>
143708at5125_595255_0:0026a5|CP052038.1:4568823-4569959|-  -            362 143708               -            426  9.6e-239  780.7  12.1   2   2   1.4e-12   1.4e-12   35.5   0.1   398   426   333   361   326   361 0.96 <unknown description>
143708at5125_5507_1:000743|CP052038.1:4569146-4570313|-    -            390 143708               -            426  1.4e-208  681.3  10.0   1   1  5.8e-208  5.8e-208  679.3  10.0     2   344     7   377     6   378 0.91 <unknown description>
143708at5125_93591_0:002b0c|CP052038.1:4568823-4569671|-   -            266 143708               -            426  6.1e-172  560.6   8.3   1   2  1.1e-161  1.1e-161  526.8   4.2   182   400     1   219     1   224 0.99 <unknown description>
143708at5125_93591_0:002b0c|CP052038.1:4568823-4569671|-   -            266 143708               -            426  6.1e-172  560.6   8.3   2   2   9.4e-13   9.4e-13   36.1   0.1   398   426   237   265   230   265 0.96 <unknown description>
143708at5125_2885761_0:00000f|CP052038.1:4568823-4569383|- -            170 143708               -            426   9.5e-98  316.1   4.8   1   2   5.4e-87   5.4e-87  280.7   1.5   278   400     1   123     1   129 0.99 <unknown description>
143708at5125_2885761_0:00000f|CP052038.1:4568823-4569383|- -            170 143708               -            426   9.5e-98  316.1   4.8   2   2   4.8e-13   4.8e-13   37.0   0.1   398   426   141   169   133   169 0.96 <unknown description>
#
# Program:         hmmsearch
# Version:         3.4 (Aug 2023)
# Pipeline mode:   SEARCH
# Query file:      /home/arafat/busco_downloads/lineages/hypocreales_odb12.2/hmms/143708at5125.hmm
# Target file:     /home/arafat/Foxy_SIX_Evolution/results/busco/GCA_013085055.1/run_hypocreales_odb12.2/miniprot_output/translated_proteins/143708at5125.faa
# Option settings: hmmsearch --domtblout /home/arafat/Foxy_SIX_Evolution/results/busco/GCA_013085055.1/run_hypocreales_odb12.2/hmmer_output/143708at5125.out --cpu 1 /home/arafat/busco_downloads/lineages/hypocreales_odb12.2/hmms/143708at5125.hmm /home/arafat/Foxy_SIX_Evolution/results/busco/GCA_013085055.1/run_hypocreales_odb12.2/miniprot_output/translated_proteins/143708at5125.faa 
# Current dir:     /home/arafat/Foxy_SIX_Evolution
# Date:            Thu Sep 24 15:52:06 2026
# [ok]
