#                                                                                                                  --- full sequence --- -------------- this domain -------------   hmm coord   ali coord   env coord
# target name                                              accession   tlen query name           accession   qlen   E-value  score  bias   #  of  c-Evalue  i-Evalue  score  bias  from    to  from    to  from    to  acc description of target
#                                      ------------------- ---------- ----- -------------------- ---------- ----- --------- ------ ----- --- --- --------- --------- ------ ----- ----- ----- ----- ----- ----- ----- ---- ---------------------
145282at5125_660027_0:00253e|CP052043.1:2982926-2987104|+  -           1376 145282               -           1316         0 1982.8   0.0   1   1         0         0 1982.5   0.0    16  1314    33  1371    14  1373 0.94 <unknown description>
145282at5125_2039875_0:000b80|CP052043.1:2977662-2987089|+ -           1437 145282               -           1316         0 1981.5   0.0   1   1         0         0 1981.2   0.0    16  1313    99  1436    80  1437 0.94 <unknown description>
145282at5125_500148_0:0021a3|CP052043.1:2982937-2999138|+  -           1309 145282               -           1316         0 1980.1   0.0   1   1         0         0 1979.8   0.0    16  1249    29  1265    10  1309 0.94 <unknown description>
145282at5125_5507_3:002658|CP052043.1:2980314-2987104|+    -           1825 145282               -           1316         0 1960.5   0.0   1   1         0         0 1960.2   0.0    44  1314   514  1820   485  1822 0.94 <unknown description>
145282at5125_5544_1:0006ac|CP052043.1:2974952-2986669|+    -           1133 145282               -           1316         0 1867.1   0.0   1   1         0         0 1866.7   0.0   119  1202    44  1124    19  1132 0.98 <unknown description>
145282at5125_2898083_0:00003b|CP052043.1:2983358-2986687|+ -           1093 145282               -           1316         0 1865.2   0.0   1   1         0         0 1865.0   0.0   126  1206     5  1082     1  1090 0.99 <unknown description>
145282at5125_45235_0:000010|CP052043.1:2984024-2987101|+   -           1009 145282               -           1316         0 1653.6   0.0   1   1         0         0 1653.4   0.0   343  1314     1  1005     1  1007 0.93 <unknown description>
145282at5125_5507_0:003d4e|CP052043.1:2982926-2985908|+    -            995 145282               -           1316         0 1564.1   0.0   1   1         0         0 1563.6   0.0    16   970    33   991    14   993 0.98 <unknown description>
145282at5125_655819_0:0019ea|CP052043.1:2983139-2985221|+  -            610 145282               -           1316  6.2e-277  911.1   0.5   1   2   1.7e-44   1.7e-44  141.0   0.0    52   224     2   176     1   180 0.96 <unknown description>
145282at5125_655819_0:0019ea|CP052043.1:2983139-2985221|+  -            610 145282               -           1316  6.2e-277  911.1   0.5   2   2  7.3e-234  7.3e-234  768.4   2.0   309   741   176   610   171   610 0.99 <unknown description>
145282at5125_1331945_0:000531|CP052043.1:2985650-2986669|+ -            323 145282               -           1316  2.6e-174  571.1   0.0   1   1  3.1e-174  3.1e-174  570.8   0.0   888  1202     1   314     1   322 0.98 <unknown description>
#
# Program:         hmmsearch
# Version:         3.4 (Aug 2023)
# Pipeline mode:   SEARCH
# Query file:      /home/arafat/busco_downloads/lineages/hypocreales_odb12.2/hmms/145282at5125.hmm
# Target file:     /home/arafat/Foxy_SIX_Evolution/results/busco/GCA_013085055.1/run_hypocreales_odb12.2/miniprot_output/translated_proteins/145282at5125.faa
# Option settings: hmmsearch --domtblout /home/arafat/Foxy_SIX_Evolution/results/busco/GCA_013085055.1/run_hypocreales_odb12.2/hmmer_output/145282at5125.out --cpu 1 /home/arafat/busco_downloads/lineages/hypocreales_odb12.2/hmms/145282at5125.hmm /home/arafat/Foxy_SIX_Evolution/results/busco/GCA_013085055.1/run_hypocreales_odb12.2/miniprot_output/translated_proteins/145282at5125.faa 
# Current dir:     /home/arafat/Foxy_SIX_Evolution
# Date:            Thu Sep 24 15:52:20 2026
# [ok]
