#                                                                                                                  --- full sequence --- -------------- this domain -------------   hmm coord   ali coord   env coord
# target name                                              accession   tlen query name           accession   qlen   E-value  score  bias   #  of  c-Evalue  i-Evalue  score  bias  from    to  from    to  from    to  acc description of target
#                                      ------------------- ---------- ----- -------------------- ---------- ----- --------- ------ ----- --- --- --------- --------- ------ ----- ----- ----- ----- ----- ----- ----- ---- ---------------------
145353at5125_948311_1:000b98|CP052038.1:3396902-3399700|+  -            780 145353               -            448  7.3e-165  538.5  23.2   1   4   0.00027   0.00027    9.2   0.1     3    23   196   216   194   223 0.89 <unknown description>
145353at5125_948311_1:000b98|CP052038.1:3396902-3399700|+  -            780 145353               -            448  7.3e-165  538.5  23.2   2   4   1.2e-19   1.2e-19   59.9   1.3    42   116   269   353   227   358 0.77 <unknown description>
145353at5125_948311_1:000b98|CP052038.1:3396902-3399700|+  -            780 145353               -            448  7.3e-165  538.5  23.2   3   4   2.5e-12   2.5e-12   35.8   2.8    97   140   354   400   348   408 0.84 <unknown description>
145353at5125_948311_1:000b98|CP052038.1:3396902-3399700|+  -            780 145353               -            448  7.3e-165  538.5  23.2   4   4  1.1e-136  1.1e-136  445.7   3.0   140   447   442   770   428   771 0.92 <unknown description>
145353at5125_1163406_0:000aff|CP052038.1:3397574-3400771|+ -            615 145353               -            448  5.8e-164  535.5  24.4   1   3     3e-19     3e-19   58.5   4.5    33   117    77   179    19   184 0.62 <unknown description>
145353at5125_1163406_0:000aff|CP052038.1:3397574-3400771|+ -            615 145353               -            448  5.8e-164  535.5  24.4   2   3   1.1e-12   1.1e-12   36.9   1.6    98   140   180   225   176   234 0.84 <unknown description>
145353at5125_1163406_0:000aff|CP052038.1:3397574-3400771|+ -            615 145353               -            448  5.8e-164  535.5  24.4   3   3    2e-135    2e-135  441.5   4.3   144   447   273   597   262   598 0.92 <unknown description>
145353at5125_5507_5:0003a8|CP052038.1:3391577-3399700|+    -            824 145353               -            448  2.9e-161  526.7  29.2   1   5   3.2e-06   3.2e-06   15.6   0.0   196   253    75   134    60   143 0.79 <unknown description>
145353at5125_5507_5:0003a8|CP052038.1:3391577-3399700|+    -            824 145353               -            448  2.9e-161  526.7  29.2   2   5   0.00029   0.00029    9.2   0.1     3    23   223   243   221   250 0.89 <unknown description>
145353at5125_5507_5:0003a8|CP052038.1:3391577-3399700|+    -            824 145353               -            448  2.9e-161  526.7  29.2   3   5   1.2e-19   1.2e-19   59.8   1.3    42   116   296   380   254   385 0.77 <unknown description>
145353at5125_5507_5:0003a8|CP052038.1:3391577-3399700|+    -            824 145353               -            448  2.9e-161  526.7  29.2   4   5   2.6e-12   2.6e-12   35.7   2.8    97   140   381   427   375   435 0.84 <unknown description>
145353at5125_5507_5:0003a8|CP052038.1:3391577-3399700|+    -            824 145353               -            448  2.9e-161  526.7  29.2   5   5  5.4e-128  5.4e-128  417.0   6.4   140   447   469   814   458   815 0.89 <unknown description>
145353at5125_96318_0:0002f4|CP052038.1:3397532-3399700|+   -            636 145353               -            448  3.3e-157  513.3  27.4   1   4   0.00022   0.00022    9.6   0.1     3    23    35    55    33    62 0.89 <unknown description>
145353at5125_96318_0:0002f4|CP052038.1:3397532-3399700|+   -            636 145353               -            448  3.3e-157  513.3  27.4   2   4   8.7e-20   8.7e-20   60.3   1.3    42   116   108   192    66   197 0.77 <unknown description>
145353at5125_96318_0:0002f4|CP052038.1:3397532-3399700|+   -            636 145353               -            448  3.3e-157  513.3  27.4   3   4   1.9e-12   1.9e-12   36.1   2.8    97   140   193   239   187   249 0.84 <unknown description>
145353at5125_96318_0:0002f4|CP052038.1:3397532-3399700|+   -            636 145353               -            448  3.3e-157  513.3  27.4   4   4  3.7e-128  3.7e-128  417.5   6.9   140   447   281   626   266   627 0.89 <unknown description>
145353at5125_2773459_0:00246e|CP052038.1:3398470-3399682|+ -            339 145353               -            448  6.7e-136  443.0   4.0   1   1  8.7e-136  8.7e-136  442.7   4.0   144   447    11   335     8   336 0.92 <unknown description>
145353at5125_2004951_0:0017e7|CP052038.1:3398537-3399225|+ -            209 145353               -            448  1.1e-100  327.0   0.8   1   1  1.2e-100  1.2e-100  326.9   0.8   145   346     1   207     1   209 0.96 <unknown description>
145353at5125_123648_0:002003|CP052038.1:3397532-3398867|+  -            419 145353               -            448   1.8e-71  230.7  15.1   1   4   0.00013   0.00013   10.3   0.1     3    23    35    55    33    64 0.90 <unknown description>
145353at5125_123648_0:002003|CP052038.1:3397532-3398867|+  -            419 145353               -            448   1.8e-71  230.7  15.1   2   4     3e-20     3e-20   61.8   1.0    42   117   108   193    66   199 0.77 <unknown description>
145353at5125_123648_0:002003|CP052038.1:3397532-3398867|+  -            419 145353               -            448   1.8e-71  230.7  15.1   3   4     8e-13     8e-13   37.4   2.0    98   140   194   239   189   249 0.84 <unknown description>
145353at5125_123648_0:002003|CP052038.1:3397532-3398867|+  -            419 145353               -            448   1.8e-71  230.7  15.1   4   4     1e-40     1e-40  129.3   0.0   144   249   308   418   297   419 0.91 <unknown description>
145353at5125_229533_0:000e75|CP052038.1:3399195-3399685|+  -            131 145353               -            448   1.9e-37  118.6   0.8   1   1   2.3e-37   2.3e-37  118.3   0.8   338   447     1   126     1   127 0.86 <unknown description>
145353at5125_2773459_0:00246b|CP052038.1:3397532-3398300|+ -            257 145353               -            448   1.2e-33  106.0  11.9   1   3   7.4e-05   7.4e-05   11.1   0.1     3    23    35    55    33    62 0.89 <unknown description>
145353at5125_2773459_0:00246b|CP052038.1:3397532-3398300|+ -            257 145353               -            448   1.2e-33  106.0  11.9   2   3   1.4e-20   1.4e-20   62.9   1.2    42   116   108   192    66   197 0.76 <unknown description>
145353at5125_2773459_0:00246b|CP052038.1:3397532-3398300|+ -            257 145353               -            448   1.2e-33  106.0  11.9   3   3   3.7e-13   3.7e-13   38.5   1.9    98   140   194   239   189   245 0.84 <unknown description>
145353at5125_45235_0:000494|CP052038.1:3397366-3398455|+   -            306 145353               -            448   2.4e-33  105.0  11.9   1   2   8.8e-05   8.8e-05   10.9   0.1     3    23    59    79    57    88 0.89 <unknown description>
145353at5125_45235_0:000494|CP052038.1:3397366-3398455|+   -            306 145353               -            448   2.4e-33  105.0  11.9   2   2   6.6e-27   6.6e-27   83.8   7.8    42   140   132   263    90   274 0.72 <unknown description>
145353at5125_229533_0:000671|CP052038.1:3397817-3398279|+  -            155 145353               -            448   3.9e-31   97.7   9.2   1   2   1.4e-20   1.4e-20   63.0   1.9    42   117    13    98    10   104 0.80 <unknown description>
145353at5125_229533_0:000671|CP052038.1:3397817-3398279|+  -            155 145353               -            448   3.9e-31   97.7   9.2   2   2   2.2e-13   2.2e-13   39.3   2.5    97   140    98   144    93   150 0.84 <unknown description>
#
# Program:         hmmsearch
# Version:         3.4 (Aug 2023)
# Pipeline mode:   SEARCH
# Query file:      /home/arafat/busco_downloads/lineages/hypocreales_odb12.2/hmms/145353at5125.hmm
# Target file:     /home/arafat/Foxy_SIX_Evolution/results/busco/GCA_013085055.1/run_hypocreales_odb12.2/miniprot_output/translated_proteins/145353at5125.faa
# Option settings: hmmsearch --domtblout /home/arafat/Foxy_SIX_Evolution/results/busco/GCA_013085055.1/run_hypocreales_odb12.2/hmmer_output/145353at5125.out --cpu 1 /home/arafat/busco_downloads/lineages/hypocreales_odb12.2/hmms/145353at5125.hmm /home/arafat/Foxy_SIX_Evolution/results/busco/GCA_013085055.1/run_hypocreales_odb12.2/miniprot_output/translated_proteins/145353at5125.faa 
# Current dir:     /home/arafat/Foxy_SIX_Evolution
# Date:            Thu Sep 24 15:52:21 2026
# [ok]
