#                                                                                                                  --- full sequence --- -------------- this domain -------------   hmm coord   ali coord   env coord
# target name                                              accession   tlen query name           accession   qlen   E-value  score  bias   #  of  c-Evalue  i-Evalue  score  bias  from    to  from    to  from    to  acc description of target
#                                      ------------------- ---------- ----- -------------------- ---------- ----- --------- ------ ----- --- --- --------- --------- ------ ----- ----- ----- ----- ----- ----- ----- ---- ---------------------
145577at5125_1080343_0:00016d|CP052041.1:2253529-2256275|+ -            899 145577               -            715         0 1293.2  21.3   1   2         0         0 1243.1  13.4     4   625    21   685    18   704 0.93 <unknown description>
145577at5125_1080343_0:00016d|CP052041.1:2253529-2256275|+ -            899 145577               -            715         0 1293.2  21.3   2   2   3.4e-15   3.4e-15   43.8   0.9   634   711   797   878   765   882 0.67 <unknown description>
145577at5125_96774_0:001f19|CP052041.1:2245990-2256275|+   -            926 145577               -            715         0 1293.0  21.2   1   2         0         0 1243.1  13.4     4   625    48   712    45   746 0.93 <unknown description>
145577at5125_96774_0:001f19|CP052041.1:2245990-2256275|+   -            926 145577               -            715         0 1293.0  21.2   2   2   3.6e-15   3.6e-15   43.8   0.9   634   711   824   905   792   909 0.67 <unknown description>
145577at5125_176275_0:000c48|CP052041.1:2253502-2260662|+  -            881 145577               -            715         0 1291.6  20.7   1   2         0         0 1242.9  13.6     4   625    30   694    27   711 0.93 <unknown description>
145577at5125_176275_0:000c48|CP052041.1:2253502-2260662|+  -            881 145577               -            715         0 1291.6  20.7   2   2   1.5e-14   1.5e-14   41.7   0.6   634   698   806   874   774   880 0.67 <unknown description>
145577at5125_1195189_0:000dac|CP052041.1:2249641-2256275|+ -           1587 145577               -            715         0 1290.2  20.1   1   3   2.8e-67   2.8e-67  216.0   9.8     4   128   709   833   706   846 0.94 <unknown description>
145577at5125_1195189_0:000dac|CP052041.1:2249641-2256275|+ -           1587 145577               -            715         0 1290.2  20.1   2   3         0         0 1035.9   0.0   122   625   852  1373   843  1408 0.96 <unknown description>
145577at5125_1195189_0:000dac|CP052041.1:2249641-2256275|+ -           1587 145577               -            715         0 1290.2  20.1   3   3     7e-15     7e-15   42.8   0.9   634   711  1485  1566  1453  1570 0.67 <unknown description>
145577at5125_413071_0:001431|CP052041.1:2253541-2255627|+  -            679 145577               -            715         0 1253.3  14.8   1   2     8e-68     8e-68  217.8   9.6     4   128    17   141    14   152 0.94 <unknown description>
145577at5125_413071_0:001431|CP052041.1:2253541-2255627|+  -            679 145577               -            715         0 1253.3  14.8   2   2         0         0 1036.9   0.2   122   622   160   678   150   679 0.97 <unknown description>
145577at5125_1325734_0:001580|CP052041.1:2253529-2255125|+ -            533 145577               -            715  2.4e-287  943.5   8.2   1   2   4.9e-68   4.9e-68  218.5   9.5     4   128    21   145    18   157 0.94 <unknown description>
145577at5125_1325734_0:001580|CP052041.1:2253529-2255125|+ -            533 145577               -            715  2.4e-287  943.5   8.2   2   2  2.6e-220  2.6e-220  721.9   0.0   122   484   164   532   153   532 0.97 <unknown description>
145577at5125_1159556_0:00064f|CP052041.1:2253749-2254861|+ -            371 145577               -            715  5.3e-189  618.4   1.0   1   2   1.5e-24   1.5e-24   74.7   0.9    68   128    11    71     5    83 0.91 <unknown description>
145577at5125_1159556_0:00064f|CP052041.1:2253749-2254861|+ -            371 145577               -            715  5.3e-189  618.4   1.0   2   2  7.1e-166  7.1e-166  541.9   0.0   122   397    90   371    81   371 0.96 <unknown description>
#
# Program:         hmmsearch
# Version:         3.4 (Aug 2023)
# Pipeline mode:   SEARCH
# Query file:      /home/arafat/busco_downloads/lineages/hypocreales_odb12.2/hmms/145577at5125.hmm
# Target file:     /home/arafat/Foxy_SIX_Evolution/results/busco/GCA_013085055.1/run_hypocreales_odb12.2/miniprot_output/translated_proteins/145577at5125.faa
# Option settings: hmmsearch --domtblout /home/arafat/Foxy_SIX_Evolution/results/busco/GCA_013085055.1/run_hypocreales_odb12.2/hmmer_output/145577at5125.out --cpu 1 /home/arafat/busco_downloads/lineages/hypocreales_odb12.2/hmms/145577at5125.hmm /home/arafat/Foxy_SIX_Evolution/results/busco/GCA_013085055.1/run_hypocreales_odb12.2/miniprot_output/translated_proteins/145577at5125.faa 
# Current dir:     /home/arafat/Foxy_SIX_Evolution
# Date:            Thu Sep 24 15:52:23 2026
# [ok]
