#                                                                                                                 --- full sequence --- -------------- this domain -------------   hmm coord   ali coord   env coord
# target name                                             accession   tlen query name           accession   qlen   E-value  score  bias   #  of  c-Evalue  i-Evalue  score  bias  from    to  from    to  from    to  acc description of target
#                                     ------------------- ---------- ----- -------------------- ---------- ----- --------- ------ ----- --- --- --------- --------- ------ ----- ----- ----- ----- ----- ----- ----- ---- ---------------------
145806at5125_221167_0:000ab1|CP052040.1:2569173-2570321|- -            334 145806               -            283  5.3e-136  440.9   0.0   1   1  6.9e-136  6.9e-136  440.6   0.0     1   261     1   269     1   280 0.95 <unknown description>
145806at5125_96318_0:001afc|CP052040.1:2569527-2570321|-  -            240 145806               -            283  2.3e-125  406.0   0.0   1   1  2.8e-125  2.8e-125  405.7   0.0     1   224     1   224     1   231 0.99 <unknown description>
145806at5125_47803_0:00092b|CP052040.1:2569527-2570609|-  -            288 145806               -            283  1.7e-117  380.2   0.0   1   1  2.2e-117  2.2e-117  379.9   0.0    12   224    60   272    55   279 0.98 <unknown description>
145806at5125_61374_0:001388|CP052040.1:2569228-2570088|-  -            241 145806               -            283  5.4e-113  365.4   0.0   1   1  6.3e-113  6.3e-113  365.2   0.0    53   282     1   238     1   239 0.93 <unknown description>
145806at5125_42673_0:0038af|CP052040.1:2569527-2570088|-  -            188 145806               -            283   2.6e-92  297.6   0.0   1   1   3.1e-92   3.1e-92  297.3   0.0    53   224     1   172     1   180 0.98 <unknown description>
145806at5125_93591_0:002603|CP052040.1:2569228-2569893|-  -            162 145806               -            283   2.2e-78  251.9   0.0   1   1   2.5e-78   2.5e-78  251.7   0.0   118   282     1   159     1   160 0.97 <unknown description>
145806at5125_655819_0:001048|CP052040.1:2569228-2569752|- -            118 145806               -            283     9e-57  181.0   0.0   1   1   9.9e-57   9.9e-57  180.8   0.0   165   282     1   115     1   116 0.95 <unknown description>
#
# Program:         hmmsearch
# Version:         3.4 (Aug 2023)
# Pipeline mode:   SEARCH
# Query file:      /home/arafat/busco_downloads/lineages/hypocreales_odb12.2/hmms/145806at5125.hmm
# Target file:     /home/arafat/Foxy_SIX_Evolution/results/busco/GCA_013085055.1/run_hypocreales_odb12.2/miniprot_output/translated_proteins/145806at5125.faa
# Option settings: hmmsearch --domtblout /home/arafat/Foxy_SIX_Evolution/results/busco/GCA_013085055.1/run_hypocreales_odb12.2/hmmer_output/145806at5125.out --cpu 1 /home/arafat/busco_downloads/lineages/hypocreales_odb12.2/hmms/145806at5125.hmm /home/arafat/Foxy_SIX_Evolution/results/busco/GCA_013085055.1/run_hypocreales_odb12.2/miniprot_output/translated_proteins/145806at5125.faa 
# Current dir:     /home/arafat/Foxy_SIX_Evolution
# Date:            Thu Sep 24 15:52:26 2026
# [ok]
