#                                                                                                                  --- full sequence --- -------------- this domain -------------   hmm coord   ali coord   env coord
# target name                                              accession   tlen query name           accession   qlen   E-value  score  bias   #  of  c-Evalue  i-Evalue  score  bias  from    to  from    to  from    to  acc description of target
#                                      ------------------- ---------- ----- -------------------- ---------- ----- --------- ------ ----- --- --- --------- --------- ------ ----- ----- ----- ----- ----- ----- ----- ---- ---------------------
146584at5125_5046_0:001df6|CP052042.1:1669103-1675704|-    -            741 146584               -            412    4e-130  424.3  37.7   1   3   1.4e-07   1.5e-07   20.5   0.2    14    58    53    98    26   102 0.87 <unknown description>
146584at5125_5046_0:001df6|CP052042.1:1669103-1675704|-    -            741 146584               -            412    4e-130  424.3  37.7   2   3   3.5e-46   3.8e-46  147.7   1.6    51   184   157   302   140   328 0.83 <unknown description>
146584at5125_5046_0:001df6|CP052042.1:1669103-1675704|-    -            741 146584               -            412    4e-130  424.3  37.7   3   3   1.7e-81   1.8e-81  264.0  23.5   184   401   437   676   404   685 0.82 <unknown description>
146584at5125_1089451_0:001a67|CP052042.1:1668906-1671605|- -            841 146584               -            412  8.7e-130  423.2  37.7   1   3   1.6e-07   1.8e-07   20.3   0.2    14    58    69   114    42   118 0.87 <unknown description>
146584at5125_1089451_0:001a67|CP052042.1:1668906-1671605|- -            841 146584               -            412  8.7e-130  423.2  37.7   2   3   4.5e-46   4.9e-46  147.3   1.7    51   184   173   318   157   344 0.83 <unknown description>
146584at5125_1089451_0:001a67|CP052042.1:1668906-1671605|- -            841 146584               -            412  8.7e-130  423.2  37.7   3   3   2.2e-81   2.3e-81  263.7  23.5   184   401   453   692   420   701 0.82 <unknown description>
146584at5125_1147111_0:003535|CP052042.1:1669399-1671395|- -            607 146584               -            412  1.4e-127  415.9  39.6   1   3   2.7e-07   2.9e-07   19.6   0.1    20    58     5    44     1    48 0.85 <unknown description>
146584at5125_1147111_0:003535|CP052042.1:1669399-1671395|- -            607 146584               -            412  1.4e-127  415.9  39.6   2   3   2.8e-46     3e-46  148.0   1.8    51   184   103   248    83   274 0.83 <unknown description>
146584at5125_1147111_0:003535|CP052042.1:1669399-1671395|- -            607 146584               -            412  1.4e-127  415.9  39.6   3   3   2.7e-79   2.9e-79  256.7  25.6   183   385   382   606   349   607 0.83 <unknown description>
146584at5125_29875_0:000776|CP052042.1:1667975-1671470|-   -            727 146584               -            412  1.3e-125  409.4  41.4   1   3   1.3e-07   1.4e-07   20.7   0.1    14    58    24    69     4    73 0.87 <unknown description>
146584at5125_29875_0:000776|CP052042.1:1667975-1671470|-   -            727 146584               -            412  1.3e-125  409.4  41.4   2   3   2.6e-41   2.8e-41  131.6   6.6    51   157   128   242   110   245 0.90 <unknown description>
146584at5125_29875_0:000776|CP052042.1:1667975-1671470|-   -            727 146584               -            412  1.3e-125  409.4  41.4   3   3   1.6e-81   1.7e-81  264.1  23.5   184   401   432   671   399   680 0.82 <unknown description>
146584at5125_1081103_0:001a01|CP052042.1:1669252-1670967|- -            555 146584               -            412  2.3e-110  359.2  37.9   1   2   9.8e-32   1.1e-31  100.1   6.1    74   157     1    92     1    95 0.89 <unknown description>
146584at5125_1081103_0:001a01|CP052042.1:1669252-1670967|- -            555 146584               -            412  2.3e-110  359.2  37.9   2   2   1.1e-81   1.2e-81  264.6  23.8   183   401   281   521   248   530 0.82 <unknown description>
146584at5125_229533_0:000350|CP052042.1:1669070-1670236|-  -            354 146584               -            412   1.3e-82  267.8  23.4   1   1   2.5e-82   2.7e-82  266.7  23.4   183   401    38   278     9   287 0.82 <unknown description>
146584at5125_2773459_0:000276|CP052042.1:1669106-1670617|- -            469 146584               -            412   2.5e-82  266.9  23.4   1   1   5.4e-82   5.8e-82  265.6  23.4   183   401   165   405   131   414 0.82 <unknown description>
146584at5125_858221_0:00093a|CP052042.1:1669103-1669765|-  -            203 146584               -            412     9e-58  186.0  18.6   1   1   8.3e-58     9e-58  186.0  18.6   272   401     1   138     1   147 0.92 <unknown description>
146584at5125_1237075_0:0032c0|CP052042.1:1669876-1671605|- -            535 146584               -            412   1.5e-55  178.6  14.3   1   3   9.6e-08     1e-07   21.1   0.2    14    58    69   114    42   118 0.87 <unknown description>
146584at5125_1237075_0:0032c0|CP052042.1:1669876-1671605|- -            535 146584               -            412   1.5e-55  178.6  14.3   2   3   2.6e-46   2.8e-46  148.1   2.0    51   184   173   318   151   344 0.83 <unknown description>
146584at5125_1237075_0:0032c0|CP052042.1:1669876-1671605|- -            535 146584               -            412   1.5e-55  178.6  14.3   3   3   2.5e-06   2.7e-06   16.4   0.6   183   253   452   534   419   534 0.67 <unknown description>
146584at5125_1195189_0:000521|CP052042.1:1670676-1671467|- -            247 146584               -            412   1.9e-48  155.3  11.0   1   2   2.8e-08     3e-08   22.9   0.1    14    58    23    68     3    72 0.87 <unknown description>
146584at5125_1195189_0:000521|CP052042.1:1670676-1671467|- -            247 146584               -            412   1.9e-48  155.3  11.0   2   2   5.9e-42   6.3e-42  133.8   7.7    50   157   126   241    92   244 0.90 <unknown description>
146584at5125_2824670_0:002486|CP052042.1:1670679-1671104|- -            125 146584               -            412   9.6e-43  136.5   7.6   1   1   9.7e-43   1.1e-42  136.3   7.6    52   157     7   120     1   123 0.89 <unknown description>
146584at5125_62069_0:001630|CP052042.1:1669879-1670967|-   -            363 146584               -            412   3.2e-36  115.0  12.9   1   3   4.9e-32   5.3e-32  101.1   6.1    74   157     1    92     1    95 0.89 <unknown description>
146584at5125_62069_0:001630|CP052042.1:1669879-1670967|-   -            363 146584               -            412   3.2e-36  115.0  12.9   2   3       2.2       2.4   -3.2   0.0   157   182   119   145   117   166 0.65 <unknown description>
146584at5125_62069_0:001630|CP052042.1:1669879-1670967|-   -            363 146584               -            412   3.2e-36  115.0  12.9   3   3   1.1e-06   1.2e-06   17.6   0.4   182   253   280   363   246   363 0.67 <unknown description>
#
# Program:         hmmsearch
# Version:         3.4 (Aug 2023)
# Pipeline mode:   SEARCH
# Query file:      /home/arafat/busco_downloads/lineages/hypocreales_odb12.2/hmms/146584at5125.hmm
# Target file:     /home/arafat/Foxy_SIX_Evolution/results/busco/GCA_013085055.1/run_hypocreales_odb12.2/miniprot_output/translated_proteins/146584at5125.faa
# Option settings: hmmsearch --domtblout /home/arafat/Foxy_SIX_Evolution/results/busco/GCA_013085055.1/run_hypocreales_odb12.2/hmmer_output/146584at5125.out --cpu 1 /home/arafat/busco_downloads/lineages/hypocreales_odb12.2/hmms/146584at5125.hmm /home/arafat/Foxy_SIX_Evolution/results/busco/GCA_013085055.1/run_hypocreales_odb12.2/miniprot_output/translated_proteins/146584at5125.faa 
# Current dir:     /home/arafat/Foxy_SIX_Evolution
# Date:            Thu Sep 24 15:52:14 2026
# [ok]
