#                                                                                                                  --- full sequence --- -------------- this domain -------------   hmm coord   ali coord   env coord
# target name                                              accession   tlen query name           accession   qlen   E-value  score  bias   #  of  c-Evalue  i-Evalue  score  bias  from    to  from    to  from    to  acc description of target
#                                      ------------------- ---------- ----- -------------------- ---------- ----- --------- ------ ----- --- --- --------- --------- ------ ----- ----- ----- ----- ----- ----- ----- ---- ---------------------
146684at5125_1237075_0:000148|CP052038.1:4560907-4562529|+ -            509 146684               -            456  9.2e-226  738.8   0.0   1   1  1.4e-225  1.4e-225  738.2   0.0     1   456     4   488     4   488 0.92 <unknown description>
146684at5125_47278_0:00151f|CP052038.1:4555970-4562529|+   -            622 146684               -            456  1.9e-225  737.8   0.0   1   1  2.9e-225  2.9e-225  737.2   0.0     1   456   117   601   117   601 0.92 <unknown description>
146684at5125_485398_0:0006fb|CP052038.1:4560458-4562529|+  -            623 146684               -            456  1.9e-225  737.7   0.0   1   1  2.9e-225  2.9e-225  737.2   0.0     1   456   118   602   118   602 0.92 <unknown description>
146684at5125_1229664_0:00100c|CP052038.1:4560458-4563658|+ -            772 146684               -            456  3.4e-225  736.9   0.0   1   1  5.7e-225  5.7e-225  736.2   0.0     1   456   118   602   118   602 0.92 <unknown description>
146684at5125_490622_0:001539|CP052038.1:4560919-4563190|+  -            597 146684               -            456  5.4e-225  736.3   0.0   1   1  8.5e-225  8.5e-225  735.6   0.0     2   456     1   484     1   484 0.92 <unknown description>
146684at5125_231269_0:001ce5|CP052038.1:4561293-4562529|+  -            413 146684               -            456  9.2e-168  547.6   0.0   1   1  1.5e-167  1.5e-167  547.0   0.0    93   456     1   392     1   392 0.90 <unknown description>
146684at5125_911162_0:00121f|CP052038.1:4560521-4561743|+  -            340 146684               -            456  7.2e-127  412.8   0.0   1   1  8.4e-127  8.4e-127  412.6   0.0     1   234    97   339    97   340 0.94 <unknown description>
146684at5125_911162_0:001223|CP052038.1:4562130-4562529|+  -            134 146684               -            456   1.3e-58  187.8   0.1   1   1   1.5e-58   1.5e-58  187.6   0.1   348   456     1   113     1   113 0.95 <unknown description>
#
# Program:         hmmsearch
# Version:         3.4 (Aug 2023)
# Pipeline mode:   SEARCH
# Query file:      /home/arafat/busco_downloads/lineages/hypocreales_odb12.2/hmms/146684at5125.hmm
# Target file:     /home/arafat/Foxy_SIX_Evolution/results/busco/GCA_013085055.1/run_hypocreales_odb12.2/miniprot_output/translated_proteins/146684at5125.faa
# Option settings: hmmsearch --domtblout /home/arafat/Foxy_SIX_Evolution/results/busco/GCA_013085055.1/run_hypocreales_odb12.2/hmmer_output/146684at5125.out --cpu 1 /home/arafat/busco_downloads/lineages/hypocreales_odb12.2/hmms/146684at5125.hmm /home/arafat/Foxy_SIX_Evolution/results/busco/GCA_013085055.1/run_hypocreales_odb12.2/miniprot_output/translated_proteins/146684at5125.faa 
# Current dir:     /home/arafat/Foxy_SIX_Evolution
# Date:            Thu Sep 24 15:52:16 2026
# [ok]
