#                                                                                                                  --- full sequence --- -------------- this domain -------------   hmm coord   ali coord   env coord
# target name                                              accession   tlen query name           accession   qlen   E-value  score  bias   #  of  c-Evalue  i-Evalue  score  bias  from    to  from    to  from    to  acc description of target
#                                      ------------------- ---------- ----- -------------------- ---------- ----- --------- ------ ----- --- --- --------- --------- ------ ----- ----- ----- ----- ----- ----- ----- ---- ---------------------
146661at5125_1080343_0:00135c|CP052045.1:1804309-1807575|+ -           1073 146661               -            739         0 1191.9   0.3   1   2         0         0 1191.0   0.0    16   670   136   832   108   871 0.89 <unknown description>
146661at5125_1080343_0:00135c|CP052045.1:1804309-1807575|+ -           1073 146661               -            739         0 1191.9   0.3   2   2       1.6       1.6   -3.1   0.2   676   700   897   921   889   936 0.71 <unknown description>
146661at5125_96318_0:002edd|CP052045.1:1804309-1806813|+   -            819 146661               -            739         0 1183.0   0.0   1   1         0         0 1182.6   0.0    16   657   136   819   108   819 0.91 <unknown description>
146661at5125_98403_0:000966|CP052044.1:1323739-1333423|-   -            990 146661               -            739         0 1146.6   0.0   1   1         0         0 1146.0   0.0    22   731   105   856    69   863 0.90 <unknown description>
146661at5125_2039874_0:00190e|CP052044.1:1330308-1336255|- -           1025 146661               -            739         0 1145.0   0.0   1   2         0         0 1143.8   0.0    22   672   114   800    78   873 0.88 <unknown description>
146661at5125_2039874_0:00190e|CP052044.1:1330308-1336255|- -           1025 146661               -            739         0 1145.0   0.0   2   2      0.54      0.54   -1.6   0.1   678   725   848   895   790   907 0.71 <unknown description>
146661at5125_57161_0:003410|CP052044.1:1330266-1334375|-   -           1352 146661               -            739         0 1133.2   0.0   1   1         0         0 1131.8   0.0    22   669   420  1109   384  1150 0.88 <unknown description>
146661at5125_5507_3:004098|CP052044.1:1330548-1333143|-    -            838 146661               -            739         0 1130.9   0.0   1   2         0         0 1129.7   0.0    31   673     9   694     4   768 0.90 <unknown description>
146661at5125_5507_3:004098|CP052044.1:1330548-1333143|-    -            838 146661               -            739         0 1130.9   0.0   2   2      0.42      0.42   -1.2   0.1   678   725   741   788   683   800 0.71 <unknown description>
146661at5125_660027_0:002953|CP052044.1:1330266-1333527|-  -           1035 146661               -            739         0 1096.3   0.0   1   2         0         0 1091.7   0.0    22   669   127   792    91   839 0.88 <unknown description>
146661at5125_660027_0:002953|CP052044.1:1330266-1333527|-  -           1035 146661               -            739         0 1096.3   0.0   2   2      0.65      0.65   -1.8   0.0   679   725   845   891   814   903 0.70 <unknown description>
146661at5125_426428_0:00487c|CP052045.1:1804429-1815418|+  -            965 146661               -            739         0 1050.6  13.0   1   3    1e-131    1e-131  430.6   4.9    16   246    96   340    69   341 0.87 <unknown description>
146661at5125_426428_0:00487c|CP052045.1:1804429-1815418|+  -            965 146661               -            739         0 1050.6  13.0   2   3  1.1e-190  1.1e-190  625.6   0.0   295   670   342   743   340   782 0.90 <unknown description>
146661at5125_426428_0:00487c|CP052045.1:1804429-1815418|+  -            965 146661               -            739         0 1050.6  13.0   3   3       1.4       1.4   -2.9   0.2   676   700   808   832   800   847 0.71 <unknown description>
146661at5125_96318_0:0041da|CP052045.1:1804972-1807575|+   -            852 146661               -            739  2.5e-304 1001.3   0.0   1   2  5.8e-304  5.8e-304 1000.1   0.0   102   670     1   611     1   651 0.90 <unknown description>
146661at5125_96318_0:0041da|CP052045.1:1804972-1807575|+   -            852 146661               -            739  2.5e-304 1001.3   0.0   2   2       1.1       1.1   -2.6   0.1   676   700   676   700   667   716 0.70 <unknown description>
146661at5125_5507_1:00001c|CP052044.1:1331286-1333527|-    -            649 146661               -            739  7.7e-229  751.7   5.7   1   2  4.5e-116  4.5e-116  378.9   2.5    22   234   139   365   103   366 0.83 <unknown description>
146661at5125_5507_1:00001c|CP052044.1:1331286-1333527|-    -            649 146661               -            739  7.7e-229  751.7   5.7   2   2  3.4e-115  3.4e-115  376.0   0.1   312   582   364   649   364   649 0.90 <unknown description>
146661at5125_2604345_0:00439b|CP052045.1:1804306-1805930|+ -            525 146661               -            739  5.1e-221  725.9   0.3   1   1    7e-221    7e-221  725.4   0.3    16   376   137   515   109   519 0.90 <unknown description>
146661at5125_2604345_0:00439b|CP052044.1:1331914-1333530|- -            522 146661               -            739  6.3e-209  685.9   0.1   1   1  8.5e-209  8.5e-209  685.5   0.1    22   376   140   512   104   517 0.88 <unknown description>
146661at5125_2773459_0:000d46|CP052045.1:1805688-1807575|+ -            630 146661               -            739  9.6e-181  592.7   1.5   1   2  1.1e-180  1.1e-180  592.6   0.1   308   670     1   389     1   430 0.89 <unknown description>
146661at5125_2773459_0:000d46|CP052045.1:1805688-1807575|+ -            630 146661               -            739  9.6e-181  592.7   1.5   2   2      0.72      0.72   -2.0   0.2   676   700   454   478   444   495 0.68 <unknown description>
146661at5125_61374_0:003c5f|CP052044.1:1330266-1332156|-   -            631 146661               -            739  1.2e-174  572.5   0.3   1   2  3.7e-174  3.7e-174  571.0   0.0   308   672     1   392     1   441 0.88 <unknown description>
146661at5125_61374_0:003c5f|CP052044.1:1330266-1332156|-   -            631 146661               -            739  1.2e-174  572.5   0.3   2   2      0.33      0.33   -0.8   0.0   679   727   441   489   413   500 0.70 <unknown description>
146661at5125_1089449_0:00437c|CP052044.1:1332242-1333527|- -            400 146661               -            739  5.6e-126  411.7   1.7   1   1  7.6e-126  7.6e-126  411.2   1.7    22   247   128   378   103   385 0.83 <unknown description>
146661at5125_2885761_0:002044|CP052045.1:1804309-1805380|+ -            358 146661               -            739  2.9e-118  386.1   5.2   1   1  3.7e-118  3.7e-118  385.8   5.2    16   223   136   357   107   357 0.86 <unknown description>
146661at5125_1089452_0:00451a|CP052045.1:1806240-1807260|+ -            341 146661               -            739   1.1e-91  298.3   0.3   1   2   1.1e-91   1.1e-91  298.3   0.3   480   671     1   206     1   249 0.85 <unknown description>
146661at5125_1089452_0:00451a|CP052045.1:1806240-1807260|+ -            341 146661               -            739   1.1e-91  298.3   0.3   2   2      0.28      0.28   -0.6   0.1   676   700   270   294   257   313 0.66 <unknown description>
146661at5125_660025_0:0040d5|CP052044.1:1332535-1333527|-  -            331 146661               -            739     5e-91  296.1   7.4   1   1   6.4e-91   6.4e-91  295.8   7.4    22   200   128   331   103   331 0.81 <unknown description>
146661at5125_1089452_0:00451a|CP052044.1:1330587-1331604|- -            340 146661               -            739   2.3e-88  287.3   0.9   1   2   2.3e-88   2.3e-88  287.3   0.9   480   672     1   208     1   251 0.84 <unknown description>
146661at5125_1089452_0:00451a|CP052044.1:1330587-1331604|- -            340 146661               -            739   2.3e-88  287.3   0.9   2   2      0.15      0.15    0.3   0.1   679   727   257   305   232   316 0.70 <unknown description>
146661at5125_29856_0:00147d|CP052048.1:647135-648623|+     -            383 146661               -            739   1.1e-39  126.3   8.2   1   3   1.1e-17   1.1e-17   53.6   3.8    53   126     7    81     1    87 0.78 <unknown description>
146661at5125_29856_0:00147d|CP052048.1:647135-648623|+     -            383 146661               -            739   1.1e-39  126.3   8.2   2   3   4.7e-13   4.7e-13   38.3   0.2   196   292   102   197    89   200 0.82 <unknown description>
146661at5125_29856_0:00147d|CP052048.1:647135-648623|+     -            383 146661               -            739   1.1e-39  126.3   8.2   3   3   4.5e-12   4.5e-12   35.1   0.0   394   466   302   376   279   382 0.84 <unknown description>
#
# Program:         hmmsearch
# Version:         3.4 (Aug 2023)
# Pipeline mode:   SEARCH
# Query file:      /home/arafat/busco_downloads/lineages/hypocreales_odb12.2/hmms/146661at5125.hmm
# Target file:     /home/arafat/Foxy_SIX_Evolution/results/busco/GCA_013085055.1/run_hypocreales_odb12.2/miniprot_output/translated_proteins/146661at5125.faa
# Option settings: hmmsearch --domtblout /home/arafat/Foxy_SIX_Evolution/results/busco/GCA_013085055.1/run_hypocreales_odb12.2/hmmer_output/146661at5125.out --cpu 1 /home/arafat/busco_downloads/lineages/hypocreales_odb12.2/hmms/146661at5125.hmm /home/arafat/Foxy_SIX_Evolution/results/busco/GCA_013085055.1/run_hypocreales_odb12.2/miniprot_output/translated_proteins/146661at5125.faa 
# Current dir:     /home/arafat/Foxy_SIX_Evolution
# Date:            Thu Sep 24 15:52:16 2026
# [ok]
