#                                                                                                                  --- full sequence --- -------------- this domain -------------   hmm coord   ali coord   env coord
# target name                                              accession   tlen query name           accession   qlen   E-value  score  bias   #  of  c-Evalue  i-Evalue  score  bias  from    to  from    to  from    to  acc description of target
#                                      ------------------- ---------- ----- -------------------- ---------- ----- --------- ------ ----- --- --- --------- --------- ------ ----- ----- ----- ----- ----- ----- ----- ---- ---------------------
146869at5125_2364996_0:0026a5|CP052045.1:1367814-1369921|+ -            487 146869               -            229  7.9e-151  489.3   1.4   1   1  1.1e-150  1.1e-150  488.8   1.4     1   229   258   486   258   486 1.00 <unknown description>
146869at5125_44412_0:0003fe|CP052045.1:1368960-1370235|+   -            257 146869               -            229  1.6e-150  488.3   1.3   1   1  1.8e-150  1.8e-150  488.1   1.3     1   228     1   228     1   229 0.99 <unknown description>
146869at5125_1247861_0:000a70|CP052045.1:1368960-1376027|+ -            666 146869               -            229  1.7e-150  488.2   1.5   1   1  2.5e-150  2.5e-150  487.6   1.5     1   229     1   229     1   229 1.00 <unknown description>
146869at5125_48865_0:000c1e|CP052045.1:1369003-1369921|+   -            237 146869               -            229  3.7e-146  474.0   1.1   1   1  4.4e-146  4.4e-146  473.7   1.1     9   229    16   236    10   236 0.99 <unknown description>
146869at5125_5544_1:0014e9|CP052045.1:1369305-1369921|+    -            188 146869               -            229  7.8e-127  410.8   1.5   1   1  8.6e-127  8.6e-127  410.6   1.5    44   229     2   187     1   187 0.99 <unknown description>
146869at5125_117187_0:002351|CP052045.1:1368960-1369569|+  -            131 146869               -            229     8e-74  237.3   0.2   1   1   9.4e-74   9.4e-74  237.1   0.2     1   125     1   125     1   129 0.98 <unknown description>
146869at5125_117187_0:002410|CP052045.1:1369759-1369921|+  -             55 146869               -            229   3.4e-34  107.6   0.1   1   1   3.7e-34   3.7e-34  107.5   0.1   176   229     1    54     1    54 0.99 <unknown description>
#
# Program:         hmmsearch
# Version:         3.4 (Aug 2023)
# Pipeline mode:   SEARCH
# Query file:      /home/arafat/busco_downloads/lineages/hypocreales_odb12.2/hmms/146869at5125.hmm
# Target file:     /home/arafat/Foxy_SIX_Evolution/results/busco/GCA_013085055.1/run_hypocreales_odb12.2/miniprot_output/translated_proteins/146869at5125.faa
# Option settings: hmmsearch --domtblout /home/arafat/Foxy_SIX_Evolution/results/busco/GCA_013085055.1/run_hypocreales_odb12.2/hmmer_output/146869at5125.out --cpu 1 /home/arafat/busco_downloads/lineages/hypocreales_odb12.2/hmms/146869at5125.hmm /home/arafat/Foxy_SIX_Evolution/results/busco/GCA_013085055.1/run_hypocreales_odb12.2/miniprot_output/translated_proteins/146869at5125.faa 
# Current dir:     /home/arafat/Foxy_SIX_Evolution
# Date:            Thu Sep 24 15:52:19 2026
# [ok]
