#                                                                                                                  --- full sequence --- -------------- this domain -------------   hmm coord   ali coord   env coord
# target name                                              accession   tlen query name           accession   qlen   E-value  score  bias   #  of  c-Evalue  i-Evalue  score  bias  from    to  from    to  from    to  acc description of target
#                                      ------------------- ---------- ----- -------------------- ---------- ----- --------- ------ ----- --- --- --------- --------- ------ ----- ----- ----- ----- ----- ----- ----- ---- ---------------------
146835at5125_1080343_0:00017e|CP052041.1:2726041-2728005|- -            604 146835               -            577         0 1038.4   0.0   1   1         0         0 1038.2   0.0     2   577     5   603     4   603 0.95 <unknown description>
146835at5125_42673_0:0012d9|CP052041.1:2726041-2727597|-   -            502 146835               -            577  2.2e-250  820.8   0.0   1   1  2.7e-250  2.7e-250  820.5   0.0   103   577     4   501     2   501 0.94 <unknown description>
146835at5125_2692428_0:00295d|CP052041.1:2726947-2728005|- -            302 146835               -            577  1.3e-156  511.2   0.0   1   1  1.5e-156  1.5e-156  511.0   0.0     2   288     5   298     4   302 0.96 <unknown description>
146835at5125_2692428_0:002a6d|CP052041.1:2726103-2726878|- -            221 146835               -            577   2.1e-98  319.0   0.1   1   1   2.6e-98   2.6e-98  318.7   0.1   313   486     1   180     1   182 0.96 <unknown description>
146835at5125_468837_0:001085|CP052041.1:2727477-2728002|-  -            142 146835               -            577   2.1e-84  272.8   0.0   1   1   2.4e-84   2.4e-84  272.6   0.0     2   136     4   138     3   141 0.99 <unknown description>
146835at5125_62069_0:0001ae|CP052041.1:2727636-2728005|-   -            107 146835               -            577   1.6e-62  200.6   0.0   1   1   1.7e-62   1.7e-62  200.4   0.0     2   103     5   106     4   107 0.99 <unknown description>
146835at5125_911162_0:000cd0|CP052041.1:2726041-2726449|-  -            137 146835               -            577   1.3e-58  187.7   0.0   1   1   1.4e-58   1.4e-58  187.5   0.0   453   577     1   136     1   136 0.90 <unknown description>
#
# Program:         hmmsearch
# Version:         3.4 (Aug 2023)
# Pipeline mode:   SEARCH
# Query file:      /home/arafat/busco_downloads/lineages/hypocreales_odb12.2/hmms/146835at5125.hmm
# Target file:     /home/arafat/Foxy_SIX_Evolution/results/busco/GCA_013085055.1/run_hypocreales_odb12.2/miniprot_output/translated_proteins/146835at5125.faa
# Option settings: hmmsearch --domtblout /home/arafat/Foxy_SIX_Evolution/results/busco/GCA_013085055.1/run_hypocreales_odb12.2/hmmer_output/146835at5125.out --cpu 1 /home/arafat/busco_downloads/lineages/hypocreales_odb12.2/hmms/146835at5125.hmm /home/arafat/Foxy_SIX_Evolution/results/busco/GCA_013085055.1/run_hypocreales_odb12.2/miniprot_output/translated_proteins/146835at5125.faa 
# Current dir:     /home/arafat/Foxy_SIX_Evolution
# Date:            Thu Sep 24 15:52:18 2026
# [ok]
