#                                                                                                                  --- full sequence --- -------------- this domain -------------   hmm coord   ali coord   env coord
# target name                                              accession   tlen query name           accession   qlen   E-value  score  bias   #  of  c-Evalue  i-Evalue  score  bias  from    to  from    to  from    to  acc description of target
#                                      ------------------- ---------- ----- -------------------- ---------- ----- --------- ------ ----- --- --- --------- --------- ------ ----- ----- ----- ----- ----- ----- ----- ---- ---------------------
147089at5125_5507_0:0037ef|CP052045.1:2478475-2479903|-    -            425 147089               -            415  2.4e-285  934.4   4.0   1   1  3.2e-285  3.2e-285  934.0   4.0     1   415     1   424     1   424 0.99 <unknown description>
147089at5125_42672_0:00314d|CP052045.1:2478475-2480479|-   -            597 147089               -            415  8.2e-285  932.6   4.0   1   1  1.1e-284  1.1e-284  932.3   4.0     1   415   173   596   173   596 0.99 <unknown description>
147089at5125_1567539_0:003102|CP052045.1:2478475-2479429|- -            319 147089               -            415  6.2e-228  745.3   1.6   1   1  6.9e-228  6.9e-228  745.1   1.6    98   415     1   318     1   318 1.00 <unknown description>
147089at5125_92637_0:002ab0|CP052045.1:2478889-2479903|-   -            284 147089               -            415    1e-188  616.1   0.6   1   1  1.1e-188  1.1e-188  615.9   0.6     1   278     1   284     1   284 0.99 <unknown description>
147089at5125_1331945_0:0009d9|CP052045.1:2478475-2479099|- -            209 147089               -            415  1.8e-146  476.9   3.8   1   1    2e-146    2e-146  476.8   3.8   208   415     1   208     1   208 1.00 <unknown description>
147089at5125_93591_0:001308|CP052045.1:2479249-2479903|-   -            164 147089               -            415   5.5e-98  317.2   0.6   1   1   6.3e-98   6.3e-98  317.0   0.6     1   158     1   164     1   164 0.98 <unknown description>
147089at5125_2004951_0:00089b|CP052045.1:2479494-2479903|- -            100 147089               -            415   6.9e-59  188.4   0.6   1   1   7.5e-59   7.5e-59  188.3   0.6     1    99     1    99     1   100 0.99 <unknown description>
#
# Program:         hmmsearch
# Version:         3.4 (Aug 2023)
# Pipeline mode:   SEARCH
# Query file:      /home/arafat/busco_downloads/lineages/hypocreales_odb12.2/hmms/147089at5125.hmm
# Target file:     /home/arafat/Foxy_SIX_Evolution/results/busco/GCA_013085055.1/run_hypocreales_odb12.2/miniprot_output/translated_proteins/147089at5125.faa
# Option settings: hmmsearch --domtblout /home/arafat/Foxy_SIX_Evolution/results/busco/GCA_013085055.1/run_hypocreales_odb12.2/hmmer_output/147089at5125.out --cpu 1 /home/arafat/busco_downloads/lineages/hypocreales_odb12.2/hmms/147089at5125.hmm /home/arafat/Foxy_SIX_Evolution/results/busco/GCA_013085055.1/run_hypocreales_odb12.2/miniprot_output/translated_proteins/147089at5125.faa 
# Current dir:     /home/arafat/Foxy_SIX_Evolution
# Date:            Thu Sep 24 15:52:24 2026
# [ok]
