#                                                                                                                  --- full sequence --- -------------- this domain -------------   hmm coord   ali coord   env coord
# target name                                              accession   tlen query name           accession   qlen   E-value  score  bias   #  of  c-Evalue  i-Evalue  score  bias  from    to  from    to  from    to  acc description of target
#                                      ------------------- ---------- ----- -------------------- ---------- ----- --------- ------ ----- --- --- --------- --------- ------ ----- ----- ----- ----- ----- ----- ----- ---- ---------------------
147139at5125_1349383_0:0005d2|CP052038.1:3729727-3731872|- -            534 147139               -            516         0 1136.3   1.1   1   1         0         0 1136.1   1.1     6   516    21   533    15   533 0.99 <unknown description>
147139at5125_1080344_0:00055d|CP052038.1:3729561-3732347|- -            690 147139               -            516  6.8e-299  980.9   1.5   1   1  9.3e-299  9.3e-299  980.5   1.5     6   443   105   544    99   550 0.99 <unknown description>
147139at5125_57161_0:0039ae|CP052038.1:3729727-3730868|-   -            286 147139               -            516  3.5e-192  628.9   0.1   1   1  3.9e-192  3.9e-192  628.7   0.1   232   516     1   285     1   285 1.00 <unknown description>
147139at5125_229533_0:000eca|CP052038.1:3730216-3732199|-  -            391 147139               -            516  1.6e-188  616.8   1.2   1   1  2.1e-188  2.1e-188  616.4   1.2     6   290    55   341    49   349 0.98 <unknown description>
147139at5125_2502994_0:0031dc|CP052038.1:3729727-3730604|- -            258 147139               -            516  1.8e-173  567.1   0.0   1   1  2.1e-173  2.1e-173  566.9   0.0   260   516     1   257     1   257 1.00 <unknown description>
147139at5125_5127_0:002ee5|CP052038.1:3730760-3732152|-    -            304 147139               -            516  3.5e-169  553.0   2.5   1   1  4.4e-169  4.4e-169  552.6   2.5     6   263    40   299    34   302 0.98 <unknown description>
147139at5125_1399860_1:001c94|CP052038.1:3730793-3731824|- -            258 147139               -            516  2.4e-166  543.6   3.3   1   1  2.6e-166  2.6e-166  543.5   3.3     6   257     5   258     1   258 0.98 <unknown description>
147139at5125_694270_0:002c74|CP052038.1:3729727-3730388|-  -            186 147139               -            516  4.5e-122  397.6   0.2   1   1  4.9e-122  4.9e-122  397.4   0.2   332   516     1   185     1   185 1.00 <unknown description>
147139at5125_58853_0:000f8c|CP052038.1:3730775-3731150|-   -            126 147139               -            516   2.3e-82  266.5   0.1   1   1   2.6e-82   2.6e-82  266.4   0.1   138   262     1   125     1   126 0.99 <unknown description>
147139at5125_58853_0:00102a|CP052038.1:3729727-3730208|-   -            126 147139               -            516   2.2e-78  253.4   0.1   1   1   2.4e-78   2.4e-78  253.3   0.1   392   516     1   125     1   125 0.99 <unknown description>
147139at5125_42673_0:001ade|CP052038.1:3729727-3729937|-   -             71 147139               -            516   6.7e-40  126.4   0.0   1   1   7.3e-40   7.3e-40  126.3   0.0   447   516     1    70     1    70 0.99 <unknown description>
#
# Program:         hmmsearch
# Version:         3.4 (Aug 2023)
# Pipeline mode:   SEARCH
# Query file:      /home/arafat/busco_downloads/lineages/hypocreales_odb12.2/hmms/147139at5125.hmm
# Target file:     /home/arafat/Foxy_SIX_Evolution/results/busco/GCA_013085055.1/run_hypocreales_odb12.2/miniprot_output/translated_proteins/147139at5125.faa
# Option settings: hmmsearch --domtblout /home/arafat/Foxy_SIX_Evolution/results/busco/GCA_013085055.1/run_hypocreales_odb12.2/hmmer_output/147139at5125.out --cpu 1 /home/arafat/busco_downloads/lineages/hypocreales_odb12.2/hmms/147139at5125.hmm /home/arafat/Foxy_SIX_Evolution/results/busco/GCA_013085055.1/run_hypocreales_odb12.2/miniprot_output/translated_proteins/147139at5125.faa 
# Current dir:     /home/arafat/Foxy_SIX_Evolution
# Date:            Thu Sep 24 15:52:25 2026
# [ok]
