#                                                                                                                  --- full sequence --- -------------- this domain -------------   hmm coord   ali coord   env coord
# target name                                              accession   tlen query name           accession   qlen   E-value  score  bias   #  of  c-Evalue  i-Evalue  score  bias  from    to  from    to  from    to  acc description of target
#                                      ------------------- ---------- ----- -------------------- ---------- ----- --------- ------ ----- --- --- --------- --------- ------ ----- ----- ----- ----- ----- ----- ----- ---- ---------------------
147122at5125_96317_0:004021|CP052043.1:2918238-2922109|-   -           1237 147122               -           1015         0 1569.9  64.1   1   4   4.1e-05   4.1e-05   10.7   0.4     2    40     9    47     8    54 0.83 <unknown description>
147122at5125_96317_0:004021|CP052043.1:2918238-2922109|-   -           1237 147122               -           1015         0 1569.9  64.1   2   4         0         0 1061.3   1.7    23   520    65   569    41   581 0.93 <unknown description>
147122at5125_96317_0:004021|CP052043.1:2918238-2922109|-   -           1237 147122               -           1015         0 1569.9  64.1   3   4   5.7e-63   5.7e-63  202.2  23.2   509   790   582   933   570   954 0.72 <unknown description>
147122at5125_96317_0:004021|CP052043.1:2918238-2922109|-   -           1237 147122               -           1015         0 1569.9  64.1   4   4   8.6e-93   8.6e-93  300.9  19.7   786  1015   961  1236   939  1236 0.79 <unknown description>
147122at5125_45235_0:000576|CP052043.1:2913334-2922109|-   -           1880 147122               -           1015         0 1560.1  65.5   1   4   5.7e-05   5.7e-05   10.2   0.3     2    41     9    48     8    60 0.84 <unknown description>
147122at5125_45235_0:000576|CP052043.1:2913334-2922109|-   -           1880 147122               -           1015         0 1560.1  65.5   2   4         0         0 1249.2  31.2    23   789    65   932    41   947 0.83 <unknown description>
147122at5125_45235_0:000576|CP052043.1:2913334-2922109|-   -           1880 147122               -           1015         0 1560.1  65.5   3   4   1.9e-09   1.9e-09   25.1   8.5   786   855   961  1041   942  1045 0.71 <unknown description>
147122at5125_45235_0:000576|CP052043.1:2913334-2922109|-   -           1880 147122               -           1015         0 1560.1  65.5   4   4   1.6e-85   1.6e-85  276.9   5.2   854  1015  1077  1256  1065  1256 0.89 <unknown description>
147122at5125_93591_0:001bab|CP052043.1:2919720-2921701|-   -            627 147122               -           1015         0 1036.8  19.6   1   1         0         0 1025.1  19.6    96   651     2   626     1   627 0.85 <unknown description>
147122at5125_2773459_0:001a46|CP052043.1:2920702-2922109|- -            454 147122               -           1015  4.9e-268  881.1   4.3   1   2   1.2e-05   1.2e-05   12.5   0.4     2    41     9    48     8    57 0.83 <unknown description>
147122at5125_2773459_0:001a46|CP052043.1:2920702-2922109|- -            454 147122               -           1015  4.9e-268  881.1   4.3   2   2  6.3e-265  6.3e-265  870.8   0.7    23   408    65   453    41   453 0.95 <unknown description>
147122at5125_2773459_0:003329|CP052043.1:2918238-2920647|- -            784 147122               -           1015  8.2e-204  668.5  61.8   1   2  5.9e-109  5.9e-109  354.5  32.5   409   790     1   480     1   499 0.72 <unknown description>
147122at5125_2773459_0:003329|CP052043.1:2918238-2920647|- -            784 147122               -           1015  8.2e-204  668.5  61.8   2   2   1.3e-92   1.3e-92  300.4  21.2   786  1015   508   783   496   783 0.78 <unknown description>
147122at5125_150374_0:001630|CP052043.1:2920702-2921512|-  -            255 147122               -           1015  4.1e-183  599.9   2.0   1   1  4.6e-183  4.6e-183  599.8   2.0   157   408     1   254     1   254 0.99 <unknown description>
147122at5125_48485_0:0039ab|CP052043.1:2921212-2922109|-   -            284 147122               -           1015  1.9e-150  491.8   1.6   1   2   6.6e-06   6.6e-06   13.3   0.4     2    40     9    47     8    54 0.83 <unknown description>
147122at5125_48485_0:0039ab|CP052043.1:2921212-2922109|-   -            284 147122               -           1015  1.9e-150  491.8   1.6   2   2  1.9e-146  1.9e-146  478.6   0.1    23   241    65   284    41   284 0.92 <unknown description>
147122at5125_93591_0:000521|CP052043.1:2918238-2919714|-   -            473 147122               -           1015  4.2e-120  391.4  42.9   1   2   2.5e-29   2.5e-29   90.9  11.2   668   790    41   169     3   194 0.80 <unknown description>
147122at5125_93591_0:000521|CP052043.1:2918238-2919714|-   -            473 147122               -           1015  4.2e-120  391.4  42.9   2   2   1.9e-92   1.9e-92  299.8  23.6   786  1015   197   472   185   472 0.78 <unknown description>
#
# Program:         hmmsearch
# Version:         3.4 (Aug 2023)
# Pipeline mode:   SEARCH
# Query file:      /home/arafat/busco_downloads/lineages/hypocreales_odb12.2/hmms/147122at5125.hmm
# Target file:     /home/arafat/Foxy_SIX_Evolution/results/busco/GCA_013085055.1/run_hypocreales_odb12.2/miniprot_output/translated_proteins/147122at5125.faa
# Option settings: hmmsearch --domtblout /home/arafat/Foxy_SIX_Evolution/results/busco/GCA_013085055.1/run_hypocreales_odb12.2/hmmer_output/147122at5125.out --cpu 1 /home/arafat/busco_downloads/lineages/hypocreales_odb12.2/hmms/147122at5125.hmm /home/arafat/Foxy_SIX_Evolution/results/busco/GCA_013085055.1/run_hypocreales_odb12.2/miniprot_output/translated_proteins/147122at5125.faa 
# Current dir:     /home/arafat/Foxy_SIX_Evolution
# Date:            Thu Sep 24 15:52:25 2026
# [ok]
