#                                                                                                                  --- full sequence --- -------------- this domain -------------   hmm coord   ali coord   env coord
# target name                                              accession   tlen query name           accession   qlen   E-value  score  bias   #  of  c-Evalue  i-Evalue  score  bias  from    to  from    to  from    to  acc description of target
#                                      ------------------- ---------- ----- -------------------- ---------- ----- --------- ------ ----- --- --- --------- --------- ------ ----- ----- ----- ----- ----- ----- ----- ---- ---------------------
147292at5125_5544_2:000f4d|CP052038.1:3192792-3201693|-    -            730 147292               -            559         0 1060.2   5.0   1   1         0         0 1059.9   5.0     1   558   112   680   112   681 0.97 <unknown description>
147292at5125_2714763_0:0013bf|CP052038.1:3188680-3195055|- -            749 147292               -            559         0 1060.1   5.0   1   1         0         0 1059.8   5.0     1   558    43   611    43   612 0.97 <unknown description>
147292at5125_72712_0:001a65|CP052038.1:3192867-3195055|-   -            658 147292               -            559  1.6e-304  999.5   6.3   1   1  2.2e-304  2.2e-304  999.1   6.3    22   558    78   633    75   634 0.96 <unknown description>
147292at5125_1399860_1:001b3d|CP052038.1:3192915-3194499|- -            492 147292               -            559  6.8e-264  865.4   3.7   1   1  8.3e-264  8.3e-264  865.1   3.7    96   558    14   483     8   484 0.97 <unknown description>
147292at5125_1435070_0:0016ac|CP052038.1:3193248-3194575|- -            405 147292               -            559  2.3e-243  797.7   7.2   1   1  2.5e-243  2.5e-243  797.5   7.2    59   459     1   405     1   405 0.98 <unknown description>
147292at5125_100902_0:0045f6|CP052038.1:3193778-3195055|-  -            352 147292               -            559  1.3e-181  593.8   5.2   1   1  1.5e-181  1.5e-181  593.6   5.2     1   302    43   348    43   350 0.98 <unknown description>
147292at5125_2773459_0:001129|CP052038.1:3193802-3194782|- -            309 147292               -            559  7.6e-166  541.7   5.6   1   1  9.3e-166  9.3e-166  541.5   5.6    22   297    29   308    26   309 0.98 <unknown description>
147292at5125_1042133_0:000264|CP052038.1:3193802-3194575|- -            240 147292               -            559  9.9e-146  475.3   3.4   1   1  1.1e-145  1.1e-145  475.2   3.4    59   297     1   239     1   240 1.00 <unknown description>
147292at5125_100902_0:00485c|CP052038.1:3192867-3193734|-  -            290 147292               -            559  8.3e-137  445.9   0.1   1   1  9.5e-137  9.5e-137  445.7   0.1   301   558     1   265     1   266 0.95 <unknown description>
#
# Program:         hmmsearch
# Version:         3.4 (Aug 2023)
# Pipeline mode:   SEARCH
# Query file:      /home/arafat/busco_downloads/lineages/hypocreales_odb12.2/hmms/147292at5125.hmm
# Target file:     /home/arafat/Foxy_SIX_Evolution/results/busco/GCA_013085055.1/run_hypocreales_odb12.2/miniprot_output/translated_proteins/147292at5125.faa
# Option settings: hmmsearch --domtblout /home/arafat/Foxy_SIX_Evolution/results/busco/GCA_013085055.1/run_hypocreales_odb12.2/hmmer_output/147292at5125.out --cpu 1 /home/arafat/busco_downloads/lineages/hypocreales_odb12.2/hmms/147292at5125.hmm /home/arafat/Foxy_SIX_Evolution/results/busco/GCA_013085055.1/run_hypocreales_odb12.2/miniprot_output/translated_proteins/147292at5125.faa 
# Current dir:     /home/arafat/Foxy_SIX_Evolution
# Date:            Thu Sep 24 15:52:26 2026
# [ok]
