#                                                                                                                  --- full sequence --- -------------- this domain -------------   hmm coord   ali coord   env coord
# target name                                              accession   tlen query name           accession   qlen   E-value  score  bias   #  of  c-Evalue  i-Evalue  score  bias  from    to  from    to  from    to  acc description of target
#                                      ------------------- ---------- ----- -------------------- ---------- ----- --------- ------ ----- --- --- --------- --------- ------ ----- ----- ----- ----- ----- ----- ----- ---- ---------------------
147480at5125_1080343_0:000196|CP052041.1:2607849-2609283|- -            479 147480               -            467    7e-226  739.4   6.9   1   2     5e-50     5e-50  159.6   1.4     1    95     1    95     1   103 0.90 <unknown description>
147480at5125_1080343_0:000196|CP052041.1:2607849-2609283|- -            479 147480               -            467    7e-226  739.4   6.9   2   2  1.2e-178  1.2e-178  583.7   0.5    83   466   103   477    95   478 0.95 <unknown description>
147480at5125_1331945_0:000433|CP052041.1:2606809-2609283|- -            662 147480               -            467  2.9e-222  727.5  10.1   1   2     8e-50     8e-50  158.9   1.3     1    95     1    95     1   103 0.90 <unknown description>
147480at5125_1331945_0:000433|CP052041.1:2606809-2609283|- -            662 147480               -            467  2.9e-222  727.5  10.1   2   2  1.5e-175  1.5e-175  573.5   2.2    83   448   103   461    95   471 0.96 <unknown description>
147480at5125_2885761_0:000d49|CP052041.1:2606097-2609283|- -            875 147480               -            467  4.2e-222  726.9  16.7   1   2  9.1e-222  9.1e-222  725.8   6.8     1   464     1   476     1   480 0.94 <unknown description>
147480at5125_2885761_0:000d49|CP052041.1:2606097-2609283|- -            875 147480               -            467  4.2e-222  726.9  16.7   2   2       1.7       1.7   -3.7   2.3   343   343   711   711   586   836 0.58 <unknown description>
147480at5125_660027_0:001904|CP052041.1:2604065-2609283|-  -           1513 147480               -            467  5.5e-221  723.3   7.0   1   3  5.5e-221  5.5e-221  723.3   7.0     1   459     1   471     1   481 0.94 <unknown description>
147480at5125_660027_0:001904|CP052041.1:2604065-2609283|-  -           1513 147480               -            467  5.5e-221  723.3   7.0   2   3      0.76      0.76   -2.6   2.7   311   373  1002  1060   986  1097 0.51 <unknown description>
147480at5125_660027_0:001904|CP052041.1:2604065-2609283|-  -           1513 147480               -            467  5.5e-221  723.3   7.0   3   3      0.51      0.51   -2.0   1.2   309   382  1125  1201  1088  1264 0.55 <unknown description>
147480at5125_268505_0:000b5f|CP052041.1:2608182-2609283|-  -            368 147480               -            467  1.7e-191  626.0  13.9   1   2   3.3e-50   3.3e-50  160.2   1.4     1    95     1    95     1   103 0.90 <unknown description>
147480at5125_268505_0:000b5f|CP052041.1:2608182-2609283|-  -            368 147480               -            467  1.7e-191  626.0  13.9   2   2  1.2e-144  1.2e-144  471.5   5.6    83   341   103   364    95   368 0.97 <unknown description>
147480at5125_452589_0:000cfa|CP052041.1:2608422-2609283|-  -            288 147480               -            467  7.2e-165  538.2  12.5   1   2     2e-50     2e-50  160.9   1.4     1    95     1    95     1   103 0.90 <unknown description>
147480at5125_452589_0:000cfa|CP052041.1:2608422-2609283|-  -            288 147480               -            467  7.2e-165  538.2  12.5   2   2  8.6e-118  8.6e-118  383.0   4.3    83   267   103   288    95   288 0.97 <unknown description>
147480at5125_911162_0:00154e|CP052041.1:2607855-2608785|-  -            311 147480               -            467  3.6e-144  470.0   0.1   1   1  3.9e-144  3.9e-144  469.9   0.1   146   463     1   309     1   311 0.96 <unknown description>
#
# Program:         hmmsearch
# Version:         3.4 (Aug 2023)
# Pipeline mode:   SEARCH
# Query file:      /home/arafat/busco_downloads/lineages/hypocreales_odb12.2/hmms/147480at5125.hmm
# Target file:     /home/arafat/Foxy_SIX_Evolution/results/busco/GCA_013085055.1/run_hypocreales_odb12.2/miniprot_output/translated_proteins/147480at5125.faa
# Option settings: hmmsearch --domtblout /home/arafat/Foxy_SIX_Evolution/results/busco/GCA_013085055.1/run_hypocreales_odb12.2/hmmer_output/147480at5125.out --cpu 1 /home/arafat/busco_downloads/lineages/hypocreales_odb12.2/hmms/147480at5125.hmm /home/arafat/Foxy_SIX_Evolution/results/busco/GCA_013085055.1/run_hypocreales_odb12.2/miniprot_output/translated_proteins/147480at5125.faa 
# Current dir:     /home/arafat/Foxy_SIX_Evolution
# Date:            Thu Sep 24 15:52:32 2026
# [ok]
