#                                                                                                                  --- full sequence --- -------------- this domain -------------   hmm coord   ali coord   env coord
# target name                                              accession   tlen query name           accession   qlen   E-value  score  bias   #  of  c-Evalue  i-Evalue  score  bias  from    to  from    to  from    to  acc description of target
#                                      ------------------- ---------- ----- -------------------- ---------- ----- --------- ------ ----- --- --- --------- --------- ------ ----- ----- ----- ----- ----- ----- ----- ---- ---------------------
147798at5125_1080343_0:0005bc|CP052041.1:2029501-2033495|- -           1293 147798               -           1041         0 1641.4  15.3   1   4   1.4e-18   1.4e-18   54.6   0.1     4    53    17    63    14    80 0.88 <unknown description>
147798at5125_1080343_0:0005bc|CP052041.1:2029501-2033495|- -           1293 147798               -           1041         0 1641.4  15.3   2   4   3.4e-12   3.4e-12   33.5   0.0    43    99   113   172   104   195 0.81 <unknown description>
147798at5125_1080343_0:0005bc|CP052041.1:2029501-2033495|- -           1293 147798               -           1041         0 1641.4  15.3   3   4   3.2e-21   3.2e-21   63.3   0.5    92   174   216   298   194   349 0.67 <unknown description>
147798at5125_1080343_0:0005bc|CP052041.1:2029501-2033495|- -           1293 147798               -           1041         0 1641.4  15.3   4   4         0         0 1487.7   6.6   174  1041   355  1292   313  1292 0.84 <unknown description>
147798at5125_1380566_0:000836|CP052041.1:2029501-2036021|- -           1307 147798               -           1041         0 1640.4  15.2   1   4   2.6e-18   2.6e-18   53.7   0.1     4    53    31    77    28    94 0.88 <unknown description>
147798at5125_1380566_0:000836|CP052041.1:2029501-2036021|- -           1307 147798               -           1041         0 1640.4  15.2   2   4   3.4e-12   3.4e-12   33.5   0.0    43    99   127   186   118   209 0.81 <unknown description>
147798at5125_1380566_0:000836|CP052041.1:2029501-2036021|- -           1307 147798               -           1041         0 1640.4  15.2   3   4   3.3e-21   3.3e-21   63.3   0.5    92   174   230   312   208   363 0.67 <unknown description>
147798at5125_1380566_0:000836|CP052041.1:2029501-2036021|- -           1307 147798               -           1041         0 1640.4  15.2   4   4         0         0 1487.7   6.5   174  1041   369  1306   327  1306 0.84 <unknown description>
147798at5125_334819_0:00095d|CP052041.1:2029501-2032238|-  -            894 147798               -           1041         0 1492.5   0.3   1   1         0         0 1491.6   0.3   240  1041    50   893    15   893 0.92 <unknown description>
147798at5125_117187_0:00087a|CP052041.1:2029501-2031299|-  -            581 147798               -           1041         0 1171.9   0.1   1   1         0         0 1171.6   0.1   486  1041    13   580     6   580 0.97 <unknown description>
147798at5125_2773459_0:002cee|CP052041.1:2029501-2030683|- -            395 147798               -           1041  7.5e-255  836.8   0.1   1   1  8.4e-255  8.4e-255  836.7   0.1   659  1041     1   394     1   394 0.96 <unknown description>
147798at5125_2773459_0:002cea|CP052041.1:2031136-2033495|- -            577 147798               -           1041  1.1e-113  369.5  14.5   1   3   1.2e-42   1.2e-42  134.3   1.0     4   174    17   192    14   242 0.70 <unknown description>
147798at5125_2773459_0:002cea|CP052041.1:2031136-2033495|- -            577 147798               -           1041  1.1e-113  369.5  14.5   2   3   0.00016   0.00016    8.0   2.0   162   239   237   315   205   337 0.60 <unknown description>
147798at5125_2773459_0:002cea|CP052041.1:2031136-2033495|- -            577 147798               -           1041  1.1e-113  369.5  14.5   3   3   3.4e-73   3.4e-73  235.4   0.7   240   439   343   555   319   570 0.83 <unknown description>
#
# Program:         hmmsearch
# Version:         3.4 (Aug 2023)
# Pipeline mode:   SEARCH
# Query file:      /home/arafat/busco_downloads/lineages/hypocreales_odb12.2/hmms/147798at5125.hmm
# Target file:     /home/arafat/Foxy_SIX_Evolution/results/busco/GCA_013085055.1/run_hypocreales_odb12.2/miniprot_output/translated_proteins/147798at5125.faa
# Option settings: hmmsearch --domtblout /home/arafat/Foxy_SIX_Evolution/results/busco/GCA_013085055.1/run_hypocreales_odb12.2/hmmer_output/147798at5125.out --cpu 1 /home/arafat/busco_downloads/lineages/hypocreales_odb12.2/hmms/147798at5125.hmm /home/arafat/Foxy_SIX_Evolution/results/busco/GCA_013085055.1/run_hypocreales_odb12.2/miniprot_output/translated_proteins/147798at5125.faa 
# Current dir:     /home/arafat/Foxy_SIX_Evolution
# Date:            Thu Sep 24 15:52:06 2026
# [ok]
