#                                                                                                                  --- full sequence --- -------------- this domain -------------   hmm coord   ali coord   env coord
# target name                                              accession   tlen query name           accession   qlen   E-value  score  bias   #  of  c-Evalue  i-Evalue  score  bias  from    to  from    to  from    to  acc description of target
#                                      ------------------- ---------- ----- -------------------- ---------- ----- --------- ------ ----- --- --- --------- --------- ------ ----- ----- ----- ----- ----- ----- ----- ---- ---------------------
147706at5125_468837_0:000609|CP052043.1:1821662-1824019|+  -            732 147706               -            554  8.8e-243  796.0  35.9   1   3   4.3e-11   4.3e-11   31.2   1.0     3    39     7    43     5    51 0.83 <unknown description>
147706at5125_468837_0:000609|CP052043.1:1821662-1824019|+  -            732 147706               -            554  8.8e-243  796.0  35.9   2   3   5.6e-49   5.6e-49  156.3  13.3    33   132    92   207    88   209 0.85 <unknown description>
147706at5125_468837_0:000609|CP052043.1:1821662-1824019|+  -            732 147706               -            554  8.8e-243  796.0  35.9   3   3  1.1e-188  1.1e-188  617.5   6.5   133   551   244   707   237   710 0.90 <unknown description>
147706at5125_2826082_0:00205e|CP052043.1:1821115-1824073|+ -            850 147706               -            554  1.8e-242  795.0  35.5   1   3   5.1e-11   5.1e-11   31.0   1.0     3    39   107   143   105   151 0.83 <unknown description>
147706at5125_2826082_0:00205e|CP052043.1:1821115-1824073|+ -            850 147706               -            554  1.8e-242  795.0  35.5   2   3   6.2e-49   6.2e-49  156.1  13.1    33   132   192   307   188   309 0.85 <unknown description>
147706at5125_2826082_0:00205e|CP052043.1:1821115-1824073|+ -            850 147706               -            554  1.8e-242  795.0  35.5   3   3  1.5e-188  1.5e-188  617.0   6.3   133   551   344   807   337   810 0.90 <unknown description>
147706at5125_1081102_0:000f68|CP052043.1:1821641-1838482|+ -            768 147706               -            554  2.3e-240  788.0  41.7   1   4   4.6e-11   4.6e-11   31.1   1.0     3    39    14    50    12    58 0.83 <unknown description>
147706at5125_1081102_0:000f68|CP052043.1:1821641-1838482|+ -            768 147706               -            554  2.3e-240  788.0  41.7   2   4   5.1e-49   5.1e-49  156.4  13.1    33   132    99   214    95   216 0.85 <unknown description>
147706at5125_1081102_0:000f68|CP052043.1:1821641-1838482|+ -            768 147706               -            554  2.3e-240  788.0  41.7   3   4   1.1e-38   1.1e-38  122.2   2.9   133   241   251   383   244   398 0.81 <unknown description>
147706at5125_1081102_0:000f68|CP052043.1:1821641-1838482|+ -            768 147706               -            554  2.3e-240  788.0  41.7   4   4  3.2e-151  3.2e-151  493.8   2.2   241   551   415   731   410   734 0.96 <unknown description>
147706at5125_1736662_0:00240c|CP052043.1:1821662-1823433|+ -            555 147706               -            554  1.1e-170  558.1  32.7   1   3   3.1e-11   3.1e-11   31.7   1.0     3    39     7    43     5    51 0.83 <unknown description>
147706at5125_1736662_0:00240c|CP052043.1:1821662-1823433|+ -            555 147706               -            554  1.1e-170  558.1  32.7   2   3   7.9e-49   7.9e-49  155.8  14.6    32   132    91   207    85   209 0.85 <unknown description>
147706at5125_1736662_0:00240c|CP052043.1:1821662-1823433|+ -            555 147706               -            554  1.1e-170  558.1  32.7   3   3  1.9e-116  1.9e-116  379.0   2.4   133   400   244   553   237   554 0.87 <unknown description>
147706at5125_63577_0:002069|CP052043.1:1822750-1824073|+   -            406 147706               -            554  4.1e-155  506.6   3.5   1   1  1.1e-154  1.1e-154  505.3   3.5   214   551     3   363     1   366 0.93 <unknown description>
147706at5125_33203_0:00167a|CP052043.1:1821662-1822558|+   -            190 147706               -            554   1.4e-55  178.0  18.7   1   3   8.1e-12   8.1e-12   33.6   1.4     3    39     7    43     5    54 0.83 <unknown description>
147706at5125_33203_0:00167a|CP052043.1:1821662-1822558|+   -            190 147706               -            554   1.4e-55  178.0  18.7   2   3   4.4e-30   4.4e-30   93.9   2.9    32    90    91   149    86   153 0.90 <unknown description>
147706at5125_33203_0:00167a|CP052043.1:1821662-1822558|+   -            190 147706               -            554   1.4e-55  178.0  18.7   3   3   1.8e-20   1.8e-20   62.2   0.4   133   170   153   190   148   190 0.96 <unknown description>
147706at5125_2675880_0:001de6|CP052043.1:1823638-1824073|+ -            146 147706               -            554     1e-47  152.1   0.6   1   1   1.3e-47   1.3e-47  151.8   0.6   451   551     1   103     1   106 0.95 <unknown description>
#
# Program:         hmmsearch
# Version:         3.4 (Aug 2023)
# Pipeline mode:   SEARCH
# Query file:      /home/arafat/busco_downloads/lineages/hypocreales_odb12.2/hmms/147706at5125.hmm
# Target file:     /home/arafat/Foxy_SIX_Evolution/results/busco/GCA_013085055.1/run_hypocreales_odb12.2/miniprot_output/translated_proteins/147706at5125.faa
# Option settings: hmmsearch --domtblout /home/arafat/Foxy_SIX_Evolution/results/busco/GCA_013085055.1/run_hypocreales_odb12.2/hmmer_output/147706at5125.out --cpu 1 /home/arafat/busco_downloads/lineages/hypocreales_odb12.2/hmms/147706at5125.hmm /home/arafat/Foxy_SIX_Evolution/results/busco/GCA_013085055.1/run_hypocreales_odb12.2/miniprot_output/translated_proteins/147706at5125.faa 
# Current dir:     /home/arafat/Foxy_SIX_Evolution
# Date:            Thu Sep 24 15:52:35 2026
# [ok]
