#                                                                                                                  --- full sequence --- -------------- this domain -------------   hmm coord   ali coord   env coord
# target name                                              accession   tlen query name           accession   qlen   E-value  score  bias   #  of  c-Evalue  i-Evalue  score  bias  from    to  from    to  from    to  acc description of target
#                                      ------------------- ---------- ----- -------------------- ---------- ----- --------- ------ ----- --- --- --------- --------- ------ ----- ----- ----- ----- ----- ----- ----- ---- ---------------------
147983at5125_1080343_0:000906|CP052040.1:3543440-3545024|- -            497 147983               -            486  1.8e-203  666.3  13.3   1   1  2.1e-203  2.1e-203  666.1  13.3     1   486     1   496     1   496 0.92 <unknown description>
147983at5125_169388_0:003d31|CP052040.1:3543440-3545478|-  -            521 147983               -            486  2.2e-203  666.0  13.3   1   1  2.5e-203  2.5e-203  665.8  13.3     1   486    25   520    25   520 0.92 <unknown description>
147983at5125_96774_0:00014e|CP052040.1:3543770-3545024|-   -            387 147983               -            486  5.2e-188  615.3  11.6   1   1  5.8e-188  5.8e-188  615.2  11.6     1   391     1   387     1   387 0.97 <unknown description>
147983at5125_485398_0:001988|CP052040.1:3543668-3544745|-  -            328 147983               -            486  8.5e-155  505.8  13.4   1   1  9.9e-155  9.9e-155  505.6  13.4    94   413     1   316     1   327 0.94 <unknown description>
147983at5125_1080344_0:0042e8|CP052040.1:3544032-3545024|- -            316 147983               -            486  5.6e-139  453.6   9.8   1   1  6.3e-139  6.3e-139  453.4   9.8     1   321     1   316     1   316 0.97 <unknown description>
147983at5125_229533_0:002a6b|CP052040.1:3543440-3544490|-  -            319 147983               -            486  8.6e-135  439.8  11.0   1   1    1e-134    1e-134  439.6  11.0   181   486     1   318     1   318 0.90 <unknown description>
147983at5125_1229664_0:002011|CP052040.1:3543710-3544490|- -            229 147983               -            486  1.8e-124  405.7  14.4   1   1    2e-124    2e-124  405.6  14.4   181   406     1   224     1   229 0.97 <unknown description>
147983at5125_1163406_0:0018a3|CP052040.1:3543764-3544325|- -            156 147983               -            486  9.4e-102  330.8  18.8   1   1    1e-101    1e-101  330.7  18.8   239   393     1   156     1   156 0.98 <unknown description>
147983at5125_2559222_0:0018d3|CP052040.1:3544247-3545024|- -            260 147983               -            486   2.7e-98  319.5  11.0   1   1   2.9e-98   2.9e-98  319.3  11.0     1   263     1   258     1   260 0.96 <unknown description>
147983at5125_101201_0:000f24|CP052040.1:3543569-3543929|-  -            121 147983               -            486   1.1e-37  119.6   0.2   1   1   1.1e-37   1.1e-37  119.5   0.2   339   423     1    84     1   121 0.72 <unknown description>
#
# Program:         hmmsearch
# Version:         3.4 (Aug 2023)
# Pipeline mode:   SEARCH
# Query file:      /home/arafat/busco_downloads/lineages/hypocreales_odb12.2/hmms/147983at5125.hmm
# Target file:     /home/arafat/Foxy_SIX_Evolution/results/busco/GCA_013085055.1/run_hypocreales_odb12.2/miniprot_output/translated_proteins/147983at5125.faa
# Option settings: hmmsearch --domtblout /home/arafat/Foxy_SIX_Evolution/results/busco/GCA_013085055.1/run_hypocreales_odb12.2/hmmer_output/147983at5125.out --cpu 1 /home/arafat/busco_downloads/lineages/hypocreales_odb12.2/hmms/147983at5125.hmm /home/arafat/Foxy_SIX_Evolution/results/busco/GCA_013085055.1/run_hypocreales_odb12.2/miniprot_output/translated_proteins/147983at5125.faa 
# Current dir:     /home/arafat/Foxy_SIX_Evolution
# Date:            Thu Sep 24 15:52:10 2026
# [ok]
