#                                                                                                                  --- full sequence --- -------------- this domain -------------   hmm coord   ali coord   env coord
# target name                                              accession   tlen query name           accession   qlen   E-value  score  bias   #  of  c-Evalue  i-Evalue  score  bias  from    to  from    to  from    to  acc description of target
#                                      ------------------- ---------- ----- -------------------- ---------- ----- --------- ------ ----- --- --- --------- --------- ------ ----- ----- ----- ----- ----- ----- ----- ---- ---------------------
147945at5125_660027_0:0032b6|CP052046.1:1613356-1614759|-  -            452 147945               -            314  3.4e-158  514.7  16.7   1   1  1.2e-157  1.2e-157  512.8  16.7     2   313     4   351     3   352 0.85 <unknown description>
147945at5125_2364996_0:003336|CP052046.1:1613641-1614759|- -            373 147945               -            314  1.5e-156  509.2  17.3   1   2   3.1e-66   3.1e-66  212.6   8.0     2   137     4   152     3   165 0.86 <unknown description>
147945at5125_2364996_0:003336|CP052046.1:1613641-1614759|- -            373 147945               -            314  1.5e-156  509.2  17.3   2   2   2.5e-93   2.5e-93  301.6   1.8   137   313   182   367   178   368 0.92 <unknown description>
147945at5125_2714763_0:000ca0|CP052046.1:1613926-1614759|- -            262 147945               -            314  1.3e-109  355.1  12.0   1   1  6.7e-109  6.7e-109  352.8  12.0     2   226     4   262     3   262 0.82 <unknown description>
147945at5125_48507_0:0007eb|CP052046.1:1613401-1614519|-   -            357 147945               -            314    7e-102  329.7  10.3   1   1    3e-101    3e-101  327.6  10.3    79   313     1   271     1   272 0.81 <unknown description>
147945at5125_282268_0:0012dd|CP052046.1:1613641-1614360|-  -            224 147945               -            314   2.7e-96  311.3   2.1   1   1   3.3e-96   3.3e-96  311.0   2.1   119   313    13   218     2   219 0.88 <unknown description>
147945at5125_2004952_0:001daa|CP052046.1:1613668-1614169|- -            168 147945               -            314   4.9e-85  274.4   3.0   1   1   5.5e-85   5.5e-85  274.2   3.0   152   309     1   167     1   168 0.92 <unknown description>
147945at5125_334819_0:00314d|CP052046.1:1614109-1614759|-  -            201 147945               -            314   2.9e-83  268.5  12.3   1   1   1.9e-82   1.9e-82  265.9  12.3     2   170     4   199     3   201 0.81 <unknown description>
147945at5125_2502994_0:00235c|CP052046.1:1613356-1614151|- -            266 147945               -            314     9e-80  257.1   2.5   1   1   1.3e-79   1.3e-79  256.6   2.5   158   313     1   165     1   166 0.91 <unknown description>
147945at5125_2030778_0:001552|CP052046.1:1613614-1613986|- -            125 147945               -            314   1.2e-59  190.9   3.6   1   1   1.4e-59   1.4e-59  190.7   3.6   206   313     1   110     1   111 0.96 <unknown description>
#
# Program:         hmmsearch
# Version:         3.4 (Aug 2023)
# Pipeline mode:   SEARCH
# Query file:      /home/arafat/busco_downloads/lineages/hypocreales_odb12.2/hmms/147945at5125.hmm
# Target file:     /home/arafat/Foxy_SIX_Evolution/results/busco/GCA_013085055.1/run_hypocreales_odb12.2/miniprot_output/translated_proteins/147945at5125.faa
# Option settings: hmmsearch --domtblout /home/arafat/Foxy_SIX_Evolution/results/busco/GCA_013085055.1/run_hypocreales_odb12.2/hmmer_output/147945at5125.out --cpu 1 /home/arafat/busco_downloads/lineages/hypocreales_odb12.2/hmms/147945at5125.hmm /home/arafat/Foxy_SIX_Evolution/results/busco/GCA_013085055.1/run_hypocreales_odb12.2/miniprot_output/translated_proteins/147945at5125.faa 
# Current dir:     /home/arafat/Foxy_SIX_Evolution
# Date:            Thu Sep 24 15:52:09 2026
# [ok]
