#                                                                                                                  --- full sequence --- -------------- this domain -------------   hmm coord   ali coord   env coord
# target name                                              accession   tlen query name           accession   qlen   E-value  score  bias   #  of  c-Evalue  i-Evalue  score  bias  from    to  from    to  from    to  acc description of target
#                                      ------------------- ---------- ----- -------------------- ---------- ----- --------- ------ ----- --- --- --------- --------- ------ ----- ----- ----- ----- ----- ----- ----- ---- ---------------------
148253at5125_100902_0:001315|CP052039.1:3738240-3739803|-  -            282 148253               -            263  1.8e-126  410.2   7.3   1   1  2.2e-126  2.2e-126  409.9   7.3     1   261     1   274     1   276 0.89 <unknown description>
148253at5125_327505_0:0015f7|CP052039.1:3738240-3738798|-  -            187 148253               -            263   1.8e-77  249.5   5.5   1   1   2.3e-77   2.3e-77  249.2   5.5    95   261     2   179     1   181 0.84 <unknown description>
148253at5125_57161_0:0046c6|CP052039.1:3738240-3738678|-   -            147 148253               -            263   2.6e-64  206.4  12.4   1   1   3.2e-64   3.2e-64  206.1  12.4   122   261     1   139     1   141 0.84 <unknown description>
148253at5125_911162_0:000a50|CP052039.1:3738243-3738585|-  -            115 148253               -            263   1.5e-60  194.1  15.0   1   1   1.9e-60   1.9e-60  193.8  15.0   159   261     6   108     2   110 0.95 <unknown description>
148253at5125_327505_0:001250|CP052039.1:3739425-3739803|-  -            127 148253               -            263   7.6e-49  155.7   0.3   1   1   8.9e-49   8.9e-49  155.5   0.3     1   101     1   103     1   114 0.96 <unknown description>
148253at5125_694270_0:001f79|CP052039.1:3739509-3739803|-  -             99 148253               -            263   3.5e-47  150.3   0.9   1   1   3.8e-47   3.8e-47  150.1   0.9     1    96     1    98     1    99 0.95 <unknown description>
148253at5125_44412_0:000b2a|CP052039.1:3739186-3739803|-   -            125 148253               -            263   4.6e-47  149.9   1.0   1   1   5.2e-47   5.2e-47  149.7   1.0     1    97     1    99     1   113 0.93 <unknown description>
148253at5125_1101274_0:0028dc|CP052039.1:3738808-3739803|- -            228 148253               -            263   1.6e-46  148.1   0.3   1   1   2.3e-46   2.3e-46  147.6   0.3     1    96     1    98     1   109 0.94 <unknown description>
#
# Program:         hmmsearch
# Version:         3.4 (Aug 2023)
# Pipeline mode:   SEARCH
# Query file:      /home/arafat/busco_downloads/lineages/hypocreales_odb12.2/hmms/148253at5125.hmm
# Target file:     /home/arafat/Foxy_SIX_Evolution/results/busco/GCA_013085055.1/run_hypocreales_odb12.2/miniprot_output/translated_proteins/148253at5125.faa
# Option settings: hmmsearch --domtblout /home/arafat/Foxy_SIX_Evolution/results/busco/GCA_013085055.1/run_hypocreales_odb12.2/hmmer_output/148253at5125.out --cpu 1 /home/arafat/busco_downloads/lineages/hypocreales_odb12.2/hmms/148253at5125.hmm /home/arafat/Foxy_SIX_Evolution/results/busco/GCA_013085055.1/run_hypocreales_odb12.2/miniprot_output/translated_proteins/148253at5125.faa 
# Current dir:     /home/arafat/Foxy_SIX_Evolution
# Date:            Thu Sep 24 15:52:14 2026
# [ok]
