#                                                                                                                  --- full sequence --- -------------- this domain -------------   hmm coord   ali coord   env coord
# target name                                              accession   tlen query name           accession   qlen   E-value  score  bias   #  of  c-Evalue  i-Evalue  score  bias  from    to  from    to  from    to  acc description of target
#                                      ------------------- ---------- ----- -------------------- ---------- ----- --------- ------ ----- --- --- --------- --------- ------ ----- ----- ----- ----- ----- ----- ----- ---- ---------------------
148214at5125_1803897_0:00164a|CP052043.1:2868846-2870862|+ -            673 148214               -            508  8.7e-269  880.7  26.4   1   2     3e-20     3e-20   60.8   3.7     5    79    45   133    42   141 0.75 <unknown description>
148214at5125_1803897_0:00164a|CP052043.1:2868846-2870862|+ -            673 148214               -            508  8.7e-269  880.7  26.4   2   2  4.4e-247  4.4e-247  809.1  14.7    60   508   144   665   138   665 0.87 <unknown description>
148214at5125_911162_0:001677|CP052043.1:2869359-2870853|+  -            499 148214               -            508  2.4e-251  823.2   9.4   1   1  2.1e-247  2.1e-247  810.2   9.4    83   508    27   494     3   494 0.90 <unknown description>
148214at5125_89174_0:000116|CP052043.1:2868846-2870424|+   -            527 148214               -            508    7e-217  709.5  23.0   1   2   1.9e-20   1.9e-20   61.4   3.6     5    79    45   133    42   142 0.75 <unknown description>
148214at5125_89174_0:000116|CP052043.1:2868846-2870424|+   -            527 148214               -            508    7e-217  709.5  23.0   2   2  7.5e-197  7.5e-197  643.4  11.4    60   390   144   526   138   527 0.86 <unknown description>
148214at5125_2692428_0:002ae2|CP052043.1:2870253-2870862|+ -            204 148214               -            508   1.3e-90  293.0   2.5   1   2     1e-36     1e-36  115.1   0.6   334   391     1    58     1    69 0.96 <unknown description>
148214at5125_2692428_0:002ae2|CP052043.1:2870253-2870862|+ -            204 148214               -            508   1.3e-90  293.0   2.5   2   2     8e-56     8e-56  178.1   0.1   383   508    68   196    61   196 0.93 <unknown description>
148214at5125_2692428_0:001c8f|CP052043.1:2868846-2869830|+ -            329 148214               -            508   5.6e-75  241.3  15.8   1   2   7.7e-21   7.7e-21   62.7   3.5     5    79    45   133    42   144 0.76 <unknown description>
148214at5125_2692428_0:001c8f|CP052043.1:2868846-2869830|+ -            329 148214               -            508   5.6e-75  241.3  15.8   2   2     7e-56     7e-56  178.3   4.4    60   189   144   304   140   314 0.80 <unknown description>
148214at5125_58853_0:002516|CP052043.1:2870478-2870853|+   -            126 148214               -            508   1.1e-54  174.4   0.1   1   1   1.3e-54   1.3e-54  174.2   0.1   391   508     1   121     1   121 0.95 <unknown description>
#
# Program:         hmmsearch
# Version:         3.4 (Aug 2023)
# Pipeline mode:   SEARCH
# Query file:      /home/arafat/busco_downloads/lineages/hypocreales_odb12.2/hmms/148214at5125.hmm
# Target file:     /home/arafat/Foxy_SIX_Evolution/results/busco/GCA_013085055.1/run_hypocreales_odb12.2/miniprot_output/translated_proteins/148214at5125.faa
# Option settings: hmmsearch --domtblout /home/arafat/Foxy_SIX_Evolution/results/busco/GCA_013085055.1/run_hypocreales_odb12.2/hmmer_output/148214at5125.out --cpu 1 /home/arafat/busco_downloads/lineages/hypocreales_odb12.2/hmms/148214at5125.hmm /home/arafat/Foxy_SIX_Evolution/results/busco/GCA_013085055.1/run_hypocreales_odb12.2/miniprot_output/translated_proteins/148214at5125.faa 
# Current dir:     /home/arafat/Foxy_SIX_Evolution
# Date:            Thu Sep 24 15:52:14 2026
# [ok]
