#                                                                                                                 --- full sequence --- -------------- this domain -------------   hmm coord   ali coord   env coord
# target name                                             accession   tlen query name           accession   qlen   E-value  score  bias   #  of  c-Evalue  i-Evalue  score  bias  from    to  from    to  from    to  acc description of target
#                                     ------------------- ---------- ----- -------------------- ---------- ----- --------- ------ ----- --- --- --------- --------- ------ ----- ----- ----- ----- ----- ----- ----- ---- ---------------------
148633at5125_117187_0:000413|CP052038.1:3582945-3584857|+ -            544 148633               -            457  1.1e-252  827.6  17.7   1   2    5e-214    5e-214  700.2  15.3     2   377    24   419    23   427 0.94 <unknown description>
148633at5125_117187_0:000413|CP052038.1:3582945-3584857|+ -            544 148633               -            457  1.1e-252  827.6  17.7   2   2   1.8e-40   1.8e-40  128.0   0.0   377   456   458   542   450   543 0.89 <unknown description>
148633at5125_595255_0:0025fa|CP052038.1:3577479-3584857|+ -            682 148633               -            457  2.9e-252  826.2  17.7   1   2  9.8e-214  9.8e-214  699.2  15.3     2   377   162   557   161   565 0.94 <unknown description>
148633at5125_595255_0:0025fa|CP052038.1:3577479-3584857|+ -            682 148633               -            457  2.9e-252  826.2  17.7   2   2   2.6e-40   2.6e-40  127.5   0.0   377   456   596   680   588   681 0.89 <unknown description>
148633at5125_5507_5:000889|CP052038.1:3582444-3584857|+   -            718 148633               -            457  6.5e-247  808.6  15.4   1   2  2.2e-208  2.2e-208  681.6  13.0     8   377   206   593   191   601 0.94 <unknown description>
148633at5125_5507_5:000889|CP052038.1:3582444-3584857|+   -            718 148633               -            457  6.5e-247  808.6  15.4   2   2   2.7e-40   2.7e-40  127.4   0.0   377   456   632   716   624   717 0.89 <unknown description>
148633at5125_195108_0:0024fb|CP052038.1:3583339-3584857|+ -            455 148633               -            457    9e-209  682.8  14.1   1   2  5.5e-170  5.5e-170  555.0  11.6    66   377     1   330     1   338 0.94 <unknown description>
148633at5125_195108_0:0024fb|CP052038.1:3583339-3584857|+ -            455 148633               -            457    9e-209  682.8  14.1   2   2   1.4e-40   1.4e-40  128.4   0.0   377   456   369   453   361   454 0.89 <unknown description>
148633at5125_62069_0:001b81|CP052038.1:3582960-3584361|+  -            391 148633               -            457  1.2e-198  649.5  15.1   1   1  1.4e-198  1.4e-198  649.3  15.1     2   353    19   390    18   390 0.94 <unknown description>
148633at5125_490622_0:0027e7|CP052038.1:3583668-3584479|+ -            254 148633               -            457  3.6e-139  453.4   8.9   1   1    4e-139    4e-139  453.2   8.9   130   375     3   253     1   254 0.96 <unknown description>
148633at5125_468837_0:001ba2|CP052038.1:3584121-3584851|+ -            227 148633               -            457   1.2e-93  303.3   1.7   1   2   3.2e-54   3.2e-54  173.3   0.5   275   377     1   104     1   112 0.95 <unknown description>
148633at5125_468837_0:001ba2|CP052038.1:3584121-3584851|+ -            227 148633               -            457   1.2e-93  303.3   1.7   2   2   7.5e-41   7.5e-41  129.3   0.0   377   455   143   226   135   227 0.89 <unknown description>
148633at5125_64609_0:0029f5|CP052038.1:3584295-3584857|+  -            171 148633               -            457   5.1e-66  212.2   0.7   1   2   7.4e-26   7.4e-26   79.8   0.2   332   377     1    46     1    55 0.93 <unknown description>
148633at5125_64609_0:0029f5|CP052038.1:3584295-3584857|+  -            171 148633               -            457   5.1e-66  212.2   0.7   2   2     2e-41     2e-41  131.2   0.0   377   456    85   169    77   170 0.89 <unknown description>
#
# Program:         hmmsearch
# Version:         3.4 (Aug 2023)
# Pipeline mode:   SEARCH
# Query file:      /home/arafat/busco_downloads/lineages/hypocreales_odb12.2/hmms/148633at5125.hmm
# Target file:     /home/arafat/Foxy_SIX_Evolution/results/busco/GCA_013085055.1/run_hypocreales_odb12.2/miniprot_output/translated_proteins/148633at5125.faa
# Option settings: hmmsearch --domtblout /home/arafat/Foxy_SIX_Evolution/results/busco/GCA_013085055.1/run_hypocreales_odb12.2/hmmer_output/148633at5125.out --cpu 1 /home/arafat/busco_downloads/lineages/hypocreales_odb12.2/hmms/148633at5125.hmm /home/arafat/Foxy_SIX_Evolution/results/busco/GCA_013085055.1/run_hypocreales_odb12.2/miniprot_output/translated_proteins/148633at5125.faa 
# Current dir:     /home/arafat/Foxy_SIX_Evolution
# Date:            Thu Sep 24 15:52:18 2026
# [ok]
