#                                                                                                                  --- full sequence --- -------------- this domain -------------   hmm coord   ali coord   env coord
# target name                                              accession   tlen query name           accession   qlen   E-value  score  bias   #  of  c-Evalue  i-Evalue  score  bias  from    to  from    to  from    to  acc description of target
#                                      ------------------- ---------- ----- -------------------- ---------- ----- --------- ------ ----- --- --- --------- --------- ------ ----- ----- ----- ----- ----- ----- ----- ---- ---------------------
148880at5125_131363_0:000074|CP052038.1:1005893-1009522|-  -           1175 148880               -            766         0 1456.3   0.2   1   2         0         0 1336.3   0.0     1   665   145   857   145   867 0.94 <unknown description>
148880at5125_131363_0:000074|CP052038.1:1005893-1009522|-  -           1175 148880               -            766         0 1456.3   0.2   2   2   2.2e-35   2.2e-35  110.2   0.3   673   764  1003  1113   984  1115 0.76 <unknown description>
148880at5125_660027_0:0001f5|CP052038.1:1005893-1011073|-  -           1692 148880               -            766         0 1450.3   4.7   1   3      0.28      0.28   -2.6   1.4   658   701   473   515   462   532 0.64 <unknown description>
148880at5125_660027_0:0001f5|CP052038.1:1005893-1011073|-  -           1692 148880               -            766         0 1450.3   4.7   2   3         0         0 1335.0   0.0     1   665   662  1374   662  1384 0.94 <unknown description>
148880at5125_660027_0:0001f5|CP052038.1:1005893-1011073|-  -           1692 148880               -            766         0 1450.3   4.7   3   3   3.2e-35   3.2e-35  109.7   0.2   673   764  1520  1630  1500  1632 0.76 <unknown description>
148880at5125_282268_0:001fc7|CP052038.1:1002950-1011073|-  -           2416 148880               -            766         0 1431.5   6.6   1   3       0.4       0.4   -3.1   1.0   658   700   473   515   463   531 0.67 <unknown description>
148880at5125_282268_0:001fc7|CP052038.1:1002950-1011073|-  -           2416 148880               -            766         0 1431.5   6.6   2   3         0         0 1315.3   0.0     1   665   662  1391   662  1401 0.92 <unknown description>
148880at5125_282268_0:001fc7|CP052038.1:1002950-1011073|-  -           2416 148880               -            766         0 1431.5   6.6   3   3   4.8e-35   4.8e-35  109.1   0.2   673   764  1537  1647  1518  1649 0.76 <unknown description>
148880at5125_92637_0:00040b|CP052038.1:1005902-1008717|-   -            922 148880               -            766         0 1353.2   0.0   1   2         0         0 1238.2   0.0    75   665     1   607     1   617 0.97 <unknown description>
148880at5125_92637_0:00040b|CP052038.1:1005902-1008717|-   -            922 148880               -            766         0 1353.2   0.0   2   2   1.6e-35   1.6e-35  110.7   0.3   673   764   753   863   734   865 0.76 <unknown description>
148880at5125_1859967_0:0007d1|CP052038.1:1002950-1015422|- -           2599 148880               -            766         0 1348.0  10.7   1   4      0.43      0.43   -3.2   1.0   658   700   708   750   698   766 0.67 <unknown description>
148880at5125_1859967_0:0007d1|CP052038.1:1002950-1015422|- -           2599 148880               -            766         0 1348.0  10.7   2   4     1e-94     1e-94  306.4   0.2     1   197   897  1128   897  1128 0.86 <unknown description>
148880at5125_1859967_0:0007d1|CP052038.1:1002950-1015422|- -           2599 148880               -            766         0 1348.0  10.7   3   4  3.3e-285  3.3e-285  936.3   0.0   221   665  1125  1582  1125  1592 0.97 <unknown description>
148880at5125_1859967_0:0007d1|CP052038.1:1002950-1015422|- -           2599 148880               -            766         0 1348.0  10.7   4   4   5.1e-35   5.1e-35  109.0   0.2   673   764  1728  1838  1708  1840 0.76 <unknown description>
148880at5125_1163406_0:0022b6|CP052038.1:1007781-1011073|- -           1023 148880               -            766  3.4e-228  747.8   5.5   1   2      0.16      0.16   -1.7   1.4   658   701   416   458   405   475 0.64 <unknown description>
148880at5125_1163406_0:0022b6|CP052038.1:1007781-1011073|- -           1023 148880               -            766  3.4e-228  747.8   5.5   2   2  2.3e-227  2.3e-227  745.0   0.1     1   384   605  1023   605  1023 0.92 <unknown description>
#
# Program:         hmmsearch
# Version:         3.4 (Aug 2023)
# Pipeline mode:   SEARCH
# Query file:      /home/arafat/busco_downloads/lineages/hypocreales_odb12.2/hmms/148880at5125.hmm
# Target file:     /home/arafat/Foxy_SIX_Evolution/results/busco/GCA_013085055.1/run_hypocreales_odb12.2/miniprot_output/translated_proteins/148880at5125.faa
# Option settings: hmmsearch --domtblout /home/arafat/Foxy_SIX_Evolution/results/busco/GCA_013085055.1/run_hypocreales_odb12.2/hmmer_output/148880at5125.out --cpu 1 /home/arafat/busco_downloads/lineages/hypocreales_odb12.2/hmms/148880at5125.hmm /home/arafat/Foxy_SIX_Evolution/results/busco/GCA_013085055.1/run_hypocreales_odb12.2/miniprot_output/translated_proteins/148880at5125.faa 
# Current dir:     /home/arafat/Foxy_SIX_Evolution
# Date:            Thu Sep 24 15:52:23 2026
# [ok]
