#                                                                                                                  --- full sequence --- -------------- this domain -------------   hmm coord   ali coord   env coord
# target name                                              accession   tlen query name           accession   qlen   E-value  score  bias   #  of  c-Evalue  i-Evalue  score  bias  from    to  from    to  from    to  acc description of target
#                                      ------------------- ---------- ----- -------------------- ---------- ----- --------- ------ ----- --- --- --------- --------- ------ ----- ----- ----- ----- ----- ----- ----- ---- ---------------------
148833at5125_1080343_0:003cfa|CP052042.1:2852628-2854080|+ -            485 148833               -            458  1.8e-290  951.9   0.0   1   1  2.1e-290  2.1e-290  951.6   0.0     5   457    23   479    19   480 0.98 <unknown description>
148833at5125_1081104_0:001d14|CP052042.1:2850467-2854080|+ -            467 148833               -            458  2.1e-290  951.6   0.0   1   1  2.6e-290  2.6e-290  951.3   0.0     5   457     5   461     2   462 0.98 <unknown description>
148833at5125_877507_0:00106f|CP052042.1:2852691-2855542|+  -            827 148833               -            458  1.4e-289  948.8   0.0   1   1  1.8e-289  1.8e-289  948.6   0.0     6   457     3   458     1   459 0.98 <unknown description>
148833at5125_426428_0:002a52|CP052042.1:2853169-2854080|+  -            231 148833               -            458  2.2e-119  387.9   0.2   1   1  2.7e-119  2.7e-119  387.5   0.2   264   457    32   225    26   226 0.99 <unknown description>
148833at5125_1399860_1:001425|CP052042.1:2853492-2854047|+ -            186 148833               -            458  2.4e-116  377.8   0.6   1   1  2.7e-116  2.7e-116  377.7   0.6   267   451     1   185     1   186 0.99 <unknown description>
148833at5125_468837_0:0027f1|CP052042.1:2852685-2853147|+  -            155 148833               -            458   4.8e-88  284.5   0.3   1   1   5.3e-88   5.3e-88  284.4   0.3     5   152     4   155     1   155 0.95 <unknown description>
148833at5125_468837_0:000d49|CP052042.1:2853774-2854080|+  -            103 148833               -            458   3.9e-50  159.5   0.0   1   1   4.4e-50   4.4e-50  159.4   0.0   361   457     1    97     1    98 0.98 <unknown description>
#
# Program:         hmmsearch
# Version:         3.4 (Aug 2023)
# Pipeline mode:   SEARCH
# Query file:      /home/arafat/busco_downloads/lineages/hypocreales_odb12.2/hmms/148833at5125.hmm
# Target file:     /home/arafat/Foxy_SIX_Evolution/results/busco/GCA_013085055.1/run_hypocreales_odb12.2/miniprot_output/translated_proteins/148833at5125.faa
# Option settings: hmmsearch --domtblout /home/arafat/Foxy_SIX_Evolution/results/busco/GCA_013085055.1/run_hypocreales_odb12.2/hmmer_output/148833at5125.out --cpu 1 /home/arafat/busco_downloads/lineages/hypocreales_odb12.2/hmms/148833at5125.hmm /home/arafat/Foxy_SIX_Evolution/results/busco/GCA_013085055.1/run_hypocreales_odb12.2/miniprot_output/translated_proteins/148833at5125.faa 
# Current dir:     /home/arafat/Foxy_SIX_Evolution
# Date:            Thu Sep 24 15:52:21 2026
# [ok]
