#                                                                                                                  --- full sequence --- -------------- this domain -------------   hmm coord   ali coord   env coord
# target name                                              accession   tlen query name           accession   qlen   E-value  score  bias   #  of  c-Evalue  i-Evalue  score  bias  from    to  from    to  from    to  acc description of target
#                                      ------------------- ---------- ----- -------------------- ---------- ----- --------- ------ ----- --- --- --------- --------- ------ ----- ----- ----- ----- ----- ----- ----- ---- ---------------------
148904at5125_660027_0:0012bc|CP052040.1:4299596-4302010|+  -            791 148904               -            567         0 1065.6   0.4   1   2         0         0 1064.2   0.0    12   554    37   587    32   602 0.96 <unknown description>
148904at5125_660027_0:0012bc|CP052040.1:4299596-4302010|+  -            791 148904               -            567         0 1065.6   0.4   2   2      0.16      0.16   -1.0   0.1   552   566   608   622   604   623 0.86 <unknown description>
148904at5125_150374_0:000802|CP052040.1:4299716-4309102|+  -            771 148904               -            567         0 1062.5   0.8   1   2         0         0 1061.5   0.0    17   554     2   547     1   562 0.96 <unknown description>
148904at5125_150374_0:000802|CP052040.1:4299716-4309102|+  -            771 148904               -            567         0 1062.5   0.8   2   2      0.15      0.15   -1.0   0.1   552   566   568   582   564   583 0.86 <unknown description>
148904at5125_413071_0:00104c|CP052040.1:4299596-4301380|+  -            581 148904               -            567         0 1062.5   0.0   1   1         0         0 1062.2   0.0    12   547    37   580    32   581 0.97 <unknown description>
148904at5125_911162_0:001a37|CP052040.1:4300063-4301920|+  -            620 148904               -            567  3.3e-278  912.5   0.4   1   2  9.2e-278  9.2e-278  911.0   0.0   116   554     1   446     1   461 0.96 <unknown description>
148904at5125_911162_0:001a37|CP052040.1:4300063-4301920|+  -            620 148904               -            567  3.3e-278  912.5   0.4   2   2      0.12      0.12   -0.6   0.1   552   566   467   481   463   482 0.86 <unknown description>
148904at5125_93591_0:002921|CP052040.1:4299596-4300729|+   -            364 148904               -            567  1.3e-189  620.0   0.1   1   1  1.6e-189  1.6e-189  619.7   0.1    12   335    37   364    32   364 0.97 <unknown description>
148904at5125_1399860_0:000e46|CP052040.1:4300717-4301944|+ -            410 148904               -            567  7.4e-135  439.2   1.5   1   2  1.6e-134  1.6e-134  438.1   0.2   331   554     1   228     1   243 0.94 <unknown description>
148904at5125_1399860_0:000e46|CP052040.1:4300717-4301944|+ -            410 148904               -            567  7.4e-135  439.2   1.5   2   2     0.072     0.072    0.1   0.1   552   566   249   263   244   264 0.86 <unknown description>
148904at5125_1399860_0:000e45|CP052040.1:4299596-4300291|+ -            218 148904               -            567   3.8e-88  285.0   1.4   1   1   4.6e-88   4.6e-88  284.7   1.4    12   190    37   218    31   218 0.96 <unknown description>
#
# Program:         hmmsearch
# Version:         3.4 (Aug 2023)
# Pipeline mode:   SEARCH
# Query file:      /home/arafat/busco_downloads/lineages/hypocreales_odb12.2/hmms/148904at5125.hmm
# Target file:     /home/arafat/Foxy_SIX_Evolution/results/busco/GCA_013085055.1/run_hypocreales_odb12.2/miniprot_output/translated_proteins/148904at5125.faa
# Option settings: hmmsearch --domtblout /home/arafat/Foxy_SIX_Evolution/results/busco/GCA_013085055.1/run_hypocreales_odb12.2/hmmer_output/148904at5125.out --cpu 1 /home/arafat/busco_downloads/lineages/hypocreales_odb12.2/hmms/148904at5125.hmm /home/arafat/Foxy_SIX_Evolution/results/busco/GCA_013085055.1/run_hypocreales_odb12.2/miniprot_output/translated_proteins/148904at5125.faa 
# Current dir:     /home/arafat/Foxy_SIX_Evolution
# Date:            Thu Sep 24 15:52:24 2026
# [ok]
