#                                                                                                                  --- full sequence --- -------------- this domain -------------   hmm coord   ali coord   env coord
# target name                                              accession   tlen query name           accession   qlen   E-value  score  bias   #  of  c-Evalue  i-Evalue  score  bias  from    to  from    to  from    to  acc description of target
#                                      ------------------- ---------- ----- -------------------- ---------- ----- --------- ------ ----- --- --- --------- --------- ------ ----- ----- ----- ----- ----- ----- ----- ---- ---------------------
149099at5125_47803_0:00060f|CP052038.1:2103218-2108528|+   -           1450 149099               -            865         0 1497.1   0.0   1   1         0         0 1496.8   0.0     2   864    28   891    27   892 1.00 <unknown description>
149099at5125_660025_0:002f1e|CP052038.1:2103218-2106163|+  -            900 149099               -            865         0 1487.2   0.0   1   1         0         0 1487.1   0.0     2   864    28   898    27   899 0.99 <unknown description>
149099at5125_398673_0:00127d|CP052038.1:2104060-2106163|+  -            606 149099               -            865         0 1087.6   1.0   1   2  5.6e-262  5.6e-262  860.2   0.5   231   667     1   437     1   440 1.00 <unknown description>
149099at5125_398673_0:00127d|CP052038.1:2104060-2106163|+  -            606 149099               -            865         0 1087.6   1.0   2   2   3.7e-71   3.7e-71  228.9   0.0   696   864   436   604   435   605 0.99 <unknown description>
149099at5125_2885761_0:002751|CP052038.1:2104448-2105911|+ -            488 149099               -            865  1.3e-275  905.3   1.3   1   1  5.1e-275  5.1e-275  903.4   1.3   330   797     3   486     1   487 0.97 <unknown description>
149099at5125_655827_0:001858|CP052038.1:2103521-2105764|+  -            544 149099               -            865  3.4e-269  884.1   0.3   1   2  5.3e-173  5.3e-173  565.9   0.0    78   457     3   371     1   372 0.99 <unknown description>
149099at5125_655827_0:001858|CP052038.1:2103521-2105764|+  -            544 149099               -            865  3.4e-269  884.1   0.3   2   2   2.8e-98   2.8e-98  318.7   0.1   576   750   370   544   370   544 0.99 <unknown description>
149099at5125_2604345_0:001bb0|CP052038.1:2103218-2104883|+ -            500 149099               -            865  2.4e-228  749.0   0.2   1   1  2.7e-228  2.7e-228  748.8   0.2     2   473    28   500    27   500 0.99 <unknown description>
149099at5125_92637_0:0024cc|CP052038.1:2104060-2105090|+   -            274 149099               -            865  1.5e-137  448.6   0.0   1   2   1.7e-34   1.7e-34  107.6   0.0   231   329     1    99     1   100 0.99 <unknown description>
149099at5125_92637_0:0024cc|CP052038.1:2104060-2105090|+   -            274 149099               -            865  1.5e-137  448.6   0.0   2   2  1.1e-104  1.1e-104  339.9   0.1   368   542   100   274   100   274 0.99 <unknown description>
149099at5125_94208_0:00093d|CP052038.1:2103194-2103872|+   -            227 149099               -            865   2.3e-73  236.2   0.3   1   1   2.6e-73   2.6e-73  236.1   0.3     2   191    36   226    35   226 0.98 <unknown description>
#
# Program:         hmmsearch
# Version:         3.4 (Aug 2023)
# Pipeline mode:   SEARCH
# Query file:      /home/arafat/busco_downloads/lineages/hypocreales_odb12.2/hmms/149099at5125.hmm
# Target file:     /home/arafat/Foxy_SIX_Evolution/results/busco/GCA_013085055.1/run_hypocreales_odb12.2/miniprot_output/translated_proteins/149099at5125.faa
# Option settings: hmmsearch --domtblout /home/arafat/Foxy_SIX_Evolution/results/busco/GCA_013085055.1/run_hypocreales_odb12.2/hmmer_output/149099at5125.out --cpu 1 /home/arafat/busco_downloads/lineages/hypocreales_odb12.2/hmms/149099at5125.hmm /home/arafat/Foxy_SIX_Evolution/results/busco/GCA_013085055.1/run_hypocreales_odb12.2/miniprot_output/translated_proteins/149099at5125.faa 
# Current dir:     /home/arafat/Foxy_SIX_Evolution
# Date:            Thu Sep 24 15:52:34 2026
# [ok]
