#                                                                                                                  --- full sequence --- -------------- this domain -------------   hmm coord   ali coord   env coord
# target name                                              accession   tlen query name           accession   qlen   E-value  score  bias   #  of  c-Evalue  i-Evalue  score  bias  from    to  from    to  from    to  acc description of target
#                                      ------------------- ---------- ----- -------------------- ---------- ----- --------- ------ ----- --- --- --------- --------- ------ ----- ----- ----- ----- ----- ----- ----- ---- ---------------------
149010at5125_660027_0:0005e7|CP052038.1:1700686-1712817|-  -           3992 149010               -           3588         0 6277.3  60.8   1   3         0         0 2400.5   0.0     1  1451     1  1567     1  1575 0.91 <unknown description>
149010at5125_660027_0:0005e7|CP052038.1:1700686-1712817|-  -           3992 149010               -           3588         0 6277.3  60.8   2   3         0         0 2315.5  56.6  1459  2956  1607  3318  1587  3326 0.84 <unknown description>
149010at5125_660027_0:0005e7|CP052038.1:1700686-1712817|-  -           3992 149010               -           3588         0 6277.3  60.8   3   3         0         0 1554.3   6.0  2927  3588  3322  3991  3314  3991 0.97 <unknown description>
149010at5125_1399860_1:000826|CP052038.1:1700686-1708915|- -           2709 149010               -           3588         0 4197.8  64.0   1   3   2.6e-99   2.6e-99  321.6   0.0  1191  1451     1   284     1   292 0.88 <unknown description>
149010at5125_1399860_1:000826|CP052038.1:1700686-1708915|- -           2709 149010               -           3588         0 4197.8  64.0   2   3         0         0 2316.4  57.0  1459  2956   324  2035   304  2042 0.84 <unknown description>
149010at5125_1399860_1:000826|CP052038.1:1700686-1708915|- -           2709 149010               -           3588         0 4197.8  64.0   3   3         0         0 1555.5   5.4  2927  3588  2039  2708  2036  2708 0.97 <unknown description>
149010at5125_2004951_0:000c5e|CP052038.1:1704862-1712817|- -           2635 149010               -           3588         0 3842.1  10.6   1   2         0         0 2401.9   0.0     1  1451     1  1567     1  1575 0.91 <unknown description>
149010at5125_2004951_0:000c5e|CP052038.1:1704862-1712817|- -           2635 149010               -           3588         0 3842.1  10.6   2   2         0         0 1429.0  19.5  1459  2363  1607  2634  1587  2635 0.86 <unknown description>
149010at5125_123648_0:0000a2|CP052038.1:1696968-1712817|-  -           2281 149010               -           3588         0 3457.6   0.0   1   2         0         0 2402.6   0.0     1  1451     1  1567     1  1575 0.91 <unknown description>
149010at5125_123648_0:0000a2|CP052038.1:1696968-1712817|-  -           2281 149010               -           3588         0 3457.6   0.0   2   2         0         0 1049.9   2.9  1459  2075  1607  2259  1587  2265 0.92 <unknown description>
149010at5125_2604345_0:00037c|CP052038.1:1700686-1706467|- -           1893 149010               -           3588         0 3097.7  79.7   1   2         0         0 1544.5  66.5  1920  2956     1  1219     1  1226 0.82 <unknown description>
149010at5125_2604345_0:00037c|CP052038.1:1700686-1706467|- -           1893 149010               -           3588         0 3097.7  79.7   2   2         0         0 1556.2   6.0  2927  3588  1223  1892  1215  1892 0.97 <unknown description>
149010at5125_2559221_0:0011db|CP052038.1:1700686-1705081|- -           1431 149010               -           3588         0 2447.3  53.0   1   2  1.7e-271  1.7e-271  893.1  40.0  2312  2957     3   758     1   767 0.80 <unknown description>
149010at5125_2559221_0:0011db|CP052038.1:1700686-1705081|- -           1431 149010               -           3588         0 2447.3  53.0   2   2         0         0 1557.1   6.0  2927  3588   761  1430   753  1430 0.97 <unknown description>
149010at5125_89174_0:001c16|CP052038.1:1708288-1712817|-   -           1493 149010               -           3588         0 2337.8   0.0   1   1         0         0 2337.1   0.0     1  1387     1  1493     1  1493 0.91 <unknown description>
149010at5125_1399860_1:000820|CP052038.1:1709392-1712817|- -           1125 149010               -           3588         0 1895.1   0.0   1   1         0         0 1894.7   0.0     1  1072     1  1125     1  1125 0.93 <unknown description>
#
# Program:         hmmsearch
# Version:         3.4 (Aug 2023)
# Pipeline mode:   SEARCH
# Query file:      /home/arafat/busco_downloads/lineages/hypocreales_odb12.2/hmms/149010at5125.hmm
# Target file:     /home/arafat/Foxy_SIX_Evolution/results/busco/GCA_013085055.1/run_hypocreales_odb12.2/miniprot_output/translated_proteins/149010at5125.faa
# Option settings: hmmsearch --domtblout /home/arafat/Foxy_SIX_Evolution/results/busco/GCA_013085055.1/run_hypocreales_odb12.2/hmmer_output/149010at5125.out --cpu 1 /home/arafat/busco_downloads/lineages/hypocreales_odb12.2/hmms/149010at5125.hmm /home/arafat/Foxy_SIX_Evolution/results/busco/GCA_013085055.1/run_hypocreales_odb12.2/miniprot_output/translated_proteins/149010at5125.faa 
# Current dir:     /home/arafat/Foxy_SIX_Evolution
# Date:            Thu Sep 24 15:52:31 2026
# [ok]
