#                                                                                                                  --- full sequence --- -------------- this domain -------------   hmm coord   ali coord   env coord
# target name                                              accession   tlen query name           accession   qlen   E-value  score  bias   #  of  c-Evalue  i-Evalue  score  bias  from    to  from    to  from    to  acc description of target
#                                      ------------------- ---------- ----- -------------------- ---------- ----- --------- ------ ----- --- --- --------- --------- ------ ----- ----- ----- ----- ----- ----- ----- ---- ---------------------
149521at5125_2039874_0:0000fb|CP052038.1:2284579-2287100|- -            374 149521               -            328  4.9e-196  638.6   2.6   1   2  8.6e-141  8.6e-141  457.0   0.0     1   237     1   241     1   251 0.95 <unknown description>
149521at5125_2039874_0:0000fb|CP052038.1:2284579-2287100|- -            374 149521               -            328  4.9e-196  638.6   2.6   2   2   6.3e-57   6.3e-57  181.4   1.3   229   325   261   357   240   360 0.87 <unknown description>
149521at5125_660027_0:00028a|CP052038.1:2285908-2287100|-  -            364 149521               -            328  1.1e-195  637.4   2.9   1   2  7.9e-141  7.9e-141  457.1   0.0     1   237     1   241     1   251 0.95 <unknown description>
149521at5125_660027_0:00028a|CP052038.1:2285908-2287100|-  -            364 149521               -            328  1.1e-195  637.4   2.9   2   2   1.5e-56   1.5e-56  180.2   1.6   229   324   261   356   240   360 0.87 <unknown description>
149521at5125_73501_0:00107e|CP052038.1:2278189-2287097|-   -            367 149521               -            328    7e-195  634.8   3.0   1   2  2.6e-140  2.6e-140  455.4   0.0     5   237     5   240     1   253 0.95 <unknown description>
149521at5125_73501_0:00107e|CP052038.1:2278189-2287097|-   -            367 149521               -            328    7e-195  634.8   3.0   2   2   2.3e-56   2.3e-56  179.5   1.6   229   323   260   354   239   359 0.87 <unknown description>
149521at5125_595255_0:00226a|CP052038.1:2282699-2287100|-  -           1213 149521               -            328  4.8e-194  632.0   2.8   1   2  1.1e-139  1.1e-139  453.4   0.0     1   237     1   241     1   251 0.95 <unknown description>
149521at5125_595255_0:00226a|CP052038.1:2282699-2287100|-  -           1213 149521               -            328  4.8e-194  632.0   2.8   2   2     9e-56     9e-56  177.6   1.5   229   324   261   356   240   360 0.87 <unknown description>
149521at5125_2692428_0:0036a5|CP052038.1:2286549-2287100|- -            167 149521               -            328  7.3e-108  348.8   0.6   1   1    8e-108    8e-108  348.7   0.6     1   163     1   164     1   166 0.97 <unknown description>
149521at5125_2004951_0:001f0a|CP052038.1:2286690-2287100|- -            120 149521               -            328   5.4e-80  257.2   0.1   1   1   5.9e-80   5.9e-80  257.1   0.1     1   119     1   120     1   120 0.97 <unknown description>
#
# Program:         hmmsearch
# Version:         3.4 (Aug 2023)
# Pipeline mode:   SEARCH
# Query file:      /home/arafat/busco_downloads/lineages/hypocreales_odb12.2/hmms/149521at5125.hmm
# Target file:     /home/arafat/Foxy_SIX_Evolution/results/busco/GCA_013085055.1/run_hypocreales_odb12.2/miniprot_output/translated_proteins/149521at5125.faa
# Option settings: hmmsearch --domtblout /home/arafat/Foxy_SIX_Evolution/results/busco/GCA_013085055.1/run_hypocreales_odb12.2/hmmer_output/149521at5125.out --cpu 1 /home/arafat/busco_downloads/lineages/hypocreales_odb12.2/hmms/149521at5125.hmm /home/arafat/Foxy_SIX_Evolution/results/busco/GCA_013085055.1/run_hypocreales_odb12.2/miniprot_output/translated_proteins/149521at5125.faa 
# Current dir:     /home/arafat/Foxy_SIX_Evolution
# Date:            Thu Sep 24 15:52:14 2026
# [ok]
