#                                                                                                                  --- full sequence --- -------------- this domain -------------   hmm coord   ali coord   env coord
# target name                                              accession   tlen query name           accession   qlen   E-value  score  bias   #  of  c-Evalue  i-Evalue  score  bias  from    to  from    to  from    to  acc description of target
#                                      ------------------- ---------- ----- -------------------- ---------- ----- --------- ------ ----- --- --- --------- --------- ------ ----- ----- ----- ----- ----- ----- ----- ---- ---------------------
149809at5125_660027_0:002bf1|CP052045.1:2809190-2811256|+  -            654 149809               -            603         0 1066.6   0.2   1   1         0         0 1066.4   0.2     1   602    35   646    35   647 0.97 <unknown description>
149809at5125_47278_0:002127|CP052045.1:2809289-2820894|+   -            657 149809               -            603         0 1066.6   0.2   1   1         0         0 1066.3   0.2     1   602     2   613     2   614 0.97 <unknown description>
149809at5125_111463_0:001f1a|CP052045.1:2809289-2814140|+  -            659 149809               -            603         0 1066.6   0.2   1   1         0         0 1066.3   0.2     1   602     2   613     2   614 0.97 <unknown description>
149809at5125_1208366_0:000379|CP052045.1:2809289-2812850|+ -           1059 149809               -            603         0 1064.5   0.2   1   1         0         0 1064.1   0.2     1   602     2   613     2   614 0.97 <unknown description>
149809at5125_5544_1:000011|CP052045.1:2799441-2811214|+    -            703 149809               -            603         0 1061.8   0.1   1   1         0         0 1061.5   0.1     1   595    98   702    98   703 0.97 <unknown description>
149809at5125_1163406_0:000513|CP052045.1:2809289-2816125|+ -            663 149809               -            603  1.8e-301  990.3   6.0   1   1  4.3e-300  4.3e-300  985.7   6.0     1   602     2   616     2   617 0.95 <unknown description>
149809at5125_2502994_0:000501|CP052045.1:2809289-2810815|+ -            474 149809               -            603  1.8e-247  812.0   0.1   1   1    2e-247    2e-247  811.8   0.1     1   463     2   474     2   474 0.96 <unknown description>
149809at5125_29875_0:0005a2|CP052045.1:2809804-2811256|+   -            468 149809               -            603  1.9e-232  762.3   0.1   1   1  2.3e-232  2.3e-232  762.1   0.1   152   602     1   460     1   461 0.96 <unknown description>
149809at5125_96774_0:001d22|CP052045.1:2809289-2810293|+   -            317 149809               -            603  6.7e-168  549.1   6.2   1   1  7.6e-168  7.6e-168  549.0   6.2     1   310     2   316     2   317 0.97 <unknown description>
149809at5125_96774_0:000e6e|CP052045.1:2810437-2818236|+   -            307 149809               -            603  7.8e-131  426.7   0.6   1   1  9.1e-131  9.1e-131  426.5   0.6   341   602     1   266     1   267 0.96 <unknown description>
149809at5125_1399860_1:00063f|CP052045.1:2809289-2809768|+ -            142 149809               -            603   4.2e-79  255.9   4.3   1   1   4.7e-79   4.7e-79  255.7   4.3     1   140     2   142     2   142 0.98 <unknown description>
#
# Program:         hmmsearch
# Version:         3.4 (Aug 2023)
# Pipeline mode:   SEARCH
# Query file:      /home/arafat/busco_downloads/lineages/hypocreales_odb12.2/hmms/149809at5125.hmm
# Target file:     /home/arafat/Foxy_SIX_Evolution/results/busco/GCA_013085055.1/run_hypocreales_odb12.2/miniprot_output/translated_proteins/149809at5125.faa
# Option settings: hmmsearch --domtblout /home/arafat/Foxy_SIX_Evolution/results/busco/GCA_013085055.1/run_hypocreales_odb12.2/hmmer_output/149809at5125.out --cpu 1 /home/arafat/busco_downloads/lineages/hypocreales_odb12.2/hmms/149809at5125.hmm /home/arafat/Foxy_SIX_Evolution/results/busco/GCA_013085055.1/run_hypocreales_odb12.2/miniprot_output/translated_proteins/149809at5125.faa 
# Current dir:     /home/arafat/Foxy_SIX_Evolution
# Date:            Thu Sep 24 15:52:16 2026
# [ok]
