#                                                                                                                  --- full sequence --- -------------- this domain -------------   hmm coord   ali coord   env coord
# target name                                              accession   tlen query name           accession   qlen   E-value  score  bias   #  of  c-Evalue  i-Evalue  score  bias  from    to  from    to  from    to  acc description of target
#                                      ------------------- ---------- ----- -------------------- ---------- ----- --------- ------ ----- --- --- --------- --------- ------ ----- ----- ----- ----- ----- ----- ----- ---- ---------------------
149862at5125_1080343_0:000d14|CP052046.1:2079762-2083574|+ -           1210 149862               -            786  3.6e-296  972.7  97.7   1   5  5.9e-146  5.9e-146  476.0  17.6     1   310     1   387     1   395 0.78 <unknown description>
149862at5125_1080343_0:000d14|CP052046.1:2079762-2083574|+ -           1210 149862               -            786  3.6e-296  972.7  97.7   2   5   6.3e-13   6.3e-13   36.0  17.7   304   404   420   529   411   583 0.64 <unknown description>
149862at5125_1080343_0:000d14|CP052046.1:2079762-2083574|+ -           1210 149862               -            786  3.6e-296  972.7  97.7   3   5   6.4e-56   6.4e-56  178.2  34.5   314   633   577   958   564   962 0.67 <unknown description>
149862at5125_1080343_0:000d14|CP052046.1:2079762-2083574|+ -           1210 149862               -            786  3.6e-296  972.7  97.7   4   5   1.8e-06   1.8e-06   14.7   1.5   595   623   959   987   952  1000 0.82 <unknown description>
149862at5125_1080343_0:000d14|CP052046.1:2079762-2083574|+ -           1210 149862               -            786  3.6e-296  972.7  97.7   5   5   6.5e-86   6.5e-86  277.4   1.0   595   786  1003  1205   987  1205 0.84 <unknown description>
149862at5125_2604345_0:0043db|CP052046.1:2079762-2082378|+ -            829 149862               -            786  8.3e-198  647.4  69.7   1   3  3.6e-146  3.6e-146  476.6  18.2     1   310     1   387     1   407 0.78 <unknown description>
149862at5125_2604345_0:0043db|CP052046.1:2079762-2082378|+ -            829 149862               -            786  8.3e-198  647.4  69.7   2   3   2.3e-13   2.3e-13   37.5  16.7   304   404   420   529   412   575 0.65 <unknown description>
149862at5125_2604345_0:0043db|CP052046.1:2079762-2082378|+ -            829 149862               -            786  8.3e-198  647.4  69.7   3   3   4.7e-42   4.7e-42  132.3  21.0   313   534   576   827   559   829 0.69 <unknown description>
149862at5125_307937_0:000afb|CP052046.1:2079762-2081532|+  -            547 149862               -            786  1.2e-160  524.5  40.3   1   3    3e-138    3e-138  450.5  14.8     1   267     1   312     1   329 0.82 <unknown description>
149862at5125_307937_0:000afb|CP052046.1:2079762-2081532|+  -            547 149862               -            786  1.2e-160  524.5  40.3   2   3   1.7e-13   1.7e-13   37.9   0.1   262   310   331   387   320   392 0.79 <unknown description>
149862at5125_307937_0:000afb|CP052046.1:2079762-2081532|+  -            547 149862               -            786  1.2e-160  524.5  40.3   3   3   3.2e-14   3.2e-14   40.3  13.2   304   392   420   517   412   540 0.74 <unknown description>
149862at5125_72228_0:00066a|CP052046.1:2081961-2083574|+   -            521 149862               -            786  5.1e-136  443.1  39.6   1   3   2.5e-49   2.5e-49  156.4  25.2   421   633     1   269     1   273 0.72 <unknown description>
149862at5125_72228_0:00066a|CP052046.1:2081961-2083574|+   -            521 149862               -            786  5.1e-136  443.1  39.6   2   3   6.6e-07   6.6e-07   16.1   1.3   596   623   271   298   264   312 0.83 <unknown description>
149862at5125_72228_0:00066a|CP052046.1:2081961-2083574|+   -            521 149862               -            786  5.1e-136  443.1  39.6   3   3     2e-86     2e-86  279.1   1.4   595   786   314   516   301   516 0.84 <unknown description>
149862at5125_93591_0:000ebf|CP052046.1:2079762-2080764|+   -            291 149862               -            786  3.1e-135  440.5  13.8   1   1  2.2e-133  2.2e-133  434.4  13.8     1   247     1   291     1   291 0.82 <unknown description>
#
# Program:         hmmsearch
# Version:         3.4 (Aug 2023)
# Pipeline mode:   SEARCH
# Query file:      /home/arafat/busco_downloads/lineages/hypocreales_odb12.2/hmms/149862at5125.hmm
# Target file:     /home/arafat/Foxy_SIX_Evolution/results/busco/GCA_013085055.1/run_hypocreales_odb12.2/miniprot_output/translated_proteins/149862at5125.faa
# Option settings: hmmsearch --domtblout /home/arafat/Foxy_SIX_Evolution/results/busco/GCA_013085055.1/run_hypocreales_odb12.2/hmmer_output/149862at5125.out --cpu 1 /home/arafat/busco_downloads/lineages/hypocreales_odb12.2/hmms/149862at5125.hmm /home/arafat/Foxy_SIX_Evolution/results/busco/GCA_013085055.1/run_hypocreales_odb12.2/miniprot_output/translated_proteins/149862at5125.faa 
# Current dir:     /home/arafat/Foxy_SIX_Evolution
# Date:            Thu Sep 24 15:52:18 2026
# [ok]
