#                                                                                                                  --- full sequence --- -------------- this domain -------------   hmm coord   ali coord   env coord
# target name                                              accession   tlen query name           accession   qlen   E-value  score  bias   #  of  c-Evalue  i-Evalue  score  bias  from    to  from    to  from    to  acc description of target
#                                      ------------------- ---------- ----- -------------------- ---------- ----- --------- ------ ----- --- --- --------- --------- ------ ----- ----- ----- ----- ----- ----- ----- ---- ---------------------
150085at5125_660027_0:0005f4|CP052038.1:3874439-3877143|-  -            886 150085               -            629         0 1020.9  50.8   1   6   6.1e-22   6.1e-22   66.2   4.1     2    62    53   116    52   129 0.80 <unknown description>
150085at5125_660027_0:0005f4|CP052038.1:3874439-3877143|-  -            886 150085               -            629         0 1020.9  50.8   2   6   3.6e-11   3.6e-11   30.6  16.4    36   100   110   182   105   191 0.75 <unknown description>
150085at5125_660027_0:0005f4|CP052038.1:3874439-3877143|-  -            886 150085               -            629         0 1020.9  50.8   3   6   3.7e-06   3.7e-06   14.1   4.5    85   135   196   251   182   259 0.76 <unknown description>
150085at5125_660027_0:0005f4|CP052038.1:3874439-3877143|-  -            886 150085               -            629         0 1020.9  50.8   4   6   6.1e-20   6.1e-20   59.6   3.6   117   178   280   342   256   361 0.86 <unknown description>
150085at5125_660027_0:0005f4|CP052038.1:3874439-3877143|-  -            886 150085               -            629         0 1020.9  50.8   5   6   9.4e-05   9.4e-05    9.4   0.3   176   201   368   396   352   427 0.70 <unknown description>
150085at5125_660027_0:0005f4|CP052038.1:3874439-3877143|-  -            886 150085               -            629         0 1020.9  50.8   6   6    9e-262    9e-262  858.5   0.0   193   629   426   885   396   885 0.93 <unknown description>
150085at5125_1649127_0:00096e|CP052038.1:3874439-3880893|- -            939 150085               -            629  7.5e-307 1007.4  66.2   1   7         5         5   -7.9   6.6    41   109    29    97    12   104 0.41 <unknown description>
150085at5125_1649127_0:00096e|CP052038.1:3874439-3880893|- -            939 150085               -            629  7.5e-307 1007.4  66.2   2   7   3.3e-22   3.3e-22   67.1   4.5     2    62   106   169   105   182 0.81 <unknown description>
150085at5125_1649127_0:00096e|CP052038.1:3874439-3880893|- -            939 150085               -            629  7.5e-307 1007.4  66.2   3   7     4e-11     4e-11   30.5  16.4    36   100   163   235   158   242 0.75 <unknown description>
150085at5125_1649127_0:00096e|CP052038.1:3874439-3880893|- -            939 150085               -            629  7.5e-307 1007.4  66.2   4   7   2.8e-06   2.8e-06   14.5   4.0    85   135   249   304   237   313 0.76 <unknown description>
150085at5125_1649127_0:00096e|CP052038.1:3874439-3880893|- -            939 150085               -            629  7.5e-307 1007.4  66.2   5   7   5.4e-20   5.4e-20   59.8   3.2   117   178   333   395   321   415 0.85 <unknown description>
150085at5125_1649127_0:00096e|CP052038.1:3874439-3880893|- -            939 150085               -            629  7.5e-307 1007.4  66.2   6   7   0.00011   0.00011    9.2   0.3   176   200   421   448   404   477 0.73 <unknown description>
150085at5125_1649127_0:00096e|CP052038.1:3874439-3880893|- -            939 150085               -            629  7.5e-307 1007.4  66.2   7   7    1e-261    1e-261  858.3   0.1   193   629   479   938   449   938 0.93 <unknown description>
150085at5125_468837_0:0001b0|CP052038.1:3874439-3876231|-  -            582 150085               -            629  2.3e-278  913.3   8.3   1   3   5.8e-16   5.8e-16   46.5   1.3   141   178     1    38     1    59 0.87 <unknown description>
150085at5125_468837_0:0001b0|CP052038.1:3874439-3876231|-  -            582 150085               -            629  2.3e-278  913.3   8.3   2   3   5.3e-05   5.3e-05   10.3   0.5   176   202    64    93    47   125 0.68 <unknown description>
150085at5125_468837_0:0001b0|CP052038.1:3874439-3876231|-  -            582 150085               -            629  2.3e-278  913.3   8.3   3   3  3.2e-262  3.2e-262  860.0   0.0   194   629   123   581   115   581 0.94 <unknown description>
150085at5125_2004951_0:0012d1|CP052038.1:3874439-3875616|- -            377 150085               -            629  2.1e-246  807.7   0.0   1   1  2.6e-246  2.6e-246  807.4   0.0   267   629    12   376     6   376 0.99 <unknown description>
150085at5125_911162_0:00180e|CP052038.1:3874439-3874691|-  -             85 150085               -            629   1.8e-50  160.4   0.5   1   1     2e-50     2e-50  160.3   0.5   547   629     1    84     1    84 0.98 <unknown description>
#
# Program:         hmmsearch
# Version:         3.4 (Aug 2023)
# Pipeline mode:   SEARCH
# Query file:      /home/arafat/busco_downloads/lineages/hypocreales_odb12.2/hmms/150085at5125.hmm
# Target file:     /home/arafat/Foxy_SIX_Evolution/results/busco/GCA_013085055.1/run_hypocreales_odb12.2/miniprot_output/translated_proteins/150085at5125.faa
# Option settings: hmmsearch --domtblout /home/arafat/Foxy_SIX_Evolution/results/busco/GCA_013085055.1/run_hypocreales_odb12.2/hmmer_output/150085at5125.out --cpu 1 /home/arafat/busco_downloads/lineages/hypocreales_odb12.2/hmms/150085at5125.hmm /home/arafat/Foxy_SIX_Evolution/results/busco/GCA_013085055.1/run_hypocreales_odb12.2/miniprot_output/translated_proteins/150085at5125.faa 
# Current dir:     /home/arafat/Foxy_SIX_Evolution
# Date:            Thu Sep 24 15:52:21 2026
# [ok]
