#                                                                                                                --- full sequence --- -------------- this domain -------------   hmm coord   ali coord   env coord
# target name                                            accession   tlen query name           accession   qlen   E-value  score  bias   #  of  c-Evalue  i-Evalue  score  bias  from    to  from    to  from    to  acc description of target
#                                    ------------------- ---------- ----- -------------------- ---------- ----- --------- ------ ----- --- --- --------- --------- ------ ----- ----- ----- ----- ----- ----- ----- ---- ---------------------
150227at5125_29875_0:001854|CP052040.1:628325-631446|-   -            497 150227               -            410  1.1e-205  671.9  17.3   1   1  1.1e-203  1.1e-203  665.3  17.3     4   408    37   480    34   482 0.93 <unknown description>
150227at5125_254901_0:000936|CP052040.1:624003-631446|-  -            513 150227               -            410  1.2e-205  671.7  17.3   1   1  1.2e-203  1.2e-203  665.1  17.3     4   408    37   480    34   482 0.93 <unknown description>
150227at5125_1080343_0:000904|CP052040.1:629851-631446|- -            516 150227               -            410  1.3e-205  671.6  17.3   1   1  1.2e-203  1.2e-203  665.1  17.3     4   408    37   480    34   482 0.93 <unknown description>
150227at5125_93591_0:0016c6|CP052040.1:629962-631071|-   -            354 150227               -            410  1.4e-156  510.1  12.6   1   1  1.7e-154  1.7e-154  503.2  12.6    93   407     1   354     1   354 0.92 <unknown description>
150227at5125_334819_0:001137|CP052040.1:629851-630683|-  -            260 150227               -            410  3.6e-100  324.3   9.6   1   1  4.4e-100  4.4e-100  324.0   9.6   218   408    28   224    19   226 0.97 <unknown description>
150227at5125_334819_0:000f85|CP052040.1:630705-631446|-  -            230 150227               -            410   1.6e-70  226.7   5.7   1   1   3.2e-68   3.2e-68  219.1   5.7     4   149    37   202    34   213 0.92 <unknown description>
150227at5125_595255_0:003242|CP052040.1:630891-631443|-  -            185 150227               -            410   1.5e-67  216.9   1.2   1   1   1.8e-67   1.8e-67  216.6   1.2     4   133    36   165    33   183 0.94 <unknown description>
#
# Program:         hmmsearch
# Version:         3.4 (Aug 2023)
# Pipeline mode:   SEARCH
# Query file:      /home/arafat/busco_downloads/lineages/hypocreales_odb12.2/hmms/150227at5125.hmm
# Target file:     /home/arafat/Foxy_SIX_Evolution/results/busco/GCA_013085055.1/run_hypocreales_odb12.2/miniprot_output/translated_proteins/150227at5125.faa
# Option settings: hmmsearch --domtblout /home/arafat/Foxy_SIX_Evolution/results/busco/GCA_013085055.1/run_hypocreales_odb12.2/hmmer_output/150227at5125.out --cpu 1 /home/arafat/busco_downloads/lineages/hypocreales_odb12.2/hmms/150227at5125.hmm /home/arafat/Foxy_SIX_Evolution/results/busco/GCA_013085055.1/run_hypocreales_odb12.2/miniprot_output/translated_proteins/150227at5125.faa 
# Current dir:     /home/arafat/Foxy_SIX_Evolution
# Date:            Thu Sep 24 15:52:24 2026
# [ok]
