#                                                                                                                  --- full sequence --- -------------- this domain -------------   hmm coord   ali coord   env coord
# target name                                              accession   tlen query name           accession   qlen   E-value  score  bias   #  of  c-Evalue  i-Evalue  score  bias  from    to  from    to  from    to  acc description of target
#                                      ------------------- ---------- ----- -------------------- ---------- ----- --------- ------ ----- --- --- --------- --------- ------ ----- ----- ----- ----- ----- ----- ----- ---- ---------------------
150253at5125_1080343_0:0000db|CP052041.1:3467127-3468469|- -            431 150253               -            356  5.9e-206  673.4   7.1   1   1  8.5e-206  8.5e-206  672.9   7.1     7   353    74   420    68   423 0.96 <unknown description>
150253at5125_5507_3:001741|CP052041.1:3467127-3470624|-    -            802 150253               -            356  3.1e-205  671.0   7.1   1   1    5e-205    5e-205  670.4   7.1     7   353   445   791   439   794 0.96 <unknown description>
150253at5125_45235_0:000283|CP052041.1:3467163-3468202|-   -            330 150253               -            356  2.2e-203  664.9  11.2   1   1  2.5e-203  2.5e-203  664.8  11.2    25   350     3   328     1   330 0.99 <unknown description>
150253at5125_1247861_0:00204b|CP052041.1:3467187-3481337|- -           1544 150253               -            356  8.8e-203  663.0  10.0   1   1  2.9e-202  2.9e-202  661.3  10.0     7   343  1207  1543  1201  1544 0.97 <unknown description>
150253at5125_78864_0:00368f|CP052041.1:3440622-3468469|-   -            653 150253               -            356  2.6e-194  635.1   9.4   1   1  4.2e-194  4.2e-194  634.4   9.4     7   331    74   398    68   406 0.96 <unknown description>
150253at5125_485398_0:0012d8|CP052047.1:77948-79560|-      -            378 150253               -            356  1.1e-190  623.1  15.3   1   1  1.4e-190  1.4e-190  622.8  15.3    11   345    42   376    35   377 0.98 <unknown description>
150253at5125_1080343_0:0026f7|CP052047.1:77948-79176|-     -            392 150253               -            356  1.3e-190  622.9  15.3   1   1  1.6e-190  1.6e-190  622.7  15.3    11   345    56   390    49   391 0.98 <unknown description>
150253at5125_247652_0:001b50|CP052047.1:77954-83589|-      -            427 150253               -            356  2.1e-190  622.3  15.2   1   1  2.5e-190  2.5e-190  622.0  15.2    11   344    93   426    86   427 0.98 <unknown description>
150253at5125_29875_0:001bed|CP052047.1:78023-78966|-       -            297 150253               -            356  1.2e-174  570.4  15.5   1   1  1.3e-174  1.3e-174  570.3  15.5    27   322     2   297     1   297 0.99 <unknown description>
150253at5125_94208_0:000def|CP052041.1:3467376-3468055|-   -            210 150253               -            356  1.3e-136  445.3   7.7   1   1  1.5e-136  1.5e-136  445.1   7.7    72   281     1   210     1   210 1.00 <unknown description>
150253at5125_123648_0:000fb0|CP052041.1:3467563-3468469|-  -            303 150253               -            356  2.9e-135  440.9   1.1   1   1  4.3e-135  4.3e-135  440.3   1.1     7   236    74   303    68   303 0.96 <unknown description>
150253at5125_94208_0:000def|CP052047.1:78146-78828|-       -            210 150253               -            356  2.7e-131  427.8  10.6   1   1    3e-131    3e-131  427.7  10.6    73   281     2   210     1   210 1.00 <unknown description>
150253at5125_5507_1:0011c3|CP052047.1:77948-78549|-        -            183 150253               -            356  3.7e-104  338.6  13.5   1   1  4.1e-104  4.1e-104  338.4  13.5   165   345     1   181     1   182 0.99 <unknown description>
150253at5125_5507_1:0011c1|CP052047.1:78585-79176|-        -            198 150253               -            356   3.9e-73  236.5   0.8   1   1   4.7e-73   4.7e-73  236.2   0.8    11   153    56   198    49   198 0.96 <unknown description>
150253at5125_254901_0:000bbb|CP052041.1:3467187-3467511|-  -            109 150253               -            356   1.1e-65  212.0   6.5   1   1   1.2e-65   1.2e-65  211.9   6.5   236   343     1   108     1   109 0.99 <unknown description>
150253at5125_254901_0:000bbb|CP052047.1:77957-78281|-      -            109 150253               -            356     7e-63  202.8   7.3   1   1   7.7e-63   7.7e-63  202.6   7.3   236   344     1   109     1   109 0.99 <unknown description>
#
# Program:         hmmsearch
# Version:         3.4 (Aug 2023)
# Pipeline mode:   SEARCH
# Query file:      /home/arafat/busco_downloads/lineages/hypocreales_odb12.2/hmms/150253at5125.hmm
# Target file:     /home/arafat/Foxy_SIX_Evolution/results/busco/GCA_013085055.1/run_hypocreales_odb12.2/miniprot_output/translated_proteins/150253at5125.faa
# Option settings: hmmsearch --domtblout /home/arafat/Foxy_SIX_Evolution/results/busco/GCA_013085055.1/run_hypocreales_odb12.2/hmmer_output/150253at5125.out --cpu 1 /home/arafat/busco_downloads/lineages/hypocreales_odb12.2/hmms/150253at5125.hmm /home/arafat/Foxy_SIX_Evolution/results/busco/GCA_013085055.1/run_hypocreales_odb12.2/miniprot_output/translated_proteins/150253at5125.faa 
# Current dir:     /home/arafat/Foxy_SIX_Evolution
# Date:            Thu Sep 24 15:52:24 2026
# [ok]
