#                                                                                                                  --- full sequence --- -------------- this domain -------------   hmm coord   ali coord   env coord
# target name                                              accession   tlen query name           accession   qlen   E-value  score  bias   #  of  c-Evalue  i-Evalue  score  bias  from    to  from    to  from    to  acc description of target
#                                      ------------------- ---------- ----- -------------------- ---------- ----- --------- ------ ----- --- --- --------- --------- ------ ----- ----- ----- ----- ----- ----- ----- ---- ---------------------
150806at5125_396571_0:00143c|CP052039.1:3596132-3601440|+  -           1753 150806               -           1398         0 2717.8  63.1   1   4   1.3e-42   1.3e-42  134.6   1.1     1   128     1   166     1   196 0.76 <unknown description>
150806at5125_396571_0:00143c|CP052039.1:3596132-3601440|+  -           1753 150806               -           1398         0 2717.8  63.1   2   4         0         0 1447.6  16.4   125   803   216   920   191   936 0.94 <unknown description>
150806at5125_396571_0:00143c|CP052039.1:3596132-3601440|+  -           1753 150806               -           1398         0 2717.8  63.1   3   4   6.7e-08   6.7e-08   19.6   0.0   794   831   941   979   935   996 0.82 <unknown description>
150806at5125_396571_0:00143c|CP052039.1:3596132-3601440|+  -           1753 150806               -           1398         0 2717.8  63.1   4   4         0         0 1127.7  27.5   833  1397  1092  1692  1088  1693 0.93 <unknown description>
150806at5125_42672_0:00351c|CP052039.1:3596132-3599285|+   -           1052 150806               -           1398         0 1599.1  27.9   1   3   7.6e-43   7.6e-43  135.4   1.2     1   128     1   166     1   192 0.75 <unknown description>
150806at5125_42672_0:00351c|CP052039.1:3596132-3599285|+   -           1052 150806               -           1398         0 1599.1  27.9   2   3         0         0 1449.5  16.6   124   803   215   920   188   937 0.94 <unknown description>
150806at5125_42672_0:00351c|CP052039.1:3596132-3599285|+   -           1052 150806               -           1398         0 1599.1  27.9   3   3   3.8e-08   3.8e-08   20.4   0.1   794   831   941   979   928   994 0.84 <unknown description>
150806at5125_2773459_0:003201|CP052039.1:3598520-3601344|+ -            925 150806               -           1398         0 1310.4  41.3   1   3   1.5e-52   1.5e-52  167.5   1.1   695   803     1   124     1   141 0.84 <unknown description>
150806at5125_2773459_0:003201|CP052039.1:3598520-3601344|+ -            925 150806               -           1398         0 1310.4  41.3   2   3   3.5e-08   3.5e-08   20.6   0.0   794   831   145   183   142   200 0.82 <unknown description>
150806at5125_2773459_0:003201|CP052039.1:3598520-3601344|+ -            925 150806               -           1398         0 1310.4  41.3   3   3         0         0 1127.5  30.0   833  1397   296   896   292   897 0.93 <unknown description>
150806at5125_78861_0:0036e0|CP052039.1:3597173-3599192|+   -            674 150806               -           1398         0 1222.8  23.6   1   2         0         0 1202.7  20.5   248   803     1   573     1   588 0.96 <unknown description>
150806at5125_78861_0:0036e0|CP052039.1:3597173-3599192|+   -            674 150806               -           1398         0 1222.8  23.6   2   2   2.2e-08   2.2e-08   21.2   0.0   794   831   594   632   588   649 0.82 <unknown description>
150806at5125_44412_0:002d13|CP052039.1:3599258-3601440|+   -            711 150806               -           1398         0 1129.9  30.7   1   1         0         0 1128.0  30.7   833  1397    50   650    46   651 0.93 <unknown description>
150806at5125_1803897_0:0032f4|CP052039.1:3599309-3600924|+ -            522 150806               -           1398         0 1016.6   9.8   1   1         0         0 1016.4   9.8   833  1311    33   522    29   522 0.97 <unknown description>
150806at5125_2004952_0:000398|CP052039.1:3599636-3601320|+ -            545 150806               -           1398  2.5e-295  972.1  35.4   1   1    1e-294    1e-294  970.0  35.4   906  1397     1   524     1   525 0.93 <unknown description>
150806at5125_2004951_0:0008ad|CP052039.1:3596126-3597878|+ -            585 150806               -           1398  2.3e-272  896.0   6.5   1   2   3.6e-43   3.6e-43  136.5   1.5     1   128     3   168     3   193 0.75 <unknown description>
150806at5125_2004951_0:0008ad|CP052039.1:3596126-3597878|+ -            585 150806               -           1398  2.3e-272  896.0   6.5   2   2  6.4e-232  6.4e-232  761.9   0.3   124   481   217   585   186   585 0.94 <unknown description>
150806at5125_93591_0:001dd7|CP052039.1:3599399-3600636|+   -            396 150806               -           1398  1.4e-257  846.9   6.5   1   1  1.6e-257  1.6e-257  846.8   6.5   833  1221     4   396     1   396 0.98 <unknown description>
150806at5125_911162_0:000a30|CP052039.1:3601035-3601374|+  -            114 150806               -           1398     1e-21   65.4  10.3   1   1   1.2e-21   1.2e-21   65.1  10.3  1343  1397    15    75    10    76 0.87 <unknown description>
#
# Program:         hmmsearch
# Version:         3.4 (Aug 2023)
# Pipeline mode:   SEARCH
# Query file:      /home/arafat/busco_downloads/lineages/hypocreales_odb12.2/hmms/150806at5125.hmm
# Target file:     /home/arafat/Foxy_SIX_Evolution/results/busco/GCA_013085055.1/run_hypocreales_odb12.2/miniprot_output/translated_proteins/150806at5125.faa
# Option settings: hmmsearch --domtblout /home/arafat/Foxy_SIX_Evolution/results/busco/GCA_013085055.1/run_hypocreales_odb12.2/hmmer_output/150806at5125.out --cpu 1 /home/arafat/busco_downloads/lineages/hypocreales_odb12.2/hmms/150806at5125.hmm /home/arafat/Foxy_SIX_Evolution/results/busco/GCA_013085055.1/run_hypocreales_odb12.2/miniprot_output/translated_proteins/150806at5125.faa 
# Current dir:     /home/arafat/Foxy_SIX_Evolution
# Date:            Thu Sep 24 15:52:36 2026
# [ok]
