#                                                                                                                  --- full sequence --- -------------- this domain -------------   hmm coord   ali coord   env coord
# target name                                              accession   tlen query name           accession   qlen   E-value  score  bias   #  of  c-Evalue  i-Evalue  score  bias  from    to  from    to  from    to  acc description of target
#                                      ------------------- ---------- ----- -------------------- ---------- ----- --------- ------ ----- --- --- --------- --------- ------ ----- ----- ----- ----- ----- ----- ----- ---- ---------------------
150957at5125_1080343_0:000fd4|CP052046.1:1130812-1132740|- -            603 150957               -            476  8.2e-242  791.4  16.8   1   3    5e-137    5e-137  445.9   0.2     2   243     3   258     2   261 0.93 <unknown description>
150957at5125_1080343_0:000fd4|CP052046.1:1130812-1132740|- -            603 150957               -            476  8.2e-242  791.4  16.8   2   3   1.1e-09   1.1e-09   26.0   0.1   234   277   286   329   283   341 0.91 <unknown description>
150957at5125_1080343_0:000fd4|CP052046.1:1130812-1132740|- -            603 150957               -            476  8.2e-242  791.4  16.8   3   3  5.9e-100  5.9e-100  323.6   6.6   267   475   368   601   353   602 0.83 <unknown description>
150957at5125_655827_0:00070c|CP052046.1:1128598-1132737|-  -           1201 150957               -            476  4.5e-240  785.7  16.8   1   3  1.9e-136  1.9e-136  444.0   0.2     2   243     2   257     1   260 0.93 <unknown description>
150957at5125_655827_0:00070c|CP052046.1:1128598-1132737|-  -           1201 150957               -            476  4.5e-240  785.7  16.8   2   3   2.5e-09   2.5e-09   24.8   0.2   234   277   285   328   282   342 0.91 <unknown description>
150957at5125_655827_0:00070c|CP052046.1:1128598-1132737|-  -           1201 150957               -            476  4.5e-240  785.7  16.8   3   3   2.3e-99   2.3e-99  321.7   6.2   267   475   367   600   357   601 0.83 <unknown description>
150957at5125_426428_0:003a4f|CP052046.1:1131215-1132740|-  -            486 150957               -            476  1.7e-178  582.6  12.4   1   3  2.9e-137  2.9e-137  446.6   0.2     2   243     3   258     2   261 0.93 <unknown description>
150957at5125_426428_0:003a4f|CP052046.1:1131215-1132740|-  -            486 150957               -            476  1.7e-178  582.6  12.4   2   3   8.2e-10   8.2e-10   26.4   0.1   234   277   286   329   283   342 0.91 <unknown description>
150957at5125_426428_0:003a4f|CP052046.1:1131215-1132740|-  -            486 150957               -            476  1.7e-178  582.6  12.4   3   3   4.6e-36   4.6e-36  113.0   2.6   267   362   368   483   349   484 0.75 <unknown description>
150957at5125_1736662_0:001119|CP052046.1:1132124-1132740|- -            183 150957               -            476  2.6e-114  371.0   0.2   1   1  3.1e-114  3.1e-114  370.7   0.2     2   172     3   174     2   179 0.98 <unknown description>
150957at5125_96774_0:001a48|CP052046.1:1130812-1131314|-   -            151 150957               -            476   3.5e-83  268.3   6.5   1   1   3.9e-83   3.9e-83  268.2   6.5   332   475     1   149     1   150 0.94 <unknown description>
#
# Program:         hmmsearch
# Version:         3.4 (Aug 2023)
# Pipeline mode:   SEARCH
# Query file:      /home/arafat/busco_downloads/lineages/hypocreales_odb12.2/hmms/150957at5125.hmm
# Target file:     /home/arafat/Foxy_SIX_Evolution/results/busco/GCA_013085055.1/run_hypocreales_odb12.2/miniprot_output/translated_proteins/150957at5125.faa
# Option settings: hmmsearch --domtblout /home/arafat/Foxy_SIX_Evolution/results/busco/GCA_013085055.1/run_hypocreales_odb12.2/hmmer_output/150957at5125.out --cpu 1 /home/arafat/busco_downloads/lineages/hypocreales_odb12.2/hmms/150957at5125.hmm /home/arafat/Foxy_SIX_Evolution/results/busco/GCA_013085055.1/run_hypocreales_odb12.2/miniprot_output/translated_proteins/150957at5125.faa 
# Current dir:     /home/arafat/Foxy_SIX_Evolution
# Date:            Thu Sep 24 15:52:10 2026
# [ok]
