#                                                                                                                  --- full sequence --- -------------- this domain -------------   hmm coord   ali coord   env coord
# target name                                              accession   tlen query name           accession   qlen   E-value  score  bias   #  of  c-Evalue  i-Evalue  score  bias  from    to  from    to  from    to  acc description of target
#                                      ------------------- ---------- ----- -------------------- ---------- ----- --------- ------ ----- --- --- --------- --------- ------ ----- ----- ----- ----- ----- ----- ----- ---- ---------------------
151237at5125_1080343_0:001e88|CP052042.1:1132397-1136810|+ -           1472 151237               -            996         0 1330.0 131.9   1   7   6.5e-10   6.5e-10   26.0  14.9     1    66     1    71     1    82 0.78 <unknown description>
151237at5125_1080343_0:001e88|CP052042.1:1132397-1136810|+ -           1472 151237               -            996         0 1330.0 131.9   2   7    0.0017    0.0017    4.7   9.7    40   112    83   155    62   190 0.60 <unknown description>
151237at5125_1080343_0:001e88|CP052042.1:1132397-1136810|+ -           1472 151237               -            996         0 1330.0 131.9   3   7         5         5  -11.4  13.6    52   123   160   230   135   261 0.65 <unknown description>
151237at5125_1080343_0:001e88|CP052042.1:1132397-1136810|+ -           1472 151237               -            996         0 1330.0 131.9   4   7    1e-196    1e-196  644.4  37.2   130   546   369   843   223   856 0.81 <unknown description>
151237at5125_1080343_0:001e88|CP052042.1:1132397-1136810|+ -           1472 151237               -            996         0 1330.0 131.9   5   7  5.8e-171  5.8e-171  559.1  12.4   533   912   861  1266   846  1270 0.89 <unknown description>
151237at5125_1080343_0:001e88|CP052042.1:1132397-1136810|+ -           1472 151237               -            996         0 1330.0 131.9   6   7   6.6e-14   6.6e-14   39.2  13.7   898   963  1273  1348  1264  1356 0.78 <unknown description>
151237at5125_1080343_0:001e88|CP052042.1:1132397-1136810|+ -           1472 151237               -            996         0 1330.0 131.9   7   7   2.1e-26   2.1e-26   80.6   4.5   953   996  1427  1470  1422  1470 0.94 <unknown description>
151237at5125_2874508_0:0027c2|CP052042.1:1130876-1136810|+ -           1486 151237               -            996         0 1325.9 131.5   1   7   6.7e-09   6.7e-09   22.7  14.0     2    67    16    86    15    98 0.77 <unknown description>
151237at5125_2874508_0:0027c2|CP052042.1:1130876-1136810|+ -           1486 151237               -            996         0 1325.9 131.5   2   7    0.0064    0.0064    2.9  11.5    39   111    96   168    73   198 0.60 <unknown description>
151237at5125_2874508_0:0027c2|CP052042.1:1130876-1136810|+ -           1486 151237               -            996         0 1325.9 131.5   3   7         5         5  -10.4  12.6    52   123   174   244   148   274 0.65 <unknown description>
151237at5125_2874508_0:0027c2|CP052042.1:1130876-1136810|+ -           1486 151237               -            996         0 1325.9 131.5   4   7    8e-197    8e-197  644.7  36.8   130   546   383   857   237   869 0.81 <unknown description>
151237at5125_2874508_0:0027c2|CP052042.1:1130876-1136810|+ -           1486 151237               -            996         0 1325.9 131.5   5   7  5.3e-171  5.3e-171  559.3  12.3   533   912   875  1280   859  1285 0.89 <unknown description>
151237at5125_2874508_0:0027c2|CP052042.1:1130876-1136810|+ -           1486 151237               -            996         0 1325.9 131.5   6   7   6.8e-14   6.8e-14   39.2  13.7   898   963  1287  1362  1278  1370 0.78 <unknown description>
151237at5125_2874508_0:0027c2|CP052042.1:1130876-1136810|+ -           1486 151237               -            996         0 1325.9 131.5   7   7   2.1e-26   2.1e-26   80.6   4.5   953   996  1441  1484  1436  1484 0.94 <unknown description>
151237at5125_229533_0:000c97|CP052042.1:1132904-1135322|+  -            763 151237               -            996  2.6e-224  735.7  59.7   1   4   3.3e-69   3.3e-69  222.3  20.8   130   284   200   366    50   378 0.73 <unknown description>
151237at5125_229533_0:000c97|CP052042.1:1132904-1135322|+  -            763 151237               -            996  2.6e-224  735.7  59.7   2   4  9.5e-108  9.5e-108  349.9   3.9   284   470   388   577   383   581 0.97 <unknown description>
151237at5125_229533_0:000c97|CP052042.1:1132904-1135322|+  -            763 151237               -            996  2.6e-224  735.7  59.7   3   4   1.3e-06   1.3e-06   15.1   5.0   507   546   579   630   575   642 0.75 <unknown description>
151237at5125_229533_0:000c97|CP052042.1:1132904-1135322|+  -            763 151237               -            996  2.6e-224  735.7  59.7   4   4   3.9e-52   3.9e-52  165.8   6.1   533   644   648   763   633   763 0.89 <unknown description>
151237at5125_1399860_0:00125e|CP052042.1:1135088-1136810|+ -            575 151237               -            996  1.5e-192  630.6  46.1   1   3  6.7e-159  6.7e-159  519.2  12.5   569   912     4   369     1   373 0.91 <unknown description>
151237at5125_1399860_0:00125e|CP052042.1:1135088-1136810|+ -            575 151237               -            996  1.5e-192  630.6  46.1   2   3   1.5e-14   1.5e-14   41.3  13.1   899   963   377   451   372   459 0.77 <unknown description>
151237at5125_1399860_0:00125e|CP052042.1:1135088-1136810|+ -            575 151237               -            996  1.5e-192  630.6  46.1   3   3     7e-27     7e-27   82.2   4.5   953   996   530   573   525   573 0.94 <unknown description>
151237at5125_1399860_0:001254|CP052042.1:1132397-1134713|+ -            773 151237               -            996  5.7e-187  612.1  73.5   1   5   2.2e-09   2.2e-09   24.3  19.1     1    69     1    74     1   100 0.72 <unknown description>
151237at5125_1399860_0:001254|CP052042.1:1132397-1134713|+ -            773 151237               -            996  5.7e-187  612.1  73.5   2   5   4.3e-05   4.3e-05   10.1   3.9    39    78    82   122    62   156 0.69 <unknown description>
151237at5125_1399860_0:001254|CP052042.1:1132397-1134713|+ -            773 151237               -            996  5.7e-187  612.1  73.5   3   5         5         5  -11.5  14.9    52   123   160   230   135   261 0.65 <unknown description>
151237at5125_1399860_0:001254|CP052042.1:1132397-1134713|+ -            773 151237               -            996  5.7e-187  612.1  73.5   4   5   2.7e-69   2.7e-69  222.6  20.5   130   285   369   536   219   548 0.73 <unknown description>
151237at5125_1399860_0:001254|CP052042.1:1132397-1134713|+ -            773 151237               -            996  5.7e-187  612.1  73.5   5   5  7.3e-115  7.3e-115  373.4   1.8   284   486   557   766   552   772 0.95 <unknown description>
#
# Program:         hmmsearch
# Version:         3.4 (Aug 2023)
# Pipeline mode:   SEARCH
# Query file:      /home/arafat/busco_downloads/lineages/hypocreales_odb12.2/hmms/151237at5125.hmm
# Target file:     /home/arafat/Foxy_SIX_Evolution/results/busco/GCA_013085055.1/run_hypocreales_odb12.2/miniprot_output/translated_proteins/151237at5125.faa
# Option settings: hmmsearch --domtblout /home/arafat/Foxy_SIX_Evolution/results/busco/GCA_013085055.1/run_hypocreales_odb12.2/hmmer_output/151237at5125.out --cpu 1 /home/arafat/busco_downloads/lineages/hypocreales_odb12.2/hmms/151237at5125.hmm /home/arafat/Foxy_SIX_Evolution/results/busco/GCA_013085055.1/run_hypocreales_odb12.2/miniprot_output/translated_proteins/151237at5125.faa 
# Current dir:     /home/arafat/Foxy_SIX_Evolution
# Date:            Thu Sep 24 15:52:18 2026
# [ok]
