#                                                                                                                 --- full sequence --- -------------- this domain -------------   hmm coord   ali coord   env coord
# target name                                             accession   tlen query name           accession   qlen   E-value  score  bias   #  of  c-Evalue  i-Evalue  score  bias  from    to  from    to  from    to  acc description of target
#                                     ------------------- ---------- ----- -------------------- ---------- ----- --------- ------ ----- --- --- --------- --------- ------ ----- ----- ----- ----- ----- ----- ----- ---- ---------------------
151327at5125_5507_5:002a2f|CP052043.1:2612769-2614379|+   -            442 151327               -            433  9.1e-230  752.1   5.8   1   1  6.9e-230    1e-229  752.0   5.8     1   433     5   441     5   441 0.95 <unknown description>
151327at5125_595255_0:000154|CP052043.1:2612932-2614048|+ -            340 151327               -            433  3.8e-200  654.5   7.0   1   1  2.8e-200  4.3e-200  654.4   7.0     5   343     1   339     1   340 0.96 <unknown description>
151327at5125_131363_0:0004e9|CP052043.1:2612932-2613748|+ -            256 151327               -            433    6e-127  413.3   2.4   1   1  4.9e-127  7.3e-127  413.1   2.4     5   236     1   232     1   236 0.94 <unknown description>
151327at5125_96774_0:000d2b|CP052043.1:2613401-2614379|+  -            233 151327               -            433  2.6e-106  345.3  20.0   1   2  5.2e-100  7.8e-100  324.0  10.1   145   345     1   201     1   205 0.93 <unknown description>
151327at5125_96774_0:000d2b|CP052043.1:2613401-2614379|+  -            233 151327               -            433  2.6e-106  345.3  20.0   2   2   3.9e-10   5.8e-10   27.9   2.5   404   433   203   232   199   232 0.93 <unknown description>
151327at5125_468837_0:000045|CP052043.1:2613683-2614379|+ -            205 151327               -            433   5.2e-92  298.2   1.4   1   1   3.9e-92   5.8e-92  298.1   1.4   239   433     1   204     1   204 0.94 <unknown description>
151327at5125_62069_0:001176|CP052043.1:2612935-2613250|+  -            106 151327               -            433   3.4e-74  239.5   0.1   1   1   2.5e-74   3.7e-74  239.4   0.1     6   111     1   106     1   106 1.00 <unknown description>
#
# Program:         hmmsearch
# Version:         3.4 (Aug 2023)
# Pipeline mode:   SEARCH
# Query file:      /home/arafat/busco_downloads/lineages/hypocreales_odb12.2/hmms/151327at5125.hmm
# Target file:     /home/arafat/Foxy_SIX_Evolution/results/busco/GCA_013085055.1/run_hypocreales_odb12.2/miniprot_output/translated_proteins/151327at5125.faa
# Option settings: hmmsearch --domtblout /home/arafat/Foxy_SIX_Evolution/results/busco/GCA_013085055.1/run_hypocreales_odb12.2/hmmer_output/151327at5125.out --cpu 1 /home/arafat/busco_downloads/lineages/hypocreales_odb12.2/hmms/151327at5125.hmm /home/arafat/Foxy_SIX_Evolution/results/busco/GCA_013085055.1/run_hypocreales_odb12.2/miniprot_output/translated_proteins/151327at5125.faa 
# Current dir:     /home/arafat/Foxy_SIX_Evolution
# Date:            Thu Sep 24 15:52:20 2026
# [ok]
