#                                                                                                                  --- full sequence --- -------------- this domain -------------   hmm coord   ali coord   env coord
# target name                                              accession   tlen query name           accession   qlen   E-value  score  bias   #  of  c-Evalue  i-Evalue  score  bias  from    to  from    to  from    to  acc description of target
#                                      ------------------- ---------- ----- -------------------- ---------- ----- --------- ------ ----- --- --- --------- --------- ------ ----- ----- ----- ----- ----- ----- ----- ---- ---------------------
151703at5125_1089448_0:002298|CP052043.1:1324427-1326278|+ -            582 151703               -            454  6.4e-220  719.0  20.6   1   3   4.1e-13   4.1e-13   37.3   1.3    26    66    46    86     1   100 0.73 <unknown description>
151703at5125_1089448_0:002298|CP052043.1:1324427-1326278|+ -            582 151703               -            454  6.4e-220  719.0  20.6   2   3   3.5e-42   3.5e-42  133.1   4.9    56   185   131   262   113   271 0.86 <unknown description>
151703at5125_1089448_0:002298|CP052043.1:1324427-1326278|+ -            582 151703               -            454  6.4e-220  719.0  20.6   3   3    2e-171    2e-171  559.2   0.8   155   454   255   581   242   581 0.90 <unknown description>
151703at5125_2885761_0:001615|CP052043.1:1325443-1326385|+ -            315 151703               -            454  8.9e-139  451.6   5.2   1   1  1.1e-138  1.1e-138  451.3   5.2   213   432     1   238     1   247 0.93 <unknown description>
151703at5125_468837_0:00288c|CP052043.1:1325650-1326278|+  -            192 151703               -            454  3.1e-102  331.1   1.3   1   1  3.5e-102  3.5e-102  330.9   1.3   282   454     1   191     1   191 0.92 <unknown description>
151703at5125_1736662_0:00221f|CP052043.1:1324511-1325688|+ -            343 151703               -            454  2.2e-101  328.3   2.8   1   2   1.6e-13   1.6e-13   38.7   0.2    26    66    18    58     2    72 0.78 <unknown description>
151703at5125_1736662_0:00221f|CP052043.1:1324511-1325688|+ -            343 151703               -            454  2.2e-101  328.3   2.8   2   2   8.7e-90   8.7e-90  290.1   0.2    55   256   102   320    83   329 0.85 <unknown description>
151703at5125_2885761_0:0015ea|CP052043.1:1324427-1325249|+ -            275 151703               -            454   4.5e-53  169.0  16.0   1   2   1.8e-13   1.8e-13   38.5   1.8    26    66    46    86     1   100 0.72 <unknown description>
151703at5125_2885761_0:0015ea|CP052043.1:1324427-1325249|+ -            275 151703               -            454   4.5e-53  169.0  16.0   2   2     2e-42     2e-42  134.0   6.7    55   187   130   264   111   273 0.86 <unknown description>
#
# Program:         hmmsearch
# Version:         3.4 (Aug 2023)
# Pipeline mode:   SEARCH
# Query file:      /home/arafat/busco_downloads/lineages/hypocreales_odb12.2/hmms/151703at5125.hmm
# Target file:     /home/arafat/Foxy_SIX_Evolution/results/busco/GCA_013085055.1/run_hypocreales_odb12.2/miniprot_output/translated_proteins/151703at5125.faa
# Option settings: hmmsearch --domtblout /home/arafat/Foxy_SIX_Evolution/results/busco/GCA_013085055.1/run_hypocreales_odb12.2/hmmer_output/151703at5125.out --cpu 1 /home/arafat/busco_downloads/lineages/hypocreales_odb12.2/hmms/151703at5125.hmm /home/arafat/Foxy_SIX_Evolution/results/busco/GCA_013085055.1/run_hypocreales_odb12.2/miniprot_output/translated_proteins/151703at5125.faa 
# Current dir:     /home/arafat/Foxy_SIX_Evolution
# Date:            Thu Sep 24 15:52:27 2026
# [ok]
