#                                                                                                                  --- full sequence --- -------------- this domain -------------   hmm coord   ali coord   env coord
# target name                                              accession   tlen query name           accession   qlen   E-value  score  bias   #  of  c-Evalue  i-Evalue  score  bias  from    to  from    to  from    to  acc description of target
#                                      ------------------- ---------- ----- -------------------- ---------- ----- --------- ------ ----- --- --- --------- --------- ------ ----- ----- ----- ----- ----- ----- ----- ---- ---------------------
151964at5125_1089451_0:00046d|CP052038.1:3233811-3234649|+ -            213 151964               -            132   1.2e-73  234.6   4.3   1   1   1.6e-73   1.6e-73  234.3   4.3     1   132    77   211    77   211 0.95 <unknown description>
151964at5125_100902_0:00448c|CP052038.1:3234110-3234649|+  -            135 151964               -            132   2.6e-73  233.6   3.8   1   1   2.9e-73   2.9e-73  233.4   3.8     4   132     2   133     1   133 0.94 <unknown description>
151964at5125_5507_5:000480|CP052038.1:3234241-3234649|+    -            137 151964               -            132   1.4e-66  211.8   4.6   1   1   1.6e-66   1.6e-66  211.6   4.6    17   132    19   135     7   135 0.92 <unknown description>
151964at5125_2559223_0:000579|CP052038.1:3226848-3234649|+ -            138 151964               -            132   1.5e-66  211.7   4.5   1   1   1.7e-66   1.7e-66  211.5   4.5    18   132    21   136     8   136 0.92 <unknown description>
151964at5125_660025_0:002147|CP052038.1:3234110-3235212|+  -            136 151964               -            132   1.8e-66  211.5   2.9   1   1   2.1e-66   2.1e-66  211.3   2.9     4   120     2   121     1   131 0.92 <unknown description>
151964at5125_1081107_0:00181f|CP052038.1:3234319-3234643|+ -            109 151964               -            132   8.5e-65  206.0   6.9   1   1   9.4e-65   9.4e-65  205.9   6.9    25   132     1   109     1   109 0.98 <unknown description>
151964at5125_101028_0:000198|CP052038.1:3234110-3237134|+  -            181 151964               -            132   1.8e-62  198.5   2.2   1   1   2.2e-62   2.2e-62  198.2   2.2     4   111     2   112     1   120 0.92 <unknown description>
151964at5125_48495_0:0010d8|CP052038.1:3234295-3234848|+   -            168 151964               -            132   1.8e-59  188.8   5.2   1   1   2.5e-59   2.5e-59  188.3   5.2    23   125     7   110     2   114 0.95 <unknown description>
151964at5125_5127_0:002e2a|CP052038.1:3234110-3234541|+    -             99 151964               -            132   5.7e-58  183.9   2.8   1   1   6.1e-58   6.1e-58  183.9   2.8     4    97     2    97     1    99 0.93 <unknown description>
151964at5125_160324_0:003074|CP052038.1:3234292-3234577|+  -             96 151964               -            132   1.9e-55  175.8   4.9   1   1     2e-55     2e-55  175.7   4.9    23   110     8    96     1    96 0.95 <unknown description>
151964at5125_2559227_0:001551|CP052038.1:3234412-3234649|+ -             80 151964               -            132   5.7e-42  132.2   1.8   1   1   6.3e-42   6.3e-42  132.0   1.8    56   132     1    78     1    78 0.97 <unknown description>
#
# Program:         hmmsearch
# Version:         3.4 (Aug 2023)
# Pipeline mode:   SEARCH
# Query file:      /home/arafat/busco_downloads/lineages/hypocreales_odb12.2/hmms/151964at5125.hmm
# Target file:     /home/arafat/Foxy_SIX_Evolution/results/busco/GCA_013085055.1/run_hypocreales_odb12.2/miniprot_output/translated_proteins/151964at5125.faa
# Option settings: hmmsearch --domtblout /home/arafat/Foxy_SIX_Evolution/results/busco/GCA_013085055.1/run_hypocreales_odb12.2/hmmer_output/151964at5125.out --cpu 1 /home/arafat/busco_downloads/lineages/hypocreales_odb12.2/hmms/151964at5125.hmm /home/arafat/Foxy_SIX_Evolution/results/busco/GCA_013085055.1/run_hypocreales_odb12.2/miniprot_output/translated_proteins/151964at5125.faa 
# Current dir:     /home/arafat/Foxy_SIX_Evolution
# Date:            Thu Sep 24 15:52:30 2026
# [ok]
