#                                                                                                                  --- full sequence --- -------------- this domain -------------   hmm coord   ali coord   env coord
# target name                                              accession   tlen query name           accession   qlen   E-value  score  bias   #  of  c-Evalue  i-Evalue  score  bias  from    to  from    to  from    to  acc description of target
#                                      ------------------- ---------- ----- -------------------- ---------- ----- --------- ------ ----- --- --- --------- --------- ------ ----- ----- ----- ----- ----- ----- ----- ---- ---------------------
152046at5125_660027_0:002bed|CP052045.1:2066840-2071472|+  -           1505 152046               -           1076         0 1631.3 151.1   1   4        10        10  -13.7  10.6   250   290    15    60     3    97 0.39 <unknown description>
152046at5125_660027_0:002bed|CP052045.1:2066840-2071472|+  -           1505 152046               -           1076         0 1631.3 151.1   2   4   8.3e-69   8.3e-69  221.7  49.9     2   209   102   345   100   379 0.82 <unknown description>
152046at5125_660027_0:002bed|CP052045.1:2066840-2071472|+  -           1505 152046               -           1076         0 1631.3 151.1   3   4   2.9e-55   2.9e-55  176.9  37.8   172   408   431   690   347   693 0.74 <unknown description>
152046at5125_660027_0:002bed|CP052045.1:2066840-2071472|+  -           1505 152046               -           1076         0 1631.3 151.1   4   4         0         0 1255.9  38.1   338  1076   678  1501   656  1501 0.86 <unknown description>
152046at5125_2010991_0:003321|CP052045.1:2068675-2071472|+ -            914 152046               -           1076         0 1355.2  56.0   1   2   4.6e-15   4.6e-15   43.8  13.1   311   408     2   100     1   103 0.86 <unknown description>
152046at5125_2010991_0:003321|CP052045.1:2068675-2071472|+ -            914 152046               -           1076         0 1355.2  56.0   2   2         0         0 1314.2  38.9   345  1076    97   910    83   910 0.88 <unknown description>
152046at5125_983965_0:0019b1|CP052045.1:2069587-2071472|+  -            610 152046               -           1076         0 1024.4  14.4   1   1         0         0 1022.0  14.4   536  1076     1   606     1   606 0.87 <unknown description>
152046at5125_468837_0:0012b6|CP052045.1:2070028-2071472|+  -            463 152046               -           1076  2.7e-283  931.9   3.9   1   1  3.1e-283  3.1e-283  931.7   3.9   638  1076     1   459     1   459 0.95 <unknown description>
152046at5125_1567539_0:00364e|CP052045.1:2068324-2070496|+ -            725 152046               -           1076  1.6e-271  893.0  63.6   1   2     1e-51     1e-51  165.1  30.7   214   408     4   217     2   219 0.85 <unknown description>
152046at5125_1567539_0:00364e|CP052045.1:2068324-2070496|+ -            725 152046               -           1076  1.6e-271  893.0  63.6   2   2  2.6e-221  2.6e-221  726.7  33.3   333   790   200   725   181   725 0.82 <unknown description>
152046at5125_1053134_0:0020e2|CP052045.1:2066840-2069605|+ -            922 152046               -           1076  1.6e-189  621.4 159.1   1   5        10        10  -13.2  11.4   245   292    10    62     2    98 0.39 <unknown description>
152046at5125_1053134_0:0020e2|CP052045.1:2066840-2069605|+ -            922 152046               -           1076  1.6e-189  621.4 159.1   2   5     5e-34     5e-34  106.6  18.2     2    85   102   197   100   206 0.87 <unknown description>
152046at5125_1053134_0:0020e2|CP052045.1:2066840-2069605|+ -            922 152046               -           1076  1.6e-189  621.4 159.1   3   5   1.1e-31   1.1e-31   98.8  31.0    84   208   219   365   203   390 0.79 <unknown description>
152046at5125_1053134_0:0020e2|CP052045.1:2066840-2069605|+ -            922 152046               -           1076  1.6e-189  621.4 159.1   4   5   2.5e-55   2.5e-55  177.1  39.0   173   408   453   711   371   715 0.75 <unknown description>
152046at5125_1053134_0:0020e2|CP052045.1:2066840-2069605|+ -            922 152046               -           1076  1.6e-189  621.4 159.1   5   5   2.6e-84   2.6e-84  273.1  33.2   345   542   708   922   698   922 0.89 <unknown description>
152046at5125_2692428_0:003500|CP052045.1:2069488-2070628|+ -            381 152046               -           1076  2.6e-180  590.9   4.9   1   1    2e-179    2e-179  588.0   4.9   503   829     1   381     1   381 0.83 <unknown description>
152046at5125_1237068_0:00384a|CP052045.1:2066840-2068993|+ -            718 152046               -           1076  1.6e-109  356.5 104.9   1   3        10        10  -13.2  11.9   244   293     9    63     2    99 0.39 <unknown description>
152046at5125_1237068_0:00384a|CP052045.1:2066840-2068993|+ -            718 152046               -           1076  1.6e-109  356.5 104.9   2   3   5.9e-60   5.9e-60  192.4  58.1     2   208   102   365   100   395 0.80 <unknown description>
152046at5125_1237068_0:00384a|CP052045.1:2066840-2068993|+ -            718 152046               -           1076  1.6e-109  356.5 104.9   3   3   8.2e-56   8.2e-56  178.7  38.8   149   409   429   712   367   718 0.73 <unknown description>
152046at5125_2010991_0:0031d9|CP052045.1:2066840-2068525|+ -            541 152046               -           1076   2.7e-81  263.1  78.5   1   3        10        10  -12.7  12.0   243   293     8    63     2    99 0.39 <unknown description>
152046at5125_2010991_0:0031d9|CP052045.1:2066840-2068525|+ -            541 152046               -           1076   2.7e-81  263.1  78.5   2   3   1.4e-69   1.4e-69  224.3  50.1     2   208   102   344   100   373 0.82 <unknown description>
152046at5125_2010991_0:0031d9|CP052045.1:2066840-2068525|+ -            541 152046               -           1076   2.7e-81  263.1  78.5   3   3   7.5e-18   7.5e-18   53.0  20.4   150   261   409   525   347   537 0.66 <unknown description>
152046at5125_1567539_0:0035d8|CP052045.1:2066840-2068057|+ -            385 152046               -           1076   6.1e-73  235.4  40.2   1   2        10        10  -12.1  12.1   243   293     8    63     2    99 0.39 <unknown description>
152046at5125_1567539_0:0035d8|CP052045.1:2066840-2068057|+ -            385 152046               -           1076   6.1e-73  235.4  40.2   2   2   6.1e-73   6.1e-73  235.4  40.2     2   208   102   344   100   373 0.82 <unknown description>
#
# Program:         hmmsearch
# Version:         3.4 (Aug 2023)
# Pipeline mode:   SEARCH
# Query file:      /home/arafat/busco_downloads/lineages/hypocreales_odb12.2/hmms/152046at5125.hmm
# Target file:     /home/arafat/Foxy_SIX_Evolution/results/busco/GCA_013085055.1/run_hypocreales_odb12.2/miniprot_output/translated_proteins/152046at5125.faa
# Option settings: hmmsearch --domtblout /home/arafat/Foxy_SIX_Evolution/results/busco/GCA_013085055.1/run_hypocreales_odb12.2/hmmer_output/152046at5125.out --cpu 1 /home/arafat/busco_downloads/lineages/hypocreales_odb12.2/hmms/152046at5125.hmm /home/arafat/Foxy_SIX_Evolution/results/busco/GCA_013085055.1/run_hypocreales_odb12.2/miniprot_output/translated_proteins/152046at5125.faa 
# Current dir:     /home/arafat/Foxy_SIX_Evolution
# Date:            Thu Sep 24 15:52:31 2026
# [ok]
