#                                                                                                                  --- full sequence --- -------------- this domain -------------   hmm coord   ali coord   env coord
# target name                                              accession   tlen query name           accession   qlen   E-value  score  bias   #  of  c-Evalue  i-Evalue  score  bias  from    to  from    to  from    to  acc description of target
#                                      ------------------- ---------- ----- -------------------- ---------- ----- --------- ------ ----- --- --- --------- --------- ------ ----- ----- ----- ----- ----- ----- ----- ---- ---------------------
152211at5125_451672_0:004c8f|CP052041.1:3076532-3078304|-  -            576 152211               -            522  5.4e-291  955.2   1.2   1   2  5.6e-249  5.6e-249  816.6   0.0     3   441     7   461     5   472 0.94 <unknown description>
152211at5125_451672_0:004c8f|CP052041.1:3076532-3078304|-  -            576 152211               -            522  5.4e-291  955.2   1.2   2   2     3e-43     3e-43  137.7   0.3   433   519   479   567   476   570 0.92 <unknown description>
152211at5125_1736662_0:001794|CP052041.1:3076535-3079593|- -            714 152211               -            522  1.4e-290  953.9   1.2   1   2  1.1e-248  1.1e-248  815.6   0.0     3   441   146   600   144   611 0.94 <unknown description>
152211at5125_1736662_0:001794|CP052041.1:3076535-3079593|- -            714 152211               -            522  1.4e-290  953.9   1.2   2   2   4.1e-43   4.1e-43  137.3   0.3   433   519   618   706   615   709 0.92 <unknown description>
152211at5125_595255_0:00344d|CP052041.1:3069588-3078301|-  -            942 152211               -            522  4.1e-290  952.3   1.2   1   2  2.3e-248  2.3e-248  814.5   0.0     3   441     6   460     4   471 0.94 <unknown description>
152211at5125_595255_0:00344d|CP052041.1:3069588-3078301|-  -            942 152211               -            522  4.1e-290  952.3   1.2   2   2   5.9e-43   5.9e-43  136.7   0.3   433   519   478   566   475   569 0.92 <unknown description>
152211at5125_58853_0:00257e|CP052041.1:3076919-3078214|-   -            417 152211               -            522  1.6e-229  752.3   0.0   1   1  1.8e-229  1.8e-229  752.2   0.0    27   427     1   417     1   417 0.95 <unknown description>
152211at5125_1053134_0:000f29|CP052041.1:3077234-3078304|- -            342 152211               -            522  4.6e-178  582.6   0.2   1   1  5.2e-178  5.2e-178  582.4   0.2     3   323     7   342     5   342 0.94 <unknown description>
152211at5125_57161_0:003b03|CP052041.1:3076532-3077432|-   -            301 152211               -            522  7.1e-155  506.1   3.6   1   2  4.6e-113  4.6e-113  368.1   0.3   257   441     1   186     1   197 0.96 <unknown description>
152211at5125_57161_0:003b03|CP052041.1:3076532-3077432|-   -            301 152211               -            522  7.1e-155  506.1   3.6   2   2     1e-43     1e-43  139.3   0.3   433   519   204   292   201   295 0.92 <unknown description>
152211at5125_1291519_0:002a7e|CP052041.1:3077624-3078286|- -            206 152211               -            522  1.6e-107  349.8   0.3   1   1  1.8e-107  1.8e-107  349.6   0.3     4   200     2   206     1   206 0.95 <unknown description>
152211at5125_1079267_0:002f52|CP052041.1:3076532-3077126|- -            199 152211               -            522   7.7e-89  288.2   1.9   1   2   3.3e-46   3.3e-46  147.5   0.1   359   441     2    84     1    95 0.93 <unknown description>
152211at5125_1079267_0:002f52|CP052041.1:3076532-3077126|- -            199 152211               -            522   7.7e-89  288.2   1.9   2   2   4.2e-44   4.2e-44  140.5   0.3   433   519   102   190    99   193 0.92 <unknown description>
152211at5125_655844_0:0028b2|CP052041.1:3077789-3078286|-  -            151 152211               -            522     2e-86  280.2   0.1   1   1   2.2e-86   2.2e-86  280.1   0.1     4   152     2   151     1   151 0.98 <unknown description>
152211at5125_983965_0:0013c9|CP052041.1:3076571-3076946|-  -            126 152211               -            522   4.4e-49  157.0   1.2   1   2   6.4e-07   6.4e-07   17.9   0.0   418   442     1    25     1    36 0.82 <unknown description>
152211at5125_983965_0:0013c9|CP052041.1:3076571-3076946|-  -            126 152211               -            522   4.4e-49  157.0   1.2   2   2   2.2e-43   2.2e-43  138.2   0.6   433   514    42   125    39   126 0.92 <unknown description>
152211at5125_468837_0:0016ff|CP052041.1:3078103-3078280|-  -             60 152211               -            522   4.4e-31   97.6   0.1   1   1   4.8e-31   4.8e-31   97.5   0.1     5    64     1    60     1    60 0.99 <unknown description>
#
# Program:         hmmsearch
# Version:         3.4 (Aug 2023)
# Pipeline mode:   SEARCH
# Query file:      /home/arafat/busco_downloads/lineages/hypocreales_odb12.2/hmms/152211at5125.hmm
# Target file:     /home/arafat/Foxy_SIX_Evolution/results/busco/GCA_013085055.1/run_hypocreales_odb12.2/miniprot_output/translated_proteins/152211at5125.faa
# Option settings: hmmsearch --domtblout /home/arafat/Foxy_SIX_Evolution/results/busco/GCA_013085055.1/run_hypocreales_odb12.2/hmmer_output/152211at5125.out --cpu 1 /home/arafat/busco_downloads/lineages/hypocreales_odb12.2/hmms/152211at5125.hmm /home/arafat/Foxy_SIX_Evolution/results/busco/GCA_013085055.1/run_hypocreales_odb12.2/miniprot_output/translated_proteins/152211at5125.faa 
# Current dir:     /home/arafat/Foxy_SIX_Evolution
# Date:            Thu Sep 24 15:52:29 2026
# [ok]
