#                                                                                                                  --- full sequence --- -------------- this domain -------------   hmm coord   ali coord   env coord
# target name                                              accession   tlen query name           accession   qlen   E-value  score  bias   #  of  c-Evalue  i-Evalue  score  bias  from    to  from    to  from    to  acc description of target
#                                      ------------------- ---------- ----- -------------------- ---------- ----- --------- ------ ----- --- --- --------- --------- ------ ----- ----- ----- ----- ----- ----- ----- ---- ---------------------
152242at5125_660027_0:0017f1|CP052041.1:3620179-3623786|+  -           1135 152242               -            851         0 1668.9  24.5   1   3         7         7  -13.6  15.9   529   649    73   133    10   182 0.54 <unknown description>
152242at5125_660027_0:0017f1|CP052041.1:3620179-3623786|+  -           1135 152242               -            851         0 1668.9  24.5   2   3  1.5e-295  1.5e-295  971.5   0.0     8   445   213   652   206   659 0.97 <unknown description>
152242at5125_660027_0:0017f1|CP052041.1:3620179-3623786|+  -           1135 152242               -            851         0 1668.9  24.5   3   3  4.3e-215  4.3e-215  705.4  23.8   421   851   660  1134   651  1134 0.89 <unknown description>
152242at5125_1736662_0:002644|CP052041.1:3620740-3625037|+ -           1084 152242               -            851         0 1656.8  25.2   1   2  1.3e-295  1.3e-295  971.7   0.0     8   445    26   465    19   473 0.97 <unknown description>
152242at5125_1736662_0:002644|CP052041.1:3620740-3625037|+ -           1084 152242               -            851         0 1656.8  25.2   2   2    2e-208    2e-208  683.3  25.3   421   844   473   940   465   946 0.88 <unknown description>
152242at5125_983644_0:0000f6|CP052041.1:3609019-3623786|+  -           1139 152242               -            851         0 1642.1  29.2   1   3         7         7  -14.1  16.0   529   587    61   118    38   171 0.50 <unknown description>
152242at5125_983644_0:0000f6|CP052041.1:3609019-3623786|+  -           1139 152242               -            851         0 1642.1  29.2   2   3  8.3e-289  8.3e-289  949.2   0.2     8   445   201   656   194   663 0.96 <unknown description>
152242at5125_983644_0:0000f6|CP052041.1:3609019-3623786|+  -           1139 152242               -            851         0 1642.1  29.2   3   3  4.4e-215  4.4e-215  705.3  23.8   421   851   664  1138   657  1138 0.89 <unknown description>
152242at5125_468837_0:000c2f|CP052041.1:3620917-3623786|+  -            889 152242               -            851         0 1612.9  23.9   1   2  1.4e-275  1.4e-275  905.4   0.0    42   445     1   406     1   413 0.98 <unknown description>
152242at5125_468837_0:000c2f|CP052041.1:3620917-3623786|+  -            889 152242               -            851         0 1612.9  23.9   2   2  2.1e-215  2.1e-215  706.4  23.6   421   851   414   888   407   888 0.89 <unknown description>
152242at5125_655827_0:00204a|CP052041.1:3612529-3623786|+  -           1279 152242               -            851         0 1610.7  31.6   1   4         7         7  -14.3  16.4   529   658   150   218    83   258 0.54 <unknown description>
152242at5125_655827_0:00204a|CP052041.1:3612529-3623786|+  -           1279 152242               -            851         0 1610.7  31.6   2   4   1.3e-25   1.3e-25   78.4   0.1     8    58   290   340   283   345 0.91 <unknown description>
152242at5125_655827_0:00204a|CP052041.1:3612529-3623786|+  -           1279 152242               -            851         0 1610.7  31.6   3   4    9e-259    9e-259  849.8   0.1    55   445   388   796   386   803 0.96 <unknown description>
152242at5125_655827_0:00204a|CP052041.1:3612529-3623786|+  -           1279 152242               -            851         0 1610.7  31.6   4   4  4.8e-215  4.8e-215  705.2  23.5   421   851   804  1278   798  1278 0.89 <unknown description>
152242at5125_490622_0:0023cc|CP052041.1:3621821-3623786|+  -            656 152242               -            851         0 1014.0  29.0   1   2   1.4e-95   1.4e-95  310.0   0.3   274   445     1   173     1   179 0.96 <unknown description>
152242at5125_490622_0:0023cc|CP052041.1:3621821-3623786|+  -            656 152242               -            851         0 1014.0  29.0   2   2  9.7e-216  9.7e-216  707.5  23.7   421   851   181   655   175   655 0.89 <unknown description>
152242at5125_2559226_0:001342|CP052041.1:3613222-3621754|+ -            512 152242               -            851  3.5e-188  616.3   0.1   1   2         7         7  -12.2  16.3   529   659   111   180    47   222 0.54 <unknown description>
152242at5125_2559226_0:001342|CP052041.1:3613222-3621754|+ -            512 152242               -            851  3.5e-188  616.3   0.1   2   2  3.5e-188  3.5e-188  616.3   0.1     8   265   251   509   244   511 0.98 <unknown description>
#
# Program:         hmmsearch
# Version:         3.4 (Aug 2023)
# Pipeline mode:   SEARCH
# Query file:      /home/arafat/busco_downloads/lineages/hypocreales_odb12.2/hmms/152242at5125.hmm
# Target file:     /home/arafat/Foxy_SIX_Evolution/results/busco/GCA_013085055.1/run_hypocreales_odb12.2/miniprot_output/translated_proteins/152242at5125.faa
# Option settings: hmmsearch --domtblout /home/arafat/Foxy_SIX_Evolution/results/busco/GCA_013085055.1/run_hypocreales_odb12.2/hmmer_output/152242at5125.out --cpu 1 /home/arafat/busco_downloads/lineages/hypocreales_odb12.2/hmms/152242at5125.hmm /home/arafat/Foxy_SIX_Evolution/results/busco/GCA_013085055.1/run_hypocreales_odb12.2/miniprot_output/translated_proteins/152242at5125.faa 
# Current dir:     /home/arafat/Foxy_SIX_Evolution
# Date:            Thu Sep 24 15:52:29 2026
# [ok]
