#                                                                                                                  --- full sequence --- -------------- this domain -------------   hmm coord   ali coord   env coord
# target name                                              accession   tlen query name           accession   qlen   E-value  score  bias   #  of  c-Evalue  i-Evalue  score  bias  from    to  from    to  from    to  acc description of target
#                                      ------------------- ---------- ----- -------------------- ---------- ----- --------- ------ ----- --- --- --------- --------- ------ ----- ----- ----- ----- ----- ----- ----- ---- ---------------------
152758at5125_195108_0:000ff0|CP052039.1:4045558-4046772|+  -            389 152758               -            276    1e-133  433.7  94.9   1   2    1e-123    1e-123  400.9  59.5     4   235    17   251    14   257 0.96 <unknown description>
152758at5125_195108_0:000ff0|CP052039.1:4045558-4046772|+  -            389 152758               -            276    1e-133  433.7  94.9   2   2   1.7e-11   1.7e-11   32.8  34.8   187   265   249   331   246   361 0.77 <unknown description>
152758at5125_660027_0:000836|CP052039.1:4045558-4047358|+  -            565 152758               -            276  1.4e-131  426.7 101.4   1   4    1e-123    1e-123  400.9  58.0     4   235    17   251    14   256 0.96 <unknown description>
152758at5125_660027_0:000836|CP052039.1:4045558-4047358|+  -            565 152758               -            276  1.4e-131  426.7 101.4   2   4   1.6e-11   1.6e-11   32.9  33.7   187   265   249   331   246   339 0.73 <unknown description>
152758at5125_660027_0:000836|CP052039.1:4045558-4047358|+  -            565 152758               -            276  1.4e-131  426.7 101.4   3   4       1.6       1.6   -3.2   0.0   267   276   352   361   346   361 0.84 <unknown description>
152758at5125_660027_0:000836|CP052039.1:4045558-4047358|+  -            565 152758               -            276  1.4e-131  426.7 101.4   4   4      0.26      0.26   -0.6   0.4   210   234   398   423   367   451 0.69 <unknown description>
152758at5125_1080343_0:00150b|CP052039.1:4045558-4048065|+ -            820 152758               -            276  5.4e-129  418.2  98.5   1   9  1.7e-123  1.7e-123  400.2  57.5     4   234    17   250    14   255 0.96 <unknown description>
152758at5125_1080343_0:00150b|CP052039.1:4045558-4048065|+ -            820 152758               -            276  5.4e-129  418.2  98.5   2   9   1.6e-11   1.6e-11   32.9  33.0   187   265   249   331   246   339 0.73 <unknown description>
152758at5125_1080343_0:00150b|CP052039.1:4045558-4048065|+ -            820 152758               -            276  5.4e-129  418.2  98.5   3   9         3         3   -4.1   0.0   267   276   352   361   348   361 0.86 <unknown description>
152758at5125_1080343_0:00150b|CP052039.1:4045558-4048065|+ -            820 152758               -            276  5.4e-129  418.2  98.5   4   9       7.9       7.9   -5.5  12.2   206   228   409   432   379   441 0.50 <unknown description>
152758at5125_1080343_0:00150b|CP052039.1:4045558-4048065|+ -            820 152758               -            276  5.4e-129  418.2  98.5   5   9         8         8  -26.1  46.1   152   234   414   495   407   512 0.62 <unknown description>
152758at5125_1080343_0:00150b|CP052039.1:4045558-4048065|+ -            820 152758               -            276  5.4e-129  418.2  98.5   6   9         8         8  -15.2  33.4   184   242   495   553   484   558 0.56 <unknown description>
152758at5125_1080343_0:00150b|CP052039.1:4045558-4048065|+ -            820 152758               -            276  5.4e-129  418.2  98.5   7   9         8         8   -6.9  36.1   152   263   560   672   553   679 0.72 <unknown description>
152758at5125_1080343_0:00150b|CP052039.1:4045558-4048065|+ -            820 152758               -            276  5.4e-129  418.2  98.5   8   9         5         5   -4.8  23.0   173   228   695   750   682   757 0.73 <unknown description>
152758at5125_1080343_0:00150b|CP052039.1:4045558-4048065|+ -            820 152758               -            276  5.4e-129  418.2  98.5   9   9         8         8  -11.0  36.3   197   238   758   800   752   815 0.62 <unknown description>
152758at5125_36050_0:002464|CP052039.1:4044032-4048065|+   -           1022 152758               -            276  5.7e-129  418.1  97.7   1   7  1.2e-123  1.2e-123  400.7  56.2     4   234   250   483   247   487 0.96 <unknown description>
152758at5125_36050_0:002464|CP052039.1:4044032-4048065|+   -           1022 152758               -            276  5.7e-129  418.1  97.7   2   7     2e-11     2e-11   32.6  33.5   186   264   481   563   478   571 0.73 <unknown description>
152758at5125_36050_0:002464|CP052039.1:4044032-4048065|+   -           1022 152758               -            276  5.7e-129  418.1  97.7   3   7      0.38      0.38   -1.2   8.8   206   226   646   667   582   701 0.61 <unknown description>
152758at5125_36050_0:002464|CP052039.1:4044032-4048065|+   -           1022 152758               -            276  5.7e-129  418.1  97.7   4   7       3.2       3.2   -4.2  18.0   200   244   714   757   710   761 0.82 <unknown description>
152758at5125_36050_0:002464|CP052039.1:4044032-4048065|+   -           1022 152758               -            276  5.7e-129  418.1  97.7   5   7         8         8   -9.1  37.7   153   263   763   874   757   881 0.72 <unknown description>
152758at5125_36050_0:002464|CP052039.1:4044032-4048065|+   -           1022 152758               -            276  5.7e-129  418.1  97.7   6   7         7         7   -5.3  23.2   173   228   897   952   884   959 0.73 <unknown description>
152758at5125_36050_0:002464|CP052039.1:4044032-4048065|+   -           1022 152758               -            276  5.7e-129  418.1  97.7   7   7         8         8  -11.0  35.9   197   238   960  1002   955  1018 0.62 <unknown description>
152758at5125_45235_0:001d12|CP052039.1:4045480-4049291|+   -           1082 152758               -            276  7.8e-129  417.7  97.5   1   7  1.5e-123  1.5e-123  400.4  56.0     4   233    43   275    40   278 0.97 <unknown description>
152758at5125_45235_0:001d12|CP052039.1:4045480-4049291|+   -           1082 152758               -            276  7.8e-129  417.7  97.5   2   7   2.1e-11   2.1e-11   32.5  33.5   186   265   274   357   271   365 0.73 <unknown description>
152758at5125_45235_0:001d12|CP052039.1:4045480-4049291|+   -           1082 152758               -            276  7.8e-129  417.7  97.5   3   7         8         8   -7.0  13.4   201   225   435   459   405   473 0.53 <unknown description>
152758at5125_45235_0:001d12|CP052039.1:4045480-4049291|+   -           1082 152758               -            276  7.8e-129  417.7  97.5   4   7         8         8  -26.4  45.9   152   233   440   520   419   535 0.64 <unknown description>
152758at5125_45235_0:001d12|CP052039.1:4045480-4049291|+   -           1082 152758               -            276  7.8e-129  417.7  97.5   5   7         8         8  -18.3  36.4   184   245   521   582   510   589 0.58 <unknown description>
152758at5125_45235_0:001d12|CP052039.1:4045480-4049291|+   -           1082 152758               -            276  7.8e-129  417.7  97.5   6   7         8         8   -8.6  37.1   153   263   587   698   581   704 0.72 <unknown description>
152758at5125_45235_0:001d12|CP052039.1:4045480-4049291|+   -           1082 152758               -            276  7.8e-129  417.7  97.5   7   7      0.14      0.14    0.3  28.0   176   237   756   824   739   836 0.59 <unknown description>
152758at5125_468837_0:000371|CP052039.1:4045615-4053033|+  -            451 152758               -            276  8.3e-129  417.6 100.2   1   4  7.5e-123  7.5e-123  398.1  59.2     8   235     2   232     1   237 0.97 <unknown description>
152758at5125_468837_0:000371|CP052039.1:4045615-4053033|+  -            451 152758               -            276  8.3e-129  417.6 100.2   2   4   1.1e-11   1.1e-11   33.5  33.0   187   264   230   311   228   318 0.72 <unknown description>
152758at5125_468837_0:000371|CP052039.1:4045615-4053033|+  -            451 152758               -            276  8.3e-129  417.6 100.2   3   4       1.3       1.3   -2.9   0.0   267   276   333   342   327   342 0.84 <unknown description>
152758at5125_468837_0:000371|CP052039.1:4045615-4053033|+  -            451 152758               -            276  8.3e-129  417.6 100.2   4   4         8         8   -9.4  17.8   200   225   389   414   339   430 0.59 <unknown description>
152758at5125_1967640_0:000587|CP052039.1:4045618-4072897|+ -            746 152758               -            276  1.5e-127  413.5 101.4   1   8  3.9e-122  3.9e-122  395.7  59.2     8   235     1   231     1   236 0.97 <unknown description>
152758at5125_1967640_0:000587|CP052039.1:4045618-4072897|+ -            746 152758               -            276  1.5e-127  413.5 101.4   2   8   2.2e-11   2.2e-11   32.5  34.2   186   265   228   311   225   319 0.73 <unknown description>
152758at5125_1967640_0:000587|CP052039.1:4045618-4072897|+ -            746 152758               -            276  1.5e-127  413.5 101.4   3   8       2.3       2.3   -3.7   0.0   267   276   332   341   327   341 0.84 <unknown description>
152758at5125_1967640_0:000587|CP052039.1:4045618-4072897|+ -            746 152758               -            276  1.5e-127  413.5 101.4   4   8         8         8   -6.8  13.7   206   228   389   412   366   424 0.47 <unknown description>
152758at5125_1967640_0:000587|CP052039.1:4045618-4072897|+ -            746 152758               -            276  1.5e-127  413.5 101.4   5   8         8         8  -46.4  70.7   152   242   433   533   382   548 0.51 <unknown description>
152758at5125_1967640_0:000587|CP052039.1:4045618-4072897|+ -            746 152758               -            276  1.5e-127  413.5 101.4   6   8         8         8  -24.1  50.8   123   263   440   584   438   591 0.67 <unknown description>
152758at5125_1967640_0:000587|CP052039.1:4045618-4072897|+ -            746 152758               -            276  1.5e-127  413.5 101.4   7   8         8         8  -37.8  75.3   152   236   622   710   560   714 0.71 <unknown description>
152758at5125_1967640_0:000587|CP052039.1:4045618-4072897|+ -            746 152758               -            276  1.5e-127  413.5 101.4   8   8         8         8  -20.2  37.1   189   233   699   741   695   746 0.30 <unknown description>
152758at5125_307937_0:002dd7|CP052039.1:4045558-4046370|+  -            255 152758               -            276  9.4e-126  407.6  54.7   1   1  1.1e-125  1.1e-125  407.4  54.7     4   234    17   250    14   255 0.96 <unknown description>
#
# Program:         hmmsearch
# Version:         3.4 (Aug 2023)
# Pipeline mode:   SEARCH
# Query file:      /home/arafat/busco_downloads/lineages/hypocreales_odb12.2/hmms/152758at5125.hmm
# Target file:     /home/arafat/Foxy_SIX_Evolution/results/busco/GCA_013085055.1/run_hypocreales_odb12.2/miniprot_output/translated_proteins/152758at5125.faa
# Option settings: hmmsearch --domtblout /home/arafat/Foxy_SIX_Evolution/results/busco/GCA_013085055.1/run_hypocreales_odb12.2/hmmer_output/152758at5125.out --cpu 1 /home/arafat/busco_downloads/lineages/hypocreales_odb12.2/hmms/152758at5125.hmm /home/arafat/Foxy_SIX_Evolution/results/busco/GCA_013085055.1/run_hypocreales_odb12.2/miniprot_output/translated_proteins/152758at5125.faa 
# Current dir:     /home/arafat/Foxy_SIX_Evolution
# Date:            Thu Sep 24 15:52:35 2026
# [ok]
