#                                                                                                                  --- full sequence --- -------------- this domain -------------   hmm coord   ali coord   env coord
# target name                                              accession   tlen query name           accession   qlen   E-value  score  bias   #  of  c-Evalue  i-Evalue  score  bias  from    to  from    to  from    to  acc description of target
#                                      ------------------- ---------- ----- -------------------- ---------- ----- --------- ------ ----- --- --- --------- --------- ------ ----- ----- ----- ----- ----- ----- ----- ---- ---------------------
156070at5125_1081109_0:001e51|CP052041.1:3477229-3487870|+ -            448 156070               -            344  3.7e-197  643.3   0.0   1   1  4.7e-197  4.7e-197  643.0   0.0     2   341    13   368    12   371 0.94 <unknown description>
156070at5125_1080343_0:000233|CP052041.1:3486491-3487876|+ -            447 156070               -            344  4.1e-197  643.2   0.0   1   1  5.1e-197  5.1e-197  642.8   0.0     2   341    10   365     9   368 0.94 <unknown description>
156070at5125_58853_0:00187c|CP052041.1:3486521-3487600|+   -            345 156070               -            344  1.6e-193  631.3   0.0   1   1  1.8e-193  1.8e-193  631.2   0.0     4   330     2   344     1   345 0.94 <unknown description>
156070at5125_1237068_0:002403|CP052041.1:3486839-3487876|+ -            331 156070               -            344  4.1e-157  511.6   0.1   1   1  5.1e-157  5.1e-157  511.3   0.1    96   341     1   249     1   252 0.97 <unknown description>
156070at5125_2004951_0:00195c|CP052041.1:3486791-3487402|+ -            189 156070               -            344  5.4e-114  369.8   0.0   1   1    6e-114    6e-114  369.7   0.0    80   265     1   189     1   189 0.97 <unknown description>
156070at5125_2885761_0:0001ae|CP052041.1:3487252-3487876|+ -            209 156070               -            344   3.4e-84  271.9   0.5   1   1   4.3e-84   4.3e-84  271.5   0.5   215   341     1   127     1   130 0.98 <unknown description>
156070at5125_2885761_0:0001bd|CP052041.1:3486491-3487136|+ -            216 156070               -            344   3.8e-84  271.7   0.0   1   1   4.5e-84   4.5e-84  271.4   0.0     2   184    10   208     9   208 0.91 <unknown description>
156070at5125_1081104_0:001342|CP052041.1:3486491-3487299|+ -            270 156070               -            344   7.9e-84  270.6   0.0   1   1   9.9e-84   9.9e-84  270.3   0.0     2   184    10   208     9   208 0.91 <unknown description>
156070at5125_1081104_0:0013af|CP052041.1:3487396-3487870|+ -            159 156070               -            344     1e-53  171.6   1.3   1   1   1.3e-53   1.3e-53  171.2   1.3   263   341     1    79     1    82 0.97 <unknown description>
#
# Program:         hmmsearch
# Version:         3.4 (Aug 2023)
# Pipeline mode:   SEARCH
# Query file:      /home/arafat/busco_downloads/lineages/hypocreales_odb12.2/hmms/156070at5125.hmm
# Target file:     /home/arafat/Foxy_SIX_Evolution/results/busco/GCA_013085055.1/run_hypocreales_odb12.2/miniprot_output/translated_proteins/156070at5125.faa
# Option settings: hmmsearch --domtblout /home/arafat/Foxy_SIX_Evolution/results/busco/GCA_013085055.1/run_hypocreales_odb12.2/hmmer_output/156070at5125.out --cpu 1 /home/arafat/busco_downloads/lineages/hypocreales_odb12.2/hmms/156070at5125.hmm /home/arafat/Foxy_SIX_Evolution/results/busco/GCA_013085055.1/run_hypocreales_odb12.2/miniprot_output/translated_proteins/156070at5125.faa 
# Current dir:     /home/arafat/Foxy_SIX_Evolution
# Date:            Thu Sep 24 15:52:39 2026
# [ok]
