#                                                                                                                  --- full sequence --- -------------- this domain -------------   hmm coord   ali coord   env coord
# target name                                              accession   tlen query name           accession   qlen   E-value  score  bias   #  of  c-Evalue  i-Evalue  score  bias  from    to  from    to  from    to  acc description of target
#                                      ------------------- ---------- ----- -------------------- ---------- ----- --------- ------ ----- --- --- --------- --------- ------ ----- ----- ----- ----- ----- ----- ----- ---- ---------------------
156795at5125_192010_0:0023be|CP052042.1:2035529-2038108|-  -            751 156795               -            684         0 1453.3   0.0   1   2   1.4e-05   1.4e-05   12.2   0.0     1    20     1    20     1    24 0.94 <unknown description>
156795at5125_192010_0:0023be|CP052042.1:2035529-2038108|-  -            751 156795               -            684         0 1453.3   0.0   2   2         0         0 1439.2   0.0    16   684    81   750    69   750 0.99 <unknown description>
156795at5125_1896173_0:002306|CP052042.1:2035529-2037482|- -            615 156795               -            684         0 1309.7   0.0   1   1         0         0 1309.6   0.0    72   684     1   614     1   614 1.00 <unknown description>
156795at5125_2898544_0:0017bc|CP052042.1:2035541-2036995|- -            466 156795               -            684  1.7e-298  980.2   0.0   1   1  1.9e-298  1.9e-298  980.1   0.0   218   681     2   466     1   466 1.00 <unknown description>
156795at5125_1328300_0:001404|CP052042.1:2036135-2038108|- -            427 156795               -            684  2.3e-224  735.3   0.1   1   2   3.6e-05   3.6e-05   10.8   0.0     1    18     1    18     1    20 0.94 <unknown description>
156795at5125_1328300_0:001404|CP052042.1:2036135-2038108|- -            427 156795               -            684  2.3e-224  735.3   0.1   2   2  7.4e-221  7.4e-221  723.7   0.0    95   446    19   371    18   390 0.98 <unknown description>
156795at5125_93591_0:00021f|CP052042.1:2036647-2038108|-   -            333 156795               -            684  8.4e-210  687.1   0.1   1   1  9.4e-210  9.4e-210  687.0   0.1     1   332     1   333     1   333 1.00 <unknown description>
156795at5125_468837_0:001a17|CP052042.1:2035529-2036383|-  -            266 156795               -            684  8.3e-176  574.8   0.0   1   1  9.2e-176  9.2e-176  574.6   0.0   420   684     1   265     1   265 1.00 <unknown description>
156795at5125_1325734_0:002396|CP052042.1:2035942-2036701|- -            254 156795               -            684  1.1e-165  541.4   0.0   1   1  1.2e-165  1.2e-165  541.2   0.0   314   567     1   254     1   254 1.00 <unknown description>
156795at5125_195108_0:000164|CP052042.1:2036221-2036698|-  -            160 156795               -            684  7.2e-103  333.7   0.1   1   1  7.9e-103  7.9e-103  333.6   0.1   315   474     1   160     1   160 0.99 <unknown description>
#
# Program:         hmmsearch
# Version:         3.4 (Aug 2023)
# Pipeline mode:   SEARCH
# Query file:      /home/arafat/busco_downloads/lineages/hypocreales_odb12.2/hmms/156795at5125.hmm
# Target file:     /home/arafat/Foxy_SIX_Evolution/results/busco/GCA_013085055.1/run_hypocreales_odb12.2/miniprot_output/translated_proteins/156795at5125.faa
# Option settings: hmmsearch --domtblout /home/arafat/Foxy_SIX_Evolution/results/busco/GCA_013085055.1/run_hypocreales_odb12.2/hmmer_output/156795at5125.out --cpu 1 /home/arafat/busco_downloads/lineages/hypocreales_odb12.2/hmms/156795at5125.hmm /home/arafat/Foxy_SIX_Evolution/results/busco/GCA_013085055.1/run_hypocreales_odb12.2/miniprot_output/translated_proteins/156795at5125.faa 
# Current dir:     /home/arafat/Foxy_SIX_Evolution
# Date:            Thu Sep 24 15:52:41 2026
# [ok]
