#                                                                                                                  --- full sequence --- -------------- this domain -------------   hmm coord   ali coord   env coord
# target name                                              accession   tlen query name           accession   qlen   E-value  score  bias   #  of  c-Evalue  i-Evalue  score  bias  from    to  from    to  from    to  acc description of target
#                                      ------------------- ---------- ----- -------------------- ---------- ----- --------- ------ ----- --- --- --------- --------- ------ ----- ----- ----- ----- ----- ----- ----- ---- ---------------------
157586at5125_1080343_0:000f07|CP052046.1:1545797-1548836|+ -            977 157586               -            975         0 1973.7   0.1   1   1         0         0 1973.4   0.1    11   975    18   976    10   976 0.98 <unknown description>
157586at5125_1195189_0:000de4|CP052046.1:1544858-1548836|+ -            995 157586               -            975         0 1973.6   0.1   1   1         0         0 1973.3   0.1    11   975    36   994    27   994 0.98 <unknown description>
157586at5125_1081107_0:000c3d|CP052046.1:1538163-1548836|+ -            996 157586               -            975         0 1973.6   0.1   1   1         0         0 1973.3   0.1    11   975    37   995    28   995 0.98 <unknown description>
157586at5125_983965_0:000618|CP052046.1:1540949-1548836|+  -            931 157586               -            975         0 1860.0   3.0   1   1         0         0 1859.7   3.0   115   975    71   930    67   930 0.99 <unknown description>
157586at5125_2004952_0:0005f8|CP052046.1:1546088-1548293|+ -            719 157586               -            975         0 1578.4  10.6   1   1         0         0 1574.0  10.6    96   786     1   711     1   718 0.98 <unknown description>
157586at5125_72228_0:001537|CP052046.1:1546961-1548836|+   -            626 157586               -            975         0 1312.8   3.9   1   1         0         0 1312.7   3.9   350   975     1   625     1   625 0.99 <unknown description>
157586at5125_2604345_0:002acb|CP052046.1:1545797-1547378|+ -            491 157586               -            975  3.7e-303  996.8   0.0   1   1  4.5e-303  4.5e-303  996.6   0.0    11   489    18   491    10   491 0.98 <unknown description>
#
# Program:         hmmsearch
# Version:         3.4 (Aug 2023)
# Pipeline mode:   SEARCH
# Query file:      /home/arafat/busco_downloads/lineages/hypocreales_odb12.2/hmms/157586at5125.hmm
# Target file:     /home/arafat/Foxy_SIX_Evolution/results/busco/GCA_013085055.1/run_hypocreales_odb12.2/miniprot_output/translated_proteins/157586at5125.faa
# Option settings: hmmsearch --domtblout /home/arafat/Foxy_SIX_Evolution/results/busco/GCA_013085055.1/run_hypocreales_odb12.2/hmmer_output/157586at5125.out --cpu 1 /home/arafat/busco_downloads/lineages/hypocreales_odb12.2/hmms/157586at5125.hmm /home/arafat/Foxy_SIX_Evolution/results/busco/GCA_013085055.1/run_hypocreales_odb12.2/miniprot_output/translated_proteins/157586at5125.faa 
# Current dir:     /home/arafat/Foxy_SIX_Evolution
# Date:            Thu Sep 24 15:52:30 2026
# [ok]
