#                                                                                                                  --- full sequence --- -------------- this domain -------------   hmm coord   ali coord   env coord
# target name                                              accession   tlen query name           accession   qlen   E-value  score  bias   #  of  c-Evalue  i-Evalue  score  bias  from    to  from    to  from    to  acc description of target
#                                      ------------------- ---------- ----- -------------------- ---------- ----- --------- ------ ----- --- --- --------- --------- ------ ----- ----- ----- ----- ----- ----- ----- ---- ---------------------
159568at5125_61374_0:001247|CP052040.1:3672299-3673813|+   -            472 159568               -            457  4.2e-269  881.6   0.0   1   1  3.6e-267  3.6e-267  875.2   0.0     2   457     2   471     1   471 0.96 <unknown description>
159568at5125_655827_0:000218|CP052040.1:3670829-3673813|+  -            427 159568               -            457  1.4e-241  790.8   0.0   1   2    0.0014    0.0014    6.2   0.0     6    56    20    65    15    66 0.81 <unknown description>
159568at5125_655827_0:000218|CP052040.1:3670829-3673813|+  -            427 159568               -            457  1.4e-241  790.8   0.0   2   2  1.6e-239  1.6e-239  784.0   0.0    97   457    66   426    64   426 1.00 <unknown description>
159568at5125_2773459_0:002808|CP052040.1:3672701-3673813|+ -            355 159568               -            457  8.9e-234  765.1   0.0   1   1    1e-233    1e-233  764.9   0.0   104   457     1   354     1   354 1.00 <unknown description>
159568at5125_42747_0:001d56|CP052040.1:3672994-3673813|+   -            274 159568               -            457  2.7e-176  575.6   0.0   1   1  3.2e-176  3.2e-176  575.4   0.0   189   457     5   273     2   273 0.99 <unknown description>
159568at5125_2714763_0:00154e|CP052040.1:3672299-3673168|+ -            257 159568               -            457  1.1e-127  415.3   0.1   1   1  1.7e-125  1.7e-125  408.2   0.1     2   243     2   257     1   257 0.92 <unknown description>
159568at5125_254901_0:0016f7|CP052040.1:3672299-3672968|+  -            207 159568               -            457     1e-89  290.2   0.1   1   1   1.9e-87   1.9e-87  282.7   0.1     2   190     2   204     1   206 0.91 <unknown description>
159568at5125_2692428_0:002679|CP052040.1:3672551-3673052|+ -            136 159568               -            457   5.3e-77  248.3   0.2   1   1   6.4e-77   6.4e-77  248.0   0.2    71   191     1   121     1   125 0.99 <unknown description>
159568at5125_1081105_0:0001d3|CP052040.1:3672401-3672629|+ -             77 159568               -            457   9.2e-24   72.8   0.1   1   1   2.5e-22   2.5e-22   68.0   0.1    56    96    36    76     1    76 0.92 <unknown description>
#
# Program:         hmmsearch
# Version:         3.4 (Aug 2023)
# Pipeline mode:   SEARCH
# Query file:      /home/arafat/busco_downloads/lineages/hypocreales_odb12.2/hmms/159568at5125.hmm
# Target file:     /home/arafat/Foxy_SIX_Evolution/results/busco/GCA_013085055.1/run_hypocreales_odb12.2/miniprot_output/translated_proteins/159568at5125.faa
# Option settings: hmmsearch --domtblout /home/arafat/Foxy_SIX_Evolution/results/busco/GCA_013085055.1/run_hypocreales_odb12.2/hmmer_output/159568at5125.out --cpu 1 /home/arafat/busco_downloads/lineages/hypocreales_odb12.2/hmms/159568at5125.hmm /home/arafat/Foxy_SIX_Evolution/results/busco/GCA_013085055.1/run_hypocreales_odb12.2/miniprot_output/translated_proteins/159568at5125.faa 
# Current dir:     /home/arafat/Foxy_SIX_Evolution
# Date:            Thu Sep 24 15:52:41 2026
# [ok]
