#                                                                                                                  --- full sequence --- -------------- this domain -------------   hmm coord   ali coord   env coord
# target name                                              accession   tlen query name           accession   qlen   E-value  score  bias   #  of  c-Evalue  i-Evalue  score  bias  from    to  from    to  from    to  acc description of target
#                                      ------------------- ---------- ----- -------------------- ---------- ----- --------- ------ ----- --- --- --------- --------- ------ ----- ----- ----- ----- ----- ----- ----- ---- ---------------------
161397at5125_1080343_0:000893|CP052040.1:1728107-1729705|- -            477 161397               -            376  2.6e-151  493.2   0.0   1   1  3.7e-151  3.7e-151  492.7   0.0    15   361    51   426    26   455 0.84 <unknown description>
161397at5125_660122_0:0015f7|CP052040.1:1727576-1729705|-  -            522 161397               -            376  3.5e-151  492.8   0.0   1   1  5.1e-151  5.1e-151  492.3   0.0    15   361    51   426    26   455 0.84 <unknown description>
161397at5125_1159556_0:000a54|CP052040.1:1728234-1732863|- -            484 161397               -            376  3.8e-151  492.7   0.0   1   1  5.1e-151  5.1e-151  492.3   0.0    15   361    80   455    56   484 0.85 <unknown description>
161397at5125_45235_0:001492|CP052040.1:1728372-1729630|-   -            384 161397               -            376  1.1e-150  491.1   0.0   1   1  1.4e-150  1.4e-150  490.8   0.0     3   343     3   383     1   384 0.86 <unknown description>
161397at5125_1491466_0:000cd5|CP052040.1:1722666-1729525|- -            412 161397               -            376  1.3e-148  484.4   0.0   1   1  1.7e-148  1.7e-148  484.0   0.0    25   361     1   366     1   395 0.87 <unknown description>
161397at5125_94208_0:0021c6|CP052040.1:1728372-1734759|-   -            448 161397               -            376  5.6e-148  482.3   0.9   1   2   1.1e-58   1.1e-58  188.4   0.0    15   148    71   213    47   220 0.85 <unknown description>
161397at5125_94208_0:0021c6|CP052040.1:1728372-1734759|-   -            448 161397               -            376  5.6e-148  482.3   0.9   2   2     2e-90     2e-90  292.9   0.6   129   343   219   447   211   448 0.87 <unknown description>
161397at5125_72228_0:001a13|CP052040.1:1728642-1729630|-   -            294 161397               -            376  6.2e-112  363.7   0.0   1   1  7.9e-112  7.9e-112  363.3   0.0     3   261     3   294     1   294 0.85 <unknown description>
161397at5125_63577_0:00045f|CP052040.1:1728420-1729196|-   -            240 161397               -            376  1.2e-105  342.9   0.8   1   1  1.4e-105  1.4e-105  342.8   0.8   109   330     1   240     1   240 0.90 <unknown description>
161397at5125_468837_0:00089a|CP052040.1:1728963-1729543|-  -            158 161397               -            376     7e-72  231.8   0.1   1   1   8.2e-72   8.2e-72  231.6   0.1    20   163     2   158     1   158 0.92 <unknown description>
161397at5125_1567539_0:0033dc|CP052040.1:1728107-1728921|- -            252 161397               -            376   3.3e-65  209.9   0.0   1   1   4.8e-65   4.8e-65  209.4   0.0   181   361     6   201     1   230 0.83 <unknown description>
161397at5125_1567539_0:000d60|CP052040.1:1729097-1729705|- -            187 161397               -            376   9.9e-59  188.6   0.0   1   1   1.4e-58   1.4e-58  188.1   0.0     3   140    28   185    26   187 0.83 <unknown description>
#
# Program:         hmmsearch
# Version:         3.4 (Aug 2023)
# Pipeline mode:   SEARCH
# Query file:      /home/arafat/busco_downloads/lineages/hypocreales_odb12.2/hmms/161397at5125.hmm
# Target file:     /home/arafat/Foxy_SIX_Evolution/results/busco/GCA_013085055.1/run_hypocreales_odb12.2/miniprot_output/translated_proteins/161397at5125.faa
# Option settings: hmmsearch --domtblout /home/arafat/Foxy_SIX_Evolution/results/busco/GCA_013085055.1/run_hypocreales_odb12.2/hmmer_output/161397at5125.out --cpu 1 /home/arafat/busco_downloads/lineages/hypocreales_odb12.2/hmms/161397at5125.hmm /home/arafat/Foxy_SIX_Evolution/results/busco/GCA_013085055.1/run_hypocreales_odb12.2/miniprot_output/translated_proteins/161397at5125.faa 
# Current dir:     /home/arafat/Foxy_SIX_Evolution
# Date:            Thu Sep 24 15:52:53 2026
# [ok]
