#                                                                                                                  --- full sequence --- -------------- this domain -------------   hmm coord   ali coord   env coord
# target name                                              accession   tlen query name           accession   qlen   E-value  score  bias   #  of  c-Evalue  i-Evalue  score  bias  from    to  from    to  from    to  acc description of target
#                                      ------------------- ---------- ----- -------------------- ---------- ----- --------- ------ ----- --- --- --------- --------- ------ ----- ----- ----- ----- ----- ----- ----- ---- ---------------------
162780at5125_2898083_0:002152|CP052039.1:1524084-1534677|+ -           1274 162780               -            914         0 1851.3   5.0   1   1         0         0 1850.8   5.0     1   913   346  1272   346  1273 0.97 <unknown description>
162780at5125_1610689_0:001b12|CP052039.1:1531495-1538178|+ -           1601 162780               -            914         0 1830.6   4.7   1   2         0         0 1830.6   4.7     1   913     1   921     1   922 0.97 <unknown description>
162780at5125_1610689_0:001b12|CP052039.1:1531495-1538178|+ -           1601 162780               -            914         0 1830.6   4.7   2   2      0.25      0.25   -2.2   0.3   652   709  1010  1068  1005  1091 0.77 <unknown description>
162780at5125_1279085_0:002a2b|CP052039.1:1531495-1534677|+ -            946 162780               -            914         0 1822.6   8.6   1   1         0         0 1820.8   8.6     1   913     1   944     1   945 0.96 <unknown description>
162780at5125_2885761_0:0010d9|CP052039.1:1532270-1534677|+ -            786 162780               -            914         0 1712.9   4.0   1   1         0         0 1712.7   4.0   126   913     3   784     1   785 0.98 <unknown description>
162780at5125_2004952_0:00147f|CP052039.1:1532813-1534562|+ -            584 162780               -            914         0 1273.1   6.9   1   1         0         0 1272.9   6.9   305   894     1   583     1   583 0.99 <unknown description>
162780at5125_2030778_0:000fa6|CP052039.1:1531687-1533764|+ -            487 162780               -            914         0 1163.4  18.5   1   2   2.3e-30   2.3e-30   93.9   5.1    48   111     2    64     1    65 0.97 <unknown description>
162780at5125_2030778_0:000fa6|CP052039.1:1531687-1533764|+ -            487 162780               -            914         0 1163.4  18.5   2   2         0         0 1076.9   5.7   200   622    65   487    64   487 1.00 <unknown description>
#
# Program:         hmmsearch
# Version:         3.4 (Aug 2023)
# Pipeline mode:   SEARCH
# Query file:      /home/arafat/busco_downloads/lineages/hypocreales_odb12.2/hmms/162780at5125.hmm
# Target file:     /home/arafat/Foxy_SIX_Evolution/results/busco/GCA_013085055.1/run_hypocreales_odb12.2/miniprot_output/translated_proteins/162780at5125.faa
# Option settings: hmmsearch --domtblout /home/arafat/Foxy_SIX_Evolution/results/busco/GCA_013085055.1/run_hypocreales_odb12.2/hmmer_output/162780at5125.out --cpu 1 /home/arafat/busco_downloads/lineages/hypocreales_odb12.2/hmms/162780at5125.hmm /home/arafat/Foxy_SIX_Evolution/results/busco/GCA_013085055.1/run_hypocreales_odb12.2/miniprot_output/translated_proteins/162780at5125.faa 
# Current dir:     /home/arafat/Foxy_SIX_Evolution
# Date:            Thu Sep 24 15:52:40 2026
# [ok]
