#                                                                                                                  --- full sequence --- -------------- this domain -------------   hmm coord   ali coord   env coord
# target name                                              accession   tlen query name           accession   qlen   E-value  score  bias   #  of  c-Evalue  i-Evalue  score  bias  from    to  from    to  from    to  acc description of target
#                                      ------------------- ---------- ----- -------------------- ---------- ----- --------- ------ ----- --- --- --------- --------- ------ ----- ----- ----- ----- ----- ----- ----- ---- ---------------------
163469at5125_5507_2:001446|CP052041.1:2281575-2287247|+    -           1856 163469               -           1822         0 3949.0   0.3   1   2   1.2e-63   1.2e-63  202.2   0.4     1   111     1   110     1   122 0.95 <unknown description>
163469at5125_5507_2:001446|CP052041.1:2281575-2287247|+    -           1856 163469               -           1822         0 3949.0   0.3   2   2         0         0 3745.0   0.0    99  1822   128  1855   119  1855 0.99 <unknown description>
163469at5125_78861_0:003486|CP052041.1:2281611-2285595|+   -           1241 163469               -           1822         0 2581.9   1.1   1   3   7.5e-56   7.5e-56  176.4   0.3    13   111     1    98     1   113 0.94 <unknown description>
163469at5125_78861_0:003486|CP052041.1:2281611-2285595|+   -           1241 163469               -           1822         0 2581.9   1.1   2   3  2.6e-210  2.6e-210  688.5   0.0    99   453   116   470   105   471 0.98 <unknown description>
163469at5125_78861_0:003486|CP052041.1:2281611-2285595|+   -           1241 163469               -           1822         0 2581.9   1.1   3   3         0         0 1716.3   0.0   522  1289   470  1241   469  1241 0.99 <unknown description>
163469at5125_2364996_0:00381d|CP052041.1:2281575-2283384|+ -            585 163469               -           1822         0 1126.0   0.4   1   2   2.5e-64   2.5e-64  204.5   0.4     1   111     1   110     1   125 0.94 <unknown description>
163469at5125_2364996_0:00381d|CP052041.1:2281575-2283384|+ -            585 163469               -           1822         0 1126.0   0.4   2   2  4.5e-280  4.5e-280  919.8   0.0    99   555   128   584   119   585 0.99 <unknown description>
#
# Program:         hmmsearch
# Version:         3.4 (Aug 2023)
# Pipeline mode:   SEARCH
# Query file:      /home/arafat/busco_downloads/lineages/hypocreales_odb12.2/hmms/163469at5125.hmm
# Target file:     /home/arafat/Foxy_SIX_Evolution/results/busco/GCA_013085055.1/run_hypocreales_odb12.2/miniprot_output/translated_proteins/163469at5125.faa
# Option settings: hmmsearch --domtblout /home/arafat/Foxy_SIX_Evolution/results/busco/GCA_013085055.1/run_hypocreales_odb12.2/hmmer_output/163469at5125.out --cpu 1 /home/arafat/busco_downloads/lineages/hypocreales_odb12.2/hmms/163469at5125.hmm /home/arafat/Foxy_SIX_Evolution/results/busco/GCA_013085055.1/run_hypocreales_odb12.2/miniprot_output/translated_proteins/163469at5125.faa 
# Current dir:     /home/arafat/Foxy_SIX_Evolution
# Date:            Thu Sep 24 15:52:46 2026
# [ok]
