#                                                                                                                  --- full sequence --- -------------- this domain -------------   hmm coord   ali coord   env coord
# target name                                              accession   tlen query name           accession   qlen   E-value  score  bias   #  of  c-Evalue  i-Evalue  score  bias  from    to  from    to  from    to  acc description of target
#                                      ------------------- ---------- ----- -------------------- ---------- ----- --------- ------ ----- --- --- --------- --------- ------ ----- ----- ----- ----- ----- ----- ----- ---- ---------------------
163684at5125_1080343_0:001edd|CP052038.1:5283085-5284997|+ -            622 163684               -            501    3e-246  806.7  36.4   1   3     1e-14     1e-14   42.9   0.0     1    40     1    40     1    57 0.80 <unknown description>
163684at5125_1080343_0:001edd|CP052038.1:5283085-5284997|+ -            622 163684               -            501    3e-246  806.7  36.4   2   3  2.3e-230  2.3e-230  754.3  24.1    53   494    96   587    73   594 0.82 <unknown description>
163684at5125_1080343_0:001edd|CP052038.1:5283085-5284997|+ -            622 163684               -            501    3e-246  806.7  36.4   3   3   0.00083   0.00083    7.0   4.8   481   501   601   621   586   621 0.68 <unknown description>
163684at5125_61374_0:00074e|CP052038.1:5283373-5284868|+   -            483 163684               -            501  3.2e-231  757.1  21.2   1   1  7.6e-229  7.6e-229  749.3  21.2    56   483     3   480     1   483 0.85 <unknown description>
163684at5125_2004952_0:001b96|CP052038.1:5283937-5284997|+ -            327 163684               -            501  4.2e-149  486.2  41.8   1   2    1e-145    1e-145  475.1  30.9   225   494     1   292     1   299 0.84 <unknown description>
163684at5125_2004952_0:001b96|CP052038.1:5283937-5284997|+ -            327 163684               -            501  4.2e-149  486.2  41.8   2   2   0.00037   0.00037    8.1   5.6   473   501   296   326   289   326 0.58 <unknown description>
163684at5125_195108_0:0007f2|CP052038.1:5283085-5284138|+  -            352 163684               -            501  1.8e-138  451.1   2.7   1   2   4.9e-15   4.9e-15   44.0   0.0     1    40     1    40     1    57 0.80 <unknown description>
163684at5125_195108_0:0007f2|CP052038.1:5283085-5284138|+  -            352 163684               -            501  1.8e-138  451.1   2.7   2   2  6.8e-125  6.8e-125  406.4   1.7    53   290    96   350    72   352 0.85 <unknown description>
163684at5125_2596975_0:00020f|CP052038.1:5283085-5283862|+ -            260 163684               -            501   5.5e-66  212.1   0.0   1   2   3.1e-15   3.1e-15   44.6   0.0     1    40     1    40     1    57 0.79 <unknown description>
163684at5125_2596975_0:00020f|CP052038.1:5283085-5283862|+ -            260 163684               -            501   5.5e-66  212.1   0.0   2   2   6.3e-52   6.3e-52  165.7   0.0    53   200    96   260    72   260 0.77 <unknown description>
163684at5125_117187_0:00076d|CP052038.1:5284397-5284997|+  -            201 163684               -            501   3.8e-58  186.2   9.0   1   2   1.3e-53   1.3e-53  171.3   0.4   358   494     1   166     1   174 0.73 <unknown description>
163684at5125_117187_0:00076d|CP052038.1:5284397-5284997|+  -            201 163684               -            501   3.8e-58  186.2   9.0   2   2   0.00021   0.00021    8.9   5.4   481   501   180   200   164   200 0.61 <unknown description>
163684at5125_595255_0:001905|CP052038.1:5284571-5284997|+  -            143 163684               -            501   2.7e-18   54.7   6.6   1   2   1.6e-15   1.6e-15   45.6   0.1   428   494    36   108    27   115 0.74 <unknown description>
163684at5125_595255_0:001905|CP052038.1:5284571-5284997|+  -            143 163684               -            501   2.7e-18   54.7   6.6   2   2   9.5e-05   9.5e-05   10.1   4.2   481   501   122   142   108   142 0.71 <unknown description>
#
# Program:         hmmsearch
# Version:         3.4 (Aug 2023)
# Pipeline mode:   SEARCH
# Query file:      /home/arafat/busco_downloads/lineages/hypocreales_odb12.2/hmms/163684at5125.hmm
# Target file:     /home/arafat/Foxy_SIX_Evolution/results/busco/GCA_013085055.1/run_hypocreales_odb12.2/miniprot_output/translated_proteins/163684at5125.faa
# Option settings: hmmsearch --domtblout /home/arafat/Foxy_SIX_Evolution/results/busco/GCA_013085055.1/run_hypocreales_odb12.2/hmmer_output/163684at5125.out --cpu 1 /home/arafat/busco_downloads/lineages/hypocreales_odb12.2/hmms/163684at5125.hmm /home/arafat/Foxy_SIX_Evolution/results/busco/GCA_013085055.1/run_hypocreales_odb12.2/miniprot_output/translated_proteins/163684at5125.faa 
# Current dir:     /home/arafat/Foxy_SIX_Evolution
# Date:            Thu Sep 24 15:52:47 2026
# [ok]
