#                                                                                                                  --- full sequence --- -------------- this domain -------------   hmm coord   ali coord   env coord
# target name                                              accession   tlen query name           accession   qlen   E-value  score  bias   #  of  c-Evalue  i-Evalue  score  bias  from    to  from    to  from    to  acc description of target
#                                      ------------------- ---------- ----- -------------------- ---------- ----- --------- ------ ----- --- --- --------- --------- ------ ----- ----- ----- ----- ----- ----- ----- ---- ---------------------
164130at5125_1080343_0:0007d9|CP052040.1:4130417-4131545|- -            344 164130               -            285  1.6e-159  518.4   1.0   1   1  2.8e-159  2.8e-159  517.6   1.0     1   282     2   301     2   304 0.95 <unknown description>
164130at5125_655844_0:00235e|CP052040.1:4130417-4139566|-  -            388 164130               -            285  2.4e-159  517.8   0.9   1   1    4e-159    4e-159  517.1   0.9     1   282    46   345    46   348 0.95 <unknown description>
164130at5125_58853_0:00143c|CP052040.1:4123422-4131560|-   -            345 164130               -            285  1.3e-156  508.9   0.8   1   1  2.2e-156  2.2e-156  508.2   0.8     1   274     7   298     7   307 0.95 <unknown description>
164130at5125_92637_0:00130b|CP052040.1:4130795-4131545|-   -            251 164130               -            285  3.3e-145  471.4   1.0   1   1  3.7e-145  3.7e-145  471.3   1.0     1   241     2   248     2   250 0.97 <unknown description>
164130at5125_150374_0:001a0b|CP052040.1:4130477-4131371|-  -            266 164130               -            285    7e-128  414.6   2.9   1   1  1.2e-127  1.2e-127  413.8   2.9    58   282     1   243     1   246 0.94 <unknown description>
164130at5125_63577_0:0015f7|CP052040.1:4130949-4131548|-   -            200 164130               -            285  1.5e-106  344.6   0.3   1   1  1.8e-106  1.8e-106  344.4   0.3     1   174     3   178     3   192 0.96 <unknown description>
164130at5125_468837_0:00120c|CP052040.1:4130417-4131185|-  -            214 164130               -            285   4.1e-93  300.5   0.9   1   1   5.3e-93   5.3e-93  300.1   0.9   118   282     1   171     1   174 0.96 <unknown description>
#
# Program:         hmmsearch
# Version:         3.4 (Aug 2023)
# Pipeline mode:   SEARCH
# Query file:      /home/arafat/busco_downloads/lineages/hypocreales_odb12.2/hmms/164130at5125.hmm
# Target file:     /home/arafat/Foxy_SIX_Evolution/results/busco/GCA_013085055.1/run_hypocreales_odb12.2/miniprot_output/translated_proteins/164130at5125.faa
# Option settings: hmmsearch --domtblout /home/arafat/Foxy_SIX_Evolution/results/busco/GCA_013085055.1/run_hypocreales_odb12.2/hmmer_output/164130at5125.out --cpu 1 /home/arafat/busco_downloads/lineages/hypocreales_odb12.2/hmms/164130at5125.hmm /home/arafat/Foxy_SIX_Evolution/results/busco/GCA_013085055.1/run_hypocreales_odb12.2/miniprot_output/translated_proteins/164130at5125.faa 
# Current dir:     /home/arafat/Foxy_SIX_Evolution
# Date:            Thu Sep 24 15:52:49 2026
# [ok]
