#                                                                                                                  --- full sequence --- -------------- this domain -------------   hmm coord   ali coord   env coord
# target name                                              accession   tlen query name           accession   qlen   E-value  score  bias   #  of  c-Evalue  i-Evalue  score  bias  from    to  from    to  from    to  acc description of target
#                                      ------------------- ---------- ----- -------------------- ---------- ----- --------- ------ ----- --- --- --------- --------- ------ ----- ----- ----- ----- ----- ----- ----- ---- ---------------------
164296at5125_100902_0:000e8e|CP052045.1:2545773-2547517|+  -            549 164296               -            522         0 1129.7   2.4   1   2   8.1e-51   8.1e-51  161.6   0.4     1    90     1    91     1   106 0.92 <unknown description>
164296at5125_100902_0:000e8e|CP052045.1:2545773-2547517|+  -            549 164296               -            522         0 1129.7   2.4   2   2  2.4e-295  2.4e-295  968.5   0.1    83   522   107   548    98   548 0.98 <unknown description>
164296at5125_1247861_0:001a53|CP052045.1:2545776-2550263|+ -           1056 164296               -            522         0 1123.1   2.5   1   1         0         0 1114.9   2.5     2   522     1   547     1   547 0.94 <unknown description>
164296at5125_468837_0:002896|CP052045.1:2546491-2547517|+  -            343 164296               -            522    1e-238  781.6   0.7   1   1  1.1e-238  1.1e-238  781.4   0.7   181   522     1   342     1   342 1.00 <unknown description>
164296at5125_2364996_0:000541|CP052045.1:2545773-2547049|+ -            393 164296               -            522  1.9e-233  764.2   2.6   1   2   5.2e-51   5.2e-51  162.2   0.4     1    89     1    90     1   100 0.93 <unknown description>
164296at5125_2364996_0:000541|CP052045.1:2545773-2547049|+ -            393 164296               -            522  1.9e-233  764.2   2.6   2   2  2.2e-184  2.2e-184  602.3   0.1    83   367   107   393    99   393 0.97 <unknown description>
164296at5125_1331945_0:00100b|CP052045.1:2546863-2547517|+ -            219 164296               -            522    7e-151  491.8   1.2   1   1  7.8e-151  7.8e-151  491.6   1.2   305   522     1   218     1   218 1.00 <unknown description>
164296at5125_2364996_0:000553|CP052045.1:2547031-2547517|+ -            163 164296               -            522  2.6e-112  364.5   1.2   1   1  2.9e-112  2.9e-112  364.3   1.2   361   522     1   162     1   162 1.00 <unknown description>
#
# Program:         hmmsearch
# Version:         3.4 (Aug 2023)
# Pipeline mode:   SEARCH
# Query file:      /home/arafat/busco_downloads/lineages/hypocreales_odb12.2/hmms/164296at5125.hmm
# Target file:     /home/arafat/Foxy_SIX_Evolution/results/busco/GCA_013085055.1/run_hypocreales_odb12.2/miniprot_output/translated_proteins/164296at5125.faa
# Option settings: hmmsearch --domtblout /home/arafat/Foxy_SIX_Evolution/results/busco/GCA_013085055.1/run_hypocreales_odb12.2/hmmer_output/164296at5125.out --cpu 1 /home/arafat/busco_downloads/lineages/hypocreales_odb12.2/hmms/164296at5125.hmm /home/arafat/Foxy_SIX_Evolution/results/busco/GCA_013085055.1/run_hypocreales_odb12.2/miniprot_output/translated_proteins/164296at5125.faa 
# Current dir:     /home/arafat/Foxy_SIX_Evolution
# Date:            Thu Sep 24 15:52:53 2026
# [ok]
