#                                                                                                                  --- full sequence --- -------------- this domain -------------   hmm coord   ali coord   env coord
# target name                                              accession   tlen query name           accession   qlen   E-value  score  bias   #  of  c-Evalue  i-Evalue  score  bias  from    to  from    to  from    to  acc description of target
#                                      ------------------- ---------- ----- -------------------- ---------- ----- --------- ------ ----- --- --- --------- --------- ------ ----- ----- ----- ----- ----- ----- ----- ---- ---------------------
167468at5125_160290_0:000dba|CP052039.1:4380584-4399599|+  -           2564 167468               -           2125         0 4069.4   0.1   1   1         0         0 4064.7   0.1    11  2124   106  2346    98  2347 0.94 <unknown description>
167468at5125_1080343_0:0015a8|CP052039.1:4380584-4388472|+ -           2565 167468               -           2125         0 4068.7   0.1   1   1         0         0 4063.7   0.1    11  2124   106  2347    99  2348 0.94 <unknown description>
167468at5125_334819_0:0015dd|CP052039.1:4382677-4388472|+  -           1898 167468               -           2125         0 3070.8   9.4   1   1         0         0 3065.4   9.4   535  2124     1  1680     1  1681 0.94 <unknown description>
167468at5125_63577_0:000d3c|CP052039.1:4380928-4386055|+   -           1691 167468               -           2125         0 2733.1   0.0   1   1         0         0 2732.6   0.0    11  1521    23  1600    15  1606 0.94 <unknown description>
167468at5125_1399860_0:0011e2|CP052039.1:4385876-4398864|+ -            706 167468               -           2125         0 1316.7   2.8   1   1         0         0 1316.2   2.8  1525  2123     1   631     1   633 0.95 <unknown description>
167468at5125_1399860_1:0008d5|CP052039.1:4385954-4387766|+ -            605 167468               -           2125         0 1257.3   2.1   1   1         0         0 1256.8   2.1  1551  2123     1   605     1   605 0.95 <unknown description>
167468at5125_2004951_0:002b53|CP052039.1:4380584-4383136|+ -            820 167468               -           2125         0 1185.0   0.0   1   1         0         0 1184.6   0.0    11   668   106   816    98   819 0.90 <unknown description>
167468at5125_96774_0:000137|CP052039.1:4386734-4388142|+   -            452 167468               -           2125    2e-210  690.4   0.6   1   1  3.1e-210  3.1e-210  689.8   0.6  1806  2124     1   346     1   347 0.93 <unknown description>
#
# Program:         hmmsearch
# Version:         3.4 (Aug 2023)
# Pipeline mode:   SEARCH
# Query file:      /home/arafat/busco_downloads/lineages/hypocreales_odb12.2/hmms/167468at5125.hmm
# Target file:     /home/arafat/Foxy_SIX_Evolution/results/busco/GCA_013085055.1/run_hypocreales_odb12.2/miniprot_output/translated_proteins/167468at5125.faa
# Option settings: hmmsearch --domtblout /home/arafat/Foxy_SIX_Evolution/results/busco/GCA_013085055.1/run_hypocreales_odb12.2/hmmer_output/167468at5125.out --cpu 1 /home/arafat/busco_downloads/lineages/hypocreales_odb12.2/hmms/167468at5125.hmm /home/arafat/Foxy_SIX_Evolution/results/busco/GCA_013085055.1/run_hypocreales_odb12.2/miniprot_output/translated_proteins/167468at5125.faa 
# Current dir:     /home/arafat/Foxy_SIX_Evolution
# Date:            Thu Sep 24 15:52:50 2026
# [ok]
