#                                                                                                                  --- full sequence --- -------------- this domain -------------   hmm coord   ali coord   env coord
# target name                                              accession   tlen query name           accession   qlen   E-value  score  bias   #  of  c-Evalue  i-Evalue  score  bias  from    to  from    to  from    to  acc description of target
#                                      ------------------- ---------- ----- -------------------- ---------- ----- --------- ------ ----- --- --- --------- --------- ------ ----- ----- ----- ----- ----- ----- ----- ---- ---------------------
167616at5125_94208_0:00141d|CP052045.1:2943891-2957850|+   -           1786 167616               -           1253         0 1735.7  51.9   1   7   1.4e-12   1.4e-12   35.4   0.0    14    64   120   174   112   190 0.83 <unknown description>
167616at5125_94208_0:00141d|CP052045.1:2943891-2957850|+   -           1786 167616               -           1253         0 1735.7  51.9   2   7   4.2e-38   4.2e-38  120.0   0.2    64   162   218   323   182   336 0.77 <unknown description>
167616at5125_94208_0:00141d|CP052045.1:2943891-2957850|+   -           1786 167616               -           1253         0 1735.7  51.9   3   7    2e-207    2e-207  680.9   7.8   151   604   351   870   332   879 0.82 <unknown description>
167616at5125_94208_0:00141d|CP052045.1:2943891-2957850|+   -           1786 167616               -           1253         0 1735.7  51.9   4   7   1.1e-41   1.1e-41  131.9  10.8   604   792   901  1157   890  1166 0.69 <unknown description>
167616at5125_94208_0:00141d|CP052045.1:2943891-2957850|+   -           1786 167616               -           1253         0 1735.7  51.9   5   7   2.4e-33   2.4e-33  104.2   1.1   772   877  1160  1270  1149  1278 0.82 <unknown description>
167616at5125_94208_0:00141d|CP052045.1:2943891-2957850|+   -           1786 167616               -           1253         0 1735.7  51.9   6   7   5.9e-19   5.9e-19   56.5   0.3   854   953  1297  1420  1280  1428 0.77 <unknown description>
167616at5125_94208_0:00141d|CP052045.1:2943891-2957850|+   -           1786 167616               -           1253         0 1735.7  51.9   7   7  2.3e-187  2.3e-187  614.4   0.3   965  1253  1479  1785  1455  1785 0.91 <unknown description>
167616at5125_72712_0:003d7f|CP052045.1:2951686-2957850|+   -           1849 167616               -           1253         0 1735.0  51.9   1   8   1.3e-12   1.3e-12   35.5   0.0    14    64   183   237   175   261 0.83 <unknown description>
167616at5125_72712_0:003d7f|CP052045.1:2951686-2957850|+   -           1849 167616               -           1253         0 1735.0  51.9   2   8   4.2e-38   4.2e-38  120.0   0.2    64   162   281   386   243   399 0.77 <unknown description>
167616at5125_72712_0:003d7f|CP052045.1:2951686-2957850|+   -           1849 167616               -           1253         0 1735.0  51.9   3   8  2.2e-131  2.2e-131  429.0   0.4   151   365   414   629   393   647 0.91 <unknown description>
167616at5125_72712_0:003d7f|CP052045.1:2951686-2957850|+   -           1849 167616               -           1253         0 1735.0  51.9   4   8   9.4e-82   9.4e-82  264.6   1.8   359   604   650   933   629   942 0.80 <unknown description>
167616at5125_72712_0:003d7f|CP052045.1:2951686-2957850|+   -           1849 167616               -           1253         0 1735.0  51.9   5   8   1.1e-41   1.1e-41  131.8  10.8   604   792   964  1220   953  1229 0.69 <unknown description>
167616at5125_72712_0:003d7f|CP052045.1:2951686-2957850|+   -           1849 167616               -           1253         0 1735.0  51.9   6   8   2.5e-33   2.5e-33  104.2   1.1   772   877  1223  1333  1212  1341 0.82 <unknown description>
167616at5125_72712_0:003d7f|CP052045.1:2951686-2957850|+   -           1849 167616               -           1253         0 1735.0  51.9   7   8   6.2e-19   6.2e-19   56.5   0.3   854   953  1360  1483  1343  1491 0.77 <unknown description>
167616at5125_72712_0:003d7f|CP052045.1:2951686-2957850|+   -           1849 167616               -           1253         0 1735.0  51.9   8   8  2.5e-187  2.5e-187  614.3   0.3   965  1253  1542  1848  1518  1848 0.91 <unknown description>
167616at5125_1649129_0:00031d|CP052045.1:2947737-2957850|+ -           1622 167616               -           1253         0 1700.6  50.4   1   6   6.3e-38   6.3e-38  119.4   0.2    65   162    55   159    36   178 0.84 <unknown description>
167616at5125_1649129_0:00031d|CP052045.1:2947737-2957850|+ -           1622 167616               -           1253         0 1700.6  50.4   2   6  1.5e-207  1.5e-207  681.3   7.7   151   604   187   706   166   715 0.82 <unknown description>
167616at5125_1649129_0:00031d|CP052045.1:2947737-2957850|+ -           1622 167616               -           1253         0 1700.6  50.4   3   6   8.6e-42   8.6e-42  132.2  10.7   604   792   737   993   726  1002 0.69 <unknown description>
167616at5125_1649129_0:00031d|CP052045.1:2947737-2957850|+ -           1622 167616               -           1253         0 1700.6  50.4   4   6   2.1e-33   2.1e-33  104.4   1.1   772   877   996  1106   985  1114 0.82 <unknown description>
167616at5125_1649129_0:00031d|CP052045.1:2947737-2957850|+ -           1622 167616               -           1253         0 1700.6  50.4   5   6   5.4e-19   5.4e-19   56.7   0.3   854   953  1133  1256  1116  1263 0.77 <unknown description>
167616at5125_1649129_0:00031d|CP052045.1:2947737-2957850|+ -           1622 167616               -           1253         0 1700.6  50.4   6   6    2e-187    2e-187  614.6   0.3   965  1253  1315  1621  1291  1621 0.91 <unknown description>
167616at5125_2604345_0:00259d|CP052045.1:2953383-2957850|+ -           1490 167616               -           1253         0 1593.4  50.5   1   7   2.6e-05   2.6e-05   11.3   0.2   136   162     1    27     1    44 0.84 <unknown description>
167616at5125_2604345_0:00259d|CP052045.1:2953383-2957850|+ -           1490 167616               -           1253         0 1593.4  50.5   2   7  1.6e-131  1.6e-131  429.4   0.4   151   365    55   270    35   289 0.91 <unknown description>
167616at5125_2604345_0:00259d|CP052045.1:2953383-2957850|+ -           1490 167616               -           1253         0 1593.4  50.5   3   7   7.2e-82   7.2e-82  264.9   1.8   359   604   291   574   271   583 0.80 <unknown description>
167616at5125_2604345_0:00259d|CP052045.1:2953383-2957850|+ -           1490 167616               -           1253         0 1593.4  50.5   4   7   7.5e-42   7.5e-42  132.4  10.7   604   792   605   861   594   870 0.69 <unknown description>
167616at5125_2604345_0:00259d|CP052045.1:2953383-2957850|+ -           1490 167616               -           1253         0 1593.4  50.5   5   7   1.9e-33   1.9e-33  104.5   1.1   772   877   864   974   853   982 0.82 <unknown description>
167616at5125_2604345_0:00259d|CP052045.1:2953383-2957850|+ -           1490 167616               -           1253         0 1593.4  50.5   6   7   4.9e-19   4.9e-19   56.8   0.3   854   953  1001  1124   984  1131 0.77 <unknown description>
167616at5125_2604345_0:00259d|CP052045.1:2953383-2957850|+ -           1490 167616               -           1253         0 1593.4  50.5   7   7  1.8e-187  1.8e-187  614.8   0.3   965  1253  1183  1489  1159  1489 0.91 <unknown description>
167616at5125_93591_0:0013c6|CP052045.1:2953077-2956665|+   -           1197 167616               -           1253         0 1085.8  42.6   1   6   4.1e-38   4.1e-38  120.0   0.2    65   162    25   129     5   150 0.84 <unknown description>
167616at5125_93591_0:0013c6|CP052045.1:2953077-2956665|+   -           1197 167616               -           1253         0 1085.8  42.6   2   6  9.9e-132  9.9e-132  430.1   0.5   151   366   157   373   136   397 0.90 <unknown description>
167616at5125_93591_0:0013c6|CP052045.1:2953077-2956665|+   -           1197 167616               -           1253         0 1085.8  42.6   3   6     5e-82     5e-82  265.5   1.8   359   604   393   676   373   685 0.80 <unknown description>
167616at5125_93591_0:0013c6|CP052045.1:2953077-2956665|+   -           1197 167616               -           1253         0 1085.8  42.6   4   6     1e-41     1e-41  132.0  11.4   604   792   707   963   696   967 0.69 <unknown description>
167616at5125_93591_0:0013c6|CP052045.1:2953077-2956665|+   -           1197 167616               -           1253         0 1085.8  42.6   5   6   1.3e-33   1.3e-33  105.1   0.9   772   878   966  1077   958  1090 0.83 <unknown description>
167616at5125_93591_0:0013c6|CP052045.1:2953077-2956665|+   -           1197 167616               -           1253         0 1085.8  42.6   6   6   2.8e-16   2.8e-16   47.7   0.1   853   935  1102  1197  1083  1197 0.79 <unknown description>
167616at5125_1331945_0:001366|CP052045.1:2954412-2957850|+ -           1038 167616               -           1253         0 1078.4  38.2   1   5   4.5e-72   4.5e-72  232.5   0.1   406   604     1   231     1   241 0.82 <unknown description>
167616at5125_1331945_0:001366|CP052045.1:2954412-2957850|+ -           1038 167616               -           1253         0 1078.4  38.2   2   5   6.1e-42   6.1e-42  132.7  11.0   604   792   262   518   251   521 0.69 <unknown description>
167616at5125_1331945_0:001366|CP052045.1:2954412-2957850|+ -           1038 167616               -           1253         0 1078.4  38.2   3   5   1.1e-33   1.1e-33  105.3   0.7   780   877   531   631   515   640 0.82 <unknown description>
167616at5125_1331945_0:001366|CP052045.1:2954412-2957850|+ -           1038 167616               -           1253         0 1078.4  38.2   4   5     3e-19     3e-19   57.5   0.3   853   953   657   781   640   788 0.77 <unknown description>
167616at5125_1331945_0:001366|CP052045.1:2954412-2957850|+ -           1038 167616               -           1253         0 1078.4  38.2   5   5  1.4e-171  1.4e-171  562.1   1.8  1011  1253   791  1037   782  1037 0.98 <unknown description>
167616at5125_29875_0:0018dc|CP052045.1:2955414-2957850|+   -            813 167616               -           1253  7.6e-262  861.2  21.1   1   3   3.4e-57   3.4e-57  183.2   9.3   652   878     3   298     1   312 0.72 <unknown description>
167616at5125_29875_0:0018dc|CP052045.1:2955414-2957850|+   -            813 167616               -           1253  7.6e-262  861.2  21.1   2   3   2.1e-19   2.1e-19   58.0   0.4   853   953   323   447   304   454 0.77 <unknown description>
167616at5125_29875_0:0018dc|CP052045.1:2955414-2957850|+   -            813 167616               -           1253  7.6e-262  861.2  21.1   3   3  5.6e-188  5.6e-188  616.4   0.3   965  1253   506   812   482   812 0.91 <unknown description>
167616at5125_29875_0:0014cb|CP052045.1:2952245-2955123|+   -            873 167616               -           1253  4.5e-258  848.6  13.7   1   4   5.6e-13   5.6e-13   36.7   0.0    14    64   116   170   107   191 0.83 <unknown description>
167616at5125_29875_0:0014cb|CP052045.1:2952245-2955123|+   -            873 167616               -           1253  4.5e-258  848.6  13.7   2   4   1.4e-38   1.4e-38  121.6   0.3    64   162   214   319   176   338 0.77 <unknown description>
167616at5125_29875_0:0014cb|CP052045.1:2952245-2955123|+   -            873 167616               -           1253  4.5e-258  848.6  13.7   3   4  6.1e-132  6.1e-132  430.8   0.5   151   366   347   563   328   586 0.91 <unknown description>
167616at5125_29875_0:0014cb|CP052045.1:2952245-2955123|+   -            873 167616               -           1253  4.5e-258  848.6  13.7   4   4   3.3e-82   3.3e-82  266.1   1.9   359   603   583   865   562   869 0.80 <unknown description>
167616at5125_150374_0:00084c|CP052045.1:2952161-2954076|+  -            474 167616               -           1253  2.1e-145  475.4   9.8   1   3   0.00053   0.00053    7.0   0.0    13    31   143   165   134   168 0.75 <unknown description>
167616at5125_150374_0:00084c|CP052045.1:2952161-2954076|+  -            474 167616               -           1253  2.1e-145  475.4   9.8   2   3   2.1e-38   2.1e-38  121.0   0.2    68   162   168   269   164   291 0.84 <unknown description>
167616at5125_150374_0:00084c|CP052045.1:2952161-2954076|+  -            474 167616               -           1253  2.1e-145  475.4   9.8   3   3  4.3e-108  4.3e-108  351.8   2.3   151   327   297   474   275   474 0.92 <unknown description>
#
# Program:         hmmsearch
# Version:         3.4 (Aug 2023)
# Pipeline mode:   SEARCH
# Query file:      /home/arafat/busco_downloads/lineages/hypocreales_odb12.2/hmms/167616at5125.hmm
# Target file:     /home/arafat/Foxy_SIX_Evolution/results/busco/GCA_013085055.1/run_hypocreales_odb12.2/miniprot_output/translated_proteins/167616at5125.faa
# Option settings: hmmsearch --domtblout /home/arafat/Foxy_SIX_Evolution/results/busco/GCA_013085055.1/run_hypocreales_odb12.2/hmmer_output/167616at5125.out --cpu 1 /home/arafat/busco_downloads/lineages/hypocreales_odb12.2/hmms/167616at5125.hmm /home/arafat/Foxy_SIX_Evolution/results/busco/GCA_013085055.1/run_hypocreales_odb12.2/miniprot_output/translated_proteins/167616at5125.faa 
# Current dir:     /home/arafat/Foxy_SIX_Evolution
# Date:            Thu Sep 24 15:52:52 2026
# [ok]
