#                                                                                                                  --- full sequence --- -------------- this domain -------------   hmm coord   ali coord   env coord
# target name                                              accession   tlen query name           accession   qlen   E-value  score  bias   #  of  c-Evalue  i-Evalue  score  bias  from    to  from    to  from    to  acc description of target
#                                      ------------------- ---------- ----- -------------------- ---------- ----- --------- ------ ----- --- --- --------- --------- ------ ----- ----- ----- ----- ----- ----- ----- ---- ---------------------
169629at5125_94208_0:001e3b|CP052042.1:1956171-1960419|+   -            359 169629               -            253  1.5e-143  465.1   0.0   1   1    2e-143    2e-143  464.7   0.0     4   253    99   358    95   358 0.94 <unknown description>
169629at5125_48490_0:000485|CP052042.1:1959100-1960419|+   -            372 169629               -            253  8.8e-142  459.3   0.0   1   1  1.3e-141  1.3e-141  458.8   0.0     8   253   116   371   110   371 0.95 <unknown description>
169629at5125_660025_0:0022d4|CP052042.1:1959476-1960419|+  -            286 169629               -            253  1.1e-141  459.0   0.2   1   2   9.4e-17   9.4e-17   49.7   0.2     3    44     8    49     5    56 0.88 <unknown description>
169629at5125_660025_0:0022d4|CP052042.1:1959476-1960419|+  -            286 169629               -            253  1.1e-141  459.0   0.2   2   2  5.9e-126  5.9e-126  407.5   0.0    42   253    70   285    64   285 0.96 <unknown description>
169629at5125_1567539_0:001ebe|CP052042.1:1959736-1960419|+ -            212 169629               -            253  1.5e-123  399.6   0.0   1   1  1.6e-123  1.6e-123  399.4   0.0    47   253     1   211     1   211 0.96 <unknown description>
169629at5125_327505_0:002185|CP052042.1:1959883-1960419|+  -            163 169629               -            253   9.4e-96  308.5   0.1   1   1     1e-95     1e-95  308.4   0.1    94   253     1   162     1   162 0.97 <unknown description>
169629at5125_468837_0:0019c7|CP052042.1:1960039-1960419|+  -            111 169629               -            253   1.9e-74  238.7   2.2   1   1   2.1e-74   2.1e-74  238.6   2.2   144   253     1   110     1   110 0.99 <unknown description>
#
# Program:         hmmsearch
# Version:         3.4 (Aug 2023)
# Pipeline mode:   SEARCH
# Query file:      /home/arafat/busco_downloads/lineages/hypocreales_odb12.2/hmms/169629at5125.hmm
# Target file:     /home/arafat/Foxy_SIX_Evolution/results/busco/GCA_013085055.1/run_hypocreales_odb12.2/miniprot_output/translated_proteins/169629at5125.faa
# Option settings: hmmsearch --domtblout /home/arafat/Foxy_SIX_Evolution/results/busco/GCA_013085055.1/run_hypocreales_odb12.2/hmmer_output/169629at5125.out --cpu 1 /home/arafat/busco_downloads/lineages/hypocreales_odb12.2/hmms/169629at5125.hmm /home/arafat/Foxy_SIX_Evolution/results/busco/GCA_013085055.1/run_hypocreales_odb12.2/miniprot_output/translated_proteins/169629at5125.faa 
# Current dir:     /home/arafat/Foxy_SIX_Evolution
# Date:            Thu Sep 24 15:53:10 2026
# [ok]
