#                                                                                                                  --- full sequence --- -------------- this domain -------------   hmm coord   ali coord   env coord
# target name                                              accession   tlen query name           accession   qlen   E-value  score  bias   #  of  c-Evalue  i-Evalue  score  bias  from    to  from    to  from    to  acc description of target
#                                      ------------------- ---------- ----- -------------------- ---------- ----- --------- ------ ----- --- --- --------- --------- ------ ----- ----- ----- ----- ----- ----- ----- ---- ---------------------
169723at5125_1089448_0:00178f|CP052039.1:3319934-3322073|+ -            669 169723               -            604         0 1176.8   3.0   1   1         0         0 1175.6   3.0     1   603     6   664     6   665 0.91 <unknown description>
169723at5125_5507_5:00190d|CP052039.1:3319934-3324140|+    -           1221 169723               -            604         0 1174.6   2.3   1   1         0         0 1173.5   2.3     1   603     6   664     6   665 0.91 <unknown description>
169723at5125_1859967_0:000a59|CP052039.1:3319934-3326812|+ -           1676 169723               -            604         0 1174.3   1.7   1   1         0         0 1173.0   1.7     1   603     6   664     6   665 0.91 <unknown description>
169723at5125_282268_0:002b29|CP052039.1:3318279-3322073|+  -            910 169723               -            604         0 1167.8   2.5   1   1         0         0 1166.7   2.5     8   603   255   905   249   906 0.90 <unknown description>
169723at5125_1491479_0:00107e|CP052039.1:3320363-3322073|+ -            555 169723               -            604    1e-303  997.2   1.7   1   1  2.5e-303  2.5e-303  995.9   1.7   102   603     1   550     1   551 0.90 <unknown description>
169723at5125_117187_0:001387|CP052039.1:3319934-3321095|+  -            359 169723               -            604  1.8e-229  752.0   4.9   1   1    2e-229    2e-229  751.8   4.9     1   341     6   354     6   358 0.97 <unknown description>
169723at5125_117187_0:00129f|CP052039.1:3321113-3322073|+  -            321 169723               -            604  1.1e-124  405.9   0.4   1   1  3.8e-124  3.8e-124  404.1   0.4   338   603     3   316     1   317 0.82 <unknown description>
#
# Program:         hmmsearch
# Version:         3.4 (Aug 2023)
# Pipeline mode:   SEARCH
# Query file:      /home/arafat/busco_downloads/lineages/hypocreales_odb12.2/hmms/169723at5125.hmm
# Target file:     /home/arafat/Foxy_SIX_Evolution/results/busco/GCA_013085055.1/run_hypocreales_odb12.2/miniprot_output/translated_proteins/169723at5125.faa
# Option settings: hmmsearch --domtblout /home/arafat/Foxy_SIX_Evolution/results/busco/GCA_013085055.1/run_hypocreales_odb12.2/hmmer_output/169723at5125.out --cpu 1 /home/arafat/busco_downloads/lineages/hypocreales_odb12.2/hmms/169723at5125.hmm /home/arafat/Foxy_SIX_Evolution/results/busco/GCA_013085055.1/run_hypocreales_odb12.2/miniprot_output/translated_proteins/169723at5125.faa 
# Current dir:     /home/arafat/Foxy_SIX_Evolution
# Date:            Thu Sep 24 15:52:36 2026
# [ok]
