#                                                                                                                --- full sequence --- -------------- this domain -------------   hmm coord   ali coord   env coord
# target name                                            accession   tlen query name           accession   qlen   E-value  score  bias   #  of  c-Evalue  i-Evalue  score  bias  from    to  from    to  from    to  acc description of target
#                                    ------------------- ---------- ----- -------------------- ---------- ----- --------- ------ ----- --- --- --------- --------- ------ ----- ----- ----- ----- ----- ----- ----- ---- ---------------------
170147at5125_2773459_0:003a5d|CP052039.1:896209-897081|- -            226 170147               -            200  6.4e-124  399.9   1.9   1   1  4.5e-123  4.5e-123  397.2   1.9    11   199    27   215     2   216 0.92 <unknown description>
170147at5125_334819_0:002c41|CP052039.1:896209-897344|-  -            313 170147               -            200  2.3e-123  398.1   1.9   1   1  1.3e-122  1.3e-122  395.6   1.9    11   199   114   302    89   303 0.92 <unknown description>
170147at5125_2874508_0:001b37|CP052039.1:896209-896850|- -            198 170147               -            200  1.9e-122  395.1   0.4   1   1  2.2e-122  2.2e-122  394.9   0.4    13   199     1   187     1   188 0.99 <unknown description>
170147at5125_2596975_0:000c73|CP052039.1:896239-896745|- -            153 170147               -            200   9.4e-98  314.5   0.6   1   1     1e-97     1e-97  314.4   0.6    48   199     1   152     1   153 0.98 <unknown description>
170147at5125_1111077_0:001244|CP052039.1:896233-896638|- -            136 170147               -            200   1.6e-82  264.8   0.3   1   1   1.9e-82   1.9e-82  264.6   0.3    67   199     1   133     1   134 0.98 <unknown description>
170147at5125_327505_0:001697|CP052039.1:896426-897186|-  -            174 170147               -            200   1.8e-72  232.0   2.9   1   1   1.6e-71   1.6e-71  228.9   2.9    11   114    62   165    37   171 0.87 <unknown description>
170147at5125_93591_0:0021af|CP052039.1:896221-896470|-   -             84 170147               -            200   3.6e-40  126.5   4.2   1   1   4.2e-40   4.2e-40  126.3   4.2   123   199     1    77     1    78 0.97 <unknown description>
170147at5125_93591_0:001823|CP052039.1:896700-897187|-   -            108 170147               -            200   6.9e-32   99.5   0.1   1   1   9.8e-32   9.8e-32   99.0   0.1    11    60    56   105    47   108 0.95 <unknown description>
#
# Program:         hmmsearch
# Version:         3.4 (Aug 2023)
# Pipeline mode:   SEARCH
# Query file:      /home/arafat/busco_downloads/lineages/hypocreales_odb12.2/hmms/170147at5125.hmm
# Target file:     /home/arafat/Foxy_SIX_Evolution/results/busco/GCA_013085055.1/run_hypocreales_odb12.2/miniprot_output/translated_proteins/170147at5125.faa
# Option settings: hmmsearch --domtblout /home/arafat/Foxy_SIX_Evolution/results/busco/GCA_013085055.1/run_hypocreales_odb12.2/hmmer_output/170147at5125.out --cpu 1 /home/arafat/busco_downloads/lineages/hypocreales_odb12.2/hmms/170147at5125.hmm /home/arafat/Foxy_SIX_Evolution/results/busco/GCA_013085055.1/run_hypocreales_odb12.2/miniprot_output/translated_proteins/170147at5125.faa 
# Current dir:     /home/arafat/Foxy_SIX_Evolution
# Date:            Thu Sep 24 15:52:41 2026
# [ok]
