#                                                                                                                  --- full sequence --- -------------- this domain -------------   hmm coord   ali coord   env coord
# target name                                              accession   tlen query name           accession   qlen   E-value  score  bias   #  of  c-Evalue  i-Evalue  score  bias  from    to  from    to  from    to  acc description of target
#                                      ------------------- ---------- ----- -------------------- ---------- ----- --------- ------ ----- --- --- --------- --------- ------ ----- ----- ----- ----- ----- ----- ----- ---- ---------------------
170143at5125_660027_0:000975|CP052039.1:4422807-4429088|+  -           2072 170143               -           1515         0 2689.1  39.9   1   6   5.4e-17   5.4e-17   49.4   0.0     4    64   148   220   145   241 0.77 <unknown description>
170143at5125_660027_0:000975|CP052039.1:4422807-4429088|+  -           2072 170143               -           1515         0 2689.1  39.9   2   6     1e-79     1e-79  257.2   8.7    59   308   273   595   266   601 0.73 <unknown description>
170143at5125_660027_0:000975|CP052039.1:4422807-4429088|+  -           2072 170143               -           1515         0 2689.1  39.9   3   6  2.6e-127  2.6e-127  415.0   8.7   282   559   597   909   590   939 0.85 <unknown description>
170143at5125_660027_0:000975|CP052039.1:4422807-4429088|+  -           2072 170143               -           1515         0 2689.1  39.9   4   6  1.5e-167  1.5e-167  548.4   0.3   551   835   983  1273   907  1290 0.84 <unknown description>
170143at5125_660027_0:000975|CP052039.1:4422807-4429088|+  -           2072 170143               -           1515         0 2689.1  39.9   5   6  7.9e-232  7.9e-232  761.4   0.2   813  1169  1295  1658  1290  1671 0.93 <unknown description>
170143at5125_660027_0:000975|CP052039.1:4422807-4429088|+  -           2072 170143               -           1515         0 2689.1  39.9   6   6  2.3e-202  2.3e-202  663.7   0.1  1167  1515  1703  2071  1688  2071 0.93 <unknown description>
170143at5125_83212_0:0016d2|CP052039.1:4424124-4429088|+   -           1633 170143               -           1515         0 2528.8  25.9   1   5   5.2e-47   5.2e-47  148.8   0.3   172   308     5   156     2   163 0.79 <unknown description>
170143at5125_83212_0:0016d2|CP052039.1:4424124-4429088|+   -           1633 170143               -           1515         0 2528.8  25.9   2   5  1.3e-127  1.3e-127  416.0   8.0   283   559   159   470   152   498 0.85 <unknown description>
170143at5125_83212_0:0016d2|CP052039.1:4424124-4429088|+   -           1633 170143               -           1515         0 2528.8  25.9   3   5  9.8e-168  9.8e-168  549.0   0.3   551   835   544   834   468   851 0.83 <unknown description>
170143at5125_83212_0:0016d2|CP052039.1:4424124-4429088|+   -           1633 170143               -           1515         0 2528.8  25.9   4   5  5.4e-232  5.4e-232  761.9   0.2   813  1169   856  1219   852  1233 0.93 <unknown description>
170143at5125_83212_0:0016d2|CP052039.1:4424124-4429088|+   -           1633 170143               -           1515         0 2528.8  25.9   5   5  1.6e-202  1.6e-202  664.2   0.1  1167  1515  1264  1632  1249  1632 0.93 <unknown description>
170143at5125_1399860_1:0000c0|CP052039.1:4423242-4427997|+ -           1586 170143               -           1515         0 2030.3  36.6   1   5   4.6e-17   4.6e-17   49.6   0.0     4    64     3    75     1    96 0.77 <unknown description>
170143at5125_1399860_1:0000c0|CP052039.1:4423242-4427997|+ -           1586 170143               -           1515         0 2030.3  36.6   2   5   6.7e-80   6.7e-80  257.8   8.8    59   308   128   450   118   456 0.73 <unknown description>
170143at5125_1399860_1:0000c0|CP052039.1:4423242-4427997|+ -           1586 170143               -           1515         0 2030.3  36.6   3   5  1.8e-127  1.8e-127  415.5   8.5   283   559   453   764   446   789 0.86 <unknown description>
170143at5125_1399860_1:0000c0|CP052039.1:4423242-4427997|+ -           1586 170143               -           1515         0 2030.3  36.6   4   5  9.4e-168  9.4e-168  549.0   0.4   550   835   837  1128   760  1145 0.83 <unknown description>
170143at5125_1399860_1:0000c0|CP052039.1:4423242-4427997|+ -           1586 170143               -           1515         0 2030.3  36.6   5   5  4.9e-232  4.9e-232  762.1   0.2   813  1169  1150  1513  1144  1527 0.93 <unknown description>
170143at5125_150374_0:0019cc|CP052039.1:4426281-4429088|+  -            914 170143               -           1515         0 1657.2   3.5   1   3     9e-71     9e-71  227.6   0.0   719   836     1   116     1   133 0.88 <unknown description>
170143at5125_150374_0:0019cc|CP052039.1:4426281-4429088|+  -            914 170143               -           1515         0 1657.2   3.5   2   3  1.7e-232  1.7e-232  763.6   0.2   813  1169   137   500   131   514 0.93 <unknown description>
170143at5125_150374_0:0019cc|CP052039.1:4426281-4429088|+  -            914 170143               -           1515         0 1657.2   3.5   3   3  5.2e-203  5.2e-203  665.9   0.1  1166  1515   544   913   530   913 0.93 <unknown description>
170143at5125_78864_0:0027f0|CP052039.1:4422807-4426863|+   -           1353 170143               -           1515         0 1313.8  35.0   1   5   3.3e-17   3.3e-17   50.1   0.0     4    64   148   220   145   241 0.77 <unknown description>
170143at5125_78864_0:0027f0|CP052039.1:4422807-4426863|+   -           1353 170143               -           1515         0 1313.8  35.0   2   5   4.9e-80   4.9e-80  258.3   8.6    59   308   273   595   263   600 0.73 <unknown description>
170143at5125_78864_0:0027f0|CP052039.1:4422807-4426863|+   -           1353 170143               -           1515         0 1313.8  35.0   3   5  1.3e-127  1.3e-127  416.0   8.5   283   559   598   909   591   940 0.85 <unknown description>
170143at5125_78864_0:0027f0|CP052039.1:4422807-4426863|+   -           1353 170143               -           1515         0 1313.8  35.0   4   5  7.1e-168  7.1e-168  549.4   0.3   551   836   983  1274   907  1291 0.83 <unknown description>
170143at5125_78864_0:0027f0|CP052039.1:4422807-4426863|+   -           1353 170143               -           1515         0 1313.8  35.0   5   5   8.9e-15   8.9e-15   42.0   0.1   813   867  1295  1353  1288  1353 0.75 <unknown description>
170143at5125_48495_0:00366e|CP052039.1:4424559-4425612|+   -            352 170143               -           1515  1.6e-129  422.3   9.6   1   1  5.7e-129  5.7e-129  420.5   9.6   281   559    12   325     2   348 0.85 <unknown description>
170143at5125_48495_0:003662|CP052039.1:4422807-4424423|+   -            524 170143               -           1515   2.2e-68  219.7   8.1   1   2   9.4e-18   9.4e-18   51.9   0.0     4    64   148   220   145   242 0.76 <unknown description>
170143at5125_48495_0:003662|CP052039.1:4422807-4424423|+   -            524 170143               -           1515   2.2e-68  219.7   8.1   2   2   3.7e-49   3.7e-49  156.0   6.1    59   232   273   510   263   514 0.72 <unknown description>
#
# Program:         hmmsearch
# Version:         3.4 (Aug 2023)
# Pipeline mode:   SEARCH
# Query file:      /home/arafat/busco_downloads/lineages/hypocreales_odb12.2/hmms/170143at5125.hmm
# Target file:     /home/arafat/Foxy_SIX_Evolution/results/busco/GCA_013085055.1/run_hypocreales_odb12.2/miniprot_output/translated_proteins/170143at5125.faa
# Option settings: hmmsearch --domtblout /home/arafat/Foxy_SIX_Evolution/results/busco/GCA_013085055.1/run_hypocreales_odb12.2/hmmer_output/170143at5125.out --cpu 1 /home/arafat/busco_downloads/lineages/hypocreales_odb12.2/hmms/170143at5125.hmm /home/arafat/Foxy_SIX_Evolution/results/busco/GCA_013085055.1/run_hypocreales_odb12.2/miniprot_output/translated_proteins/170143at5125.faa 
# Current dir:     /home/arafat/Foxy_SIX_Evolution
# Date:            Thu Sep 24 15:52:41 2026
# [ok]
