#                                                                                                                  --- full sequence --- -------------- this domain -------------   hmm coord   ali coord   env coord
# target name                                              accession   tlen query name           accession   qlen   E-value  score  bias   #  of  c-Evalue  i-Evalue  score  bias  from    to  from    to  from    to  acc description of target
#                                      ------------------- ---------- ----- -------------------- ---------- ----- --------- ------ ----- --- --- --------- --------- ------ ----- ----- ----- ----- ----- ----- ----- ---- ---------------------
170226at5125_1089448_0:00232a|CP052038.1:3975672-3979373|+ -           1212 170226               -            949         0 1530.6   0.2   1   3         0         0 1458.5   0.0     2   851    98  1028    97  1058 0.90 <unknown description>
170226at5125_1089448_0:00232a|CP052038.1:3975672-3979373|+ -           1212 170226               -            949         0 1530.6   0.2   2   3   5.8e-05   5.8e-05   10.2   0.1   848   884  1062  1098  1041  1113 0.75 <unknown description>
170226at5125_1089448_0:00232a|CP052038.1:3975672-3979373|+ -           1212 170226               -            949         0 1530.6   0.2   3   3   1.4e-19   1.4e-19   58.6   0.3   871   947  1117  1204  1087  1206 0.82 <unknown description>
170226at5125_307937_0:00127f|CP052038.1:3963392-3979373|+  -           1212 170226               -            949         0 1530.6   0.2   1   3         0         0 1458.5   0.0     2   851    98  1028    97  1058 0.90 <unknown description>
170226at5125_307937_0:00127f|CP052038.1:3963392-3979373|+  -           1212 170226               -            949         0 1530.6   0.2   2   3   5.8e-05   5.8e-05   10.2   0.1   848   884  1062  1098  1041  1113 0.75 <unknown description>
170226at5125_307937_0:00127f|CP052038.1:3963392-3979373|+  -           1212 170226               -            949         0 1530.6   0.2   3   3   1.4e-19   1.4e-19   58.6   0.3   871   947  1117  1204  1087  1206 0.82 <unknown description>
170226at5125_1079257_0:0005fd|CP052038.1:3971298-3979373|+ -           1222 170226               -            949         0 1530.5   0.2   1   3         0         0 1458.5   0.0     2   851   108  1038   107  1068 0.90 <unknown description>
170226at5125_1079257_0:0005fd|CP052038.1:3971298-3979373|+ -           1222 170226               -            949         0 1530.5   0.2   2   3   5.9e-05   5.9e-05   10.2   0.1   848   884  1072  1108  1051  1123 0.75 <unknown description>
170226at5125_1079257_0:0005fd|CP052038.1:3971298-3979373|+ -           1222 170226               -            949         0 1530.5   0.2   3   3   1.4e-19   1.4e-19   58.6   0.3   871   947  1127  1214  1097  1216 0.82 <unknown description>
170226at5125_1330021_0:000f1a|CP052038.1:3969137-3979355|+ -           2128 170226               -            949         0 1526.7   0.1   1   3         0         0 1456.2   0.0     2   851  1020  1950  1019  1979 0.90 <unknown description>
170226at5125_1330021_0:000f1a|CP052038.1:3969137-3979355|+ -           2128 170226               -            949         0 1526.7   0.1   2   3   0.00011   0.00011    9.3   0.1   848   884  1984  2020  1963  2035 0.75 <unknown description>
170226at5125_1330021_0:000f1a|CP052038.1:3969137-3979355|+ -           2128 170226               -            949         0 1526.7   0.1   3   3   3.3e-19   3.3e-19   57.4   0.1   872   947  2040  2126  2027  2128 0.84 <unknown description>
170226at5125_48490_0:002958|CP052038.1:3975879-3978812|+   -            956 170226               -            949         0 1457.6   0.0   1   1         0         0 1457.1   0.0     2   847    29   955    28   956 0.90 <unknown description>
170226at5125_150374_0:001563|CP052038.1:3976508-3979370|+  -            955 170226               -            949         0 1373.3   7.0   1   3         0         0 1306.8   0.5   137   851     2   772     1   804 0.90 <unknown description>
170226at5125_150374_0:001563|CP052038.1:3976508-3979370|+  -            955 170226               -            949         0 1373.3   7.0   2   3   4.4e-05   4.4e-05   10.6   0.1   848   885   806   843   786   858 0.75 <unknown description>
170226at5125_150374_0:001563|CP052038.1:3976508-3979370|+  -            955 170226               -            949         0 1373.3   7.0   3   3   1.3e-19   1.3e-19   58.8   0.1   872   947   862   948   849   950 0.84 <unknown description>
170226at5125_694270_0:002bfe|CP052038.1:3975672-3977990|+  -            751 170226               -            949         0 1131.5   6.8   1   1         0         0 1131.3   6.8     2   618    98   743    97   751 0.94 <unknown description>
170226at5125_468837_0:0019a7|CP052038.1:3976478-3977837|+  -            454 170226               -            949  6.4e-278  913.6  21.9   1   1  7.2e-278  7.2e-278  913.5  21.9   126   579     1   454     1   454 1.00 <unknown description>
#
# Program:         hmmsearch
# Version:         3.4 (Aug 2023)
# Pipeline mode:   SEARCH
# Query file:      /home/arafat/busco_downloads/lineages/hypocreales_odb12.2/hmms/170226at5125.hmm
# Target file:     /home/arafat/Foxy_SIX_Evolution/results/busco/GCA_013085055.1/run_hypocreales_odb12.2/miniprot_output/translated_proteins/170226at5125.faa
# Option settings: hmmsearch --domtblout /home/arafat/Foxy_SIX_Evolution/results/busco/GCA_013085055.1/run_hypocreales_odb12.2/hmmer_output/170226at5125.out --cpu 1 /home/arafat/busco_downloads/lineages/hypocreales_odb12.2/hmms/170226at5125.hmm /home/arafat/Foxy_SIX_Evolution/results/busco/GCA_013085055.1/run_hypocreales_odb12.2/miniprot_output/translated_proteins/170226at5125.faa 
# Current dir:     /home/arafat/Foxy_SIX_Evolution
# Date:            Thu Sep 24 15:52:45 2026
# [ok]
