#                                                                                                                  --- full sequence --- -------------- this domain -------------   hmm coord   ali coord   env coord
# target name                                              accession   tlen query name           accession   qlen   E-value  score  bias   #  of  c-Evalue  i-Evalue  score  bias  from    to  from    to  from    to  acc description of target
#                                      ------------------- ---------- ----- -------------------- ---------- ----- --------- ------ ----- --- --- --------- --------- ------ ----- ----- ----- ----- ----- ----- ----- ---- ---------------------
170867at5125_1089448_0:002d45|CP052038.1:5169418-5171417|- -            634 170867               -            538         0 1023.3  11.7   1   2  1.1e-134  1.1e-134  438.5   0.4     5   246    25   279    12   291 0.88 <unknown description>
170867at5125_1089448_0:002d45|CP052038.1:5169418-5171417|- -            634 170867               -            538         0 1023.3  11.7   2   2  2.6e-179  2.6e-179  585.7   5.3   239   537   296   618   289   619 0.91 <unknown description>
170867at5125_1163406_0:00221c|CP052038.1:5169466-5175208|- -            648 170867               -            538         0 1022.6  11.6   1   2    1e-134    1e-134  438.5   0.4     5   246    55   309    42   325 0.87 <unknown description>
170867at5125_1163406_0:00221c|CP052038.1:5169466-5175208|- -            648 170867               -            538         0 1022.6  11.6   2   2  3.5e-179  3.5e-179  585.3   5.2   239   536   326   647   313   648 0.91 <unknown description>
170867at5125_1859967_0:0003db|CP052038.1:5168019-5171343|- -            894 170867               -            538         0 1021.2  11.4   1   2  2.2e-134  2.2e-134  437.4   0.4     5   246    17   271     4   283 0.88 <unknown description>
170867at5125_1859967_0:0003db|CP052038.1:5168019-5171343|- -            894 170867               -            538         0 1021.2  11.4   2   2  4.7e-179  4.7e-179  584.8   5.0   239   537   288   610   281   611 0.91 <unknown description>
170867at5125_2885761_0:002439|CP052038.1:5169906-5171307|- -            468 170867               -            538  2.8e-240  786.9   5.6   1   2  8.2e-135  8.2e-135  438.9   0.3     5   246     5   259     1   275 0.90 <unknown description>
170867at5125_2885761_0:002439|CP052038.1:5169906-5171307|- -            468 170867               -            538  2.8e-240  786.9   5.6   2   2  4.7e-108  4.7e-108  350.5   1.0   239   408   276   450   269   457 0.94 <unknown description>
170867at5125_2604345_0:000ade|CP052038.1:5169963-5170854|- -            298 170867               -            538  1.2e-173  567.0   5.9   1   2   2.5e-68   2.5e-68  219.4   0.3   139   246     1   108     1   124 0.95 <unknown description>
170867at5125_2604345_0:000ade|CP052038.1:5169963-5170854|- -            298 170867               -            538  1.2e-173  567.0   5.9   2   2  4.6e-108  4.6e-108  350.6   1.1   239   405   125   296   112   298 0.94 <unknown description>
170867at5125_93591_0:0017b7|CP052038.1:5170536-5171376|-   -            281 170867               -            538  3.3e-135  440.1   0.6   1   1  3.8e-135  3.8e-135  440.0   0.6     5   243    28   279    15   281 0.88 <unknown description>
#
# Program:         hmmsearch
# Version:         3.4 (Aug 2023)
# Pipeline mode:   SEARCH
# Query file:      /home/arafat/busco_downloads/lineages/hypocreales_odb12.2/hmms/170867at5125.hmm
# Target file:     /home/arafat/Foxy_SIX_Evolution/results/busco/GCA_013085055.1/run_hypocreales_odb12.2/miniprot_output/translated_proteins/170867at5125.faa
# Option settings: hmmsearch --domtblout /home/arafat/Foxy_SIX_Evolution/results/busco/GCA_013085055.1/run_hypocreales_odb12.2/hmmer_output/170867at5125.out --cpu 1 /home/arafat/busco_downloads/lineages/hypocreales_odb12.2/hmms/170867at5125.hmm /home/arafat/Foxy_SIX_Evolution/results/busco/GCA_013085055.1/run_hypocreales_odb12.2/miniprot_output/translated_proteins/170867at5125.faa 
# Current dir:     /home/arafat/Foxy_SIX_Evolution
# Date:            Thu Sep 24 15:52:51 2026
# [ok]
