#                                                                                                                --- full sequence --- -------------- this domain -------------   hmm coord   ali coord   env coord
# target name                                            accession   tlen query name           accession   qlen   E-value  score  bias   #  of  c-Evalue  i-Evalue  score  bias  from    to  from    to  from    to  acc description of target
#                                    ------------------- ---------- ----- -------------------- ---------- ----- --------- ------ ----- --- --- --------- --------- ------ ----- ----- ----- ----- ----- ----- ----- ---- ---------------------
170967at5125_660027_0:002bdf|CP052045.1:898612-903238|+  -           1501 170967               -           1177         0 1721.7  21.9   1   4   6.9e-05   6.9e-05    9.8   0.1     8    32    69    93    62   100 0.85 <unknown description>
170967at5125_660027_0:002bdf|CP052045.1:898612-903238|+  -           1501 170967               -           1177         0 1721.7  21.9   2   4   3.4e-96   3.4e-96  312.2   3.6    31   259   115   374   110   400 0.84 <unknown description>
170967at5125_660027_0:002bdf|CP052045.1:898612-903238|+  -           1501 170967               -           1177         0 1721.7  21.9   3   4  4.1e-181  4.1e-181  593.5   0.0   257   700   460   938   447   946 0.90 <unknown description>
170967at5125_660027_0:002bdf|CP052045.1:898612-903238|+  -           1501 170967               -           1177         0 1721.7  21.9   4   4  3.5e-246  3.5e-246  809.0   4.9   699  1177   975  1486   972  1486 0.93 <unknown description>
170967at5125_307937_0:004fee|CP052045.1:890357-903196|+  -           1555 170967               -           1177         0 1721.3  21.9   1   4   7.2e-05   7.2e-05    9.8   0.1     8    32   137   161   130   168 0.85 <unknown description>
170967at5125_307937_0:004fee|CP052045.1:890357-903196|+  -           1555 170967               -           1177         0 1721.3  21.9   2   4   3.6e-96   3.6e-96  312.2   3.6    31   259   183   442   178   468 0.84 <unknown description>
170967at5125_307937_0:004fee|CP052045.1:890357-903196|+  -           1555 170967               -           1177         0 1721.3  21.9   3   4  4.4e-181  4.4e-181  593.4   0.0   257   700   528  1006   515  1014 0.90 <unknown description>
170967at5125_307937_0:004fee|CP052045.1:890357-903196|+  -           1555 170967               -           1177         0 1721.3  21.9   4   4  3.8e-246  3.8e-246  808.9   4.9   699  1177  1043  1554  1040  1554 0.93 <unknown description>
170967at5125_2364996_0:00330b|CP052045.1:893243-903238|+ -           2237 170967               -           1177         0 1717.2  22.3   1   3   6.7e-97   6.7e-97  314.6   7.3     8   259   805  1110   798  1136 0.83 <unknown description>
170967at5125_2364996_0:00330b|CP052045.1:893243-903238|+ -           2237 170967               -           1177         0 1717.2  22.3   2   3  8.4e-181  8.4e-181  592.5   0.0   257   700  1196  1674  1183  1682 0.90 <unknown description>
170967at5125_2364996_0:00330b|CP052045.1:893243-903238|+ -           2237 170967               -           1177         0 1717.2  22.3   3   3  7.4e-246  7.4e-246  807.9   4.9   699  1177  1711  2222  1708  2222 0.93 <unknown description>
170967at5125_1081103_0:000a82|CP052045.1:900115-903205|+ -           1030 170967               -           1177         0 1393.3   7.5   1   2  5.8e-179  5.8e-179  586.4   0.0   268   700     1   465     1   473 0.91 <unknown description>
170967at5125_1081103_0:000a82|CP052045.1:900115-903205|+ -           1030 170967               -           1177         0 1393.3   7.5   2   2  1.2e-245  1.2e-245  807.2   5.1   700  1177   516  1026   514  1026 0.93 <unknown description>
170967at5125_179993_0:002c75|CP052045.1:900904-903238|+  -            765 170967               -           1177         0 1023.2   5.9   1   2   1.5e-65   1.5e-65  210.7   0.0   520   700    13   202     8   210 0.91 <unknown description>
170967at5125_179993_0:002c75|CP052045.1:900904-903238|+  -            765 170967               -           1177         0 1023.2   5.9   2   2  6.7e-247  6.7e-247  811.4   4.9   699  1177   239   750   236   750 0.93 <unknown description>
170967at5125_1576542_0:002e4e|CP052045.1:901690-903238|+ -            517 170967               -           1177  2.5e-241  792.9   5.2   1   1  3.2e-241  3.2e-241  792.6   5.2   709  1177     1   502     1   502 0.93 <unknown description>
170967at5125_63577_0:0030e4|CP052045.1:899721-901627|+   -            622 170967               -           1177    3e-182  597.3   0.0   1   1  4.1e-182  4.1e-182  596.8   0.0   257   701   104   583    86   590 0.90 <unknown description>
170967at5125_101201_0:0015a0|CP052045.1:898624-900556|+  -            617 170967               -           1177  1.4e-164  538.7  12.1   1   3   2.6e-05   2.6e-05   11.2   0.1     8    32    65    89    58    95 0.85 <unknown description>
170967at5125_101201_0:0015a0|CP052045.1:898624-900556|+  -            617 170967               -           1177  1.4e-164  538.7  12.1   2   3     6e-97     6e-97  314.7   3.4    31   259   111   370   108   396 0.83 <unknown description>
170967at5125_101201_0:0015a0|CP052045.1:898624-900556|+  -            617 170967               -           1177  1.4e-164  538.7  12.1   3   3   9.8e-66   9.8e-66  211.4   0.2   257   402   456   616   439   617 0.87 <unknown description>
#
# Program:         hmmsearch
# Version:         3.4 (Aug 2023)
# Pipeline mode:   SEARCH
# Query file:      /home/arafat/busco_downloads/lineages/hypocreales_odb12.2/hmms/170967at5125.hmm
# Target file:     /home/arafat/Foxy_SIX_Evolution/results/busco/GCA_013085055.1/run_hypocreales_odb12.2/miniprot_output/translated_proteins/170967at5125.faa
# Option settings: hmmsearch --domtblout /home/arafat/Foxy_SIX_Evolution/results/busco/GCA_013085055.1/run_hypocreales_odb12.2/hmmer_output/170967at5125.out --cpu 1 /home/arafat/busco_downloads/lineages/hypocreales_odb12.2/hmms/170967at5125.hmm /home/arafat/Foxy_SIX_Evolution/results/busco/GCA_013085055.1/run_hypocreales_odb12.2/miniprot_output/translated_proteins/170967at5125.faa 
# Current dir:     /home/arafat/Foxy_SIX_Evolution
# Date:            Thu Sep 24 15:52:52 2026
# [ok]
