#                                                                                                                  --- full sequence --- -------------- this domain -------------   hmm coord   ali coord   env coord
# target name                                              accession   tlen query name           accession   qlen   E-value  score  bias   #  of  c-Evalue  i-Evalue  score  bias  from    to  from    to  from    to  acc description of target
#                                      ------------------- ---------- ----- -------------------- ---------- ----- --------- ------ ----- --- --- --------- --------- ------ ----- ----- ----- ----- ----- ----- ----- ---- ---------------------
171648at5125_1080343_0:0004bd|CP052041.1:2123587-2124661|+ -            305 171648               -            299  2.1e-174  567.4   0.0   1   1  2.3e-174  2.3e-174  567.3   0.0     6   298     8   300     1   301 0.98 <unknown description>
171648at5125_1531966_0:00099b|CP052041.1:2119728-2124649|+ -            308 171648               -            299  2.3e-171  557.4   0.1   1   1  2.7e-171  2.7e-171  557.2   0.1    14   298    23   307    14   308 0.98 <unknown description>
171648at5125_334819_0:000ee7|CP052041.1:2123587-2124953|+  -            381 171648               -            299  3.3e-171  556.9   0.1   1   1  4.2e-171  4.2e-171  556.6   0.1     6   289     8   291     1   298 0.97 <unknown description>
171648at5125_1042311_0:0020f1|CP052041.1:2122614-2124616|+ -            292 171648               -            299  5.2e-171  556.3   0.2   1   1  6.3e-171  6.3e-171  556.0   0.2     7   286    11   290     4   292 0.98 <unknown description>
171648at5125_96317_0:003677|CP052041.1:2123846-2124661|+   -            254 171648               -            299  4.5e-155  503.9   0.0   1   1  5.1e-155  5.1e-155  503.8   0.0    50   298     1   249     1   250 0.99 <unknown description>
171648at5125_1081107_0:00128a|CP052041.1:2124028-2124661|+ -            212 171648               -            299  1.3e-128  417.0   0.0   1   1  1.5e-128  1.5e-128  416.9   0.0    92   298     1   207     1   208 0.99 <unknown description>
171648at5125_1331945_0:002aba|CP052041.1:2123703-2124388|+ -            193 171648               -            299  1.7e-116  377.3   1.8   1   1  1.9e-116  1.9e-116  377.1   1.8    20   212     1   193     1   193 1.00 <unknown description>
#
# Program:         hmmsearch
# Version:         3.4 (Aug 2023)
# Pipeline mode:   SEARCH
# Query file:      /home/arafat/busco_downloads/lineages/hypocreales_odb12.2/hmms/171648at5125.hmm
# Target file:     /home/arafat/Foxy_SIX_Evolution/results/busco/GCA_013085055.1/run_hypocreales_odb12.2/miniprot_output/translated_proteins/171648at5125.faa
# Option settings: hmmsearch --domtblout /home/arafat/Foxy_SIX_Evolution/results/busco/GCA_013085055.1/run_hypocreales_odb12.2/hmmer_output/171648at5125.out --cpu 1 /home/arafat/busco_downloads/lineages/hypocreales_odb12.2/hmms/171648at5125.hmm /home/arafat/Foxy_SIX_Evolution/results/busco/GCA_013085055.1/run_hypocreales_odb12.2/miniprot_output/translated_proteins/171648at5125.faa 
# Current dir:     /home/arafat/Foxy_SIX_Evolution
# Date:            Thu Sep 24 15:53:00 2026
# [ok]
