#                                                                                                                  --- full sequence --- -------------- this domain -------------   hmm coord   ali coord   env coord
# target name                                              accession   tlen query name           accession   qlen   E-value  score  bias   #  of  c-Evalue  i-Evalue  score  bias  from    to  from    to  from    to  acc description of target
#                                      ------------------- ---------- ----- -------------------- ---------- ----- --------- ------ ----- --- --- --------- --------- ------ ----- ----- ----- ----- ----- ----- ----- ---- ---------------------
171815at5125_80388_0:000b93|CP052046.1:1329753-1333642|+   -            347 171815               -            272  6.2e-117  378.9  10.8   1   2   4.9e-20   8.9e-20   60.3   0.1     3    59    17    73    15    89 0.90 <unknown description>
171815at5125_80388_0:000b93|CP052046.1:1329753-1333642|+   -            347 171815               -            272  6.2e-117  378.9  10.8   2   2   5.4e-99   9.8e-99  319.2   7.3    57   272   108   345    97   345 0.89 <unknown description>
171815at5125_5507_3:002c89|CP052046.1:1332432-1333642|+    -            404 171815               -            272  1.9e-114  370.8  19.8   1   3       2.2       3.9   -4.2   1.7   145   182    20    57    17    67 0.62 <unknown description>
171815at5125_5507_3:002c89|CP052046.1:1332432-1333642|+    -            404 171815               -            272  1.9e-114  370.8  19.8   2   3   2.7e-20   4.8e-20   61.1   0.1     2    59    73   130    72   146 0.90 <unknown description>
171815at5125_5507_3:002c89|CP052046.1:1332432-1333642|+    -            404 171815               -            272  1.9e-114  370.8  19.8   3   3   7.1e-99   1.3e-98  318.8   7.1    57   272   165   402   154   402 0.89 <unknown description>
171815at5125_1053134_0:000ed0|CP052046.1:1332958-1333642|+ -            229 171815               -            272   4.3e-96  310.5   5.5   1   1   6.3e-96   1.1e-95  309.2   5.5    68   272     1   227     1   227 0.90 <unknown description>
171815at5125_468837_0:000d43|CP052046.1:1333222-1333642|+  -            141 171815               -            272   1.5e-51  164.4   5.4   1   1   2.9e-51   5.2e-51  162.7   5.4   154   272     2   139     1   139 0.87 <unknown description>
171815at5125_1208366_0:003369|CP052046.1:1332469-1332931|+ -            155 171815               -            272   7.9e-21   63.7   0.1   1   2       1.2       2.2   -3.3   1.0   147   175    10    38     8    55 0.50 <unknown description>
171815at5125_1208366_0:003369|CP052046.1:1332469-1332931|+ -            155 171815               -            272   7.9e-21   63.7   0.1   2   2   4.4e-21   7.9e-21   63.7   0.1     2    60    61   119    60   140 0.90 <unknown description>
#
# Program:         hmmsearch
# Version:         3.4 (Aug 2023)
# Pipeline mode:   SEARCH
# Query file:      /home/arafat/busco_downloads/lineages/hypocreales_odb12.2/hmms/171815at5125.hmm
# Target file:     /home/arafat/Foxy_SIX_Evolution/results/busco/GCA_013085055.1/run_hypocreales_odb12.2/miniprot_output/translated_proteins/171815at5125.faa
# Option settings: hmmsearch --domtblout /home/arafat/Foxy_SIX_Evolution/results/busco/GCA_013085055.1/run_hypocreales_odb12.2/hmmer_output/171815at5125.out --cpu 1 /home/arafat/busco_downloads/lineages/hypocreales_odb12.2/hmms/171815at5125.hmm /home/arafat/Foxy_SIX_Evolution/results/busco/GCA_013085055.1/run_hypocreales_odb12.2/miniprot_output/translated_proteins/171815at5125.faa 
# Current dir:     /home/arafat/Foxy_SIX_Evolution
# Date:            Thu Sep 24 15:53:01 2026
# [ok]
