#                                                                                                                  --- full sequence --- -------------- this domain -------------   hmm coord   ali coord   env coord
# target name                                              accession   tlen query name           accession   qlen   E-value  score  bias   #  of  c-Evalue  i-Evalue  score  bias  from    to  from    to  from    to  acc description of target
#                                      ------------------- ---------- ----- -------------------- ---------- ----- --------- ------ ----- --- --- --------- --------- ------ ----- ----- ----- ----- ----- ----- ----- ---- ---------------------
172153at5125_660027_0:000cfa|CP052039.1:3874619-3877595|-  -            904 172153               -            896         0 1232.2   0.5   1   1         0         0 1228.9   0.5     5   895     3   902     1   903 0.93 <unknown description>
172153at5125_83212_0:001260|CP052039.1:3874904-3880397|-   -            908 172153               -            896         0 1167.0   0.1   1   1         0         0 1163.6   0.1     3   786    90   907    88   908 0.94 <unknown description>
172153at5125_96774_0:001f8b|CP052039.1:3874955-3886606|-   -            805 172153               -            896         0 1156.8   0.1   1   1         0         0 1153.3   0.1     7   771     8   805     2   805 0.94 <unknown description>
172153at5125_1806559_0:0018f6|CP052039.1:3874946-3877296|- -            732 172153               -            896         0 1077.5   0.4   1   1         0         0 1073.9   0.4    66   773     1   731     1   732 0.95 <unknown description>
172153at5125_1325737_0:0033b6|CP052039.1:3875668-3877604|- -            594 172153               -            896  1.2e-257  846.4   0.1   1   1  1.8e-256  1.8e-256  842.5   0.1     3   576     4   592     2   594 0.95 <unknown description>
172153at5125_2885761_0:0030fd|CP052039.1:3876477-3877417|- -            273 172153               -            896     4e-69  222.6   6.7   1   1   1.7e-67   1.7e-67  217.2   6.7    53   208    28   198    25   203 0.86 <unknown description>
172153at5125_2885761_0:0030e1|CP052039.1:3874619-3875312|- -            232 172153               -            896     6e-64  205.5   6.3   1   1   7.4e-64   7.4e-64  205.2   6.3   665   895     5   230     2   231 0.83 <unknown description>
#
# Program:         hmmsearch
# Version:         3.4 (Aug 2023)
# Pipeline mode:   SEARCH
# Query file:      /home/arafat/busco_downloads/lineages/hypocreales_odb12.2/hmms/172153at5125.hmm
# Target file:     /home/arafat/Foxy_SIX_Evolution/results/busco/GCA_013085055.1/run_hypocreales_odb12.2/miniprot_output/translated_proteins/172153at5125.faa
# Option settings: hmmsearch --domtblout /home/arafat/Foxy_SIX_Evolution/results/busco/GCA_013085055.1/run_hypocreales_odb12.2/hmmer_output/172153at5125.out --cpu 1 /home/arafat/busco_downloads/lineages/hypocreales_odb12.2/hmms/172153at5125.hmm /home/arafat/Foxy_SIX_Evolution/results/busco/GCA_013085055.1/run_hypocreales_odb12.2/miniprot_output/translated_proteins/172153at5125.faa 
# Current dir:     /home/arafat/Foxy_SIX_Evolution
# Date:            Thu Sep 24 15:53:04 2026
# [ok]
