#                                                                                                                  --- full sequence --- -------------- this domain -------------   hmm coord   ali coord   env coord
# target name                                              accession   tlen query name           accession   qlen   E-value  score  bias   #  of  c-Evalue  i-Evalue  score  bias  from    to  from    to  from    to  acc description of target
#                                      ------------------- ---------- ----- -------------------- ---------- ----- --------- ------ ----- --- --- --------- --------- ------ ----- ----- ----- ----- ----- ----- ----- ---- ---------------------
172237at5125_1080343_0:000094|CP052041.1:1464555-1466934|- -            729 172237               -            695         0 1306.3   3.9   1   1         0         0 1306.1   3.9     1   695     5   726     5   726 0.95 <unknown description>
172237at5125_1081105_0:001a4a|CP052041.1:1464579-1474366|- -           1147 172237               -            695         0 1259.8   3.5   1   1         0         0 1259.4   3.5    23   690   454  1147   442  1147 0.95 <unknown description>
172237at5125_1291518_0:000fe9|CP052041.1:1464555-1466240|- -            547 172237               -            695         0 1074.5   1.4   1   1         0         0 1074.3   1.4   159   695     1   544     1   544 0.98 <unknown description>
172237at5125_1610689_0:001e29|CP052041.1:1464555-1470542|- -            536 172237               -            695         0 1019.5   0.6   1   1         0         0 1019.2   0.6   186   695    18   533    12   533 0.98 <unknown description>
172237at5125_468837_0:0027f8|CP052041.1:1465179-1466925|-  -            518 172237               -            695    5e-273  896.6   2.3   1   1  5.8e-273  5.8e-273  896.4   2.3     1   494     2   518     2   518 0.95 <unknown description>
172237at5125_92637_0:0007bf|CP052041.1:1464558-1465599|-   -            348 172237               -            695  6.6e-206  674.8   0.4   1   1  7.5e-206  7.5e-206  674.6   0.4   355   695     1   346     1   346 0.98 <unknown description>
172237at5125_92637_0:0005a0|CP052041.1:1465720-1466934|-   -            340 172237               -            695  1.7e-153  501.5   3.1   1   1  1.9e-153  1.9e-153  501.4   3.1     1   306     5   332     5   340 0.91 <unknown description>
172237at5125_93591_0:001ccb|CP052041.1:1466385-1466925|-   -            148 172237               -            695   1.8e-53  171.0   1.9   1   1   2.2e-53   2.2e-53  170.6   1.9     1   126     2   146     2   147 0.86 <unknown description>
#
# Program:         hmmsearch
# Version:         3.4 (Aug 2023)
# Pipeline mode:   SEARCH
# Query file:      /home/arafat/busco_downloads/lineages/hypocreales_odb12.2/hmms/172237at5125.hmm
# Target file:     /home/arafat/Foxy_SIX_Evolution/results/busco/GCA_013085055.1/run_hypocreales_odb12.2/miniprot_output/translated_proteins/172237at5125.faa
# Option settings: hmmsearch --domtblout /home/arafat/Foxy_SIX_Evolution/results/busco/GCA_013085055.1/run_hypocreales_odb12.2/hmmer_output/172237at5125.out --cpu 1 /home/arafat/busco_downloads/lineages/hypocreales_odb12.2/hmms/172237at5125.hmm /home/arafat/Foxy_SIX_Evolution/results/busco/GCA_013085055.1/run_hypocreales_odb12.2/miniprot_output/translated_proteins/172237at5125.faa 
# Current dir:     /home/arafat/Foxy_SIX_Evolution
# Date:            Thu Sep 24 15:53:05 2026
# [ok]
