#                                                                                                                --- full sequence --- -------------- this domain -------------   hmm coord   ali coord   env coord
# target name                                            accession   tlen query name           accession   qlen   E-value  score  bias   #  of  c-Evalue  i-Evalue  score  bias  from    to  from    to  from    to  acc description of target
#                                    ------------------- ---------- ----- -------------------- ---------- ----- --------- ------ ----- --- --- --------- --------- ------ ----- ----- ----- ----- ----- ----- ----- ---- ---------------------
172493at5125_1089448_0:0022ae|CP052043.1:879313-880999|- -            563 172493               -            431  2.2e-200  654.1   0.4   1   3   5.5e-32   5.5e-32   99.2   0.0     2    93    35   123    34   133 0.89 <unknown description>
172493at5125_1089448_0:0022ae|CP052043.1:879313-880999|- -            563 172493               -            431  2.2e-200  654.1   0.4   2   3     1e-70     1e-70  226.9   0.0    71   231   136   307   125   323 0.90 <unknown description>
172493at5125_1089448_0:0022ae|CP052043.1:879313-880999|- -            563 172493               -            431  2.2e-200  654.1   0.4   3   3  2.5e-100  2.5e-100  324.4   0.2   228   431   331   562   328   562 0.85 <unknown description>
172493at5125_5507_3:002543|CP052043.1:879313-882703|-    -            962 172493               -            431  2.8e-199  650.5   0.2   1   3   1.2e-31   1.2e-31   98.2   0.0     2    93   434   522   433   532 0.89 <unknown description>
172493at5125_5507_3:002543|CP052043.1:879313-882703|-    -            962 172493               -            431  2.8e-199  650.5   0.2   2   3   2.6e-70   2.6e-70  225.5   0.0    71   231   535   706   524   722 0.90 <unknown description>
172493at5125_5507_3:002543|CP052043.1:879313-882703|-    -            962 172493               -            431  2.8e-199  650.5   0.2   3   3  6.4e-100  6.4e-100  323.1   0.1   228   431   730   961   726   961 0.85 <unknown description>
172493at5125_1736662_0:000100|CP052043.1:879313-880468|- -            386 172493               -            431    2e-151  492.8   0.0   1   2   9.2e-52   9.2e-52  164.4   0.0   107   231     1   130     1   146 0.92 <unknown description>
172493at5125_1736662_0:000100|CP052043.1:879313-880468|- -            386 172493               -            431    2e-151  492.8   0.0   2   2  9.6e-101  9.6e-101  325.8   0.2   228   431   154   385   151   385 0.85 <unknown description>
172493at5125_57161_0:0042b2|CP052043.1:879799-881002|-   -            402 172493               -            431  2.7e-125  406.7   0.2   1   3   3.2e-32   3.2e-32  100.0   0.0     2    93    36   124    35   134 0.89 <unknown description>
172493at5125_57161_0:0042b2|CP052043.1:879799-881002|-   -            402 172493               -            431  2.7e-125  406.7   0.2   2   3   4.8e-71   4.8e-71  227.9   0.0    71   231   137   308   126   324 0.90 <unknown description>
172493at5125_57161_0:0042b2|CP052043.1:879799-881002|-   -            402 172493               -            431  2.7e-125  406.7   0.2   3   3     9e-25     9e-25   75.5   0.1   228   290   332   394   328   400 0.91 <unknown description>
172493at5125_2034170_0:0008c7|CP052043.1:879313-879976|- -            222 172493               -            431   5.5e-97  313.4   0.3   1   1   1.2e-96   1.2e-96  312.3   0.3   239   431     1   221     1   221 0.85 <unknown description>
#
# Program:         hmmsearch
# Version:         3.4 (Aug 2023)
# Pipeline mode:   SEARCH
# Query file:      /home/arafat/busco_downloads/lineages/hypocreales_odb12.2/hmms/172493at5125.hmm
# Target file:     /home/arafat/Foxy_SIX_Evolution/results/busco/GCA_013085055.1/run_hypocreales_odb12.2/miniprot_output/translated_proteins/172493at5125.faa
# Option settings: hmmsearch --domtblout /home/arafat/Foxy_SIX_Evolution/results/busco/GCA_013085055.1/run_hypocreales_odb12.2/hmmer_output/172493at5125.out --cpu 1 /home/arafat/busco_downloads/lineages/hypocreales_odb12.2/hmms/172493at5125.hmm /home/arafat/Foxy_SIX_Evolution/results/busco/GCA_013085055.1/run_hypocreales_odb12.2/miniprot_output/translated_proteins/172493at5125.faa 
# Current dir:     /home/arafat/Foxy_SIX_Evolution
# Date:            Thu Sep 24 15:53:08 2026
# [ok]
