#                                                                                                                  --- full sequence --- -------------- this domain -------------   hmm coord   ali coord   env coord
# target name                                              accession   tlen query name           accession   qlen   E-value  score  bias   #  of  c-Evalue  i-Evalue  score  bias  from    to  from    to  from    to  acc description of target
#                                      ------------------- ---------- ----- -------------------- ---------- ----- --------- ------ ----- --- --- --------- --------- ------ ----- ----- ----- ----- ----- ----- ----- ---- ---------------------
172896at5125_48495_0:00321e|CP052039.1:3502285-3504539|+   -            422 172896               -            134     6e-49  154.2   8.8   1   3   2.4e-43   2.4e-43  136.0   1.3     1   127     1   133     1   140 0.84 <unknown description>
172896at5125_48495_0:00321e|CP052039.1:3502285-3504539|+   -            422 172896               -            134     6e-49  154.2   8.8   2   3   6.8e-05   6.8e-05   11.6   0.2    94   118   141   163   113   176 0.66 <unknown description>
172896at5125_48495_0:00321e|CP052039.1:3502285-3504539|+   -            422 172896               -            134     6e-49  154.2   8.8   3   3   0.00016   0.00016   10.4   0.4     8    34   285   312   277   403 0.76 <unknown description>
172896at5125_160324_0:00153e|CP052039.1:3502285-3502910|+  -            191 172896               -            134   4.1e-48  151.5   3.1   1   2     4e-44     4e-44  138.6   1.6     1   128     1   134     1   140 0.85 <unknown description>
172896at5125_160324_0:00153e|CP052039.1:3502285-3502910|+  -            191 172896               -            134   4.1e-48  151.5   3.1   2   2   8.2e-06   8.2e-06   14.6   0.3    85   119   123   164    88   177 0.57 <unknown description>
172896at5125_44412_0:0007c0|CP052039.1:3502285-3505748|+   -            616 172896               -            134   9.9e-48  150.3  16.8   1   4   4.6e-43   4.6e-43  135.1   1.2     1   127     1   133     1   140 0.84 <unknown description>
172896at5125_44412_0:0007c0|CP052039.1:3502285-3505748|+   -            616 172896               -            134   9.9e-48  150.3  16.8   2   4   8.9e-05   8.9e-05   11.2   0.1    94   116   141   163   108   177 0.64 <unknown description>
172896at5125_44412_0:0007c0|CP052039.1:3502285-3505748|+   -            616 172896               -            134   9.9e-48  150.3  16.8   3   4   0.00023   0.00023    9.9   0.0     8    34   297   324   289   414 0.78 <unknown description>
172896at5125_44412_0:0007c0|CP052039.1:3502285-3505748|+   -            616 172896               -            134   9.9e-48  150.3  16.8   4   4      0.45      0.45   -0.8   4.6    11    36   493   519   487   612 0.75 <unknown description>
172896at5125_100902_0:000849|CP052039.1:3502285-3503096|+  -            253 172896               -            134   1.1e-47  150.1   3.2   1   2   7.8e-44   7.8e-44  137.6   1.4     1   127     1   133     1   140 0.84 <unknown description>
172896at5125_100902_0:000849|CP052039.1:3502285-3503096|+  -            253 172896               -            134   1.1e-47  150.1   3.2   2   2   1.3e-05   1.3e-05   13.9   0.2    85   119   123   164    88   180 0.59 <unknown description>
172896at5125_1344414_0:0003ab|CP052039.1:3502285-3502655|+ -            106 172896               -            134   3.1e-44  138.9   0.2   1   1   3.6e-44   3.6e-44  138.7   0.2     1    89     1    95     1   105 0.84 <unknown description>
#
# Program:         hmmsearch
# Version:         3.4 (Aug 2023)
# Pipeline mode:   SEARCH
# Query file:      /home/arafat/busco_downloads/lineages/hypocreales_odb12.2/hmms/172896at5125.hmm
# Target file:     /home/arafat/Foxy_SIX_Evolution/results/busco/GCA_013085055.1/run_hypocreales_odb12.2/miniprot_output/translated_proteins/172896at5125.faa
# Option settings: hmmsearch --domtblout /home/arafat/Foxy_SIX_Evolution/results/busco/GCA_013085055.1/run_hypocreales_odb12.2/hmmer_output/172896at5125.out --cpu 1 /home/arafat/busco_downloads/lineages/hypocreales_odb12.2/hmms/172896at5125.hmm /home/arafat/Foxy_SIX_Evolution/results/busco/GCA_013085055.1/run_hypocreales_odb12.2/miniprot_output/translated_proteins/172896at5125.faa 
# Current dir:     /home/arafat/Foxy_SIX_Evolution
# Date:            Thu Sep 24 15:52:41 2026
# [ok]
