#                                                                                                                  --- full sequence --- -------------- this domain -------------   hmm coord   ali coord   env coord
# target name                                              accession   tlen query name           accession   qlen   E-value  score  bias   #  of  c-Evalue  i-Evalue  score  bias  from    to  from    to  from    to  acc description of target
#                                      ------------------- ---------- ----- -------------------- ---------- ----- --------- ------ ----- --- --- --------- --------- ------ ----- ----- ----- ----- ----- ----- ----- ---- ---------------------
172946at5125_1080343_0:000672|CP052040.1:2824380-2825305|- -            291 172946               -            263  2.8e-136  441.7   8.9   1   2   5.5e-60   5.5e-60  191.6   2.2     1   147     1   156     1   160 0.88 <unknown description>
172946at5125_1080343_0:000672|CP052040.1:2824380-2825305|- -            291 172946               -            263  2.8e-136  441.7   8.9   2   2   1.5e-79   1.5e-79  255.7   1.1   126   263   153   290   148   290 0.97 <unknown description>
172946at5125_1859967_0:000b62|CP052040.1:2824380-2826948|- -            515 172946               -            263  2.3e-135  438.7   8.8   1   1  2.5e-132  2.5e-132  428.7   8.8     1   263   225   514   225   514 0.88 <unknown description>
172946at5125_1245745_0:0008d0|CP052040.1:2824380-2825083|- -            217 172946               -            263  1.3e-114  370.6   6.5   1   2     1e-37     1e-37  118.6   0.7    66   147     1    82     1    86 0.93 <unknown description>
172946at5125_1245745_0:0008d0|CP052040.1:2824380-2825083|- -            217 172946               -            263  1.3e-114  370.6   6.5   2   2   6.3e-80   6.3e-80  257.0   0.9   126   263    79   216    75   216 0.97 <unknown description>
172946at5125_1736662_0:000bbd|CP052040.1:2824380-2824905|- -            176 172946               -            263   1.5e-90  291.8   5.3   1   2   4.9e-13   4.9e-13   37.7   0.2   107   145     1    39     1    42 0.88 <unknown description>
172946at5125_1736662_0:000bbd|CP052040.1:2824380-2824905|- -            176 172946               -            263   1.5e-90  291.8   5.3   2   2   3.1e-80   3.1e-80  257.9   1.0   126   263    38   175    33   175 0.97 <unknown description>
172946at5125_2004952_0:000676|CP052040.1:2824380-2824785|- -            136 172946               -            263   5.4e-80  257.2   1.0   1   1   5.9e-80   5.9e-80  257.0   1.0   130   263     2   135     1   135 0.98 <unknown description>
172946at5125_78864_0:00358d|CP052040.1:2824963-2825305|-   -            115 172946               -            263     4e-43  136.3   0.9   1   1   4.8e-43   4.8e-43  136.0   0.9     1   106     1   115     1   115 0.88 <unknown description>
#
# Program:         hmmsearch
# Version:         3.4 (Aug 2023)
# Pipeline mode:   SEARCH
# Query file:      /home/arafat/busco_downloads/lineages/hypocreales_odb12.2/hmms/172946at5125.hmm
# Target file:     /home/arafat/Foxy_SIX_Evolution/results/busco/GCA_013085055.1/run_hypocreales_odb12.2/miniprot_output/translated_proteins/172946at5125.faa
# Option settings: hmmsearch --domtblout /home/arafat/Foxy_SIX_Evolution/results/busco/GCA_013085055.1/run_hypocreales_odb12.2/hmmer_output/172946at5125.out --cpu 1 /home/arafat/busco_downloads/lineages/hypocreales_odb12.2/hmms/172946at5125.hmm /home/arafat/Foxy_SIX_Evolution/results/busco/GCA_013085055.1/run_hypocreales_odb12.2/miniprot_output/translated_proteins/172946at5125.faa 
# Current dir:     /home/arafat/Foxy_SIX_Evolution
# Date:            Thu Sep 24 15:52:41 2026
# [ok]
