#                                                                                                                  --- full sequence --- -------------- this domain -------------   hmm coord   ali coord   env coord
# target name                                              accession   tlen query name           accession   qlen   E-value  score  bias   #  of  c-Evalue  i-Evalue  score  bias  from    to  from    to  from    to  acc description of target
#                                      ------------------- ---------- ----- -------------------- ---------- ----- --------- ------ ----- --- --- --------- --------- ------ ----- ----- ----- ----- ----- ----- ----- ---- ---------------------
173197at5125_1080343_0:000793|CP052040.1:4095332-4096685|+ -            432 173197               -            388    3e-217  709.7  16.5   1   2  3.2e-203  3.2e-203  663.5   8.8     1   358     1   377     1   387 0.92 <unknown description>
173197at5125_1080343_0:000793|CP052040.1:4095332-4096685|+ -            432 173197               -            388    3e-217  709.7  16.5   2   2   2.1e-16   2.1e-16   48.5   1.6   340   388   382   430   376   430 0.89 <unknown description>
173197at5125_1399860_1:000980|CP052040.1:4095332-4099944|+ -            376 173197               -            388  1.4e-202  661.4   6.0   1   1  1.6e-201  1.6e-201  657.9   6.0     1   352     1   371     1   375 0.93 <unknown description>
173197at5125_2004951_0:000278|CP052040.1:4095332-4096367|+ -            326 173197               -            388    5e-182  593.7   6.6   1   1  6.1e-181  6.1e-181  590.1   6.6     1   307     1   326     1   326 0.94 <unknown description>
173197at5125_426428_0:0020b3|CP052040.1:4095651-4096685|+  -            345 173197               -            388  1.6e-168  549.3  11.5   1   2  2.6e-155  2.6e-155  505.8   3.4    85   357    12   289     9   298 0.94 <unknown description>
173197at5125_426428_0:0020b3|CP052040.1:4095651-4096685|+  -            345 173197               -            388  1.6e-168  549.3  11.5   2   2   1.4e-16   1.4e-16   49.0   1.6   340   388   295   343   288   343 0.88 <unknown description>
173197at5125_29856_0:0044ae|CP052040.1:4095332-4096025|+   -            212 173197               -            388  5.9e-113  366.3   4.0   1   1    1e-111    1e-111  362.2   4.0     1   196     1   212     1   212 0.92 <unknown description>
173197at5125_29856_0:00036e|CP052040.1:4096139-4096685|+   -            183 173197               -            388   1.7e-74  239.7  17.9   1   2   7.2e-61   7.2e-61  194.9  10.0   234   358     1   128     1   137 0.90 <unknown description>
173197at5125_29856_0:00036e|CP052040.1:4096139-4096685|+   -            183 173197               -            388   1.7e-74  239.7  17.9   2   2   5.7e-17   5.7e-17   50.3   1.8   340   388   133   181   126   181 0.88 <unknown description>
#
# Program:         hmmsearch
# Version:         3.4 (Aug 2023)
# Pipeline mode:   SEARCH
# Query file:      /home/arafat/busco_downloads/lineages/hypocreales_odb12.2/hmms/173197at5125.hmm
# Target file:     /home/arafat/Foxy_SIX_Evolution/results/busco/GCA_013085055.1/run_hypocreales_odb12.2/miniprot_output/translated_proteins/173197at5125.faa
# Option settings: hmmsearch --domtblout /home/arafat/Foxy_SIX_Evolution/results/busco/GCA_013085055.1/run_hypocreales_odb12.2/hmmer_output/173197at5125.out --cpu 1 /home/arafat/busco_downloads/lineages/hypocreales_odb12.2/hmms/173197at5125.hmm /home/arafat/Foxy_SIX_Evolution/results/busco/GCA_013085055.1/run_hypocreales_odb12.2/miniprot_output/translated_proteins/173197at5125.faa 
# Current dir:     /home/arafat/Foxy_SIX_Evolution
# Date:            Thu Sep 24 15:52:42 2026
# [ok]
