#                                                                                                                  --- full sequence --- -------------- this domain -------------   hmm coord   ali coord   env coord
# target name                                              accession   tlen query name           accession   qlen   E-value  score  bias   #  of  c-Evalue  i-Evalue  score  bias  from    to  from    to  from    to  acc description of target
#                                      ------------------- ---------- ----- -------------------- ---------- ----- --------- ------ ----- --- --- --------- --------- ------ ----- ----- ----- ----- ----- ----- ----- ---- ---------------------
173466at5125_327505_0:00171e|CP052039.1:4786995-4788237|+  -            415 173466               -            402  2.2e-219  717.1   4.5   1   1  1.1e-218  1.1e-218  714.7   4.5     1   401     1   412     1   413 0.96 <unknown description>
173466at5125_47278_0:002035|CP052039.1:4786995-4794437|+   -            464 173466               -            402  2.6e-219  716.9   3.3   1   1  1.2e-218  1.2e-218  714.7   3.3     1   400     1   411     1   413 0.96 <unknown description>
173466at5125_1245745_0:00235b|CP052039.1:4783078-4788228|+ -            733 173466               -            402  8.7e-219  715.1   2.5   1   1  3.2e-218  3.2e-218  713.3   2.5     1   400   322   732   322   733 0.96 <unknown description>
173466at5125_5516_0:000c84|CP052039.1:4785081-4788234|+    -            935 173466               -            402  4.6e-212  693.0   2.6   1   1  1.8e-211  1.8e-211  691.1   2.6    11   401   532   933   528   934 0.95 <unknown description>
173466at5125_468837_0:0016dd|CP052039.1:4787262-4788237|+  -            326 173466               -            402  2.3e-177  578.7   6.7   1   1  1.4e-176  1.4e-176  576.1   6.7    90   401     1   323     1   324 0.95 <unknown description>
173466at5125_2004952_0:0006f1|CP052039.1:4786995-4787787|+ -            265 173466               -            402  3.4e-151  492.5   0.0   1   1  3.8e-151  3.8e-151  492.3   0.0     1   264     1   265     1   265 0.99 <unknown description>
173466at5125_1283841_0:00040d|CP052042.1:658061-659067|-   -            318 173466               -            402   2.4e-33  104.4   0.0   1   1   3.5e-33   3.5e-33  103.9   0.0    53   355    10   305     4   314 0.83 <unknown description>
173466at5125_93591_0:001f98|CP052040.1:6693-7665|-         -            325 173466               -            402   7.1e-26   79.8   0.1   1   2   7.6e-23   7.6e-23   69.9   0.1    47   238    28   214    22   221 0.80 <unknown description>
173466at5125_93591_0:001f98|CP052040.1:6693-7665|-         -            325 173466               -            402   7.1e-26   79.8   0.1   2   2   0.00049   0.00049    7.9   0.0   296   332   259   294   250   301 0.88 <unknown description>
173466at5125_93591_0:000261|CP052038.1:5466155-5467285|-   -            346 173466               -            402   2.3e-16   48.5   0.2   1   2   1.4e-14   1.4e-14   42.6   0.0    47   244    15   209     7   216 0.82 <unknown description>
173466at5125_93591_0:000261|CP052038.1:5466155-5467285|-   -            346 173466               -            402   2.3e-16   48.5   0.2   2   2    0.0084    0.0084    3.8   0.0   302   355   283   339   280   342 0.84 <unknown description>
173466at5125_93591_0:002acc|CP052041.1:141516-142644|+     -            343 173466               -            402   1.4e-14   42.6   0.0   1   2   1.3e-13   1.3e-13   39.5   0.0    53   243    22   209    10   213 0.86 <unknown description>
173466at5125_93591_0:002acc|CP052041.1:141516-142644|+     -            343 173466               -            402   1.4e-14   42.6   0.0   2   2     0.084     0.084    0.6   0.0   302   355   280   336   273   339 0.73 <unknown description>
#
# Program:         hmmsearch
# Version:         3.4 (Aug 2023)
# Pipeline mode:   SEARCH
# Query file:      /home/arafat/busco_downloads/lineages/hypocreales_odb12.2/hmms/173466at5125.hmm
# Target file:     /home/arafat/Foxy_SIX_Evolution/results/busco/GCA_013085055.1/run_hypocreales_odb12.2/miniprot_output/translated_proteins/173466at5125.faa
# Option settings: hmmsearch --domtblout /home/arafat/Foxy_SIX_Evolution/results/busco/GCA_013085055.1/run_hypocreales_odb12.2/hmmer_output/173466at5125.out --cpu 1 /home/arafat/busco_downloads/lineages/hypocreales_odb12.2/hmms/173466at5125.hmm /home/arafat/Foxy_SIX_Evolution/results/busco/GCA_013085055.1/run_hypocreales_odb12.2/miniprot_output/translated_proteins/173466at5125.faa 
# Current dir:     /home/arafat/Foxy_SIX_Evolution
# Date:            Thu Sep 24 15:52:45 2026
# [ok]
