#                                                                                                                  --- full sequence --- -------------- this domain -------------   hmm coord   ali coord   env coord
# target name                                              accession   tlen query name           accession   qlen   E-value  score  bias   #  of  c-Evalue  i-Evalue  score  bias  from    to  from    to  from    to  acc description of target
#                                      ------------------- ---------- ----- -------------------- ---------- ----- --------- ------ ----- --- --- --------- --------- ------ ----- ----- ----- ----- ----- ----- ----- ---- ---------------------
173688at5125_100902_0:0037a1|CP052043.1:3221426-3223828|+  -            770 173688               -            683         0 1401.9   0.2   1   1         0         0 1401.3   0.2     1   682    28   746    28   747 0.96 <unknown description>
173688at5125_2614577_0:001ef4|CP052043.1:3211861-3223828|+ -            797 173688               -            683         0 1401.7   0.2   1   1         0         0 1401.1   0.2     1   682    55   773    55   774 0.96 <unknown description>
173688at5125_1195189_0:001856|CP052043.1:3219142-3223828|+ -            801 173688               -            683         0 1401.7   0.2   1   1         0         0 1401.1   0.2     1   682    59   777    59   778 0.96 <unknown description>
173688at5125_48484_0:00297f|CP052043.1:3221426-3225914|+   -           1189 173688               -            683         0 1400.0   0.0   1   1         0         0 1399.4   0.0     1   682    28   746    28   747 0.96 <unknown description>
173688at5125_2039875_0:0003db|CP052043.1:3217412-3225914|+ -           1709 173688               -            683         0 1398.7   0.0   1   1         0         0 1398.1   0.0     1   682   698  1416   698  1417 0.96 <unknown description>
173688at5125_195108_0:001b7a|CP052043.1:3222004-3223828|+  -            609 173688               -            683         0 1099.4   0.4   1   1         0         0 1098.7   0.4   134   682     1   585     1   586 0.95 <unknown description>
173688at5125_2714763_0:00163b|CP052043.1:3221426-3222988|+ -            490 173688               -            683  1.7e-305 1003.4   0.1   1   1  1.9e-305  1.9e-305 1003.3   0.1     1   462    28   490    28   490 1.00 <unknown description>
173688at5125_94208_0:0000ea|CP052043.1:3222202-3223378|+   -            393 173688               -            683  3.8e-259  850.3   0.8   1   1  4.2e-259  4.2e-259  850.1   0.8   200   592     1   393     1   393 1.00 <unknown description>
173688at5125_94208_0:002235|CP052043.1:3221360-3222142|+   -            230 173688               -            683  1.3e-114  372.6   0.2   1   1  1.4e-114  1.4e-114  372.5   0.2     1   180    50   230    50   230 0.99 <unknown description>
#
# Program:         hmmsearch
# Version:         3.4 (Aug 2023)
# Pipeline mode:   SEARCH
# Query file:      /home/arafat/busco_downloads/lineages/hypocreales_odb12.2/hmms/173688at5125.hmm
# Target file:     /home/arafat/Foxy_SIX_Evolution/results/busco/GCA_013085055.1/run_hypocreales_odb12.2/miniprot_output/translated_proteins/173688at5125.faa
# Option settings: hmmsearch --domtblout /home/arafat/Foxy_SIX_Evolution/results/busco/GCA_013085055.1/run_hypocreales_odb12.2/hmmer_output/173688at5125.out --cpu 1 /home/arafat/busco_downloads/lineages/hypocreales_odb12.2/hmms/173688at5125.hmm /home/arafat/Foxy_SIX_Evolution/results/busco/GCA_013085055.1/run_hypocreales_odb12.2/miniprot_output/translated_proteins/173688at5125.faa 
# Current dir:     /home/arafat/Foxy_SIX_Evolution
# Date:            Thu Sep 24 15:52:48 2026
# [ok]
