#                                                                                                                  --- full sequence --- -------------- this domain -------------   hmm coord   ali coord   env coord
# target name                                              accession   tlen query name           accession   qlen   E-value  score  bias   #  of  c-Evalue  i-Evalue  score  bias  from    to  from    to  from    to  acc description of target
#                                      ------------------- ---------- ----- -------------------- ---------- ----- --------- ------ ----- --- --- --------- --------- ------ ----- ----- ----- ----- ----- ----- ----- ---- ---------------------
173863at5125_948311_1:000fd0|CP052045.1:2184180-2186197|+  -            632 173863               -            540  3.2e-280  919.0  32.0   1   1  5.3e-279  5.3e-279  915.0  32.0     2   540     3   608     1   608 0.88 <unknown description>
173863at5125_36050_0:002101|CP052045.1:2184180-2185535|+   -            414 173863               -            540  1.5e-223  732.0   5.6   1   1  1.7e-223  1.7e-223  731.8   5.6     2   385     3   414     1   414 0.91 <unknown description>
173863at5125_47803_0:003733|CP052045.1:2184180-2185216|+   -            331 173863               -            540  1.1e-157  514.7   2.5   1   1  1.3e-157  1.3e-157  514.4   2.5     2   297     3   331     1   331 0.87 <unknown description>
173863at5125_47803_0:00202e|CP052045.1:2185289-2186111|+   -            275 173863               -            540  1.1e-115  375.9  19.1   1   1  1.3e-115  1.3e-115  375.8  19.1   303   540     1   263     1   263 0.90 <unknown description>
173863at5125_2004951_0:002bab|CP052045.1:2185042-2185385|+ -             97 173863               -            540   4.6e-71  228.7   1.9   1   1   5.1e-71   5.1e-71  228.6   1.9   239   335     1    97     1    97 0.99 <unknown description>
173863at5125_2004951_0:002ba9|CP052045.1:2184180-2184742|+ -            179 173863               -            540   9.4e-70  224.4  17.5   1   1   2.9e-68   2.9e-68  219.5  17.5     2   147     3   179     1   179 0.82 <unknown description>
173863at5125_36050_0:002076|CP052045.1:2185634-2186197|+   -            172 173863               -            540   1.2e-60  194.4  16.5   1   1   1.3e-60   1.3e-60  194.2  16.5   404   540     2   148     1   148 0.91 <unknown description>
#
# Program:         hmmsearch
# Version:         3.4 (Aug 2023)
# Pipeline mode:   SEARCH
# Query file:      /home/arafat/busco_downloads/lineages/hypocreales_odb12.2/hmms/173863at5125.hmm
# Target file:     /home/arafat/Foxy_SIX_Evolution/results/busco/GCA_013085055.1/run_hypocreales_odb12.2/miniprot_output/translated_proteins/173863at5125.faa
# Option settings: hmmsearch --domtblout /home/arafat/Foxy_SIX_Evolution/results/busco/GCA_013085055.1/run_hypocreales_odb12.2/hmmer_output/173863at5125.out --cpu 1 /home/arafat/busco_downloads/lineages/hypocreales_odb12.2/hmms/173863at5125.hmm /home/arafat/Foxy_SIX_Evolution/results/busco/GCA_013085055.1/run_hypocreales_odb12.2/miniprot_output/translated_proteins/173863at5125.faa 
# Current dir:     /home/arafat/Foxy_SIX_Evolution
# Date:            Thu Sep 24 15:52:49 2026
# [ok]
