#                                                                                                                  --- full sequence --- -------------- this domain -------------   hmm coord   ali coord   env coord
# target name                                              accession   tlen query name           accession   qlen   E-value  score  bias   #  of  c-Evalue  i-Evalue  score  bias  from    to  from    to  from    to  acc description of target
#                                      ------------------- ---------- ----- -------------------- ---------- ----- --------- ------ ----- --- --- --------- --------- ------ ----- ----- ----- ----- ----- ----- ----- ---- ---------------------
174344at5125_1247861_0:000419|CP052041.1:1052782-1060806|+ -            771 174344               -            777         0 1353.2  12.7   1   1         0         0 1352.8  12.7    15   776    26   769    19   770 0.94 <unknown description>
174344at5125_5507_4:0017f2|CP052041.1:1058172-1060809|+    -            775 174344               -            777         0 1353.2  12.9   1   1         0         0 1352.8  12.9    14   776    28   772    18   773 0.94 <unknown description>
174344at5125_282569_0:001b00|CP052041.1:1057027-1060809|+  -            885 174344               -            777         0 1352.3  13.0   1   1         0         0 1352.0  13.0    15   776   139   882   129   883 0.94 <unknown description>
174344at5125_1567552_0:000b6a|CP052041.1:1055066-1060809|+ -            882 174344               -            777         0 1350.3  13.0   1   1         0         0 1349.9  13.0    20   776   141   879   133   880 0.94 <unknown description>
174344at5125_111463_0:00070a|CP052041.1:1058359-1061984|+  -            832 174344               -            777         0 1335.9  13.9   1   1         0         0 1335.6  13.9    21   770     3   734     1   739 0.94 <unknown description>
174344at5125_1283841_0:00153f|CP052041.1:1050916-1061984|+ -            842 174344               -            777         0 1297.4  13.0   1   1         0         0 1296.9  13.0    16   747    27   740    17   745 0.94 <unknown description>
174344at5125_48507_0:002c34|CP052041.1:1058815-1060809|+   -            649 174344               -            777         0 1248.7  10.5   1   1         0         0 1248.4  10.5   107   776     1   646     1   647 0.96 <unknown description>
174344at5125_150374_0:000b89|CP052041.1:1059235-1060809|+  -            509 174344               -            777         0 1047.1   0.5   1   1         0         0 1046.8   0.5   255   776     1   506     1   507 0.96 <unknown description>
174344at5125_1806559_0:001f17|CP052041.1:1058362-1060141|+ -            536 174344               -            777  1.6e-288  948.9  15.5   1   1  1.8e-288  1.8e-288  948.7  15.5    23   559     4   534     1   536 0.95 <unknown description>
174344at5125_2004951_0:001889|CP052041.1:1059097-1060110|+ -            323 174344               -            777  8.3e-200  655.5   5.3   1   1  9.9e-200  9.9e-200  655.2   5.3   208   527     1   315     1   319 0.97 <unknown description>
174344at5125_1803897_0:0016db|CP052041.1:1058172-1059503|+ -            309 174344               -            777  2.5e-106  346.4  26.9   1   1  3.2e-106  3.2e-106  346.0  26.9    13   290    18   293     6   301 0.92 <unknown description>
#
# Program:         hmmsearch
# Version:         3.4 (Aug 2023)
# Pipeline mode:   SEARCH
# Query file:      /home/arafat/busco_downloads/lineages/hypocreales_odb12.2/hmms/174344at5125.hmm
# Target file:     /home/arafat/Foxy_SIX_Evolution/results/busco/GCA_013085055.1/run_hypocreales_odb12.2/miniprot_output/translated_proteins/174344at5125.faa
# Option settings: hmmsearch --domtblout /home/arafat/Foxy_SIX_Evolution/results/busco/GCA_013085055.1/run_hypocreales_odb12.2/hmmer_output/174344at5125.out --cpu 1 /home/arafat/busco_downloads/lineages/hypocreales_odb12.2/hmms/174344at5125.hmm /home/arafat/Foxy_SIX_Evolution/results/busco/GCA_013085055.1/run_hypocreales_odb12.2/miniprot_output/translated_proteins/174344at5125.faa 
# Current dir:     /home/arafat/Foxy_SIX_Evolution
# Date:            Thu Sep 24 15:52:59 2026
# [ok]
