#                                                                                                                  --- full sequence --- -------------- this domain -------------   hmm coord   ali coord   env coord
# target name                                              accession   tlen query name           accession   qlen   E-value  score  bias   #  of  c-Evalue  i-Evalue  score  bias  from    to  from    to  from    to  acc description of target
#                                      ------------------- ---------- ----- -------------------- ---------- ----- --------- ------ ----- --- --- --------- --------- ------ ----- ----- ----- ----- ----- ----- ----- ---- ---------------------
174815at5125_1247861_0:00169f|CP052043.1:2514206-2515722|- -            486 174815               -            556  2.9e-213  698.0  20.4   1   1  5.7e-212  5.7e-212  693.8  20.4   141   556    10   485     4   485 0.86 <unknown description>
174815at5125_1080343_0:00228d|CP052043.1:2514210-2516412|- -            735 174815               -            556  3.8e-204  667.9  33.5   1   2   2.1e-25   2.1e-25   77.9   4.5     1    74     8    89     8   127 0.84 <unknown description>
174815at5125_1080343_0:00228d|CP052043.1:2514210-2516412|- -            735 174815               -            556  3.8e-204  667.9  33.5   2   2    9e-181    9e-181  590.8  22.9    77   504   141   663    85   670 0.80 <unknown description>
174815at5125_1806559_0:001c08|CP052043.1:2514206-2515200|- -            312 174815               -            556    8e-162  528.2  10.0   1   1  1.6e-161  1.6e-161  527.2  10.0   276   556     4   311     1   311 0.89 <unknown description>
174815at5125_2604345_0:0017a0|CP052043.1:2514206-2514942|- -            226 174815               -            556  4.4e-121  393.7   7.1   1   1    1e-120    1e-120  392.5   7.1   354   556     1   225     1   225 0.88 <unknown description>
174815at5125_2604345_0:0017b6|CP052043.1:2514982-2516412|- -            477 174815               -            556   3.8e-92  298.2  26.1   1   2   1.2e-25   1.2e-25   78.6   4.6     1    73     8    88     8   123 0.84 <unknown description>
174815at5125_2604345_0:0017b6|CP052043.1:2514982-2516412|- -            477 174815               -            556   3.8e-92  298.2  26.1   2   2   7.8e-69   7.8e-69  221.3  13.8    78   308   142   441   119   449 0.74 <unknown description>
174815at5125_1806559_0:00204b|CP052043.1:2515347-2516409|- -            355 174815               -            556   6.6e-77  247.9  23.4   1   2   1.1e-25   1.1e-25   78.8   5.0     1    73     7    87     7   121 0.85 <unknown description>
174815at5125_1806559_0:00204b|CP052043.1:2515347-2516409|- -            355 174815               -            556   6.6e-77  247.9  23.4   2   2     2e-54     2e-54  173.7  11.2    78   248   141   355   109   355 0.75 <unknown description>
#
# Program:         hmmsearch
# Version:         3.4 (Aug 2023)
# Pipeline mode:   SEARCH
# Query file:      /home/arafat/busco_downloads/lineages/hypocreales_odb12.2/hmms/174815at5125.hmm
# Target file:     /home/arafat/Foxy_SIX_Evolution/results/busco/GCA_013085055.1/run_hypocreales_odb12.2/miniprot_output/translated_proteins/174815at5125.faa
# Option settings: hmmsearch --domtblout /home/arafat/Foxy_SIX_Evolution/results/busco/GCA_013085055.1/run_hypocreales_odb12.2/hmmer_output/174815at5125.out --cpu 1 /home/arafat/busco_downloads/lineages/hypocreales_odb12.2/hmms/174815at5125.hmm /home/arafat/Foxy_SIX_Evolution/results/busco/GCA_013085055.1/run_hypocreales_odb12.2/miniprot_output/translated_proteins/174815at5125.faa 
# Current dir:     /home/arafat/Foxy_SIX_Evolution
# Date:            Thu Sep 24 15:53:04 2026
# [ok]
