#                                                                                                                --- full sequence --- -------------- this domain -------------   hmm coord   ali coord   env coord
# target name                                            accession   tlen query name           accession   qlen   E-value  score  bias   #  of  c-Evalue  i-Evalue  score  bias  from    to  from    to  from    to  acc description of target
#                                    ------------------- ---------- ----- -------------------- ---------- ----- --------- ------ ----- --- --- --------- --------- ------ ----- ----- ----- ----- ----- ----- ----- ---- ---------------------
175062at5125_1080343_0:002ea2|CP052043.1:868460-869714|- -            419 175062               -            292  2.5e-106  344.0  19.6   1   3       5.1       5.1   -5.0   3.6    18    45    46    74    33    76 0.58 <unknown description>
175062at5125_1080343_0:002ea2|CP052043.1:868460-869714|- -            419 175062               -            292  2.5e-106  344.0  19.6   2   3   1.2e-34   1.2e-34  108.7  10.1     1   155    77   245    77   262 0.72 <unknown description>
175062at5125_1080343_0:002ea2|CP052043.1:868460-869714|- -            419 175062               -            292  2.5e-106  344.0  19.6   3   3   2.7e-77   2.7e-77  248.7   1.9   131   291   254   412   241   413 0.90 <unknown description>
175062at5125_63577_0:0002f6|CP052043.1:868463-869378|-   -            306 175062               -            292  8.6e-100  322.6  15.6   1   1   1.1e-96   1.1e-96  312.4  15.6    34   291     1   300     1   301 0.79 <unknown description>
175062at5125_1237068_0:004298|CP052043.1:868475-869099|- -            209 175062               -            292   4.3e-78  251.3   8.4   1   2    0.0075    0.0075    4.4   2.0   111   155     1    48     1    58 0.53 <unknown description>
175062at5125_1237068_0:004298|CP052043.1:868475-869099|- -            209 175062               -            292   4.3e-78  251.3   8.4   2   2   4.6e-78   4.6e-78  251.2   1.9   131   291    49   207    39   208 0.90 <unknown description>
175062at5125_57161_0:004071|CP052043.1:868475-868898|-   -            142 175062               -            292     3e-77  248.6   0.4   1   1   3.2e-77   3.2e-77  248.5   0.4   153   291     4   140     1   141 0.96 <unknown description>
175062at5125_595255_0:00284a|CP052043.1:868475-868715|-  -             81 175062               -            292   3.1e-50  159.9   1.1   1   1   3.4e-50   3.4e-50  159.8   1.1   213   291     1    79     1    80 0.99 <unknown description>
175062at5125_282268_0:002e31|CP052043.1:868808-869567|-  -            254 175062               -            292   9.1e-36  112.4  26.2   1   2         6         6   -5.7   1.9    28    44     8    24     4    26 0.68 <unknown description>
175062at5125_282268_0:002e31|CP052043.1:868808-869567|-  -            254 175062               -            292   9.1e-36  112.4  26.2   2   2   2.5e-35   2.5e-35  110.9  16.7     1   182    28   254    28   254 0.69 <unknown description>
#
# Program:         hmmsearch
# Version:         3.4 (Aug 2023)
# Pipeline mode:   SEARCH
# Query file:      /home/arafat/busco_downloads/lineages/hypocreales_odb12.2/hmms/175062at5125.hmm
# Target file:     /home/arafat/Foxy_SIX_Evolution/results/busco/GCA_013085055.1/run_hypocreales_odb12.2/miniprot_output/translated_proteins/175062at5125.faa
# Option settings: hmmsearch --domtblout /home/arafat/Foxy_SIX_Evolution/results/busco/GCA_013085055.1/run_hypocreales_odb12.2/hmmer_output/175062at5125.out --cpu 1 /home/arafat/busco_downloads/lineages/hypocreales_odb12.2/hmms/175062at5125.hmm /home/arafat/Foxy_SIX_Evolution/results/busco/GCA_013085055.1/run_hypocreales_odb12.2/miniprot_output/translated_proteins/175062at5125.faa 
# Current dir:     /home/arafat/Foxy_SIX_Evolution
# Date:            Thu Sep 24 15:53:05 2026
# [ok]
