#                                                                                                                  --- full sequence --- -------------- this domain -------------   hmm coord   ali coord   env coord
# target name                                              accession   tlen query name           accession   qlen   E-value  score  bias   #  of  c-Evalue  i-Evalue  score  bias  from    to  from    to  from    to  acc description of target
#                                      ------------------- ---------- ----- -------------------- ---------- ----- --------- ------ ----- --- --- --------- --------- ------ ----- ----- ----- ----- ----- ----- ----- ---- ---------------------
175215at5125_5507_4:0010b5|CP052045.1:2085542-2088470|-    -            908 175215               -            709         0 1390.5  47.2   1   3   1.9e-11   1.9e-11   31.7   5.6     3    47    94   151    90   154 0.77 <unknown description>
175215at5125_5507_4:0010b5|CP052045.1:2085542-2088470|-    -            908 175215               -            709         0 1390.5  47.2   2   3         0         0 1190.2  10.1    18   592   152   740   147   742 0.93 <unknown description>
175215at5125_5507_4:0010b5|CP052045.1:2085542-2088470|-    -            908 175215               -            709         0 1390.5  47.2   3   3     3e-56     3e-56  179.8  22.3   546   709   720   907   716   907 0.78 <unknown description>
175215at5125_1081105_0:00210f|CP052045.1:2085542-2094396|- -            978 175215               -            709         0 1389.9  47.2   1   3   1.9e-11   1.9e-11   31.7   5.5     3    47   164   221   160   224 0.77 <unknown description>
175215at5125_1081105_0:00210f|CP052045.1:2085542-2094396|- -            978 175215               -            709         0 1389.9  47.2   2   3         0         0 1189.5  10.8    17   592   221   810   216   812 0.93 <unknown description>
175215at5125_1081105_0:00210f|CP052045.1:2085542-2094396|- -            978 175215               -            709         0 1389.9  47.2   3   3   3.6e-56   3.6e-56  179.5  22.4   546   709   790   977   786   977 0.78 <unknown description>
175215at5125_660027_0:002c72|CP052045.1:2085542-2089501|-  -           1091 175215               -            709         0 1389.4  46.8   1   3     2e-11     2e-11   31.6   5.7     3    47   277   334   273   340 0.77 <unknown description>
175215at5125_660027_0:002c72|CP052045.1:2085542-2089501|-  -           1091 175215               -            709         0 1389.4  46.8   2   3         0         0 1189.2  10.6    17   592   334   923   329   925 0.93 <unknown description>
175215at5125_660027_0:002c72|CP052045.1:2085542-2089501|-  -           1091 175215               -            709         0 1389.4  46.8   3   3   3.5e-56   3.5e-56  179.6  21.9   546   709   903  1090   900  1090 0.79 <unknown description>
175215at5125_93591_0:001619|CP052045.1:2085542-2087864|-   -            706 175215               -            709         0 1349.6  31.4   1   2         0         0 1175.5   6.8    71   592    13   538     1   540 0.95 <unknown description>
175215at5125_93591_0:001619|CP052045.1:2085542-2087864|-   -            706 175215               -            709         0 1349.6  31.4   2   2   1.9e-56   1.9e-56  180.4  22.3   546   709   518   705   514   705 0.78 <unknown description>
175215at5125_117187_0:0023ec|CP052045.1:2086344-2088470|-  -            658 175215               -            709         0 1018.3  12.8   1   2   1.4e-11   1.4e-11   32.1   5.9     3    47    94   151    90   156 0.77 <unknown description>
175215at5125_117187_0:0023ec|CP052045.1:2086344-2088470|-  -            658 175215               -            709         0 1018.3  12.8   2   2  3.2e-301  3.2e-301  989.5   1.4    17   483   151   632   146   638 0.94 <unknown description>
175215at5125_468837_0:001140|CP052045.1:2086413-2087885|-  -            440 175215               -            709  7.5e-298  978.4   0.3   1   1    9e-298    9e-298  978.1   0.3    60   482     4   436     1   439 0.97 <unknown description>
#
# Program:         hmmsearch
# Version:         3.4 (Aug 2023)
# Pipeline mode:   SEARCH
# Query file:      /home/arafat/busco_downloads/lineages/hypocreales_odb12.2/hmms/175215at5125.hmm
# Target file:     /home/arafat/Foxy_SIX_Evolution/results/busco/GCA_013085055.1/run_hypocreales_odb12.2/miniprot_output/translated_proteins/175215at5125.faa
# Option settings: hmmsearch --domtblout /home/arafat/Foxy_SIX_Evolution/results/busco/GCA_013085055.1/run_hypocreales_odb12.2/hmmer_output/175215at5125.out --cpu 1 /home/arafat/busco_downloads/lineages/hypocreales_odb12.2/hmms/175215at5125.hmm /home/arafat/Foxy_SIX_Evolution/results/busco/GCA_013085055.1/run_hypocreales_odb12.2/miniprot_output/translated_proteins/175215at5125.faa 
# Current dir:     /home/arafat/Foxy_SIX_Evolution
# Date:            Thu Sep 24 15:53:08 2026
# [ok]
