#                                                                                                                  --- full sequence --- -------------- this domain -------------   hmm coord   ali coord   env coord
# target name                                              accession   tlen query name           accession   qlen   E-value  score  bias   #  of  c-Evalue  i-Evalue  score  bias  from    to  from    to  from    to  acc description of target
#                                      ------------------- ---------- ----- -------------------- ---------- ----- --------- ------ ----- --- --- --------- --------- ------ ----- ----- ----- ----- ----- ----- ----- ---- ---------------------
176259at5125_1089448_0:0032ab|CP052043.1:2789710-2792441|- -            769 176259               -            593         0 1096.0   8.8   1   1         0         0 1094.4   8.8     3   593     5   663     3   663 0.90 <unknown description>
176259at5125_1247861_0:0009be|CP052043.1:2786069-2792167|- -            730 176259               -            593         0 1071.6   8.3   1   2         0         0 1071.6   8.3     2   573     3   636     2   642 0.90 <unknown description>
176259at5125_1247861_0:0009be|CP052043.1:2786069-2792167|- -            730 176259               -            593         0 1071.6   8.3   2   2      0.05      0.05    1.0   0.4   485   543   644   703   638   712 0.86 <unknown description>
176259at5125_660025_0:003430|CP052043.1:2789095-2792167|-  -            821 176259               -            593         0 1051.3  10.1   1   1         0         0 1049.6  10.1     2   593     3   670     2   670 0.88 <unknown description>
176259at5125_48485_0:0038b5|CP052043.1:2790301-2792167|-   -            571 176259               -            593  4.1e-299  982.1   9.6   1   1  1.2e-298  1.2e-298  980.5   9.6     2   514     3   571     2   571 0.90 <unknown description>
176259at5125_5544_0:0015ec|CP052043.1:2789713-2791871|-    -            704 176259               -            593    8e-286  938.2  15.1   1   1  2.6e-285  2.6e-285  936.5  15.1    64   593     2   599     1   599 0.89 <unknown description>
176259at5125_93591_0:002952|CP052043.1:2791036-2792167|-   -            326 176259               -            593  4.8e-222  727.6   0.0   1   1  5.4e-222  5.4e-222  727.4   0.0     2   325     3   326     2   326 1.00 <unknown description>
176259at5125_92637_0:000e2d|CP052043.1:2791430-2792441|-   -            212 176259               -            593  5.9e-145  473.0   0.0   1   1  6.6e-145  6.6e-145  472.9   0.0     3   209     5   211     3   212 0.99 <unknown description>
#
# Program:         hmmsearch
# Version:         3.4 (Aug 2023)
# Pipeline mode:   SEARCH
# Query file:      /home/arafat/busco_downloads/lineages/hypocreales_odb12.2/hmms/176259at5125.hmm
# Target file:     /home/arafat/Foxy_SIX_Evolution/results/busco/GCA_013085055.1/run_hypocreales_odb12.2/miniprot_output/translated_proteins/176259at5125.faa
# Option settings: hmmsearch --domtblout /home/arafat/Foxy_SIX_Evolution/results/busco/GCA_013085055.1/run_hypocreales_odb12.2/hmmer_output/176259at5125.out --cpu 1 /home/arafat/busco_downloads/lineages/hypocreales_odb12.2/hmms/176259at5125.hmm /home/arafat/Foxy_SIX_Evolution/results/busco/GCA_013085055.1/run_hypocreales_odb12.2/miniprot_output/translated_proteins/176259at5125.faa 
# Current dir:     /home/arafat/Foxy_SIX_Evolution
# Date:            Thu Sep 24 15:52:49 2026
# [ok]
