#                                                                                                                  --- full sequence --- -------------- this domain -------------   hmm coord   ali coord   env coord
# target name                                              accession   tlen query name           accession   qlen   E-value  score  bias   #  of  c-Evalue  i-Evalue  score  bias  from    to  from    to  from    to  acc description of target
#                                      ------------------- ---------- ----- -------------------- ---------- ----- --------- ------ ----- --- --- --------- --------- ------ ----- ----- ----- ----- ----- ----- ----- ---- ---------------------
176523at5125_1089448_0:0003dc|CP052040.1:1946257-1947769|- -            505 176523               -            376  4.2e-146  475.0  34.2   1   2  8.2e-119  8.2e-119  385.2  22.5     4   275    37   340    34   342 0.84 <unknown description>
176523at5125_1089448_0:0003dc|CP052040.1:1946257-1947769|- -            505 176523               -            376  4.2e-146  475.0  34.2   2   2   4.5e-29   4.5e-29   89.8   6.1   259   375   352   494   332   495 0.72 <unknown description>
176523at5125_1081102_0:000ed3|CP052040.1:1946263-1948195|- -            608 176523               -            376  8.9e-146  474.0  33.7   1   2  1.1e-118  1.1e-118  384.8  22.2     4   275   142   445   139   447 0.84 <unknown description>
176523at5125_1081102_0:000ed3|CP052040.1:1946263-1948195|- -            608 176523               -            376  8.9e-146  474.0  33.7   2   2   5.7e-29   5.7e-29   89.5   5.9   259   375   457   599   437   600 0.72 <unknown description>
176523at5125_1330021_0:000e22|CP052040.1:1946260-1950149|- -            657 176523               -            376  2.7e-145  472.4  32.3   1   2  2.8e-118  2.8e-118  383.5  20.9     9   275   195   493   187   495 0.82 <unknown description>
176523at5125_1330021_0:000e22|CP052040.1:1946260-1950149|- -            657 176523               -            376  2.7e-145  472.4  32.3   2   2   6.2e-29   6.2e-29   89.4   5.8   259   375   505   647   485   648 0.72 <unknown description>
176523at5125_64609_0:00513c|CP052040.1:1946257-1947265|-   -            337 176523               -            376    1e-106  345.4  20.8   1   2   3.9e-80   3.9e-80  257.9   8.8   113   275     2   172     1   174 0.91 <unknown description>
176523at5125_64609_0:00513c|CP052040.1:1946257-1947265|-   -            337 176523               -            376    1e-106  345.4  20.8   2   2   2.4e-29   2.4e-29   90.8   6.4   259   375   184   326   164   327 0.72 <unknown description>
176523at5125_111463_0:000e6f|CP052040.1:1946890-1947742|-  -            285 176523               -            376  4.5e-104  336.7  13.1   1   1  9.4e-103  9.4e-103  332.4  13.1     4   230    28   285    25   285 0.82 <unknown description>
176523at5125_93591_0:001514|CP052040.1:1946305-1956694|-   -            348 176523               -            376   4.9e-86  277.3  11.9   1   1   1.9e-85   1.9e-85  275.4  11.9   105   370    50   348    20   348 0.76 <unknown description>
#
# Program:         hmmsearch
# Version:         3.4 (Aug 2023)
# Pipeline mode:   SEARCH
# Query file:      /home/arafat/busco_downloads/lineages/hypocreales_odb12.2/hmms/176523at5125.hmm
# Target file:     /home/arafat/Foxy_SIX_Evolution/results/busco/GCA_013085055.1/run_hypocreales_odb12.2/miniprot_output/translated_proteins/176523at5125.faa
# Option settings: hmmsearch --domtblout /home/arafat/Foxy_SIX_Evolution/results/busco/GCA_013085055.1/run_hypocreales_odb12.2/hmmer_output/176523at5125.out --cpu 1 /home/arafat/busco_downloads/lineages/hypocreales_odb12.2/hmms/176523at5125.hmm /home/arafat/Foxy_SIX_Evolution/results/busco/GCA_013085055.1/run_hypocreales_odb12.2/miniprot_output/translated_proteins/176523at5125.faa 
# Current dir:     /home/arafat/Foxy_SIX_Evolution
# Date:            Thu Sep 24 15:52:52 2026
# [ok]
