#                                                                                                                  --- full sequence --- -------------- this domain -------------   hmm coord   ali coord   env coord
# target name                                              accession   tlen query name           accession   qlen   E-value  score  bias   #  of  c-Evalue  i-Evalue  score  bias  from    to  from    to  from    to  acc description of target
#                                      ------------------- ---------- ----- -------------------- ---------- ----- --------- ------ ----- --- --- --------- --------- ------ ----- ----- ----- ----- ----- ----- ----- ---- ---------------------
176785at5125_983644_0:0000a8|CP052039.1:3022235-3028470|-  -            779 176785               -            640         0 1053.3  14.0   1   3       1.6       1.6   -4.1   6.1    43    68    22    47    19    52 0.84 <unknown description>
176785at5125_983644_0:0000a8|CP052039.1:3022235-3028470|-  -            779 176785               -            640         0 1053.3  14.0   2   3   5.1e-32   5.1e-32   99.9   7.2     3    95    52   149    49   157 0.84 <unknown description>
176785at5125_983644_0:0000a8|CP052039.1:3022235-3028470|-  -            779 176785               -            640         0 1053.3  14.0   3   3  2.6e-294  2.6e-294  966.4   0.5    90   632   199   756   192   773 0.93 <unknown description>
176785at5125_660027_0:000b2a|CP052039.1:3022232-3024845|-  -            872 176785               -            640         0 1052.4  14.0   1   4         6         6   -8.0   5.1    86   129    36    79    30    88 0.69 <unknown description>
176785at5125_660027_0:000b2a|CP052039.1:3022232-3024845|-  -            872 176785               -            640         0 1052.4  14.0   2   4       1.7       1.7   -4.2   6.0    43    68   114   139   110   144 0.84 <unknown description>
176785at5125_660027_0:000b2a|CP052039.1:3022232-3024845|-  -            872 176785               -            640         0 1052.4  14.0   3   4     6e-32     6e-32   99.6   7.2     3    95   144   241   141   249 0.84 <unknown description>
176785at5125_660027_0:000b2a|CP052039.1:3022232-3024845|-  -            872 176785               -            640         0 1052.4  14.0   4   4  3.6e-294  3.6e-294  965.9   0.5    90   632   291   848   284   865 0.93 <unknown description>
176785at5125_101201_0:000bd4|CP052039.1:3019614-3024842|-  -           1416 176785               -            640         0 1049.3  13.7   1   3       1.5       1.5   -4.1   5.1    43    68   113   138   109   143 0.84 <unknown description>
176785at5125_101201_0:000bd4|CP052039.1:3019614-3024842|-  -           1416 176785               -            640         0 1049.3  13.7   2   3   9.2e-32   9.2e-32   99.0   6.9     3    95   143   240   141   248 0.84 <unknown description>
176785at5125_101201_0:000bd4|CP052039.1:3019614-3024842|-  -           1416 176785               -            640         0 1049.3  13.7   3   3  1.3e-293  1.3e-293  964.2   0.5    90   632   290   847   283   864 0.93 <unknown description>
176785at5125_1399860_0:00164d|CP052039.1:3022448-3024389|- -            648 176785               -            640  2.1e-304  999.8  12.2   1   2   1.1e-29   1.1e-29   92.2   6.8    12    95     1    89     1    97 0.84 <unknown description>
176785at5125_1399860_0:00164d|CP052039.1:3022448-3024389|- -            648 176785               -            640  2.1e-304  999.8  12.2   2   2  1.6e-277  1.6e-277  911.0   0.2    90   588   139   648   132   648 0.95 <unknown description>
176785at5125_1163406_0:001447|CP052039.1:3023138-3024842|- -            569 176785               -            640  3.3e-178  582.9  15.6   1   4         6         6   -7.1   5.2    85   130    34    79    28    92 0.70 <unknown description>
176785at5125_1163406_0:001447|CP052039.1:3023138-3024842|- -            569 176785               -            640  3.3e-178  582.9  15.6   2   4       1.9       1.9   -4.4   6.9    43    68   113   138   110   143 0.84 <unknown description>
176785at5125_1163406_0:001447|CP052039.1:3023138-3024842|- -            569 176785               -            640  3.3e-178  582.9  15.6   3   4   3.4e-32   3.4e-32  100.4   7.3     3    95   143   240   140   248 0.84 <unknown description>
176785at5125_1163406_0:001447|CP052039.1:3023138-3024842|- -            569 176785               -            640  3.3e-178  582.9  15.6   4   4  7.2e-152  7.2e-152  495.8   1.1    90   362   290   569   283   569 0.95 <unknown description>
176785at5125_1163406_0:0013e8|CP052039.1:3022232-3023111|- -            294 176785               -            640  1.1e-131  429.1   0.1   1   1  1.2e-131  1.2e-131  429.0   0.1   371   633     1   271     1   287 0.90 <unknown description>
#
# Program:         hmmsearch
# Version:         3.4 (Aug 2023)
# Pipeline mode:   SEARCH
# Query file:      /home/arafat/busco_downloads/lineages/hypocreales_odb12.2/hmms/176785at5125.hmm
# Target file:     /home/arafat/Foxy_SIX_Evolution/results/busco/GCA_013085055.1/run_hypocreales_odb12.2/miniprot_output/translated_proteins/176785at5125.faa
# Option settings: hmmsearch --domtblout /home/arafat/Foxy_SIX_Evolution/results/busco/GCA_013085055.1/run_hypocreales_odb12.2/hmmer_output/176785at5125.out --cpu 1 /home/arafat/busco_downloads/lineages/hypocreales_odb12.2/hmms/176785at5125.hmm /home/arafat/Foxy_SIX_Evolution/results/busco/GCA_013085055.1/run_hypocreales_odb12.2/miniprot_output/translated_proteins/176785at5125.faa 
# Current dir:     /home/arafat/Foxy_SIX_Evolution
# Date:            Thu Sep 24 15:52:55 2026
# [ok]
