#                                                                                                                  --- full sequence --- -------------- this domain -------------   hmm coord   ali coord   env coord
# target name                                              accession   tlen query name           accession   qlen   E-value  score  bias   #  of  c-Evalue  i-Evalue  score  bias  from    to  from    to  from    to  acc description of target
#                                      ------------------- ---------- ----- -------------------- ---------- ----- --------- ------ ----- --- --- --------- --------- ------ ----- ----- ----- ----- ----- ----- ----- ---- ---------------------
176993at5125_660027_0:000b3a|CP052039.1:3388929-3391892|+  -            862 176993               -            683         0 1192.2  85.3   1   2         0         0 1019.3  22.6    12   478    34   519    10   530 0.93 <unknown description>
176993at5125_660027_0:000b3a|CP052039.1:3388929-3391892|+  -            862 176993               -            683         0 1192.2  85.3   2   2   1.1e-52   1.1e-52  169.1  55.5   431   682   534   859   519   860 0.68 <unknown description>
176993at5125_1081103_0:00020a|CP052039.1:3388929-3393924|+ -           1257 176993               -            683         0 1186.8  84.5   1   2         0         0 1019.1  21.5    12   478    34   519    10   530 0.93 <unknown description>
176993at5125_1081103_0:00020a|CP052039.1:3388929-3393924|+ -           1257 176993               -            683         0 1186.8  84.5   2   2   2.2e-51   2.2e-51  164.8  55.9   431   679   534   856   520   860 0.68 <unknown description>
176993at5125_1330021_0:00036b|CP052039.1:3388929-3396073|+ -           1391 176993               -            683         0 1153.3  94.4   1   2  6.6e-300  6.6e-300  986.1  31.0    12   478    34   536    10   547 0.91 <unknown description>
176993at5125_1330021_0:00036b|CP052039.1:3388929-3396073|+ -           1391 176993               -            683         0 1153.3  94.4   2   2   2.6e-50   2.6e-50  161.3  56.5   431   673   551   865   541   874 0.68 <unknown description>
176993at5125_694270_0:001dd8|CP052039.1:3388929-3390935|+  -            543 176993               -            683         0 1027.2  17.4   1   1         0         0 1026.9  17.4    12   478    34   519    10   539 0.93 <unknown description>
176993at5125_1344414_0:000115|CP052039.1:3389168-3390734|+ -            416 176993               -            683  1.5e-287  945.3  17.5   1   1  1.8e-287  1.8e-287  945.1  17.5    39   439     1   416     1   416 0.96 <unknown description>
176993at5125_595255_0:00348b|CP052039.1:3388929-3390352|+  -            367 176993               -            683  7.1e-247  810.9  17.7   1   1  7.9e-247  7.9e-247  810.7  17.7    12   345    34   367    10   367 0.97 <unknown description>
176993at5125_117187_0:00168c|CP052039.1:3389888-3391892|+  -            634 176993               -            683  7.7e-217  711.6  85.5   1   2  4.3e-164  4.3e-164  537.3  22.4   212   478     6   291     3   304 0.90 <unknown description>
176993at5125_117187_0:00168c|CP052039.1:3389888-3391892|+  -            634 176993               -            683  7.7e-217  711.6  85.5   2   2   9.2e-53   9.2e-53  169.3  56.2   431   682   306   631   295   632 0.68 <unknown description>
176993at5125_63577_0:000593|CP052039.1:3388965-3390065|+   -            292 176993               -            683  9.8e-166  542.7   9.5   1   1  2.1e-165  2.1e-165  541.6   9.5    12   264    22   290    15   292 0.92 <unknown description>
176993at5125_117187_0:00166f|CP052039.1:3388956-3389749|+  -            208 176993               -            683    1e-118  387.3   0.8   1   1  1.1e-118  1.1e-118  387.2   0.8    12   184    25   197     1   205 0.93 <unknown description>
#
# Program:         hmmsearch
# Version:         3.4 (Aug 2023)
# Pipeline mode:   SEARCH
# Query file:      /home/arafat/busco_downloads/lineages/hypocreales_odb12.2/hmms/176993at5125.hmm
# Target file:     /home/arafat/Foxy_SIX_Evolution/results/busco/GCA_013085055.1/run_hypocreales_odb12.2/miniprot_output/translated_proteins/176993at5125.faa
# Option settings: hmmsearch --domtblout /home/arafat/Foxy_SIX_Evolution/results/busco/GCA_013085055.1/run_hypocreales_odb12.2/hmmer_output/176993at5125.out --cpu 1 /home/arafat/busco_downloads/lineages/hypocreales_odb12.2/hmms/176993at5125.hmm /home/arafat/Foxy_SIX_Evolution/results/busco/GCA_013085055.1/run_hypocreales_odb12.2/miniprot_output/translated_proteins/176993at5125.faa 
# Current dir:     /home/arafat/Foxy_SIX_Evolution
# Date:            Thu Sep 24 15:52:58 2026
# [ok]
