#                                                                                                                  --- full sequence --- -------------- this domain -------------   hmm coord   ali coord   env coord
# target name                                              accession   tlen query name           accession   qlen   E-value  score  bias   #  of  c-Evalue  i-Evalue  score  bias  from    to  from    to  from    to  acc description of target
#                                      ------------------- ---------- ----- -------------------- ---------- ----- --------- ------ ----- --- --- --------- --------- ------ ----- ----- ----- ----- ----- ----- ----- ---- ---------------------
177310at5125_327505_0:000d61|CP052041.1:1270506-1271744|+  -            380 177310               -            378  5.8e-196  640.8   5.6   1   1  6.4e-196  6.4e-196  640.6   5.6     2   376     2   378     1   379 0.94 <unknown description>
177310at5125_123648_0:000eca|CP052041.1:1270805-1271744|+  -            296 177310               -            378  3.1e-144  470.5  15.0   1   1  3.4e-144  3.4e-144  470.4  15.0    85   376     1   294     1   295 0.93 <unknown description>
177310at5125_1089452_0:00424e|CP052049.1:2478138-2479339|- -            352 177310               -            378  3.2e-143  467.2   9.3   1   1  1.3e-142  1.3e-142  465.2   9.3     3   363     3   348     1   351 0.94 <unknown description>
177310at5125_42747_0:0021d3|CP052041.1:1270506-1271429|+   -            275 177310               -            378  1.7e-134  438.5   0.0   1   1  1.9e-134  1.9e-134  438.3   0.0     1   274     1   275     1   275 0.97 <unknown description>
177310at5125_1089452_0:004116|CP052049.1:2478138-2479018|- -            275 177310               -            378  5.5e-114  371.0   7.7   1   1    6e-114    6e-114  370.8   7.7    93   363     1   271     1   274 0.94 <unknown description>
177310at5125_595255_0:0009b3|CP052041.1:1270506-1271087|+  -            179 177310               -            378   1.2e-87  284.3   0.0   1   1   1.4e-87   1.4e-87  284.1   0.0     1   168     1   167     1   173 0.98 <unknown description>
177310at5125_426428_0:002657|CP052049.1:2478730-2479339|-  -            188 177310               -            378   7.2e-77  248.8   0.0   1   1   8.1e-77   8.1e-77  248.7   0.0     3   172     3   170     1   185 0.95 <unknown description>
177310at5125_1089452_0:0046ae|CP052041.1:1271196-1271699|+ -            168 177310               -            378   7.6e-72  232.3  39.1   1   1     9e-72     9e-72  232.0  39.1   207   364     9   165     4   168 0.91 <unknown description>
177310at5125_179993_0:002ed1|CP052041.1:1271315-1271744|+  -            144 177310               -            378   1.9e-68  221.1  41.2   1   1   2.1e-68   2.1e-68  221.0  41.2   236   376     1   142     1   143 0.91 <unknown description>
177310at5125_5507_0:000cd6|CP052041.1:1270506-1270892|+    -            114 177310               -            378   2.1e-63  204.5   0.0   1   1   2.2e-63   2.2e-63  204.4   0.0     1   114     1   114     1   114 0.99 <unknown description>
177310at5125_5507_0:000cd6|CP052049.1:2478913-2479339|-    -            127 177310               -            378   8.6e-61  195.9   0.0   1   1   9.3e-61   9.3e-61  195.8   0.0     3   128     3   127     1   127 0.97 <unknown description>
177310at5125_100902_0:003e31|CP052041.1:1271378-1271699|+  -            108 177310               -            378     3e-52  167.8  33.6   1   1   3.3e-52   3.3e-52  167.7  33.6   257   364     1   105     1   108 0.94 <unknown description>
177310at5125_2826082_0:0009f6|CP052049.1:2479048-2479339|- -             97 177310               -            378   1.5e-35  112.8   1.2   1   1   1.1e-34   1.1e-34  110.0   1.2     3    83     3    97     1    97 0.84 <unknown description>
177310at5125_2364996_0:002a4e|CP052041.1:1270506-1270689|+ -             62 177310               -            378   5.4e-31   97.8   0.1   1   1   5.7e-31   5.7e-31   97.8   0.1     1    61     1    61     1    62 0.97 <unknown description>
177310at5125_1089452_0:0042ac|CP052049.1:2479120-2479339|- -             74 177310               -            378   6.4e-30   94.3   0.1   1   1     7e-30     7e-30   94.2   0.1     3    63     3    63     1    70 0.93 <unknown description>
#
# Program:         hmmsearch
# Version:         3.4 (Aug 2023)
# Pipeline mode:   SEARCH
# Query file:      /home/arafat/busco_downloads/lineages/hypocreales_odb12.2/hmms/177310at5125.hmm
# Target file:     /home/arafat/Foxy_SIX_Evolution/results/busco/GCA_013085055.1/run_hypocreales_odb12.2/miniprot_output/translated_proteins/177310at5125.faa
# Option settings: hmmsearch --domtblout /home/arafat/Foxy_SIX_Evolution/results/busco/GCA_013085055.1/run_hypocreales_odb12.2/hmmer_output/177310at5125.out --cpu 1 /home/arafat/busco_downloads/lineages/hypocreales_odb12.2/hmms/177310at5125.hmm /home/arafat/Foxy_SIX_Evolution/results/busco/GCA_013085055.1/run_hypocreales_odb12.2/miniprot_output/translated_proteins/177310at5125.faa 
# Current dir:     /home/arafat/Foxy_SIX_Evolution
# Date:            Thu Sep 24 15:53:00 2026
# [ok]
