#                                                                                                                  --- full sequence --- -------------- this domain -------------   hmm coord   ali coord   env coord
# target name                                              accession   tlen query name           accession   qlen   E-value  score  bias   #  of  c-Evalue  i-Evalue  score  bias  from    to  from    to  from    to  acc description of target
#                                      ------------------- ---------- ----- -------------------- ---------- ----- --------- ------ ----- --- --- --------- --------- ------ ----- ----- ----- ----- ----- ----- ----- ---- ---------------------
177959at5125_1080343_0:0012a7|CP052045.1:1374481-1376054|+ -            506 177959               -            484  5.5e-234  766.0  13.0   1   2   4.5e-15   4.5e-15   44.0   4.6     1    93     1    90     1    94 0.80 <unknown description>
177959at5125_1080343_0:0012a7|CP052045.1:1374481-1376054|+ -            506 177959               -            484  5.5e-234  766.0  13.0   2   2  1.3e-222  1.3e-222  728.5   2.7    63   481    83   500    75   503 0.93 <unknown description>
177959at5125_72712_0:003d6d|CP052045.1:1373785-1376054|+   -            598 177959               -            484  1.2e-233  764.9  13.0   1   2   5.7e-15   5.7e-15   43.7   4.6     1    93    93   182    93   186 0.80 <unknown description>
177959at5125_72712_0:003d6d|CP052045.1:1373785-1376054|+   -            598 177959               -            484  1.2e-233  764.9  13.0   2   2  2.2e-222  2.2e-222  727.7   2.7    63   481   175   592   167   595 0.93 <unknown description>
177959at5125_327505_0:002d89|CP052045.1:1374883-1376054|+  -            372 177959               -            484  1.1e-207  679.2   0.3   1   1  1.3e-207  1.3e-207  679.0   0.3   115   481     1   366     1   369 0.93 <unknown description>
177959at5125_1399860_1:000d2d|CP052045.1:1374481-1375702|+ -            408 177959               -            484  1.6e-158  517.1  21.4   1   2   4.1e-15   4.1e-15   44.2   5.1     1    93     1    90     1    95 0.79 <unknown description>
177959at5125_1399860_1:000d2d|CP052045.1:1374481-1375702|+ -            408 177959               -            484  1.6e-158  517.1  21.4   2   2  4.7e-147  4.7e-147  479.3  13.4    52   382    74   401    62   407 0.86 <unknown description>
177959at5125_431241_0:001add|CP052045.1:1375165-1376027|+  -            191 177959               -            484  3.9e-147  479.5  10.5   1   2   2.6e-82   2.6e-82  265.7   1.2   206   308     1   103     1   104 0.99 <unknown description>
177959at5125_431241_0:001add|CP052045.1:1375165-1376027|+  -            191 177959               -            484  3.9e-147  479.5  10.5   2   2   1.5e-68   1.5e-68  220.4   2.1   391   478   104   191   103   191 0.99 <unknown description>
#
# Program:         hmmsearch
# Version:         3.4 (Aug 2023)
# Pipeline mode:   SEARCH
# Query file:      /home/arafat/busco_downloads/lineages/hypocreales_odb12.2/hmms/177959at5125.hmm
# Target file:     /home/arafat/Foxy_SIX_Evolution/results/busco/GCA_013085055.1/run_hypocreales_odb12.2/miniprot_output/translated_proteins/177959at5125.faa
# Option settings: hmmsearch --domtblout /home/arafat/Foxy_SIX_Evolution/results/busco/GCA_013085055.1/run_hypocreales_odb12.2/hmmer_output/177959at5125.out --cpu 1 /home/arafat/busco_downloads/lineages/hypocreales_odb12.2/hmms/177959at5125.hmm /home/arafat/Foxy_SIX_Evolution/results/busco/GCA_013085055.1/run_hypocreales_odb12.2/miniprot_output/translated_proteins/177959at5125.faa 
# Current dir:     /home/arafat/Foxy_SIX_Evolution
# Date:            Thu Sep 24 15:53:08 2026
# [ok]
