#                                                                                                                  --- full sequence --- -------------- this domain -------------   hmm coord   ali coord   env coord
# target name                                              accession   tlen query name           accession   qlen   E-value  score  bias   #  of  c-Evalue  i-Evalue  score  bias  from    to  from    to  from    to  acc description of target
#                                      ------------------- ---------- ----- -------------------- ---------- ----- --------- ------ ----- --- --- --------- --------- ------ ----- ----- ----- ----- ----- ----- ----- ---- ---------------------
178094at5125_2826082_0:002313|CP052043.1:2951725-2953696|- -            584 178094               -            295   3.7e-91  294.9  21.4   1   4   3.8e-37   3.8e-37  117.6   7.4     2    94    17   120    16   125 0.85 <unknown description>
178094at5125_2826082_0:002313|CP052043.1:2951725-2953696|- -            584 178094               -            295   3.7e-91  294.9  21.4   2   4   3.6e-24   3.6e-24   75.0   0.2    89   149   138   198   122   221 0.85 <unknown description>
178094at5125_2826082_0:002313|CP052043.1:2951725-2953696|- -            584 178094               -            295   3.7e-91  294.9  21.4   3   4   2.5e-22   2.5e-22   69.0   1.3   160   228   271   339   252   393 0.88 <unknown description>
178094at5125_2826082_0:002313|CP052043.1:2951725-2953696|- -            584 178094               -            295   3.7e-91  294.9  21.4   4   4     1e-13     1e-13   40.7   0.0   209   291   418   513   404   517 0.76 <unknown description>
178094at5125_2714763_0:00043c|CP052043.1:2952112-2957743|- -           1067 178094               -            295   4.6e-90  291.3  21.3   1   3   1.6e-55   1.6e-55  177.9  11.6     2   149   555   736   554   759 0.78 <unknown description>
178094at5125_2714763_0:00043c|CP052043.1:2952112-2957743|- -           1067 178094               -            295   4.6e-90  291.3  21.3   2   3     6e-22     6e-22   67.7   1.3   161   228   810   877   791   927 0.89 <unknown description>
178094at5125_2714763_0:00043c|CP052043.1:2952112-2957743|- -           1067 178094               -            295   4.6e-90  291.3  21.3   3   3   2.4e-13   2.4e-13   39.5   0.0   209   291   956  1051   942  1055 0.76 <unknown description>
178094at5125_2596975_0:001505|CP052043.1:2950573-2953702|- -            554 178094               -            295   1.7e-89  289.4  22.8   1   4   3.5e-37   3.5e-37  117.7   7.4     2    94    19   122    18   127 0.85 <unknown description>
178094at5125_2596975_0:001505|CP052043.1:2950573-2953702|- -            554 178094               -            295   1.7e-89  289.4  22.8   2   4   3.4e-24   3.4e-24   75.1   0.2    89   149   140   200   124   223 0.85 <unknown description>
178094at5125_2596975_0:001505|CP052043.1:2950573-2953702|- -            554 178094               -            295   1.7e-89  289.4  22.8   3   4   2.3e-22   2.3e-22   69.1   1.3   160   228   273   341   254   395 0.88 <unknown description>
178094at5125_2596975_0:001505|CP052043.1:2950573-2953702|- -            554 178094               -            295   1.7e-89  289.4  22.8   4   4   2.2e-12   2.2e-12   36.3   0.0   209   291   420   513   406   517 0.77 <unknown description>
178094at5125_490622_0:00013a|CP052043.1:2946518-2953699|-  -            524 178094               -            295     8e-87  280.7  22.8   1   4   3.2e-37   3.2e-37  117.9   7.4     2    94    18   121    17   126 0.85 <unknown description>
178094at5125_490622_0:00013a|CP052043.1:2946518-2953699|-  -            524 178094               -            295     8e-87  280.7  22.8   2   4   3.1e-24   3.1e-24   75.2   0.2    89   149   139   199   123   222 0.85 <unknown description>
178094at5125_490622_0:00013a|CP052043.1:2946518-2953699|-  -            524 178094               -            295     8e-87  280.7  22.8   3   4   2.3e-22   2.3e-22   69.1   1.5   160   228   272   340   253   395 0.88 <unknown description>
178094at5125_490622_0:00013a|CP052043.1:2946518-2953699|-  -            524 178094               -            295     8e-87  280.7  22.8   4   4   1.4e-09   1.4e-09   27.1   0.0   209   271   419   490   405   500 0.76 <unknown description>
178094at5125_426428_0:002f37|CP052043.1:2952241-2953696|-  -            486 178094               -            295   1.9e-86  279.4  21.3   1   4   2.7e-37   2.7e-37  118.1   7.3     2    94    17   120    16   125 0.85 <unknown description>
178094at5125_426428_0:002f37|CP052043.1:2952241-2953696|-  -            486 178094               -            295   1.9e-86  279.4  21.3   2   4   2.7e-24   2.7e-24   75.4   0.2    89   149   138   198   121   222 0.85 <unknown description>
178094at5125_426428_0:002f37|CP052043.1:2952241-2953696|-  -            486 178094               -            295   1.9e-86  279.4  21.3   3   4   2.1e-22   2.1e-22   69.2   1.5   160   228   271   339   252   394 0.88 <unknown description>
178094at5125_426428_0:002f37|CP052043.1:2952241-2953696|-  -            486 178094               -            295   1.9e-86  279.4  21.3   4   4   1.2e-08   1.2e-08   24.0   0.0   209   267   418   485   404   486 0.75 <unknown description>
178094at5125_1344414_0:00257c|CP052043.1:2952712-2953696|- -            329 178094               -            295   3.9e-79  255.5  19.3   1   3   1.2e-37   1.2e-37  119.2   7.2     2    94    17   120    16   125 0.85 <unknown description>
178094at5125_1344414_0:00257c|CP052043.1:2952712-2953696|- -            329 178094               -            295   3.9e-79  255.5  19.3   2   3   1.4e-24   1.4e-24   76.3   0.2    88   149   137   198   121   222 0.84 <unknown description>
178094at5125_1344414_0:00257c|CP052043.1:2952712-2953696|- -            329 178094               -            295   3.9e-79  255.5  19.3   3   3   6.3e-22   6.3e-22   67.6   0.8   160   213   271   324   251   328 0.87 <unknown description>
178094at5125_48485_0:0038ae|CP052043.1:2953021-2953696|-   -            226 178094               -            295   1.2e-60  194.7  12.0   1   2   5.6e-38   5.6e-38  120.3   7.4     2    94    17   120    16   132 0.85 <unknown description>
178094at5125_48485_0:0038ae|CP052043.1:2953021-2953696|-   -            226 178094               -            295   1.2e-60  194.7  12.0   2   2   7.3e-25   7.3e-25   77.3   0.2    88   149   137   198   121   221 0.85 <unknown description>
178094at5125_229533_0:001aca|CP052043.1:2952079-2953216|-  -            380 178094               -            295   5.8e-51  163.0   7.8   1   3   9.8e-18   9.8e-18   53.9   0.4   112   149     1    38     1    62 0.89 <unknown description>
178094at5125_229533_0:001aca|CP052043.1:2952079-2953216|-  -            380 178094               -            295   5.8e-51  163.0   7.8   2   3   1.4e-22   1.4e-22   69.8   1.5   160   228   111   179    92   235 0.87 <unknown description>
178094at5125_229533_0:001aca|CP052043.1:2952079-2953216|-  -            380 178094               -            295   5.8e-51  163.0   7.8   3   3   4.8e-14   4.8e-14   41.8   0.0   209   292   258   354   243   357 0.76 <unknown description>
178094at5125_247652_0:001026|CP052043.1:2952757-2953447|-  -            231 178094               -            295     2e-50  161.2  14.3   1   3   2.3e-10   2.3e-10   29.7   1.3    60    94     1    37     1    42 0.87 <unknown description>
178094at5125_247652_0:001026|CP052043.1:2952757-2953447|-  -            231 178094               -            295     2e-50  161.2  14.3   2   3   7.3e-25   7.3e-25   77.3   0.2    88   149    54   115    38   139 0.84 <unknown description>
178094at5125_247652_0:001026|CP052043.1:2952757-2953447|-  -            231 178094               -            295     2e-50  161.2  14.3   3   3     3e-20     3e-20   62.1   1.7   160   203   188   231   167   231 0.88 <unknown description>
178094at5125_1531966_0:001ac9|CP052043.1:2952769-2953282|- -            172 178094               -            295   6.3e-41  130.0   6.7   1   2   1.2e-24   1.2e-24   76.6   0.2    94   149     5    60     2    87 0.88 <unknown description>
178094at5125_1531966_0:001ac9|CP052043.1:2952769-2953282|- -            172 178094               -            295   6.3e-41  130.0   6.7   2   2   1.6e-18   1.6e-18   56.5   1.8   160   199   133   172   111   172 0.88 <unknown description>
178094at5125_48485_0:003173|CP052043.1:2952091-2952859|-   -            257 178094               -            295   1.6e-35  112.3   0.8   1   2   6.1e-22   6.1e-22   67.7   0.6   170   228     2    60     1   112 0.89 <unknown description>
178094at5125_48485_0:003173|CP052043.1:2952091-2952859|-   -            257 178094               -            295   1.6e-35  112.3   0.8   2   2   2.2e-14   2.2e-14   42.9   0.0   208   292   138   235   123   238 0.76 <unknown description>
#
# Program:         hmmsearch
# Version:         3.4 (Aug 2023)
# Pipeline mode:   SEARCH
# Query file:      /home/arafat/busco_downloads/lineages/hypocreales_odb12.2/hmms/178094at5125.hmm
# Target file:     /home/arafat/Foxy_SIX_Evolution/results/busco/GCA_013085055.1/run_hypocreales_odb12.2/miniprot_output/translated_proteins/178094at5125.faa
# Option settings: hmmsearch --domtblout /home/arafat/Foxy_SIX_Evolution/results/busco/GCA_013085055.1/run_hypocreales_odb12.2/hmmer_output/178094at5125.out --cpu 1 /home/arafat/busco_downloads/lineages/hypocreales_odb12.2/hmms/178094at5125.hmm /home/arafat/Foxy_SIX_Evolution/results/busco/GCA_013085055.1/run_hypocreales_odb12.2/miniprot_output/translated_proteins/178094at5125.faa 
# Current dir:     /home/arafat/Foxy_SIX_Evolution
# Date:            Thu Sep 24 15:53:11 2026
# [ok]
