#                                                                                                                  --- full sequence --- -------------- this domain -------------   hmm coord   ali coord   env coord
# target name                                              accession   tlen query name           accession   qlen   E-value  score  bias   #  of  c-Evalue  i-Evalue  score  bias  from    to  from    to  from    to  acc description of target
#                                      ------------------- ---------- ----- -------------------- ---------- ----- --------- ------ ----- --- --- --------- --------- ------ ----- ----- ----- ----- ----- ----- ----- ---- ---------------------
178139at5125_1089448_0:002616|CP052045.1:2118004-2120559|+ -            834 178139               -            439  6.6e-217  710.1   2.1   1   5  7.2e-201  7.2e-201  657.3   0.0     1   322     6   343     6   373 0.91 <unknown description>
178139at5125_1089448_0:002616|CP052045.1:2118004-2120559|+ -            834 178139               -            439  6.6e-217  710.1   2.1   2   5   0.00055   0.00055    8.5   0.1   319   353   481   515   467   524 0.84 <unknown description>
178139at5125_1089448_0:002616|CP052045.1:2118004-2120559|+ -            834 178139               -            439  6.6e-217  710.1   2.1   3   5     0.022     0.022    3.2   0.0   351   374   583   606   531   625 0.73 <unknown description>
178139at5125_1089448_0:002616|CP052045.1:2118004-2120559|+ -            834 178139               -            439  6.6e-217  710.1   2.1   4   5    0.0013    0.0013    7.2   0.0   389   411   746   768   733   784 0.85 <unknown description>
178139at5125_1089448_0:002616|CP052045.1:2118004-2120559|+ -            834 178139               -            439  6.6e-217  710.1   2.1   5   5   3.3e-10   3.3e-10   28.9   0.0   411   439   803   831   785   831 0.92 <unknown description>
178139at5125_72712_0:003ae0|CP052045.1:2118004-2121607|+   -            951 178139               -            439  1.7e-213  698.8   2.0   1   5  9.7e-201  9.7e-201  656.8   0.0     1   322     6   343     6   372 0.91 <unknown description>
178139at5125_72712_0:003ae0|CP052045.1:2118004-2121607|+   -            951 178139               -            439  1.7e-213  698.8   2.0   2   5   0.00064   0.00064    8.2   0.1   319   353   481   515   467   524 0.84 <unknown description>
178139at5125_72712_0:003ae0|CP052045.1:2118004-2121607|+   -            951 178139               -            439  1.7e-213  698.8   2.0   3   5     0.026     0.026    3.0   0.0   351   374   583   606   532   625 0.74 <unknown description>
178139at5125_72712_0:003ae0|CP052045.1:2118004-2121607|+   -            951 178139               -            439  1.7e-213  698.8   2.0   4   5    0.0017    0.0017    6.9   0.0   389   411   746   768   736   781 0.85 <unknown description>
178139at5125_72712_0:003ae0|CP052045.1:2118004-2121607|+   -            951 178139               -            439  1.7e-213  698.8   2.0   5   5   4.8e-07   4.8e-07   18.5   0.0   411   434   803   826   784   829 0.90 <unknown description>
178139at5125_57161_0:002a0d|CP052045.1:2118004-2119821|+   -            588 178139               -            439  1.7e-204  669.2   0.5   1   2  2.9e-201  2.9e-201  658.6   0.0     1   322     6   343     6   374 0.90 <unknown description>
178139at5125_57161_0:002a0d|CP052045.1:2118004-2119821|+   -            588 178139               -            439  1.7e-204  669.2   0.5   2   2   0.00037   0.00037    9.0   0.1   319   353   481   515   466   523 0.84 <unknown description>
178139at5125_468837_0:0001ac|CP052045.1:2118004-2131126|+  -            626 178139               -            439  2.1e-204  668.9   0.5   1   2  3.5e-201  3.5e-201  658.3   0.0     1   322     6   343     6   374 0.90 <unknown description>
178139at5125_468837_0:0001ac|CP052045.1:2118004-2131126|+  -            626 178139               -            439  2.1e-204  668.9   0.5   2   2    0.0004    0.0004    8.9   0.1   319   353   481   515   466   523 0.84 <unknown description>
178139at5125_426428_0:003623|CP052045.1:2118004-2119026|+  -            323 178139               -            439  4.9e-196  641.3   0.1   1   1  5.9e-196  5.9e-196  641.1   0.1     1   301     6   317     6   321 0.94 <unknown description>
178139at5125_1344414_0:001fb0|CP052045.1:2118004-2118798|+ -            247 178139               -            439  1.4e-176  577.3   1.9   1   1  1.5e-176  1.5e-176  577.1   1.9     1   237     6   247     6   247 0.97 <unknown description>
178139at5125_2773459_0:000623|CP052045.1:2118234-2118900|+ -            223 178139               -            439  1.5e-138  451.9   0.2   1   1  1.7e-138  1.7e-138  451.8   0.2    54   267     1   221     1   223 0.94 <unknown description>
178139at5125_2692428_0:002e19|CP052045.1:2118087-2118558|+ -            158 178139               -            439  1.4e-119  389.4   0.1   1   1  1.6e-119  1.6e-119  389.2   0.1     7   159     3   155     2   158 0.98 <unknown description>
178139at5125_2773459_0:0033bd|CP052045.1:2118846-2120559|+ -            572 178139               -            439   5.4e-33  104.0   3.5   1   5   1.4e-16   1.4e-16   49.9   0.1   256   322     6    81     2   112 0.75 <unknown description>
178139at5125_2773459_0:0033bd|CP052045.1:2118846-2120559|+ -            572 178139               -            439   5.4e-33  104.0   3.5   2   5   0.00035   0.00035    9.1   0.1   319   353   219   253   204   263 0.84 <unknown description>
178139at5125_2773459_0:0033bd|CP052045.1:2118846-2120559|+ -            572 178139               -            439   5.4e-33  104.0   3.5   3   5     0.013     0.013    3.9   0.0   351   374   321   344   269   364 0.73 <unknown description>
178139at5125_2773459_0:0033bd|CP052045.1:2118846-2120559|+ -            572 178139               -            439   5.4e-33  104.0   3.5   4   5    0.0009    0.0009    7.7   0.0   389   411   484   506   473   518 0.85 <unknown description>
178139at5125_2773459_0:0033bd|CP052045.1:2118846-2120559|+ -            572 178139               -            439   5.4e-33  104.0   3.5   5   5   2.1e-10   2.1e-10   29.6   0.0   411   439   541   569   522   569 0.92 <unknown description>
#
# Program:         hmmsearch
# Version:         3.4 (Aug 2023)
# Pipeline mode:   SEARCH
# Query file:      /home/arafat/busco_downloads/lineages/hypocreales_odb12.2/hmms/178139at5125.hmm
# Target file:     /home/arafat/Foxy_SIX_Evolution/results/busco/GCA_013085055.1/run_hypocreales_odb12.2/miniprot_output/translated_proteins/178139at5125.faa
# Option settings: hmmsearch --domtblout /home/arafat/Foxy_SIX_Evolution/results/busco/GCA_013085055.1/run_hypocreales_odb12.2/hmmer_output/178139at5125.out --cpu 1 /home/arafat/busco_downloads/lineages/hypocreales_odb12.2/hmms/178139at5125.hmm /home/arafat/Foxy_SIX_Evolution/results/busco/GCA_013085055.1/run_hypocreales_odb12.2/miniprot_output/translated_proteins/178139at5125.faa 
# Current dir:     /home/arafat/Foxy_SIX_Evolution
# Date:            Thu Sep 24 15:53:12 2026
# [ok]
