#                                                                                                                  --- full sequence --- -------------- this domain -------------   hmm coord   ali coord   env coord
# target name                                              accession   tlen query name           accession   qlen   E-value  score  bias   #  of  c-Evalue  i-Evalue  score  bias  from    to  from    to  from    to  acc description of target
#                                      ------------------- ---------- ----- -------------------- ---------- ----- --------- ------ ----- --- --- --------- --------- ------ ----- ----- ----- ----- ----- ----- ----- ---- ---------------------
178375at5125_1080343_0:002ca8|CP052039.1:1232047-1233898|+ -            618 178375               -            529  6.9e-182  595.6  88.6   1   3   8.2e-23   1.6e-22   69.6  16.7     3   107     2   117     1   120 0.68 <unknown description>
178375at5125_1080343_0:002ca8|CP052039.1:1232047-1233898|+ -            618 178375               -            529  6.9e-182  595.6  88.6   2   3   1.5e-80     3e-80  260.2  54.6    70   359    99   419    95   420 0.77 <unknown description>
178375at5125_1080343_0:002ca8|CP052039.1:1232047-1233898|+ -            618 178375               -            529  6.9e-182  595.6  88.6   3   3   2.1e-87   4.1e-87  282.8  12.7   336   528   416   610   413   611 0.93 <unknown description>
178375at5125_1331945_0:002c77|CP052039.1:1232590-1233868|+ -            427 178375               -            529    1e-134  439.9  52.1   1   2   8.7e-53   1.7e-52  168.5  32.7   153   359     1   238     1   239 0.77 <unknown description>
178375at5125_1331945_0:002c77|CP052039.1:1232590-1233868|+ -            427 178375               -            529    1e-134  439.9  52.1   2   2   5.1e-87     1e-86  281.5  12.7   336   526   235   427   232   427 0.93 <unknown description>
178375at5125_93591_0:000f76|CP052039.1:1232986-1233895|+   -            304 178375               -            529  5.5e-107  348.4  32.2   1   2   6.1e-24   1.2e-23   73.3  12.9   261   359     1   106     1   107 0.80 <unknown description>
178375at5125_93591_0:000f76|CP052039.1:1232986-1233895|+   -            304 178375               -            529  5.5e-107  348.4  32.2   2   2   5.2e-88     1e-87  284.8  12.7   336   528   103   297   101   298 0.93 <unknown description>
178375at5125_1291518_0:001e71|CP052039.1:1232029-1233307|+ -            427 178375               -            529  3.3e-100  326.0  69.3   1   2   5.9e-23   1.2e-22   70.1  16.1     2   104     7   115     6   121 0.75 <unknown description>
178375at5125_1291518_0:001e71|CP052039.1:1232029-1233307|+ -            427 178375               -            529  3.3e-100  326.0  69.3   2   2   5.3e-81   1.1e-80  261.7  54.4    71   359   105   425   102   427 0.77 <unknown description>
178375at5125_468837_0:0010df|CP052039.1:1233271-1233880|+  -            204 178375               -            529   5.6e-89  289.0  11.5   1   1   3.3e-89   6.7e-89  288.7  11.5   335   528     7   202     3   203 0.93 <unknown description>
178375at5125_983965_0:00252c|CP052039.1:1233520-1233868|+  -            117 178375               -            529   5.9e-56  180.0  12.6   1   1   3.3e-56   6.5e-56  179.9  12.6   413   526     1   117     1   117 0.95 <unknown description>
#
# Program:         hmmsearch
# Version:         3.4 (Aug 2023)
# Pipeline mode:   SEARCH
# Query file:      /home/arafat/busco_downloads/lineages/hypocreales_odb12.2/hmms/178375at5125.hmm
# Target file:     /home/arafat/Foxy_SIX_Evolution/results/busco/GCA_013085055.1/run_hypocreales_odb12.2/miniprot_output/translated_proteins/178375at5125.faa
# Option settings: hmmsearch --domtblout /home/arafat/Foxy_SIX_Evolution/results/busco/GCA_013085055.1/run_hypocreales_odb12.2/hmmer_output/178375at5125.out --cpu 1 /home/arafat/busco_downloads/lineages/hypocreales_odb12.2/hmms/178375at5125.hmm /home/arafat/Foxy_SIX_Evolution/results/busco/GCA_013085055.1/run_hypocreales_odb12.2/miniprot_output/translated_proteins/178375at5125.faa 
# Current dir:     /home/arafat/Foxy_SIX_Evolution
# Date:            Thu Sep 24 15:52:40 2026
# [ok]
