#                                                                                                                  --- full sequence --- -------------- this domain -------------   hmm coord   ali coord   env coord
# target name                                              accession   tlen query name           accession   qlen   E-value  score  bias   #  of  c-Evalue  i-Evalue  score  bias  from    to  from    to  from    to  acc description of target
#                                      ------------------- ---------- ----- -------------------- ---------- ----- --------- ------ ----- --- --- --------- --------- ------ ----- ----- ----- ----- ----- ----- ----- ---- ---------------------
179708at5125_42672_0:001786|CP052040.1:1053289-1060265|+   -           1797 179708               -           1521         0 2250.7  78.3   1   1         0         0 2250.2  78.3     1  1521   238  1796   238  1796 0.92 <unknown description>
179708at5125_2502994_0:00288b|CP052040.1:1055253-1060265|+ -           1580 179708               -           1521         0 2199.3 101.2   1   1         0         0 2197.7 101.2     1  1521     1  1579     1  1579 0.92 <unknown description>
179708at5125_1491479_0:0018be|CP052040.1:1057281-1060265|+ -            979 179708               -           1521         0 1436.4  37.3   1   1         0         0 1435.6  37.3   564  1521     1   978     1   978 0.93 <unknown description>
179708at5125_101028_0:0026b8|CP052040.1:1055253-1058625|+  -           1030 179708               -           1521         0 1291.3 107.4   1   1         0         0 1291.1 107.4     1  1026     1  1030     1  1030 0.90 <unknown description>
179708at5125_398673_0:000a14|CP052040.1:1057962-1060265|+  -            752 179708               -           1521         0 1107.6  21.7   1   1         0         0 1106.7  21.7   803  1521     1   751     1   751 0.92 <unknown description>
179708at5125_1195189_0:0023cb|CP052040.1:1055253-1057719|+ -            728 179708               -           1521         0 1033.4  67.3   1   1         0         0 1033.3  67.3     1   701     1   718     1   728 0.92 <unknown description>
179708at5125_101028_0:00273e|CP052040.1:1058655-1060265|+  -            521 179708               -           1521  1.2e-270  890.8   0.1   1   1  2.8e-270  2.8e-270  889.6   0.1  1037  1521     2   520     1   520 0.95 <unknown description>
179708at5125_468837_0:0017d2|CP052040.1:1059000-1060265|+  -            406 179708               -           1521  1.3e-260  857.6   0.0   1   1  1.4e-260  1.4e-260  857.4   0.0  1122  1521     5   405     1   405 0.99 <unknown description>
179708at5125_80388_0:000722|CP052040.1:1055205-1057068|+   -            527 179708               -           1521  7.5e-235  772.2  56.7   1   1  8.4e-235  8.4e-235  772.0  56.7     1   513    17   526    17   527 0.93 <unknown description>
#
# Program:         hmmsearch
# Version:         3.4 (Aug 2023)
# Pipeline mode:   SEARCH
# Query file:      /home/arafat/busco_downloads/lineages/hypocreales_odb12.2/hmms/179708at5125.hmm
# Target file:     /home/arafat/Foxy_SIX_Evolution/results/busco/GCA_013085055.1/run_hypocreales_odb12.2/miniprot_output/translated_proteins/179708at5125.faa
# Option settings: hmmsearch --domtblout /home/arafat/Foxy_SIX_Evolution/results/busco/GCA_013085055.1/run_hypocreales_odb12.2/hmmer_output/179708at5125.out --cpu 1 /home/arafat/busco_downloads/lineages/hypocreales_odb12.2/hmms/179708at5125.hmm /home/arafat/Foxy_SIX_Evolution/results/busco/GCA_013085055.1/run_hypocreales_odb12.2/miniprot_output/translated_proteins/179708at5125.faa 
# Current dir:     /home/arafat/Foxy_SIX_Evolution
# Date:            Thu Sep 24 15:52:52 2026
# [ok]
