#                                                                                                                  --- full sequence --- -------------- this domain -------------   hmm coord   ali coord   env coord
# target name                                              accession   tlen query name           accession   qlen   E-value  score  bias   #  of  c-Evalue  i-Evalue  score  bias  from    to  from    to  from    to  acc description of target
#                                      ------------------- ---------- ----- -------------------- ---------- ----- --------- ------ ----- --- --- --------- --------- ------ ----- ----- ----- ----- ----- ----- ----- ---- ---------------------
179713at5125_1081109_0:00177b|CP052038.1:3444282-3458650|+ -            814 179713               -            438  1.2e-222  728.0  13.8   1   3     0.029     0.029    1.8   5.1   346   422    10    90     1    96 0.56 <unknown description>
179713at5125_1081109_0:00177b|CP052038.1:3444282-3458650|+ -            814 179713               -            438  1.2e-222  728.0  13.8   2   3       1.3       1.3   -3.7   0.2    44   389   207   220   170   253 0.49 <unknown description>
179713at5125_1081109_0:00177b|CP052038.1:3444282-3458650|+ -            814 179713               -            438  1.2e-222  728.0  13.8   3   3  1.2e-222  1.2e-222  728.0  13.8     2   438   329   812   328   812 0.88 <unknown description>
179713at5125_48507_0:002534|CP052038.1:3455744-3458650|+   -            865 179713               -            438  1.4e-222  727.8  13.8   1   2      0.53      0.53   -2.3   1.0    11    78   173   240   169   269 0.62 <unknown description>
179713at5125_48507_0:002534|CP052038.1:3455744-3458650|+   -            865 179713               -            438  1.4e-222  727.8  13.8   2   2  1.4e-222  1.4e-222  727.8  13.8     2   438   380   863   379   863 0.88 <unknown description>
179713at5125_1080343_0:001b6c|CP052038.1:3457165-3458650|+ -            496 179713               -            438  4.1e-222  726.3  18.5   1   1  6.3e-222  6.3e-222  725.7  18.5     2   438    11   494    10   494 0.88 <unknown description>
179713at5125_62069_0:0004ef|CP052038.1:3457537-3458647|+   -            371 179713               -            438  1.7e-188  615.5  15.8   1   1    2e-188    2e-188  615.3  15.8    97   438     2   370     1   370 0.90 <unknown description>
179713at5125_2004951_0:0012e4|CP052038.1:3457165-3458131|+ -            323 179713               -            438  1.1e-170  556.8   5.1   1   1  1.8e-170  1.8e-170  556.1   5.1     2   293    11   323    10   323 0.92 <unknown description>
179713at5125_2004952_0:00094f|CP052038.1:3457696-3458200|+ -            169 179713               -            438  7.9e-106  343.1   2.5   1   1  8.8e-106  8.8e-106  343.0   2.5   149   313     1   169     1   169 0.96 <unknown description>
179713at5125_57161_0:00434c|CP052038.1:3457168-3457483|+   -            106 179713               -            438   2.1e-28   87.9   8.8   1   1   5.6e-28   5.6e-28   86.6   8.8     2    81    10   102     9   105 0.83 <unknown description>
#
# Program:         hmmsearch
# Version:         3.4 (Aug 2023)
# Pipeline mode:   SEARCH
# Query file:      /home/arafat/busco_downloads/lineages/hypocreales_odb12.2/hmms/179713at5125.hmm
# Target file:     /home/arafat/Foxy_SIX_Evolution/results/busco/GCA_013085055.1/run_hypocreales_odb12.2/miniprot_output/translated_proteins/179713at5125.faa
# Option settings: hmmsearch --domtblout /home/arafat/Foxy_SIX_Evolution/results/busco/GCA_013085055.1/run_hypocreales_odb12.2/hmmer_output/179713at5125.out --cpu 1 /home/arafat/busco_downloads/lineages/hypocreales_odb12.2/hmms/179713at5125.hmm /home/arafat/Foxy_SIX_Evolution/results/busco/GCA_013085055.1/run_hypocreales_odb12.2/miniprot_output/translated_proteins/179713at5125.faa 
# Current dir:     /home/arafat/Foxy_SIX_Evolution
# Date:            Thu Sep 24 15:52:52 2026
# [ok]
