#                                                                                                                  --- full sequence --- -------------- this domain -------------   hmm coord   ali coord   env coord
# target name                                              accession   tlen query name           accession   qlen   E-value  score  bias   #  of  c-Evalue  i-Evalue  score  bias  from    to  from    to  from    to  acc description of target
#                                      ------------------- ---------- ----- -------------------- ---------- ----- --------- ------ ----- --- --- --------- --------- ------ ----- ----- ----- ----- ----- ----- ----- ---- ---------------------
179845at5125_96317_0:002ddb|CP052039.1:3438793-3439318|-   -            176 179845               -            166   1.9e-65  208.0  24.1   1   2   4.9e-31   4.9e-31   96.0   3.2     1    70     1    66     1    67 0.95 <unknown description>
179845at5125_96317_0:002ddb|CP052039.1:3438793-3439318|-   -            176 179845               -            166   1.9e-65  208.0  24.1   2   2   8.4e-38   8.4e-38  118.0  13.0    71   165    86   174    82   175 0.88 <unknown description>
179845at5125_2747967_0:0001b8|CP052039.1:3438793-3439484|- -            231 179845               -            166   5.3e-65  206.5  24.1   1   2   8.5e-31   8.5e-31   95.2   3.2     1    70    56   121    56   122 0.95 <unknown description>
179845at5125_2747967_0:0001b8|CP052039.1:3438793-3439484|- -            231 179845               -            166   5.3e-65  206.5  24.1   2   2   1.6e-37   1.6e-37  117.1  13.0    71   165   141   229   137   230 0.88 <unknown description>
179845at5125_1081102_0:000d5e|CP052039.1:3438802-3439219|- -            140 179845               -            166   2.6e-56  178.2  19.2   1   2   2.3e-21   2.3e-21   64.6   0.7    38    70     1    33     1    34 0.98 <unknown description>
179845at5125_1081102_0:000d5e|CP052039.1:3438802-3439219|- -            140 179845               -            166   2.6e-56  178.2  19.2   2   2   5.7e-38   5.7e-38  118.6  11.9    71   162    53   138    49   140 0.87 <unknown description>
179845at5125_1896173_0:000274|CP052039.1:3439117-3439318|- -             68 179845               -            166   2.8e-32  100.1   3.2   1   1   3.1e-32   3.1e-32   99.9   3.2     1    70     1    66     1    67 0.95 <unknown description>
#
# Program:         hmmsearch
# Version:         3.4 (Aug 2023)
# Pipeline mode:   SEARCH
# Query file:      /home/arafat/busco_downloads/lineages/hypocreales_odb12.2/hmms/179845at5125.hmm
# Target file:     /home/arafat/Foxy_SIX_Evolution/results/busco/GCA_013085055.1/run_hypocreales_odb12.2/miniprot_output/translated_proteins/179845at5125.faa
# Option settings: hmmsearch --domtblout /home/arafat/Foxy_SIX_Evolution/results/busco/GCA_013085055.1/run_hypocreales_odb12.2/hmmer_output/179845at5125.out --cpu 1 /home/arafat/busco_downloads/lineages/hypocreales_odb12.2/hmms/179845at5125.hmm /home/arafat/Foxy_SIX_Evolution/results/busco/GCA_013085055.1/run_hypocreales_odb12.2/miniprot_output/translated_proteins/179845at5125.faa 
# Current dir:     /home/arafat/Foxy_SIX_Evolution
# Date:            Thu Sep 24 15:52:52 2026
# [ok]
