#                                                                                                                  --- full sequence --- -------------- this domain -------------   hmm coord   ali coord   env coord
# target name                                              accession   tlen query name           accession   qlen   E-value  score  bias   #  of  c-Evalue  i-Evalue  score  bias  from    to  from    to  from    to  acc description of target
#                                      ------------------- ---------- ----- -------------------- ---------- ----- --------- ------ ----- --- --- --------- --------- ------ ----- ----- ----- ----- ----- ----- ----- ---- ---------------------
180082at5125_100902_0:001659|CP052041.1:1526340-1527177|+  -            262 180082               -            261  2.6e-104  338.3  31.0   1   1  1.4e-104    3e-104  338.1  31.0     1   261     1   261     1   261 0.91 <unknown description>
180082at5125_1237068_0:001540|CP052041.1:1526025-1527177|+ -            366 180082               -            261  7.6e-104  336.8  31.0   1   1  4.5e-104  9.8e-104  336.4  31.0     1   261   105   365   105   365 0.91 <unknown description>
180082at5125_150374_0:000af9|CP052041.1:1526340-1533891|+  -            292 180082               -            261   1.6e-85  276.7  34.9   1   1   7.3e-86   1.6e-85  276.7  34.9     1   212     1   215     1   263 0.77 <unknown description>
180082at5125_2874508_0:0020cf|CP052041.1:1526340-1526640|+ -            101 180082               -            261   8.3e-51  162.9   5.7   1   1   4.5e-51   9.7e-51  162.7   5.7     1    95     1    95     1    99 0.99 <unknown description>
180082at5125_654480_0:0010a5|CP052048.1:1614899-1619491|-  -            210 180082               -            261     1e-06   18.4  41.8   1   2   4.6e-07     1e-06   18.4  41.8   100   246     2   147     1   151 0.47 <unknown description>
180082at5125_654480_0:0010a5|CP052048.1:1614899-1619491|-  -            210 180082               -            261     1e-06   18.4  41.8   2   2       1.2       2.6   -2.6  23.4   143   199   131   205   118   210 0.36 <unknown description>
180082at5125_2686198_0:000dab|CP052041.1:755362-755755|+   -            132 180082               -            261   8.4e-05   12.1  25.9   1   1   4.2e-05   9.2e-05   12.0  25.9   135   255     5   128     1   131 0.32 <unknown description>
#
# Program:         hmmsearch
# Version:         3.4 (Aug 2023)
# Pipeline mode:   SEARCH
# Query file:      /home/arafat/busco_downloads/lineages/hypocreales_odb12.2/hmms/180082at5125.hmm
# Target file:     /home/arafat/Foxy_SIX_Evolution/results/busco/GCA_013085055.1/run_hypocreales_odb12.2/miniprot_output/translated_proteins/180082at5125.faa
# Option settings: hmmsearch --domtblout /home/arafat/Foxy_SIX_Evolution/results/busco/GCA_013085055.1/run_hypocreales_odb12.2/hmmer_output/180082at5125.out --cpu 1 /home/arafat/busco_downloads/lineages/hypocreales_odb12.2/hmms/180082at5125.hmm /home/arafat/Foxy_SIX_Evolution/results/busco/GCA_013085055.1/run_hypocreales_odb12.2/miniprot_output/translated_proteins/180082at5125.faa 
# Current dir:     /home/arafat/Foxy_SIX_Evolution
# Date:            Thu Sep 24 15:52:55 2026
# [ok]
