#                                                                                                                  --- full sequence --- -------------- this domain -------------   hmm coord   ali coord   env coord
# target name                                              accession   tlen query name           accession   qlen   E-value  score  bias   #  of  c-Evalue  i-Evalue  score  bias  from    to  from    to  from    to  acc description of target
#                                      ------------------- ---------- ----- -------------------- ---------- ----- --------- ------ ----- --- --- --------- --------- ------ ----- ----- ----- ----- ----- ----- ----- ---- ---------------------
180249at5125_72712_0:002789|CP052042.1:1118766-1120885|+   -            612 180249               -            476  2.7e-222  727.4  76.0   1   2   1.2e-07   1.2e-07   19.6  14.4     1    48     1    50     1    66 0.72 <unknown description>
180249at5125_72712_0:002789|CP052042.1:1118766-1120885|+   -            612 180249               -            476  2.7e-222  727.4  76.0   2   2  2.6e-217  2.6e-217  711.0  57.0    15   470    63   577    51   580 0.85 <unknown description>
180249at5125_123648_0:001f2b|CP052042.1:1119611-1120625|+  -            339 180249               -            476  1.3e-164  537.2  33.5   1   1  1.6e-164  1.6e-164  536.9  33.5   166   476     2   338     1   338 0.93 <unknown description>
180249at5125_93591_0:00149f|CP052042.1:1120172-1120625|+   -            152 180249               -            476   1.4e-71  230.4  11.2   1   1     2e-71     2e-71  229.9  11.2   344   476     1   151     1   151 0.88 <unknown description>
180249at5125_123648_0:001625|CP052042.1:1118766-1119457|+  -            213 180249               -            476   1.8e-48  154.3  38.2   1   2     4e-08     4e-08   21.2  15.1     1    50     1    52     1    66 0.72 <unknown description>
180249at5125_123648_0:001625|CP052042.1:1118766-1119457|+  -            213 180249               -            476   1.8e-48  154.3  38.2   2   2   5.9e-43   5.9e-43  136.0  18.9    14   135    62   204    49   210 0.73 <unknown description>
180249at5125_2885761_0:002c42|CP052042.1:1118766-1119646|+ -            276 180249               -            476   2.2e-48  154.0  37.3   1   2   5.5e-08   5.5e-08   20.7  14.9     1    50     1    52     1    66 0.72 <unknown description>
180249at5125_2885761_0:002c42|CP052042.1:1118766-1119646|+ -            276 180249               -            476   2.2e-48  154.0  37.3   2   2   3.7e-43   3.7e-43  136.7  17.7    14   136    62   205    50   230 0.74 <unknown description>
180249at5125_169388_0:000f6d|CP052042.1:1120046-1120442|+  -            133 180249               -            476   2.4e-46  147.2  10.2   1   1   3.5e-46   3.5e-46  146.7  10.2   309   415     1   129     1   133 0.85 <unknown description>
#
# Program:         hmmsearch
# Version:         3.4 (Aug 2023)
# Pipeline mode:   SEARCH
# Query file:      /home/arafat/busco_downloads/lineages/hypocreales_odb12.2/hmms/180249at5125.hmm
# Target file:     /home/arafat/Foxy_SIX_Evolution/results/busco/GCA_013085055.1/run_hypocreales_odb12.2/miniprot_output/translated_proteins/180249at5125.faa
# Option settings: hmmsearch --domtblout /home/arafat/Foxy_SIX_Evolution/results/busco/GCA_013085055.1/run_hypocreales_odb12.2/hmmer_output/180249at5125.out --cpu 1 /home/arafat/busco_downloads/lineages/hypocreales_odb12.2/hmms/180249at5125.hmm /home/arafat/Foxy_SIX_Evolution/results/busco/GCA_013085055.1/run_hypocreales_odb12.2/miniprot_output/translated_proteins/180249at5125.faa 
# Current dir:     /home/arafat/Foxy_SIX_Evolution
# Date:            Thu Sep 24 15:52:55 2026
# [ok]
