#                                                                                                                  --- full sequence --- -------------- this domain -------------   hmm coord   ali coord   env coord
# target name                                              accession   tlen query name           accession   qlen   E-value  score  bias   #  of  c-Evalue  i-Evalue  score  bias  from    to  from    to  from    to  acc description of target
#                                      ------------------- ---------- ----- -------------------- ---------- ----- --------- ------ ----- --- --- --------- --------- ------ ----- ----- ----- ----- ----- ----- ----- ---- ---------------------
180287at5125_5507_3:004167|CP052043.1:1095999-1096920|-    -            286 180287               -            130   5.3e-60  191.1  23.6   1   2     1e-53     1e-53  170.7  13.3     1   107     4   128     4   146 0.78 <unknown description>
180287at5125_5507_3:004167|CP052043.1:1095999-1096920|-    -            286 180287               -            130   5.3e-60  191.1  23.6   2   2   7.7e-07   7.7e-07   19.1   2.6    70   130   187   253   166   253 0.65 <unknown description>
180287at5125_1080343_0:002f35|CP052043.1:1096012-1097481|- -            469 180287               -            130   3.2e-59  188.5  23.6   1   2     3e-53     3e-53  169.2  13.3     1   107   191   315   191   333 0.78 <unknown description>
180287at5125_1080343_0:002f35|CP052043.1:1096012-1097481|- -            469 180287               -            130   3.2e-59  188.5  23.6   2   2   1.8e-06   1.8e-06   18.0   2.6    70   130   374   440   354   440 0.65 <unknown description>
180287at5125_1283841_0:001377|CP052043.1:1096048-1102269|- -            510 180287               -            130   5.1e-57  181.4  31.0   1   3       3.3       3.3   -2.3   0.8    70   102    61    75    19   104 0.48 <unknown description>
180287at5125_1283841_0:001377|CP052043.1:1096048-1102269|- -            510 180287               -            130   5.1e-57  181.4  31.0   2   3   3.1e-53   3.1e-53  169.1  13.1     1   107   244   368   244   386 0.79 <unknown description>
180287at5125_1283841_0:001377|CP052043.1:1096048-1102269|- -            510 180287               -            130   5.1e-57  181.4  31.0   3   3     2e-06     2e-06   17.8   2.6    70   130   427   493   407   493 0.65 <unknown description>
180287at5125_485398_0:004339|CP052043.1:1096405-1097349|-  -            294 180287               -            130   3.5e-56  178.7  13.3   1   1   1.1e-53   1.1e-53  170.6  13.3     1   107   147   271   147   289 0.78 <unknown description>
180287at5125_72712_0:002363|CP052043.1:1096305-1096971|-   -            158 180287               -            130   2.3e-54  172.8   5.8   1   1   2.8e-54   2.8e-54  172.5   5.8     1    94    21   117    21   152 0.86 <unknown description>
180287at5125_64609_0:003eda|CP052043.1:1096588-1096911|-   -             87 180287               -            130   1.1e-53  170.6   5.7   1   1   1.2e-53   1.2e-53  170.5   5.7     1    83     1    86     1    87 0.96 <unknown description>
180287at5125_451672_0:000716|CP052043.1:1096389-1096792|-  -            135 180287               -            130   1.5e-45  144.3   9.2   1   2   1.8e-41   1.8e-41  131.1   3.6    18    94     1    79     1    83 0.91 <unknown description>
180287at5125_451672_0:000716|CP052043.1:1096389-1096792|-  -            135 180287               -            130   1.5e-45  144.3   9.2   2   2     2e-06     2e-06   17.8   0.9    78   118    78   121    73   130 0.69 <unknown description>
180287at5125_1610689_0:001fe8|CP052043.1:1096012-1096735|- -            242 180287               -            130   1.7e-35  111.8  16.3   1   3   1.2e-27   1.2e-27   86.4   1.4    35    94     1    60     1    65 0.90 <unknown description>
180287at5125_1610689_0:001fe8|CP052043.1:1096012-1096735|- -            242 180287               -            130   1.7e-35  111.8  16.3   2   3   1.1e-05   1.1e-05   15.4   1.0    78   107    59    88    54   106 0.74 <unknown description>
180287at5125_1610689_0:001fe8|CP052043.1:1096012-1096735|- -            242 180287               -            130   1.7e-35  111.8  16.3   3   3   5.3e-07   5.3e-07   19.6   2.5    70   130   147   213   125   213 0.66 <unknown description>
180287at5125_660025_0:0019ad|CP052043.1:1096723-1097349|-  -            188 180287               -            130   3.8e-22   68.6  13.4   1   2       3.5       3.5   -2.4   0.3    70    80    55    65    33    83 0.52 <unknown description>
180287at5125_660025_0:0019ad|CP052043.1:1096723-1097349|-  -            188 180287               -            130   3.8e-22   68.6  13.4   2   2   3.8e-22   3.8e-22   68.6  13.4     1    39   147   188   147   188 0.96 <unknown description>
180287at5125_1147111_0:00329f|CP052043.1:1096012-1096558|- -            183 180287               -            130   1.5e-10   31.1   9.1   1   2   1.6e-05   1.6e-05   14.8   0.5    80   107     2    29     1    48 0.72 <unknown description>
180287at5125_1147111_0:00329f|CP052043.1:1096012-1096558|- -            183 180287               -            130   1.5e-10   31.1   9.1   2   2   2.9e-07   2.9e-07   20.5   2.5    70   130    88   154    65   154 0.66 <unknown description>
180287at5125_1806559_0:0018df|CP052043.1:1096857-1097349|- -            165 180287               -            130   1.5e-08   24.7   4.3   1   2       2.5       2.5   -1.9   0.3    70    81    55    66    32    85 0.53 <unknown description>
180287at5125_1806559_0:0018df|CP052043.1:1096857-1097349|- -            165 180287               -            130   1.5e-08   24.7   4.3   2   2   1.5e-08   1.5e-08   24.7   4.3     1    17   147   163   147   165 0.95 <unknown description>
#
# Program:         hmmsearch
# Version:         3.4 (Aug 2023)
# Pipeline mode:   SEARCH
# Query file:      /home/arafat/busco_downloads/lineages/hypocreales_odb12.2/hmms/180287at5125.hmm
# Target file:     /home/arafat/Foxy_SIX_Evolution/results/busco/GCA_013085055.1/run_hypocreales_odb12.2/miniprot_output/translated_proteins/180287at5125.faa
# Option settings: hmmsearch --domtblout /home/arafat/Foxy_SIX_Evolution/results/busco/GCA_013085055.1/run_hypocreales_odb12.2/hmmer_output/180287at5125.out --cpu 1 /home/arafat/busco_downloads/lineages/hypocreales_odb12.2/hmms/180287at5125.hmm /home/arafat/Foxy_SIX_Evolution/results/busco/GCA_013085055.1/run_hypocreales_odb12.2/miniprot_output/translated_proteins/180287at5125.faa 
# Current dir:     /home/arafat/Foxy_SIX_Evolution
# Date:            Thu Sep 24 15:52:56 2026
# [ok]
