#                                                                                                                  --- full sequence --- -------------- this domain -------------   hmm coord   ali coord   env coord
# target name                                              accession   tlen query name           accession   qlen   E-value  score  bias   #  of  c-Evalue  i-Evalue  score  bias  from    to  from    to  from    to  acc description of target
#                                      ------------------- ---------- ----- -------------------- ---------- ----- --------- ------ ----- --- --- --------- --------- ------ ----- ----- ----- ----- ----- ----- ----- ---- ---------------------
180445at5125_1089448_0:002134|CP052043.1:1806455-1808108|+ -            552 180445               -            414  3.1e-169  551.7  75.6   1   2  5.7e-112  5.7e-112  363.1  33.1     2   269    10   313     9   317 0.81 <unknown description>
180445at5125_1089448_0:002134|CP052043.1:1806455-1808108|+ -            552 180445               -            414  3.1e-169  551.7  75.6   2   2   1.5e-57   1.5e-57  183.8  35.5   222   413   316   550   309   551 0.66 <unknown description>
180445at5125_62069_0:001c3f|CP052043.1:1806806-1808108|+   -            435 180445               -            414  7.4e-121  392.4  67.0   1   2   6.6e-66   6.6e-66  211.4  24.9    95   270     2   197     1   202 0.82 <unknown description>
180445at5125_62069_0:001c3f|CP052043.1:1806806-1808108|+   -            435 180445               -            414  7.4e-121  392.4  67.0   2   2   9.4e-58   9.4e-58  184.5  35.6   222   413   199   433   193   434 0.66 <unknown description>
180445at5125_1208366_0:001b59|CP052043.1:1806455-1807556|+ -            368 180445               -            414  4.6e-113  366.7  44.6   1   2  1.4e-111  1.4e-111  361.8  37.0     2   271    10   315     9   323 0.81 <unknown description>
180445at5125_1208366_0:001b59|CP052043.1:1806455-1807556|+ -            368 180445               -            414  4.6e-113  366.7  44.6   2   2      0.32      0.32   -1.7   3.6   228   256   317   345   310   365 0.52 <unknown description>
180445at5125_1237068_0:003ae9|CP052043.1:1806455-1807088|+ -            212 180445               -            414   5.3e-79  254.5  25.5   1   2   5.3e-52   5.3e-52  165.6   1.0     2   102    10   112     9   114 0.95 <unknown description>
180445at5125_1237068_0:003ae9|CP052043.1:1806455-1807088|+ -            212 180445               -            414   5.3e-79  254.5  25.5   2   2   5.5e-30   5.5e-30   93.0  19.9    86   176   110   209   109   212 0.85 <unknown description>
180445at5125_2604345_0:003228|CP052043.1:1807544-1808108|+ -            189 180445               -            414   2.5e-58  186.4  26.0   1   1   2.2e-57   2.2e-57  183.3  26.0   268   413     1   187     1   188 0.73 <unknown description>
180445at5125_1331945_0:000d36|CP052043.1:1806470-1809128|+ -            134 180445               -            414   4.4e-53  169.1   0.7   1   1   4.8e-53   4.8e-53  169.0   0.7     2   103     5   108     4   133 0.91 <unknown description>
180445at5125_57161_0:002424|CP052043.1:1806455-1806821|+   -            123 180445               -            414   9.5e-53  168.0   1.7   1   1   1.1e-52   1.1e-52  167.8   1.7     2   102    10   112     9   122 0.93 <unknown description>
#
# Program:         hmmsearch
# Version:         3.4 (Aug 2023)
# Pipeline mode:   SEARCH
# Query file:      /home/arafat/busco_downloads/lineages/hypocreales_odb12.2/hmms/180445at5125.hmm
# Target file:     /home/arafat/Foxy_SIX_Evolution/results/busco/GCA_013085055.1/run_hypocreales_odb12.2/miniprot_output/translated_proteins/180445at5125.faa
# Option settings: hmmsearch --domtblout /home/arafat/Foxy_SIX_Evolution/results/busco/GCA_013085055.1/run_hypocreales_odb12.2/hmmer_output/180445at5125.out --cpu 1 /home/arafat/busco_downloads/lineages/hypocreales_odb12.2/hmms/180445at5125.hmm /home/arafat/Foxy_SIX_Evolution/results/busco/GCA_013085055.1/run_hypocreales_odb12.2/miniprot_output/translated_proteins/180445at5125.faa 
# Current dir:     /home/arafat/Foxy_SIX_Evolution
# Date:            Thu Sep 24 15:52:58 2026
# [ok]
