#                                                                                                                  --- full sequence --- -------------- this domain -------------   hmm coord   ali coord   env coord
# target name                                              accession   tlen query name           accession   qlen   E-value  score  bias   #  of  c-Evalue  i-Evalue  score  bias  from    to  from    to  from    to  acc description of target
#                                      ------------------- ---------- ----- -------------------- ---------- ----- --------- ------ ----- --- --- --------- --------- ------ ----- ----- ----- ----- ----- ----- ----- ---- ---------------------
180822at5125_660027_0:002e35|CP052045.1:1525601-1528063|-  -            803 180822               -            280   8.1e-85  273.4  28.5   1   9   1.1e-37   1.7e-37  118.1   2.7     2   116     7   133     6   149 0.82 <unknown description>
180822at5125_660027_0:002e35|CP052045.1:1525601-1528063|-  -            803 180822               -            280   8.1e-85  273.4  28.5   2   9   1.1e-05   1.7e-05   13.2   6.0    79   116   150   187   141   199 0.84 <unknown description>
180822at5125_660027_0:002e35|CP052045.1:1525601-1528063|-  -            803 180822               -            280   8.1e-85  273.4  28.5   3   9         4         6   -5.1  13.7    84   143   196   255   188   261 0.45 <unknown description>
180822at5125_660027_0:002e35|CP052045.1:1525601-1528063|-  -            803 180822               -            280   8.1e-85  273.4  28.5   4   9         4         6   -6.9  26.3    59   142   273   353   263   358 0.49 <unknown description>
180822at5125_660027_0:002e35|CP052045.1:1525601-1528063|-  -            803 180822               -            280   8.1e-85  273.4  28.5   5   9     2e-53     3e-53  169.8  18.0    84   231   349   499   346   516 0.87 <unknown description>
180822at5125_660027_0:002e35|CP052045.1:1525601-1528063|-  -            803 180822               -            280   8.1e-85  273.4  28.5   6   9      0.64      0.96   -2.4   3.7   232   259   542   569   497   589 0.57 <unknown description>
180822at5125_660027_0:002e35|CP052045.1:1525601-1528063|-  -            803 180822               -            280   8.1e-85  273.4  28.5   7   9      0.36      0.55   -1.6   2.7   218   251   545   577   532   614 0.59 <unknown description>
180822at5125_660027_0:002e35|CP052045.1:1525601-1528063|-  -            803 180822               -            280   8.1e-85  273.4  28.5   8   9       1.1       1.6   -3.2   2.5   230   274   670   715   631   720 0.45 <unknown description>
180822at5125_660027_0:002e35|CP052045.1:1525601-1528063|-  -            803 180822               -            280   8.1e-85  273.4  28.5   9   9      0.19      0.29   -0.7   0.3   265   280   782   795   734   795 0.57 <unknown description>
180822at5125_48484_0:0024c1|CP052045.1:1525601-1529334|-   -           1107 180822               -            280   3.5e-84  271.3  28.5   1   9     2e-37     3e-37  117.3   2.9     2   116   311   437   310   453 0.82 <unknown description>
180822at5125_48484_0:0024c1|CP052045.1:1525601-1529334|-   -           1107 180822               -            280   3.5e-84  271.3  28.5   2   9   1.6e-05   2.3e-05   12.7   5.9    79   117   454   492   448   504 0.84 <unknown description>
180822at5125_48484_0:0024c1|CP052045.1:1525601-1529334|-   -           1107 180822               -            280   3.5e-84  271.3  28.5   3   9         4         6   -5.2  13.2    84   143   500   559   494   565 0.45 <unknown description>
180822at5125_48484_0:0024c1|CP052045.1:1525601-1529334|-   -           1107 180822               -            280   3.5e-84  271.3  28.5   4   9         4         6   -7.6  26.6    59   142   577   657   567   664 0.49 <unknown description>
180822at5125_48484_0:0024c1|CP052045.1:1525601-1529334|-   -           1107 180822               -            280   3.5e-84  271.3  28.5   5   9   3.5e-53   5.3e-53  169.0  17.9    86   231   655   803   651   828 0.86 <unknown description>
180822at5125_48484_0:0024c1|CP052045.1:1525601-1529334|-   -           1107 180822               -            280   3.5e-84  271.3  28.5   6   9      0.34      0.51   -1.5   2.2   216   249   847   879   817   898 0.56 <unknown description>
180822at5125_48484_0:0024c1|CP052045.1:1525601-1529334|-   -           1107 180822               -            280   3.5e-84  271.3  28.5   7   9       2.8       4.2   -4.5   4.1   210   226   882   898   850   952 0.50 <unknown description>
180822at5125_48484_0:0024c1|CP052045.1:1525601-1529334|-   -           1107 180822               -            280   3.5e-84  271.3  28.5   8   9       1.5       2.2   -3.6   2.5   232   256   967   991   929  1023 0.44 <unknown description>
180822at5125_48484_0:0024c1|CP052045.1:1525601-1529334|-   -           1107 180822               -            280   3.5e-84  271.3  28.5   9   9      0.28      0.43   -1.3   0.3   265   280  1086  1099  1039  1099 0.58 <unknown description>
180822at5125_426428_0:0036dd|CP052045.1:1526234-1528063|-  -            524 180822               -            280   2.3e-54  173.5  92.2   1   5   6.6e-38   9.9e-38  118.9   2.9     2   116     7   133     6   149 0.82 <unknown description>
180822at5125_426428_0:0036dd|CP052045.1:1526234-1528063|-  -            524 180822               -            280   2.3e-54  173.5  92.2   2   5   7.7e-06   1.2e-05   13.7   6.1    79   115   150   186   142   198 0.84 <unknown description>
180822at5125_426428_0:0036dd|CP052045.1:1526234-1528063|-  -            524 180822               -            280   2.3e-54  173.5  92.2   3   5         2       2.9   -4.0  13.5    83   143   195   255   187   262 0.47 <unknown description>
180822at5125_426428_0:0036dd|CP052045.1:1526234-1528063|-  -            524 180822               -            280   2.3e-54  173.5  92.2   4   5     9e-22   1.3e-21   66.0  39.2    81   231   281   431   263   444 0.60 <unknown description>
180822at5125_426428_0:0036dd|CP052045.1:1526234-1528063|-  -            524 180822               -            280   2.3e-54  173.5  92.2   5   5      0.11      0.17    0.0   1.6   232   264   474   503   447   518 0.52 <unknown description>
180822at5125_2004951_0:000d03|CP052045.1:1525616-1526881|- -            404 180822               -            280   1.4e-48  154.5  17.1   1   5   9.1e-49   1.4e-48  154.5  17.1   131   235     2   110     1   131 0.86 <unknown description>
180822at5125_2004951_0:000d03|CP052045.1:1525616-1526881|- -            404 180822               -            280   1.4e-48  154.5  17.1   2   5         4         6   -5.2   7.9   216   249   149   181   104   200 0.58 <unknown description>
180822at5125_2004951_0:000d03|CP052045.1:1525616-1526881|- -            404 180822               -            280   1.4e-48  154.5  17.1   3   5         4         6   -5.6   7.1   209   229   183   203   152   253 0.49 <unknown description>
180822at5125_2004951_0:000d03|CP052045.1:1525616-1526881|- -            404 180822               -            280   1.4e-48  154.5  17.1   4   5       3.2       4.8   -4.7   5.6   230   274   276   321   232   326 0.44 <unknown description>
180822at5125_2004951_0:000d03|CP052045.1:1525616-1526881|- -            404 180822               -            280   1.4e-48  154.5  17.1   5   5      0.12      0.17   -0.0   0.8   265   280   388   401   339   401 0.56 <unknown description>
#
# Program:         hmmsearch
# Version:         3.4 (Aug 2023)
# Pipeline mode:   SEARCH
# Query file:      /home/arafat/busco_downloads/lineages/hypocreales_odb12.2/hmms/180822at5125.hmm
# Target file:     /home/arafat/Foxy_SIX_Evolution/results/busco/GCA_013085055.1/run_hypocreales_odb12.2/miniprot_output/translated_proteins/180822at5125.faa
# Option settings: hmmsearch --domtblout /home/arafat/Foxy_SIX_Evolution/results/busco/GCA_013085055.1/run_hypocreales_odb12.2/hmmer_output/180822at5125.out --cpu 1 /home/arafat/busco_downloads/lineages/hypocreales_odb12.2/hmms/180822at5125.hmm /home/arafat/Foxy_SIX_Evolution/results/busco/GCA_013085055.1/run_hypocreales_odb12.2/miniprot_output/translated_proteins/180822at5125.faa 
# Current dir:     /home/arafat/Foxy_SIX_Evolution
# Date:            Thu Sep 24 15:52:59 2026
# [ok]
