#                                                                                                                  --- full sequence --- -------------- this domain -------------   hmm coord   ali coord   env coord
# target name                                              accession   tlen query name           accession   qlen   E-value  score  bias   #  of  c-Evalue  i-Evalue  score  bias  from    to  from    to  from    to  acc description of target
#                                      ------------------- ---------- ----- -------------------- ---------- ----- --------- ------ ----- --- --- --------- --------- ------ ----- ----- ----- ----- ----- ----- ----- ---- ---------------------
188849at5125_2502994_0:003534|CP052038.1:2240387-2242206|- -            573 188849               -            544  6.9e-301  987.1  13.1   1   1  8.6e-301  8.6e-301  986.8  13.1     1   541     1   539     1   542 0.99 <unknown description>
188849at5125_1291518_0:002878|CP052038.1:2237388-2242206|- -            672 188849               -            544    1e-268  880.9  12.6   1   2    1e-268    1e-268  880.9  12.6     1   471     1   465     1   485 0.98 <unknown description>
188849at5125_1291518_0:002878|CP052038.1:2237388-2242206|- -            672 188849               -            544    1e-268  880.9  12.6   2   2      0.99      0.99   -3.6   0.4   238   257   600   618   595   625 0.65 <unknown description>
188849at5125_123648_0:00024c|CP052038.1:2240522-2241740|-  -            407 188849               -            544  3.2e-227  743.9   8.2   1   1  3.6e-227  3.6e-227  743.8   8.2   137   544     1   406     1   406 0.98 <unknown description>
188849at5125_63577_0:00151a|CP052038.1:2241074-2242206|-   -            359 188849               -            544  1.2e-210  689.3  18.4   1   1  1.3e-210  1.3e-210  689.1  18.4     1   360     1   359     1   359 0.99 <unknown description>
188849at5125_468837_0:002b29|CP052038.1:2241419-2242206|-  -            244 188849               -            544  5.8e-141  459.2  17.2   1   1  6.5e-141  6.5e-141  459.1  17.2     1   244     1   244     1   244 1.00 <unknown description>
188849at5125_123648_0:00097d|CP052038.1:2241792-2242206|-  -            139 188849               -            544   4.1e-71  228.7   5.4   1   1   4.9e-71   4.9e-71  228.4   5.4     1   136     1   136     1   138 0.99 <unknown description>
#
# Program:         hmmsearch
# Version:         3.4 (Aug 2023)
# Pipeline mode:   SEARCH
# Query file:      /home/arafat/busco_downloads/lineages/hypocreales_odb12.2/hmms/188849at5125.hmm
# Target file:     /home/arafat/Foxy_SIX_Evolution/results/busco/GCA_013085055.1/run_hypocreales_odb12.2/miniprot_output/translated_proteins/188849at5125.faa
# Option settings: hmmsearch --domtblout /home/arafat/Foxy_SIX_Evolution/results/busco/GCA_013085055.1/run_hypocreales_odb12.2/hmmer_output/188849at5125.out --cpu 1 /home/arafat/busco_downloads/lineages/hypocreales_odb12.2/hmms/188849at5125.hmm /home/arafat/Foxy_SIX_Evolution/results/busco/GCA_013085055.1/run_hypocreales_odb12.2/miniprot_output/translated_proteins/188849at5125.faa 
# Current dir:     /home/arafat/Foxy_SIX_Evolution
# Date:            Thu Sep 24 15:53:02 2026
# [ok]
