#                                                                                                                  --- full sequence --- -------------- this domain -------------   hmm coord   ali coord   env coord
# target name                                              accession   tlen query name           accession   qlen   E-value  score  bias   #  of  c-Evalue  i-Evalue  score  bias  from    to  from    to  from    to  acc description of target
#                                      ------------------- ---------- ----- -------------------- ---------- ----- --------- ------ ----- --- --- --------- --------- ------ ----- ----- ----- ----- ----- ----- ----- ---- ---------------------
189660at5125_123648_0:000fa9|CP052042.1:1374776-1383299|+  -            471 189660               -            332  4.2e-199  648.5   9.7   1   2  4.4e-192  4.4e-192  625.4   1.5     1   298    36   351    36   355 0.95 <unknown description>
189660at5125_123648_0:000fa9|CP052042.1:1374776-1383299|+  -            471 189660               -            332  4.2e-199  648.5   9.7   2   2   2.9e-10   2.9e-10   27.8   1.4   297   328   370   401   362   405 0.88 <unknown description>
189660at5125_5507_0:00339d|CP052042.1:1374948-1376901|+    -            502 189660               -            332  5.1e-199  648.2   9.7   1   2  5.3e-192  5.3e-192  625.1   1.6     1   298    86   401    86   405 0.95 <unknown description>
189660at5125_5507_0:00339d|CP052042.1:1374948-1376901|+    -            502 189660               -            332  5.1e-199  648.2   9.7   2   2   3.1e-10   3.1e-10   27.7   1.4   297   328   420   451   412   455 0.88 <unknown description>
189660at5125_1736662_0:00146c|CP052042.1:1369958-1376892|+ -           1521 189660               -            332    2e-197  643.0   9.7   1   2  5.8e-191  5.8e-191  621.7   1.5     1   298  1108  1423  1108  1427 0.95 <unknown description>
189660at5125_1736662_0:00146c|CP052042.1:1369958-1376892|+ -           1521 189660               -            332    2e-197  643.0   9.7   2   2   1.1e-09   1.1e-09   25.9   1.4   297   328  1442  1473  1434  1477 0.88 <unknown description>
189660at5125_195108_0:0012d6|CP052042.1:1374776-1376441|+  -            321 189660               -            332  1.4e-177  577.8   1.1   1   1  1.7e-177  1.7e-177  577.4   1.1     1   271    36   320    36   321 0.97 <unknown description>
189660at5125_2614577_0:00248b|CP052042.1:1375597-1376847|+ -            343 189660               -            332  1.2e-123  400.5   7.1   1   2  5.6e-116  5.6e-116  375.3   0.4   126   298    73   260    57   264 0.93 <unknown description>
189660at5125_2614577_0:00248b|CP052042.1:1375597-1376847|+ -            343 189660               -            332  1.2e-123  400.5   7.1   2   2   1.9e-10   1.9e-10   28.4   1.4   297   328   279   310   271   314 0.88 <unknown description>
#
# Program:         hmmsearch
# Version:         3.4 (Aug 2023)
# Pipeline mode:   SEARCH
# Query file:      /home/arafat/busco_downloads/lineages/hypocreales_odb12.2/hmms/189660at5125.hmm
# Target file:     /home/arafat/Foxy_SIX_Evolution/results/busco/GCA_013085055.1/run_hypocreales_odb12.2/miniprot_output/translated_proteins/189660at5125.faa
# Option settings: hmmsearch --domtblout /home/arafat/Foxy_SIX_Evolution/results/busco/GCA_013085055.1/run_hypocreales_odb12.2/hmmer_output/189660at5125.out --cpu 1 /home/arafat/busco_downloads/lineages/hypocreales_odb12.2/hmms/189660at5125.hmm /home/arafat/Foxy_SIX_Evolution/results/busco/GCA_013085055.1/run_hypocreales_odb12.2/miniprot_output/translated_proteins/189660at5125.faa 
# Current dir:     /home/arafat/Foxy_SIX_Evolution
# Date:            Thu Sep 24 15:53:05 2026
# [ok]
