#                                                                                                                  --- full sequence --- -------------- this domain -------------   hmm coord   ali coord   env coord
# target name                                              accession   tlen query name           accession   qlen   E-value  score  bias   #  of  c-Evalue  i-Evalue  score  bias  from    to  from    to  from    to  acc description of target
#                                      ------------------- ---------- ----- -------------------- ---------- ----- --------- ------ ----- --- --- --------- --------- ------ ----- ----- ----- ----- ----- ----- ----- ---- ---------------------
191273at5125_100902_0:001468|CP052041.1:128260-129747|+    -            480 191273               -            460  4.7e-286  938.9   1.1   1   1  5.5e-286  5.5e-286  938.7   1.1    13   459    25   476     5   477 0.96 <unknown description>
191273at5125_2004951_0:000504|CP052044.1:1226128-1230955|+ -            472 191273               -            460  1.7e-273  897.5   2.9   1   1    2e-273    2e-273  897.2   2.9    12   459    16   469     4   470 0.95 <unknown description>
191273at5125_100902_0:0026da|CP052044.1:1229528-1230958|+  -            461 191273               -            460  1.3e-272  894.5   3.7   1   1  1.6e-272  1.6e-272  894.2   3.7    31   459    24   457     7   458 0.97 <unknown description>
191273at5125_660027_0:001155|CP052040.1:5031545-5032975|+  -            448 191273               -            460  5.7e-251  823.2   6.5   1   1  1.1e-250  1.1e-250  822.3   6.5    31   459    24   444     5   445 0.98 <unknown description>
191273at5125_1237068_0:003053|CP052041.1:128629-129747|+   -            357 191273               -            460  2.1e-233  765.3   3.2   1   1  2.4e-233  2.4e-233  765.1   3.2   107   459     1   353     1   354 1.00 <unknown description>
191273at5125_5507_2:0031d0|CP052044.1:1229825-1230958|+    -            362 191273               -            460  2.6e-232  761.7   6.6   1   1  2.9e-232  2.9e-232  761.5   6.6   102   459     1   358     1   359 1.00 <unknown description>
191273at5125_660025_0:0043fa|CP052040.1:5031920-5032975|+  -            336 191273               -            460    7e-213  697.6   5.9   1   1  7.9e-213  7.9e-213  697.5   5.9   128   459     1   332     1   333 0.99 <unknown description>
191273at5125_2885761_0:002781|CP052041.1:128260-129335|+   -            359 191273               -            460  4.1e-194  635.8   0.8   1   1  5.1e-194  5.1e-194  635.4   0.8    13   326    25   343     5   355 0.94 <unknown description>
191273at5125_2773459_0:003910|CP052044.1:1229528-1230380|+ -            285 191273               -            460  6.8e-155  506.5   0.1   1   1    8e-155    8e-155  506.2   0.1    31   287    24   285     6   285 0.96 <unknown description>
191273at5125_12942_0:00025b|CP052041.1:128980-129747|+     -            256 191273               -            460  1.1e-148  486.0   6.9   1   1  2.7e-147  2.7e-147  481.4   6.9   224   459     1   252     1   253 0.97 <unknown description>
191273at5125_12942_0:00025b|CP052044.1:1230191-1230958|+   -            256 191273               -            460  9.2e-147  479.6   8.7   1   1  1.1e-145  1.1e-145  476.1   8.7   225   459     2   252     1   253 0.97 <unknown description>
191273at5125_2692428_0:0035b4|CP052041.1:128266-129052|+   -            263 191273               -            460  5.2e-144  470.6   0.7   1   1    6e-144    6e-144  470.4   0.7    13   248    23   263     3   263 0.93 <unknown description>
191273at5125_2773459_0:002a9b|CP052044.1:1230449-1230958|+ -            154 191273               -            460  6.1e-102  331.9   2.6   1   1  6.8e-102  6.8e-102  331.7   2.6   310   459     1   150     1   151 0.99 <unknown description>
191273at5125_2773459_0:002a9b|CP052040.1:5032466-5032975|+ -            154 191273               -            460  1.9e-101  330.2   2.6   1   1  2.2e-101  2.2e-101  330.1   2.6   310   459     1   150     1   151 0.99 <unknown description>
191273at5125_694270_0:000160|CP052041.1:128266-128809|+    -            182 191273               -            460   3.5e-89  289.8   0.3   1   1     4e-89     4e-89  289.6   0.3    13   167    23   182     3   182 0.90 <unknown description>
191273at5125_1089458_0:004586|CP052044.1:1230649-1230958|+ -            104 191273               -            460   2.9e-63  204.4   0.1   1   1   3.2e-63   3.2e-63  204.2   0.1   360   459     1   100     1   101 0.99 <unknown description>
191273at5125_1089457_0:004972|CP052040.1:5032666-5032975|+ -            104 191273               -            460   9.1e-63  202.7   0.1   1   1     1e-62     1e-62  202.6   0.1   360   459     1   100     1   101 0.98 <unknown description>
191273at5125_2885761_0:002726|CP052041.1:129438-129747|+   -            104 191273               -            460   3.8e-62  200.7   0.1   1   1   4.2e-62   4.2e-62  200.5   0.1   360   459     1   100     1   101 0.99 <unknown description>
191273at5125_983965_0:0015cb|CP052044.1:1230769-1230958|+  -             64 191273               -            460   5.1e-33  104.7   0.0   1   1   5.5e-33   5.5e-33  104.5   0.0   400   459     1    60     1    61 0.98 <unknown description>
191273at5125_983965_0:0015cb|CP052040.1:5032786-5032975|+  -             64 191273               -            460   1.6e-32  103.0   0.0   1   1   1.7e-32   1.7e-32  102.9   0.0   400   459     1    60     1    61 0.98 <unknown description>
#
# Program:         hmmsearch
# Version:         3.4 (Aug 2023)
# Pipeline mode:   SEARCH
# Query file:      /home/arafat/busco_downloads/lineages/hypocreales_odb12.2/hmms/191273at5125.hmm
# Target file:     /home/arafat/Foxy_SIX_Evolution/results/busco/GCA_013085055.1/run_hypocreales_odb12.2/miniprot_output/translated_proteins/191273at5125.faa
# Option settings: hmmsearch --domtblout /home/arafat/Foxy_SIX_Evolution/results/busco/GCA_013085055.1/run_hypocreales_odb12.2/hmmer_output/191273at5125.out --cpu 1 /home/arafat/busco_downloads/lineages/hypocreales_odb12.2/hmms/191273at5125.hmm /home/arafat/Foxy_SIX_Evolution/results/busco/GCA_013085055.1/run_hypocreales_odb12.2/miniprot_output/translated_proteins/191273at5125.faa 
# Current dir:     /home/arafat/Foxy_SIX_Evolution
# Date:            Thu Sep 24 15:52:58 2026
# [ok]
