#                                                                                                                  --- full sequence --- -------------- this domain -------------   hmm coord   ali coord   env coord
# target name                                              accession   tlen query name           accession   qlen   E-value  score  bias   #  of  c-Evalue  i-Evalue  score  bias  from    to  from    to  from    to  acc description of target
#                                      ------------------- ---------- ----- -------------------- ---------- ----- --------- ------ ----- --- --- --------- --------- ------ ----- ----- ----- ----- ----- ----- ----- ---- ---------------------
193974at5125_179993_0:0005c8|CP052042.1:2936679-2937680|+  -            174 193974               -             90   6.3e-49  152.8   0.3   1   2   1.2e-43   1.2e-43  136.0   0.0     1    79    65   144    65   149 0.94 <unknown description>
193974at5125_179993_0:0005c8|CP052042.1:2936679-2937680|+  -            174 193974               -             90   6.3e-49  152.8   0.3   2   2   6.3e-06   6.3e-06   15.1   0.1    75    90   156   171   154   171 0.94 <unknown description>
193974at5125_44412_0:0018d0|CP052042.1:2936863-2937602|+   -             87 193974               -             90   1.4e-44  139.0   0.0   1   1   1.5e-44   1.5e-44  138.9   0.0     1    79     4    83     4    87 0.95 <unknown description>
193974at5125_48865_0:000a6c|CP052042.1:2937370-2937680|+   -             88 193974               -             90     5e-39  121.1   0.6   1   2   1.6e-33   1.6e-33  103.5   0.1    24    79     2    58     1    63 0.92 <unknown description>
193974at5125_48865_0:000a6c|CP052042.1:2937370-2937680|+   -             88 193974               -             90     5e-39  121.1   0.6   2   2   2.3e-06   2.3e-06   16.4   0.1    75    90    70    85    68    85 0.94 <unknown description>
193974at5125_61374_0:0017e7|CP052042.1:2936899-2937778|+   -            112 193974               -             90   6.6e-39  120.7   0.1   1   1   7.9e-39   7.9e-39  120.5   0.1    10    78     1    70     1    82 0.93 <unknown description>
193974at5125_1649128_0:001597|CP052042.1:2936994-2937584|+ -             63 193974               -             90   7.1e-36  111.0   0.1   1   1   7.5e-36   7.5e-36  110.9   0.1    16    76     1    62     1    63 0.96 <unknown description>
193974at5125_1294630_0:001b8b|CP052042.1:2937370-2937584|+ -             56 193974               -             90   1.8e-33  103.3   0.1   1   1   1.9e-33   1.9e-33  103.3   0.1    24    76     2    55     1    56 0.95 <unknown description>
193974at5125_1610689_0:0002d1|CP052042.1:2937364-2937445|+ -             28 193974               -             90   9.8e-16   46.5   0.2   1   1     1e-15     1e-15   46.5   0.2    22    44     2    24     1    27 0.93 <unknown description>
#
# Program:         hmmsearch
# Version:         3.4 (Aug 2023)
# Pipeline mode:   SEARCH
# Query file:      /home/arafat/busco_downloads/lineages/hypocreales_odb12.2/hmms/193974at5125.hmm
# Target file:     /home/arafat/Foxy_SIX_Evolution/results/busco/GCA_013085055.1/run_hypocreales_odb12.2/miniprot_output/translated_proteins/193974at5125.faa
# Option settings: hmmsearch --domtblout /home/arafat/Foxy_SIX_Evolution/results/busco/GCA_013085055.1/run_hypocreales_odb12.2/hmmer_output/193974at5125.out --cpu 1 /home/arafat/busco_downloads/lineages/hypocreales_odb12.2/hmms/193974at5125.hmm /home/arafat/Foxy_SIX_Evolution/results/busco/GCA_013085055.1/run_hypocreales_odb12.2/miniprot_output/translated_proteins/193974at5125.faa 
# Current dir:     /home/arafat/Foxy_SIX_Evolution
# Date:            Thu Sep 24 15:53:07 2026
# [ok]
