#                                                                                                                  --- full sequence --- -------------- this domain -------------   hmm coord   ali coord   env coord
# target name                                              accession   tlen query name           accession   qlen   E-value  score  bias   #  of  c-Evalue  i-Evalue  score  bias  from    to  from    to  from    to  acc description of target
#                                      ------------------- ---------- ----- -------------------- ---------- ----- --------- ------ ----- --- --- --------- --------- ------ ----- ----- ----- ----- ----- ----- ----- ---- ---------------------
196794at5125_1344414_0:0006cf|CP052040.1:1580183-1591241|+ -            441 196794               -            356  1.2e-182  595.3   8.2   1   1  1.6e-182  1.6e-182  594.9   8.2     2   349    15   363    14   371 0.97 <unknown description>
196794at5125_1859967_0:000e3a|CP052040.1:1573192-1581868|+ -            553 196794               -            356  2.2e-182  594.4   8.1   1   1  2.7e-182  2.7e-182  594.1   8.1     2   349    43   391    42   400 0.97 <unknown description>
196794at5125_451672_0:0039af|CP052040.1:1580180-1581970|+  -            560 196794               -            356  2.3e-182  594.4   8.1   1   1  2.8e-182  2.8e-182  594.1   8.1     2   349    16   364    15   373 0.97 <unknown description>
196794at5125_33203_0:00061c|CP052040.1:1580261-1581688|+   -            430 196794               -            356  2.9e-179  584.2   9.6   1   1  3.4e-179  3.4e-179  584.0   9.6    14   349     1   337     1   346 0.98 <unknown description>
196794at5125_2773459_0:0030f7|CP052040.1:1580180-1581365|+ -            367 196794               -            356  1.3e-172  562.3   7.1   1   1  1.5e-172  1.5e-172  562.0   7.1     2   349    16   356    15   364 0.97 <unknown description>
196794at5125_1111077_0:001d31|CP052040.1:1580411-1581359|+ -            296 196794               -            356  1.9e-152  496.0   5.7   1   1  2.2e-152  2.2e-152  495.8   5.7    64   349     1   287     1   295 0.97 <unknown description>
196794at5125_1053134_0:00270e|CP052040.1:1580180-1580615|+ -            146 196794               -            356   1.9e-67  216.4   2.0   1   1   2.1e-67   2.1e-67  216.3   2.0     2   132    16   146    15   146 0.98 <unknown description>
196794at5125_2885761_0:000524|CP052040.1:1581209-1581970|+ -            238 196794               -            356   3.2e-15   44.6   0.0   1   1   4.1e-15   4.1e-15   44.2   0.0   308   349     1    42     1    51 0.88 <unknown description>
#
# Program:         hmmsearch
# Version:         3.4 (Aug 2023)
# Pipeline mode:   SEARCH
# Query file:      /home/arafat/busco_downloads/lineages/hypocreales_odb12.2/hmms/196794at5125.hmm
# Target file:     /home/arafat/Foxy_SIX_Evolution/results/busco/GCA_013085055.1/run_hypocreales_odb12.2/miniprot_output/translated_proteins/196794at5125.faa
# Option settings: hmmsearch --domtblout /home/arafat/Foxy_SIX_Evolution/results/busco/GCA_013085055.1/run_hypocreales_odb12.2/hmmer_output/196794at5125.out --cpu 1 /home/arafat/busco_downloads/lineages/hypocreales_odb12.2/hmms/196794at5125.hmm /home/arafat/Foxy_SIX_Evolution/results/busco/GCA_013085055.1/run_hypocreales_odb12.2/miniprot_output/translated_proteins/196794at5125.faa 
# Current dir:     /home/arafat/Foxy_SIX_Evolution
# Date:            Thu Sep 24 15:53:24 2026
# [ok]
