#                                                                                                                  --- full sequence --- -------------- this domain -------------   hmm coord   ali coord   env coord
# target name                                              accession   tlen query name           accession   qlen   E-value  score  bias   #  of  c-Evalue  i-Evalue  score  bias  from    to  from    to  from    to  acc description of target
#                                      ------------------- ---------- ----- -------------------- ---------- ----- --------- ------ ----- --- --- --------- --------- ------ ----- ----- ----- ----- ----- ----- ----- ---- ---------------------
198376at5125_72712_0:001201|CP052041.1:1358491-1360826|+   -            729 198376               -            484  5.3e-238  779.4  32.7   1   3  3.2e-146  3.2e-146  476.7   7.9     7   292    69   384    56   393 0.90 <unknown description>
198376at5125_72712_0:001201|CP052041.1:1358491-1360826|+   -            729 198376               -            484  5.3e-238  779.4  32.7   2   3   1.5e-42   1.5e-42  134.9   2.5   295   377   459   541   446   552 0.88 <unknown description>
198376at5125_72712_0:001201|CP052041.1:1358491-1360826|+   -            729 198376               -            484  5.3e-238  779.4  32.7   3   3   6.1e-54   6.1e-54  172.4   6.6   373   484   598   728   591   728 0.86 <unknown description>
198376at5125_1053134_0:002106|CP052041.1:1350360-1360826|+ -            737 198376               -            484  5.9e-238  779.2  32.8   1   3  3.3e-146  3.3e-146  476.7   7.9     7   292    77   392    64   401 0.90 <unknown description>
198376at5125_1053134_0:002106|CP052041.1:1350360-1360826|+ -            737 198376               -            484  5.9e-238  779.2  32.8   2   3   1.5e-42   1.5e-42  134.8   2.5   295   377   467   549   454   560 0.88 <unknown description>
198376at5125_1053134_0:002106|CP052041.1:1350360-1360826|+ -            737 198376               -            484  5.9e-238  779.2  32.8   3   3   6.3e-54   6.3e-54  172.3   6.6   373   484   606   736   599   736 0.86 <unknown description>
198376at5125_5507_1:0035ca|CP052041.1:1357107-1360826|+    -            877 198376               -            484  1.6e-237  777.8  32.5   1   3  4.9e-146  4.9e-146  476.1   8.0     8   292   218   532   204   541 0.90 <unknown description>
198376at5125_5507_1:0035ca|CP052041.1:1357107-1360826|+    -            877 198376               -            484  1.6e-237  777.8  32.5   2   3   1.9e-42   1.9e-42  134.5   2.5   295   377   607   689   594   700 0.88 <unknown description>
198376at5125_5507_1:0035ca|CP052041.1:1357107-1360826|+    -            877 198376               -            484  1.6e-237  777.8  32.5   3   3   6.7e-54   6.7e-54  172.2   6.3   373   484   746   876   738   876 0.86 <unknown description>
198376at5125_117187_0:0008be|CP052041.1:1358488-1360331|+  -            565 198376               -            484  5.7e-187  611.1  18.3   1   2  1.8e-146  1.8e-146  477.5   8.1     7   292    70   385    57   395 0.90 <unknown description>
198376at5125_117187_0:0008be|CP052041.1:1358488-1360331|+  -            565 198376               -            484  5.7e-187  611.1  18.3   2   2     1e-42     1e-42  135.4   2.5   295   377   460   542   447   553 0.88 <unknown description>
198376at5125_195108_0:0035bb|CP052041.1:1359301-1360826|+  -            493 198376               -            484  5.7e-156  508.9  27.9   1   3   2.1e-63   2.1e-63  203.6   3.0   166   292     1   148     1   159 0.89 <unknown description>
198376at5125_195108_0:0035bb|CP052041.1:1359301-1360826|+  -            493 198376               -            484  5.7e-156  508.9  27.9   2   3   8.2e-43   8.2e-43  135.7   2.5   295   377   223   305   210   316 0.88 <unknown description>
198376at5125_195108_0:0035bb|CP052041.1:1359301-1360826|+  -            493 198376               -            484  5.7e-156  508.9  27.9   3   3   3.9e-54   3.9e-54  173.0   6.9   373   484   362   492   355   492 0.86 <unknown description>
198376at5125_1147111_0:001977|CP052041.1:1358485-1359674|+ -            347 198376               -            484  2.6e-132  430.9   1.3   1   1  3.1e-132  3.1e-132  430.6   1.3     7   263    71   341    58   346 0.92 <unknown description>
198376at5125_1147111_0:00199f|CP052041.1:1359737-1360826|+ -            364 198376               -            484   1.6e-99  322.7  28.0   1   3   1.2e-07   1.2e-07   19.7   3.0   274   292     1    19     1    30 0.89 <unknown description>
198376at5125_1147111_0:00199f|CP052041.1:1359737-1360826|+ -            364 198376               -            484   1.6e-99  322.7  28.0   2   3   4.9e-43   4.9e-43  136.4   2.5   295   377    94   176    81   187 0.88 <unknown description>
198376at5125_1147111_0:00199f|CP052041.1:1359737-1360826|+ -            364 198376               -            484   1.6e-99  322.7  28.0   3   3   2.2e-54   2.2e-54  173.8   6.9   373   484   233   363   226   363 0.86 <unknown description>
198376at5125_2604345_0:00342d|CP052041.1:1360130-1360826|+ -            233 198376               -            484   3.7e-73  235.8  15.4   1   2   5.2e-20   5.2e-20   60.5   1.2   333   378     1    46     1    56 0.91 <unknown description>
198376at5125_2604345_0:00342d|CP052041.1:1360130-1360826|+ -            233 198376               -            484   3.7e-73  235.8  15.4   2   2   7.7e-55   7.7e-55  175.3   7.0   373   484   102   232    94   232 0.86 <unknown description>
#
# Program:         hmmsearch
# Version:         3.4 (Aug 2023)
# Pipeline mode:   SEARCH
# Query file:      /home/arafat/busco_downloads/lineages/hypocreales_odb12.2/hmms/198376at5125.hmm
# Target file:     /home/arafat/Foxy_SIX_Evolution/results/busco/GCA_013085055.1/run_hypocreales_odb12.2/miniprot_output/translated_proteins/198376at5125.faa
# Option settings: hmmsearch --domtblout /home/arafat/Foxy_SIX_Evolution/results/busco/GCA_013085055.1/run_hypocreales_odb12.2/hmmer_output/198376at5125.out --cpu 1 /home/arafat/busco_downloads/lineages/hypocreales_odb12.2/hmms/198376at5125.hmm /home/arafat/Foxy_SIX_Evolution/results/busco/GCA_013085055.1/run_hypocreales_odb12.2/miniprot_output/translated_proteins/198376at5125.faa 
# Current dir:     /home/arafat/Foxy_SIX_Evolution
# Date:            Thu Sep 24 15:53:10 2026
# [ok]
