#                                                                                                                  --- full sequence --- -------------- this domain -------------   hmm coord   ali coord   env coord
# target name                                              accession   tlen query name           accession   qlen   E-value  score  bias   #  of  c-Evalue  i-Evalue  score  bias  from    to  from    to  from    to  acc description of target
#                                      ------------------- ---------- ----- -------------------- ---------- ----- --------- ------ ----- --- --- --------- --------- ------ ----- ----- ----- ----- ----- ----- ----- ---- ---------------------
200245at5125_1080343_0:000a88|CP052040.1:1926584-1928323|- -            524 200245               -            462    2e-214  701.1   0.3   1   2  5.4e-141  5.4e-141  459.0   0.0     1   300     1   314     1   319 0.91 <unknown description>
200245at5125_1080343_0:000a88|CP052040.1:1926584-1928323|- -            524 200245               -            462    2e-214  701.1   0.3   2   2   9.9e-75   9.9e-75  240.6   0.1   286   461   329   509   312   510 0.92 <unknown description>
200245at5125_48495_0:003439|CP052040.1:1927034-1928323|-   -            374 200245               -            462  4.1e-158  515.5   0.2   1   2  1.8e-141  1.8e-141  460.6   0.0     1   300     1   314     1   324 0.91 <unknown description>
200245at5125_48495_0:003439|CP052040.1:1927034-1928323|-   -            374 200245               -            462  4.1e-158  515.5   0.2   2   2   6.5e-18   6.5e-18   53.3   0.1   286   330   329   373   317   374 0.91 <unknown description>
200245at5125_2039875_0:0008e8|CP052040.1:1926602-1927655|- -            352 200245               -            462  7.4e-127  412.4   4.3   1   2   5.2e-54   5.2e-54  172.3   0.7   169   300    16   148     7   153 0.88 <unknown description>
200245at5125_2039875_0:0008e8|CP052040.1:1926602-1927655|- -            352 200245               -            462  7.4e-127  412.4   4.3   2   2   3.9e-75   3.9e-75  241.9   0.2   286   461   163   343   146   344 0.92 <unknown description>
200245at5125_117187_0:001203|CP052040.1:1927654-1928323|-  -            185 200245               -            462   1.6e-86  279.5   0.0   1   1   1.7e-86   1.7e-86  279.3   0.0     1   172     1   181     1   184 0.93 <unknown description>
200245at5125_485398_0:00204b|CP052040.1:1927450-1928323|-  -            173 200245               -            462   3.1e-79  255.5   0.0   1   1   3.5e-79   3.5e-79  255.3   0.0     1   149     1   158     1   168 0.91 <unknown description>
200245at5125_61235_0:00007e|CP052040.1:1926584-1927283|-   -            234 200245               -            462   7.8e-76  244.2   0.1   1   1   9.2e-76   9.2e-76  244.0   0.1   286   461    39   219    17   220 0.91 <unknown description>
200245at5125_1042133_0:000ba2|CP052040.1:1927886-1928323|- -            127 200245               -            462   2.1e-64  206.6   0.1   1   1   2.5e-64   2.5e-64  206.3   0.1     1   117     1   125     1   126 0.93 <unknown description>
#
# Program:         hmmsearch
# Version:         3.4 (Aug 2023)
# Pipeline mode:   SEARCH
# Query file:      /home/arafat/busco_downloads/lineages/hypocreales_odb12.2/hmms/200245at5125.hmm
# Target file:     /home/arafat/Foxy_SIX_Evolution/results/busco/GCA_013085055.1/run_hypocreales_odb12.2/miniprot_output/translated_proteins/200245at5125.faa
# Option settings: hmmsearch --domtblout /home/arafat/Foxy_SIX_Evolution/results/busco/GCA_013085055.1/run_hypocreales_odb12.2/hmmer_output/200245at5125.out --cpu 1 /home/arafat/busco_downloads/lineages/hypocreales_odb12.2/hmms/200245at5125.hmm /home/arafat/Foxy_SIX_Evolution/results/busco/GCA_013085055.1/run_hypocreales_odb12.2/miniprot_output/translated_proteins/200245at5125.faa 
# Current dir:     /home/arafat/Foxy_SIX_Evolution
# Date:            Thu Sep 24 15:53:17 2026
# [ok]
