#                                                                                                                 --- full sequence --- -------------- this domain -------------   hmm coord   ali coord   env coord
# target name                                             accession   tlen query name           accession   qlen   E-value  score  bias   #  of  c-Evalue  i-Evalue  score  bias  from    to  from    to  from    to  acc description of target
#                                     ------------------- ---------- ----- -------------------- ---------- ----- --------- ------ ----- --- --- --------- --------- ------ ----- ----- ----- ----- ----- ----- ----- ---- ---------------------
20148at5125_1080343_0:0005e6|CP052041.1:3515705-3516748|- -            329 20148                -            297  6.5e-181  588.5   0.0   1   1  7.6e-181  7.6e-181  588.3   0.0    22   297    53   328    31   328 0.96 <unknown description>
20148at5125_5507_5:001b8c|CP052041.1:3515705-3517065|-    -            411 20148                -            297  1.3e-180  587.5   0.0   1   1  1.7e-180  1.7e-180  587.1   0.0    22   297   135   410   114   410 0.96 <unknown description>
20148at5125_195108_0:003024|CP052041.1:3515705-3516460|-  -            233 20148                -            297  2.2e-156  507.9   0.0   1   1  2.5e-156  2.5e-156  507.8   0.0    66   297     1   232     1   232 1.00 <unknown description>
20148at5125_911162_0:0005ac|CP052041.1:3515705-3516257|-  -            185 20148                -            297  1.1e-120  390.7   0.0   1   1  1.3e-120  1.3e-120  390.5   0.0   115   297     2   184     1   184 0.99 <unknown description>
20148at5125_2692428_0:002a8b|CP052041.1:3515780-3516095|- -            106 20148                -            297   1.7e-72  232.5   0.0   1   1   1.8e-72   1.8e-72  232.4   0.0   168   273     1   106     1   106 0.99 <unknown description>
20148at5125_1245745_0:001041|CP052041.1:3515705-3515966|- -             88 20148                -            297   1.5e-57  183.5   0.0   1   1   1.6e-57   1.6e-57  183.3   0.0   211   297     1    87     1    87 0.99 <unknown description>
20148at5125_195108_0:001b85|CP052041.1:3515813-3516026|-  -             72 20148                -            297   2.8e-49  156.3   0.0   1   1     3e-49     3e-49  156.2   0.0   191   262     1    72     1    72 0.99 <unknown description>
#
# Program:         hmmsearch
# Version:         3.4 (Aug 2023)
# Pipeline mode:   SEARCH
# Query file:      /home/arafat/busco_downloads/lineages/hypocreales_odb12.2/hmms/20148at5125.hmm
# Target file:     /home/arafat/Foxy_SIX_Evolution/results/busco/GCA_013085055.1/run_hypocreales_odb12.2/miniprot_output/translated_proteins/20148at5125.faa
# Option settings: hmmsearch --domtblout /home/arafat/Foxy_SIX_Evolution/results/busco/GCA_013085055.1/run_hypocreales_odb12.2/hmmer_output/20148at5125.out --cpu 1 /home/arafat/busco_downloads/lineages/hypocreales_odb12.2/hmms/20148at5125.hmm /home/arafat/Foxy_SIX_Evolution/results/busco/GCA_013085055.1/run_hypocreales_odb12.2/miniprot_output/translated_proteins/20148at5125.faa 
# Current dir:     /home/arafat/Foxy_SIX_Evolution
# Date:            Thu Sep 24 15:53:23 2026
# [ok]
