#                                                                                                                  --- full sequence --- -------------- this domain -------------   hmm coord   ali coord   env coord
# target name                                              accession   tlen query name           accession   qlen   E-value  score  bias   #  of  c-Evalue  i-Evalue  score  bias  from    to  from    to  from    to  acc description of target
#                                      ------------------- ---------- ----- -------------------- ---------- ----- --------- ------ ----- --- --- --------- --------- ------ ----- ----- ----- ----- ----- ----- ----- ---- ---------------------
202131at5125_660027_0:00262f|CP052043.1:2479863-2482227|-  -            789 202131               -            657         0 1067.7  24.3   1   3   3.3e-42   3.3e-42  133.7   2.0     1    99     9   125     9   131 0.85 <unknown description>
202131at5125_660027_0:00262f|CP052043.1:2479863-2482227|-  -            789 202131               -            657         0 1067.7  24.3   2   3  1.3e-276  1.3e-276  908.2   3.8    99   632   147   726   143   726 0.90 <unknown description>
202131at5125_660027_0:00262f|CP052043.1:2479863-2482227|-  -            789 202131               -            657         0 1067.7  24.3   3   3   2.7e-18   2.7e-18   54.7   3.2   587   657   711   782   711   782 0.87 <unknown description>
202131at5125_1567552_0:00317f|CP052043.1:2479866-2485806|- -           1280 202131               -            657         0 1064.3  24.2   1   3   5.9e-42   5.9e-42  132.8   1.9     1    99   501   617   501   624 0.85 <unknown description>
202131at5125_1567552_0:00317f|CP052043.1:2479866-2485806|- -           1280 202131               -            657         0 1064.3  24.2   2   3  4.2e-276  4.2e-276  906.5   3.6    98   632   638  1218   634  1218 0.90 <unknown description>
202131at5125_1567552_0:00317f|CP052043.1:2479866-2485806|- -           1280 202131               -            657         0 1064.3  24.2   3   3   1.9e-18   1.9e-18   55.2   3.4   586   657  1202  1274  1202  1274 0.86 <unknown description>
202131at5125_2039875_0:00081c|CP052043.1:2479869-2487697|- -           1506 202131               -            657         0 1062.8  24.2   1   3   6.8e-42   6.8e-42  132.6   1.9     1    99   728   844   728   853 0.85 <unknown description>
202131at5125_2039875_0:00081c|CP052043.1:2479869-2487697|- -           1506 202131               -            657         0 1062.8  24.2   2   3  6.4e-276  6.4e-276  905.9   3.7    98   632   865  1445   861  1445 0.90 <unknown description>
202131at5125_2039875_0:00081c|CP052043.1:2479869-2487697|- -           1506 202131               -            657         0 1062.8  24.2   3   3   2.3e-18   2.3e-18   54.9   3.4   586   657  1429  1501  1429  1501 0.86 <unknown description>
202131at5125_2824670_0:004f73|CP052043.1:2479863-2481693|- -            611 202131               -            657  3.6e-277  910.0  12.8   1   2  3.6e-264  3.6e-264  867.1   2.2   126   631     1   547     1   547 0.90 <unknown description>
202131at5125_2824670_0:004f73|CP052043.1:2479863-2481693|- -            611 202131               -            657  3.6e-277  910.0  12.8   2   2   6.1e-19   6.1e-19   56.8   3.1   586   657   532   604   532   604 0.86 <unknown description>
202131at5125_63577_0:0022cc|CP052043.1:2480589-2482227|-   -            547 202131               -            657  4.2e-231  757.8   6.8   1   2   2.8e-42   2.8e-42  133.9   2.6     1    99     9   125     9   130 0.85 <unknown description>
202131at5125_63577_0:0022cc|CP052043.1:2480589-2482227|-   -            547 202131               -            657  4.2e-231  757.8   6.8   2   2    4e-191    4e-191  625.7   0.1    99   456   147   533   143   541 0.91 <unknown description>
202131at5125_2773459_0:001827|CP052043.1:2479863-2481210|- -            450 202131               -            657  1.3e-205  673.6  23.5   1   2    1e-191    1e-191  627.7  12.3   271   632     1   387     1   387 0.91 <unknown description>
202131at5125_2773459_0:001827|CP052043.1:2479863-2481210|- -            450 202131               -            657  1.3e-205  673.6  23.5   2   2   8.2e-20   8.2e-20   59.7   3.4   585   657   370   443   369   443 0.86 <unknown description>
202131at5125_2004952_0:0007da|CP052043.1:2480226-2481231|- -            336 202131               -            657  5.8e-176  575.6   5.9   1   1  7.5e-176  7.5e-176  575.3   5.9   264   575     1   335     1   336 0.91 <unknown description>
202131at5125_2692428_0:002aa5|CP052043.1:2481111-2482227|- -            373 202131               -            657  5.1e-144  470.1   5.1   1   2   1.4e-42   1.4e-42  134.9   2.6     1    99     9   125     9   130 0.85 <unknown description>
202131at5125_2692428_0:002aa5|CP052043.1:2481111-2482227|- -            373 202131               -            657  5.1e-144  470.1   5.1   2   2    3e-103    3e-103  335.4   0.0    99   304   147   373   143   373 0.90 <unknown description>
202131at5125_2692428_0:002bdd|CP052043.1:2479863-2480790|- -            310 202131               -            657  3.7e-124  404.5  15.5   1   2  4.8e-111  4.8e-111  361.1   4.4   403   632     1   247     1   247 0.89 <unknown description>
202131at5125_2692428_0:002bdd|CP052043.1:2479863-2480790|- -            310 202131               -            657  3.7e-124  404.5  15.5   2   2   7.3e-19   7.3e-19   56.5   3.2   587   657   232   303   232   303 0.87 <unknown description>
202131at5125_2773459_0:002fc7|CP052043.1:2481705-2482227|- -            175 202131               -            657   4.1e-45  143.3  10.9   1   2     5e-42     5e-42  133.1   7.0     1    99     9   125     9   130 0.85 <unknown description>
202131at5125_2773459_0:002fc7|CP052043.1:2481705-2482227|- -            175 202131               -            657   4.1e-45  143.3  10.9   2   2   3.3e-05   3.3e-05   11.4   0.1    98   122   146   175   143   175 0.82 <unknown description>
#
# Program:         hmmsearch
# Version:         3.4 (Aug 2023)
# Pipeline mode:   SEARCH
# Query file:      /home/arafat/busco_downloads/lineages/hypocreales_odb12.2/hmms/202131at5125.hmm
# Target file:     /home/arafat/Foxy_SIX_Evolution/results/busco/GCA_013085055.1/run_hypocreales_odb12.2/miniprot_output/translated_proteins/202131at5125.faa
# Option settings: hmmsearch --domtblout /home/arafat/Foxy_SIX_Evolution/results/busco/GCA_013085055.1/run_hypocreales_odb12.2/hmmer_output/202131at5125.out --cpu 1 /home/arafat/busco_downloads/lineages/hypocreales_odb12.2/hmms/202131at5125.hmm /home/arafat/Foxy_SIX_Evolution/results/busco/GCA_013085055.1/run_hypocreales_odb12.2/miniprot_output/translated_proteins/202131at5125.faa 
# Current dir:     /home/arafat/Foxy_SIX_Evolution
# Date:            Thu Sep 24 15:53:26 2026
# [ok]
