#                                                                                                                  --- full sequence --- -------------- this domain -------------   hmm coord   ali coord   env coord
# target name                                              accession   tlen query name           accession   qlen   E-value  score  bias   #  of  c-Evalue  i-Evalue  score  bias  from    to  from    to  from    to  acc description of target
#                                      ------------------- ---------- ----- -------------------- ---------- ----- --------- ------ ----- --- --- --------- --------- ------ ----- ----- ----- ----- ----- ----- ----- ---- ---------------------
202111at5125_660027_0:000dd2|CP052039.1:4159231-4162423|-  -           1065 202111               -            839         0 1302.5 156.2   1   4   2.7e-88   2.7e-88  284.9  69.3     1   220    29   265    29   267 0.84 <unknown description>
202111at5125_660027_0:000dd2|CP052039.1:4159231-4162423|-  -           1065 202111               -            839         0 1302.5 156.2   2   4   1.6e-47   1.6e-47  150.0  53.0   171   334   255   449   249   450 0.83 <unknown description>
202111at5125_660027_0:000dd2|CP052039.1:4159231-4162423|-  -           1065 202111               -            839         0 1302.5 156.2   3   4         4         4  -15.3  33.0   180   243   445   510   442   521 0.48 <unknown description>
202111at5125_660027_0:000dd2|CP052039.1:4159231-4162423|-  -           1065 202111               -            839         0 1302.5 156.2   4   4    5e-270    5e-270  886.0   0.0   329   838   525  1061   517  1062 0.94 <unknown description>
202111at5125_48484_0:000257|CP052039.1:4159231-4163686|-   -           1144 202111               -            839         0 1301.7 156.2   1   4     4e-88     4e-88  284.3  70.0     1   220   108   344   108   347 0.84 <unknown description>
202111at5125_48484_0:000257|CP052039.1:4159231-4163686|-   -           1144 202111               -            839         0 1301.7 156.2   2   4   1.8e-47   1.8e-47  149.8  53.0   171   334   334   528   328   529 0.83 <unknown description>
202111at5125_48484_0:000257|CP052039.1:4159231-4163686|-   -           1144 202111               -            839         0 1301.7 156.2   3   4         4         4  -15.9  34.1   179   243   524   589   520   605 0.50 <unknown description>
202111at5125_48484_0:000257|CP052039.1:4159231-4163686|-   -           1144 202111               -            839         0 1301.7 156.2   4   4  5.9e-270  5.9e-270  885.8   0.0   329   838   604  1140   596  1141 0.94 <unknown description>
202111at5125_1229664_0:001c81|CP052039.1:4159231-4161202|- -            658 202111               -            839  5.1e-278  912.5   7.0   1   3   6.3e-12   6.3e-12   32.2   5.6   296   335     4    43     1    45 0.91 <unknown description>
202111at5125_1229664_0:001c81|CP052039.1:4159231-4161202|- -            658 202111               -            839  5.1e-278  912.5   7.0   2   3         4         4  -14.1  33.2   179   243    38   103    34   117 0.50 <unknown description>
202111at5125_1229664_0:001c81|CP052039.1:4159231-4161202|- -            658 202111               -            839  5.1e-278  912.5   7.0   3   3  1.2e-270  1.2e-270  888.1   0.0   329   838   118   654   111   655 0.94 <unknown description>
202111at5125_93591_0:001646|CP052039.1:4159231-4160728|-   -            500 202111               -            839  9.7e-268  878.5   0.1   1   1  1.2e-267  1.2e-267  878.2   0.1   366   838    14   496     2   497 0.96 <unknown description>
#
# Program:         hmmsearch
# Version:         3.4 (Aug 2023)
# Pipeline mode:   SEARCH
# Query file:      /home/arafat/busco_downloads/lineages/hypocreales_odb12.2/hmms/202111at5125.hmm
# Target file:     /home/arafat/Foxy_SIX_Evolution/results/busco/GCA_013085055.1/run_hypocreales_odb12.2/miniprot_output/translated_proteins/202111at5125.faa
# Option settings: hmmsearch --domtblout /home/arafat/Foxy_SIX_Evolution/results/busco/GCA_013085055.1/run_hypocreales_odb12.2/hmmer_output/202111at5125.out --cpu 1 /home/arafat/busco_downloads/lineages/hypocreales_odb12.2/hmms/202111at5125.hmm /home/arafat/Foxy_SIX_Evolution/results/busco/GCA_013085055.1/run_hypocreales_odb12.2/miniprot_output/translated_proteins/202111at5125.faa 
# Current dir:     /home/arafat/Foxy_SIX_Evolution
# Date:            Thu Sep 24 15:53:25 2026
# [ok]
