#                                                                                                                  --- full sequence --- -------------- this domain -------------   hmm coord   ali coord   env coord
# target name                                              accession   tlen query name           accession   qlen   E-value  score  bias   #  of  c-Evalue  i-Evalue  score  bias  from    to  from    to  from    to  acc description of target
#                                      ------------------- ---------- ----- -------------------- ---------- ----- --------- ------ ----- --- --- --------- --------- ------ ----- ----- ----- ----- ----- ----- ----- ---- ---------------------
202245at5125_5507_5:00153e|CP052040.1:3415794-3421695|+    -           1688 202245               -            828         0 1288.4  24.1   1   3  7.8e-299  7.8e-299  982.7   0.3     5   500   496   995   492  1013 0.96 <unknown description>
202245at5125_5507_5:00153e|CP052040.1:3415794-3421695|+    -           1688 202245               -            828         0 1288.4  24.1   2   3   7.2e-88   7.2e-88  284.8   6.3   500   770  1272  1569  1237  1581 0.82 <unknown description>
202245at5125_5507_5:00153e|CP052040.1:3415794-3421695|+    -           1688 202245               -            828         0 1288.4  24.1   3   3   8.3e-11   8.3e-11   29.9   4.0   767   822  1598  1661  1580  1672 0.75 <unknown description>
202245at5125_660027_0:00146f|CP052040.1:3417423-3421695|+  -           1344 202245               -            828         0 1278.4  35.5   1   4         9         9   -6.9   3.6   679   694    91   106    46   147 0.37 <unknown description>
202245at5125_660027_0:00146f|CP052040.1:3417423-3421695|+  -           1344 202245               -            828         0 1278.4  35.5   2   4  4.9e-299  4.9e-299  983.4   0.3     5   500   152   651   148   669 0.96 <unknown description>
202245at5125_660027_0:00146f|CP052040.1:3417423-3421695|+  -           1344 202245               -            828         0 1278.4  35.5   3   4     5e-88     5e-88  285.4   6.3   500   770   928  1225   893  1237 0.82 <unknown description>
202245at5125_660027_0:00146f|CP052040.1:3417423-3421695|+  -           1344 202245               -            828         0 1278.4  35.5   4   4   6.3e-11   6.3e-11   30.3   4.0   767   822  1254  1317  1236  1328 0.75 <unknown description>
202245at5125_1080343_0:000961|CP052040.1:3417423-3419544|+ -            708 202245               -            828  1.7e-299  984.9   1.3   1   1  1.7e-299  1.7e-299  984.9   1.3     5   500   152   651   148   670 0.96 <unknown description>
202245at5125_413071_0:002fb6|CP052040.1:3417894-3419421|+  -            510 202245               -            828  3.1e-299  984.0   0.6   1   1  3.7e-299  3.7e-299  983.8   0.6    12   500     2   494     1   506 0.97 <unknown description>
202245at5125_61284_0:00141b|CP052040.1:3417423-3420305|+   -            880 202245               -            828  3.6e-299  983.8   1.4   1   1  3.6e-299  3.6e-299  983.8   1.4     5   500   152   651   146   668 0.96 <unknown description>
202245at5125_490622_0:00269f|CP052040.1:3415794-3420501|+  -           1352 202245               -            828    5e-299  983.3   0.3   1   2         9         9   -6.7   3.6   678   695   496   513   449   553 0.36 <unknown description>
202245at5125_490622_0:00269f|CP052040.1:3415794-3420501|+  -           1352 202245               -            828    5e-299  983.3   0.3   2   2    5e-299    5e-299  983.3   0.3     5   500   558  1057   554  1075 0.96 <unknown description>
202245at5125_1331945_0:002d37|CP052040.1:3415794-3419421|+ -           1030 202245               -            828  6.4e-299  983.0   1.4   1   2         9         9   -8.5   9.7   525   734   298   510   243   513 0.62 <unknown description>
202245at5125_1331945_0:002d37|CP052040.1:3415794-3419421|+ -           1030 202245               -            828  6.4e-299  983.0   1.4   2   2  6.4e-299  6.4e-299  983.0   1.4     5   499   515  1013   511  1026 0.96 <unknown description>
202245at5125_101201_0:000f80|CP052040.1:3417456-3419124|+  -            557 202245               -            828  3.4e-274  901.2   4.3   1   2      0.34      0.34   -1.9   0.7   649   731    50   133    33   139 0.38 <unknown description>
202245at5125_101201_0:000f80|CP052040.1:3417456-3419124|+  -            557 202245               -            828  3.4e-274  901.2   4.3   2   2  3.4e-274  3.4e-274  901.2   4.3     5   421   141   557   137   557 0.99 <unknown description>
202245at5125_150374_0:0003d5|CP052040.1:3418005-3419133|+  -            377 202245               -            828  7.8e-253  830.5   4.7   1   1  8.7e-253  8.7e-253  830.4   4.7    48   424     1   377     1   377 1.00 <unknown description>
#
# Program:         hmmsearch
# Version:         3.4 (Aug 2023)
# Pipeline mode:   SEARCH
# Query file:      /home/arafat/busco_downloads/lineages/hypocreales_odb12.2/hmms/202245at5125.hmm
# Target file:     /home/arafat/Foxy_SIX_Evolution/results/busco/GCA_013085055.1/run_hypocreales_odb12.2/miniprot_output/translated_proteins/202245at5125.faa
# Option settings: hmmsearch --domtblout /home/arafat/Foxy_SIX_Evolution/results/busco/GCA_013085055.1/run_hypocreales_odb12.2/hmmer_output/202245at5125.out --cpu 1 /home/arafat/busco_downloads/lineages/hypocreales_odb12.2/hmms/202245at5125.hmm /home/arafat/Foxy_SIX_Evolution/results/busco/GCA_013085055.1/run_hypocreales_odb12.2/miniprot_output/translated_proteins/202245at5125.faa 
# Current dir:     /home/arafat/Foxy_SIX_Evolution
# Date:            Thu Sep 24 15:53:27 2026
# [ok]
