#                                                                                                                --- full sequence --- -------------- this domain -------------   hmm coord   ali coord   env coord
# target name                                            accession   tlen query name           accession   qlen   E-value  score  bias   #  of  c-Evalue  i-Evalue  score  bias  from    to  from    to  from    to  acc description of target
#                                    ------------------- ---------- ----- -------------------- ---------- ----- --------- ------ ----- --- --- --------- --------- ------ ----- ----- ----- ----- ----- ----- ----- ---- ---------------------
202406at5125_48865_0:00340d|CP052046.1:772059-773550|-   -            478 202406               -            396    4e-252  825.0   0.0   1   2    4e-252    4e-252  825.0   0.0     1   394     1   400     1   402 0.98 <unknown description>
202406at5125_48865_0:00340d|CP052046.1:772059-773550|-   -            478 202406               -            396    4e-252  825.0   0.0   2   2         9         9   -8.0   5.4   187   384   423   458   411   469 0.42 <unknown description>
202406at5125_451672_0:003271|CP052046.1:771677-773550|-  -            591 202406               -            396    8e-252  824.0   0.0   1   2    8e-252    8e-252  824.0   0.0     1   394     1   400     1   402 0.98 <unknown description>
202406at5125_451672_0:003271|CP052046.1:771677-773550|-  -            591 202406               -            396    8e-252  824.0   0.0   2   2         9         9   -7.6   4.2   185   381   421   455   412   467 0.40 <unknown description>
202406at5125_1330021_0:0019e8|CP052046.1:772041-776670|- -            687 202406               -            396  1.2e-251  823.3   0.0   1   2  1.2e-251  1.2e-251  823.3   0.0     1   394   204   603   204   605 0.98 <unknown description>
202406at5125_1330021_0:0019e8|CP052046.1:772041-776670|- -            687 202406               -            396  1.2e-251  823.3   0.0   2   2         9         9   -8.0   4.3   191   383   630   660   616   671 0.41 <unknown description>
202406at5125_660027_0:003036|CP052046.1:771103-773820|-  -            783 202406               -            396  5.7e-246  804.7   0.0   1   1  7.3e-246  7.3e-246  804.3   0.0     1   382    70   456    70   470 0.97 <unknown description>
202406at5125_660025_0:0031a2|CP052046.1:771103-774802|-  -            800 202406               -            396    6e-246  804.6   0.0   1   1  7.7e-246  7.7e-246  804.3   0.0     1   382    87   473    87   487 0.97 <unknown description>
202406at5125_1247861_0:002708|CP052046.1:765761-776688|- -            933 202406               -            396  1.1e-244  800.5   0.0   1   1  1.9e-244  1.9e-244  799.7   0.0     1   369   164   537   164   547 0.98 <unknown description>
202406at5125_2692428_0:003175|CP052046.1:772500-773046|- -            183 202406               -            396  3.4e-123  400.4   0.6   1   1  3.8e-123  3.8e-123  400.3   0.6   147   329     1   183     1   183 1.00 <unknown description>
202406at5125_1399860_1:001b67|CP052046.1:772044-772845|- -            268 202406               -            396  3.8e-110  357.4   1.6   1   2  3.8e-110  3.8e-110  357.4   1.6   214   394     1   185     1   187 0.96 <unknown description>
202406at5125_1399860_1:001b67|CP052046.1:772044-772845|- -            268 202406               -            396  3.8e-110  357.4   1.6   2   2         9         9   -7.5   6.4   190   384   211   243   195   256 0.43 <unknown description>
202406at5125_468837_0:0001fd|CP052046.1:772242-772701|-  -            154 202406               -            396   3.6e-76  245.6   5.1   1   1   4.4e-76   4.4e-76  245.3   5.1   262   394     1   137     1   139 0.95 <unknown description>
#
# Program:         hmmsearch
# Version:         3.4 (Aug 2023)
# Pipeline mode:   SEARCH
# Query file:      /home/arafat/busco_downloads/lineages/hypocreales_odb12.2/hmms/202406at5125.hmm
# Target file:     /home/arafat/Foxy_SIX_Evolution/results/busco/GCA_013085055.1/run_hypocreales_odb12.2/miniprot_output/translated_proteins/202406at5125.faa
# Option settings: hmmsearch --domtblout /home/arafat/Foxy_SIX_Evolution/results/busco/GCA_013085055.1/run_hypocreales_odb12.2/hmmer_output/202406at5125.out --cpu 1 /home/arafat/busco_downloads/lineages/hypocreales_odb12.2/hmms/202406at5125.hmm /home/arafat/Foxy_SIX_Evolution/results/busco/GCA_013085055.1/run_hypocreales_odb12.2/miniprot_output/translated_proteins/202406at5125.faa 
# Current dir:     /home/arafat/Foxy_SIX_Evolution
# Date:            Thu Sep 24 15:53:28 2026
# [ok]
