#                                                                                                                  --- full sequence --- -------------- this domain -------------   hmm coord   ali coord   env coord
# target name                                              accession   tlen query name           accession   qlen   E-value  score  bias   #  of  c-Evalue  i-Evalue  score  bias  from    to  from    to  from    to  acc description of target
#                                      ------------------- ---------- ----- -------------------- ---------- ----- --------- ------ ----- --- --- --------- --------- ------ ----- ----- ----- ----- ----- ----- ----- ---- ---------------------
202792at5125_1080343_0:0005fb|CP052041.1:4241819-4242900|+ -            308 202792               -            210  1.1e-113  365.9  11.8   1   2   3.3e-97   3.3e-97  312.1   2.0     1   154     1   155     1   163 0.97 <unknown description>
202792at5125_1080343_0:0005fb|CP052041.1:4241819-4242900|+ -            308 202792               -            210  1.1e-113  365.9  11.8   2   2   5.2e-19   5.2e-19   56.6   2.5   161   209   242   302   224   303 0.82 <unknown description>
202792at5125_327505_0:000b20|CP052041.1:4241819-4243724|+  -            283 202792               -            210  1.8e-102  329.3   2.2   1   2   2.4e-97   2.4e-97  312.6   1.9     1   154     1   155     1   164 0.97 <unknown description>
202792at5125_327505_0:000b20|CP052041.1:4241819-4243724|+  -            283 202792               -            210  1.8e-102  329.3   2.2   2   2   2.7e-06   2.7e-06   15.1   0.0   161   181   242   262   224   269 0.83 <unknown description>
202792at5125_78861_0:0028e7|CP052041.1:4241819-4242643|+   -            224 202792               -            210   9.9e-98  313.8   1.9   1   1   1.2e-97   1.2e-97  313.5   1.9     1   154     1   155     1   164 0.97 <unknown description>
202792at5125_123648_0:001871|CP052041.1:4241819-4242443|+  -            190 202792               -            210   8.5e-92  294.4   4.2   1   2   8.2e-13   8.2e-13   36.4   0.1     1    24     1    24     1    32 0.95 <unknown description>
202792at5125_123648_0:001871|CP052041.1:4241819-4242443|+  -            190 202792               -            210   8.5e-92  294.4   4.2   2   2   5.6e-81   5.6e-81  259.1   1.3    23   154    41   173    35   181 0.96 <unknown description>
#
# Program:         hmmsearch
# Version:         3.4 (Aug 2023)
# Pipeline mode:   SEARCH
# Query file:      /home/arafat/busco_downloads/lineages/hypocreales_odb12.2/hmms/202792at5125.hmm
# Target file:     /home/arafat/Foxy_SIX_Evolution/results/busco/GCA_013085055.1/run_hypocreales_odb12.2/miniprot_output/translated_proteins/202792at5125.faa
# Option settings: hmmsearch --domtblout /home/arafat/Foxy_SIX_Evolution/results/busco/GCA_013085055.1/run_hypocreales_odb12.2/hmmer_output/202792at5125.out --cpu 1 /home/arafat/busco_downloads/lineages/hypocreales_odb12.2/hmms/202792at5125.hmm /home/arafat/Foxy_SIX_Evolution/results/busco/GCA_013085055.1/run_hypocreales_odb12.2/miniprot_output/translated_proteins/202792at5125.faa 
# Current dir:     /home/arafat/Foxy_SIX_Evolution
# Date:            Thu Sep 24 15:53:29 2026
# [ok]
