#                                                                                                                  --- full sequence --- -------------- this domain -------------   hmm coord   ali coord   env coord
# target name                                              accession   tlen query name           accession   qlen   E-value  score  bias   #  of  c-Evalue  i-Evalue  score  bias  from    to  from    to  from    to  acc description of target
#                                      ------------------- ---------- ----- -------------------- ---------- ----- --------- ------ ----- --- --- --------- --------- ------ ----- ----- ----- ----- ----- ----- ----- ---- ---------------------
203184at5125_1089448_0:0012bd|CP052042.1:1870785-1875181|+ -           1414 203184               -           1000         0 1649.7  59.2   1   2   7.6e-26   7.6e-26   79.3  10.3    14   103   255   362   238   377 0.77 <unknown description>
203184at5125_1089448_0:0012bd|CP052042.1:1870785-1875181|+ -           1414 203184               -           1000         0 1649.7  59.2   2   2         0         0 1571.4  41.8    92  1000   377  1413   369  1413 0.87 <unknown description>
203184at5125_911162_0:0013e8|CP052042.1:1871896-1875181|+  -           1096 203184               -           1000         0 1610.8  53.8   1   2   6.5e-14   6.5e-14   39.8   4.1    66   103     7    44     1    59 0.77 <unknown description>
203184at5125_911162_0:0013e8|CP052042.1:1871896-1875181|+  -           1096 203184               -           1000         0 1610.8  53.8   2   2         0         0 1572.2  42.2    92  1000    59  1095    52  1095 0.87 <unknown description>
203184at5125_2686198_0:0015cf|CP052042.1:1873129-1875181|+ -            685 203184               -           1000         0 1248.5   1.2   1   1         0         0 1246.4   1.2   384  1000     1   684     1   684 0.91 <unknown description>
203184at5125_431241_0:001d70|CP052042.1:1873711-1875031|+  -            441 203184               -           1000  1.1e-294  969.2  10.7   1   1  6.9e-294  6.9e-294  966.6  10.7   545   953     1   440     1   441 0.96 <unknown description>
203184at5125_61284_0:000303|CP052042.1:1871077-1874056|+   -            994 203184               -           1000  2.9e-271  891.7  54.7   1   2   5.6e-26   5.6e-26   79.7  10.5    14   103   210   317   193   332 0.77 <unknown description>
203184at5125_61284_0:000303|CP052042.1:1871077-1874056|+   -            994 203184               -           1000  2.9e-271  891.7  54.7   2   2  1.1e-247  1.1e-247  813.6  37.1    92   657   332   991   324   993 0.83 <unknown description>
203184at5125_2604345_0:001cab|CP052042.1:1873297-1874578|+ -            428 203184               -           1000  1.2e-261  859.8   3.9   1   1  8.3e-261  8.3e-261  857.1   3.9   432   817    11   428     3   428 0.95 <unknown description>
203184at5125_2692428_0:0033f6|CP052042.1:1873774-1874602|+ -            277 203184               -           1000  2.9e-200  656.7   8.9   1   1  2.6e-199  2.6e-199  653.5   8.9   566   825     1   277     1   277 0.99 <unknown description>
203184at5125_5516_0:0014d4|CP052042.1:1870785-1873093|+    -            718 203184               -           1000  1.7e-116  379.3  54.8   1   3         9         9   -7.6   4.3    63   972   129   162   116   188 0.39 <unknown description>
203184at5125_5516_0:0014d4|CP052042.1:1870785-1873093|+    -            718 203184               -           1000  1.7e-116  379.3  54.8   2   3   3.5e-26   3.5e-26   80.4  10.6    13   103   254   362   237   377 0.76 <unknown description>
203184at5125_5516_0:0014d4|CP052042.1:1870785-1873093|+    -            718 203184               -           1000  1.7e-116  379.3  54.8   3   3   1.3e-96   1.3e-96  313.6  36.2    92   382   377   706   369   714 0.85 <unknown description>
203184at5125_1344414_0:001e5e|CP052042.1:1873129-1873684|+ -            186 203184               -           1000   6.6e-51  162.2   3.0   1   1   7.5e-51   7.5e-51  162.1   3.0   384   536     1   186     1   186 0.80 <unknown description>
#
# Program:         hmmsearch
# Version:         3.4 (Aug 2023)
# Pipeline mode:   SEARCH
# Query file:      /home/arafat/busco_downloads/lineages/hypocreales_odb12.2/hmms/203184at5125.hmm
# Target file:     /home/arafat/Foxy_SIX_Evolution/results/busco/GCA_013085055.1/run_hypocreales_odb12.2/miniprot_output/translated_proteins/203184at5125.faa
# Option settings: hmmsearch --domtblout /home/arafat/Foxy_SIX_Evolution/results/busco/GCA_013085055.1/run_hypocreales_odb12.2/hmmer_output/203184at5125.out --cpu 1 /home/arafat/busco_downloads/lineages/hypocreales_odb12.2/hmms/203184at5125.hmm /home/arafat/Foxy_SIX_Evolution/results/busco/GCA_013085055.1/run_hypocreales_odb12.2/miniprot_output/translated_proteins/203184at5125.faa 
# Current dir:     /home/arafat/Foxy_SIX_Evolution
# Date:            Thu Sep 24 15:53:06 2026
# [ok]
