#                                                                                                                  --- full sequence --- -------------- this domain -------------   hmm coord   ali coord   env coord
# target name                                              accession   tlen query name           accession   qlen   E-value  score  bias   #  of  c-Evalue  i-Evalue  score  bias  from    to  from    to  from    to  acc description of target
#                                      ------------------- ---------- ----- -------------------- ---------- ----- --------- ------ ----- --- --- --------- --------- ------ ----- ----- ----- ----- ----- ----- ----- ---- ---------------------
203449at5125_1053134_0:001ba6|CP052041.1:2677485-2681324|- -           1060 203449               -            560         0 1016.3   1.0   1   1         0         0 1016.0   1.0     8   560   500  1059   493  1059 0.97 <unknown description>
203449at5125_282569_0:002f5e|CP052041.1:2677485-2682521|-  -           1398 203449               -            560         0 1015.4   1.0   1   1         0         0 1015.0   1.0     8   560   838  1397   831  1397 0.97 <unknown description>
203449at5125_1229664_0:000833|CP052041.1:2677485-2679291|- -            576 203449               -            560  3.1e-306 1005.4   1.2   1   1  3.8e-306  3.8e-306 1005.1   1.2     9   560     9   575     2   575 0.97 <unknown description>
203449at5125_2030778_0:00112b|CP052041.1:2677485-2680157|- -            514 203449               -            560  5.8e-299  981.4   6.6   1   1  6.9e-299  6.9e-299  981.1   6.6    57   560    12   513     2   513 0.97 <unknown description>
203449at5125_2885761_0:000d05|CP052041.1:2677485-2678699|- -            391 203449               -            560  1.6e-226  742.2   9.5   1   1  1.8e-226  1.8e-226  742.1   9.5   172   560     1   390     1   390 0.99 <unknown description>
203449at5125_5530_0:000111|CP052041.1:2677926-2679264|-    -            387 203449               -            560  1.5e-223  732.4   6.3   1   1  1.7e-223  1.7e-223  732.2   6.3    12   413     3   387     1   387 0.97 <unknown description>
203449at5125_2004951_0:001b36|CP052041.1:2678229-2679246|- -            305 203449               -            560  1.4e-165  541.1   0.7   1   1  1.5e-165  1.5e-165  540.9   0.7    17   310     2   304     1   305 0.97 <unknown description>
203449at5125_62069_0:001710|CP052041.1:2677485-2678142|-   -            220 203449               -            560  1.7e-128  418.6   1.6   1   1  1.9e-128  1.9e-128  418.5   1.6   341   560     1   219     1   219 0.99 <unknown description>
203449at5125_2559230_0:001f24|CP052041.1:2678561-2679234|- -            208 203449               -            560  8.7e-106  343.7   0.1   1   1  9.6e-106  9.6e-106  343.5   0.1    20   218     1   208     1   208 0.95 <unknown description>
#
# Program:         hmmsearch
# Version:         3.4 (Aug 2023)
# Pipeline mode:   SEARCH
# Query file:      /home/arafat/busco_downloads/lineages/hypocreales_odb12.2/hmms/203449at5125.hmm
# Target file:     /home/arafat/Foxy_SIX_Evolution/results/busco/GCA_013085055.1/run_hypocreales_odb12.2/miniprot_output/translated_proteins/203449at5125.faa
# Option settings: hmmsearch --domtblout /home/arafat/Foxy_SIX_Evolution/results/busco/GCA_013085055.1/run_hypocreales_odb12.2/hmmer_output/203449at5125.out --cpu 1 /home/arafat/busco_downloads/lineages/hypocreales_odb12.2/hmms/203449at5125.hmm /home/arafat/Foxy_SIX_Evolution/results/busco/GCA_013085055.1/run_hypocreales_odb12.2/miniprot_output/translated_proteins/203449at5125.faa 
# Current dir:     /home/arafat/Foxy_SIX_Evolution
# Date:            Thu Sep 24 15:53:06 2026
# [ok]
