#                                                                                                                  --- full sequence --- -------------- this domain -------------   hmm coord   ali coord   env coord
# target name                                              accession   tlen query name           accession   qlen   E-value  score  bias   #  of  c-Evalue  i-Evalue  score  bias  from    to  from    to  from    to  acc description of target
#                                      ------------------- ---------- ----- -------------------- ---------- ----- --------- ------ ----- --- --- --------- --------- ------ ----- ----- ----- ----- ----- ----- ----- ---- ---------------------
203550at5125_660027_0:000be7|CP052039.1:3935576-3937032|-  -            436 203550               -            372  4.1e-202  659.7   8.0   1   1  4.8e-202  4.8e-202  659.5   8.0     9   370    53   426    42   428 0.93 <unknown description>
203550at5125_254901_0:0004ea|CP052039.1:3935600-3940861|-  -            445 203550               -            372  4.5e-202  659.6   8.0   1   1  5.2e-202  5.2e-202  659.4   8.0     9   370    70   443    59   445 0.93 <unknown description>
203550at5125_117187_0:0013aa|CP052039.1:3935576-3936740|-  -            356 203550               -            372  1.6e-185  605.2   7.8   1   1  1.9e-185  1.9e-185  604.9   7.8    37   370     1   346     1   348 0.94 <unknown description>
203550at5125_2030778_0:001a04|CP052039.1:3932889-3936945|- -            697 203550               -            372  1.7e-178  582.0   9.3   1   1  2.5e-178  2.5e-178  581.5   9.3     9   330    24   357    14   363 0.93 <unknown description>
203550at5125_48865_0:003e6c|CP052039.1:3935889-3937032|-   -            364 203550               -            372  6.2e-148  481.5   2.0   1   1  7.6e-148  7.6e-148  481.2   2.0     9   276    53   332    42   348 0.92 <unknown description>
203550at5125_2824670_0:003e96|CP052039.1:3935591-3936428|- -            247 203550               -            372  3.6e-147  479.0  11.2   1   1  4.1e-147  4.1e-147  478.8  11.2   129   370     1   242     1   244 0.99 <unknown description>
203550at5125_93591_0:001de0|CP052039.1:3935597-3936152|-   -            153 203550               -            372   6.7e-89  287.2   5.9   1   1   7.5e-89   7.5e-89  287.0   5.9   221   370     1   150     1   152 0.98 <unknown description>
#
# Program:         hmmsearch
# Version:         3.4 (Aug 2023)
# Pipeline mode:   SEARCH
# Query file:      /home/arafat/busco_downloads/lineages/hypocreales_odb12.2/hmms/203550at5125.hmm
# Target file:     /home/arafat/Foxy_SIX_Evolution/results/busco/GCA_013085055.1/run_hypocreales_odb12.2/miniprot_output/translated_proteins/203550at5125.faa
# Option settings: hmmsearch --domtblout /home/arafat/Foxy_SIX_Evolution/results/busco/GCA_013085055.1/run_hypocreales_odb12.2/hmmer_output/203550at5125.out --cpu 1 /home/arafat/busco_downloads/lineages/hypocreales_odb12.2/hmms/203550at5125.hmm /home/arafat/Foxy_SIX_Evolution/results/busco/GCA_013085055.1/run_hypocreales_odb12.2/miniprot_output/translated_proteins/203550at5125.faa 
# Current dir:     /home/arafat/Foxy_SIX_Evolution
# Date:            Thu Sep 24 15:53:07 2026
# [ok]
