#                                                                                                                  --- full sequence --- -------------- this domain -------------   hmm coord   ali coord   env coord
# target name                                              accession   tlen query name           accession   qlen   E-value  score  bias   #  of  c-Evalue  i-Evalue  score  bias  from    to  from    to  from    to  acc description of target
#                                      ------------------- ---------- ----- -------------------- ---------- ----- --------- ------ ----- --- --- --------- --------- ------ ----- ----- ----- ----- ----- ----- ----- ---- ---------------------
203829at5125_1089448_0:0033fe|CP052038.1:1351664-1353467|- -            602 203829               -            436  1.5e-195  638.5   5.0   1   3   5.1e-11   5.1e-11   30.5   0.2     2    25    10    33     9    37 0.89 <unknown description>
203829at5125_1089448_0:0033fe|CP052038.1:1351664-1353467|- -            602 203829               -            436  1.5e-195  638.5   5.0   2   3   5.4e-18   5.4e-18   53.5   1.1    21    78    54   122    47   127 0.79 <unknown description>
203829at5125_1089448_0:0033fe|CP052038.1:1351664-1353467|- -            602 203829               -            436  1.5e-195  638.5   5.0   3   3  4.5e-170  4.5e-170  554.6   0.0    85   436   196   572   174   572 0.92 <unknown description>
203829at5125_98403_0:0005b0|CP052038.1:1351679-1357696|-   -            609 203829               -            436  1.6e-195  638.5   5.0   1   3   5.1e-11   5.1e-11   30.5   0.2     2    25    22    45    21    49 0.89 <unknown description>
203829at5125_98403_0:0005b0|CP052038.1:1351679-1357696|-   -            609 203829               -            436  1.6e-195  638.5   5.0   2   3   5.4e-18   5.4e-18   53.4   1.1    21    78    66   134    59   139 0.79 <unknown description>
203829at5125_98403_0:0005b0|CP052038.1:1351679-1357696|-   -            609 203829               -            436  1.6e-195  638.5   5.0   3   3  4.7e-170  4.7e-170  554.5   0.0    85   436   208   584   186   584 0.92 <unknown description>
203829at5125_1399860_1:000359|CP052038.1:1351715-1353056|- -            448 203829               -            436  1.4e-170  556.3   0.0   1   1  1.7e-170  1.7e-170  556.0   0.0    84   436    58   435    36   435 0.92 <unknown description>
203829at5125_2604345_0:002b8a|CP052038.1:1351673-1352780|- -            370 203829               -            436  1.4e-154  503.6   0.0   1   1  1.6e-154  1.6e-154  503.4   0.0   119   436     1   343     1   343 0.92 <unknown description>
203829at5125_1736662_0:002477|CP052038.1:1352136-1353464|- -            425 203829               -            436  2.8e-122  397.1   2.3   1   3   3.4e-11   3.4e-11   31.1   0.2     2    25     9    32     8    36 0.89 <unknown description>
203829at5125_1736662_0:002477|CP052038.1:1352136-1353464|- -            425 203829               -            436  2.8e-122  397.1   2.3   2   3   3.2e-18   3.2e-18   54.2   1.1    21    78    53   121    46   126 0.79 <unknown description>
203829at5125_1736662_0:002477|CP052038.1:1352136-1353464|- -            425 203829               -            436  2.8e-122  397.1   2.3   3   3   1.4e-95   1.4e-95  309.1   0.0    84   285   194   414   172   420 0.89 <unknown description>
203829at5125_877507_0:00189d|CP052038.1:1352771-1353467|-  -            233 203829               -            436   1.5e-38  121.2   8.3   1   3   1.6e-11   1.6e-11   32.1   0.2     2    25    10    33     9    37 0.89 <unknown description>
203829at5125_877507_0:00189d|CP052038.1:1352771-1353467|-  -            233 203829               -            436   1.5e-38  121.2   8.3   2   3   8.7e-19   8.7e-19   56.1   0.8    21    78    54   122    47   128 0.80 <unknown description>
203829at5125_877507_0:00189d|CP052038.1:1352771-1353467|-  -            233 203829               -            436   1.5e-38  121.2   8.3   3   3   6.6e-13   6.6e-13   36.7   0.1    84   122   195   233   172   233 0.89 <unknown description>
#
# Program:         hmmsearch
# Version:         3.4 (Aug 2023)
# Pipeline mode:   SEARCH
# Query file:      /home/arafat/busco_downloads/lineages/hypocreales_odb12.2/hmms/203829at5125.hmm
# Target file:     /home/arafat/Foxy_SIX_Evolution/results/busco/GCA_013085055.1/run_hypocreales_odb12.2/miniprot_output/translated_proteins/203829at5125.faa
# Option settings: hmmsearch --domtblout /home/arafat/Foxy_SIX_Evolution/results/busco/GCA_013085055.1/run_hypocreales_odb12.2/hmmer_output/203829at5125.out --cpu 1 /home/arafat/busco_downloads/lineages/hypocreales_odb12.2/hmms/203829at5125.hmm /home/arafat/Foxy_SIX_Evolution/results/busco/GCA_013085055.1/run_hypocreales_odb12.2/miniprot_output/translated_proteins/203829at5125.faa 
# Current dir:     /home/arafat/Foxy_SIX_Evolution
# Date:            Thu Sep 24 15:53:10 2026
# [ok]
