#                                                                                                                  --- full sequence --- -------------- this domain -------------   hmm coord   ali coord   env coord
# target name                                              accession   tlen query name           accession   qlen   E-value  score  bias   #  of  c-Evalue  i-Evalue  score  bias  from    to  from    to  from    to  acc description of target
#                                      ------------------- ---------- ----- -------------------- ---------- ----- --------- ------ ----- --- --- --------- --------- ------ ----- ----- ----- ----- ----- ----- ----- ---- ---------------------
206195at5125_2773459_0:000595|CP052041.1:1914345-1915326|+ -            301 206195               -            222   6.4e-90  289.9  22.9   1   2   4.6e-13   4.6e-13   38.6   1.4     5    64     1    81     1    97 0.68 <unknown description>
206195at5125_2773459_0:000595|CP052041.1:1914345-1915326|+ -            301 206195               -            222   6.4e-90  289.9  22.9   2   2   5.7e-76   5.7e-76  244.3  14.3    60   221   110   293   105   294 0.84 <unknown description>
206195at5125_45235_0:0007e1|CP052041.1:1910307-1915299|+   -            397 206195               -            222     8e-90  289.6  23.5   1   2   7.1e-14   7.1e-14   41.2   2.0     2    64   103   186   102   202 0.68 <unknown description>
206195at5125_45235_0:0007e1|CP052041.1:1910307-1915299|+   -            397 206195               -            222     8e-90  289.6  23.5   2   2   2.6e-75   2.6e-75  242.2  13.9    60   219   215   396   210   397 0.84 <unknown description>
206195at5125_2030778_0:000fad|CP052041.1:1908890-1915317|+ -            331 206195               -            222   1.8e-89  288.5  22.6   1   2   9.8e-13   9.8e-13   37.5   1.2     5    64    34   114    31   130 0.68 <unknown description>
206195at5125_2030778_0:000fad|CP052041.1:1908890-1915317|+ -            331 206195               -            222   1.8e-89  288.5  22.6   2   2   7.5e-76   7.5e-76  243.9  14.3    60   221   143   326   138   327 0.84 <unknown description>
206195at5125_5111_0:000d59|CP052041.1:1914342-1916600|+    -            294 206195               -            222   3.2e-89  287.6  17.1   1   2   1.4e-13   1.4e-13   40.3   1.8     4    64     1    82     1    98 0.68 <unknown description>
206195at5125_5111_0:000d59|CP052041.1:1914342-1916600|+    -            294 206195               -            222   3.2e-89  287.6  17.1   2   2   1.4e-76   1.4e-76  246.3   7.8    60   212   111   267   106   275 0.88 <unknown description>
206195at5125_2502994_0:0037d7|CP052041.1:1913946-1915326|+ -            327 206195               -            222   1.1e-86  279.3  21.3   1   2   5.6e-11   5.6e-11   31.8   0.6    21    64    60   107    26   123 0.80 <unknown description>
206195at5125_2502994_0:0037d7|CP052041.1:1913946-1915326|+ -            327 206195               -            222   1.1e-86  279.3  21.3   2   2   7.3e-76   7.3e-76  244.0  14.3    60   221   136   319   131   320 0.84 <unknown description>
206195at5125_327505_0:000aec|CP052041.1:1914588-1915326|+  -            220 206195               -            222     2e-78  252.3  14.3   1   1   2.1e-76   2.1e-76  245.7  14.3    60   221    29   212    24   213 0.84 <unknown description>
206195at5125_1736662_0:0026e7|CP052041.1:1914342-1915113|+ -            231 206195               -            222   9.6e-78  250.1  12.1   1   2   9.1e-14   9.1e-14   40.9   1.9     4    64     1    82     1    98 0.68 <unknown description>
206195at5125_1736662_0:0026e7|CP052041.1:1914342-1915113|+ -            231 206195               -            222   9.6e-78  250.1  12.1   2   2   8.9e-65   8.9e-65  207.7   2.9    60   171   111   222   106   230 0.94 <unknown description>
206195at5125_1280524_0:00095a|CP052041.1:1914840-1915317|+ -            160 206195               -            222   1.1e-60  194.4   9.5   1   1   1.4e-58   1.4e-58  187.4   9.5    91   221     3   155     2   156 0.82 <unknown description>
206195at5125_1208366_0:002f46|CP052041.1:1913946-1914966|+ -            194 206195               -            222   1.3e-57  184.3  17.5   1   2   8.7e-15   8.7e-15   44.2   3.0     2    64    11    94    10   110 0.68 <unknown description>
206195at5125_1208366_0:002f46|CP052041.1:1913946-1914966|+ -            194 206195               -            222   1.3e-57  184.3  17.5   2   2     1e-43     1e-43  138.9   6.7    60   131   123   194   118   194 0.97 <unknown description>
206195at5125_1208366_0:0028af|CP052041.1:1915089-1915326|+ -             80 206195               -            222   2.8e-15   45.8   5.8   1   1   5.4e-13   5.4e-13   38.4   5.8   169   221     3    72     1    73 0.73 <unknown description>
#
# Program:         hmmsearch
# Version:         3.4 (Aug 2023)
# Pipeline mode:   SEARCH
# Query file:      /home/arafat/busco_downloads/lineages/hypocreales_odb12.2/hmms/206195at5125.hmm
# Target file:     /home/arafat/Foxy_SIX_Evolution/results/busco/GCA_013085055.1/run_hypocreales_odb12.2/miniprot_output/translated_proteins/206195at5125.faa
# Option settings: hmmsearch --domtblout /home/arafat/Foxy_SIX_Evolution/results/busco/GCA_013085055.1/run_hypocreales_odb12.2/hmmer_output/206195at5125.out --cpu 1 /home/arafat/busco_downloads/lineages/hypocreales_odb12.2/hmms/206195at5125.hmm /home/arafat/Foxy_SIX_Evolution/results/busco/GCA_013085055.1/run_hypocreales_odb12.2/miniprot_output/translated_proteins/206195at5125.faa 
# Current dir:     /home/arafat/Foxy_SIX_Evolution
# Date:            Thu Sep 24 15:53:22 2026
# [ok]
