#                                                                                                                  --- full sequence --- -------------- this domain -------------   hmm coord   ali coord   env coord
# target name                                              accession   tlen query name           accession   qlen   E-value  score  bias   #  of  c-Evalue  i-Evalue  score  bias  from    to  from    to  from    to  acc description of target
#                                      ------------------- ---------- ----- -------------------- ---------- ----- --------- ------ ----- --- --- --------- --------- ------ ----- ----- ----- ----- ----- ----- ----- ---- ---------------------
206104at5125_334819_0:002b29|CP052045.1:1281195-1282768|+  -            400 206104               -            308  1.9e-140  455.8  19.5   1   2   3.6e-61   4.3e-61  195.1   6.3     1   169    32   201    32   209 0.83 <unknown description>
206104at5125_334819_0:002b29|CP052045.1:1281195-1282768|+  -            400 206104               -            308  1.9e-140  455.8  19.5   2   2   3.4e-83     4e-83  267.5   7.1   116   308   199   396   196   396 0.87 <unknown description>
206104at5125_29856_0:000aed|CP052045.1:1274524-1282759|+   -            346 206104               -            308  1.2e-138  449.8  20.7   1   2   6.5e-59   7.8e-59  187.7   7.3    11   149     7   146     2   156 0.89 <unknown description>
206104at5125_29856_0:000aed|CP052045.1:1274524-1282759|+   -            346 206104               -            308  1.2e-138  449.8  20.7   2   2   2.5e-83     3e-83  267.9   7.2   116   308   148   345   145   345 0.87 <unknown description>
206104at5125_2030778_0:001833|CP052045.1:1280651-1282768|+ -            363 206104               -            308  5.7e-135  437.8  24.4   1   2   1.8e-55   2.2e-55  176.4  11.2    20   167    14   162     4   171 0.81 <unknown description>
206104at5125_2030778_0:001833|CP052045.1:1280651-1282768|+ -            363 206104               -            308  5.7e-135  437.8  24.4   2   2     4e-83   4.8e-83  267.2   8.1   116   308   162   359   156   359 0.87 <unknown description>
206104at5125_2494466_0:002503|CP052045.1:1281520-1282768|+ -            290 206104               -            308  2.7e-130  422.4   4.8   1   1  2.7e-130  3.3e-130  422.1   4.8    44   308     9   286     5   286 0.88 <unknown description>
206104at5125_426428_0:003668|CP052045.1:1282097-1282768|+  -            211 206104               -            308   4.4e-84  270.6   5.4   1   1   4.4e-84   5.3e-84  270.4   5.4   122   308    15   207     4   207 0.87 <unknown description>
#
# Program:         hmmsearch
# Version:         3.4 (Aug 2023)
# Pipeline mode:   SEARCH
# Query file:      /home/arafat/busco_downloads/lineages/hypocreales_odb12.2/hmms/206104at5125.hmm
# Target file:     /home/arafat/Foxy_SIX_Evolution/results/busco/GCA_013085055.1/run_hypocreales_odb12.2/miniprot_output/translated_proteins/206104at5125.faa
# Option settings: hmmsearch --domtblout /home/arafat/Foxy_SIX_Evolution/results/busco/GCA_013085055.1/run_hypocreales_odb12.2/hmmer_output/206104at5125.out --cpu 1 /home/arafat/busco_downloads/lineages/hypocreales_odb12.2/hmms/206104at5125.hmm /home/arafat/Foxy_SIX_Evolution/results/busco/GCA_013085055.1/run_hypocreales_odb12.2/miniprot_output/translated_proteins/206104at5125.faa 
# Current dir:     /home/arafat/Foxy_SIX_Evolution
# Date:            Thu Sep 24 15:53:22 2026
# [ok]
