#                                                                                                                  --- full sequence --- -------------- this domain -------------   hmm coord   ali coord   env coord
# target name                                              accession   tlen query name           accession   qlen   E-value  score  bias   #  of  c-Evalue  i-Evalue  score  bias  from    to  from    to  from    to  acc description of target
#                                      ------------------- ---------- ----- -------------------- ---------- ----- --------- ------ ----- --- --- --------- --------- ------ ----- ----- ----- ----- ----- ----- ----- ---- ---------------------
207228at5125_5507_0:00359f|CP052042.1:1725475-1727205|+    -            543 207228               -            387  1.9e-176  577.8  32.8   1   4      0.28      0.28    1.2   0.1     1    25    16    40    16    50 0.81 <unknown description>
207228at5125_5507_0:00359f|CP052042.1:1725475-1727205|+    -            543 207228               -            387  1.9e-176  577.8  32.8   2   4   2.2e-09   2.2e-09   27.9  16.6    10   124    49   169    40   170 0.67 <unknown description>
207228at5125_5507_0:00359f|CP052042.1:1725475-1727205|+    -            543 207228               -            387  1.9e-176  577.8  32.8   3   4       0.1       0.1    2.6   5.7    35    83   119   177   111   191 0.60 <unknown description>
207228at5125_5507_0:00359f|CP052042.1:1725475-1727205|+    -            543 207228               -            387  1.9e-176  577.8  32.8   4   4  4.7e-169  4.7e-169  553.5   4.6    76   387   217   541   199   541 0.91 <unknown description>
207228at5125_1649129_0:0016b2|CP052044.1:469920-478865|+   -            535 207228               -            387  3.8e-176  576.8  26.5   1   3   4.7e-13   4.7e-13   39.9   2.7     1    65    16    85    16    98 0.71 <unknown description>
207228at5125_1649129_0:0016b2|CP052044.1:469920-478865|+   -            535 207228               -            387  3.8e-176  576.8  26.5   2   3      0.19      0.19    1.7   6.0    35    91    97   155    90   170 0.62 <unknown description>
207228at5125_1649129_0:0016b2|CP052044.1:469920-478865|+   -            535 207228               -            387  3.8e-176  576.8  26.5   3   3  3.9e-167  3.9e-167  547.2   2.4    81   387   200   519   165   519 0.92 <unknown description>
207228at5125_5507_0:001ae9|CP052044.1:469815-471480|+      -            556 207228               -            387    5e-176  576.4  26.6   1   3     5e-13     5e-13   39.8   2.8     1    65    51   120    51   133 0.71 <unknown description>
207228at5125_5507_0:001ae9|CP052044.1:469815-471480|+      -            556 207228               -            387    5e-176  576.4  26.6   2   3      0.21      0.21    1.6   6.1    35    91   132   190   125   205 0.62 <unknown description>
207228at5125_5507_0:001ae9|CP052044.1:469815-471480|+      -            556 207228               -            387    5e-176  576.4  26.6   3   3  4.4e-167  4.4e-167  547.0   2.4    81   387   235   554   200   554 0.92 <unknown description>
207228at5125_660027_0:0027ec|CP052044.1:593228-594788|+    -            521 207228               -            387  1.5e-173  568.3  30.6   1   3   7.9e-11   7.9e-11   32.6  16.1     1   124    16   143    16   147 0.62 <unknown description>
207228at5125_660027_0:0027ec|CP052044.1:593228-594788|+    -            521 207228               -            387  1.5e-173  568.3  30.6   2   3     0.083     0.083    2.9   7.6    35    93    97   157    88   169 0.64 <unknown description>
207228at5125_660027_0:0027ec|CP052044.1:593228-594788|+    -            521 207228               -            387  1.5e-173  568.3  30.6   3   3  1.9e-163  1.9e-163  535.0  10.2    63   387   182   519   140   519 0.87 <unknown description>
207228at5125_57161_0:0000ea|CP052044.1:583659-594788|+     -            564 207228               -            387  2.1e-173  567.8  30.5   1   3   8.6e-11   8.6e-11   32.5  16.0     1   124    59   186    59   190 0.62 <unknown description>
207228at5125_57161_0:0000ea|CP052044.1:583659-594788|+     -            564 207228               -            387  2.1e-173  567.8  30.5   2   3     0.083     0.083    2.9   7.5    35    93   140   200   131   212 0.64 <unknown description>
207228at5125_57161_0:0000ea|CP052044.1:583659-594788|+     -            564 207228               -            387  2.1e-173  567.8  30.5   3   3  2.4e-163  2.4e-163  534.7  10.2    63   387   225   562   183   562 0.87 <unknown description>
207228at5125_1080344_0:004281|CP052044.1:570204-594788|+   -            738 207228               -            387  7.1e-173  566.1  30.6   1   3   1.4e-10   1.4e-10   31.8  16.1     1   124   233   360   233   364 0.62 <unknown description>
207228at5125_1080344_0:004281|CP052044.1:570204-594788|+   -            738 207228               -            387  7.1e-173  566.1  30.6   2   3     0.096     0.096    2.7   7.0    35    93   314   374   309   385 0.63 <unknown description>
207228at5125_1080344_0:004281|CP052044.1:570204-594788|+   -            738 207228               -            387  7.1e-173  566.1  30.6   3   3    5e-163    5e-163  533.6  10.2    63   387   399   736   357   736 0.87 <unknown description>
207228at5125_1736662_0:000196|CP052042.1:1722676-1727205|+ -           1132 207228               -            387  1.4e-171  561.8  29.7   1   5      0.65      0.65   -0.0   0.3   285   335   383   436   314   457 0.72 <unknown description>
207228at5125_1736662_0:000196|CP052042.1:1722676-1727205|+ -           1132 207228               -            387  1.4e-171  561.8  29.7   2   5      0.63      0.63    0.0   0.1     1    25   605   629   605   639 0.81 <unknown description>
207228at5125_1736662_0:000196|CP052042.1:1722676-1727205|+ -           1132 207228               -            387  1.4e-171  561.8  29.7   3   5     9e-09     9e-09   25.9  17.1    10   124   638   758   627   759 0.67 <unknown description>
207228at5125_1736662_0:000196|CP052042.1:1722676-1727205|+ -           1132 207228               -            387  1.4e-171  561.8  29.7   4   5      0.72      0.72   -0.2   7.2    35    82   708   765   696   779 0.60 <unknown description>
207228at5125_1736662_0:000196|CP052042.1:1722676-1727205|+ -           1132 207228               -            387  1.4e-171  561.8  29.7   5   5  2.5e-168  2.5e-168  551.1   4.6    76   387   806  1130   787  1130 0.91 <unknown description>
207228at5125_396571_0:0043db|CP052042.1:1726075-1727205|+  -            343 207228               -            387  6.2e-170  556.4   4.0   1   1  7.3e-170  7.3e-170  556.1   4.0    77   387    18   341     2   341 0.91 <unknown description>
207228at5125_396571_0:0043db|CP052044.1:470454-471480|+    -            343 207228               -            387  6.9e-168  549.7   1.9   1   1  8.1e-168  8.1e-168  549.4   1.9    83   387    24   341     4   341 0.93 <unknown description>
207228at5125_485398_0:0040c0|CP052044.1:464784-471480|+    -            396 207228               -            387  5.2e-167  546.8   5.2   1   1  5.2e-167  5.2e-167  546.8   5.2    76   387    70   394    14   394 0.87 <unknown description>
207228at5125_1089449_0:004472|CP052044.1:470182-472474|+   -            525 207228               -            387    2e-166  544.8   7.3   1   2       1.1       1.1   -0.7   0.3    61    86    12    37     3    61 0.69 <unknown description>
207228at5125_1089449_0:004472|CP052044.1:470182-472474|+   -            525 207228               -            387    2e-166  544.8   7.3   2   2    4e-166    4e-166  543.8   6.9    76   387    74   398    15   398 0.87 <unknown description>
207228at5125_660029_0:003f5a|CP052044.1:593894-594788|+    -            299 207228               -            387  3.4e-159  521.0   2.9   1   1  3.8e-159  3.8e-159  520.9   2.9   103   387     1   297     1   297 0.94 <unknown description>
207228at5125_1089449_0:004477|CP052044.1:593615-594788|+   -            391 207228               -            387  3.1e-153  501.4   4.9   1   1  4.1e-153  4.1e-153  501.0   4.9    63   387    53   389     6   389 0.85 <unknown description>
207228at5125_451672_0:002de8|CP052044.1:470703-471465|+    -            255 207228               -            387  2.4e-135  442.5   0.2   1   1  2.6e-135  2.6e-135  442.4   0.2   140   384     1   255     1   255 0.96 <unknown description>
207228at5125_451672_0:0029ed|CP052042.1:1726387-1727265|+  -            259 207228               -            387  2.6e-125  409.5   0.7   1   1  3.2e-125  3.2e-125  409.2   0.7   160   387     3   237     2   237 0.96 <unknown description>
207228at5125_485398_0:0016af|CP052044.1:594098-594788|+    -            231 207228               -            387  6.2e-117  381.9   0.9   1   1    7e-117    7e-117  381.7   0.9   166   387     1   229     1   229 0.95 <unknown description>
207228at5125_660025_0:00452c|CP052044.1:469920-471153|+    -            411 207228               -            387  1.5e-114  374.1  26.7   1   3   1.3e-11   1.3e-11   35.2  14.0     1   124    16   142    16   147 0.68 <unknown description>
207228at5125_660025_0:00452c|CP052044.1:469920-471153|+    -            411 207228               -            387  1.5e-114  374.1  26.7   2   3       1.7       1.7   -1.4   6.2    41    85   112   156   101   181 0.53 <unknown description>
207228at5125_660025_0:00452c|CP052044.1:469920-471153|+    -            411 207228               -            387  1.5e-114  374.1  26.7   3   3  1.3e-104  1.3e-104  341.3   7.8    76   280   194   411   139   411 0.82 <unknown description>
207228at5125_42673_0:0029c5|CP052044.1:593273-594377|+     -            369 207228               -            387  6.1e-105  342.4  30.3   1   3   7.6e-13   7.6e-13   39.3   2.2     1    64     1    69     1    80 0.69 <unknown description>
207228at5125_42673_0:0029c5|CP052044.1:593273-594377|+     -            369 207228               -            387  6.1e-105  342.4  30.3   2   3      0.19      0.19    1.7   9.9    35    94    82   143    77   179 0.64 <unknown description>
207228at5125_42673_0:0029c5|CP052044.1:593273-594377|+     -            369 207228               -            387  6.1e-105  342.4  30.3   3   3   7.4e-95   7.4e-95  309.2   8.1    64   255   168   369   129   369 0.83 <unknown description>
207228at5125_1806559_0:002117|CP052044.1:470880-471477|+   -            200 207228               -            387  6.9e-103  335.7   0.9   1   1  7.8e-103  7.8e-103  335.5   0.9   195   387     1   199     1   199 0.96 <unknown description>
207228at5125_1806559_0:002117|CP052042.1:1726555-1727202|+ -            200 207228               -            387  4.4e-102  333.0   2.9   1   1  4.9e-102  4.9e-102  332.9   2.9   195   387     1   199     1   199 0.96 <unknown description>
207228at5125_179993_0:0030d3|CP052044.1:470757-471267|+    -            171 207228               -            387   2.9e-81  264.5   0.1   1   1   3.3e-81   3.3e-81  264.3   0.1   160   318     6   171     3   171 0.94 <unknown description>
207228at5125_61374_0:003c57|CP052044.1:471000-471480|+     -            161 207228               -            387   9.4e-80  259.5   0.4   1   1     1e-79     1e-79  259.4   0.4   232   387     1   159     1   159 0.96 <unknown description>
207228at5125_179993_0:0030d3|CP052044.1:594065-594575|+    -            171 207228               -            387   2.4e-78  254.9   0.2   1   1   2.9e-78   2.9e-78  254.6   0.2   161   318     7   171     5   171 0.93 <unknown description>
207228at5125_100902_0:004d7c|CP052044.1:594308-594788|+    -            161 207228               -            387   7.3e-77  250.0   1.4   1   1   8.1e-77   8.1e-77  249.8   1.4   232   387     1   159     1   159 0.96 <unknown description>
207228at5125_1089449_0:0030fe|CP052044.1:469920-470895|+   -            326 207228               -            387   3.4e-73  237.9  25.7   1   3   1.9e-13   1.9e-13   41.2   2.5     1    65    16    85    16    97 0.71 <unknown description>
207228at5125_1089449_0:0030fe|CP052044.1:469920-470895|+   -            326 207228               -            387   3.4e-73  237.9  25.7   2   3      0.12      0.12    2.4   6.2    36    91    98   155    94   171 0.61 <unknown description>
207228at5125_1089449_0:0030fe|CP052044.1:469920-470895|+   -            326 207228               -            387   3.4e-73  237.9  25.7   3   3   3.6e-62   3.6e-62  201.6   7.3    76   200   195   326   140   326 0.78 <unknown description>
207228at5125_2604345_0:000411|CP052042.1:1726685-1727205|+ -            157 207228               -            387   8.2e-70  226.8   0.2   1   1   9.8e-70   9.8e-70  226.5   0.2   249   387    14   155     5   155 0.95 <unknown description>
207228at5125_1576542_0:0001df|CP052042.1:1725475-1726510|+ -            346 207228               -            387   1.9e-69  225.6  30.8   1   4      0.15      0.15    2.1   0.1     1    27    16    42    16    51 0.81 <unknown description>
207228at5125_1576542_0:0001df|CP052042.1:1725475-1726510|+ -            346 207228               -            387   1.9e-69  225.6  30.8   2   4   1.5e-11   1.5e-11   35.0   6.4    10    87    49   126    39   132 0.77 <unknown description>
207228at5125_1576542_0:0001df|CP052042.1:1725475-1726510|+ -            346 207228               -            387   1.9e-69  225.6  30.8   3   4      0.14      0.14    2.2   6.9    35    83   119   177   113   190 0.58 <unknown description>
207228at5125_1576542_0:0001df|CP052042.1:1725475-1726510|+ -            346 207228               -            387   1.9e-69  225.6  30.8   4   4   1.9e-61   1.9e-61  199.3   2.2    76   194   217   342   196   344 0.83 <unknown description>
207228at5125_451672_0:002af8|CP052044.1:593273-594137|+    -            289 207228               -            387   8.6e-64  207.0  28.4   1   3   3.8e-13   3.8e-13   40.2   1.9     1    65     1    70     1    82 0.69 <unknown description>
207228at5125_451672_0:002af8|CP052044.1:593273-594137|+    -            289 207228               -            387   8.6e-64  207.0  28.4   2   3     0.036     0.036    4.1   7.7    35    93    82   142    76   154 0.63 <unknown description>
207228at5125_451672_0:002af8|CP052044.1:593273-594137|+    -            289 207228               -            387   8.6e-64  207.0  28.4   3   3   5.6e-54   5.6e-54  174.7   3.3    69   179   172   289   160   289 0.83 <unknown description>
207228at5125_195108_0:001a0f|CP052042.1:1725841-1726453|+  -            205 207228               -            387   7.6e-56  180.8   2.5   1   2       0.2       0.2    1.6   5.9    42    85     4    57     1    71 0.51 <unknown description>
207228at5125_195108_0:001a0f|CP052042.1:1725841-1726453|+  -            205 207228               -            387   7.6e-56  180.8   2.5   2   2   7.6e-56   7.6e-56  180.8   2.5    76   179    95   204    76   205 0.82 <unknown description>
207228at5125_195108_0:001a0f|CP052044.1:593540-594140|+    -            201 207228               -            387   1.7e-54  176.4   3.5   1   2       0.8       0.8   -0.3   8.3    46    87     4    55     1    90 0.49 <unknown description>
207228at5125_195108_0:001a0f|CP052044.1:593540-594140|+    -            201 207228               -            387   1.7e-54  176.4   3.5   2   2   1.7e-54   1.7e-54  176.4   3.5    69   179    83   200    72   201 0.83 <unknown description>
207228at5125_195108_0:001a0f|CP052044.1:470232-470832|+    -            201 207228               -            387   1.5e-53  173.3  12.2   1   1   1.1e-52   1.1e-52  170.4  12.3     6   179    10   200     7   201 0.65 <unknown description>
#
# Program:         hmmsearch
# Version:         3.4 (Aug 2023)
# Pipeline mode:   SEARCH
# Query file:      /home/arafat/busco_downloads/lineages/hypocreales_odb12.2/hmms/207228at5125.hmm
# Target file:     /home/arafat/Foxy_SIX_Evolution/results/busco/GCA_013085055.1/run_hypocreales_odb12.2/miniprot_output/translated_proteins/207228at5125.faa
# Option settings: hmmsearch --domtblout /home/arafat/Foxy_SIX_Evolution/results/busco/GCA_013085055.1/run_hypocreales_odb12.2/hmmer_output/207228at5125.out --cpu 1 /home/arafat/busco_downloads/lineages/hypocreales_odb12.2/hmms/207228at5125.hmm /home/arafat/Foxy_SIX_Evolution/results/busco/GCA_013085055.1/run_hypocreales_odb12.2/miniprot_output/translated_proteins/207228at5125.faa 
# Current dir:     /home/arafat/Foxy_SIX_Evolution
# Date:            Thu Sep 24 15:53:23 2026
# [ok]
