#                                                                                                                  --- full sequence --- -------------- this domain -------------   hmm coord   ali coord   env coord
# target name                                              accession   tlen query name           accession   qlen   E-value  score  bias   #  of  c-Evalue  i-Evalue  score  bias  from    to  from    to  from    to  acc description of target
#                                      ------------------- ---------- ----- -------------------- ---------- ----- --------- ------ ----- --- --- --------- --------- ------ ----- ----- ----- ----- ----- ----- ----- ---- ---------------------
207372at5125_47278_0:001e71|CP052039.1:2971501-2972649|-   -            368 207372               -            282  1.2e-125  407.8  23.2   1   2   3.2e-07   3.2e-07   19.3   0.6     1    58     1    58     1    69 0.70 <unknown description>
207372at5125_47278_0:001e71|CP052039.1:2971501-2972649|-   -            368 207372               -            282  1.2e-125  407.8  23.2   2   2  1.5e-120  1.5e-120  391.1  16.3     5   282    72   367    68   367 0.86 <unknown description>
207372at5125_2604345_0:00213a|CP052039.1:2971501-2973111|- -            522 207372               -            282  1.6e-123  400.8  30.6   1   3      0.22      0.22    0.1   0.9    47   110    83   146    60   153 0.49 <unknown description>
207372at5125_2604345_0:00213a|CP052039.1:2971501-2973111|- -            522 207372               -            282  1.6e-123  400.8  30.6   2   3   5.4e-07   5.4e-07   18.5   0.5     1    57   155   211   155   221 0.69 <unknown description>
207372at5125_2604345_0:00213a|CP052039.1:2971501-2973111|- -            522 207372               -            282  1.6e-123  400.8  30.6   3   3  3.2e-120  3.2e-120  390.0  15.9     5   282   226   521   222   521 0.86 <unknown description>
207372at5125_1043627_0:0027e4|CP052039.1:2971501-2977977|- -            625 207372               -            282    1e-121  394.9  22.6   1   4       2.3       2.3   -3.2   0.4    25    43    88   106    73   118 0.42 <unknown description>
207372at5125_1043627_0:0027e4|CP052039.1:2971501-2977977|- -            625 207372               -            282    1e-121  394.9  22.6   2   4      0.29      0.29   -0.3   0.9    47   110   186   249   163   256 0.48 <unknown description>
207372at5125_1043627_0:0027e4|CP052039.1:2971501-2977977|- -            625 207372               -            282    1e-121  394.9  22.6   3   4   7.1e-07   7.1e-07   18.1   0.6     1    57   258   314   258   324 0.69 <unknown description>
207372at5125_1043627_0:0027e4|CP052039.1:2971501-2977977|- -            625 207372               -            282    1e-121  394.9  22.6   4   4  4.2e-120  4.2e-120  389.6  15.6     5   282   329   624   325   624 0.86 <unknown description>
207372at5125_1089448_0:00190b|CP052039.1:2971501-2973790|- -            715 207372               -            282  1.4e-121  394.5  22.1   1   4       3.4       3.4   -3.8   0.6    25    43   178   196   164   207 0.41 <unknown description>
207372at5125_1089448_0:00190b|CP052039.1:2971501-2973790|- -            715 207372               -            282  1.4e-121  394.5  22.1   2   4      0.42      0.42   -0.8   1.2    48   110   277   339   254   346 0.48 <unknown description>
207372at5125_1089448_0:00190b|CP052039.1:2971501-2973790|- -            715 207372               -            282  1.4e-121  394.5  22.1   3   4   8.8e-07   8.8e-07   17.8   0.6     1    57   348   404   348   414 0.69 <unknown description>
207372at5125_1089448_0:00190b|CP052039.1:2971501-2973790|- -            715 207372               -            282  1.4e-121  394.5  22.1   4   4  3.8e-120  3.8e-120  389.8  15.0    21   282   436   714   415   714 0.86 <unknown description>
207372at5125_1081108_0:000419|CP052039.1:2971501-2972292|- -            249 207372               -            282  6.8e-119  385.7  13.9   1   1  4.2e-118  4.2e-118  383.1  13.9    55   282     1   248     1   248 0.92 <unknown description>
207372at5125_660122_0:001523|CP052039.1:2971501-2972049|-  -            168 207372               -            282   1.1e-79  257.0   7.0   1   1   9.6e-79   9.6e-79  253.9   7.0   134   282     1   167     1   167 0.90 <unknown description>
207372at5125_61374_0:000bd0|CP052039.1:2971501-2971933|-   -            145 207372               -            282   1.5e-67  217.2   8.6   1   1   1.4e-66   1.4e-66  214.0   8.6   157   282     1   144     1   144 0.88 <unknown description>
207372at5125_61374_0:000915|CP052039.1:2971995-2973075|-   -            361 207372               -            282   3.9e-49  156.8  21.7   1   3      0.11      0.11    1.1   0.8    46   110    70   134    47   141 0.50 <unknown description>
207372at5125_61374_0:000915|CP052039.1:2971995-2973075|-   -            361 207372               -            282   3.9e-49  156.8  21.7   2   3   3.2e-07   3.2e-07   19.3   0.6     1    58   143   200   143   211 0.70 <unknown description>
207372at5125_61374_0:000915|CP052039.1:2971995-2973075|-   -            361 207372               -            282   3.9e-49  156.8  21.7   3   3   7.3e-46   7.3e-46  146.1   7.1     5   150   214   359   210   360 0.83 <unknown description>
207372at5125_2885761_0:000ea5|CP052039.1:2971995-2973551|- -            497 207372               -            282   1.9e-47  151.2  14.2   1   4       1.6       1.6   -2.7   0.5    24    43   108   127    92   142 0.45 <unknown description>
207372at5125_2885761_0:000ea5|CP052039.1:2971995-2973551|- -            497 207372               -            282   1.9e-47  151.2  14.2   2   4      0.21      0.21    0.2   0.9    47   110   207   270   184   277 0.49 <unknown description>
207372at5125_2885761_0:000ea5|CP052039.1:2971995-2973551|- -            497 207372               -            282   1.9e-47  151.2  14.2   3   4     5e-07     5e-07   18.6   0.6     1    57   279   335   279   347 0.70 <unknown description>
207372at5125_2885761_0:000ea5|CP052039.1:2971995-2973551|- -            497 207372               -            282   1.9e-47  151.2  14.2   4   4   1.5e-45   1.5e-45  145.1   7.2     5   150   350   495   346   496 0.82 <unknown description>
207372at5125_150374_0:000b32|CP052039.1:2971501-2971690|-  -             64 207372               -            282   1.6e-42  135.1   2.3   1   1   1.7e-42   1.7e-42  135.0   2.3   220   282     1    63     1    63 0.98 <unknown description>
#
# Program:         hmmsearch
# Version:         3.4 (Aug 2023)
# Pipeline mode:   SEARCH
# Query file:      /home/arafat/busco_downloads/lineages/hypocreales_odb12.2/hmms/207372at5125.hmm
# Target file:     /home/arafat/Foxy_SIX_Evolution/results/busco/GCA_013085055.1/run_hypocreales_odb12.2/miniprot_output/translated_proteins/207372at5125.faa
# Option settings: hmmsearch --domtblout /home/arafat/Foxy_SIX_Evolution/results/busco/GCA_013085055.1/run_hypocreales_odb12.2/hmmer_output/207372at5125.out --cpu 1 /home/arafat/busco_downloads/lineages/hypocreales_odb12.2/hmms/207372at5125.hmm /home/arafat/Foxy_SIX_Evolution/results/busco/GCA_013085055.1/run_hypocreales_odb12.2/miniprot_output/translated_proteins/207372at5125.faa 
# Current dir:     /home/arafat/Foxy_SIX_Evolution
# Date:            Thu Sep 24 15:53:24 2026
# [ok]
