#                                                                                                                  --- full sequence --- -------------- this domain -------------   hmm coord   ali coord   env coord
# target name                                              accession   tlen query name           accession   qlen   E-value  score  bias   #  of  c-Evalue  i-Evalue  score  bias  from    to  from    to  from    to  acc description of target
#                                      ------------------- ---------- ----- -------------------- ---------- ----- --------- ------ ----- --- --- --------- --------- ------ ----- ----- ----- ----- ----- ----- ----- ---- ---------------------
211269at5125_100902_0:001501|CP052039.1:3855753-3857271|+  -            453 211269               -            451  2.9e-295  968.3   0.6   1   1  3.4e-295  3.4e-295  968.1   0.6     1   450     1   450     1   451 1.00 <unknown description>
211269at5125_1237068_0:00224b|CP052039.1:3855753-3858694|+ -            683 211269               -            451  1.1e-294  966.3   0.6   1   1  1.4e-294  1.4e-294  966.0   0.6     1   450     1   450     1   451 1.00 <unknown description>
211269at5125_1325734_0:0005be|CP052039.1:3854012-3857265|+ -            656 211269               -            451    4e-291  954.6   0.8   1   1  5.3e-291  5.3e-291  954.3   0.8     9   450   214   655   207   656 0.99 <unknown description>
211269at5125_1081102_0:001ff7|CP052040.1:4849385-4850810|+ -            417 211269               -            451    3e-214  701.2   0.0   1   1  3.4e-214  3.4e-214  701.1   0.0     2   414     3   416     2   417 0.99 <unknown description>
211269at5125_123648_0:001e48|CP052039.1:3855753-3856709|+  -            283 211269               -            451  6.5e-191  624.3   0.1   1   1  7.3e-191  7.3e-191  624.2   0.1     1   282     1   282     1   283 1.00 <unknown description>
211269at5125_911162_0:000aa9|CP052039.1:3856442-3857268|+  -            259 211269               -            451  9.9e-163  531.4   0.9   1   1  1.1e-162  1.1e-162  531.2   0.9   194   450     1   257     1   258 0.99 <unknown description>
211269at5125_1576542_0:001cf8|CP052040.1:4850040-4850933|+ -            277 211269               -            451  1.9e-127  415.1   0.0   1   1  2.3e-127  2.3e-127  414.9   0.0   180   442     1   263     1   270 0.99 <unknown description>
211269at5125_1276143_0:001b36|CP052039.1:3855850-3856391|+ -            165 211269               -            451  4.3e-109  354.6   0.1   1   1  4.7e-109  4.7e-109  354.5   0.1    13   177     1   165     1   165 1.00 <unknown description>
211269at5125_123648_0:001695|CP052039.1:3856761-3857271|+  -            171 211269               -            451  4.9e-100  324.8   1.6   1   1  5.6e-100  5.6e-100  324.6   1.6   283   450     1   168     1   169 0.99 <unknown description>
211269at5125_1276143_0:001b36|CP052040.1:4849382-4849983|+ -            181 211269               -            451     3e-84  272.7   0.0   1   1   3.7e-84   3.7e-84  272.5   0.0     2   176     4   179     3   180 0.98 <unknown description>
211269at5125_93591_0:001575|CP052039.1:3855850-3856232|+   -            112 211269               -            451   2.7e-73  236.6   0.2   1   1   2.9e-73   2.9e-73  236.5   0.2    13   124     1   112     1   112 1.00 <unknown description>
211269at5125_396571_0:001b1e|CP052040.1:4850331-4850933|+  -            180 211269               -            451     3e-67  216.7   0.2   1   1   3.5e-67   3.5e-67  216.5   0.2   277   442     1   166     1   173 0.99 <unknown description>
211269at5125_655827_0:001e09|CP052039.1:3855850-3856136|+  -             80 211269               -            451   6.9e-49  156.2   0.0   1   1   7.6e-49   7.6e-49  156.0   0.0    13    92     1    80     1    80 0.99 <unknown description>
#
# Program:         hmmsearch
# Version:         3.4 (Aug 2023)
# Pipeline mode:   SEARCH
# Query file:      /home/arafat/busco_downloads/lineages/hypocreales_odb12.2/hmms/211269at5125.hmm
# Target file:     /home/arafat/Foxy_SIX_Evolution/results/busco/GCA_013085055.1/run_hypocreales_odb12.2/miniprot_output/translated_proteins/211269at5125.faa
# Option settings: hmmsearch --domtblout /home/arafat/Foxy_SIX_Evolution/results/busco/GCA_013085055.1/run_hypocreales_odb12.2/hmmer_output/211269at5125.out --cpu 1 /home/arafat/busco_downloads/lineages/hypocreales_odb12.2/hmms/211269at5125.hmm /home/arafat/Foxy_SIX_Evolution/results/busco/GCA_013085055.1/run_hypocreales_odb12.2/miniprot_output/translated_proteins/211269at5125.faa 
# Current dir:     /home/arafat/Foxy_SIX_Evolution
# Date:            Thu Sep 24 15:53:30 2026
# [ok]
