#                                                                                                                --- full sequence --- -------------- this domain -------------   hmm coord   ali coord   env coord
# target name                                            accession   tlen query name           accession   qlen   E-value  score  bias   #  of  c-Evalue  i-Evalue  score  bias  from    to  from    to  from    to  acc description of target
#                                    ------------------- ---------- ----- -------------------- ---------- ----- --------- ------ ----- --- --- --------- --------- ------ ----- ----- ----- ----- ----- ----- ----- ---- ---------------------
212114at5125_2039874_0:000c03|CP052042.1:793888-800468|- -            482 212114               -            427    4e-234  765.8   0.3   1   1  4.7e-234  4.7e-234  765.5   0.3     2   427    29   480    28   480 0.94 <unknown description>
212114at5125_123648_0:0011d2|CP052042.1:792002-795438|-  -            786 212114               -            427  1.9e-233  763.6   0.3   1   1  2.3e-233  2.3e-233  763.3   0.3     2   427     7   458     6   458 0.94 <unknown description>
212114at5125_1859967_0:002102|CP052042.1:790729-795417|- -           1045 212114               -            427  7.2e-230  751.8   0.3   1   1  9.7e-230  9.7e-230  751.3   0.3     3   421     1   444     1   448 0.94 <unknown description>
212114at5125_1080343_0:001d92|CP052042.1:793888-795506|- -            482 212114               -            427  1.2e-229  751.0   0.4   1   1  1.5e-229  1.5e-229  750.7   0.4    12   427    44   480    40   480 0.94 <unknown description>
212114at5125_42672_0:0011e7|CP052042.1:794287-795438|-   -            353 212114               -            427  3.7e-181  591.2   0.1   1   1  4.3e-181  4.3e-181  591.0   0.1     2   328     7   352     6   353 0.93 <unknown description>
212114at5125_2686198_0:001a1a|CP052042.1:793915-794992|- -            330 212114               -            427  1.6e-175  572.7   0.0   1   1  1.9e-175  1.9e-175  572.5   0.0   109   420     1   329     1   330 0.95 <unknown description>
212114at5125_1081102_0:000bee|CP052042.1:794278-794779|- -            168 212114               -            427   2.9e-81  262.1   0.0   1   1   3.5e-81   3.5e-81  261.9   0.0   179   328     1   164     1   167 0.91 <unknown description>
212114at5125_2692428_0:003326|CP052042.1:794347-794626|- -             94 212114               -            427   1.6e-48  154.3   0.1   1   1   1.7e-48   1.7e-48  154.1   0.1   221   309     1    94     1    94 0.93 <unknown description>
#
# Program:         hmmsearch
# Version:         3.4 (Aug 2023)
# Pipeline mode:   SEARCH
# Query file:      /home/arafat/busco_downloads/lineages/hypocreales_odb12.2/hmms/212114at5125.hmm
# Target file:     /home/arafat/Foxy_SIX_Evolution/results/busco/GCA_013085055.1/run_hypocreales_odb12.2/miniprot_output/translated_proteins/212114at5125.faa
# Option settings: hmmsearch --domtblout /home/arafat/Foxy_SIX_Evolution/results/busco/GCA_013085055.1/run_hypocreales_odb12.2/hmmer_output/212114at5125.out --cpu 1 /home/arafat/busco_downloads/lineages/hypocreales_odb12.2/hmms/212114at5125.hmm /home/arafat/Foxy_SIX_Evolution/results/busco/GCA_013085055.1/run_hypocreales_odb12.2/miniprot_output/translated_proteins/212114at5125.faa 
# Current dir:     /home/arafat/Foxy_SIX_Evolution
# Date:            Thu Sep 24 15:53:22 2026
# [ok]
