#                                                                                                                  --- full sequence --- -------------- this domain -------------   hmm coord   ali coord   env coord
# target name                                              accession   tlen query name           accession   qlen   E-value  score  bias   #  of  c-Evalue  i-Evalue  score  bias  from    to  from    to  from    to  acc description of target
#                                      ------------------- ---------- ----- -------------------- ---------- ----- --------- ------ ----- --- --- --------- --------- ------ ----- ----- ----- ----- ----- ----- ----- ---- ---------------------
212806at5125_94208_0:001a41|CP052039.1:4623565-4632541|+   -            578 212806               -            509    1e-293  963.3   0.8   1   1  1.3e-293  1.3e-293  962.9   0.8     4   504     7   523     4   528 0.95 <unknown description>
212806at5125_857340_0:001bad|CP052039.1:4619471-4625381|+  -            599 212806               -            509  1.2e-293  963.1   0.8   1   1  1.4e-293  1.4e-293  962.8   0.8     4   504    32   548    29   553 0.95 <unknown description>
212806at5125_1080343_0:00146e|CP052039.1:4623496-4625402|+ -            604 212806               -            509  1.2e-293  963.0   0.8   1   1  1.5e-293  1.5e-293  962.7   0.8     4   504    30   546    27   551 0.95 <unknown description>
212806at5125_48490_0:000680|CP052039.1:4621665-4625402|+   -            730 212806               -            509  1.9e-293  962.4   0.8   1   1  2.8e-293  2.8e-293  961.8   0.8     4   504   156   672   153   677 0.95 <unknown description>
212806at5125_2826082_0:0017b6|CP052039.1:4623496-4627383|+ -            990 212806               -            509  4.9e-293  961.0   0.8   1   1  6.7e-293  6.7e-293  960.6   0.8     4   504    30   546    27   551 0.95 <unknown description>
212806at5125_413071_0:002d31|CP052039.1:4621359-4627281|+  -            931 212806               -            509  1.8e-292  959.1   0.6   1   1  2.5e-292  2.5e-292  958.7   0.6     7   504    22   535    16   540 0.95 <unknown description>
212806at5125_1859967_0:003025|CP052039.1:4623598-4629793|+ -           1485 212806               -            509  2.3e-291  955.5   0.7   1   1  3.4e-291  3.4e-291  954.9   0.7     9   504     1   512     1   517 0.95 <unknown description>
212806at5125_29875_0:000150|CP052039.1:4621359-4629637|+   -            577 212806               -            509  1.5e-263  863.7   5.8   1   2   6.5e-17   6.5e-17   50.1   0.1     7    47    22    62    16    63 0.94 <unknown description>
212806at5125_29875_0:000150|CP052039.1:4621359-4629637|+   -            577 212806               -            509  1.5e-263  863.7   5.8   2   2  1.9e-249  1.9e-249  817.2   2.5    81   504    61   499    60   504 0.95 <unknown description>
212806at5125_229533_0:001e55|CP052039.1:4624122-4625402|+  -            412 212806               -            509  2.5e-205  671.6   0.5   1   1  3.1e-205  3.1e-205  671.4   0.5   161   504     1   354     1   359 0.95 <unknown description>
#
# Program:         hmmsearch
# Version:         3.4 (Aug 2023)
# Pipeline mode:   SEARCH
# Query file:      /home/arafat/busco_downloads/lineages/hypocreales_odb12.2/hmms/212806at5125.hmm
# Target file:     /home/arafat/Foxy_SIX_Evolution/results/busco/GCA_013085055.1/run_hypocreales_odb12.2/miniprot_output/translated_proteins/212806at5125.faa
# Option settings: hmmsearch --domtblout /home/arafat/Foxy_SIX_Evolution/results/busco/GCA_013085055.1/run_hypocreales_odb12.2/hmmer_output/212806at5125.out --cpu 1 /home/arafat/busco_downloads/lineages/hypocreales_odb12.2/hmms/212806at5125.hmm /home/arafat/Foxy_SIX_Evolution/results/busco/GCA_013085055.1/run_hypocreales_odb12.2/miniprot_output/translated_proteins/212806at5125.faa 
# Current dir:     /home/arafat/Foxy_SIX_Evolution
# Date:            Thu Sep 24 15:53:30 2026
# [ok]
