#                                                                                                                  --- full sequence --- -------------- this domain -------------   hmm coord   ali coord   env coord
# target name                                              accession   tlen query name           accession   qlen   E-value  score  bias   #  of  c-Evalue  i-Evalue  score  bias  from    to  from    to  from    to  acc description of target
#                                      ------------------- ---------- ----- -------------------- ---------- ----- --------- ------ ----- --- --- --------- --------- ------ ----- ----- ----- ----- ----- ----- ----- ---- ---------------------
213269at5125_100902_0:00359c|CP052043.1:3384871-3386134|+  -            422 213269               -            362  3.3e-176  575.2  23.5   1   1  2.9e-174  2.9e-174  568.8  23.5     1   362     1   421     1   421 0.85 <unknown description>
213269at5125_1328300_0:0037af|CP052043.1:3385123-3386119|+ -            333 213269               -            362  8.8e-145  471.8   0.7   1   1  9.9e-143  9.9e-143  465.1   0.7    78   358    13   333     3   333 0.85 <unknown description>
213269at5125_490622_0:002349|CP052043.1:3385399-3386134|+  -            246 213269               -            362  2.5e-126  411.1   0.0   1   1  2.7e-126  2.7e-126  411.0   0.0   133   362     7   245     1   245 0.90 <unknown description>
213269at5125_694270_0:002a09|CP052043.1:3385573-3386134|+  -            188 213269               -            362    5e-117  380.5   0.0   1   1  5.6e-117  5.6e-117  380.4   0.0   178   362     2   187     1   187 0.98 <unknown description>
213269at5125_911162_0:001a31|CP052043.1:3385774-3386134|+  -            121 213269               -            362   6.6e-69  222.2   1.4   1   1   7.3e-69   7.3e-69  222.1   1.4   244   362     1   120     1   120 0.98 <unknown description>
213269at5125_694270_0:002c98|CP052043.1:3384871-3385354|+  -            162 213269               -            362   6.4e-54  172.9  17.4   1   1     1e-53     1e-53  172.2  17.4     1   130     1   149     1   155 0.86 <unknown description>
213269at5125_490622_0:000644|CP052043.1:3384871-3385537|+  -            223 213269               -            362   2.5e-53  170.9  33.4   1   1   5.8e-51   5.8e-51  163.2  33.4     1   171     1   223     1   223 0.75 <unknown description>
213269at5125_468837_0:00016b|CP052043.1:3385873-3386134|+  -             88 213269               -            362     5e-51  163.4   1.0   1   1   5.4e-51   5.4e-51  163.3   1.0   277   362     1    87     1    87 0.96 <unknown description>
213269at5125_2004951_0:0017ac|CP052043.1:3384871-3385249|+ -            127 213269               -            362   8.9e-42  133.0  24.6   1   1   1.4e-41   1.4e-41  132.3  24.6     1   108     1   127     1   127 0.85 <unknown description>
#
# Program:         hmmsearch
# Version:         3.4 (Aug 2023)
# Pipeline mode:   SEARCH
# Query file:      /home/arafat/busco_downloads/lineages/hypocreales_odb12.2/hmms/213269at5125.hmm
# Target file:     /home/arafat/Foxy_SIX_Evolution/results/busco/GCA_013085055.1/run_hypocreales_odb12.2/miniprot_output/translated_proteins/213269at5125.faa
# Option settings: hmmsearch --domtblout /home/arafat/Foxy_SIX_Evolution/results/busco/GCA_013085055.1/run_hypocreales_odb12.2/hmmer_output/213269at5125.out --cpu 1 /home/arafat/busco_downloads/lineages/hypocreales_odb12.2/hmms/213269at5125.hmm /home/arafat/Foxy_SIX_Evolution/results/busco/GCA_013085055.1/run_hypocreales_odb12.2/miniprot_output/translated_proteins/213269at5125.faa 
# Current dir:     /home/arafat/Foxy_SIX_Evolution
# Date:            Thu Sep 24 15:53:15 2026
# [ok]
