#                                                                                                                  --- full sequence --- -------------- this domain -------------   hmm coord   ali coord   env coord
# target name                                              accession   tlen query name           accession   qlen   E-value  score  bias   #  of  c-Evalue  i-Evalue  score  bias  from    to  from    to  from    to  acc description of target
#                                      ------------------- ---------- ----- -------------------- ---------- ----- --------- ------ ----- --- --- --------- --------- ------ ----- ----- ----- ----- ----- ----- ----- ---- ---------------------
213782at5125_100902_0:001500|CP052041.1:2757119-2758053|+  -            295 213782               -            292  2.4e-184  600.1   0.4   1   1  2.8e-184  2.8e-184  599.9   0.4     3   292     5   294     3   294 0.99 <unknown description>
213782at5125_1736662_0:001d06|CP052041.1:2757383-2758053|+ -            207 213782               -            292  1.2e-132  430.4   1.3   1   1  1.4e-132  1.4e-132  430.2   1.3    88   292     2   206     1   206 1.00 <unknown description>
213782at5125_1967640_0:001319|CP052041.1:2757143-2757734|+ -            198 213782               -            292  9.7e-127  411.0   1.7   1   1  1.1e-126  1.1e-126  410.9   1.7     7   204     1   198     1   198 1.00 <unknown description>
213782at5125_29856_0:0005d2|CP052041.1:2757614-2758053|+   -            130 213782               -            292   1.2e-81  263.0   1.1   1   1   1.3e-81   1.3e-81  262.8   1.1   164   292     1   129     1   129 1.00 <unknown description>
213782at5125_160324_0:00091c|CP052041.1:2757110-2757413|+  -            102 213782               -            292   2.7e-54  173.2   0.1   1   1     3e-54     3e-54  173.1   0.1     3    97     8   102     6   102 0.98 <unknown description>
213782at5125_1967640_0:0017df|CP052041.1:2757491-2757734|+ -             82 213782               -            292   3.8e-54  172.7   1.4   1   1   4.2e-54   4.2e-54  172.6   1.4   123   204     1    82     1    82 0.99 <unknown description>
213782at5125_1291519_0:00198f|CP052041.1:2757137-2757377|+ -             81 213782               -            292   6.8e-47  148.9   0.1   1   1   7.3e-47   7.3e-47  148.8   0.1     6    84     2    80     1    81 0.97 <unknown description>
#
# Program:         hmmsearch
# Version:         3.4 (Aug 2023)
# Pipeline mode:   SEARCH
# Query file:      /home/arafat/busco_downloads/lineages/hypocreales_odb12.2/hmms/213782at5125.hmm
# Target file:     /home/arafat/Foxy_SIX_Evolution/results/busco/GCA_013085055.1/run_hypocreales_odb12.2/miniprot_output/translated_proteins/213782at5125.faa
# Option settings: hmmsearch --domtblout /home/arafat/Foxy_SIX_Evolution/results/busco/GCA_013085055.1/run_hypocreales_odb12.2/hmmer_output/213782at5125.out --cpu 1 /home/arafat/busco_downloads/lineages/hypocreales_odb12.2/hmms/213782at5125.hmm /home/arafat/Foxy_SIX_Evolution/results/busco/GCA_013085055.1/run_hypocreales_odb12.2/miniprot_output/translated_proteins/213782at5125.faa 
# Current dir:     /home/arafat/Foxy_SIX_Evolution
# Date:            Thu Sep 24 15:53:24 2026
# [ok]
