#                                                                                                                  --- full sequence --- -------------- this domain -------------   hmm coord   ali coord   env coord
# target name                                              accession   tlen query name           accession   qlen   E-value  score  bias   #  of  c-Evalue  i-Evalue  score  bias  from    to  from    to  from    to  acc description of target
#                                      ------------------- ---------- ----- -------------------- ---------- ----- --------- ------ ----- --- --- --------- --------- ------ ----- ----- ----- ----- ----- ----- ----- ---- ---------------------
213889at5125_660027_0:00191e|CP052041.1:3580795-3582281|+  -            478 213889               -            449    4e-230  753.1   0.2   1   1  4.6e-230  4.6e-230  752.9   0.2     2   444     9   464     8   469 0.95 <unknown description>
213889at5125_1736662_0:0000ca|CP052041.1:3581236-3582281|+ -            331 213889               -            449  5.3e-180  587.9   0.9   1   1  5.9e-180  5.9e-180  587.7   0.9   130   444     1   317     1   322 0.98 <unknown description>
213889at5125_595255_0:002c36|CP052041.1:3580789-3585779|+  -            329 213889               -            449  7.8e-151  491.8   0.5   1   1  9.5e-151  9.5e-151  491.5   0.5     2   298    11   319    10   325 0.94 <unknown description>
213889at5125_1080343_0:0003dd|CP052041.1:3580795-3581654|+ -            269 213889               -            449  1.1e-129  422.0   0.1   1   1  1.3e-129  1.3e-129  421.8   0.1     2   251     9   269     8   269 0.94 <unknown description>
213889at5125_96774_0:0010a4|CP052041.1:3580840-3581506|+   -            223 213889               -            449  6.2e-111  360.2   0.2   1   1  6.9e-111  6.9e-111  360.1   0.2     9   219     1   222     1   223 0.93 <unknown description>
213889at5125_268505_0:000876|CP052041.1:3581383-3582152|+  -            185 213889               -            449  5.3e-103  334.1   5.6   1   2   3.2e-60   3.2e-60  193.1   1.9   179   275     1    97     1    98 0.99 <unknown description>
213889at5125_268505_0:000876|CP052041.1:3581383-3582152|+  -            185 213889               -            449  5.3e-103  334.1   5.6   2   2   3.7e-45   3.7e-45  143.4   0.1   330   415    99   185    97   185 0.97 <unknown description>
213889at5125_1080343_0:000595|CP052041.1:3581663-3582281|+ -            207 213889               -            449   8.6e-95  307.1   0.7   1   1   9.5e-95   9.5e-95  306.9   0.7   254   444     1   193     1   198 0.97 <unknown description>
213889at5125_5507_2:0008c2|CP052041.1:3581834-3582281|+    -            150 213889               -            449   2.9e-67  216.3   0.1   1   1   3.2e-67   3.2e-67  216.2   0.1   310   444     1   136     1   141 0.97 <unknown description>
#
# Program:         hmmsearch
# Version:         3.4 (Aug 2023)
# Pipeline mode:   SEARCH
# Query file:      /home/arafat/busco_downloads/lineages/hypocreales_odb12.2/hmms/213889at5125.hmm
# Target file:     /home/arafat/Foxy_SIX_Evolution/results/busco/GCA_013085055.1/run_hypocreales_odb12.2/miniprot_output/translated_proteins/213889at5125.faa
# Option settings: hmmsearch --domtblout /home/arafat/Foxy_SIX_Evolution/results/busco/GCA_013085055.1/run_hypocreales_odb12.2/hmmer_output/213889at5125.out --cpu 1 /home/arafat/busco_downloads/lineages/hypocreales_odb12.2/hmms/213889at5125.hmm /home/arafat/Foxy_SIX_Evolution/results/busco/GCA_013085055.1/run_hypocreales_odb12.2/miniprot_output/translated_proteins/213889at5125.faa 
# Current dir:     /home/arafat/Foxy_SIX_Evolution
# Date:            Thu Sep 24 15:53:25 2026
# [ok]
