#                                                                                                                  --- full sequence --- -------------- this domain -------------   hmm coord   ali coord   env coord
# target name                                              accession   tlen query name           accession   qlen   E-value  score  bias   #  of  c-Evalue  i-Evalue  score  bias  from    to  from    to  from    to  acc description of target
#                                      ------------------- ---------- ----- -------------------- ---------- ----- --------- ------ ----- --- --- --------- --------- ------ ----- ----- ----- ----- ----- ----- ----- ---- ---------------------
214073at5125_100902_0:0019ee|CP052042.1:3335722-3336621|-  -            282 214073               -            265  1.8e-154  501.3   0.1   1   1  2.1e-154  2.1e-154  501.0   0.1     2   265     5   280     4   280 0.96 <unknown description>
214073at5125_5507_5:003d7e|CP052042.1:3335722-3336972|-    -            399 214073               -            265  3.7e-154  500.2   0.1   1   2       1.2       1.2   -3.0   0.0    45    66    16    37     7    40 0.82 <unknown description>
214073at5125_5507_5:003d7e|CP052042.1:3335722-3336972|-    -            399 214073               -            265  3.7e-154  500.2   0.1   2   2    7e-154    7e-154  499.3   0.1     2   265   122   397   121   397 0.96 <unknown description>
214073at5125_195108_0:003468|CP052042.1:3335722-3340703|-  -            374 214073               -            265  4.7e-154  499.9   0.1   1   1  5.7e-154  5.7e-154  499.6   0.1     2   265    97   372    96   372 0.96 <unknown description>
214073at5125_268505_0:0005dd|CP052042.1:3335986-3336627|-  -            196 214073               -            265  3.7e-117  378.9   0.0   1   1  4.2e-117  4.2e-117  378.8   0.0     2   190     7   196     6   196 0.99 <unknown description>
214073at5125_2885761_0:000fa0|CP052042.1:3336210-3336621|- -            138 214073               -            265   3.9e-77  247.7   0.5   1   1   4.4e-77   4.4e-77  247.5   0.5     2   131     5   135     4   137 0.98 <unknown description>
214073at5125_2030778_0:000abf|CP052042.1:3335940-3336369|- -            110 214073               -            265   2.3e-58  186.2   0.0   1   1   2.6e-58   2.6e-58  186.0   0.0    82   177     2    97     1   106 0.97 <unknown description>
214073at5125_2885761_0:000ff0|CP052042.1:3335722-3336061|- -            114 214073               -            265   4.9e-51  162.2   0.0   1   1   5.7e-51   5.7e-51  161.9   0.0   165   265     1   112     1   112 0.91 <unknown description>
214073at5125_468837_0:0001d1|CP052042.1:3335722-3335989|-  -             90 214073               -            265   3.8e-36  113.4   0.0   1   1   4.4e-36   4.4e-36  113.1   0.0   189   265     1    88     1    88 0.89 <unknown description>
#
# Program:         hmmsearch
# Version:         3.4 (Aug 2023)
# Pipeline mode:   SEARCH
# Query file:      /home/arafat/busco_downloads/lineages/hypocreales_odb12.2/hmms/214073at5125.hmm
# Target file:     /home/arafat/Foxy_SIX_Evolution/results/busco/GCA_013085055.1/run_hypocreales_odb12.2/miniprot_output/translated_proteins/214073at5125.faa
# Option settings: hmmsearch --domtblout /home/arafat/Foxy_SIX_Evolution/results/busco/GCA_013085055.1/run_hypocreales_odb12.2/hmmer_output/214073at5125.out --cpu 1 /home/arafat/busco_downloads/lineages/hypocreales_odb12.2/hmms/214073at5125.hmm /home/arafat/Foxy_SIX_Evolution/results/busco/GCA_013085055.1/run_hypocreales_odb12.2/miniprot_output/translated_proteins/214073at5125.faa 
# Current dir:     /home/arafat/Foxy_SIX_Evolution
# Date:            Thu Sep 24 15:53:30 2026
# [ok]
