#                                                                                                                  --- full sequence --- -------------- this domain -------------   hmm coord   ali coord   env coord
# target name                                              accession   tlen query name           accession   qlen   E-value  score  bias   #  of  c-Evalue  i-Evalue  score  bias  from    to  from    to  from    to  acc description of target
#                                      ------------------- ---------- ----- -------------------- ---------- ----- --------- ------ ----- --- --- --------- --------- ------ ----- ----- ----- ----- ----- ----- ----- ---- ---------------------
214101at5125_72712_0:002a1a|CP052042.1:3624777-3627706|+   -            869 214101               -            817         0 1510.0  14.1   1   1         0         0 1508.7  14.1     1   816    15   858    15   859 0.96 <unknown description>
214101at5125_5507_5:003bf0|CP052042.1:3623921-3627685|+    -            970 214101               -            817         0 1508.4  13.4   1   1         0         0 1507.1  13.4     3   816   125   966   123   967 0.96 <unknown description>
214101at5125_94208_0:000314|CP052042.1:3624777-3627052|+   -            670 214101               -            817         0 1181.9   2.9   1   1         0         0 1177.4   2.9     1   631    15   669    15   670 0.95 <unknown description>
214101at5125_78410_0:000b78|CP052042.1:3625685-3627682|+   -            599 214101               -            817  9.6e-305 1002.3  20.2   1   2    4e-219    4e-219  719.1   0.6   201   619     1   426     1   427 0.97 <unknown description>
214101at5125_78410_0:000b78|CP052042.1:3625685-3627682|+   -            599 214101               -            817  9.6e-305 1002.3  20.2   2   2   1.2e-89   1.2e-89  290.8  13.3   644   816   421   596   421   597 0.97 <unknown description>
214101at5125_1208366_0:0037d7|CP052042.1:3624777-3626378|+ -            461 214101               -            817  5.9e-270  887.2   2.3   1   1  2.1e-269  2.1e-269  885.4   2.3     1   430    15   460    15   461 0.97 <unknown description>
214101at5125_1208366_0:003683|CP052042.1:3626387-3627685|+ -            399 214101               -            817    2e-182  597.7  21.8   1   1  2.2e-182  2.2e-182  597.6  21.8   436   816     5   395     1   396 0.95 <unknown description>
214101at5125_2559227_0:000417|CP052042.1:3625685-3626564|+ -            294 214101               -            817  1.5e-163  535.3   0.1   1   1  1.7e-163  1.7e-163  535.1   0.1   201   490     1   293     1   294 0.97 <unknown description>
214101at5125_2559224_0:001501|CP052042.1:3626650-3627679|+ -            327 214101               -            817  9.2e-156  509.5  16.6   1   1    1e-155    1e-155  509.3  16.6   499   816     1   325     1   326 0.97 <unknown description>
214101at5125_78410_0:000b68|CP052042.1:3624774-3625636|+   -            232 214101               -            817    1e-127  416.7   4.3   1   1  6.1e-127  6.1e-127  414.2   4.3     1   198    16   228    16   231 0.95 <unknown description>
#
# Program:         hmmsearch
# Version:         3.4 (Aug 2023)
# Pipeline mode:   SEARCH
# Query file:      /home/arafat/busco_downloads/lineages/hypocreales_odb12.2/hmms/214101at5125.hmm
# Target file:     /home/arafat/Foxy_SIX_Evolution/results/busco/GCA_013085055.1/run_hypocreales_odb12.2/miniprot_output/translated_proteins/214101at5125.faa
# Option settings: hmmsearch --domtblout /home/arafat/Foxy_SIX_Evolution/results/busco/GCA_013085055.1/run_hypocreales_odb12.2/hmmer_output/214101at5125.out --cpu 1 /home/arafat/busco_downloads/lineages/hypocreales_odb12.2/hmms/214101at5125.hmm /home/arafat/Foxy_SIX_Evolution/results/busco/GCA_013085055.1/run_hypocreales_odb12.2/miniprot_output/translated_proteins/214101at5125.faa 
# Current dir:     /home/arafat/Foxy_SIX_Evolution
# Date:            Thu Sep 24 15:53:31 2026
# [ok]
