#                                                                                                                  --- full sequence --- -------------- this domain -------------   hmm coord   ali coord   env coord
# target name                                              accession   tlen query name           accession   qlen   E-value  score  bias   #  of  c-Evalue  i-Evalue  score  bias  from    to  from    to  from    to  acc description of target
#                                      ------------------- ---------- ----- -------------------- ---------- ----- --------- ------ ----- --- --- --------- --------- ------ ----- ----- ----- ----- ----- ----- ----- ---- ---------------------
214292at5125_2502994_0:001f00|CP052038.1:4414253-4415501|+ -            346 214292               -            321  7.6e-195  635.3   0.1   1   1  9.7e-195  9.7e-195  634.9   0.1     1   321     1   344     1   344 0.96 <unknown description>
214292at5125_1331945_0:00142b|CP052038.1:4411581-4415501|+ -            741 214292               -            321  3.4e-180  587.1   0.5   1   1    5e-180    5e-180  586.6   0.5    36   321   447   739   428   739 0.95 <unknown description>
214292at5125_2692428_0:002453|CP052038.1:4414532-4415501|+ -            284 214292               -            321  1.1e-170  555.8   0.3   1   1  1.4e-170  1.4e-170  555.6   0.3    53   321     8   282     2   282 0.96 <unknown description>
214292at5125_5507_1:000906|CP052038.1:4414253-4415186|+    -            272 214292               -            321  5.3e-156  507.6   0.1   1   1  5.9e-156  5.9e-156  507.5   0.1     1   257     1   270     1   271 0.96 <unknown description>
214292at5125_5544_1:0013bb|CP052038.1:4414757-4415501|+    -            209 214292               -            321  3.2e-121  393.4   0.2   1   1  3.5e-121  3.5e-121  393.2   0.2   121   321     1   207     1   207 0.97 <unknown description>
214292at5125_79018_0:0036c9|CP052038.1:4414443-4415245|+   -            238 214292               -            321  9.8e-104  335.9   0.1   1   1  1.3e-103  1.3e-103  335.5   0.1    49   219    21   196     4   200 0.92 <unknown description>
214292at5125_1111077_0:0003bd|CP052038.1:4414438-4414979|+ -            162 214292               -            321    3e-102  331.0   0.3   1   1  3.6e-102  3.6e-102  330.7   0.3    38   194     4   162     2   162 0.98 <unknown description>
214292at5125_2714763_0:000394|CP052038.1:4414253-4414814|+ -            148 214292               -            321   2.3e-85  275.5   0.1   1   1   2.6e-85   2.6e-85  275.4   0.1     1   138     1   146     1   148 0.96 <unknown description>
#
# Program:         hmmsearch
# Version:         3.4 (Aug 2023)
# Pipeline mode:   SEARCH
# Query file:      /home/arafat/busco_downloads/lineages/hypocreales_odb12.2/hmms/214292at5125.hmm
# Target file:     /home/arafat/Foxy_SIX_Evolution/results/busco/GCA_013085055.1/run_hypocreales_odb12.2/miniprot_output/translated_proteins/214292at5125.faa
# Option settings: hmmsearch --domtblout /home/arafat/Foxy_SIX_Evolution/results/busco/GCA_013085055.1/run_hypocreales_odb12.2/hmmer_output/214292at5125.out --cpu 1 /home/arafat/busco_downloads/lineages/hypocreales_odb12.2/hmms/214292at5125.hmm /home/arafat/Foxy_SIX_Evolution/results/busco/GCA_013085055.1/run_hypocreales_odb12.2/miniprot_output/translated_proteins/214292at5125.faa 
# Current dir:     /home/arafat/Foxy_SIX_Evolution
# Date:            Thu Sep 24 15:53:31 2026
# [ok]
