#                                                                                                                  --- full sequence --- -------------- this domain -------------   hmm coord   ali coord   env coord
# target name                                              accession   tlen query name           accession   qlen   E-value  score  bias   #  of  c-Evalue  i-Evalue  score  bias  from    to  from    to  from    to  acc description of target
#                                      ------------------- ---------- ----- -------------------- ---------- ----- --------- ------ ----- --- --- --------- --------- ------ ----- ----- ----- ----- ----- ----- ----- ---- ---------------------
214523at5125_1245745_0:002937|CP052039.1:4120909-4126717|+ -           1587 214523               -           1277         0 1988.3   1.2   1   1         0         0 1988.0   1.2     3  1266     2  1257     1  1267 0.96 <unknown description>
214523at5125_660027_0:000c70|CP052039.1:4120906-4125460|+  -           1446 214523               -           1277         0 1987.5   5.6   1   1         0         0 1987.0   5.6     1  1266     1  1258     1  1347 0.96 <unknown description>
214523at5125_5507_4:002200|CP052039.1:4121313-4124899|+    -           1154 214523               -           1277         0 1792.2   3.9   1   1         0         0 1792.0   3.9   120  1266     1  1141     1  1151 0.96 <unknown description>
214523at5125_101201_0:000c43|CP052039.1:4122486-4124827|+  -            739 214523               -           1277         0 1142.4   4.7   1   1         0         0 1142.2   4.7   508  1252     1   736     1   739 0.95 <unknown description>
214523at5125_1649241_0:000a9a|CP052039.1:4121091-4123052|+ -            632 214523               -           1277         0 1035.4   0.0   1   1         0         0 1035.1   0.0    47   670     2   629     1   631 0.97 <unknown description>
214523at5125_2004951_0:001187|CP052039.1:4123096-4124890|+ -            599 214523               -           1277  3.2e-269  885.3  10.8   1   1  3.7e-269  3.7e-269  885.1  10.8   670  1265     3   588     1   598 0.94 <unknown description>
214523at5125_195108_0:0038fe|CP052039.1:4123606-4124875|+  -            424 214523               -           1277  6.4e-220  722.0   0.6   1   1  7.5e-220  7.5e-220  721.8   0.6   840  1264     1   417     1   423 0.97 <unknown description>
214523at5125_150374_0:000bbd|CP052039.1:4121403-4122603|+  -            401 214523               -           1277  9.8e-183  598.8   0.0   1   1  1.1e-182  1.1e-182  598.7   0.0   150   545     1   399     1   401 0.96 <unknown description>
#
# Program:         hmmsearch
# Version:         3.4 (Aug 2023)
# Pipeline mode:   SEARCH
# Query file:      /home/arafat/busco_downloads/lineages/hypocreales_odb12.2/hmms/214523at5125.hmm
# Target file:     /home/arafat/Foxy_SIX_Evolution/results/busco/GCA_013085055.1/run_hypocreales_odb12.2/miniprot_output/translated_proteins/214523at5125.faa
# Option settings: hmmsearch --domtblout /home/arafat/Foxy_SIX_Evolution/results/busco/GCA_013085055.1/run_hypocreales_odb12.2/hmmer_output/214523at5125.out --cpu 1 /home/arafat/busco_downloads/lineages/hypocreales_odb12.2/hmms/214523at5125.hmm /home/arafat/Foxy_SIX_Evolution/results/busco/GCA_013085055.1/run_hypocreales_odb12.2/miniprot_output/translated_proteins/214523at5125.faa 
# Current dir:     /home/arafat/Foxy_SIX_Evolution
# Date:            Thu Sep 24 15:53:34 2026
# [ok]
