#                                                                                                                  --- full sequence --- -------------- this domain -------------   hmm coord   ali coord   env coord
# target name                                              accession   tlen query name           accession   qlen   E-value  score  bias   #  of  c-Evalue  i-Evalue  score  bias  from    to  from    to  from    to  acc description of target
#                                      ------------------- ---------- ----- -------------------- ---------- ----- --------- ------ ----- --- --- --------- --------- ------ ----- ----- ----- ----- ----- ----- ----- ---- ---------------------
215144at5125_1859967_0:001903|CP052043.1:2740333-2751707|+ -           2804 215144               -           1862         0 3335.8   2.9   1   2         0         0 3322.4   0.1     2  1834     1  1919     1  1929 0.94 <unknown description>
215144at5125_1859967_0:001903|CP052043.1:2740333-2751707|+ -           2804 215144               -           1862         0 3335.8   2.9   2   2   2.6e-06   2.6e-06   13.0   0.5  1803  1859  1967  2023  1932  2026 0.69 <unknown description>
215144at5125_660027_0:0025f6|CP052043.1:2740330-2746727|+  -           2089 215144               -           1862         0 3333.2   8.2   1   2         0         0 3322.6   2.0     2  1834     2  1920     1  1929 0.94 <unknown description>
215144at5125_660027_0:0025f6|CP052043.1:2740330-2746727|+  -           2089 215144               -           1862         0 3333.2   8.2   2   2   1.8e-06   1.8e-06   13.4   0.5  1803  1859  1968  2024  1933  2027 0.69 <unknown description>
215144at5125_2364996_0:003527|CP052043.1:2738158-2746727|+ -           2524 215144               -           1862         0 3332.2   7.9   1   2         0         0 3322.0   1.6     2  1834   445  2363   444  2371 0.94 <unknown description>
215144at5125_2364996_0:003527|CP052043.1:2738158-2746727|+ -           2524 215144               -           1862         0 3332.2   7.9   2   2   2.3e-06   2.3e-06   13.1   0.5  1803  1859  2411  2467  2376  2470 0.69 <unknown description>
215144at5125_63577_0:000009|CP052043.1:2740327-2744584|+   -           1405 215144               -           1862         0 2240.3   2.8   1   1         0         0 2239.3   2.8     2  1316     3  1392     2  1402 0.93 <unknown description>
215144at5125_96774_0:000f1b|CP052043.1:2744491-2746727|+   -            709 215144               -           1862         0 1101.1   4.1   1   2         0         0 1086.3   0.1  1300  1834     1   548     1   556 0.93 <unknown description>
215144at5125_96774_0:000f1b|CP052043.1:2744491-2746727|+   -            709 215144               -           1862         0 1101.1   4.1   2   2     6e-07     6e-07   15.0   0.8  1802  1859   595   652   560   655 0.68 <unknown description>
#
# Program:         hmmsearch
# Version:         3.4 (Aug 2023)
# Pipeline mode:   SEARCH
# Query file:      /home/arafat/busco_downloads/lineages/hypocreales_odb12.2/hmms/215144at5125.hmm
# Target file:     /home/arafat/Foxy_SIX_Evolution/results/busco/GCA_013085055.1/run_hypocreales_odb12.2/miniprot_output/translated_proteins/215144at5125.faa
# Option settings: hmmsearch --domtblout /home/arafat/Foxy_SIX_Evolution/results/busco/GCA_013085055.1/run_hypocreales_odb12.2/hmmer_output/215144at5125.out --cpu 1 /home/arafat/busco_downloads/lineages/hypocreales_odb12.2/hmms/215144at5125.hmm /home/arafat/Foxy_SIX_Evolution/results/busco/GCA_013085055.1/run_hypocreales_odb12.2/miniprot_output/translated_proteins/215144at5125.faa 
# Current dir:     /home/arafat/Foxy_SIX_Evolution
# Date:            Thu Sep 24 15:53:23 2026
# [ok]
