#                                                                                                                  --- full sequence --- -------------- this domain -------------   hmm coord   ali coord   env coord
# target name                                              accession   tlen query name           accession   qlen   E-value  score  bias   #  of  c-Evalue  i-Evalue  score  bias  from    to  from    to  from    to  acc description of target
#                                      ------------------- ---------- ----- -------------------- ---------- ----- --------- ------ ----- --- --- --------- --------- ------ ----- ----- ----- ----- ----- ----- ----- ---- ---------------------
215236at5125_100902_0:00195b|CP052042.1:2088735-2090312|+  -            450 215236               -            412  2.4e-228  746.6   3.8   1   2   1.6e-22   1.6e-22   68.7   0.7     5    54     7    54     1    68 0.86 <unknown description>
215236at5125_100902_0:00195b|CP052042.1:2088735-2090312|+  -            450 215236               -            412  2.4e-228  746.6   3.8   2   2  6.5e-208  6.5e-208  679.3   0.1    44   412    68   448    64   448 0.95 <unknown description>
215236at5125_80388_0:0017cf|CP052042.1:2086509-2090312|+   -            358 215236               -            412  3.7e-188  614.2   0.2   1   1  4.6e-188  4.6e-188  613.9   0.2    75   412     8   356     5   356 0.95 <unknown description>
215236at5125_1736662_0:00093d|CP052042.1:2089246-2090312|+ -            323 215236               -            412  5.6e-181  590.6   1.3   1   1  6.3e-181  6.3e-181  590.4   1.3    97   412     1   321     1   321 0.96 <unknown description>
215236at5125_1806559_0:001bee|CP052042.1:2088735-2089942|+ -            360 215236               -            412  4.5e-169  551.4   6.4   1   2   1.1e-22   1.1e-22   69.2   0.6     5    54     7    54     1    67 0.86 <unknown description>
215236at5125_1806559_0:001bee|CP052042.1:2088735-2089942|+ -            360 215236               -            412  4.5e-169  551.4   6.4   2   2  3.7e-149  3.7e-149  485.8   0.7    44   323    68   359    62   360 0.94 <unknown description>
215236at5125_2604345_0:003d02|CP052042.1:2089594-2090312|+ -            207 215236               -            412    4e-118  383.6   0.8   1   1  4.4e-118  4.4e-118  383.4   0.8   211   412     1   205     1   205 0.97 <unknown description>
215236at5125_63577_0:0012ff|CP052042.1:2088738-2089645|+   -            260 215236               -            412  1.7e-116  378.2   1.5   1   2   9.5e-23   9.5e-23   69.4   0.6     5    54     6    53     2    66 0.87 <unknown description>
215236at5125_63577_0:0012ff|CP052042.1:2088738-2089645|+   -            260 215236               -            412  1.7e-116  378.2   1.5   2   2   3.5e-95   3.5e-95  308.0   0.0    44   227    67   259    61   260 0.94 <unknown description>
#
# Program:         hmmsearch
# Version:         3.4 (Aug 2023)
# Pipeline mode:   SEARCH
# Query file:      /home/arafat/busco_downloads/lineages/hypocreales_odb12.2/hmms/215236at5125.hmm
# Target file:     /home/arafat/Foxy_SIX_Evolution/results/busco/GCA_013085055.1/run_hypocreales_odb12.2/miniprot_output/translated_proteins/215236at5125.faa
# Option settings: hmmsearch --domtblout /home/arafat/Foxy_SIX_Evolution/results/busco/GCA_013085055.1/run_hypocreales_odb12.2/hmmer_output/215236at5125.out --cpu 1 /home/arafat/busco_downloads/lineages/hypocreales_odb12.2/hmms/215236at5125.hmm /home/arafat/Foxy_SIX_Evolution/results/busco/GCA_013085055.1/run_hypocreales_odb12.2/miniprot_output/translated_proteins/215236at5125.faa 
# Current dir:     /home/arafat/Foxy_SIX_Evolution
# Date:            Thu Sep 24 15:53:31 2026
# [ok]
