#                                                                                                                  --- full sequence --- -------------- this domain -------------   hmm coord   ali coord   env coord
# target name                                              accession   tlen query name           accession   qlen   E-value  score  bias   #  of  c-Evalue  i-Evalue  score  bias  from    to  from    to  from    to  acc description of target
#                                      ------------------- ---------- ----- -------------------- ---------- ----- --------- ------ ----- --- --- --------- --------- ------ ----- ----- ----- ----- ----- ----- ----- ---- ---------------------
215431at5125_307937_0:00439c|CP052040.1:2822060-2829674|+  -            495 215431               -            429  1.3e-273  895.5   0.5   1   1  6.5e-271  6.5e-271  886.6   0.5     3   429    11   457     9   457 0.96 <unknown description>
215431at5125_1081102_0:000421|CP052040.1:2822075-2824590|+ -            495 215431               -            429  1.3e-273  895.5   0.5   1   1  6.5e-271  6.5e-271  886.6   0.5     3   429     6   452     4   452 0.96 <unknown description>
215431at5125_48484_0:0030eb|CP052040.1:2822060-2823779|+   -            515 215431               -            429  2.2e-267  875.0   1.5   1   3   1.1e-06   1.1e-06   16.1   0.0     3    25    11    33     9    50 0.82 <unknown description>
215431at5125_48484_0:0030eb|CP052040.1:2822060-2823779|+   -            515 215431               -            429  2.2e-267  875.0   1.5   2   3   1.1e-71   1.1e-71  230.3   0.0    23   138    87   202    80   207 0.96 <unknown description>
215431at5125_48484_0:0030eb|CP052040.1:2822060-2823779|+   -            515 215431               -            429  2.2e-267  875.0   1.5   3   3  4.2e-192  4.2e-192  627.0   0.1   124   429   206   513   200   513 0.98 <unknown description>
215431at5125_5544_1:0020b5|CP052040.1:2822521-2823779|+    -            378 215431               -            429  2.3e-226  739.9   1.1   1   2   1.3e-35   1.3e-35  111.4   0.1    74   138     1    65     1    70 0.94 <unknown description>
215431at5125_5544_1:0020b5|CP052040.1:2822521-2823779|+    -            378 215431               -            429  2.3e-226  739.9   1.1   2   2  1.5e-192  1.5e-192  628.4   0.1   123   429    68   376    62   376 0.98 <unknown description>
215431at5125_468837_0:00255c|CP052040.1:2822057-2822626|+  -            118 215431               -            429   4.7e-71  228.2   0.0   1   1   5.3e-71   5.3e-71  228.0   0.0     3   107    12   116    10   118 0.98 <unknown description>
#
# Program:         hmmsearch
# Version:         3.4 (Aug 2023)
# Pipeline mode:   SEARCH
# Query file:      /home/arafat/busco_downloads/lineages/hypocreales_odb12.2/hmms/215431at5125.hmm
# Target file:     /home/arafat/Foxy_SIX_Evolution/results/busco/GCA_013085055.1/run_hypocreales_odb12.2/miniprot_output/translated_proteins/215431at5125.faa
# Option settings: hmmsearch --domtblout /home/arafat/Foxy_SIX_Evolution/results/busco/GCA_013085055.1/run_hypocreales_odb12.2/hmmer_output/215431at5125.out --cpu 1 /home/arafat/busco_downloads/lineages/hypocreales_odb12.2/hmms/215431at5125.hmm /home/arafat/Foxy_SIX_Evolution/results/busco/GCA_013085055.1/run_hypocreales_odb12.2/miniprot_output/translated_proteins/215431at5125.faa 
# Current dir:     /home/arafat/Foxy_SIX_Evolution
# Date:            Thu Sep 24 15:53:33 2026
# [ok]
