#                                                                                                                  --- full sequence --- -------------- this domain -------------   hmm coord   ali coord   env coord
# target name                                              accession   tlen query name           accession   qlen   E-value  score  bias   #  of  c-Evalue  i-Evalue  score  bias  from    to  from    to  from    to  acc description of target
#                                      ------------------- ---------- ----- -------------------- ---------- ----- --------- ------ ----- --- --- --------- --------- ------ ----- ----- ----- ----- ----- ----- ----- ---- ---------------------
216029at5125_2039875_0:000af0|CP052045.1:2186769-2199844|- -           1285 216029               -           1150         0 2291.2   0.7   1   2         0         0 1208.5   0.0     1   580    49   639    49   654 0.96 <unknown description>
216029at5125_2039875_0:000af0|CP052045.1:2186769-2199844|- -           1285 216029               -           1150         0 2291.2   0.7   2   2         0         0 1078.3   0.8   571  1150   665  1279   653  1279 0.91 <unknown description>
216029at5125_660027_0:002f83|CP052045.1:2186769-2190883|-  -           1272 216029               -           1150         0 2264.0   0.9   1   2         0         0 1181.3   0.0    17   580    53   626    40   641 0.95 <unknown description>
216029at5125_660027_0:002f83|CP052045.1:2186769-2190883|-  -           1272 216029               -           1150         0 2264.0   0.9   2   2         0         0 1078.3   0.8   571  1150   652  1266   641  1266 0.91 <unknown description>
216029at5125_1567539_0:003628|CP052045.1:2186769-2189595|- -            943 216029               -           1150         0 1710.4   7.7   1   2  4.9e-193  4.9e-193  632.0   1.0   289   580     1   297     1   312 0.96 <unknown description>
216029at5125_1567539_0:003628|CP052045.1:2186769-2189595|- -            943 216029               -           1150         0 1710.4   7.7   2   2         0         0 1079.5   0.9   571  1150   323   937   308   937 0.91 <unknown description>
216029at5125_1399860_0:001232|CP052045.1:2188452-2190530|- -            674 216029               -           1150         0 1280.0   1.2   1   2         0         0 1208.4   0.0     3   580     1   589     1   604 0.96 <unknown description>
216029at5125_1399860_0:001232|CP052045.1:2188452-2190530|- -            674 216029               -           1150         0 1280.0   1.2   2   2   3.1e-23   3.1e-23   69.6   1.3   571   630   615   674   603   674 0.92 <unknown description>
216029at5125_1399860_0:001231|CP052045.1:2186772-2188164|- -            465 216029               -           1150  2.8e-240  788.5   2.7   1   1  4.4e-239  4.4e-239  784.5   2.7   726  1150     1   460     1   460 0.89 <unknown description>
#
# Program:         hmmsearch
# Version:         3.4 (Aug 2023)
# Pipeline mode:   SEARCH
# Query file:      /home/arafat/busco_downloads/lineages/hypocreales_odb12.2/hmms/216029at5125.hmm
# Target file:     /home/arafat/Foxy_SIX_Evolution/results/busco/GCA_013085055.1/run_hypocreales_odb12.2/miniprot_output/translated_proteins/216029at5125.faa
# Option settings: hmmsearch --domtblout /home/arafat/Foxy_SIX_Evolution/results/busco/GCA_013085055.1/run_hypocreales_odb12.2/hmmer_output/216029at5125.out --cpu 1 /home/arafat/busco_downloads/lineages/hypocreales_odb12.2/hmms/216029at5125.hmm /home/arafat/Foxy_SIX_Evolution/results/busco/GCA_013085055.1/run_hypocreales_odb12.2/miniprot_output/translated_proteins/216029at5125.faa 
# Current dir:     /home/arafat/Foxy_SIX_Evolution
# Date:            Thu Sep 24 15:53:44 2026
# [ok]
