#                                                                                                                  --- full sequence --- -------------- this domain -------------   hmm coord   ali coord   env coord
# target name                                              accession   tlen query name           accession   qlen   E-value  score  bias   #  of  c-Evalue  i-Evalue  score  bias  from    to  from    to  from    to  acc description of target
#                                      ------------------- ---------- ----- -------------------- ---------- ----- --------- ------ ----- --- --- --------- --------- ------ ----- ----- ----- ----- ----- ----- ----- ---- ---------------------
217757at5125_5507_4:00034b|CP052038.1:3776712-3777601|-    -            240 217757               -            222    2e-109  353.2   0.0   1   1  2.4e-109  2.4e-109  353.0   0.0     1   215     1   216     1   222 0.89 <unknown description>
217757at5125_660025_0:0021fd|CP052038.1:3775902-3777601|-  -            233 217757               -            222    4e-109  352.3   0.0   1   1  4.8e-109  4.8e-109  352.0   0.0     1   193     1   197     1   207 0.93 <unknown description>
217757at5125_48495_0:0036f4|CP052038.1:3776939-3777601|-   -            188 217757               -            222    2e-108  350.0   0.1   1   1  2.2e-108  2.2e-108  349.8   0.1     1   183     1   187     1   188 0.95 <unknown description>
217757at5125_12942_0:0024b5|CP052038.1:3776759-3777384|-   -            175 217757               -            222   4.9e-92  296.4   0.0   1   1   5.5e-92   5.5e-92  296.2   0.0    55   222     1   174     1   174 0.94 <unknown description>
217757at5125_2686198_0:00102c|CP052038.1:3771333-3777601|- -            185 217757               -            222   6.8e-86  276.3   0.3   1   1   3.5e-84   3.5e-84  270.7   0.3     1   185     1   175     1   182 0.92 <unknown description>
217757at5125_117187_0:0005c7|CP052038.1:3776759-3777221|-  -            137 217757               -            222   9.7e-65  207.1   0.0   1   1   1.1e-64   1.1e-64  207.0   0.0    93   222     1   136     1   136 0.92 <unknown description>
217757at5125_1094350_0:001c71|CP052038.1:3776939-3777311|- -            125 217757               -            222   2.3e-61  196.1   0.0   1   1   2.6e-61   2.6e-61  195.9   0.0    72   183    10   124     3   125 0.92 <unknown description>
#
# Program:         hmmsearch
# Version:         3.4 (Aug 2023)
# Pipeline mode:   SEARCH
# Query file:      /home/arafat/busco_downloads/lineages/hypocreales_odb12.2/hmms/217757at5125.hmm
# Target file:     /home/arafat/Foxy_SIX_Evolution/results/busco/GCA_013085055.1/run_hypocreales_odb12.2/miniprot_output/translated_proteins/217757at5125.faa
# Option settings: hmmsearch --domtblout /home/arafat/Foxy_SIX_Evolution/results/busco/GCA_013085055.1/run_hypocreales_odb12.2/hmmer_output/217757at5125.out --cpu 1 /home/arafat/busco_downloads/lineages/hypocreales_odb12.2/hmms/217757at5125.hmm /home/arafat/Foxy_SIX_Evolution/results/busco/GCA_013085055.1/run_hypocreales_odb12.2/miniprot_output/translated_proteins/217757at5125.faa 
# Current dir:     /home/arafat/Foxy_SIX_Evolution
# Date:            Thu Sep 24 15:53:16 2026
# [ok]
