#                                                                                                                  --- full sequence --- -------------- this domain -------------   hmm coord   ali coord   env coord
# target name                                              accession   tlen query name           accession   qlen   E-value  score  bias   #  of  c-Evalue  i-Evalue  score  bias  from    to  from    to  from    to  acc description of target
#                                      ------------------- ---------- ----- -------------------- ---------- ----- --------- ------ ----- --- --- --------- --------- ------ ----- ----- ----- ----- ----- ----- ----- ---- ---------------------
217701at5125_877507_0:00141e|CP052042.1:1787847-1793656|-  -            837 217701               -            440  1.8e-270  886.2   7.7   1   1  2.2e-270  2.2e-270  885.9   7.7     1   440   392   836   392   836 0.98 <unknown description>
217701at5125_48507_0:0022e2|CP052042.1:1787847-1789295|-   -            466 217701               -            440  7.5e-264  864.3  15.7   1   2     5e-91     5e-91  294.8   5.6     1   155     1   156     1   160 0.98 <unknown description>
217701at5125_48507_0:0022e2|CP052042.1:1787847-1789295|-   -            466 217701               -            440  7.5e-264  864.3  15.7   2   2  3.7e-176  3.7e-176  575.4   2.4   150   440   171   465   169   465 0.98 <unknown description>
217701at5125_2885761_0:002c0a|CP052042.1:1787847-1788898|- -            331 217701               -            440  1.1e-205  672.6   2.8   1   1  1.2e-205  1.2e-205  672.5   2.8   115   440     1   330     1   330 0.98 <unknown description>
217701at5125_2692428_0:00375b|CP052042.1:1788315-1789295|- -            290 217701               -            440  2.9e-171  559.2  10.0   1   1  3.3e-171  3.3e-171  559.0  10.0     1   289     1   290     1   290 0.99 <unknown description>
217701at5125_123648_0:0020af|CP052042.1:1787898-1788717|-  -            274 217701               -            440  5.1e-164  535.3   4.3   1   1  5.7e-164  5.7e-164  535.2   4.3   155   424     1   274     1   274 0.98 <unknown description>
217701at5125_1736662_0:002655|CP052042.1:1788772-1789295|- -            158 217701               -            440   2.9e-92  298.9   5.7   1   1   3.5e-92   3.5e-92  298.6   5.7     1   155     1   156     1   157 0.98 <unknown description>
217701at5125_2004951_0:000f4e|CP052042.1:1787847-1788276|- -            144 217701               -            440   1.4e-91  296.6   1.6   1   1   1.6e-91   1.6e-91  296.4   1.6   303   440     6   143     2   143 0.98 <unknown description>
217701at5125_123648_0:001f50|CP052042.1:1788781-1792530|-  -            172 217701               -            440   5.2e-87  281.6   4.1   1   1   5.7e-87   5.7e-87  281.4   4.1     7   154    24   172    18   172 0.97 <unknown description>
217701at5125_468837_0:00152d|CP052042.1:1787847-1788087|-  -             81 217701               -            440   2.8e-57  183.6   1.2   1   1     3e-57     3e-57  183.5   1.2   361   440     1    80     1    80 0.99 <unknown description>
#
# Program:         hmmsearch
# Version:         3.4 (Aug 2023)
# Pipeline mode:   SEARCH
# Query file:      /home/arafat/busco_downloads/lineages/hypocreales_odb12.2/hmms/217701at5125.hmm
# Target file:     /home/arafat/Foxy_SIX_Evolution/results/busco/GCA_013085055.1/run_hypocreales_odb12.2/miniprot_output/translated_proteins/217701at5125.faa
# Option settings: hmmsearch --domtblout /home/arafat/Foxy_SIX_Evolution/results/busco/GCA_013085055.1/run_hypocreales_odb12.2/hmmer_output/217701at5125.out --cpu 1 /home/arafat/busco_downloads/lineages/hypocreales_odb12.2/hmms/217701at5125.hmm /home/arafat/Foxy_SIX_Evolution/results/busco/GCA_013085055.1/run_hypocreales_odb12.2/miniprot_output/translated_proteins/217701at5125.faa 
# Current dir:     /home/arafat/Foxy_SIX_Evolution
# Date:            Thu Sep 24 15:53:42 2026
# [ok]
