#                                                                                                                  --- full sequence --- -------------- this domain -------------   hmm coord   ali coord   env coord
# target name                                              accession   tlen query name           accession   qlen   E-value  score  bias   #  of  c-Evalue  i-Evalue  score  bias  from    to  from    to  from    to  acc description of target
#                                      ------------------- ---------- ----- -------------------- ---------- ----- --------- ------ ----- --- --- --------- --------- ------ ----- ----- ----- ----- ----- ----- ----- ---- ---------------------
217918at5125_2824670_0:003135|CP052038.1:1937545-1944159|+ -            824 217918               -            584         0 1010.8  15.3   1   2   7.6e-20   7.6e-20   60.6   0.0     1    55     1    55     1    67 0.91 <unknown description>
217918at5125_2824670_0:003135|CP052038.1:1937545-1944159|+ -            824 217918               -            584         0 1010.8  15.3   2   2  1.6e-288  1.6e-288  947.7  12.6    43   578    72   649    63   655 0.92 <unknown description>
217918at5125_2502994_0:003260|CP052038.1:1937482-1940033|+ -            836 217918               -            584         0 1010.7  15.3   1   2   7.8e-20   7.8e-20   60.5   0.0     1    55    22    76    22    88 0.91 <unknown description>
217918at5125_2502994_0:003260|CP052038.1:1937482-1940033|+ -            836 217918               -            584         0 1010.7  15.3   2   2  1.7e-288  1.7e-288  947.6  12.6    43   578    93   670    84   676 0.92 <unknown description>
217918at5125_83212_0:001715|CP052038.1:1937545-1939526|+   -            646 217918               -            584         0 1010.6  15.4   1   2   5.8e-20   5.8e-20   60.9   0.0     1    55     1    55     1    66 0.92 <unknown description>
217918at5125_83212_0:001715|CP052038.1:1937545-1939526|+   -            646 217918               -            584         0 1010.6  15.4   2   2  2.9e-288  2.9e-288  946.9  12.7    43   570    72   639    64   646 0.92 <unknown description>
217918at5125_694270_0:0022f6|CP052038.1:1937545-1958130|+  -           1223 217918               -            584  3.7e-307 1009.3  14.3   1   2   1.2e-19   1.2e-19   59.9   0.0     1    55     1    55     1    67 0.91 <unknown description>
217918at5125_694270_0:0022f6|CP052038.1:1937545-1958130|+  -           1223 217918               -            584  3.7e-307 1009.3  14.3   2   2  2.4e-288  2.4e-288  947.1  11.7    42   578    71   649    60   655 0.92 <unknown description>
217918at5125_2039874_0:000a13|CP052038.1:1934380-1939436|+ -            911 217918               -            584  1.1e-295  971.3  20.7   1   3         2         2   -3.5   0.3    37    81   244   287   235   293 0.62 <unknown description>
217918at5125_2039874_0:000a13|CP052038.1:1934380-1939436|+ -            911 217918               -            584  1.1e-295  971.3  20.7   2   3     9e-20     9e-20   60.3   0.0     1    55   296   350   296   361 0.92 <unknown description>
217918at5125_2039874_0:000a13|CP052038.1:1934380-1939436|+ -            911 217918               -            584  1.1e-295  971.3  20.7   3   3  3.1e-278  3.1e-278  913.7  12.4    42   547   366   911   354   911 0.93 <unknown description>
217918at5125_150374_0:0002fe|CP052038.1:1938292-1939514|+  -            393 217918               -            584    5e-226  741.4   1.9   1   1  7.7e-226  7.7e-226  740.7   1.9   201   569     1   389     1   392 0.96 <unknown description>
217918at5125_2773459_0:002ce5|CP052038.1:1938605-1939622|+ -            340 217918               -            584  2.3e-177  580.7   0.0   1   1  2.7e-177  2.7e-177  580.4   0.0   277   578     1   311     1   317 0.94 <unknown description>
217918at5125_2004951_0:0014d9|CP052038.1:1938602-1940024|+ -            375 217918               -            584  2.1e-176  577.5   0.0   1   1  2.6e-176  2.6e-176  577.2   0.0   276   567     1   299     1   315 0.95 <unknown description>
217918at5125_93591_0:0029e6|CP052038.1:1937545-1938875|+   -            444 217918               -            584  1.6e-169  554.8  20.9   1   3   3.4e-20   3.4e-20   61.7   0.0     1    55     1    55     1    67 0.91 <unknown description>
217918at5125_93591_0:0029e6|CP052038.1:1937545-1938875|+   -            444 217918               -            584  1.6e-169  554.8  20.9   2   3  3.4e-110  3.4e-110  358.9  13.8    43   280    72   330    64   341 0.89 <unknown description>
217918at5125_93591_0:0029e6|CP052038.1:1937545-1938875|+   -            444 217918               -            584  1.6e-169  554.8  20.9   3   3   3.7e-42   3.7e-42  134.2   0.2   273   360   350   444   324   444 0.87 <unknown description>
217918at5125_2030778_0:000e9f|CP052038.1:1938764-1939511|+ -            250 217918               -            584  2.7e-151  494.6   0.0   1   1  3.2e-151  3.2e-151  494.4   0.0   324   569     1   247     1   249 0.99 <unknown description>
217918at5125_2773459_0:002ce4|CP052038.1:1937545-1938586|+ -            348 217918               -            584  3.4e-130  424.9  16.9   1   2   2.4e-20   2.4e-20   62.2   0.0     1    55     1    55     1    67 0.91 <unknown description>
217918at5125_2773459_0:002ce4|CP052038.1:1937545-1938586|+ -            348 217918               -            584  3.4e-130  424.9  16.9   2   2  2.4e-110  2.4e-110  359.4  14.3    42   280    71   330    60   336 0.89 <unknown description>
217918at5125_2004951_0:001196|CP052038.1:1937545-1938367|+ -            275 217918               -            584   5.2e-94  305.5  17.2   1   2   1.6e-20   1.6e-20   62.8   0.0     1    55     1    55     1    69 0.91 <unknown description>
217918at5125_2004951_0:001196|CP052038.1:1937545-1938367|+ -            275 217918               -            584   5.2e-94  305.5  17.2   2   2   6.7e-74   6.7e-74  239.1  14.7    42   226    71   275    63   275 0.88 <unknown description>
#
# Program:         hmmsearch
# Version:         3.4 (Aug 2023)
# Pipeline mode:   SEARCH
# Query file:      /home/arafat/busco_downloads/lineages/hypocreales_odb12.2/hmms/217918at5125.hmm
# Target file:     /home/arafat/Foxy_SIX_Evolution/results/busco/GCA_013085055.1/run_hypocreales_odb12.2/miniprot_output/translated_proteins/217918at5125.faa
# Option settings: hmmsearch --domtblout /home/arafat/Foxy_SIX_Evolution/results/busco/GCA_013085055.1/run_hypocreales_odb12.2/hmmer_output/217918at5125.out --cpu 1 /home/arafat/busco_downloads/lineages/hypocreales_odb12.2/hmms/217918at5125.hmm /home/arafat/Foxy_SIX_Evolution/results/busco/GCA_013085055.1/run_hypocreales_odb12.2/miniprot_output/translated_proteins/217918at5125.faa 
# Current dir:     /home/arafat/Foxy_SIX_Evolution
# Date:            Thu Sep 24 15:53:18 2026
# [ok]
