#                                                                                                                  --- full sequence --- -------------- this domain -------------   hmm coord   ali coord   env coord
# target name                                              accession   tlen query name           accession   qlen   E-value  score  bias   #  of  c-Evalue  i-Evalue  score  bias  from    to  from    to  from    to  acc description of target
#                                      ------------------- ---------- ----- -------------------- ---------- ----- --------- ------ ----- --- --- --------- --------- ------ ----- ----- ----- ----- ----- ----- ----- ---- ---------------------
217949at5125_1089449_0:00042e|CP052043.1:2518371-2519743|- -            393 217949               -            283  1.9e-145  472.1   4.1   1   2   3.7e-05   3.7e-05   11.8   0.0     1    53    52   109    52   120 0.81 <unknown description>
217949at5125_1089449_0:00042e|CP052043.1:2518371-2519743|- -            393 217949               -            283  1.9e-145  472.1   4.1   2   2  3.3e-141  3.3e-141  458.2   2.9    38   282   122   388   105   389 0.88 <unknown description>
217949at5125_2898082_0:00129d|CP052043.1:2518371-2521286|- -            474 217949               -            283  4.3e-143  464.4   8.2   1   3      0.43      0.43   -1.5   0.1   253   273    40    60    33    69 0.80 <unknown description>
217949at5125_2898082_0:00129d|CP052043.1:2518371-2521286|- -            474 217949               -            283  4.3e-143  464.4   8.2   2   3   0.00057   0.00057    7.9   0.0     4    53   136   190   133   202 0.75 <unknown description>
217949at5125_2898082_0:00129d|CP052043.1:2518371-2521286|- -            474 217949               -            283  4.3e-143  464.4   8.2   3   3  4.3e-141  4.3e-141  457.8   2.4    38   282   203   469   187   470 0.88 <unknown description>
217949at5125_221167_0:001f7a|CP052043.1:2518371-2519364|-  -            296 217949               -            283  1.7e-142  462.4   3.0   1   1  1.1e-141  1.1e-141  459.7   3.0    36   282    23   291     2   292 0.88 <unknown description>
217949at5125_1081103_0:000430|CP052043.1:2518371-2519139|- -            239 217949               -            283  4.1e-140  454.6   1.4   1   1    6e-140    6e-140  454.1   1.4    58   282     1   234     1   235 0.95 <unknown description>
217949at5125_2596975_0:0001f7|CP052043.1:2518371-2518806|- -            146 217949               -            283   4.9e-95  306.7   3.2   1   1   5.9e-95   5.9e-95  306.4   3.2   142   282     1   141     1   142 0.99 <unknown description>
217949at5125_63577_0:0022c2|CP052043.1:2518716-2519532|-   -            254 217949               -            283   3.7e-70  225.1   3.5   1   2   1.8e-05   1.8e-05   12.8   0.0     1    53    11    68    11    79 0.81 <unknown description>
217949at5125_63577_0:0022c2|CP052043.1:2518716-2519532|-   -            254 217949               -            283   3.7e-70  225.1   3.5   2   2   1.9e-65   1.9e-65  209.6   2.2    34   172    94   254    70   254 0.79 <unknown description>
#
# Program:         hmmsearch
# Version:         3.4 (Aug 2023)
# Pipeline mode:   SEARCH
# Query file:      /home/arafat/busco_downloads/lineages/hypocreales_odb12.2/hmms/217949at5125.hmm
# Target file:     /home/arafat/Foxy_SIX_Evolution/results/busco/GCA_013085055.1/run_hypocreales_odb12.2/miniprot_output/translated_proteins/217949at5125.faa
# Option settings: hmmsearch --domtblout /home/arafat/Foxy_SIX_Evolution/results/busco/GCA_013085055.1/run_hypocreales_odb12.2/hmmer_output/217949at5125.out --cpu 1 /home/arafat/busco_downloads/lineages/hypocreales_odb12.2/hmms/217949at5125.hmm /home/arafat/Foxy_SIX_Evolution/results/busco/GCA_013085055.1/run_hypocreales_odb12.2/miniprot_output/translated_proteins/217949at5125.faa 
# Current dir:     /home/arafat/Foxy_SIX_Evolution
# Date:            Thu Sep 24 15:53:19 2026
# [ok]
