#                                                                                                                  --- full sequence --- -------------- this domain -------------   hmm coord   ali coord   env coord
# target name                                              accession   tlen query name           accession   qlen   E-value  score  bias   #  of  c-Evalue  i-Evalue  score  bias  from    to  from    to  from    to  acc description of target
#                                      ------------------- ---------- ----- -------------------- ---------- ----- --------- ------ ----- --- --- --------- --------- ------ ----- ----- ----- ----- ----- ----- ----- ---- ---------------------
217928at5125_660027_0:001a00|CP052041.1:2959597-2962059|-  -            805 217928               -            581  9.9e-306 1003.4   7.1   1   3   0.00021   0.00021    8.5   0.1     5    37    60    92    56   105 0.86 <unknown description>
217928at5125_660027_0:001a00|CP052041.1:2959597-2962059|-  -            805 217928               -            581  9.9e-306 1003.4   7.1   2   3   2.3e-15   2.3e-15   44.7   2.9    19   104   111   206   101   229 0.81 <unknown description>
217928at5125_660027_0:001a00|CP052041.1:2959597-2962059|-  -            805 217928               -            581  9.9e-306 1003.4   7.1   3   3  9.8e-290  9.8e-290  950.6   0.0   101   580   275   789   217   790 0.89 <unknown description>
217928at5125_2604345_0:00376c|CP052041.1:2959597-2961546|- -            634 217928               -            581  2.4e-291  955.9   0.2   1   2      0.02      0.02    1.9   0.1    71   104     2    35     1    57 0.81 <unknown description>
217928at5125_2604345_0:00376c|CP052041.1:2959597-2961546|- -            634 217928               -            581  2.4e-291  955.9   0.2   2   2  4.8e-290  4.8e-290  951.6   0.0   102   580   105   618    57   619 0.89 <unknown description>
217928at5125_2885761_0:000cee|CP052041.1:2959597-2960449|- -            285 217928               -            581  5.7e-162  528.7   0.0   1   1  6.5e-162  6.5e-162  528.6   0.0   323   580     1   269     1   270 0.95 <unknown description>
217928at5125_334819_0:000c16|CP052041.1:2960343-2962059|-  -            556 217928               -            581  4.5e-159  519.2  17.0   1   3   0.00013   0.00013    9.1   0.1     5    37    60    92    56   105 0.86 <unknown description>
217928at5125_334819_0:000c16|CP052041.1:2960343-2962059|-  -            556 217928               -            581  4.5e-159  519.2  17.0   2   3   1.5e-15   1.5e-15   45.2   3.0    19   104   111   206   103   229 0.81 <unknown description>
217928at5125_334819_0:000c16|CP052041.1:2960343-2962059|-  -            556 217928               -            581  4.5e-159  519.2  17.0   3   3  8.3e-145  8.3e-145  472.1   2.6   101   352   275   550   217   554 0.84 <unknown description>
217928at5125_983965_0:00147f|CP052041.1:2959597-2960152|-  -            186 217928               -            581   1.3e-93  303.1   0.0   1   1   1.5e-93   1.5e-93  302.9   0.0   422   580     1   170     1   171 0.92 <unknown description>
#
# Program:         hmmsearch
# Version:         3.4 (Aug 2023)
# Pipeline mode:   SEARCH
# Query file:      /home/arafat/busco_downloads/lineages/hypocreales_odb12.2/hmms/217928at5125.hmm
# Target file:     /home/arafat/Foxy_SIX_Evolution/results/busco/GCA_013085055.1/run_hypocreales_odb12.2/miniprot_output/translated_proteins/217928at5125.faa
# Option settings: hmmsearch --domtblout /home/arafat/Foxy_SIX_Evolution/results/busco/GCA_013085055.1/run_hypocreales_odb12.2/hmmer_output/217928at5125.out --cpu 1 /home/arafat/busco_downloads/lineages/hypocreales_odb12.2/hmms/217928at5125.hmm /home/arafat/Foxy_SIX_Evolution/results/busco/GCA_013085055.1/run_hypocreales_odb12.2/miniprot_output/translated_proteins/217928at5125.faa 
# Current dir:     /home/arafat/Foxy_SIX_Evolution
# Date:            Thu Sep 24 15:53:18 2026
# [ok]
