#                                                                                                                  --- full sequence --- -------------- this domain -------------   hmm coord   ali coord   env coord
# target name                                              accession   tlen query name           accession   qlen   E-value  score  bias   #  of  c-Evalue  i-Evalue  score  bias  from    to  from    to  from    to  acc description of target
#                                      ------------------- ---------- ----- -------------------- ---------- ----- --------- ------ ----- --- --- --------- --------- ------ ----- ----- ----- ----- ----- ----- ----- ---- ---------------------
218109at5125_327505_0:00288e|CP052043.1:2253679-2260318|-  -           1590 218109               -           1335         0 2241.6  25.5   1   3         0         0 1933.9   0.0     1  1058     1  1136     1  1143 0.92 <unknown description>
218109at5125_327505_0:00288e|CP052043.1:2253679-2260318|-  -           1590 218109               -           1335         0 2241.6  25.5   2   3   2.2e-08   2.2e-08   20.9   0.3  1057  1091  1165  1199  1153  1243 0.78 <unknown description>
218109at5125_327505_0:00288e|CP052043.1:2253679-2260318|-  -           1590 218109               -           1335         0 2241.6  25.5   3   3   5.7e-88   5.7e-88  284.6  23.3  1106  1334  1253  1506  1239  1507 0.84 <unknown description>
218109at5125_1567541_0:000a51|CP052043.1:2255507-2261256|- -           1744 218109               -           1335         0 2241.1  25.3   1   3         0         0 1933.5   0.0     1  1058   156  1291   156  1298 0.92 <unknown description>
218109at5125_1567541_0:000a51|CP052043.1:2255507-2261256|- -           1744 218109               -           1335         0 2241.1  25.3   2   3   2.4e-08   2.4e-08   20.8   0.3  1057  1091  1320  1354  1308  1398 0.78 <unknown description>
218109at5125_1567541_0:000a51|CP052043.1:2255507-2261256|- -           1744 218109               -           1335         0 2241.1  25.3   3   3   6.6e-88   6.6e-88  284.4  23.3  1106  1334  1408  1661  1394  1662 0.84 <unknown description>
218109at5125_1081102_0:000091|CP052043.1:2248542-2260318|- -           1664 218109               -           1335         0 2240.8  25.9   1   3         0         0 1933.6   0.0     1  1058     1  1136     1  1142 0.92 <unknown description>
218109at5125_1081102_0:000091|CP052043.1:2248542-2260318|- -           1664 218109               -           1335         0 2240.8  25.9   2   3   2.3e-08   2.3e-08   20.8   0.3  1057  1091  1165  1199  1153  1243 0.78 <unknown description>
218109at5125_1081102_0:000091|CP052043.1:2248542-2260318|- -           1664 218109               -           1335         0 2240.8  25.9   3   3   6.1e-88   6.1e-88  284.5  23.3  1106  1334  1253  1506  1239  1507 0.84 <unknown description>
218109at5125_2604345_0:0011ec|CP052043.1:2256371-2260318|- -           1301 218109               -           1335         0 1987.8   2.3   1   3         0         0 1934.8   0.0     1  1058     1  1136     1  1143 0.92 <unknown description>
218109at5125_2604345_0:0011ec|CP052043.1:2256371-2260318|- -           1301 218109               -           1335         0 1987.8   2.3   2   3   1.7e-08   1.7e-08   21.3   0.4  1057  1091  1165  1199  1153  1248 0.76 <unknown description>
218109at5125_2604345_0:0011ec|CP052043.1:2256371-2260318|- -           1301 218109               -           1335         0 1987.8   2.3   3   3   7.7e-11   7.7e-11   29.0   0.5  1106  1152  1253  1301  1231  1301 0.82 <unknown description>
218109at5125_2885761_0:0015a0|CP052043.1:2255510-2259608|- -           1367 218109               -           1335         0 1939.3  26.9   1   3         0         0 1632.9   0.0   188  1058     7   915     2   922 0.95 <unknown description>
218109at5125_2885761_0:0015a0|CP052043.1:2255510-2259608|- -           1367 218109               -           1335         0 1939.3  26.9   2   3   1.8e-08   1.8e-08   21.2   0.4  1057  1091   944   978   932  1027 0.76 <unknown description>
218109at5125_2885761_0:0015a0|CP052043.1:2255510-2259608|- -           1367 218109               -           1335         0 1939.3  26.9   3   3   4.6e-88   4.6e-88  284.9  23.3  1106  1334  1032  1285  1018  1286 0.84 <unknown description>
218109at5125_117187_0:00218a|CP052043.1:2257370-2259608|-  -            747 218109               -           1335         0 1295.5   0.0   1   1         0         0 1295.3   0.0   188   892     7   747     2   747 0.94 <unknown description>
218109at5125_150374_0:001981|CP052043.1:2255786-2257739|-  -            523 218109               -           1335  4.9e-223  732.1  25.2   1   2  1.4e-142  1.4e-142  465.6   1.5   771  1011     2   243     1   254 0.98 <unknown description>
218109at5125_150374_0:001981|CP052043.1:2255786-2257739|-  -            523 218109               -           1335  4.9e-223  732.1  25.2   2   2   3.3e-84   3.3e-84  272.1  16.3  1106  1324   280   523   265   523 0.84 <unknown description>
218109at5125_1331945_0:000a36|CP052043.1:2255666-2256620|- -            319 218109               -           1335   1.2e-90  293.5  19.9   1   1   1.5e-90   1.5e-90  293.2  19.9  1106  1334    36   289    21   290 0.84 <unknown description>
#
# Program:         hmmsearch
# Version:         3.4 (Aug 2023)
# Pipeline mode:   SEARCH
# Query file:      /home/arafat/busco_downloads/lineages/hypocreales_odb12.2/hmms/218109at5125.hmm
# Target file:     /home/arafat/Foxy_SIX_Evolution/results/busco/GCA_013085055.1/run_hypocreales_odb12.2/miniprot_output/translated_proteins/218109at5125.faa
# Option settings: hmmsearch --domtblout /home/arafat/Foxy_SIX_Evolution/results/busco/GCA_013085055.1/run_hypocreales_odb12.2/hmmer_output/218109at5125.out --cpu 1 /home/arafat/busco_downloads/lineages/hypocreales_odb12.2/hmms/218109at5125.hmm /home/arafat/Foxy_SIX_Evolution/results/busco/GCA_013085055.1/run_hypocreales_odb12.2/miniprot_output/translated_proteins/218109at5125.faa 
# Current dir:     /home/arafat/Foxy_SIX_Evolution
# Date:            Thu Sep 24 15:53:25 2026
# [ok]
