#                                                                                                                  --- full sequence --- -------------- this domain -------------   hmm coord   ali coord   env coord
# target name                                              accession   tlen query name           accession   qlen   E-value  score  bias   #  of  c-Evalue  i-Evalue  score  bias  from    to  from    to  from    to  acc description of target
#                                      ------------------- ---------- ----- -------------------- ---------- ----- --------- ------ ----- --- --- --------- --------- ------ ----- ----- ----- ----- ----- ----- ----- ---- ---------------------
218145at5125_1080343_0:0031d7|CP052042.1:3744385-3745643|+ -            349 218145               -            345  1.6e-190  621.9   0.0   1   1  1.8e-190  1.8e-190  621.7   0.0     2   345     4   348     3   348 0.98 <unknown description>
218145at5125_44412_0:002637|CP052042.1:3742999-3745643|+   -            563 218145               -            345  5.8e-177  577.3   0.0   1   1  7.5e-177  7.5e-177  576.9   0.0    21   345   237   562   228   562 0.98 <unknown description>
218145at5125_5507_1:00274b|CP052042.1:3741994-3745643|+    -            765 218145               -            345  7.6e-172  560.5   0.1   1   1  1.1e-171  1.1e-171  560.0   0.1    27   345   445   764   441   764 0.98 <unknown description>
218145at5125_1042133_0:00153f|CP052042.1:3744830-3745643|+ -            234 218145               -            345  1.2e-120  392.1   0.1   1   1  1.3e-120  1.3e-120  391.9   0.1   113   345     2   233     1   233 0.98 <unknown description>
218145at5125_1331945_0:0016b1|CP052042.1:3744406-3745137|+ -            192 218145               -            345  6.5e-114  370.0   0.1   1   1  7.1e-114  7.1e-114  369.8   0.1     6   194     1   190     1   192 0.97 <unknown description>
218145at5125_254901_0:001233|CP052042.1:3745017-3745643|+  -            178 218145               -            345   3.1e-85  275.6   2.3   1   2   4.5e-22   4.5e-22   68.0   0.3   156   193     1    38     1    39 0.97 <unknown description>
218145at5125_254901_0:001233|CP052042.1:3745017-3745643|+  -            178 218145               -            345   3.1e-85  275.6   2.3   2   2   1.2e-64   1.2e-64  208.0   0.1   209   345    41   177    41   177 1.00 <unknown description>
218145at5125_1325737_0:001092|CP052042.1:3744412-3744980|+ -            173 218145               -            345   3.6e-81  262.3   0.9   1   1   2.2e-78   2.2e-78  253.1   0.9     8   155     1   165     1   169 0.92 <unknown description>
218145at5125_1147111_0:00167e|CP052042.1:3745187-3745643|+ -            153 218145               -            345   1.5e-72  233.9   0.1   1   1   1.7e-72   1.7e-72  233.8   0.1   194   345     1   152     1   152 0.99 <unknown description>
218145at5125_131363_0:001a7f|CP052042.1:3744250-3744798|+  -            167 218145               -            345   1.4e-66  214.3   0.1   1   1   1.6e-66   1.6e-66  214.1   0.1     2   116    49   165    48   167 0.96 <unknown description>
218145at5125_1147111_0:001678|CP052042.1:3744409-3744798|+ -            114 218145               -            345   6.3e-66  212.2   0.1   1   1   6.9e-66   6.9e-66  212.0   0.1     7   116     1   112     1   114 0.97 <unknown description>
218145at5125_398673_0:0022fa|CP052042.1:3744400-3744676|+  -             93 218145               -            345   9.9e-51  162.2   0.0   1   1   1.1e-50   1.1e-50  162.0   0.0     5    91     2    89     1    92 0.95 <unknown description>
#
# Program:         hmmsearch
# Version:         3.4 (Aug 2023)
# Pipeline mode:   SEARCH
# Query file:      /home/arafat/busco_downloads/lineages/hypocreales_odb12.2/hmms/218145at5125.hmm
# Target file:     /home/arafat/Foxy_SIX_Evolution/results/busco/GCA_013085055.1/run_hypocreales_odb12.2/miniprot_output/translated_proteins/218145at5125.faa
# Option settings: hmmsearch --domtblout /home/arafat/Foxy_SIX_Evolution/results/busco/GCA_013085055.1/run_hypocreales_odb12.2/hmmer_output/218145at5125.out --cpu 1 /home/arafat/busco_downloads/lineages/hypocreales_odb12.2/hmms/218145at5125.hmm /home/arafat/Foxy_SIX_Evolution/results/busco/GCA_013085055.1/run_hypocreales_odb12.2/miniprot_output/translated_proteins/218145at5125.faa 
# Current dir:     /home/arafat/Foxy_SIX_Evolution
# Date:            Thu Sep 24 15:53:28 2026
# [ok]
