#                                                                                                                  --- full sequence --- -------------- this domain -------------   hmm coord   ali coord   env coord
# target name                                              accession   tlen query name           accession   qlen   E-value  score  bias   #  of  c-Evalue  i-Evalue  score  bias  from    to  from    to  from    to  acc description of target
#                                      ------------------- ---------- ----- -------------------- ---------- ----- --------- ------ ----- --- --- --------- --------- ------ ----- ----- ----- ----- ----- ----- ----- ---- ---------------------
218486at5125_660027_0:000b97|CP052039.1:3145901-3147482|-  -            479 218486               -            409  4.8e-200  653.9   1.0   1   1  7.4e-200  7.4e-200  653.3   1.0     1   408    47   477    47   478 0.93 <unknown description>
218486at5125_48484_0:0001cb|CP052039.1:3145901-3148103|-   -            549 218486               -            409  7.8e-200  653.2   1.0   1   1  1.2e-199  1.2e-199  652.6   1.0     1   408   117   547   117   548 0.93 <unknown description>
218486at5125_307937_0:00421a|CP052039.1:3145907-3153391|-  -            486 218486               -            409  8.3e-200  653.1   1.0   1   1  1.3e-199  1.3e-199  652.5   1.0     1   407    56   485    56   486 0.93 <unknown description>
218486at5125_2898082_0:000fd4|CP052039.1:3145901-3159443|- -            506 218486               -            409  1.2e-196  642.7   2.1   1   2  2.9e-127  2.9e-127  414.2   0.1     1   235    58   308    58   313 0.92 <unknown description>
218486at5125_2898082_0:000fd4|CP052039.1:3145901-3159443|- -            506 218486               -            409  1.2e-196  642.7   2.1   2   2   8.6e-71   8.6e-71  228.2   0.2   234   408   327   504   320   505 0.96 <unknown description>
218486at5125_948311_1:001a7c|CP052039.1:3145901-3146870|-  -            308 218486               -            409  6.2e-134  436.1   2.8   1   1  1.1e-133  1.1e-133  435.4   2.8   121   408     1   306     1   307 0.93 <unknown description>
218486at5125_2596975_0:000cee|CP052039.1:3146492-3147356|- -            271 218486               -            409    1e-120  392.6   4.0   1   1  5.3e-120  5.3e-120  390.2   4.0     1   235     5   270     5   271 0.92 <unknown description>
218486at5125_195108_0:000387|CP052039.1:3145901-3146453|-  -            185 218486               -            409   5.5e-72  232.1   0.4   1   1   6.4e-72   6.4e-72  231.9   0.4   234   408     6   183     3   184 0.96 <unknown description>
218486at5125_1623583_0:002073|CP052039.1:3146945-3147356|- -            120 218486               -            409     3e-54  173.7   0.2   1   1   3.4e-54   3.4e-54  173.5   0.2     1   110     5   119     5   120 0.94 <unknown description>
218486at5125_195108_0:000423|CP052039.1:3146838-3147488|-  -            199 218486               -            409   5.1e-54  172.9   0.1   1   1   6.3e-54   6.3e-54  172.6   0.1     1   113    49   166    49   172 0.93 <unknown description>
218486at5125_254901_0:000ad8|CP052039.1:3147098-3147368|-  -             91 218486               -            409   8.9e-36  112.8   0.2   1   1   9.9e-36   9.9e-36  112.7   0.2     1    77     9    90     9    90 0.92 <unknown description>
218486at5125_2773459_0:0037b0|CP052039.1:3147098-3147482|- -            129 218486               -            409   2.6e-35  111.3   0.2   1   1   3.1e-35   3.1e-35  111.1   0.2     1    77    47   128    47   128 0.92 <unknown description>
#
# Program:         hmmsearch
# Version:         3.4 (Aug 2023)
# Pipeline mode:   SEARCH
# Query file:      /home/arafat/busco_downloads/lineages/hypocreales_odb12.2/hmms/218486at5125.hmm
# Target file:     /home/arafat/Foxy_SIX_Evolution/results/busco/GCA_013085055.1/run_hypocreales_odb12.2/miniprot_output/translated_proteins/218486at5125.faa
# Option settings: hmmsearch --domtblout /home/arafat/Foxy_SIX_Evolution/results/busco/GCA_013085055.1/run_hypocreales_odb12.2/hmmer_output/218486at5125.out --cpu 1 /home/arafat/busco_downloads/lineages/hypocreales_odb12.2/hmms/218486at5125.hmm /home/arafat/Foxy_SIX_Evolution/results/busco/GCA_013085055.1/run_hypocreales_odb12.2/miniprot_output/translated_proteins/218486at5125.faa 
# Current dir:     /home/arafat/Foxy_SIX_Evolution
# Date:            Thu Sep 24 15:53:31 2026
# [ok]
