#                                                                                                                  --- full sequence --- -------------- this domain -------------   hmm coord   ali coord   env coord
# target name                                              accession   tlen query name           accession   qlen   E-value  score  bias   #  of  c-Evalue  i-Evalue  score  bias  from    to  from    to  from    to  acc description of target
#                                      ------------------- ---------- ----- -------------------- ---------- ----- --------- ------ ----- --- --- --------- --------- ------ ----- ----- ----- ----- ----- ----- ----- ---- ---------------------
218689at5125_660027_0:002f74|CP052045.1:2174393-2176445|+  -            634 218689               -            611  6.2e-240  787.5   6.6   1   1  7.6e-240  7.6e-240  787.3   6.6     1   606     1   614     1   621 0.92 <unknown description>
218689at5125_2231603_0:002b8e|CP052045.1:2174393-2180922|+ -            622 218689               -            611  1.1e-236  776.9   6.1   1   1  1.3e-236  1.3e-236  776.6   6.1     1   602     1   609     1   619 0.91 <unknown description>
218689at5125_2898082_0:002471|CP052045.1:2174393-2179607|+ -           1120 218689               -            611  2.2e-236  775.8   5.6   1   1  3.2e-236  3.2e-236  775.3   5.6     1   605     1   612     1   618 0.91 <unknown description>
218689at5125_282569_0:0031b0|CP052045.1:2174393-2183796|+  -            603 218689               -            611  5.9e-233  764.5   7.2   1   1  7.2e-233  7.2e-233  764.2   7.2     1   583     1   591     1   594 0.92 <unknown description>
218689at5125_1736662_0:001b94|CP052045.1:2174393-2175923|+ -            476 218689               -            611  3.1e-179  587.1  14.8   1   1  1.6e-178  1.6e-178  584.7  14.8     1   451     1   476     1   476 0.89 <unknown description>
218689at5125_1291518_0:0022e0|CP052045.1:2174906-2175983|+ -            308 218689               -            611  9.1e-165  539.3   0.1   1   1    1e-164    1e-164  539.1   0.1   163   470     1   306     1   308 0.98 <unknown description>
218689at5125_1089457_0:0006fc|CP052045.1:2175351-2176445|+ -            349 218689               -            611  2.2e-139  455.5   0.1   1   1  2.7e-139  2.7e-139  455.2   0.1   281   606     5   329     1   336 0.96 <unknown description>
218689at5125_1435070_0:000b66|CP052045.1:2174918-2176334|+ -            290 218689               -            611  1.4e-125  409.8   3.5   1   2   7.1e-19   7.1e-19   57.4   1.3   167   196     1    30     1    33 0.96 <unknown description>
218689at5125_1435070_0:000b66|CP052045.1:2174918-2176334|+ -            290 218689               -            611  1.4e-125  409.8   3.5   2   2  1.7e-108  1.7e-108  353.5   0.0   330   588    32   289    29   290 0.96 <unknown description>
218689at5125_2692428_0:001fbd|CP052045.1:2174393-2175516|+ -            340 218689               -            611  2.9e-120  392.3   7.1   1   1  3.6e-120  3.6e-120  392.0   7.1     1   328     1   336     1   338 0.87 <unknown description>
218689at5125_2692428_0:001fbe|CP052045.1:2175599-2176445|+ -            283 218689               -            611  1.2e-106  347.3   0.1   1   1  1.5e-106  1.5e-106  347.0   0.1   343   606     1   263     1   270 0.96 <unknown description>
218689at5125_2004951_0:001351|CP052045.1:2174891-2175507|+ -            171 218689               -            611   8.3e-94  304.9   0.1   1   1   9.2e-94   9.2e-94  304.8   0.1   159   328     2   170     1   171 0.97 <unknown description>
218689at5125_63577_0:00279c|CP052045.1:2174393-2175288|+   -            281 218689               -            611   1.8e-92  300.5  10.7   1   1     2e-92     2e-92  300.3  10.7     1   274     1   280     1   281 0.85 <unknown description>
#
# Program:         hmmsearch
# Version:         3.4 (Aug 2023)
# Pipeline mode:   SEARCH
# Query file:      /home/arafat/busco_downloads/lineages/hypocreales_odb12.2/hmms/218689at5125.hmm
# Target file:     /home/arafat/Foxy_SIX_Evolution/results/busco/GCA_013085055.1/run_hypocreales_odb12.2/miniprot_output/translated_proteins/218689at5125.faa
# Option settings: hmmsearch --domtblout /home/arafat/Foxy_SIX_Evolution/results/busco/GCA_013085055.1/run_hypocreales_odb12.2/hmmer_output/218689at5125.out --cpu 1 /home/arafat/busco_downloads/lineages/hypocreales_odb12.2/hmms/218689at5125.hmm /home/arafat/Foxy_SIX_Evolution/results/busco/GCA_013085055.1/run_hypocreales_odb12.2/miniprot_output/translated_proteins/218689at5125.faa 
# Current dir:     /home/arafat/Foxy_SIX_Evolution
# Date:            Thu Sep 24 15:53:35 2026
# [ok]
