#                                                                                                                  --- full sequence --- -------------- this domain -------------   hmm coord   ali coord   env coord
# target name                                              accession   tlen query name           accession   qlen   E-value  score  bias   #  of  c-Evalue  i-Evalue  score  bias  from    to  from    to  from    to  acc description of target
#                                      ------------------- ---------- ----- -------------------- ---------- ----- --------- ------ ----- --- --- --------- --------- ------ ----- ----- ----- ----- ----- ----- ----- ---- ---------------------
218694at5125_396571_0:0003d8|CP052038.1:4653321-4655952|+  -            878 218694               -            772         0 1270.9   2.7   1   2         0         0 1201.2   0.1     1   729     2   805     2   818 0.87 <unknown description>
218694at5125_396571_0:0003d8|CP052038.1:4653321-4655952|+  -            878 218694               -            772         0 1270.9   2.7   2   2   4.2e-23   4.2e-23   70.0   0.6   716   772   821   877   814   877 0.91 <unknown description>
218694at5125_93591_0:000ae2|CP052038.1:4653561-4655316|+   -            586 218694               -            772  3.2e-276  907.0   0.5   1   1    4e-276    4e-276  906.7   0.5    76   604    18   583     7   586 0.90 <unknown description>
218694at5125_468837_0:0006fc|CP052038.1:4654320-4655952|+  -            545 218694               -            772  3.7e-228  748.1   0.7   1   2    3e-206    3e-206  675.6   0.0   301   729     1   472     1   485 0.88 <unknown description>
218694at5125_468837_0:0006fc|CP052038.1:4654320-4655952|+  -            545 218694               -            772  3.7e-228  748.1   0.7   2   2   2.3e-23   2.3e-23   70.9   0.6   716   772   488   544   482   544 0.91 <unknown description>
218694at5125_98403_0:00208a|CP052038.1:4653585-4654881|+   -            433 218694               -            772  3.2e-215  705.3   3.3   1   1  4.1e-215  4.1e-215  705.0   3.3    77   475    11   433     3   433 0.90 <unknown description>
218694at5125_1081103_0:001d5f|CP052038.1:4654740-4655952|+ -            405 218694               -            772  1.1e-151  495.1   0.1   1   2  2.1e-129  2.1e-129  421.5   0.0   430   729     2   332     1   345 0.88 <unknown description>
218694at5125_1081103_0:001d5f|CP052038.1:4654740-4655952|+ -            405 218694               -            772  1.1e-151  495.1   0.1   2   2   1.6e-23   1.6e-23   71.4   0.6   716   772   348   404   342   404 0.91 <unknown description>
218694at5125_468837_0:000705|CP052038.1:4653321-4654226|+  -            302 218694               -            772  6.6e-118  383.5   0.5   1   1  8.4e-118  8.4e-118  383.1   0.5     1   243     2   273     2   282 0.83 <unknown description>
218694at5125_1081103_0:001dd1|CP052038.1:4653651-4654239|+ -            197 218694               -            772   1.8e-97  315.9   0.3   1   1     2e-97     2e-97  315.7   0.3    89   274     1   197     1   197 0.91 <unknown description>
218694at5125_2039874_0:001814|CP052038.1:4654308-4654758|+ -            151 218694               -            772   2.5e-79  255.9   1.1   1   1     3e-79     3e-79  255.6   1.1   297   435     1   151     1   151 0.89 <unknown description>
#
# Program:         hmmsearch
# Version:         3.4 (Aug 2023)
# Pipeline mode:   SEARCH
# Query file:      /home/arafat/busco_downloads/lineages/hypocreales_odb12.2/hmms/218694at5125.hmm
# Target file:     /home/arafat/Foxy_SIX_Evolution/results/busco/GCA_013085055.1/run_hypocreales_odb12.2/miniprot_output/translated_proteins/218694at5125.faa
# Option settings: hmmsearch --domtblout /home/arafat/Foxy_SIX_Evolution/results/busco/GCA_013085055.1/run_hypocreales_odb12.2/hmmer_output/218694at5125.out --cpu 1 /home/arafat/busco_downloads/lineages/hypocreales_odb12.2/hmms/218694at5125.hmm /home/arafat/Foxy_SIX_Evolution/results/busco/GCA_013085055.1/run_hypocreales_odb12.2/miniprot_output/translated_proteins/218694at5125.faa 
# Current dir:     /home/arafat/Foxy_SIX_Evolution
# Date:            Thu Sep 24 15:53:35 2026
# [ok]
