#                                                                                                                  --- full sequence --- -------------- this domain -------------   hmm coord   ali coord   env coord
# target name                                              accession   tlen query name           accession   qlen   E-value  score  bias   #  of  c-Evalue  i-Evalue  score  bias  from    to  from    to  from    to  acc description of target
#                                      ------------------- ---------- ----- -------------------- ---------- ----- --------- ------ ----- --- --- --------- --------- ------ ----- ----- ----- ----- ----- ----- ----- ---- ---------------------
218770at5125_2885761_0:000619|CP052040.1:3299725-3303579|- -            768 218770               -            657         0 1060.9   0.2   1   2   4.4e-60   4.4e-60  193.2   0.4     2   143    63   207    62   210 0.96 <unknown description>
218770at5125_2885761_0:000619|CP052040.1:3299725-3303579|- -            768 218770               -            657         0 1060.9   0.2   2   2  1.6e-263  1.6e-263  865.4   0.0   139   655   227   758   222   760 0.96 <unknown description>
218770at5125_5507_1:001572|CP052040.1:3299725-3302431|-    -            764 218770               -            657         0 1041.7   0.2   1   2   4.4e-60   4.4e-60  193.3   0.4     2   143    63   207    62   210 0.96 <unknown description>
218770at5125_5507_1:001572|CP052040.1:3299725-3302431|-    -            764 218770               -            657         0 1041.7   0.2   2   2  9.6e-258  9.6e-258  846.4   0.0   139   655   227   754   222   756 0.96 <unknown description>
218770at5125_2039875_0:001124|CP052040.1:3298662-3302111|- -            877 218770               -            657         0 1031.5   0.0   1   1         0         0 1031.2   0.0    16   644     2   656     1   669 0.95 <unknown description>
218770at5125_2773459_0:001c5b|CP052040.1:3300202-3302233|- -            589 218770               -            657  2.2e-241  792.3   2.1   1   3   2.8e-60   2.8e-60  193.9   0.4     2   143    11   155    10   158 0.96 <unknown description>
218770at5125_2773459_0:001c5b|CP052040.1:3300202-3302233|- -            589 218770               -            657  2.2e-241  792.3   2.1   2   3   3.7e-18   3.7e-18   54.7   0.0   139   171   175   207   170   219 0.89 <unknown description>
218770at5125_2773459_0:001c5b|CP052040.1:3300202-3302233|- -            589 218770               -            657  2.2e-241  792.3   2.1   3   3  1.2e-165  1.2e-165  542.1   0.0   163   509   224   589   215   589 0.92 <unknown description>
218770at5125_42673_0:002ad9|CP052040.1:3299725-3301258|-   -            465 218770               -            657  6.8e-223  731.2   0.0   1   1  7.8e-223  7.8e-223  731.0   0.0   213   655     2   455     1   457 0.96 <unknown description>
218770at5125_94208_0:000639|CP052040.1:3299953-3301176|-   -            377 218770               -            657  5.8e-189  619.1   0.3   1   1  6.7e-189  6.7e-189  618.9   0.3   223   588     1   373     1   376 0.97 <unknown description>
218770at5125_1567539_0:00218b|CP052040.1:3300712-3302233|- -            399 218770               -            657  1.5e-165  541.8   4.5   1   2   1.3e-60   1.3e-60  194.9   0.4     2   143    11   155    10   158 0.96 <unknown description>
218770at5125_1567539_0:00218b|CP052040.1:3300712-3302233|- -            399 218770               -            657  1.5e-165  541.8   4.5   2   2  4.1e-107  4.1e-107  348.6   0.3   139   352   175   390   170   395 0.94 <unknown description>
218770at5125_398673_0:00287f|CP052040.1:3300909-3302111|-  -            338 218770               -            657  4.5e-142  464.2   4.7   1   2   9.3e-57   9.3e-57  182.3   0.7    16   143     2   131     1   134 0.97 <unknown description>
218770at5125_398673_0:00287f|CP052040.1:3300909-3302111|-  -            338 218770               -            657  4.5e-142  464.2   4.7   2   2   1.6e-87   1.6e-87  283.9   0.2   139   310   151   336   146   338 0.93 <unknown description>
218770at5125_2714763_0:001c2b|CP052040.1:3300715-3301799|- -            283 218770               -            657  1.2e-114  373.6   1.2   1   2   3.9e-07   3.9e-07   18.3   0.1   117   143     1    27     1    30 0.93 <unknown description>
218770at5125_2714763_0:001c2b|CP052040.1:3300715-3301799|- -            283 218770               -            657  1.2e-114  373.6   1.2   2   2  7.6e-109  7.6e-109  354.4   0.1   139   352    47   275    42   280 0.93 <unknown description>
218770at5125_96774_0:000b52|CP052040.1:3301222-3302111|-   -            249 218770               -            657   2.2e-91  296.7   2.9   1   2   4.5e-57   4.5e-57  183.3   0.7    16   143     2   131     1   134 0.97 <unknown description>
218770at5125_96774_0:000b52|CP052040.1:3301222-3302111|-   -            249 218770               -            657   2.2e-91  296.7   2.9   2   2     5e-36     5e-36  113.8   0.1   139   221   151   246   146   249 0.88 <unknown description>
218770at5125_42673_0:002a3a|CP052040.1:3301407-3302233|-   -            228 218770               -            657   9.5e-79  254.9   0.9   1   2   3.4e-61   3.4e-61  196.9   0.4     2   143    11   155    10   158 0.96 <unknown description>
218770at5125_42673_0:002a3a|CP052040.1:3301407-3302233|-   -            228 218770               -            657   9.5e-79  254.9   0.9   2   2     1e-18     1e-18   56.6   0.0   139   171   175   207   170   219 0.88 <unknown description>
218770at5125_117187_0:0010eb|CP052040.1:3300730-3301258|-  -            146 218770               -            657   1.8e-72  234.2   0.6   1   1   2.2e-72   2.2e-72  233.9   0.6   213   351     2   142     1   145 0.96 <unknown description>
218770at5125_117187_0:0010ab|CP052040.1:3301614-3302233|-  -            175 218770               -            657   1.2e-61  198.4   0.4   1   1   1.5e-61   1.5e-61  198.1   0.4     2   143    11   155    10   158 0.96 <unknown description>
#
# Program:         hmmsearch
# Version:         3.4 (Aug 2023)
# Pipeline mode:   SEARCH
# Query file:      /home/arafat/busco_downloads/lineages/hypocreales_odb12.2/hmms/218770at5125.hmm
# Target file:     /home/arafat/Foxy_SIX_Evolution/results/busco/GCA_013085055.1/run_hypocreales_odb12.2/miniprot_output/translated_proteins/218770at5125.faa
# Option settings: hmmsearch --domtblout /home/arafat/Foxy_SIX_Evolution/results/busco/GCA_013085055.1/run_hypocreales_odb12.2/hmmer_output/218770at5125.out --cpu 1 /home/arafat/busco_downloads/lineages/hypocreales_odb12.2/hmms/218770at5125.hmm /home/arafat/Foxy_SIX_Evolution/results/busco/GCA_013085055.1/run_hypocreales_odb12.2/miniprot_output/translated_proteins/218770at5125.faa 
# Current dir:     /home/arafat/Foxy_SIX_Evolution
# Date:            Thu Sep 24 15:53:36 2026
# [ok]
