#                                                                                                                  --- full sequence --- -------------- this domain -------------   hmm coord   ali coord   env coord
# target name                                              accession   tlen query name           accession   qlen   E-value  score  bias   #  of  c-Evalue  i-Evalue  score  bias  from    to  from    to  from    to  acc description of target
#                                      ------------------- ---------- ----- -------------------- ---------- ----- --------- ------ ----- --- --- --------- --------- ------ ----- ----- ----- ----- ----- ----- ----- ---- ---------------------
218918at5125_1080343_0:000af8|CP052040.1:3948666-3951448|+ -            871 218918               -            764         0 1311.1  58.6   1   2  5.2e-289  5.2e-289  948.9  19.7     1   552     2   603     2   613 0.92 <unknown description>
218918at5125_1080343_0:000af8|CP052040.1:3948666-3951448|+ -            871 218918               -            764         0 1311.1  58.6   2   2  8.7e-113  8.7e-113  366.1  33.9   510   764   596   870   593   870 0.92 <unknown description>
218918at5125_2885761_0:000706|CP052040.1:3949483-3951448|+ -            656 218918               -            764    1e-295  971.1  61.8   1   2  2.1e-186  2.1e-186  609.5  22.5   184   552     1   388     1   394 0.92 <unknown description>
218918at5125_2885761_0:000706|CP052040.1:3949483-3951448|+ -            656 218918               -            764    1e-295  971.1  61.8   2   2  6.1e-113  6.1e-113  366.6  34.0   510   764   381   655   379   655 0.92 <unknown description>
218918at5125_398673_0:0028c4|CP052040.1:3948666-3950854|+  -            673 218918               -            764    1e-291  957.8  30.6   1   2  1.4e-289  1.4e-289  950.7  19.1     1   552     2   603     2   614 0.92 <unknown description>
218918at5125_398673_0:0028c4|CP052040.1:3948666-3950854|+  -            673 218918               -            764    1e-291  957.8  30.6   2   2   1.3e-05   1.3e-05   11.8   6.7   510   580   596   668   594   670 0.80 <unknown description>
218918at5125_2004951_0:000c66|CP052040.1:3949945-3951448|+ -            502 218918               -            764  7.3e-203  664.0  65.2   1   2   3.3e-93   3.3e-93  301.4  25.9   336   552     1   234     1   240 0.88 <unknown description>
218918at5125_2004951_0:000c66|CP052040.1:3949945-3951448|+ -            502 218918               -            764  7.3e-203  664.0  65.2   2   2  5.1e-113  5.1e-113  366.9  34.5   511   764   228   501   226   501 0.92 <unknown description>
218918at5125_398673_0:0028ef|CP052040.1:3950923-3951448|+  -            176 218918               -            764  1.8e-105  341.9  20.6   1   1    2e-105    2e-105  341.8  20.6   590   764     1   175     1   175 1.00 <unknown description>
#
# Program:         hmmsearch
# Version:         3.4 (Aug 2023)
# Pipeline mode:   SEARCH
# Query file:      /home/arafat/busco_downloads/lineages/hypocreales_odb12.2/hmms/218918at5125.hmm
# Target file:     /home/arafat/Foxy_SIX_Evolution/results/busco/GCA_013085055.1/run_hypocreales_odb12.2/miniprot_output/translated_proteins/218918at5125.faa
# Option settings: hmmsearch --domtblout /home/arafat/Foxy_SIX_Evolution/results/busco/GCA_013085055.1/run_hypocreales_odb12.2/hmmer_output/218918at5125.out --cpu 1 /home/arafat/busco_downloads/lineages/hypocreales_odb12.2/hmms/218918at5125.hmm /home/arafat/Foxy_SIX_Evolution/results/busco/GCA_013085055.1/run_hypocreales_odb12.2/miniprot_output/translated_proteins/218918at5125.faa 
# Current dir:     /home/arafat/Foxy_SIX_Evolution
# Date:            Thu Sep 24 15:53:40 2026
# [ok]
