#                                                                                                                  --- full sequence --- -------------- this domain -------------   hmm coord   ali coord   env coord
# target name                                              accession   tlen query name           accession   qlen   E-value  score  bias   #  of  c-Evalue  i-Evalue  score  bias  from    to  from    to  from    to  acc description of target
#                                      ------------------- ---------- ----- -------------------- ---------- ----- --------- ------ ----- --- --- --------- --------- ------ ----- ----- ----- ----- ----- ----- ----- ---- ---------------------
219052at5125_1276143_0:0000e5|CP052038.1:1653569-1656164|+ -            561 219052               -            450  6.2e-239  782.0   0.5   1   1  7.9e-239  7.9e-239  781.7   0.5     7   450    86   560    79   560 0.94 <unknown description>
219052at5125_1736662_0:000f02|CP052038.1:1651554-1656164|+ -            866 219052               -            450  2.2e-238  780.2   0.5   1   1  3.1e-238  3.1e-238  779.7   0.5     7   450   391   865   385   865 0.94 <unknown description>
219052at5125_426428_0:000661|CP052038.1:1654982-1656164|+  -            374 219052               -            450  5.2e-188  614.2   1.0   1   1  6.3e-188  6.3e-188  613.9   1.0   109   450    14   373     7   373 0.94 <unknown description>
219052at5125_1806559_0:000c6e|CP052038.1:1654597-1655884|+ -            430 219052               -            450  4.1e-183  598.0   0.5   1   1  5.1e-183  5.1e-183  597.7   0.5     7   378    28   430    22   430 0.93 <unknown description>
219052at5125_2885761_0:001c09|CP052038.1:1654597-1656220|+ -            542 219052               -            450  4.7e-183  597.8   0.3   1   1  6.4e-183  6.4e-183  597.4   0.3     7   378    28   430    22   434 0.92 <unknown description>
219052at5125_93591_0:000ab9|CP052038.1:1655656-1656164|+   -            150 219052               -            450  2.3e-105  341.8   4.2   1   1  2.5e-105  2.5e-105  341.6   4.2   302   450     1   149     1   149 1.00 <unknown description>
219052at5125_78864_0:0038a8|CP052038.1:1654597-1655212|+   -            206 219052               -            450   1.7e-75  243.3   0.7   1   1     2e-75     2e-75  243.1   0.7     7   171    28   206    21   206 0.93 <unknown description>
#
# Program:         hmmsearch
# Version:         3.4 (Aug 2023)
# Pipeline mode:   SEARCH
# Query file:      /home/arafat/busco_downloads/lineages/hypocreales_odb12.2/hmms/219052at5125.hmm
# Target file:     /home/arafat/Foxy_SIX_Evolution/results/busco/GCA_013085055.1/run_hypocreales_odb12.2/miniprot_output/translated_proteins/219052at5125.faa
# Option settings: hmmsearch --domtblout /home/arafat/Foxy_SIX_Evolution/results/busco/GCA_013085055.1/run_hypocreales_odb12.2/hmmer_output/219052at5125.out --cpu 1 /home/arafat/busco_downloads/lineages/hypocreales_odb12.2/hmms/219052at5125.hmm /home/arafat/Foxy_SIX_Evolution/results/busco/GCA_013085055.1/run_hypocreales_odb12.2/miniprot_output/translated_proteins/219052at5125.faa 
# Current dir:     /home/arafat/Foxy_SIX_Evolution
# Date:            Thu Sep 24 15:53:41 2026
# [ok]
