#                                                                                                                  --- full sequence --- -------------- this domain -------------   hmm coord   ali coord   env coord
# target name                                              accession   tlen query name           accession   qlen   E-value  score  bias   #  of  c-Evalue  i-Evalue  score  bias  from    to  from    to  from    to  acc description of target
#                                      ------------------- ---------- ----- -------------------- ---------- ----- --------- ------ ----- --- --- --------- --------- ------ ----- ----- ----- ----- ----- ----- ----- ---- ---------------------
219282at5125_1283841_0:000ca2|CP052040.1:2210866-2211793|+ -            310 219282               -            284  9.6e-149  483.2  20.6   1   1  3.5e-147  3.5e-147  478.1  20.6     1   280     1   305     1   308 0.90 <unknown description>
219282at5125_48495_0:00337a|CP052040.1:2210689-2211859|+   -            391 219282               -            284  2.6e-148  481.8  20.6   1   1  7.8e-147  7.8e-147  476.9  20.6     1   280    60   364    60   367 0.90 <unknown description>
219282at5125_56676_0:003425|CP052040.1:2210248-2211859|+   -            481 219282               -            284  5.1e-148  480.8  20.4   1   1  1.3e-146  1.3e-146  476.1  20.4     1   280   150   454   150   457 0.90 <unknown description>
219282at5125_83212_0:00068e|CP052040.1:2210684-2211565|+   -            276 219282               -            284    3e-139  452.0   9.2   1   1  3.4e-139  3.4e-139  451.8   9.2     1   229    43   275    43   276 0.97 <unknown description>
219282at5125_62069_0:00146c|CP052040.1:2210839-2211535|+   -            233 219282               -            284  7.3e-135  437.6   8.2   1   1  8.2e-135  8.2e-135  437.5   8.2     1   220    10   233    10   233 0.97 <unknown description>
219282at5125_2773459_0:0021ea|CP052040.1:2210866-2211406|+ -            181 219282               -            284  7.8e-108  348.9   3.7   1   1  8.7e-108  8.7e-108  348.8   3.7     1   177     1   181     1   181 0.97 <unknown description>
219282at5125_93591_0:001cd5|CP052040.1:2210839-2211148|+   -            104 219282               -            284   7.8e-57  181.6   0.6   1   1   8.7e-57   8.7e-57  181.4   0.6     1    94    10   104    10   104 0.98 <unknown description>
219282at5125_123648_0:0013c4|CP052041.1:3680254-3680669|+  -            122 219282               -            284     2e-20   62.1   0.0   1   1   2.5e-20   2.5e-20   61.8   0.0     3    77    45   122    43   122 0.90 <unknown description>
219282at5125_123648_0:0013c4|CP052041.1:217304-217714|+    -            119 219282               -            284     4e-20   61.1   0.1   1   1   4.6e-20   4.6e-20   60.9   0.1     2    77    41   119    40   119 0.90 <unknown description>
#
# Program:         hmmsearch
# Version:         3.4 (Aug 2023)
# Pipeline mode:   SEARCH
# Query file:      /home/arafat/busco_downloads/lineages/hypocreales_odb12.2/hmms/219282at5125.hmm
# Target file:     /home/arafat/Foxy_SIX_Evolution/results/busco/GCA_013085055.1/run_hypocreales_odb12.2/miniprot_output/translated_proteins/219282at5125.faa
# Option settings: hmmsearch --domtblout /home/arafat/Foxy_SIX_Evolution/results/busco/GCA_013085055.1/run_hypocreales_odb12.2/hmmer_output/219282at5125.out --cpu 1 /home/arafat/busco_downloads/lineages/hypocreales_odb12.2/hmms/219282at5125.hmm /home/arafat/Foxy_SIX_Evolution/results/busco/GCA_013085055.1/run_hypocreales_odb12.2/miniprot_output/translated_proteins/219282at5125.faa 
# Current dir:     /home/arafat/Foxy_SIX_Evolution
# Date:            Thu Sep 24 15:53:44 2026
# [ok]
