#                                                                                                                  --- full sequence --- -------------- this domain -------------   hmm coord   ali coord   env coord
# target name                                              accession   tlen query name           accession   qlen   E-value  score  bias   #  of  c-Evalue  i-Evalue  score  bias  from    to  from    to  from    to  acc description of target
#                                      ------------------- ---------- ----- -------------------- ---------- ----- --------- ------ ----- --- --- --------- --------- ------ ----- ----- ----- ----- ----- ----- ----- ---- ---------------------
219209at5125_1080343_0:000496|CP052041.1:2024636-2026249|+ -            504 219209               -            352  2.1e-152  495.6  20.1   1   4   2.9e-07   2.9e-07   18.3   0.1     2    26     4    28     3    39 0.85 <unknown description>
219209at5125_1080343_0:000496|CP052041.1:2024636-2026249|+ -            504 219209               -            352  2.1e-152  495.6  20.1   2   4   1.2e-06   1.2e-06   16.3   0.1    19    53    48    82    40    93 0.82 <unknown description>
219209at5125_1080343_0:000496|CP052041.1:2024636-2026249|+ -            504 219209               -            352  2.1e-152  495.6  20.1   3   4  3.3e-128  3.3e-128  416.0   4.6    39   306    90   405    84   412 0.86 <unknown description>
219209at5125_1080343_0:000496|CP052041.1:2024636-2026249|+ -            504 219209               -            352  2.1e-152  495.6  20.1   4   4   1.9e-17   1.9e-17   51.7   0.6   304   349   437   482   428   485 0.90 <unknown description>
219209at5125_1803897_0:0032ba|CP052041.1:2025291-2026249|+ -            302 219209               -            352   1.4e-96  312.0   6.9   1   2   8.5e-81   8.5e-81  260.1   0.9   145   306    18   203     4   211 0.85 <unknown description>
219209at5125_1803897_0:0032ba|CP052041.1:2025291-2026249|+ -            302 219209               -            352   1.4e-96  312.0   6.9   2   2   9.3e-18   9.3e-18   52.8   0.6   303   349   234   280   226   283 0.90 <unknown description>
219209at5125_92637_0:000248|CP052041.1:2025523-2026222|+   -            234 219209               -            352   2.1e-80  258.8   1.7   1   2   7.2e-64   7.2e-64  204.4   0.0   190   306    20   144     5   152 0.90 <unknown description>
219209at5125_92637_0:000248|CP052041.1:2025523-2026222|+   -            234 219209               -            352   2.1e-80  258.8   1.7   2   2     6e-18     6e-18   53.4   0.7   303   349   175   221   166   224 0.90 <unknown description>
219209at5125_2004951_0:001091|CP052041.1:2024642-2025520|+ -            259 219209               -            352   4.2e-76  244.7  11.6   1   3   1.2e-07   1.2e-07   19.5   0.1     2    26     2    26     1    40 0.86 <unknown description>
219209at5125_2004951_0:001091|CP052041.1:2024642-2025520|+ -            259 219209               -            352   4.2e-76  244.7  11.6   2   3   4.8e-07   4.8e-07   17.5   0.1    20    53    47    80    40    91 0.81 <unknown description>
219209at5125_2004951_0:001091|CP052041.1:2024642-2025520|+ -            259 219209               -            352   4.2e-76  244.7  11.6   3   3   7.1e-66   7.1e-66  211.0   3.6    39   186    88   259    80   259 0.89 <unknown description>
219209at5125_92637_0:000677|CP052041.1:2024642-2025330|+   -            214 219209               -            352   2.2e-61  196.3   7.2   1   3     9e-08     9e-08   19.9   0.1     2    26     2    26     1    41 0.86 <unknown description>
219209at5125_92637_0:000677|CP052041.1:2024642-2025330|+   -            214 219209               -            352   2.2e-61  196.3   7.2   2   3   3.5e-07   3.5e-07   18.0   0.1    19    53    46    80    38    91 0.82 <unknown description>
219209at5125_92637_0:000677|CP052041.1:2024642-2025330|+   -            214 219209               -            352   2.2e-61  196.3   7.2   3   3   6.8e-51   6.8e-51  161.8   0.6    39   141    88   195    83   203 0.89 <unknown description>
219209at5125_96774_0:001b34|CP052041.1:2025709-2026219|+   -            171 219209               -            352   1.1e-50  161.0   1.4   1   2   7.7e-34   7.7e-34  105.7   0.0   233   306     1    82     1    90 0.86 <unknown description>
219209at5125_96774_0:001b34|CP052041.1:2025709-2026219|+   -            171 219209               -            352   1.1e-50  161.0   1.4   2   2   3.5e-18   3.5e-18   54.2   0.7   303   349   113   159   104   162 0.90 <unknown description>
#
# Program:         hmmsearch
# Version:         3.4 (Aug 2023)
# Pipeline mode:   SEARCH
# Query file:      /home/arafat/busco_downloads/lineages/hypocreales_odb12.2/hmms/219209at5125.hmm
# Target file:     /home/arafat/Foxy_SIX_Evolution/results/busco/GCA_013085055.1/run_hypocreales_odb12.2/miniprot_output/translated_proteins/219209at5125.faa
# Option settings: hmmsearch --domtblout /home/arafat/Foxy_SIX_Evolution/results/busco/GCA_013085055.1/run_hypocreales_odb12.2/hmmer_output/219209at5125.out --cpu 1 /home/arafat/busco_downloads/lineages/hypocreales_odb12.2/hmms/219209at5125.hmm /home/arafat/Foxy_SIX_Evolution/results/busco/GCA_013085055.1/run_hypocreales_odb12.2/miniprot_output/translated_proteins/219209at5125.faa 
# Current dir:     /home/arafat/Foxy_SIX_Evolution
# Date:            Thu Sep 24 15:53:43 2026
# [ok]
