#                                                                                                                  --- full sequence --- -------------- this domain -------------   hmm coord   ali coord   env coord
# target name                                              accession   tlen query name           accession   qlen   E-value  score  bias   #  of  c-Evalue  i-Evalue  score  bias  from    to  from    to  from    to  acc description of target
#                                      ------------------- ---------- ----- -------------------- ---------- ----- --------- ------ ----- --- --- --------- --------- ------ ----- ----- ----- ----- ----- ----- ----- ---- ---------------------
219245at5125_1089449_0:0006cf|CP052043.1:1889818-1891761|- -            628 219245               -            569         0 1106.1   0.1   1   1         0         0 1105.8   0.1     9   569    60   627    47   627 0.97 <unknown description>
219245at5125_1291518_0:0022f0|CP052043.1:1889818-1895764|- -            616 219245               -            569         0 1106.1   0.1   1   1         0         0 1105.9   0.1     9   569    48   615    36   615 0.97 <unknown description>
219245at5125_595255_0:001e1e|CP052043.1:1889818-1891294|-  -            493 219245               -            569         0 1030.2   0.0   1   1         0         0 1030.1   0.0    79   569     1   492     1   492 0.99 <unknown description>
219245at5125_2714763_0:000f2f|CP052043.1:1889818-1890661|- -            282 219245               -            569  3.2e-172  562.8   0.0   1   1  3.6e-172  3.6e-172  562.6   0.0   290   569     1   281     1   281 0.99 <unknown description>
219245at5125_1736662_0:001316|CP052043.1:1890790-1891719|- -            290 219245               -            569  1.2e-131  428.9   1.4   1   1  1.5e-131  1.5e-131  428.6   1.4     9   246    46   289    22   290 0.93 <unknown description>
219245at5125_83212_0:001328|CP052043.1:1889818-1890298|-   -            161 219245               -            569   3.9e-98  318.2   0.0   1   1   4.4e-98   4.4e-98  318.1   0.0   410   569     1   160     1   160 1.00 <unknown description>
219245at5125_468837_0:0016a7|CP052043.1:1891198-1891555|-  -            120 219245               -            569   5.8e-37  116.3   0.3   1   1   6.6e-37   6.6e-37  116.1   0.3     8   111    11   120     3   120 0.87 <unknown description>
#
# Program:         hmmsearch
# Version:         3.4 (Aug 2023)
# Pipeline mode:   SEARCH
# Query file:      /home/arafat/busco_downloads/lineages/hypocreales_odb12.2/hmms/219245at5125.hmm
# Target file:     /home/arafat/Foxy_SIX_Evolution/results/busco/GCA_013085055.1/run_hypocreales_odb12.2/miniprot_output/translated_proteins/219245at5125.faa
# Option settings: hmmsearch --domtblout /home/arafat/Foxy_SIX_Evolution/results/busco/GCA_013085055.1/run_hypocreales_odb12.2/hmmer_output/219245at5125.out --cpu 1 /home/arafat/busco_downloads/lineages/hypocreales_odb12.2/hmms/219245at5125.hmm /home/arafat/Foxy_SIX_Evolution/results/busco/GCA_013085055.1/run_hypocreales_odb12.2/miniprot_output/translated_proteins/219245at5125.faa 
# Current dir:     /home/arafat/Foxy_SIX_Evolution
# Date:            Thu Sep 24 15:53:43 2026
# [ok]
