#                                                                                                                  --- full sequence --- -------------- this domain -------------   hmm coord   ali coord   env coord
# target name                                              accession   tlen query name           accession   qlen   E-value  score  bias   #  of  c-Evalue  i-Evalue  score  bias  from    to  from    to  from    to  acc description of target
#                                      ------------------- ---------- ----- -------------------- ---------- ----- --------- ------ ----- --- --- --------- --------- ------ ----- ----- ----- ----- ----- ----- ----- ---- ---------------------
219257at5125_327505_0:0021a8|CP052042.1:1290077-1291092|-  -            323 219257               -            302  1.3e-163  532.4   0.1   1   1  1.6e-163  1.6e-163  532.1   0.1     2   300     7   316     6   318 0.95 <unknown description>
219257at5125_33203_0:00055c|CP052042.1:1290077-1294715|-   -            331 219257               -            302  1.5e-163  532.3   0.1   1   1  1.7e-163  1.7e-163  532.0   0.1     2   300    15   324    14   326 0.95 <unknown description>
219257at5125_1330021_0:0000dc|CP052042.1:1290077-1296639|- -            343 219257               -            302  2.4e-162  528.2   0.1   1   1  2.8e-162  2.8e-162  528.0   0.1     5   300    30   336    26   338 0.95 <unknown description>
219257at5125_1089448_0:000628|CP052040.1:4641396-4642401|- -            315 219257               -            302  2.3e-143  465.9   0.1   1   1  2.6e-143  2.6e-143  465.8   0.1     4   301     6   313     3   314 0.94 <unknown description>
219257at5125_1043627_0:002152|CP052042.1:1290077-1290863|- -            263 219257               -            302    1e-139  453.9   0.3   1   1  1.2e-139  1.2e-139  453.7   0.3    55   300     1   256     1   258 0.95 <unknown description>
219257at5125_1042133_0:0008bb|CP052040.1:4641396-4642116|- -            241 219257               -            302  6.4e-120  389.0   0.1   1   1  7.1e-120  7.1e-120  388.8   0.1    73   301     2   239     1   240 0.94 <unknown description>
219257at5125_29856_0:003998|CP052042.1:1290077-1290575|-   -            167 219257               -            302     2e-89  288.9   2.4   1   1   2.2e-89   2.2e-89  288.7   2.4   144   300     1   160     1   162 0.97 <unknown description>
219257at5125_911162_0:0015af|CP052042.1:1290077-1290452|-  -            126 219257               -            302   5.5e-69  221.7   3.0   1   1   6.1e-69   6.1e-69  221.6   3.0   183   300     1   119     1   121 0.98 <unknown description>
219257at5125_1806559_0:00212e|CP052040.1:4641399-4641696|- -            100 219257               -            302   4.6e-52  166.1   1.2   1   1   4.9e-52   4.9e-52  166.1   1.2   205   301     3    99     1   100 0.97 <unknown description>
#
# Program:         hmmsearch
# Version:         3.4 (Aug 2023)
# Pipeline mode:   SEARCH
# Query file:      /home/arafat/busco_downloads/lineages/hypocreales_odb12.2/hmms/219257at5125.hmm
# Target file:     /home/arafat/Foxy_SIX_Evolution/results/busco/GCA_013085055.1/run_hypocreales_odb12.2/miniprot_output/translated_proteins/219257at5125.faa
# Option settings: hmmsearch --domtblout /home/arafat/Foxy_SIX_Evolution/results/busco/GCA_013085055.1/run_hypocreales_odb12.2/hmmer_output/219257at5125.out --cpu 1 /home/arafat/busco_downloads/lineages/hypocreales_odb12.2/hmms/219257at5125.hmm /home/arafat/Foxy_SIX_Evolution/results/busco/GCA_013085055.1/run_hypocreales_odb12.2/miniprot_output/translated_proteins/219257at5125.faa 
# Current dir:     /home/arafat/Foxy_SIX_Evolution
# Date:            Thu Sep 24 15:53:43 2026
# [ok]
