#                                                                                                                  --- full sequence --- -------------- this domain -------------   hmm coord   ali coord   env coord
# target name                                              accession   tlen query name           accession   qlen   E-value  score  bias   #  of  c-Evalue  i-Evalue  score  bias  from    to  from    to  from    to  acc description of target
#                                      ------------------- ---------- ----- -------------------- ---------- ----- --------- ------ ----- --- --- --------- --------- ------ ----- ----- ----- ----- ----- ----- ----- ---- ---------------------
219306at5125_1399860_1:0009b1|CP052038.1:1342082-1351032|+ -            601 219306               -            559  5.5e-295  968.3   7.0   1   1    7e-293    7e-293  961.3   7.0     2   559    18   600    17   600 0.91 <unknown description>
219306at5125_1276135_0:00127c|CP052038.1:1348379-1350939|+ -            582 219306               -            559    2e-287  943.3  10.9   1   1  2.8e-285  2.8e-285  936.2  10.9     5   546    16   582    13   582 0.91 <unknown description>
219306at5125_983965_0:0020ad|CP052038.1:1339620-1351035|+  -            596 219306               -            559  6.7e-283  928.4   6.9   1   1  9.3e-281  9.3e-281  921.3   6.9    25   559    35   594    22   594 0.90 <unknown description>
219306at5125_660027_0:00041c|CP052038.1:1349182-1351035|+  -            584 219306               -            559  3.5e-281  922.7   7.2   1   1  4.9e-279  4.9e-279  915.6   7.2    35   559    33   582    23   582 0.91 <unknown description>
219306at5125_413071_0:0027a8|CP052038.1:1349162-1350513|+  -            423 219306               -            559  8.9e-254  832.2   0.1   1   1    1e-253    1e-253  832.1   0.1     7   428     1   422     1   423 1.00 <unknown description>
219306at5125_57161_0:00207d|CP052038.1:1348772-1350447|+   -            428 219306               -            559    6e-232  760.2   0.4   1   1  7.4e-232  7.4e-232  759.9   0.4    12   407    33   428    27   428 0.99 <unknown description>
219306at5125_93591_0:002a83|CP052038.1:1349325-1350327|+   -            335 219306               -            559  9.5e-196  640.7   0.1   1   1  1.1e-195  1.1e-195  640.5   0.1    33   367     1   335     1   335 1.00 <unknown description>
219306at5125_2604345_0:002ba0|CP052038.1:1349751-1350945|+ -            399 219306               -            559  7.7e-186  607.9   9.8   1   1  1.4e-183  1.4e-183  600.5   9.8   175   547     1   398     1   399 0.87 <unknown description>
#
# Program:         hmmsearch
# Version:         3.4 (Aug 2023)
# Pipeline mode:   SEARCH
# Query file:      /home/arafat/busco_downloads/lineages/hypocreales_odb12.2/hmms/219306at5125.hmm
# Target file:     /home/arafat/Foxy_SIX_Evolution/results/busco/GCA_013085055.1/run_hypocreales_odb12.2/miniprot_output/translated_proteins/219306at5125.faa
# Option settings: hmmsearch --domtblout /home/arafat/Foxy_SIX_Evolution/results/busco/GCA_013085055.1/run_hypocreales_odb12.2/hmmer_output/219306at5125.out --cpu 1 /home/arafat/busco_downloads/lineages/hypocreales_odb12.2/hmms/219306at5125.hmm /home/arafat/Foxy_SIX_Evolution/results/busco/GCA_013085055.1/run_hypocreales_odb12.2/miniprot_output/translated_proteins/219306at5125.faa 
# Current dir:     /home/arafat/Foxy_SIX_Evolution
# Date:            Thu Sep 24 15:53:45 2026
# [ok]
