#                                                                                                                  --- full sequence --- -------------- this domain -------------   hmm coord   ali coord   env coord
# target name                                              accession   tlen query name           accession   qlen   E-value  score  bias   #  of  c-Evalue  i-Evalue  score  bias  from    to  from    to  from    to  acc description of target
#                                      ------------------- ---------- ----- -------------------- ---------- ----- --------- ------ ----- --- --- --------- --------- ------ ----- ----- ----- ----- ----- ----- ----- ---- ---------------------
220097at5125_48484_0:0015b9|CP052038.1:2873438-2875382|-   -            639 220097               -            537  4.7e-300  984.6   0.0   1   1  5.6e-300  5.6e-300  984.3   0.0     1   534     1   573     1   575 0.92 <unknown description>
220097at5125_1283842_0:002843|CP052038.1:2873861-2875382|- -            508 220097               -            537  2.1e-271  890.1   0.0   1   1  2.3e-271  2.3e-271  889.9   0.0     1   472     1   506     1   508 0.92 <unknown description>
220097at5125_12942_0:0002c9|CP052038.1:2873654-2874941|-   -            430 220097               -            537  5.2e-232  760.0   0.0   1   1  5.8e-232  5.8e-232  759.9   0.0   131   537     1   429     1   429 0.93 <unknown description>
220097at5125_100902_0:004527|CP052038.1:2874387-2875382|-  -            332 220097               -            537  3.7e-171  559.2   0.3   1   1  4.2e-171  4.2e-171  559.0   0.3     1   304     1   329     1   331 0.92 <unknown description>
220097at5125_1325734_0:0015d6|CP052038.1:2873654-2874467|- -            272 220097               -            537  4.3e-138  450.1   0.0   1   1  4.8e-138  4.8e-138  449.9   0.0   281   537     1   271     1   271 0.92 <unknown description>
220097at5125_911162_0:000746|CP052038.1:2873876-2874596|-  -            241 220097               -            537  8.8e-133  432.5   0.0   1   1  9.8e-133  9.8e-133  432.4   0.0   241   469     1   241     1   241 0.93 <unknown description>
220097at5125_1053134_0:001c6f|CP052038.1:2875145-2875382|- -             80 220097               -            537   7.9e-39  122.4   2.7   1   1   8.7e-39   8.7e-39  122.3   2.7     1    71     1    80     1    80 0.90 <unknown description>
#
# Program:         hmmsearch
# Version:         3.4 (Aug 2023)
# Pipeline mode:   SEARCH
# Query file:      /home/arafat/busco_downloads/lineages/hypocreales_odb12.2/hmms/220097at5125.hmm
# Target file:     /home/arafat/Foxy_SIX_Evolution/results/busco/GCA_013085055.1/run_hypocreales_odb12.2/miniprot_output/translated_proteins/220097at5125.faa
# Option settings: hmmsearch --domtblout /home/arafat/Foxy_SIX_Evolution/results/busco/GCA_013085055.1/run_hypocreales_odb12.2/hmmer_output/220097at5125.out --cpu 1 /home/arafat/busco_downloads/lineages/hypocreales_odb12.2/hmms/220097at5125.hmm /home/arafat/Foxy_SIX_Evolution/results/busco/GCA_013085055.1/run_hypocreales_odb12.2/miniprot_output/translated_proteins/220097at5125.faa 
# Current dir:     /home/arafat/Foxy_SIX_Evolution
# Date:            Thu Sep 24 15:53:38 2026
# [ok]
