#                                                                                                                --- full sequence --- -------------- this domain -------------   hmm coord   ali coord   env coord
# target name                                            accession   tlen query name           accession   qlen   E-value  score  bias   #  of  c-Evalue  i-Evalue  score  bias  from    to  from    to  from    to  acc description of target
#                                    ------------------- ---------- ----- -------------------- ---------- ----- --------- ------ ----- --- --- --------- --------- ------ ----- ----- ----- ----- ----- ----- ----- ---- ---------------------
220045at5125_5507_2:002afd|CP052045.1:762742-764470|-    -            577 220045               -            576  1.8e-240  788.2  16.4   1   1  2.6e-239  2.6e-239  784.3  16.4     2   576    31   576    30   576 0.91 <unknown description>
220045at5125_490622_0:0027f6|CP052045.1:762742-768501|-  -            659 220045               -            576  1.3e-239  785.4  15.5   1   1  1.7e-238  1.7e-238  781.6  15.5     5   576   116   658   112   658 0.91 <unknown description>
220045at5125_1080343_0:001025|CP052045.1:761324-764470|- -            898 220045               -            576    4e-238  780.4  14.8   1   1  3.9e-237  3.9e-237  777.1  14.8     2   570    31   570    30   579 0.90 <unknown description>
220045at5125_5507_3:0032c2|CP052045.1:759421-764470|-    -           1218 220045               -            576  7.4e-230  753.1  15.7   1   1  5.4e-229  5.4e-229  750.3  15.7     2   572    31   544    30   551 0.89 <unknown description>
220045at5125_2004952_0:000e19|CP052045.1:762742-764113|- -            458 220045               -            576  1.8e-226  741.9  16.3   1   1  3.5e-225  3.5e-225  737.7  16.3    98   576     1   457     1   457 0.94 <unknown description>
220045at5125_911162_0:001b00|CP052045.1:762742-763420|-  -            227 220045               -            576  9.7e-120  389.5   9.1   1   1    2e-118    2e-118  385.2   9.1   322   576     1   226     1   226 0.94 <unknown description>
220045at5125_468837_0:0023e8|CP052045.1:762742-763243|-  -            168 220045               -            576     9e-82  264.2   3.0   1   1   2.2e-80   2.2e-80  259.6   3.0   383   576     1   167     1   167 0.93 <unknown description>
#
# Program:         hmmsearch
# Version:         3.4 (Aug 2023)
# Pipeline mode:   SEARCH
# Query file:      /home/arafat/busco_downloads/lineages/hypocreales_odb12.2/hmms/220045at5125.hmm
# Target file:     /home/arafat/Foxy_SIX_Evolution/results/busco/GCA_013085055.1/run_hypocreales_odb12.2/miniprot_output/translated_proteins/220045at5125.faa
# Option settings: hmmsearch --domtblout /home/arafat/Foxy_SIX_Evolution/results/busco/GCA_013085055.1/run_hypocreales_odb12.2/hmmer_output/220045at5125.out --cpu 1 /home/arafat/busco_downloads/lineages/hypocreales_odb12.2/hmms/220045at5125.hmm /home/arafat/Foxy_SIX_Evolution/results/busco/GCA_013085055.1/run_hypocreales_odb12.2/miniprot_output/translated_proteins/220045at5125.faa 
# Current dir:     /home/arafat/Foxy_SIX_Evolution
# Date:            Thu Sep 24 15:53:37 2026
# [ok]
