#                                                                                                                  --- full sequence --- -------------- this domain -------------   hmm coord   ali coord   env coord
# target name                                              accession   tlen query name           accession   qlen   E-value  score  bias   #  of  c-Evalue  i-Evalue  score  bias  from    to  from    to  from    to  acc description of target
#                                      ------------------- ---------- ----- -------------------- ---------- ----- --------- ------ ----- --- --- --------- --------- ------ ----- ----- ----- ----- ----- ----- ----- ---- ---------------------
220292at5125_48490_0:002bb3|CP052038.1:2782187-2783200|+   -            338 220292               -            293  9.1e-178  578.1   0.3   1   1  1.1e-177  1.1e-177  577.9   0.3     1   293    40   337    40   337 0.99 <unknown description>
220292at5125_93591_0:00064e|CP052038.1:2782462-2783200|+   -            247 220292               -            293  1.5e-148  482.2   0.4   1   1  1.7e-148  1.7e-148  482.1   0.4    53   293     1   246     1   246 0.98 <unknown description>
220292at5125_150374_0:00026b|CP052038.1:2782306-2782972|+  -            223 220292               -            293  6.7e-132  427.5   0.4   1   1  7.5e-132  7.5e-132  427.4   0.4     1   218     1   223     1   223 0.98 <unknown description>
220292at5125_2604345_0:003f02|CP052038.1:2782678-2783200|+ -            175 220292               -            293  5.3e-111  359.0   0.1   1   1  5.9e-111  5.9e-111  358.8   0.1   120   293     1   174     1   174 1.00 <unknown description>
220292at5125_93591_0:000158|CP052045.1:3370426-3371421|+   -            293 220292               -            293   1.2e-79  256.1   7.1   1   3   4.2e-10   4.2e-10   27.7   0.1     1    43     1    43     1    56 0.86 <unknown description>
220292at5125_93591_0:000158|CP052045.1:3370426-3371421|+   -            293 220292               -            293   1.2e-79  256.1   7.1   2   3   2.5e-12   2.5e-12   35.1   0.7    71   103    53    85    50    90 0.93 <unknown description>
220292at5125_93591_0:000158|CP052045.1:3370426-3371421|+   -            293 220292               -            293   1.2e-79  256.1   7.1   3   3   1.7e-61   1.7e-61  196.5   0.1   104   282   105   285    95   291 0.94 <unknown description>
220292at5125_468837_0:000e1c|CP052038.1:2782181-2782438|+  -             69 220292               -            293   1.3e-21   65.5   0.2   1   1   1.5e-21   1.5e-21   65.4   0.2     1    45    25    69    25    69 0.98 <unknown description>
#
# Program:         hmmsearch
# Version:         3.4 (Aug 2023)
# Pipeline mode:   SEARCH
# Query file:      /home/arafat/busco_downloads/lineages/hypocreales_odb12.2/hmms/220292at5125.hmm
# Target file:     /home/arafat/Foxy_SIX_Evolution/results/busco/GCA_013085055.1/run_hypocreales_odb12.2/miniprot_output/translated_proteins/220292at5125.faa
# Option settings: hmmsearch --domtblout /home/arafat/Foxy_SIX_Evolution/results/busco/GCA_013085055.1/run_hypocreales_odb12.2/hmmer_output/220292at5125.out --cpu 1 /home/arafat/busco_downloads/lineages/hypocreales_odb12.2/hmms/220292at5125.hmm /home/arafat/Foxy_SIX_Evolution/results/busco/GCA_013085055.1/run_hypocreales_odb12.2/miniprot_output/translated_proteins/220292at5125.faa 
# Current dir:     /home/arafat/Foxy_SIX_Evolution
# Date:            Thu Sep 24 15:53:41 2026
# [ok]
