#                                                                                                                  --- full sequence --- -------------- this domain -------------   hmm coord   ali coord   env coord
# target name                                              accession   tlen query name           accession   qlen   E-value  score  bias   #  of  c-Evalue  i-Evalue  score  bias  from    to  from    to  from    to  acc description of target
#                                      ------------------- ---------- ----- -------------------- ---------- ----- --------- ------ ----- --- --- --------- --------- ------ ----- ----- ----- ----- ----- ----- ----- ---- ---------------------
220241at5125_1080343_0:0006a0|CP052040.1:3019702-3021989|+ -            685 220241               -            642         0 1343.3  18.8   1   1         0         0 1341.2  18.8     1   642     6   682     6   682 0.94 <unknown description>
220241at5125_86546_0:000622|CP052040.1:3019702-3022640|+   -            839 220241               -            642         0 1331.0  24.8   1   1         0         0 1327.8  24.8     1   642     6   685     6   685 0.93 <unknown description>
220241at5125_42672_0:0028bc|CP052040.1:3018393-3021989|+   -            925 220241               -            642         0 1326.7  17.2   1   1         0         0 1324.7  17.2     8   642   253   922   251   922 0.94 <unknown description>
220241at5125_73501_0:0022ab|CP052040.1:3019702-3029604|+   -            742 220241               -            642         0 1299.6  14.0   1   2         0         0 1101.6   3.1     1   504     6   521     6   522 0.97 <unknown description>
220241at5125_73501_0:0022ab|CP052040.1:3019702-3029604|+   -            742 220241               -            642         0 1299.6  14.0   2   2   1.7e-64   1.7e-64  207.0   3.9   534   638   518   622   517   625 0.98 <unknown description>
220241at5125_62069_0:000624|CP052040.1:3019702-3021375|+   -            517 220241               -            642         0 1099.6   2.5   1   1         0         0 1099.3   2.5     1   499     6   516     6   517 0.97 <unknown description>
220241at5125_468837_0:00148f|CP052040.1:3020418-3021989|+  -            505 220241               -            642  9.7e-266  871.9  27.8   1   2  6.7e-200  6.7e-200  654.4   1.1   193   506     1   326     1   346 0.93 <unknown description>
220241at5125_468837_0:00148f|CP052040.1:3020418-3021989|+  -            505 220241               -            642  9.7e-266  871.9  27.8   2   2   2.5e-67   2.5e-67  216.4  24.8   499   642   344   502   332   502 0.83 <unknown description>
220241at5125_93591_0:0016de|CP052040.1:3019699-3020718|+   -            299 220241               -            642  1.4e-197  646.6   2.3   1   1  1.7e-197  1.7e-197  646.4   2.3     1   289     7   299     7   299 0.98 <unknown description>
220241at5125_2004951_0:000c78|CP052040.1:3020847-3021989|+ -            345 220241               -            642  5.9e-178  581.9  20.6   1   1  4.5e-177  4.5e-177  578.9  20.6   332   642     1   342     1   342 0.89 <unknown description>
#
# Program:         hmmsearch
# Version:         3.4 (Aug 2023)
# Pipeline mode:   SEARCH
# Query file:      /home/arafat/busco_downloads/lineages/hypocreales_odb12.2/hmms/220241at5125.hmm
# Target file:     /home/arafat/Foxy_SIX_Evolution/results/busco/GCA_013085055.1/run_hypocreales_odb12.2/miniprot_output/translated_proteins/220241at5125.faa
# Option settings: hmmsearch --domtblout /home/arafat/Foxy_SIX_Evolution/results/busco/GCA_013085055.1/run_hypocreales_odb12.2/hmmer_output/220241at5125.out --cpu 1 /home/arafat/busco_downloads/lineages/hypocreales_odb12.2/hmms/220241at5125.hmm /home/arafat/Foxy_SIX_Evolution/results/busco/GCA_013085055.1/run_hypocreales_odb12.2/miniprot_output/translated_proteins/220241at5125.faa 
# Current dir:     /home/arafat/Foxy_SIX_Evolution
# Date:            Thu Sep 24 15:53:40 2026
# [ok]
