#                                                                                                                  --- full sequence --- -------------- this domain -------------   hmm coord   ali coord   env coord
# target name                                              accession   tlen query name           accession   qlen   E-value  score  bias   #  of  c-Evalue  i-Evalue  score  bias  from    to  from    to  from    to  acc description of target
#                                      ------------------- ---------- ----- -------------------- ---------- ----- --------- ------ ----- --- --- --------- --------- ------ ----- ----- ----- ----- ----- ----- ----- ---- ---------------------
220366at5125_1080343_0:001e8a|CP052042.1:1086565-1088247|+ -            489 220366               -            326  4.2e-150  488.3  27.2   1   2     0.034     0.034    2.2   0.0     1    14     1    14     1    27 0.89 <unknown description>
220366at5125_1080343_0:001e8a|CP052042.1:1086565-1088247|+ -            489 220366               -            326  4.2e-150  488.3  27.2   2   2  2.6e-146  2.6e-146  475.9  26.3    19   325    94   456    87   457 0.90 <unknown description>
220366at5125_160281_0:004201|CP052042.1:1078777-1088184|+  -            443 220366               -            326  1.5e-149  486.5  26.5   1   1  1.3e-146  1.3e-146  476.9  26.5    17   325    67   431    61   432 0.90 <unknown description>
220366at5125_2614577_0:000e7f|CP052042.1:1086868-1088154|+ -            357 220366               -            326  9.1e-148  480.7  28.2   1   1  1.1e-144  1.1e-144  470.5  28.2    27   325     1   355     1   356 0.90 <unknown description>
220366at5125_654480_0:001925|CP052042.1:1086565-1088941|+  -            493 220366               -            326  4.6e-131  425.8  27.5   1   2     0.034     0.034    2.2   0.0     1    14     1    14     1    27 0.89 <unknown description>
220366at5125_654480_0:001925|CP052042.1:1086565-1088941|+  -            493 220366               -            326  4.6e-131  425.8  27.5   2   2  2.7e-127  2.7e-127  413.4  26.6    52   325    69   398    65   399 0.89 <unknown description>
220366at5125_57161_0:0044c4|CP052042.1:1086565-1087848|+   -            356 220366               -            326    4e-107  347.1  20.5   1   2     0.023     0.023    2.8   0.0     1    14     1    14     1    28 0.89 <unknown description>
220366at5125_57161_0:0044c4|CP052042.1:1086565-1087848|+   -            356 220366               -            326    4e-107  347.1  20.5   2   2  2.8e-104  2.8e-104  337.7  19.6    19   241    94   355    87   356 0.93 <unknown description>
220366at5125_2502994_0:002b48|CP052042.1:1087191-1088247|+ -            309 220366               -            326   7.9e-98  316.6  16.9   1   1   5.1e-96   5.1e-96  310.6  16.9    86   325     2   276     1   277 0.87 <unknown description>
220366at5125_111463_0:002a17|CP052042.1:1087668-1088202|+  -            179 220366               -            326   2.4e-70  226.2  14.3   1   1   1.2e-68   1.2e-68  220.7  14.3   191   325     5   161     2   162 0.86 <unknown description>
220366at5125_1081103_0:0008c0|CP052042.1:1086565-1087338|+ -            209 220366               -            326   3.8e-50  159.8   0.0   1   2     0.012     0.012    3.7   0.0     1    14     1    14     1    29 0.88 <unknown description>
220366at5125_1081103_0:0008c0|CP052042.1:1086565-1087338|+ -            209 220366               -            326   3.8e-50  159.8   0.0   2   2     2e-48     2e-48  154.2   0.0    19   120    94   197    87   206 0.93 <unknown description>
220366at5125_1081103_0:000907|CP052042.1:1087857-1088214|+ -            120 220366               -            326   1.9e-45  144.4   2.4   1   1   2.2e-45   2.2e-45  144.2   2.4   248   326    20    99    11    99 0.94 <unknown description>
#
# Program:         hmmsearch
# Version:         3.4 (Aug 2023)
# Pipeline mode:   SEARCH
# Query file:      /home/arafat/busco_downloads/lineages/hypocreales_odb12.2/hmms/220366at5125.hmm
# Target file:     /home/arafat/Foxy_SIX_Evolution/results/busco/GCA_013085055.1/run_hypocreales_odb12.2/miniprot_output/translated_proteins/220366at5125.faa
# Option settings: hmmsearch --domtblout /home/arafat/Foxy_SIX_Evolution/results/busco/GCA_013085055.1/run_hypocreales_odb12.2/hmmer_output/220366at5125.out --cpu 1 /home/arafat/busco_downloads/lineages/hypocreales_odb12.2/hmms/220366at5125.hmm /home/arafat/Foxy_SIX_Evolution/results/busco/GCA_013085055.1/run_hypocreales_odb12.2/miniprot_output/translated_proteins/220366at5125.faa 
# Current dir:     /home/arafat/Foxy_SIX_Evolution
# Date:            Thu Sep 24 15:53:42 2026
# [ok]
