#                                                                                                                  --- full sequence --- -------------- this domain -------------   hmm coord   ali coord   env coord
# target name                                              accession   tlen query name           accession   qlen   E-value  score  bias   #  of  c-Evalue  i-Evalue  score  bias  from    to  from    to  from    to  acc description of target
#                                      ------------------- ---------- ----- -------------------- ---------- ----- --------- ------ ----- --- --- --------- --------- ------ ----- ----- ----- ----- ----- ----- ----- ---- ---------------------
220456at5125_660027_0:001e07|CP052042.1:3597242-3599482|-  -            679 220456               -            529  5.5e-274  898.7  30.0   1   3   7.9e-25   7.9e-25   76.5   0.2     1    72    67   142    67   162 0.69 <unknown description>
220456at5125_660027_0:001e07|CP052042.1:3597242-3599482|-  -            679 220456               -            529  5.5e-274  898.7  30.0   2   3    0.0069    0.0069    4.0   0.0    64   100   162   204   134   218 0.67 <unknown description>
220456at5125_660027_0:001e07|CP052042.1:3597242-3599482|-  -            679 220456               -            529  5.5e-274  898.7  30.0   3   3  4.4e-250  4.4e-250  819.8  24.1    95   529   227   677   219   677 0.95 <unknown description>
220456at5125_1237068_0:0008e5|CP052042.1:3597242-3600066|- -            789 220456               -            529  1.2e-273  897.6  29.8   1   3   9.5e-25   9.5e-25   76.2   0.2     1    72   177   252   177   273 0.69 <unknown description>
220456at5125_1237068_0:0008e5|CP052042.1:3597242-3600066|- -            789 220456               -            529  1.2e-273  897.6  29.8   2   3     0.012     0.012    3.3   0.0    77   100   288   314   253   327 0.70 <unknown description>
220456at5125_1237068_0:0008e5|CP052042.1:3597242-3600066|- -            789 220456               -            529  1.2e-273  897.6  29.8   3   3  5.5e-250  5.5e-250  819.5  23.8    95   529   337   787   329   787 0.95 <unknown description>
220456at5125_1567539_0:003447|CP052042.1:3597242-3598798|- -            469 220456               -            529    5e-251  822.9  24.7   1   1    2e-250    2e-250  820.9  24.7    96   529    18   467    11   467 0.95 <unknown description>
220456at5125_2747967_0:003846|CP052042.1:3597845-3599482|- -            495 220456               -            529  2.2e-186  609.6  11.2   1   3   4.9e-25   4.9e-25   77.1   0.2     1    72    67   142    67   162 0.69 <unknown description>
220456at5125_2747967_0:003846|CP052042.1:3597845-3599482|- -            495 220456               -            529  2.2e-186  609.6  11.2   2   3    0.0059    0.0059    4.3   0.0    69   100   167   204   141   217 0.68 <unknown description>
220456at5125_2747967_0:003846|CP052042.1:3597845-3599482|- -            495 220456               -            529  2.2e-186  609.6  11.2   3   3  1.5e-162  1.5e-162  531.0   5.3    95   361   227   493   217   495 0.98 <unknown description>
220456at5125_1649241_0:00092e|CP052042.1:3598273-3599482|- -            386 220456               -            529    7e-117  380.2   5.4   1   3   3.5e-25   3.5e-25   77.6   0.2     1    72    67   142    67   160 0.69 <unknown description>
220456at5125_1649241_0:00092e|CP052042.1:3598273-3599482|- -            386 220456               -            529    7e-117  380.2   5.4   2   3    0.0045    0.0045    4.6   0.0    69   100   167   204   142   216 0.68 <unknown description>
220456at5125_1649241_0:00092e|CP052042.1:3598273-3599482|- -            386 220456               -            529    7e-117  380.2   5.4   3   3   2.2e-92   2.2e-92  299.4   0.7    95   254   227   386   217   386 0.97 <unknown description>
220456at5125_12942_0:001515|CP052042.1:3597245-3597905|-   -            204 220456               -            529   3.4e-97  315.2  16.2   1   1   2.2e-96   2.2e-96  312.6  16.2   343   529     1   203     1   203 0.92 <unknown description>
220456at5125_983965_0:002958|CP052042.1:3597245-3597761|-  -            173 220456               -            529   4.5e-77  248.9  15.3   1   1   3.2e-76   3.2e-76  246.0  15.3   374   529     1   172     1   172 0.90 <unknown description>
#
# Program:         hmmsearch
# Version:         3.4 (Aug 2023)
# Pipeline mode:   SEARCH
# Query file:      /home/arafat/busco_downloads/lineages/hypocreales_odb12.2/hmms/220456at5125.hmm
# Target file:     /home/arafat/Foxy_SIX_Evolution/results/busco/GCA_013085055.1/run_hypocreales_odb12.2/miniprot_output/translated_proteins/220456at5125.faa
# Option settings: hmmsearch --domtblout /home/arafat/Foxy_SIX_Evolution/results/busco/GCA_013085055.1/run_hypocreales_odb12.2/hmmer_output/220456at5125.out --cpu 1 /home/arafat/busco_downloads/lineages/hypocreales_odb12.2/hmms/220456at5125.hmm /home/arafat/Foxy_SIX_Evolution/results/busco/GCA_013085055.1/run_hypocreales_odb12.2/miniprot_output/translated_proteins/220456at5125.faa 
# Current dir:     /home/arafat/Foxy_SIX_Evolution
# Date:            Thu Sep 24 15:53:43 2026
# [ok]
