#                                                                                                                  --- full sequence --- -------------- this domain -------------   hmm coord   ali coord   env coord
# target name                                              accession   tlen query name           accession   qlen   E-value  score  bias   #  of  c-Evalue  i-Evalue  score  bias  from    to  from    to  from    to  acc description of target
#                                      ------------------- ---------- ----- -------------------- ---------- ----- --------- ------ ----- --- --- --------- --------- ------ ----- ----- ----- ----- ----- ----- ----- ---- ---------------------
220785at5125_2030778_0:000368|CP052043.1:3141076-3153686|+ -           2314 220785               -           1461         0 1978.3 195.6   1   4   1.2e-46   1.2e-46  147.6   0.0    20   126   377   493   362   500 0.87 <unknown description>
220785at5125_2030778_0:000368|CP052043.1:3141076-3153686|+ -           2314 220785               -           1461         0 1978.3 195.6   2   4     5e-81     5e-81  261.5  36.1   105   352   584   891   579   897 0.77 <unknown description>
220785at5125_2030778_0:000368|CP052043.1:3141076-3153686|+ -           2314 220785               -           1461         0 1978.3 195.6   3   4     5e-42     5e-42  132.3  20.5   310   492   888  1111   882  1129 0.74 <unknown description>
220785at5125_2030778_0:000368|CP052043.1:3141076-3153686|+ -           2314 220785               -           1461         0 1978.3 195.6   4   4         0         0 1433.5 120.3   481  1461  1159  2313  1125  2313 0.83 <unknown description>
220785at5125_660025_0:0022f8|CP052043.1:3144119-3153686|+  -           2467 220785               -           1461         0 1975.9 206.1   1   4   1.3e-46   1.3e-46  147.5   0.0    20   126   459   575   444   582 0.87 <unknown description>
220785at5125_660025_0:0022f8|CP052043.1:3144119-3153686|+  -           2467 220785               -           1461         0 1975.9 206.1   2   4   2.2e-80   2.2e-80  259.4  44.9   105   358   666   993   661  1034 0.78 <unknown description>
220785at5125_660025_0:0022f8|CP052043.1:3144119-3153686|+  -           2467 220785               -           1461         0 1975.9 206.1   3   4   2.5e-41   2.5e-41  130.0  22.9   311   491  1044  1263  1019  1275 0.75 <unknown description>
220785at5125_660025_0:0022f8|CP052043.1:3144119-3153686|+  -           2467 220785               -           1461         0 1975.9 206.1   4   4         0         0 1433.1 120.4   481  1461  1312  2466  1278  2466 0.83 <unknown description>
220785at5125_948311_1:001d47|CP052043.1:3146528-3153686|+  -           2387 220785               -           1461         0 1975.0 207.5   1   5   1.2e-46   1.2e-46  147.6   0.0    20   126   379   495   364   502 0.87 <unknown description>
220785at5125_948311_1:001d47|CP052043.1:3146528-3153686|+  -           2387 220785               -           1461         0 1975.0 207.5   2   5   8.8e-81   8.8e-81  260.7  43.5   105   358   586   913   581   933 0.78 <unknown description>
220785at5125_948311_1:001d47|CP052043.1:3146528-3153686|+  -           2387 220785               -           1461         0 1975.0 207.5   3   5    0.0024    0.0024    4.1   1.3   310   361   890   937   884   956 0.64 <unknown description>
220785at5125_948311_1:001d47|CP052043.1:3146528-3153686|+  -           2387 220785               -           1461         0 1975.0 207.5   4   5   1.9e-41   1.9e-41  130.4  22.6   311   492   964  1184   940  1200 0.75 <unknown description>
220785at5125_948311_1:001d47|CP052043.1:3146528-3153686|+  -           2387 220785               -           1461         0 1975.0 207.5   5   5         0         0 1432.0 121.7   481  1461  1232  2386  1198  2386 0.83 <unknown description>
220785at5125_490622_0:001842|CP052043.1:3147986-3153686|+  -           1832 220785               -           1461         0 1832.1 196.0   1   3   1.1e-81   1.1e-81  263.8  36.2   105   352   100   414    95   416 0.76 <unknown description>
220785at5125_490622_0:001842|CP052043.1:3147986-3153686|+  -           1832 220785               -           1461         0 1832.1 196.0   2   3   4.7e-42   4.7e-42  132.4  20.6   309   492   410   629   402   648 0.74 <unknown description>
220785at5125_490622_0:001842|CP052043.1:3147986-3153686|+  -           1832 220785               -           1461         0 1832.1 196.0   3   3         0         0 1430.7 123.9   481  1461   677  1831   644  1831 0.83 <unknown description>
220785at5125_2004951_0:0022eb|CP052043.1:3146732-3152225|+ -           1763 220785               -           1461         0 1309.2 148.4   1   5      0.82      0.82   -4.3   1.2     2    24   259   284   258   285 0.83 <unknown description>
220785at5125_2004951_0:0022eb|CP052043.1:3146732-3152225|+ -           1763 220785               -           1461         0 1309.2 148.4   2   5   8.4e-47   8.4e-47  148.1   0.0    20   126   311   427   296   434 0.87 <unknown description>
220785at5125_2004951_0:0022eb|CP052043.1:3146732-3152225|+ -           1763 220785               -           1461         0 1309.2 148.4   3   5   1.8e-81   1.8e-81  263.0  37.0   105   352   518   832   513   834 0.76 <unknown description>
220785at5125_2004951_0:0022eb|CP052043.1:3146732-3152225|+ -           1763 220785               -           1461         0 1309.2 148.4   4   5   8.9e-42   8.9e-42  131.5  21.3   309   491   828  1046   822  1058 0.74 <unknown description>
220785at5125_2004951_0:0022eb|CP052043.1:3146732-3152225|+ -           1763 220785               -           1461         0 1309.2 148.4   5   5  1.5e-235  1.5e-235  773.6  63.8   480  1064  1094  1763  1060  1763 0.82 <unknown description>
220785at5125_1435070_0:001ebf|CP052043.1:3151241-3153686|+ -            816 220785               -           1461         0 1137.4 117.4   1   1         0         0 1131.2 117.4   755  1461    18   815    10   815 0.90 <unknown description>
220785at5125_1435070_0:001e9b|CP052043.1:3146840-3151064|+ -           1409 220785               -           1461    1e-227  747.7 107.7   1   7      0.65      0.65   -4.0   1.2     2    24   223   248   222   249 0.83 <unknown description>
220785at5125_1435070_0:001e9b|CP052043.1:3146840-3151064|+ -           1409 220785               -           1461    1e-227  747.7 107.7   2   7   6.4e-47   6.4e-47  148.5   0.0    20   126   275   391   260   398 0.87 <unknown description>
220785at5125_1435070_0:001e9b|CP052043.1:3146840-3151064|+ -           1409 220785               -           1461    1e-227  747.7 107.7   3   7   6.4e-81   6.4e-81  261.2  44.1   105   358   482   809   477   824 0.77 <unknown description>
220785at5125_1435070_0:001e9b|CP052043.1:3146840-3151064|+ -           1409 220785               -           1461    1e-227  747.7 107.7   4   7    0.0016    0.0016    4.7   3.1   310   367   779   842   775   857 0.62 <unknown description>
220785at5125_1435070_0:001e9b|CP052043.1:3146840-3151064|+ -           1409 220785               -           1461    1e-227  747.7 107.7   5   7   8.7e-42   8.7e-42  131.5  22.6   311   492   860  1080   836  1098 0.75 <unknown description>
220785at5125_1435070_0:001e9b|CP052043.1:3146840-3151064|+ -           1409 220785               -           1461    1e-227  747.7 107.7   6   7   2.2e-05   2.2e-05   10.9   0.4   480   526  1127  1176  1082  1191 0.69 <unknown description>
220785at5125_1435070_0:001e9b|CP052043.1:3146840-3151064|+ -           1409 220785               -           1461    1e-227  747.7 107.7   7   7   4.4e-66   4.4e-66  212.0   6.2   527   699  1204  1409  1190  1409 0.78 <unknown description>
#
# Program:         hmmsearch
# Version:         3.4 (Aug 2023)
# Pipeline mode:   SEARCH
# Query file:      /home/arafat/busco_downloads/lineages/hypocreales_odb12.2/hmms/220785at5125.hmm
# Target file:     /home/arafat/Foxy_SIX_Evolution/results/busco/GCA_013085055.1/run_hypocreales_odb12.2/miniprot_output/translated_proteins/220785at5125.faa
# Option settings: hmmsearch --domtblout /home/arafat/Foxy_SIX_Evolution/results/busco/GCA_013085055.1/run_hypocreales_odb12.2/hmmer_output/220785at5125.out --cpu 1 /home/arafat/busco_downloads/lineages/hypocreales_odb12.2/hmms/220785at5125.hmm /home/arafat/Foxy_SIX_Evolution/results/busco/GCA_013085055.1/run_hypocreales_odb12.2/miniprot_output/translated_proteins/220785at5125.faa 
# Current dir:     /home/arafat/Foxy_SIX_Evolution
# Date:            Thu Sep 24 15:53:50 2026
# [ok]
