#                                                                                                                  --- full sequence --- -------------- this domain -------------   hmm coord   ali coord   env coord
# target name                                              accession   tlen query name           accession   qlen   E-value  score  bias   #  of  c-Evalue  i-Evalue  score  bias  from    to  from    to  from    to  acc description of target
#                                      ------------------- ---------- ----- -------------------- ---------- ----- --------- ------ ----- --- --- --------- --------- ------ ----- ----- ----- ----- ----- ----- ----- ---- ---------------------
221389at5125_327505_0:001657|CP052039.1:4298790-4300809|-  -            657 221389               -            572    6e-267  875.6  66.7   1   3  3.5e-186  4.2e-186  608.7  36.0     1   331     1   345     1   377 0.89 <unknown description>
221389at5125_327505_0:001657|CP052039.1:4298790-4300809|-  -            657 221389               -            572    6e-267  875.6  66.7   2   3   3.8e-19   4.5e-19   57.2   7.5   319   408   366   455   351   463 0.77 <unknown description>
221389at5125_327505_0:001657|CP052039.1:4298790-4300809|-  -            657 221389               -            572    6e-267  875.6  66.7   3   3   2.1e-68   2.5e-68  219.8  11.5   383   570   461   654   453   656 0.87 <unknown description>
221389at5125_73501_0:00075e|CP052039.1:4293970-4300809|-   -            722 221389               -            572  6.6e-266  872.2  67.7   1   3  1.9e-186  2.2e-186  609.6  33.8     1   324     1   333     1   361 0.92 <unknown description>
221389at5125_73501_0:00075e|CP052039.1:4293970-4300809|-   -            722 221389               -            572  6.6e-266  872.2  67.7   2   3   4.5e-19   5.4e-19   57.0   7.6   319   408   366   455   347   462 0.77 <unknown description>
221389at5125_73501_0:00075e|CP052039.1:4293970-4300809|-   -            722 221389               -            572  6.6e-266  872.2  67.7   3   3   1.7e-67   2.1e-67  216.8  12.5   383   568   461   652   453   656 0.87 <unknown description>
221389at5125_1247861_0:001753|CP052039.1:4297136-4300665|- -            861 221389               -            572  6.5e-249  816.1  70.3   1   3  1.2e-169  1.4e-169  554.1  36.6    41   324     1   285     1   314 0.94 <unknown description>
221389at5125_1247861_0:001753|CP052039.1:4297136-4300665|- -            861 221389               -            572  6.5e-249  816.1  70.3   2   3   5.3e-19   6.4e-19   56.7   7.5   319   408   318   407   299   415 0.77 <unknown description>
221389at5125_1247861_0:001753|CP052039.1:4297136-4300665|- -            861 221389               -            572  6.5e-249  816.1  70.3   3   3   2.4e-67   2.9e-67  216.3  12.4   383   567   413   603   405   607 0.87 <unknown description>
221389at5125_1736662_0:0006e9|CP052039.1:4299396-4300809|- -            455 221389               -            572  1.2e-202  663.4  48.0   1   2  4.6e-187  5.5e-187  611.6  33.8     1   325     1   334     1   363 0.92 <unknown description>
221389at5125_1736662_0:0006e9|CP052039.1:4299396-4300809|- -            455 221389               -            572  1.2e-202  663.4  48.0   2   2   3.8e-19   4.5e-19   57.2   7.2   318   406   365   453   348   455 0.77 <unknown description>
221389at5125_2004951_0:0007c7|CP052039.1:4299963-4300785|- -            258 221389               -            572  1.1e-149  488.5  26.0   1   1    1e-149  1.2e-149  488.3  26.0     9   257     1   258     1   258 0.94 <unknown description>
#
# Program:         hmmsearch
# Version:         3.4 (Aug 2023)
# Pipeline mode:   SEARCH
# Query file:      /home/arafat/busco_downloads/lineages/hypocreales_odb12.2/hmms/221389at5125.hmm
# Target file:     /home/arafat/Foxy_SIX_Evolution/results/busco/GCA_013085055.1/run_hypocreales_odb12.2/miniprot_output/translated_proteins/221389at5125.faa
# Option settings: hmmsearch --domtblout /home/arafat/Foxy_SIX_Evolution/results/busco/GCA_013085055.1/run_hypocreales_odb12.2/hmmer_output/221389at5125.out --cpu 1 /home/arafat/busco_downloads/lineages/hypocreales_odb12.2/hmms/221389at5125.hmm /home/arafat/Foxy_SIX_Evolution/results/busco/GCA_013085055.1/run_hypocreales_odb12.2/miniprot_output/translated_proteins/221389at5125.faa 
# Current dir:     /home/arafat/Foxy_SIX_Evolution
# Date:            Thu Sep 24 15:53:36 2026
# [ok]
