#                                                                                                                  --- full sequence --- -------------- this domain -------------   hmm coord   ali coord   env coord
# target name                                              accession   tlen query name           accession   qlen   E-value  score  bias   #  of  c-Evalue  i-Evalue  score  bias  from    to  from    to  from    to  acc description of target
#                                      ------------------- ---------- ----- -------------------- ---------- ----- --------- ------ ----- --- --- --------- --------- ------ ----- ----- ----- ----- ----- ----- ----- ---- ---------------------
221680at5125_2039874_0:00020d|CP052046.1:1119952-1122616|- -            540 221680               -            473  4.9e-251  822.2  63.6   1   2   1.9e-05   1.9e-05   12.4   5.3    11    42    15    46     6    62 0.77 <unknown description>
221680at5125_2039874_0:00020d|CP052046.1:1119952-1122616|- -            540 221680               -            473  4.9e-251  822.2  63.6   2   2  4.2e-249  4.2e-249  815.9  50.3    46   470    90   516    77   521 0.97 <unknown description>
221680at5125_72228_0:0010ee|CP052046.1:1119958-1130059|-   -            530 221680               -            473  1.2e-250  821.0  45.9   1   1  1.4e-250  1.4e-250  820.7  45.9    44   470    80   508    42   513 0.97 <unknown description>
221680at5125_61374_0:002de5|CP052046.1:1119940-1124469|-   -            860 221680               -            473  8.8e-250  818.1  46.3   1   3       0.4       0.4   -1.8   5.5     9    81    34   109    27   153 0.50 <unknown description>
221680at5125_61374_0:002de5|CP052046.1:1119940-1124469|-   -            860 221680               -            473  8.8e-250  818.1  46.3   2   3       1.7       1.7   -3.9   2.2    12    58   263   314   254   349 0.52 <unknown description>
221680at5125_61374_0:002de5|CP052046.1:1119940-1124469|-   -            860 221680               -            473  8.8e-250  818.1  46.3   3   3  8.8e-250  8.8e-250  818.1  46.3    44   470   404   832   377   837 0.97 <unknown description>
221680at5125_1080343_0:000c49|CP052046.1:1119940-1121775|- -            572 221680               -            473  9.7e-250  817.9  69.1   1   2   0.00015   0.00015    9.5   9.5     9    43    17    51    10    77 0.76 <unknown description>
221680at5125_1080343_0:000c49|CP052046.1:1119940-1121775|- -            572 221680               -            473  9.7e-250  817.9  69.1   2   2  9.1e-249  9.1e-249  814.7  51.3    44   470   116   544    92   549 0.97 <unknown description>
221680at5125_1094350_0:00129b|CP052046.1:1118937-1121462|- -            724 221680               -            473  1.1e-249  817.7  47.6   1   1  1.5e-249  1.5e-249  817.4  47.6    45   470    36   463    16   468 0.97 <unknown description>
221680at5125_1042311_0:0026c8|CP052046.1:1120385-1121426|- -            348 221680               -            473  1.1e-180  590.3  54.1   1   1  1.2e-180  1.2e-180  590.1  54.1    46   368    25   347     7   348 0.98 <unknown description>
221680at5125_2898082_0:002485|CP052046.1:1120385-1121858|- -            438 221680               -            473  8.1e-180  587.4  79.7   1   2     8e-05     8e-05   10.4  11.5     1    42     1    47     1    65 0.71 <unknown description>
221680at5125_2898082_0:002485|CP052046.1:1120385-1121858|- -            438 221680               -            473  8.1e-180  587.4  79.7   2   2  1.1e-178  1.1e-178  583.6  59.3    46   368   115   437    99   438 0.98 <unknown description>
221680at5125_468837_0:000e7c|CP052046.1:1121150-1121858|-  -            142 221680               -            473   7.8e-30   92.8  27.1   1   1   4.5e-28   4.5e-28   87.0  27.1     1   114     1   142     1   142 0.67 <unknown description>
#
# Program:         hmmsearch
# Version:         3.4 (Aug 2023)
# Pipeline mode:   SEARCH
# Query file:      /home/arafat/busco_downloads/lineages/hypocreales_odb12.2/hmms/221680at5125.hmm
# Target file:     /home/arafat/Foxy_SIX_Evolution/results/busco/GCA_013085055.1/run_hypocreales_odb12.2/miniprot_output/translated_proteins/221680at5125.faa
# Option settings: hmmsearch --domtblout /home/arafat/Foxy_SIX_Evolution/results/busco/GCA_013085055.1/run_hypocreales_odb12.2/hmmer_output/221680at5125.out --cpu 1 /home/arafat/busco_downloads/lineages/hypocreales_odb12.2/hmms/221680at5125.hmm /home/arafat/Foxy_SIX_Evolution/results/busco/GCA_013085055.1/run_hypocreales_odb12.2/miniprot_output/translated_proteins/221680at5125.faa 
# Current dir:     /home/arafat/Foxy_SIX_Evolution
# Date:            Thu Sep 24 15:53:42 2026
# [ok]
