#                                                                                                                  --- full sequence --- -------------- this domain -------------   hmm coord   ali coord   env coord
# target name                                              accession   tlen query name           accession   qlen   E-value  score  bias   #  of  c-Evalue  i-Evalue  score  bias  from    to  from    to  from    to  acc description of target
#                                      ------------------- ---------- ----- -------------------- ---------- ----- --------- ------ ----- --- --- --------- --------- ------ ----- ----- ----- ----- ----- ----- ----- ---- ---------------------
221811at5125_160281_0:001f35|CP052041.1:4314956-4328079|+  -            856 221811               -            308   2.5e-64  208.4  82.2   1   6   3.2e-10   9.6e-10   29.1  11.9    12    54   179   221   175   226 0.91 <unknown description>
221811at5125_160281_0:001f35|CP052041.1:4314956-4328079|+  -            856 221811               -            308   2.5e-64  208.4  82.2   2   6      0.77       2.3   -1.7   3.0    45    60   263   278   227   286 0.67 <unknown description>
221811at5125_160281_0:001f35|CP052041.1:4314956-4328079|+  -            856 221811               -            308   2.5e-64  208.4  82.2   3   6   9.6e-16   2.9e-15   47.2  12.6    46   190   287   436   252   448 0.69 <unknown description>
221811at5125_160281_0:001f35|CP052041.1:4314956-4328079|+  -            856 221811               -            308   2.5e-64  208.4  82.2   4   6   0.00027   0.00082    9.6   6.6   127   190   504   570   462   576 0.65 <unknown description>
221811at5125_160281_0:001f35|CP052041.1:4314956-4328079|+  -            856 221811               -            308   2.5e-64  208.4  82.2   5   6       4.1        12   -4.1   4.5   175   198   625   648   585   685 0.59 <unknown description>
221811at5125_160281_0:001f35|CP052041.1:4314956-4328079|+  -            856 221811               -            308   2.5e-64  208.4  82.2   6   6   7.6e-46   2.3e-45  146.1  12.0   172   308   696   855   667   855 0.76 <unknown description>
221811at5125_660027_0:001a6f|CP052041.1:4325328-4328079|+  -            918 221811               -            308   2.2e-61  198.7  96.8   1   8       2.8       8.4   -3.5   0.0    50    64     7    21     4    28 0.82 <unknown description>
221811at5125_660027_0:001a6f|CP052041.1:4325328-4328079|+  -            918 221811               -            308   2.2e-61  198.7  96.8   2   8     3e-10     9e-10   29.2  11.7    12    54   154   196   150   201 0.91 <unknown description>
221811at5125_660027_0:001a6f|CP052041.1:4325328-4328079|+  -            918 221811               -            308   2.2e-61  198.7  96.8   3   8      0.52       1.5   -1.1   2.5    45    60   238   253   202   265 0.68 <unknown description>
221811at5125_660027_0:001a6f|CP052041.1:4325328-4328079|+  -            918 221811               -            308   2.2e-61  198.7  96.8   4   8   1.1e-15   3.3e-15   47.0  12.3    46   187   262   408   227   422 0.69 <unknown description>
221811at5125_660027_0:001a6f|CP052041.1:4325328-4328079|+  -            918 221811               -            308   2.2e-61  198.7  96.8   5   8    0.0003   0.00089    9.5   6.5   127   190   479   545   437   551 0.65 <unknown description>
221811at5125_660027_0:001a6f|CP052041.1:4325328-4328079|+  -            918 221811               -            308   2.2e-61  198.7  96.8   6   8       4.6        14   -4.2   4.4   175   198   600   623   560   647 0.55 <unknown description>
221811at5125_660027_0:001a6f|CP052041.1:4325328-4328079|+  -            918 221811               -            308   2.2e-61  198.7  96.8   7   8   7.1e-10   2.1e-09   28.0   7.7   172   214   671   713   645   723 0.82 <unknown description>
221811at5125_660027_0:001a6f|CP052041.1:4325328-4328079|+  -            918 221811               -            308   2.2e-61  198.7  96.8   8   8     5e-37   1.5e-36  117.2   8.7   150   308   743   917   727   917 0.75 <unknown description>
221811at5125_150374_0:001465|CP052041.1:4318703-4328079|+  -            670 221811               -            308   7.4e-56  180.6  76.3   1   6       2.3         7   -3.3   0.8   134   162    12    43     6   101 0.64 <unknown description>
221811at5125_150374_0:001465|CP052041.1:4318703-4328079|+  -            670 221811               -            308   7.4e-56  180.6  76.3   2   6   2.2e-10   6.7e-10   29.6  11.8    12    54   119   161   115   168 0.91 <unknown description>
221811at5125_150374_0:001465|CP052041.1:4318703-4328079|+  -            670 221811               -            308   7.4e-56  180.6  76.3   3   6      0.56       1.7   -1.3   3.0    45    60   203   218   166   226 0.66 <unknown description>
221811at5125_150374_0:001465|CP052041.1:4318703-4328079|+  -            670 221811               -            308   7.4e-56  180.6  76.3   4   6   9.6e-16   2.9e-15   47.3  12.8    46   188   227   374   192   387 0.69 <unknown description>
221811at5125_150374_0:001465|CP052041.1:4318703-4328079|+  -            670 221811               -            308   7.4e-56  180.6  76.3   5   6   0.00087    0.0026    8.0   8.7   127   190   444   510   402   516 0.65 <unknown description>
221811at5125_150374_0:001465|CP052041.1:4318703-4328079|+  -            670 221811               -            308   7.4e-56  180.6  76.3   6   6   6.5e-37   1.9e-36  116.8   7.8   213   308   563   669   538   669 0.80 <unknown description>
221811at5125_61374_0:001d81|CP052041.1:4325925-4328079|+   -            719 221811               -            308     3e-55  178.5  76.8   1   7      0.96       2.9   -2.0   3.7    45    60    39    54     4    64 0.69 <unknown description>
221811at5125_61374_0:001d81|CP052041.1:4325925-4328079|+   -            719 221811               -            308     3e-55  178.5  76.8   2   7   3.5e-17     1e-16   52.0   1.1    49   117    66   144    60   149 0.82 <unknown description>
221811at5125_61374_0:001d81|CP052041.1:4325925-4328079|+   -            719 221811               -            308     3e-55  178.5  76.8   3   7   0.00031   0.00094    9.4   0.2    99   143   145   200   143   214 0.65 <unknown description>
221811at5125_61374_0:001d81|CP052041.1:4325925-4328079|+   -            719 221811               -            308     3e-55  178.5  76.8   4   7   0.00015   0.00046   10.5   6.1   127   190   280   346   238   353 0.66 <unknown description>
221811at5125_61374_0:001d81|CP052041.1:4325925-4328079|+   -            719 221811               -            308     3e-55  178.5  76.8   5   7         8        24   -5.2   6.1   176   198   402   424   361   468 0.59 <unknown description>
221811at5125_61374_0:001d81|CP052041.1:4325925-4328079|+   -            719 221811               -            308     3e-55  178.5  76.8   6   7   4.8e-10   1.4e-09   28.5   7.5   172   214   472   514   449   524 0.82 <unknown description>
221811at5125_61374_0:001d81|CP052041.1:4325925-4328079|+   -            719 221811               -            308     3e-55  178.5  76.8   7   7   5.5e-37   1.7e-36  117.0   9.3   151   308   545   718   533   718 0.75 <unknown description>
221811at5125_2502994_0:000b4b|CP052041.1:4327182-4328079|+ -            300 221811               -            308   2.9e-45  145.8  24.6   1   2   1.3e-10   3.8e-10   30.4   7.6   172   214    53    95    26   108 0.81 <unknown description>
221811at5125_2502994_0:000b4b|CP052041.1:4327182-4328079|+ -            300 221811               -            308   2.9e-45  145.8  24.6   2   2     7e-38   2.1e-37  120.0   8.9   152   308   127   299   118   299 0.74 <unknown description>
221811at5125_911162_0:001ab2|CP052041.1:4327587-4328079|+  -            165 221811               -            308   2.4e-38  123.1   9.7   1   2     0.015     0.044    3.9   0.1   215   242     3    31     1    35 0.74 <unknown description>
221811at5125_911162_0:001ab2|CP052041.1:4327587-4328079|+  -            165 221811               -            308   2.4e-38  123.1   9.7   2   2   2.4e-38   7.2e-38  121.5   7.1   184   308    29   164    19   164 0.83 <unknown description>
221811at5125_1344414_0:001e44|CP052041.1:4327863-4328079|+ -             73 221811               -            308     1e-32  104.6   6.6   1   1   3.8e-33   1.1e-32  104.4   6.6   247   308     1    72     1    72 0.90 <unknown description>
221811at5125_48490_0:00173c|CP052041.1:4325328-4326858|+   -            511 221811               -            308   4.8e-22   69.5  26.4   1   5       1.3       3.8   -2.4   0.0    50    64     7    21     4    33 0.80 <unknown description>
221811at5125_48490_0:00173c|CP052041.1:4325328-4326858|+   -            511 221811               -            308   4.8e-22   69.5  26.4   2   5   1.8e-10   5.5e-10   29.9  12.1    12    54   154   196   150   206 0.91 <unknown description>
221811at5125_48490_0:00173c|CP052041.1:4325328-4326858|+   -            511 221811               -            308   4.8e-22   69.5  26.4   3   5      0.59       1.8   -1.3   3.7    45    60   238   253   201   264 0.67 <unknown description>
221811at5125_48490_0:00173c|CP052041.1:4325328-4326858|+   -            511 221811               -            308   4.8e-22   69.5  26.4   4   5     1e-17   3.1e-17   53.7   6.4    49   191   265   412   260   423 0.70 <unknown description>
221811at5125_48490_0:00173c|CP052041.1:4325328-4326858|+   -            511 221811               -            308   4.8e-22   69.5  26.4   5   5     0.014     0.042    4.0   6.9    99   145   344   401   342   504 0.77 <unknown description>
#
# Program:         hmmsearch
# Version:         3.4 (Aug 2023)
# Pipeline mode:   SEARCH
# Query file:      /home/arafat/busco_downloads/lineages/hypocreales_odb12.2/hmms/221811at5125.hmm
# Target file:     /home/arafat/Foxy_SIX_Evolution/results/busco/GCA_013085055.1/run_hypocreales_odb12.2/miniprot_output/translated_proteins/221811at5125.faa
# Option settings: hmmsearch --domtblout /home/arafat/Foxy_SIX_Evolution/results/busco/GCA_013085055.1/run_hypocreales_odb12.2/hmmer_output/221811at5125.out --cpu 1 /home/arafat/busco_downloads/lineages/hypocreales_odb12.2/hmms/221811at5125.hmm /home/arafat/Foxy_SIX_Evolution/results/busco/GCA_013085055.1/run_hypocreales_odb12.2/miniprot_output/translated_proteins/221811at5125.faa 
# Current dir:     /home/arafat/Foxy_SIX_Evolution
# Date:            Thu Sep 24 15:53:45 2026
# [ok]
