#                                                                                                                  --- full sequence --- -------------- this domain -------------   hmm coord   ali coord   env coord
# target name                                              accession   tlen query name           accession   qlen   E-value  score  bias   #  of  c-Evalue  i-Evalue  score  bias  from    to  from    to  from    to  acc description of target
#                                      ------------------- ---------- ----- -------------------- ---------- ----- --------- ------ ----- --- --- --------- --------- ------ ----- ----- ----- ----- ----- ----- ----- ---- ---------------------
222704at5125_1080343_0:001b3c|CP052038.1:3879764-3881046|- -            408 222704               -            306  9.5e-134  434.6  36.9   1   3   2.3e-19   2.3e-19   58.9   0.9     1    61     1    62     1    67 0.80 <unknown description>
222704at5125_1080343_0:001b3c|CP052038.1:3879764-3881046|- -            408 222704               -            306  9.5e-134  434.6  36.9   2   3   5.5e-24   5.5e-24   74.1  12.8    41   120    64   146    49   151 0.82 <unknown description>
222704at5125_1080343_0:001b3c|CP052038.1:3879764-3881046|- -            408 222704               -            306  9.5e-134  434.6  36.9   3   3   2.8e-95   2.8e-95  308.2  12.4    96   306   150   407   147   407 0.82 <unknown description>
222704at5125_1053134_0:000cce|CP052038.1:3879764-3881679|- -            587 222704               -            306  5.5e-133  432.1  36.2   1   3   3.7e-19   3.7e-19   58.2   0.9     1    61   180   241   180   246 0.80 <unknown description>
222704at5125_1053134_0:000cce|CP052038.1:3879764-3881679|- -            587 222704               -            306  5.5e-133  432.1  36.2   2   3   2.4e-24   2.4e-24   75.3  10.5    42   120   244   325   239   331 0.82 <unknown description>
222704at5125_1053134_0:000cce|CP052038.1:3879764-3881679|- -            587 222704               -            306  5.5e-133  432.1  36.2   3   3   4.7e-95   4.7e-95  307.5  12.2    95   306   328   586   323   586 0.82 <unknown description>
222704at5125_93591_0:001766|CP052038.1:3880019-3881034|-   -            319 222704               -            306  4.3e-102  330.6  33.4   1   3   1.9e-16   1.9e-16   49.3   0.6     6    61     2    58     1    63 0.78 <unknown description>
222704at5125_93591_0:001766|CP052038.1:3880019-3881034|-   -            319 222704               -            306  4.3e-102  330.6  33.4   2   3     1e-24     1e-24   76.5  10.7    42   120    61   142    53   147 0.82 <unknown description>
222704at5125_93591_0:001766|CP052038.1:3880019-3881034|-   -            319 222704               -            306  4.3e-102  330.6  33.4   3   3   2.4e-66   2.4e-66  213.2   9.9    95   245   145   318   140   319 0.81 <unknown description>
222704at5125_1649241_0:000a2f|CP052038.1:3879764-3880713|- -            297 222704               -            306     2e-95  308.7  13.6   1   2      0.14      0.14    0.5   3.2    86   120     1    35     1    40 0.73 <unknown description>
222704at5125_1649241_0:000a2f|CP052038.1:3879764-3880713|- -            297 222704               -            306     2e-95  308.7  13.6   2   2     2e-95     2e-95  308.7  13.6    95   306    38   296    35   296 0.82 <unknown description>
222704at5125_63577_0:000fd9|CP052038.1:3880383-3881046|-   -            222 222704               -            306   1.8e-82  266.1  27.1   1   3   8.7e-20   8.7e-20   60.3   0.7     1    60     1    61     1    66 0.80 <unknown description>
222704at5125_63577_0:000fd9|CP052038.1:3880383-3881046|-   -            222 222704               -            306   1.8e-82  266.1  27.1   2   3   5.7e-25   5.7e-25   77.3  11.0    42   120    65   146    58   152 0.82 <unknown description>
222704at5125_63577_0:000fd9|CP052038.1:3880383-3881046|-   -            222 222704               -            306   1.8e-82  266.1  27.1   3   3   8.4e-44   8.4e-44  139.2   2.9    95   167   149   221   145   222 0.94 <unknown description>
222704at5125_2030778_0:001c07|CP052038.1:3879767-3880464|- -            130 222704               -            306   8.5e-57  181.9   1.6   1   2   3.4e-34   3.4e-34  107.6   0.0   141   193     1    53     1    79 0.89 <unknown description>
222704at5125_2030778_0:001c07|CP052038.1:3879767-3880464|- -            130 222704               -            306   8.5e-57  181.9   1.6   2   2   5.4e-24   5.4e-24   74.1   0.3   259   306    83   130    68   130 0.90 <unknown description>
222704at5125_468837_0:001190|CP052038.1:3880737-3881046|-  -            104 222704               -            306   6.1e-31   96.9  10.0   1   2   1.5e-20   1.5e-20   62.8   0.9     1    61     1    62     1    67 0.80 <unknown description>
222704at5125_468837_0:001190|CP052038.1:3880737-3881046|-  -            104 222704               -            306   6.1e-31   96.9  10.0   2   2   3.1e-13   3.1e-13   38.8   3.7    42    78    65   104    58   104 0.86 <unknown description>
#
# Program:         hmmsearch
# Version:         3.4 (Aug 2023)
# Pipeline mode:   SEARCH
# Query file:      /home/arafat/busco_downloads/lineages/hypocreales_odb12.2/hmms/222704at5125.hmm
# Target file:     /home/arafat/Foxy_SIX_Evolution/results/busco/GCA_013085055.1/run_hypocreales_odb12.2/miniprot_output/translated_proteins/222704at5125.faa
# Option settings: hmmsearch --domtblout /home/arafat/Foxy_SIX_Evolution/results/busco/GCA_013085055.1/run_hypocreales_odb12.2/hmmer_output/222704at5125.out --cpu 1 /home/arafat/busco_downloads/lineages/hypocreales_odb12.2/hmms/222704at5125.hmm /home/arafat/Foxy_SIX_Evolution/results/busco/GCA_013085055.1/run_hypocreales_odb12.2/miniprot_output/translated_proteins/222704at5125.faa 
# Current dir:     /home/arafat/Foxy_SIX_Evolution
# Date:            Thu Sep 24 15:53:32 2026
# [ok]
