#                                                                                                                  --- full sequence --- -------------- this domain -------------   hmm coord   ali coord   env coord
# target name                                              accession   tlen query name           accession   qlen   E-value  score  bias   #  of  c-Evalue  i-Evalue  score  bias  from    to  from    to  from    to  acc description of target
#                                      ------------------- ---------- ----- -------------------- ---------- ----- --------- ------ ----- --- --- --------- --------- ------ ----- ----- ----- ----- ----- ----- ----- ---- ---------------------
223166at5125_5507_2:0027a4|CP052045.1:1808155-1810111|-    -            653 223166               -            570  3.6e-276  905.5  87.1   1   2  3.6e-276  3.6e-276  905.5  87.1     2   569     6   617     5   621 0.89 <unknown description>
223166at5125_5507_2:0027a4|CP052045.1:1808155-1810111|-    -            653 223166               -            570  3.6e-276  905.5  87.1   2   2      0.45      0.45   -2.8   0.3   553   569   627   643   619   644 0.65 <unknown description>
223166at5125_660027_0:002e6c|CP052045.1:1808155-1810633|-  -            664 223166               -            570  3.8e-276  905.4  87.1   1   2  3.8e-276  3.8e-276  905.4  87.1     2   569    17   628    16   632 0.89 <unknown description>
223166at5125_660027_0:002e6c|CP052045.1:1808155-1810633|-  -            664 223166               -            570  3.8e-276  905.4  87.1   2   2      0.45      0.45   -2.8   0.3   553   569   638   654   630   655 0.65 <unknown description>
223166at5125_911162_0:000d00|CP052045.1:1808506-1810069|-  -            522 223166               -            570  1.5e-239  784.6  69.9   1   1  1.7e-239  1.7e-239  784.4  69.9    11   487     1   521     1   522 0.89 <unknown description>
223166at5125_2604345_0:004398|CP052045.1:1808155-1809565|- -            471 223166               -            570  6.9e-202  660.2  61.1   1   2  6.9e-202  6.9e-202  660.2  61.1   161   569     8   435     2   439 0.90 <unknown description>
223166at5125_2604345_0:004398|CP052045.1:1808155-1809565|- -            471 223166               -            570  6.9e-202  660.2  61.1   2   2      0.35      0.35   -2.4   0.5   553   569   445   461   437   462 0.65 <unknown description>
223166at5125_58853_0:002604|CP052045.1:1809343-1810096|-   -            252 223166               -            570  5.2e-105  340.4  22.0   1   1    6e-105    6e-105  340.2  22.0     3   224     2   252     1   252 0.86 <unknown description>
#
# Program:         hmmsearch
# Version:         3.4 (Aug 2023)
# Pipeline mode:   SEARCH
# Query file:      /home/arafat/busco_downloads/lineages/hypocreales_odb12.2/hmms/223166at5125.hmm
# Target file:     /home/arafat/Foxy_SIX_Evolution/results/busco/GCA_013085055.1/run_hypocreales_odb12.2/miniprot_output/translated_proteins/223166at5125.faa
# Option settings: hmmsearch --domtblout /home/arafat/Foxy_SIX_Evolution/results/busco/GCA_013085055.1/run_hypocreales_odb12.2/hmmer_output/223166at5125.out --cpu 1 /home/arafat/busco_downloads/lineages/hypocreales_odb12.2/hmms/223166at5125.hmm /home/arafat/Foxy_SIX_Evolution/results/busco/GCA_013085055.1/run_hypocreales_odb12.2/miniprot_output/translated_proteins/223166at5125.faa 
# Current dir:     /home/arafat/Foxy_SIX_Evolution
# Date:            Thu Sep 24 15:53:37 2026
# [ok]
