#                                                                                                                  --- full sequence --- -------------- this domain -------------   hmm coord   ali coord   env coord
# target name                                              accession   tlen query name           accession   qlen   E-value  score  bias   #  of  c-Evalue  i-Evalue  score  bias  from    to  from    to  from    to  acc description of target
#                                      ------------------- ---------- ----- -------------------- ---------- ----- --------- ------ ----- --- --- --------- --------- ------ ----- ----- ----- ----- ----- ----- ----- ---- ---------------------
223340at5125_1896173_0:00014d|CP052038.1:4266222-4267742|+ -            491 223340               -            429  3.4e-217  710.1   0.0   1   1    4e-217    4e-217  709.8   0.0     2   426     2   446     1   449 0.94 <unknown description>
223340at5125_5544_1:002a84|CP052038.1:4265853-4276052|+    -            609 223340               -            429    7e-217  709.0   0.0   1   1  8.4e-217  8.4e-217  708.8   0.0     2   426   125   569   124   572 0.94 <unknown description>
223340at5125_877507_0:000ead|CP052038.1:4265580-4267628|+  -            667 223340               -            429  9.1e-217  708.6   0.0   1   1  1.1e-216  1.1e-216  708.4   0.0     2   426   216   660   215   663 0.94 <unknown description>
223340at5125_660027_0:0006fc|CP052038.1:4265174-4267742|+  -            805 223340               -            429  1.5e-216  707.9   0.0   1   1  1.9e-216  1.9e-216  707.6   0.0     2   426   316   760   315   763 0.94 <unknown description>
223340at5125_1291518_0:001ab5|CP052038.1:4256271-4267709|+ -            992 223340               -            429  2.4e-216  707.3   0.0   1   1  3.2e-216  3.2e-216  706.8   0.0     2   426   514   958   513   961 0.94 <unknown description>
223340at5125_96774_0:00133f|CP052038.1:4266647-4267739|+   -            365 223340               -            429  3.2e-173  565.2   0.1   1   1  3.7e-173  3.7e-173  565.0   0.1   116   426     3   321     1   324 0.97 <unknown description>
223340at5125_2714763_0:001180|CP052038.1:4265901-4266546|+ -            216 223340               -            429   2.4e-37  117.5   0.0   1   1   2.8e-37   2.8e-37  117.3   0.0     2   100   109   214   108   216 0.89 <unknown description>
#
# Program:         hmmsearch
# Version:         3.4 (Aug 2023)
# Pipeline mode:   SEARCH
# Query file:      /home/arafat/busco_downloads/lineages/hypocreales_odb12.2/hmms/223340at5125.hmm
# Target file:     /home/arafat/Foxy_SIX_Evolution/results/busco/GCA_013085055.1/run_hypocreales_odb12.2/miniprot_output/translated_proteins/223340at5125.faa
# Option settings: hmmsearch --domtblout /home/arafat/Foxy_SIX_Evolution/results/busco/GCA_013085055.1/run_hypocreales_odb12.2/hmmer_output/223340at5125.out --cpu 1 /home/arafat/busco_downloads/lineages/hypocreales_odb12.2/hmms/223340at5125.hmm /home/arafat/Foxy_SIX_Evolution/results/busco/GCA_013085055.1/run_hypocreales_odb12.2/miniprot_output/translated_proteins/223340at5125.faa 
# Current dir:     /home/arafat/Foxy_SIX_Evolution
# Date:            Thu Sep 24 15:53:39 2026
# [ok]
