#                                                                                                                  --- full sequence --- -------------- this domain -------------   hmm coord   ali coord   env coord
# target name                                              accession   tlen query name           accession   qlen   E-value  score  bias   #  of  c-Evalue  i-Evalue  score  bias  from    to  from    to  from    to  acc description of target
#                                      ------------------- ---------- ----- -------------------- ---------- ----- --------- ------ ----- --- --- --------- --------- ------ ----- ----- ----- ----- ----- ----- ----- ---- ---------------------
223512at5125_1567552_0:000310|CP052039.1:3670576-3678336|- -           1137 223512               -           1093         0 1453.8  46.6   1   1         0         0 1453.6  46.6     2  1091     3  1136     2  1137 0.91 <unknown description>
223512at5125_1089448_0:001ab4|CP052039.1:3670570-3674171|- -           1172 223512               -           1093         0 1445.1  49.2   1   1         0         0 1444.7  49.2     4  1092     4  1170     1  1171 0.91 <unknown description>
223512at5125_1081107_0:000615|CP052039.1:3670579-3675848|- -           1102 223512               -           1093         0 1423.8  44.4   1   1         0         0 1423.5  44.4    12  1091     9  1102     4  1102 0.89 <unknown description>
223512at5125_858221_0:00143f|CP052039.1:3670717-3673585|-  -            957 223512               -           1093         0 1317.7  44.6   1   1         0         0 1317.5  44.6   114  1045     2   957     1   957 0.95 <unknown description>
223512at5125_61374_0:00089e|CP052039.1:3670570-3671767|-   -            400 223512               -           1093  2.1e-216  710.7   1.5   1   1  2.3e-216  2.3e-216  710.5   1.5   696  1092     3   398     1   399 0.99 <unknown description>
223512at5125_61374_0:000c81|CP052039.1:3671828-3674171|-   -            752 223512               -           1093  9.3e-214  701.9  51.9   1   1  1.4e-213  1.4e-213  701.4  51.9     4   673     4   733     1   744 0.84 <unknown description>
223512at5125_150374_0:0016c6|CP052039.1:3672589-3680531|-  -            400 223512               -           1093  9.9e-161  526.3  28.8   1   2   7.2e-10   7.2e-10   26.8   0.0     8    48     8    48     2    54 0.85 <unknown description>
223512at5125_150374_0:0016c6|CP052039.1:3672589-3680531|-  -            400 223512               -           1093  9.9e-161  526.3  28.8   2   2  1.7e-152  1.7e-152  499.1  27.9   100   440    55   400    45   400 0.94 <unknown description>
223512at5125_101201_0:000f52|CP052039.1:3672625-3673594|-  -            324 223512               -           1093  1.1e-143  469.9  28.3   1   1  1.2e-143  1.2e-143  469.7  28.3   111   428     2   324     1   324 0.95 <unknown description>
223512at5125_179993_0:00089d|CP052039.1:3670570-3671263|-  -            232 223512               -           1093    6e-142  464.1   0.1   1   1  6.7e-142  6.7e-142  464.0   0.1   863  1092     1   230     1   231 0.99 <unknown description>
223512at5125_2004951_0:00020e|CP052039.1:3672820-3673603|- -            262 223512               -           1093  4.7e-121  394.9  21.7   1   1  5.2e-121  5.2e-121  394.8  21.7   109   368     3   261     1   262 0.97 <unknown description>
#
# Program:         hmmsearch
# Version:         3.4 (Aug 2023)
# Pipeline mode:   SEARCH
# Query file:      /home/arafat/busco_downloads/lineages/hypocreales_odb12.2/hmms/223512at5125.hmm
# Target file:     /home/arafat/Foxy_SIX_Evolution/results/busco/GCA_013085055.1/run_hypocreales_odb12.2/miniprot_output/translated_proteins/223512at5125.faa
# Option settings: hmmsearch --domtblout /home/arafat/Foxy_SIX_Evolution/results/busco/GCA_013085055.1/run_hypocreales_odb12.2/hmmer_output/223512at5125.out --cpu 1 /home/arafat/busco_downloads/lineages/hypocreales_odb12.2/hmms/223512at5125.hmm /home/arafat/Foxy_SIX_Evolution/results/busco/GCA_013085055.1/run_hypocreales_odb12.2/miniprot_output/translated_proteins/223512at5125.faa 
# Current dir:     /home/arafat/Foxy_SIX_Evolution
# Date:            Thu Sep 24 15:53:43 2026
# [ok]
