#                                                                                                                --- full sequence --- -------------- this domain -------------   hmm coord   ali coord   env coord
# target name                                            accession   tlen query name           accession   qlen   E-value  score  bias   #  of  c-Evalue  i-Evalue  score  bias  from    to  from    to  from    to  acc description of target
#                                    ------------------- ---------- ----- -------------------- ---------- ----- --------- ------ ----- --- --- --------- --------- ------ ----- ----- ----- ----- ----- ----- ----- ---- ---------------------
223543at5125_1089448_0:0008d6|CP052041.1:817186-821130|+ -           1294 223543               -            901  4.9e-290  953.5 109.7   1   5   4.3e-49   4.3e-49  156.3   1.7     1   103     4   124     4   179 0.76 <unknown description>
223543at5125_1089448_0:0008d6|CP052041.1:817186-821130|+ -           1294 223543               -            901  4.9e-290  953.5 109.7   2   5      0.19      0.19   -1.4   0.1    96   123   194   222   189   269 0.69 <unknown description>
223543at5125_1089448_0:0008d6|CP052041.1:817186-821130|+ -           1294 223543               -            901  4.9e-290  953.5 109.7   3   5     3e-30     3e-30   93.9  12.2   116   243   265   419   239   434 0.78 <unknown description>
223543at5125_1089448_0:0008d6|CP052041.1:817186-821130|+ -           1294 223543               -            901  4.9e-290  953.5 109.7   4   5     5e-13     5e-13   36.9   3.6   231   289   437   504   421   510 0.70 <unknown description>
223543at5125_1089448_0:0008d6|CP052041.1:817186-821130|+ -           1294 223543               -            901  4.9e-290  953.5 109.7   5   5  4.2e-208  4.2e-208  682.4  68.4   255   901   512  1292   504  1292 0.78 <unknown description>
223543at5125_86546_0:0015b0|CP052041.1:817186-823114|+   -           1643 223543               -            901  1.2e-289  952.2 108.3   1   5   4.6e-49   4.6e-49  156.2   1.3     1   103     4   124     4   178 0.76 <unknown description>
223543at5125_86546_0:0015b0|CP052041.1:817186-823114|+   -           1643 223543               -            901  1.2e-289  952.2 108.3   2   5      0.27      0.27   -1.9   0.0    96   122   194   221   189   262 0.72 <unknown description>
223543at5125_86546_0:0015b0|CP052041.1:817186-823114|+   -           1643 223543               -            901  1.2e-289  952.2 108.3   3   5   4.5e-30   4.5e-30   93.3  12.3   116   243   265   419   240   434 0.78 <unknown description>
223543at5125_86546_0:0015b0|CP052041.1:817186-823114|+   -           1643 223543               -            901  1.2e-289  952.2 108.3   4   5   6.8e-13   6.8e-13   36.5   3.8   229   289   435   504   420   511 0.71 <unknown description>
223543at5125_86546_0:0015b0|CP052041.1:817186-823114|+   -           1643 223543               -            901  1.2e-289  952.2 108.3   5   5  4.7e-208  4.7e-208  682.2  67.6   255   901   512  1292   504  1292 0.78 <unknown description>
223543at5125_1081103_0:001f42|CP052041.1:817186-825758|+ -           1957 223543               -            901  3.3e-284  934.3 107.3   1   5   6.5e-49   6.5e-49  155.7   1.5     1   103     4   124     4   178 0.77 <unknown description>
223543at5125_1081103_0:001f42|CP052041.1:817186-825758|+ -           1957 223543               -            901  3.3e-284  934.3 107.3   2   5      0.29      0.29   -2.0   0.1    96   123   194   222   189   269 0.69 <unknown description>
223543at5125_1081103_0:001f42|CP052041.1:817186-825758|+ -           1957 223543               -            901  3.3e-284  934.3 107.3   3   5   5.5e-30   5.5e-30   93.0  12.2   116   243   265   419   242   434 0.78 <unknown description>
223543at5125_1081103_0:001f42|CP052041.1:817186-825758|+ -           1957 223543               -            901  3.3e-284  934.3 107.3   4   5   1.1e-12   1.1e-12   35.8   4.2   230   289   436   504   420   510 0.70 <unknown description>
223543at5125_1081103_0:001f42|CP052041.1:817186-825758|+ -           1957 223543               -            901  3.3e-284  934.3 107.3   5   5  7.4e-203  7.4e-203  665.1  67.3   255   895   512  1286   502  1290 0.78 <unknown description>
223543at5125_150374_0:000c16|CP052041.1:819195-821127|+  -            645 223543               -            901  1.7e-185  607.6  67.3   1   1  8.4e-185  8.4e-185  605.3  67.3   373   901    13   644     1   644 0.79 <unknown description>
223543at5125_2502994_0:00366a|CP052041.1:817800-820701|+ -            968 223543               -            901  2.1e-158  517.9  97.9   1   4      0.16      0.16   -1.2   0.1    96   122    11    38     6    77 0.73 <unknown description>
223543at5125_2502994_0:00366a|CP052041.1:817800-820701|+ -            968 223543               -            901  2.1e-158  517.9  97.9   2   4   2.2e-30   2.2e-30   94.3  12.3   116   243    82   236    60   251 0.78 <unknown description>
223543at5125_2502994_0:00366a|CP052041.1:817800-820701|+ -            968 223543               -            901  2.1e-158  517.9  97.9   3   4   2.8e-13   2.8e-13   37.7   3.4   231   289   254   321   238   329 0.71 <unknown description>
223543at5125_2502994_0:00366a|CP052041.1:817800-820701|+ -            968 223543               -            901  2.1e-158  517.9  97.9   4   4  1.1e-121  1.1e-121  396.4  65.7   255   768   329   968   321   968 0.75 <unknown description>
223543at5125_63577_0:0001c8|CP052041.1:819930-821130|+   -            401 223543               -            901  6.9e-141  460.0  35.3   1   1  4.5e-140  4.5e-140  457.3  35.3   565   901     3   399     1   399 0.84 <unknown description>
223543at5125_63577_0:00059e|CP052041.1:817186-819711|+   -            821 223543               -            901  8.4e-135  439.9  70.4   1   5   2.6e-49   2.6e-49  157.0   1.9     1   103     4   124     4   177 0.76 <unknown description>
223543at5125_63577_0:00059e|CP052041.1:817186-819711|+   -            821 223543               -            901  8.4e-135  439.9  70.4   2   5      0.13      0.13   -0.8   0.0    96   122   194   221   189   261 0.73 <unknown description>
223543at5125_63577_0:00059e|CP052041.1:817186-819711|+   -            821 223543               -            901  8.4e-135  439.9  70.4   3   5   1.5e-30   1.5e-30   94.9  12.0   116   243   265   419   246   434 0.78 <unknown description>
223543at5125_63577_0:00059e|CP052041.1:817186-819711|+   -            821 223543               -            901  8.4e-135  439.9  70.4   4   5   2.7e-13   2.7e-13   37.8   3.8   225   289   431   504   419   511 0.71 <unknown description>
223543at5125_63577_0:00059e|CP052041.1:817186-819711|+   -            821 223543               -            901  8.4e-135  439.9  70.4   5   5   2.8e-52   2.8e-52  166.8  28.7   255   497   512   819   504   820 0.70 <unknown description>
223543at5125_1803897_0:000b32|CP052041.1:817186-818091|+ -            281 223543               -            901   6.9e-50  158.9   9.3   1   2   1.1e-49   1.1e-49  158.2   3.9     1   104     4   125     4   186 0.75 <unknown description>
223543at5125_1803897_0:000b32|CP052041.1:817186-818091|+ -            281 223543               -            901   6.9e-50  158.9   9.3   2   2     0.026     0.026    1.4   0.1    95   123   193   222   188   266 0.68 <unknown description>
#
# Program:         hmmsearch
# Version:         3.4 (Aug 2023)
# Pipeline mode:   SEARCH
# Query file:      /home/arafat/busco_downloads/lineages/hypocreales_odb12.2/hmms/223543at5125.hmm
# Target file:     /home/arafat/Foxy_SIX_Evolution/results/busco/GCA_013085055.1/run_hypocreales_odb12.2/miniprot_output/translated_proteins/223543at5125.faa
# Option settings: hmmsearch --domtblout /home/arafat/Foxy_SIX_Evolution/results/busco/GCA_013085055.1/run_hypocreales_odb12.2/hmmer_output/223543at5125.out --cpu 1 /home/arafat/busco_downloads/lineages/hypocreales_odb12.2/hmms/223543at5125.hmm /home/arafat/Foxy_SIX_Evolution/results/busco/GCA_013085055.1/run_hypocreales_odb12.2/miniprot_output/translated_proteins/223543at5125.faa 
# Current dir:     /home/arafat/Foxy_SIX_Evolution
# Date:            Thu Sep 24 15:53:43 2026
# [ok]
