#                                                                                                                  --- full sequence --- -------------- this domain -------------   hmm coord   ali coord   env coord
# target name                                              accession   tlen query name           accession   qlen   E-value  score  bias   #  of  c-Evalue  i-Evalue  score  bias  from    to  from    to  from    to  acc description of target
#                                      ------------------- ---------- ----- -------------------- ---------- ----- --------- ------ ----- --- --- --------- --------- ------ ----- ----- ----- ----- ----- ----- ----- ---- ---------------------
223716at5125_2502994_0:00326f|CP052038.1:2800452-2801609|- -            366 223716               -            301   1.1e-89  289.9  36.4   1   2   2.6e-54   2.6e-54  173.8  23.2     2   218     5   259     4   272 0.78 <unknown description>
223716at5125_2502994_0:00326f|CP052038.1:2800452-2801609|- -            366 223716               -            301   1.1e-89  289.9  36.4   2   2   3.5e-36   3.5e-36  114.3   5.2   217   301   277   365   275   365 0.85 <unknown description>
223716at5125_5046_0:000b65|CP052038.1:2800452-2810492|-    -            430 223716               -            301     3e-89  288.5  36.3   1   2     4e-54     4e-54  173.2  23.1     2   218    69   323    68   336 0.78 <unknown description>
223716at5125_5046_0:000b65|CP052038.1:2800452-2810492|-    -            430 223716               -            301     3e-89  288.5  36.3   2   2   4.5e-36   4.5e-36  113.9   5.2   217   301   341   429   339   429 0.85 <unknown description>
223716at5125_2502994_0:003206|CP052038.1:2800452-2801315|- -            242 223716               -            301   9.6e-76  244.1  24.2   1   1   3.3e-74   3.3e-74  239.1  24.2    87   301    15   241     1   241 0.85 <unknown description>
223716at5125_2885761_0:001993|CP052038.1:2800452-2800986|- -            179 223716               -            301   5.3e-51  162.9  17.6   1   2   2.5e-16   2.5e-16   49.1   4.5   170   218    24    72     1    85 0.77 <unknown description>
223716at5125_2885761_0:001993|CP052038.1:2800452-2800986|- -            179 223716               -            301   5.3e-51  162.9  17.6   2   2   7.9e-37   7.9e-37  116.4   5.2   217   301    90   178    88   178 0.86 <unknown description>
223716at5125_2030778_0:0004b2|CP052038.1:2800461-2800848|- -             97 223716               -            301   8.3e-43  136.0  14.9   1   1   3.6e-42   3.6e-42  133.9  14.9   193   298     1    96     1    97 0.93 <unknown description>
223716at5125_1349383_0:000709|CP052038.1:2800452-2800725|- -             92 223716               -            301   1.3e-37  118.9   5.6   1   1   1.4e-37   1.4e-37  118.8   5.6   217   301     3    91     2    91 0.86 <unknown description>
223716at5125_5111_0:001337|CP052038.1:2800461-2800668|-    -             70 223716               -            301   8.9e-35  109.6   6.8   1   1   9.5e-35   9.5e-35  109.5   6.8   231   298     1    69     1    70 0.93 <unknown description>
223716at5125_63577_0:0013e3|CP052038.1:2801174-2801624|-   -            151 223716               -            301   2.3e-30   95.2   8.1   1   1   7.6e-29   7.6e-29   90.1   8.1     2   117    10   148     9   150 0.73 <unknown description>
#
# Program:         hmmsearch
# Version:         3.4 (Aug 2023)
# Pipeline mode:   SEARCH
# Query file:      /home/arafat/busco_downloads/lineages/hypocreales_odb12.2/hmms/223716at5125.hmm
# Target file:     /home/arafat/Foxy_SIX_Evolution/results/busco/GCA_013085055.1/run_hypocreales_odb12.2/miniprot_output/translated_proteins/223716at5125.faa
# Option settings: hmmsearch --domtblout /home/arafat/Foxy_SIX_Evolution/results/busco/GCA_013085055.1/run_hypocreales_odb12.2/hmmer_output/223716at5125.out --cpu 1 /home/arafat/busco_downloads/lineages/hypocreales_odb12.2/hmms/223716at5125.hmm /home/arafat/Foxy_SIX_Evolution/results/busco/GCA_013085055.1/run_hypocreales_odb12.2/miniprot_output/translated_proteins/223716at5125.faa 
# Current dir:     /home/arafat/Foxy_SIX_Evolution
# Date:            Thu Sep 24 15:53:45 2026
# [ok]
