#                                                                                                                  --- full sequence --- -------------- this domain -------------   hmm coord   ali coord   env coord
# target name                                              accession   tlen query name           accession   qlen   E-value  score  bias   #  of  c-Evalue  i-Evalue  score  bias  from    to  from    to  from    to  acc description of target
#                                      ------------------- ---------- ----- -------------------- ---------- ----- --------- ------ ----- --- --- --------- --------- ------ ----- ----- ----- ----- ----- ----- ----- ---- ---------------------
224092at5125_327505_0:002b5b|CP052045.1:1598742-1600934|+  -            404 224092               -            231  5.5e-117  378.3   0.6   1   2     1e-35   1.3e-35  112.0   0.1     4    88    89   174    86   182 0.91 <unknown description>
224092at5125_327505_0:002b5b|CP052045.1:1598742-1600934|+  -            404 224092               -            231  5.5e-117  378.3   0.6   2   2   2.4e-82     3e-82  264.6   0.1    87   228   237   385   223   388 0.92 <unknown description>
224092at5125_2039875_0:0005f0|CP052045.1:1597478-1600934|+ -            318 224092               -            231  1.3e-116  377.0   0.7   1   2   3.7e-35   4.7e-35  110.2   0.1    12    88    11    88     4    98 0.90 <unknown description>
224092at5125_2039875_0:0005f0|CP052045.1:1597478-1600934|+ -            318 224092               -            231  1.3e-116  377.0   0.7   2   2   1.4e-82   1.7e-82  265.4   0.1    87   228   151   299   137   302 0.92 <unknown description>
224092at5125_660027_0:002d4d|CP052045.1:1599908-1600934|+  -            343 224092               -            231  5.8e-116  374.9   7.3   1   3      0.11      0.15    0.6   1.7     1    27     1    29     1    37 0.65 <unknown description>
224092at5125_660027_0:002d4d|CP052045.1:1599908-1600934|+  -            343 224092               -            231  5.8e-116  374.9   7.3   2   3     8e-36     1e-35  112.4   0.1     4    88    28   113    25   120 0.90 <unknown description>
224092at5125_660027_0:002d4d|CP052045.1:1599908-1600934|+  -            343 224092               -            231  5.8e-116  374.9   7.3   3   3   1.6e-82   2.1e-82  265.1   0.1    87   228   176   324   162   327 0.92 <unknown description>
224092at5125_1344414_0:001d0a|CP052045.1:1600043-1600859|+ -            235 224092               -            231  2.6e-110  356.5   1.1   1   2   7.6e-32   9.8e-32   99.3   0.0    23    88     2    68     1    86 0.92 <unknown description>
224092at5125_1344414_0:001d0a|CP052045.1:1600043-1600859|+ -            235 224092               -            231  2.6e-110  356.5   1.1   2   2   8.4e-80   1.1e-79  256.3   0.2    87   222    93   235    81   235 0.92 <unknown description>
224092at5125_1053134_0:0021fa|CP052045.1:1599908-1600673|+ -            256 224092               -            231   1.2e-77  249.6   5.4   1   3     0.092      0.12    0.9   1.9     1    27     1    29     1    37 0.65 <unknown description>
224092at5125_1053134_0:0021fa|CP052045.1:1599908-1600673|+ -            256 224092               -            231   1.2e-77  249.6   5.4   2   3   4.7e-36     6e-36  113.1   0.1     4    88    28   113    25   119 0.91 <unknown description>
224092at5125_1053134_0:0021fa|CP052045.1:1599908-1600673|+ -            256 224092               -            231   1.2e-77  249.6   5.4   3   3   2.7e-43   3.5e-43  136.8   0.0    87   165   176   256   161   256 0.93 <unknown description>
224092at5125_2714763_0:0002eb|CP052045.1:1600496-1600928|+ -            145 224092               -            231   1.1e-74  239.8   0.6   1   1     1e-74   1.3e-74  239.6   0.6   108   228     3   128     1   131 0.94 <unknown description>
224092at5125_468837_0:0028dc|CP052045.1:1599974-1600310|+  -            113 224092               -            231   5.3e-37  116.6   0.1   1   1   4.8e-37   6.1e-37  116.4   0.1     4    88     6    91     3   106 0.91 <unknown description>
#
# Program:         hmmsearch
# Version:         3.4 (Aug 2023)
# Pipeline mode:   SEARCH
# Query file:      /home/arafat/busco_downloads/lineages/hypocreales_odb12.2/hmms/224092at5125.hmm
# Target file:     /home/arafat/Foxy_SIX_Evolution/results/busco/GCA_013085055.1/run_hypocreales_odb12.2/miniprot_output/translated_proteins/224092at5125.faa
# Option settings: hmmsearch --domtblout /home/arafat/Foxy_SIX_Evolution/results/busco/GCA_013085055.1/run_hypocreales_odb12.2/hmmer_output/224092at5125.out --cpu 1 /home/arafat/busco_downloads/lineages/hypocreales_odb12.2/hmms/224092at5125.hmm /home/arafat/Foxy_SIX_Evolution/results/busco/GCA_013085055.1/run_hypocreales_odb12.2/miniprot_output/translated_proteins/224092at5125.faa 
# Current dir:     /home/arafat/Foxy_SIX_Evolution
# Date:            Thu Sep 24 15:53:48 2026
# [ok]
