#                                                                                                                  --- full sequence --- -------------- this domain -------------   hmm coord   ali coord   env coord
# target name                                              accession   tlen query name           accession   qlen   E-value  score  bias   #  of  c-Evalue  i-Evalue  score  bias  from    to  from    to  from    to  acc description of target
#                                      ------------------- ---------- ----- -------------------- ---------- ----- --------- ------ ----- --- --- --------- --------- ------ ----- ----- ----- ----- ----- ----- ----- ---- ---------------------
224257at5125_5046_0:000dc1|CP052041.1:3094506-3095034|+    -            177 224257               -            199   4.5e-75  240.2  17.4   1   1   5.6e-75   5.6e-75  239.9  17.4     5   199     5   176     1   176 0.83 <unknown description>
224257at5125_5507_3:00198b|CP052041.1:3093457-3095034|+    -            247 224257               -            199   1.1e-73  235.8  20.1   1   2      0.51      0.51   -1.5  16.8    27    64    33    69    11    76 0.53 <unknown description>
224257at5125_5507_3:00198b|CP052041.1:3093457-3095034|+    -            247 224257               -            199   1.1e-73  235.8  20.1   2   2   1.1e-73   1.1e-73  235.8  20.1     5   199    75   246    70   246 0.83 <unknown description>
224257at5125_1080343_0:000525|CP052041.1:3094338-3095034|+ -            233 224257               -            199   1.6e-73  235.2  21.1   1   2       0.1       0.1    0.8  17.7     8    65    10    56     1    63 0.44 <unknown description>
224257at5125_1080343_0:000525|CP052041.1:3094338-3095034|+ -            233 224257               -            199   1.6e-73  235.2  21.1   2   2   1.6e-73   1.6e-73  235.2  21.1     5   199    61   232    55   232 0.83 <unknown description>
224257at5125_2686198_0:001c5d|CP052041.1:3094686-3095034|+ -            117 224257               -            199   2.9e-65  208.2   3.9   1   1   3.2e-65   3.2e-65  208.1   3.9    90   199     7   116     1   116 0.87 <unknown description>
224257at5125_48865_0:0030f1|CP052041.1:3094803-3095034|+   -             78 224257               -            199   1.1e-57  183.5   0.6   1   1   1.2e-57   1.2e-57  183.4   0.6   123   199     1    77     1    77 1.00 <unknown description>
#
# Program:         hmmsearch
# Version:         3.4 (Aug 2023)
# Pipeline mode:   SEARCH
# Query file:      /home/arafat/busco_downloads/lineages/hypocreales_odb12.2/hmms/224257at5125.hmm
# Target file:     /home/arafat/Foxy_SIX_Evolution/results/busco/GCA_013085055.1/run_hypocreales_odb12.2/miniprot_output/translated_proteins/224257at5125.faa
# Option settings: hmmsearch --domtblout /home/arafat/Foxy_SIX_Evolution/results/busco/GCA_013085055.1/run_hypocreales_odb12.2/hmmer_output/224257at5125.out --cpu 1 /home/arafat/busco_downloads/lineages/hypocreales_odb12.2/hmms/224257at5125.hmm /home/arafat/Foxy_SIX_Evolution/results/busco/GCA_013085055.1/run_hypocreales_odb12.2/miniprot_output/translated_proteins/224257at5125.faa 
# Current dir:     /home/arafat/Foxy_SIX_Evolution
# Date:            Thu Sep 24 15:53:49 2026
# [ok]
