#                                                                                                                  --- full sequence --- -------------- this domain -------------   hmm coord   ali coord   env coord
# target name                                              accession   tlen query name           accession   qlen   E-value  score  bias   #  of  c-Evalue  i-Evalue  score  bias  from    to  from    to  from    to  acc description of target
#                                      ------------------- ---------- ----- -------------------- ---------- ----- --------- ------ ----- --- --- --------- --------- ------ ----- ----- ----- ----- ----- ----- ----- ---- ---------------------
224488at5125_396571_0:002220|CP052042.1:1905977-1907569|-  -            496 224488               -            407    5e-201  656.9  43.2   1   3     2e-87   2.3e-87  282.6   9.0     1   185     4   199     4   207 0.86 <unknown description>
224488at5125_396571_0:002220|CP052042.1:1905977-1907569|-  -            496 224488               -            407    5e-201  656.9  43.2   2   3   3.9e-05   4.3e-05   11.7  15.7   176   231   214   291   211   302 0.69 <unknown description>
224488at5125_396571_0:002220|CP052042.1:1905977-1907569|-  -            496 224488               -            407    5e-201  656.9  43.2   3   3  1.2e-113  1.4e-113  369.0   2.8   225   407   312   495   295   495 0.97 <unknown description>
224488at5125_1163406_0:001fd0|CP052042.1:1905980-1910974|- -            504 224488               -            407  5.6e-201  656.8  43.2   1   3   2.1e-87   2.4e-87  282.6   9.0     1   185    13   208    13   216 0.86 <unknown description>
224488at5125_1163406_0:001fd0|CP052042.1:1905980-1910974|- -            504 224488               -            407  5.6e-201  656.8  43.2   2   3     4e-05   4.4e-05   11.6  15.7   176   231   223   300   220   311 0.69 <unknown description>
224488at5125_1163406_0:001fd0|CP052042.1:1905980-1910974|- -            504 224488               -            407  5.6e-201  656.8  43.2   3   3  1.3e-113  1.4e-113  368.9   2.8   225   407   321   504   304   504 0.97 <unknown description>
224488at5125_1859967_0:000ee4|CP052042.1:1904110-1907572|- -            885 224488               -            407  2.4e-199  651.4  43.2   1   3   6.2e-87     7e-87  281.0   9.0     1   185     5   200     5   208 0.86 <unknown description>
224488at5125_1859967_0:000ee4|CP052042.1:1904110-1907572|- -            885 224488               -            407  2.4e-199  651.4  43.2   2   3   8.4e-05   9.5e-05   10.5  15.6   176   231   215   292   213   302 0.68 <unknown description>
224488at5125_1859967_0:000ee4|CP052042.1:1904110-1907572|- -            885 224488               -            407  2.4e-199  651.4  43.2   3   3  6.2e-113    7e-113  366.7   2.8   225   406   313   495   306   496 0.97 <unknown description>
224488at5125_150374_0:0013ce|CP052042.1:1905980-1907233|-  -            287 224488               -            407    1e-127  415.5  28.8   1   2    1e-115  1.2e-115  375.8  23.6   100   348     1   256     1   257 0.86 <unknown description>
224488at5125_150374_0:0013ce|CP052042.1:1905980-1907233|-  -            287 224488               -            407    1e-127  415.5  28.8   2   2     1e-14   1.2e-14   43.2   0.2   376   407   256   287   256   287 0.97 <unknown description>
224488at5125_1325733_0:002a5f|CP052042.1:1905977-1906786|- -            235 224488               -            407  4.5e-117  380.4   8.5   1   2   2.3e-05   2.6e-05   12.4   0.3   204   232     3    31     1    41 0.86 <unknown description>
224488at5125_1325733_0:002a5f|CP052042.1:1905977-1906786|- -            235 224488               -            407  4.5e-117  380.4   8.5   2   2  1.7e-114  1.9e-114  371.8   2.8   225   407    51   234    40   234 0.97 <unknown description>
224488at5125_12942_0:001154|CP052042.1:1905980-1906564|-   -            160 224488               -            407  2.4e-102  332.0   4.2   1   1  2.4e-102  2.6e-102  331.8   4.2   249   407     1   160     1   160 0.98 <unknown description>
224488at5125_12942_0:001ef1|CP052042.1:1906942-1907569|-   -            210 224488               -            407   2.3e-88  285.9   9.5   1   1   2.5e-88   2.8e-88  285.6   9.5     1   185     4   199     4   206 0.86 <unknown description>
224488at5125_468837_0:000767|CP052042.1:1905980-1906342|-  -             86 224488               -            407   3.8e-53  169.9   0.7   1   1   3.7e-53   4.1e-53  169.8   0.7   322   407     1    86     1    86 0.99 <unknown description>
#
# Program:         hmmsearch
# Version:         3.4 (Aug 2023)
# Pipeline mode:   SEARCH
# Query file:      /home/arafat/busco_downloads/lineages/hypocreales_odb12.2/hmms/224488at5125.hmm
# Target file:     /home/arafat/Foxy_SIX_Evolution/results/busco/GCA_013085055.1/run_hypocreales_odb12.2/miniprot_output/translated_proteins/224488at5125.faa
# Option settings: hmmsearch --domtblout /home/arafat/Foxy_SIX_Evolution/results/busco/GCA_013085055.1/run_hypocreales_odb12.2/hmmer_output/224488at5125.out --cpu 1 /home/arafat/busco_downloads/lineages/hypocreales_odb12.2/hmms/224488at5125.hmm /home/arafat/Foxy_SIX_Evolution/results/busco/GCA_013085055.1/run_hypocreales_odb12.2/miniprot_output/translated_proteins/224488at5125.faa 
# Current dir:     /home/arafat/Foxy_SIX_Evolution
# Date:            Thu Sep 24 15:53:50 2026
# [ok]
