#                                                                                                                  --- full sequence --- -------------- this domain -------------   hmm coord   ali coord   env coord
# target name                                              accession   tlen query name           accession   qlen   E-value  score  bias   #  of  c-Evalue  i-Evalue  score  bias  from    to  from    to  from    to  acc description of target
#                                      ------------------- ---------- ----- -------------------- ---------- ----- --------- ------ ----- --- --- --------- --------- ------ ----- ----- ----- ----- ----- ----- ----- ---- ---------------------
224629at5125_1080343_0:0019fc|CP052038.1:4067901-4068648|- -            234 224629               -            236   4.4e-93  300.1  28.5   1   1   5.2e-93   5.2e-93  299.9  28.5     1   236     1   232     1   232 0.93 <unknown description>
224629at5125_857340_0:000967|CP052038.1:4067907-4068956|-  -            239 224629               -            236     5e-93  299.9  28.5   1   1   5.6e-93   5.6e-93  299.8  28.5     1   236     8   239     8   239 0.93 <unknown description>
224629at5125_62069_0:0004d6|CP052038.1:4057444-4068648|-   -            314 224629               -            236   2.4e-85  274.8  32.5   1   2   2.4e-85   2.4e-85  274.8  32.5     1   226     1   222     1   227 0.91 <unknown description>
224629at5125_62069_0:0004d6|CP052038.1:4057444-4068648|-   -            314 224629               -            236   2.4e-85  274.8  32.5   2   2      0.34      0.34   -0.6   1.9   130   153   229   252   222   277 0.46 <unknown description>
224629at5125_1736662_0:0025cd|CP052038.1:4068108-4068648|- -            165 224629               -            236   3.3e-79  254.7  23.4   1   1   3.6e-79   3.6e-79  254.6  23.4     1   170     1   164     1   165 0.97 <unknown description>
224629at5125_2030778_0:001229|CP052038.1:4068249-4068648|- -            118 224629               -            236   9.9e-61  194.2  10.7   1   1   1.1e-60   1.1e-60  194.1  10.7     1   119     1   118     1   118 0.98 <unknown description>
224629at5125_1294630_0:00134d|CP052038.1:4067961-4068360|- -            134 224629               -            236   1.6e-47  151.0  24.1   1   1   1.7e-47   1.7e-47  150.9  24.1    82   215     1   127     1   134 0.85 <unknown description>
224629at5125_2004952_0:000ab6|CP052038.1:4068396-4068648|- -             85 224629               -            236   1.3e-34  108.8   2.5   1   1   1.4e-34   1.4e-34  108.6   2.5     1    80     1    79     1    82 0.96 <unknown description>
#
# Program:         hmmsearch
# Version:         3.4 (Aug 2023)
# Pipeline mode:   SEARCH
# Query file:      /home/arafat/busco_downloads/lineages/hypocreales_odb12.2/hmms/224629at5125.hmm
# Target file:     /home/arafat/Foxy_SIX_Evolution/results/busco/GCA_013085055.1/run_hypocreales_odb12.2/miniprot_output/translated_proteins/224629at5125.faa
# Option settings: hmmsearch --domtblout /home/arafat/Foxy_SIX_Evolution/results/busco/GCA_013085055.1/run_hypocreales_odb12.2/hmmer_output/224629at5125.out --cpu 1 /home/arafat/busco_downloads/lineages/hypocreales_odb12.2/hmms/224629at5125.hmm /home/arafat/Foxy_SIX_Evolution/results/busco/GCA_013085055.1/run_hypocreales_odb12.2/miniprot_output/translated_proteins/224629at5125.faa 
# Current dir:     /home/arafat/Foxy_SIX_Evolution
# Date:            Thu Sep 24 15:53:51 2026
# [ok]
