#                                                                                                                  --- full sequence --- -------------- this domain -------------   hmm coord   ali coord   env coord
# target name                                              accession   tlen query name           accession   qlen   E-value  score  bias   #  of  c-Evalue  i-Evalue  score  bias  from    to  from    to  from    to  acc description of target
#                                      ------------------- ---------- ----- -------------------- ---------- ----- --------- ------ ----- --- --- --------- --------- ------ ----- ----- ----- ----- ----- ----- ----- ---- ---------------------
227932at5125_327505_0:001d46|CP052040.1:3953533-3959359|+  -           1943 227932               -           1426         0 1864.7   0.0   1   5  6.3e-227  6.3e-227  745.9   0.0     2   479    31   542    30   555 0.84 <unknown description>
227932at5125_327505_0:001d46|CP052040.1:3953533-3959359|+  -           1943 227932               -           1426         0 1864.7   0.0   2   5   2.7e-21   2.7e-21   64.5   4.7   471   583   702   812   612   829 0.68 <unknown description>
227932at5125_327505_0:001d46|CP052040.1:3953533-3959359|+  -           1943 227932               -           1426         0 1864.7   0.0   3   5   7.3e-55   7.3e-55  175.7   0.0   581   750   967  1136   919  1149 0.88 <unknown description>
227932at5125_327505_0:001d46|CP052040.1:3953533-3959359|+  -           1943 227932               -           1426         0 1864.7   0.0   4   5     5e-28     5e-28   86.7   0.0   760   936  1183  1393  1177  1410 0.73 <unknown description>
227932at5125_327505_0:001d46|CP052040.1:3953533-3959359|+  -           1943 227932               -           1426         0 1864.7   0.0   5   5  3.8e-237  3.8e-237  779.7   0.0   931  1425  1429  1930  1419  1931 0.95 <unknown description>
227932at5125_694270_0:0029f1|CP052040.1:3950614-3959338|+  -           2162 227932               -           1426         0 1858.7   5.3   1   5  7.7e-227  7.7e-227  745.6   0.0     2   479   257   768   256   781 0.84 <unknown description>
227932at5125_694270_0:0029f1|CP052040.1:3950614-3959338|+  -           2162 227932               -           1426         0 1858.7   5.3   2   5     3e-21     3e-21   64.3   4.7   471   583   928  1038   838  1055 0.68 <unknown description>
227932at5125_694270_0:0029f1|CP052040.1:3950614-3959338|+  -           2162 227932               -           1426         0 1858.7   5.3   3   5   8.4e-55   8.4e-55  175.5   0.0   581   750  1193  1362  1145  1375 0.88 <unknown description>
227932at5125_694270_0:0029f1|CP052040.1:3950614-3959338|+  -           2162 227932               -           1426         0 1858.7   5.3   4   5   5.8e-28   5.8e-28   86.5   0.0   760   936  1409  1619  1403  1636 0.73 <unknown description>
227932at5125_694270_0:0029f1|CP052040.1:3950614-3959338|+  -           2162 227932               -           1426         0 1858.7   5.3   5   5  4.6e-237  4.6e-237  779.5   0.0   931  1425  1655  2156  1645  2157 0.95 <unknown description>
227932at5125_229533_0:0033c7|CP052040.1:3956479-3959338|+  -            954 227932               -           1426         0 1044.4   0.0   1   3   3.6e-53   3.6e-53  170.1   0.0   598   750     2   154     1   168 0.98 <unknown description>
227932at5125_229533_0:0033c7|CP052040.1:3956479-3959338|+  -            954 227932               -           1426         0 1044.4   0.0   2   3   1.6e-28   1.6e-28   88.4   0.0   760   936   201   411   192   431 0.73 <unknown description>
227932at5125_229533_0:0033c7|CP052040.1:3956479-3959338|+  -            954 227932               -           1426         0 1044.4   0.0   3   3  7.2e-238  7.2e-238  782.1   0.0   930  1425   446   948   419   949 0.95 <unknown description>
227932at5125_1081102_0:001992|CP052040.1:3953478-3956926|+ -            968 227932               -           1426  1.3e-280  923.8   0.0   1   2  1.4e-227  1.4e-227  748.0   0.0     2   479    49   560    48   573 0.84 <unknown description>
227932at5125_1081102_0:001992|CP052040.1:3953478-3956926|+ -            968 227932               -           1426  1.3e-280  923.8   0.0   2   2   2.6e-54   2.6e-54  173.9   0.0   581   746   803   968   754   968 0.88 <unknown description>
227932at5125_2898083_0:0021ec|CP052040.1:3957250-3959329|+ -            694 227932               -           1426  1.7e-263  867.0   0.0   1   2   1.7e-26   1.7e-26   81.7   0.0   800   936     1   154     1   171 0.79 <unknown description>
227932at5125_2898083_0:0021ec|CP052040.1:3957250-3959329|+ -            694 227932               -           1426  1.7e-263  867.0   0.0   2   2  2.3e-238  2.3e-238  783.8   0.1   929  1425   188   691   146   692 0.94 <unknown description>
227932at5125_268505_0:00101a|CP052040.1:3953533-3955402|+  -            624 227932               -           1426    3e-228  750.2   0.0   1   1  3.8e-228  3.8e-228  749.9   0.0     2   479    31   542    30   555 0.84 <unknown description>
227932at5125_2004952_0:000024|CP052040.1:3957979-3959317|+ -            447 227932               -           1426    2e-227  747.5   0.0   1   1  2.2e-227  2.2e-227  747.4   0.0   978  1424     1   447     1   447 0.98 <unknown description>
227932at5125_111463_0:000fcf|CP052040.1:3953478-3954886|+  -            447 227932               -           1426  9.3e-219  718.8   0.1   1   1  1.1e-218  1.1e-218  718.6   0.1     2   400    26   447    25   447 0.91 <unknown description>
227932at5125_1111077_0:0014f1|CP052040.1:3953887-3954910|+ -            342 227932               -           1426  1.2e-200  658.8   0.4   1   1  1.3e-200  1.3e-200  658.6   0.4    77   407     1   341     1   342 0.95 <unknown description>
227932at5125_2004952_0:00001a|CP052040.1:3953914-3955780|+ -            396 227932               -           1426  1.1e-167  549.6  15.5   1   2  4.6e-152  4.6e-152  497.8   5.6    86   322     1   238     1   264 0.96 <unknown description>
227932at5125_2004952_0:00001a|CP052040.1:3953914-3955780|+ -            396 227932               -           1426  1.1e-167  549.6  15.5   2   2     3e-19     3e-19   57.7   2.4   471   518   348   395   254   396 0.77 <unknown description>
227932at5125_2030778_0:00128b|CP052040.1:3953614-3954469|+ -            286 227932               -           1426    5e-157  514.2   2.1   1   1  5.6e-157  5.6e-157  514.1   2.1     2   270     4   286     3   286 0.91 <unknown description>
227932at5125_150374_0:000baf|CP052040.1:3954214-3954532|+  -            107 227932               -           1426   4.2e-72  232.8   4.5   1   1   4.6e-72   4.6e-72  232.7   4.5   185   291     1   107     1   107 0.99 <unknown description>
#
# Program:         hmmsearch
# Version:         3.4 (Aug 2023)
# Pipeline mode:   SEARCH
# Query file:      /home/arafat/busco_downloads/lineages/hypocreales_odb12.2/hmms/227932at5125.hmm
# Target file:     /home/arafat/Foxy_SIX_Evolution/results/busco/GCA_013085055.1/run_hypocreales_odb12.2/miniprot_output/translated_proteins/227932at5125.faa
# Option settings: hmmsearch --domtblout /home/arafat/Foxy_SIX_Evolution/results/busco/GCA_013085055.1/run_hypocreales_odb12.2/hmmer_output/227932at5125.out --cpu 1 /home/arafat/busco_downloads/lineages/hypocreales_odb12.2/hmms/227932at5125.hmm /home/arafat/Foxy_SIX_Evolution/results/busco/GCA_013085055.1/run_hypocreales_odb12.2/miniprot_output/translated_proteins/227932at5125.faa 
# Current dir:     /home/arafat/Foxy_SIX_Evolution
# Date:            Thu Sep 24 15:53:34 2026
# [ok]
