#                                                                                                                  --- full sequence --- -------------- this domain -------------   hmm coord   ali coord   env coord
# target name                                              accession   tlen query name           accession   qlen   E-value  score  bias   #  of  c-Evalue  i-Evalue  score  bias  from    to  from    to  from    to  acc description of target
#                                      ------------------- ---------- ----- -------------------- ---------- ----- --------- ------ ----- --- --- --------- --------- ------ ----- ----- ----- ----- ----- ----- ----- ---- ---------------------
228275at5125_660027_0:001a2c|CP052041.1:3798301-3799929|+  -            527 228275               -            414  4.9e-192  626.9  13.5   1   3   9.7e-10   9.7e-10   26.4   0.2     2    32     5    35     4    58 0.86 <unknown description>
228275at5125_660027_0:001a2c|CP052041.1:3798301-3799929|+  -            527 228275               -            414  4.9e-192  626.9  13.5   2   3  1.4e-142  1.4e-142  464.0   2.2    38   345    80   434    52   437 0.81 <unknown description>
228275at5125_660027_0:001a2c|CP052041.1:3798301-3799929|+  -            527 228275               -            414  4.9e-192  626.9  13.5   3   3   9.2e-42   9.2e-42  131.9   0.5   340   414   450   526   446   526 0.94 <unknown description>
228275at5125_57161_0:003a99|CP052041.1:3798957-3799929|+   -            325 228275               -            414  7.2e-143  465.0   4.4   1   3     7e-38     7e-38  119.1   0.0   145   225     1    82     1    96 0.94 <unknown description>
228275at5125_57161_0:003a99|CP052041.1:3798957-3799929|+   -            325 228275               -            414  7.2e-143  465.0   4.4   2   3     2e-66     2e-66  213.2   0.3   221   345   101   232    90   235 0.90 <unknown description>
228275at5125_57161_0:003a99|CP052041.1:3798957-3799929|+   -            325 228275               -            414  7.2e-143  465.0   4.4   3   3   4.3e-42   4.3e-42  133.0   0.5   340   414   248   324   244   324 0.94 <unknown description>
228275at5125_93591_0:001140|CP052041.1:3798304-3799218|+   -            289 228275               -            414   9.1e-91  293.3   3.4   1   2   4.5e-10   4.5e-10   27.6   0.2     2    32     4    34     3    57 0.86 <unknown description>
228275at5125_93591_0:001140|CP052041.1:3798304-3799218|+   -            289 228275               -            414   9.1e-91  293.3   3.4   2   2   4.8e-82   4.8e-82  264.6   0.3    38   225    79   283    47   287 0.81 <unknown description>
228275at5125_2004951_0:002648|CP052041.1:3799458-3799920|+ -            155 228275               -            414   4.3e-66  212.1   2.8   1   2   3.6e-26   3.6e-26   80.6   0.1   285   345     1    65     1    68 0.92 <unknown description>
228275at5125_2004951_0:002648|CP052041.1:3799458-3799920|+ -            155 228275               -            414   4.3e-66  212.1   2.8   2   2   9.1e-42   9.1e-42  131.9   0.5   340   412    81   155    77   155 0.94 <unknown description>
228275at5125_490622_0:001695|CP052041.1:3798301-3798963|+  -            205 228275               -            414   1.3e-48  154.5   9.2   1   2   2.6e-10   2.6e-10   28.3   0.2     2    32     5    35     4    59 0.86 <unknown description>
228275at5125_490622_0:001695|CP052041.1:3798301-3798963|+  -            205 228275               -            414   1.3e-48  154.5   9.2   2   2   3.7e-40   3.7e-40  126.6   4.2    38   147    80   205    49   205 0.73 <unknown description>
228275at5125_595255_0:00078f|CP052041.1:3799668-3799929|+  -             88 228275               -            414   1.4e-43  137.9   0.5   1   1   1.7e-43   1.7e-43  137.7   0.5   340   414    11    87     7    87 0.94 <unknown description>
228275at5125_595255_0:003511|CP052041.1:3798304-3798685|+  -            128 228275               -            414   1.8e-30   94.8   5.3   1   2   1.1e-10   1.1e-10   29.5   0.2     2    32     4    34     3    57 0.86 <unknown description>
228275at5125_595255_0:003511|CP052041.1:3798304-3798685|+  -            128 228275               -            414   1.8e-30   94.8   5.3   2   2   4.1e-22   4.1e-22   67.2   1.1    38    86    79   127    48   128 0.78 <unknown description>
#
# Program:         hmmsearch
# Version:         3.4 (Aug 2023)
# Pipeline mode:   SEARCH
# Query file:      /home/arafat/busco_downloads/lineages/hypocreales_odb12.2/hmms/228275at5125.hmm
# Target file:     /home/arafat/Foxy_SIX_Evolution/results/busco/GCA_013085055.1/run_hypocreales_odb12.2/miniprot_output/translated_proteins/228275at5125.faa
# Option settings: hmmsearch --domtblout /home/arafat/Foxy_SIX_Evolution/results/busco/GCA_013085055.1/run_hypocreales_odb12.2/hmmer_output/228275at5125.out --cpu 1 /home/arafat/busco_downloads/lineages/hypocreales_odb12.2/hmms/228275at5125.hmm /home/arafat/Foxy_SIX_Evolution/results/busco/GCA_013085055.1/run_hypocreales_odb12.2/miniprot_output/translated_proteins/228275at5125.faa 
# Current dir:     /home/arafat/Foxy_SIX_Evolution
# Date:            Thu Sep 24 15:53:36 2026
# [ok]
