#                                                                                                               --- full sequence --- -------------- this domain -------------   hmm coord   ali coord   env coord
# target name                                           accession   tlen query name           accession   qlen   E-value  score  bias   #  of  c-Evalue  i-Evalue  score  bias  from    to  from    to  from    to  acc description of target
#                                   ------------------- ---------- ----- -------------------- ---------- ----- --------- ------ ----- --- --- --------- --------- ------ ----- ----- ----- ----- ----- ----- ----- ---- ---------------------
41003at5125_72712_0:00076f|CP052040.1:658605-660439|+   -            577 41003                -            506    3e-268  879.1   0.2   1   2  1.5e-147  1.5e-147  480.9   0.0     2   298    11   315    10   320 0.96 <unknown description>
41003at5125_72712_0:00076f|CP052040.1:658605-660439|+   -            577 41003                -            506    3e-268  879.1   0.2   2   2  6.5e-122  6.5e-122  396.4   0.2   298   504   335   549   329   551 0.94 <unknown description>
41003at5125_86546_0:0022c4|CP052040.1:658605-661613|+   -            821 41003                -            506  1.3e-267  877.1   0.2   1   2  3.4e-147  3.4e-147  479.8   0.0     2   298    11   315    10   322 0.96 <unknown description>
41003at5125_86546_0:0022c4|CP052040.1:658605-661613|+   -            821 41003                -            506  1.3e-267  877.1   0.2   2   2  1.3e-121  1.3e-121  395.4   0.1   298   504   335   549   327   551 0.94 <unknown description>
41003at5125_92637_0:002bf2|CP052040.1:658638-664513|+   -            590 41003                -            506  9.9e-248  811.4   0.4   1   2  5.7e-147  5.7e-147  479.0   0.0     3   298     1   304     1   309 0.96 <unknown description>
41003at5125_92637_0:002bf2|CP052040.1:658638-664513|+   -            590 41003                -            506  9.9e-248  811.4   0.4   2   2  5.6e-102  5.6e-102  330.6   0.3   298   469   324   503   318   508 0.93 <unknown description>
41003at5125_5111_0:001f1f|CP052040.1:658704-660145|+    -            446 41003                -            506  1.4e-228  748.3   0.8   1   2  3.8e-143  3.8e-143  466.4   0.0    23   298     1   282     1   287 0.97 <unknown description>
41003at5125_5111_0:001f1f|CP052040.1:658704-660145|+    -            446 41003                -            506  1.4e-228  748.3   0.8   2   2   8.5e-87   8.5e-87  280.5   0.3   298   439   302   443   296   446 0.97 <unknown description>
41003at5125_485398_0:003dee|CP052040.1:659038-660361|+  -            442 41003                -            506  4.6e-225  736.7   0.5   1   2  3.2e-104  3.2e-104  338.0   0.0    97   298     1   206     1   211 0.96 <unknown description>
41003at5125_485398_0:003dee|CP052040.1:659038-660361|+  -            442 41003                -            506  4.6e-225  736.7   0.5   2   2  3.5e-122  3.5e-122  397.3   0.2   298   504   226   440   220   442 0.94 <unknown description>
41003at5125_62069_0:00162f|CP052040.1:658689-659647|+   -            285 41003                -            506  2.2e-144  470.5   0.0   1   1  2.5e-144  2.5e-144  470.3   0.0    20   296     3   285     1   285 0.97 <unknown description>
41003at5125_2004951_0:0000da|CP052040.1:659560-660352|+ -            265 41003                -            506  1.4e-137  448.0   0.8   1   2   1.5e-16   1.5e-16   48.8   0.0   267   298     1    32     1    36 0.96 <unknown description>
41003at5125_2004951_0:0000da|CP052040.1:659560-660352|+ -            265 41003                -            506  1.4e-137  448.0   0.8   2   2    2e-122    2e-122  398.0   0.1   298   502    52   264    47   265 0.94 <unknown description>
41003at5125_62069_0:000554|CP052040.1:659836-660352|+   -            173 41003                -            506   2.8e-99  321.7   0.0   1   1   3.2e-99   3.2e-99  321.5   0.0   339   502     1   172     1   173 0.93 <unknown description>
#
# Program:         hmmsearch
# Version:         3.4 (Aug 2023)
# Pipeline mode:   SEARCH
# Query file:      /home/arafat/busco_downloads/lineages/hypocreales_odb12.2/hmms/41003at5125.hmm
# Target file:     /home/arafat/Foxy_SIX_Evolution/results/busco/GCA_013085055.1/run_hypocreales_odb12.2/miniprot_output/translated_proteins/41003at5125.faa
# Option settings: hmmsearch --domtblout /home/arafat/Foxy_SIX_Evolution/results/busco/GCA_013085055.1/run_hypocreales_odb12.2/hmmer_output/41003at5125.out --cpu 1 /home/arafat/busco_downloads/lineages/hypocreales_odb12.2/hmms/41003at5125.hmm /home/arafat/Foxy_SIX_Evolution/results/busco/GCA_013085055.1/run_hypocreales_odb12.2/miniprot_output/translated_proteins/41003at5125.faa 
# Current dir:     /home/arafat/Foxy_SIX_Evolution
# Date:            Thu Sep 24 15:53:53 2026
# [ok]
