#                                                                                                                 --- full sequence --- -------------- this domain -------------   hmm coord   ali coord   env coord
# target name                                             accession   tlen query name           accession   qlen   E-value  score  bias   #  of  c-Evalue  i-Evalue  score  bias  from    to  from    to  from    to  acc description of target
#                                     ------------------- ---------- ----- -------------------- ---------- ----- --------- ------ ----- --- --- --------- --------- ------ ----- ----- ----- ----- ----- ----- ----- ---- ---------------------
48014at5125_160290_0:003c2d|CP052040.1:3951537-3959598|-  -            321 48014                -            276  1.4e-153  498.7   0.4   1   1  1.7e-153  1.7e-153  498.5   0.4     3   276    20   297    18   297 0.97 <unknown description>
48014at5125_1080343_0:000a95|CP052040.1:3951531-3952742|- -            333 48014                -            276  1.6e-153  498.6   0.4   1   1  1.9e-153  1.9e-153  498.3   0.4     3   276     8   285     6   285 0.97 <unknown description>
48014at5125_117187_0:000db1|CP052040.1:3951782-3952742|-  -            321 48014                -            276  2.3e-140  455.4   5.0   1   3   1.5e-44   1.5e-44  141.1   0.1     3    84     8    89     6    96 0.95 <unknown description>
48014at5125_117187_0:000db1|CP052040.1:3951782-3952742|-  -            321 48014                -            276  2.3e-140  455.4   5.0   2   3   4.2e-21   4.2e-21   64.2   0.2    82   136   106   161   101   169 0.91 <unknown description>
48014at5125_117187_0:000db1|CP052040.1:3951782-3952742|-  -            321 48014                -            276  2.3e-140  455.4   5.0   3   3   3.5e-78   3.5e-78  251.5   0.1   134   276   175   320   171   320 0.96 <unknown description>
48014at5125_660025_0:0008c7|CP052040.1:3951646-3952415|-  -            224 48014                -            276  1.6e-102  331.2   0.2   1   1  1.9e-102  1.9e-102  331.1   0.2    87   276     2   195     1   195 0.96 <unknown description>
48014at5125_1163406_0:000e3b|CP052040.1:3952109-3952718|- -            187 48014                -            276   6.6e-82  263.7   1.5   1   1   4.6e-80   4.6e-80  257.6   1.5     5   171     2   187     1   187 0.92 <unknown description>
48014at5125_92637_0:00131a|CP052040.1:3952247-3952709|-   -            136 48014                -            276   2.2e-70  225.9   0.1   1   1   2.6e-70   2.6e-70  225.7   0.1     7   136     1   131     1   134 0.97 <unknown description>
48014at5125_1081108_0:001648|CP052040.1:3952481-3952742|- -             88 48014                -            276   1.2e-45  144.8   0.1   1   1   1.3e-45   1.3e-45  144.6   0.1     3    82     8    87     6    88 0.98 <unknown description>
#
# Program:         hmmsearch
# Version:         3.4 (Aug 2023)
# Pipeline mode:   SEARCH
# Query file:      /home/arafat/busco_downloads/lineages/hypocreales_odb12.2/hmms/48014at5125.hmm
# Target file:     /home/arafat/Foxy_SIX_Evolution/results/busco/GCA_013085055.1/run_hypocreales_odb12.2/miniprot_output/translated_proteins/48014at5125.faa
# Option settings: hmmsearch --domtblout /home/arafat/Foxy_SIX_Evolution/results/busco/GCA_013085055.1/run_hypocreales_odb12.2/hmmer_output/48014at5125.out --cpu 1 /home/arafat/busco_downloads/lineages/hypocreales_odb12.2/hmms/48014at5125.hmm /home/arafat/Foxy_SIX_Evolution/results/busco/GCA_013085055.1/run_hypocreales_odb12.2/miniprot_output/translated_proteins/48014at5125.faa 
# Current dir:     /home/arafat/Foxy_SIX_Evolution
# Date:            Thu Sep 24 15:53:37 2026
# [ok]
