#                                                                                                                 --- full sequence --- -------------- this domain -------------   hmm coord   ali coord   env coord
# target name                                             accession   tlen query name           accession   qlen   E-value  score  bias   #  of  c-Evalue  i-Evalue  score  bias  from    to  from    to  from    to  acc description of target
#                                     ------------------- ---------- ----- -------------------- ---------- ----- --------- ------ ----- --- --- --------- --------- ------ ----- ----- ----- ----- ----- ----- ----- ---- ---------------------
52834at5125_1080343_0:001097|CP052045.1:1816637-1819937|- -            997 52834                -            893         0 1777.2   5.6   1   3  2.4e-134  2.4e-134  438.3   0.1     1   213     1   219     1   231 0.95 <unknown description>
52834at5125_1080343_0:001097|CP052045.1:1816637-1819937|- -            997 52834                -            893         0 1777.2   5.6   2   3         0         0 1225.1   0.3   205   835   243   907   239   915 0.93 <unknown description>
52834at5125_1080343_0:001097|CP052045.1:1816637-1819937|- -            997 52834                -            893         0 1777.2   5.6   3   3     9e-37     9e-37  115.4   0.1   826   893   918   985   917   985 0.97 <unknown description>
52834at5125_1081105_0:000fa2|CP052045.1:1808602-1819937|- -           1183 52834                -            893         0 1774.2   5.4   1   3  3.1e-134  3.1e-134  437.9   0.1     1   213     1   219     1   231 0.95 <unknown description>
52834at5125_1081105_0:000fa2|CP052045.1:1808602-1819937|- -           1183 52834                -            893         0 1774.2   5.4   2   3         0         0 1224.4   0.3   205   835   243   907   239   915 0.93 <unknown description>
52834at5125_1081105_0:000fa2|CP052045.1:1808602-1819937|- -           1183 52834                -            893         0 1774.2   5.4   3   3   4.6e-36   4.6e-36  113.1   0.1   826   892   918   984   917   985 0.97 <unknown description>
52834at5125_2039874_0:0006a0|CP052045.1:1816725-1822734|- -           1290 52834                -            893         0 1756.1   5.0   1   3  5.9e-129  5.9e-129  420.5   0.1     8   213   313   524   307   535 0.94 <unknown description>
52834at5125_2039874_0:0006a0|CP052045.1:1816725-1822734|- -           1290 52834                -            893         0 1756.1   5.0   2   3         0         0 1224.1   0.3   205   835   548  1212   543  1220 0.93 <unknown description>
52834at5125_2039874_0:0006a0|CP052045.1:1816725-1822734|- -           1290 52834                -            893         0 1756.1   5.0   3   3   7.7e-36   7.7e-36  112.3   0.1   826   892  1223  1289  1222  1289 0.97 <unknown description>
52834at5125_1736662_0:00267b|CP052045.1:1816637-1829264|- -           1067 52834                -            893         0 1720.7   5.0   1   3  3.6e-117  3.6e-117  381.5   0.1    25   213    95   289    86   300 0.93 <unknown description>
52834at5125_1736662_0:00267b|CP052045.1:1816637-1829264|- -           1067 52834                -            893         0 1720.7   5.0   2   3         0         0 1225.0   0.3   205   835   313   977   299   985 0.93 <unknown description>
52834at5125_1736662_0:00267b|CP052045.1:1816637-1829264|- -           1067 52834                -            893         0 1720.7   5.0   3   3   9.7e-37   9.7e-37  115.3   0.1   826   893   988  1055   987  1055 0.97 <unknown description>
52834at5125_2773459_0:0029f8|CP052045.1:1816725-1819242|- -            840 52834                -            893         0 1411.2   8.4   1   3   6.7e-25   6.7e-25   76.2   0.6   146   213     1    74     1    85 0.86 <unknown description>
52834at5125_2773459_0:0029f8|CP052045.1:1816725-1819242|- -            840 52834                -            893         0 1411.2   8.4   2   3         0         0 1226.0   0.3   205   835    98   762    83   769 0.93 <unknown description>
52834at5125_2773459_0:0029f8|CP052045.1:1816725-1819242|- -            840 52834                -            893         0 1411.2   8.4   3   3   4.6e-36   4.6e-36  113.1   0.1   826   892   773   839   772   839 0.97 <unknown description>
52834at5125_2604345_0:0043b2|CP052045.1:1818261-1819937|- -            473 52834                -            893  7.8e-247  810.5   9.3   1   2    5e-135    5e-135  440.6   0.1     1   213     1   219     1   240 0.95 <unknown description>
52834at5125_2604345_0:0043b2|CP052045.1:1818261-1819937|- -            473 52834                -            893  7.8e-247  810.5   9.3   2   2  2.4e-114  2.4e-114  372.1   5.3   205   425   243   473   229   473 0.94 <unknown description>
52834at5125_58853_0:0025c9|CP052045.1:1817625-1818822|-   -            400 52834                -            893  1.6e-202  663.9   5.1   1   1  1.9e-202  1.9e-202  663.6   5.1   243   613     6   400     2   400 0.92 <unknown description>
52834at5125_93591_0:001a5f|CP052045.1:1819056-1819937|-   -            208 52834                -            893  2.9e-134  438.1   0.2   1   1  3.2e-134  3.2e-134  437.9   0.2     1   202     1   208     1   208 0.96 <unknown description>
#
# Program:         hmmsearch
# Version:         3.4 (Aug 2023)
# Pipeline mode:   SEARCH
# Query file:      /home/arafat/busco_downloads/lineages/hypocreales_odb12.2/hmms/52834at5125.hmm
# Target file:     /home/arafat/Foxy_SIX_Evolution/results/busco/GCA_013085055.1/run_hypocreales_odb12.2/miniprot_output/translated_proteins/52834at5125.faa
# Option settings: hmmsearch --domtblout /home/arafat/Foxy_SIX_Evolution/results/busco/GCA_013085055.1/run_hypocreales_odb12.2/hmmer_output/52834at5125.out --cpu 1 /home/arafat/busco_downloads/lineages/hypocreales_odb12.2/hmms/52834at5125.hmm /home/arafat/Foxy_SIX_Evolution/results/busco/GCA_013085055.1/run_hypocreales_odb12.2/miniprot_output/translated_proteins/52834at5125.faa 
# Current dir:     /home/arafat/Foxy_SIX_Evolution
# Date:            Thu Sep 24 15:53:40 2026
# [ok]
