#                                                                                                                 --- full sequence --- -------------- this domain -------------   hmm coord   ali coord   env coord
# target name                                             accession   tlen query name           accession   qlen   E-value  score  bias   #  of  c-Evalue  i-Evalue  score  bias  from    to  from    to  from    to  acc description of target
#                                     ------------------- ---------- ----- -------------------- ---------- ----- --------- ------ ----- --- --- --------- --------- ------ ----- ----- ----- ----- ----- ----- ----- ---- ---------------------
53485at5125_195108_0:0017a2|CP052043.1:3013757-3014467|-  -            142 53485                -            130   1.2e-79  253.9   2.9   1   1   1.5e-79   1.5e-79  253.6   2.9     1   129     2   131     2   132 0.97 <unknown description>
53485at5125_48485_0:001963|CP052043.1:3014003-3014607|-   -            179 53485                -            130     2e-79  253.2   2.9   1   1   2.5e-79   2.5e-79  252.9   2.9     1   129    48   177    48   178 0.97 <unknown description>
53485at5125_2004952_0:00158c|CP052043.1:3011467-3014467|- -            489 53485                -            130   6.8e-78  248.3   2.1   1   1   1.1e-77   1.1e-77  247.6   2.1     1   128     2   130     2   132 0.96 <unknown description>
53485at5125_660025_0:0022fb|CP052043.1:3014003-3014467|-  -            146 53485                -            130   1.6e-74  237.4   1.4   1   2       5.1       5.1   -3.6   0.2     1     7     2     8     2    10 0.84 <unknown description>
53485at5125_660025_0:0022fb|CP052043.1:3014003-3014467|-  -            146 53485                -            130   1.6e-74  237.4   1.4   2   2   1.6e-74   1.6e-74  237.4   1.4     9   129    23   144    19   145 0.97 <unknown description>
53485at5125_40199_0:0024d7|CP052043.1:3014003-3014372|-   -            124 53485                -            130   2.2e-74  236.9   2.2   1   1   2.4e-74   2.4e-74  236.8   2.2     9   130     1   123     1   123 0.97 <unknown description>
53485at5125_857340_0:000273|CP052043.1:3014114-3014467|-  -             96 53485                -            130   2.6e-60  191.4   2.4   1   1   2.8e-60   2.8e-60  191.3   2.4     1    94     2    96     2    96 0.97 <unknown description>
53485at5125_58853_0:0024c5|CP052043.1:3014003-3014165|-   -             55 53485                -            130   7.4e-26   80.0   1.6   1   1   7.7e-26   7.7e-26   79.9   1.6    78   130     2    54     1    54 0.95 <unknown description>
53485at5125_468837_0:001b77|CP052043.1:3013950-3014216|-  -             89 53485                -            130   3.7e-07   19.5   0.1   1   1   4.3e-07   4.3e-07   19.3   0.1    61    78     1    18     1    45 0.87 <unknown description>
#
# Program:         hmmsearch
# Version:         3.4 (Aug 2023)
# Pipeline mode:   SEARCH
# Query file:      /home/arafat/busco_downloads/lineages/hypocreales_odb12.2/hmms/53485at5125.hmm
# Target file:     /home/arafat/Foxy_SIX_Evolution/results/busco/GCA_013085055.1/run_hypocreales_odb12.2/miniprot_output/translated_proteins/53485at5125.faa
# Option settings: hmmsearch --domtblout /home/arafat/Foxy_SIX_Evolution/results/busco/GCA_013085055.1/run_hypocreales_odb12.2/hmmer_output/53485at5125.out --cpu 1 /home/arafat/busco_downloads/lineages/hypocreales_odb12.2/hmms/53485at5125.hmm /home/arafat/Foxy_SIX_Evolution/results/busco/GCA_013085055.1/run_hypocreales_odb12.2/miniprot_output/translated_proteins/53485at5125.faa 
# Current dir:     /home/arafat/Foxy_SIX_Evolution
# Date:            Thu Sep 24 15:53:41 2026
# [ok]
