#                                                                                                                 --- full sequence --- -------------- this domain -------------   hmm coord   ali coord   env coord
# target name                                             accession   tlen query name           accession   qlen   E-value  score  bias   #  of  c-Evalue  i-Evalue  score  bias  from    to  from    to  from    to  acc description of target
#                                     ------------------- ---------- ----- -------------------- ---------- ----- --------- ------ ----- --- --- --------- --------- ------ ----- ----- ----- ----- ----- ----- ----- ---- ---------------------
67164at5125_660027_0:00090a|CP052039.1:3270793-3276511|-  -           1872 67164                -           1648         0 2758.2  18.9   1   2        10        10  -13.0  11.7   361   446   119   206    21   234 0.48 <unknown description>
67164at5125_660027_0:00090a|CP052039.1:3270793-3276511|-  -           1872 67164                -           1648         0 2758.2  18.9   2   2         0         0 2758.2  18.9     1  1644   241  1870   241  1871 0.95 <unknown description>
67164at5125_48490_0:001664|CP052039.1:3269193-3276511|-   -           2115 67164                -           1648         0 2742.7  19.4   1   2        10        10  -13.6  12.0   361   446   119   206    22   233 0.48 <unknown description>
67164at5125_48490_0:001664|CP052039.1:3269193-3276511|-   -           2115 67164                -           1648         0 2742.7  19.4   2   2         0         0 2742.7  19.4     1  1636   241  1862   241  1870 0.95 <unknown description>
67164at5125_61374_0:0008fd|CP052039.1:3270793-3274356|-   -           1172 67164                -           1648         0 2048.7   5.0   1   1         0         0 2048.6   5.0   456  1644     1  1170     1  1171 0.95 <unknown description>
67164at5125_660027_0:000621|CP052038.1:6456281-6459627|-  -           1027 67164                -           1648         0 1528.4  18.2   1   4   2.5e-49   2.5e-49  157.3   0.5   179   352     2   182     1   192 0.82 <unknown description>
67164at5125_660027_0:000621|CP052038.1:6456281-6459627|-  -           1027 67164                -           1648         0 1528.4  18.2   2   4   9.2e-89   9.2e-89  288.0   0.4   583   819   186   421   171   423 0.88 <unknown description>
67164at5125_660027_0:000621|CP052038.1:6456281-6459627|-  -           1027 67164                -           1648         0 1528.4  18.2   3   4   1.2e-89   1.2e-89  291.0   2.3  1052  1305   423   679   421   682 0.89 <unknown description>
67164at5125_660027_0:000621|CP052038.1:6456281-6459627|-  -           1027 67164                -           1648         0 1528.4  18.2   4   4  9.1e-245  9.1e-245  805.2   0.1  1329  1647   678   996   676   997 0.99 <unknown description>
67164at5125_61374_0:003e2b|CP052038.1:6456563-6458997|-   -            774 67164                -           1648         0 1302.3  14.1   1   3   5.4e-80   5.4e-80  258.9   0.3   607   819     1   211     1   213 0.92 <unknown description>
67164at5125_61374_0:003e2b|CP052038.1:6456563-6458997|-   -            774 67164                -           1648         0 1302.3  14.1   2   3     2e-75     2e-75  243.8   4.9  1052  1305   213   450   211   453 0.85 <unknown description>
67164at5125_61374_0:003e2b|CP052038.1:6456563-6458997|-   -            774 67164                -           1648         0 1302.3  14.1   3   3  4.2e-245  4.2e-245  806.3   0.1  1328  1647   448   767   446   768 0.99 <unknown description>
67164at5125_660027_0:003883|CP052048.1:80227-83570|+      -            972 67164                -           1648         0 1229.7  23.3   1   4   1.6e-42   1.6e-42  134.8   1.4   189   354    22   184     2   203 0.78 <unknown description>
67164at5125_660027_0:003883|CP052048.1:80227-83570|+      -            972 67164                -           1648         0 1229.7  23.3   2   4   9.1e-72   9.1e-72  231.7   0.4   611   819   203   409   201   411 0.92 <unknown description>
67164at5125_660027_0:003883|CP052048.1:80227-83570|+      -            972 67164                -           1648         0 1229.7  23.3   3   4   2.6e-87   2.6e-87  283.2   2.3  1051  1304   410   666   408   668 0.88 <unknown description>
67164at5125_660027_0:003883|CP052048.1:80227-83570|+      -            972 67164                -           1648         0 1229.7  23.3   4   4  2.1e-181  2.1e-181  595.1   0.6  1341  1647   667   946   665   947 0.99 <unknown description>
67164at5125_5507_2:001bf1|CP052038.1:6457272-6459627|-    -            786 67164                -           1648  1.8e-293  966.6  18.9   1   4   1.8e-49   1.8e-49  157.8   0.4   179   349     2   179     1   189 0.82 <unknown description>
67164at5125_5507_2:001bf1|CP052038.1:6457272-6459627|-    -            786 67164                -           1648  1.8e-293  966.6  18.9   2   4   5.7e-89   5.7e-89  288.7   0.4   583   819   186   421   171   423 0.88 <unknown description>
67164at5125_5507_2:001bf1|CP052038.1:6457272-6459627|-    -            786 67164                -           1648  1.8e-293  966.6  18.9   3   4   6.3e-90   6.3e-90  291.9   2.3  1052  1306   423   680   421   683 0.89 <unknown description>
67164at5125_5507_2:001bf1|CP052038.1:6457272-6459627|-    -            786 67164                -           1648  1.8e-293  966.6  18.9   4   4   6.6e-75   6.6e-75  242.1   0.2  1329  1437   678   786   676   786 0.97 <unknown description>
67164at5125_1080344_0:004578|CP052038.1:6457842-6459249|- -            470 67164                -           1648  2.5e-151  495.4  14.1   1   3   1.3e-08   1.3e-08   22.3   0.2   299   353     1    57     1    66 0.81 <unknown description>
67164at5125_1080344_0:004578|CP052038.1:6457842-6459249|- -            470 67164                -           1648  2.5e-151  495.4  14.1   2   3   1.9e-89   1.9e-89  290.3   0.4   583   819    60   295    45   297 0.88 <unknown description>
67164at5125_1080344_0:004578|CP052038.1:6457842-6459249|- -            470 67164                -           1648  2.5e-151  495.4  14.1   3   3   8.9e-60   8.9e-60  191.9   2.7  1052  1213   297   462   295   469 0.88 <unknown description>
67164at5125_2675880_0:0001f3|CP052038.1:6458346-6459447|- -            318 67164                -           1648   5.2e-88  285.5  12.7   1   2   1.6e-38   1.6e-38  121.5   0.8   230   361     2   131     1   145 0.86 <unknown description>
67164at5125_2675880_0:0001f3|CP052038.1:6458346-6459447|- -            318 67164                -           1648   5.2e-88  285.5  12.7   2   2   7.3e-53   7.3e-53  169.0   5.3   651   819   145   311   141   315 0.89 <unknown description>
67164at5125_2675880_0:0001f3|CP052048.1:80407-81508|+     -            318 67164                -           1648   9.9e-79  254.8  12.6   1   2     9e-32     9e-32   99.1   1.3   230   365     2   137     1   145 0.82 <unknown description>
67164at5125_2675880_0:0001f3|CP052048.1:80407-81508|+     -            318 67164                -           1648   9.9e-79  254.8  12.6   2   2   3.2e-50   3.2e-50  160.3   5.2   651   819   145   311   134   315 0.89 <unknown description>
#
# Program:         hmmsearch
# Version:         3.4 (Aug 2023)
# Pipeline mode:   SEARCH
# Query file:      /home/arafat/busco_downloads/lineages/hypocreales_odb12.2/hmms/67164at5125.hmm
# Target file:     /home/arafat/Foxy_SIX_Evolution/results/busco/GCA_013085055.1/run_hypocreales_odb12.2/miniprot_output/translated_proteins/67164at5125.faa
# Option settings: hmmsearch --domtblout /home/arafat/Foxy_SIX_Evolution/results/busco/GCA_013085055.1/run_hypocreales_odb12.2/hmmer_output/67164at5125.out --cpu 1 /home/arafat/busco_downloads/lineages/hypocreales_odb12.2/hmms/67164at5125.hmm /home/arafat/Foxy_SIX_Evolution/results/busco/GCA_013085055.1/run_hypocreales_odb12.2/miniprot_output/translated_proteins/67164at5125.faa 
# Current dir:     /home/arafat/Foxy_SIX_Evolution
# Date:            Thu Sep 24 15:53:58 2026
# [ok]
