#                                                                                                                 --- full sequence --- -------------- this domain -------------   hmm coord   ali coord   env coord
# target name                                             accession   tlen query name           accession   qlen   E-value  score  bias   #  of  c-Evalue  i-Evalue  score  bias  from    to  from    to  from    to  acc description of target
#                                     ------------------- ---------- ----- -------------------- ---------- ----- --------- ------ ----- --- --- --------- --------- ------ ----- ----- ----- ----- ----- ----- ----- ---- ---------------------
68921at5125_1080343_0:0009b5|CP052040.1:3035895-3037534|+ -            530 68921                -            566  1.1e-215  706.3  39.0   1   2  4.2e-100  4.2e-100  324.8  16.9     1   212     4   206     4   212 0.90 <unknown description>
68921at5125_1080343_0:0009b5|CP052040.1:3035895-3037534|+ -            530 68921                -            566  1.1e-215  706.3  39.0   2   2  4.3e-119  4.3e-119  387.5  16.4   252   565   206   524   193   525 0.94 <unknown description>
68921at5125_36050_0:0026ff|CP052040.1:3034676-3037534|+   -            617 68921                -            566  2.3e-215  705.4  39.0   1   2  5.7e-100  5.7e-100  324.4  16.9     1   212    91   293    91   299 0.90 <unknown description>
68921at5125_36050_0:0026ff|CP052040.1:3034676-3037534|+   -            617 68921                -            566  2.3e-215  705.4  39.0   2   2  6.6e-119  6.6e-119  386.9  16.4   252   565   293   611   280   612 0.94 <unknown description>
68921at5125_1081105_0:00137e|CP052040.1:3033620-3037513|+ -            539 68921                -            566  5.8e-215  704.0  38.7   1   2  2.8e-100  2.8e-100  325.4  16.4     1   212    20   222    20   230 0.90 <unknown description>
68921at5125_1081105_0:00137e|CP052040.1:3033620-3037513|+ -            539 68921                -            566  5.8e-215  704.0  38.7   2   2  2.7e-118  2.7e-118  384.9  16.3   252   563   222   538   209   539 0.94 <unknown description>
68921at5125_2030778_0:001bbd|CP052040.1:3036189-3037495|+ -            419 68921                -            566  3.7e-153  500.0  28.2   1   2     2e-40     2e-40  127.8   7.3    96   212     1   108     1   113 0.85 <unknown description>
68921at5125_2030778_0:001bbd|CP052040.1:3036189-3037495|+ -            419 68921                -            566  3.7e-153  500.0  28.2   2   2  2.2e-116  2.2e-116  378.5  14.7   252   558   108   419    95   419 0.94 <unknown description>
68921at5125_150374_0:0003b8|CP052040.1:3036072-3036643|+  -            174 68921                -            566     1e-74  241.0  12.3   1   1   1.2e-74   1.2e-74  240.8  12.3    57   214     1   149     1   165 0.87 <unknown description>
#
# Program:         hmmsearch
# Version:         3.4 (Aug 2023)
# Pipeline mode:   SEARCH
# Query file:      /home/arafat/busco_downloads/lineages/hypocreales_odb12.2/hmms/68921at5125.hmm
# Target file:     /home/arafat/Foxy_SIX_Evolution/results/busco/GCA_013085055.1/run_hypocreales_odb12.2/miniprot_output/translated_proteins/68921at5125.faa
# Option settings: hmmsearch --domtblout /home/arafat/Foxy_SIX_Evolution/results/busco/GCA_013085055.1/run_hypocreales_odb12.2/hmmer_output/68921at5125.out --cpu 1 /home/arafat/busco_downloads/lineages/hypocreales_odb12.2/hmms/68921at5125.hmm /home/arafat/Foxy_SIX_Evolution/results/busco/GCA_013085055.1/run_hypocreales_odb12.2/miniprot_output/translated_proteins/68921at5125.faa 
# Current dir:     /home/arafat/Foxy_SIX_Evolution
# Date:            Thu Sep 24 15:54:01 2026
# [ok]
