#                                                                                                                 --- full sequence --- -------------- this domain -------------   hmm coord   ali coord   env coord
# target name                                             accession   tlen query name           accession   qlen   E-value  score  bias   #  of  c-Evalue  i-Evalue  score  bias  from    to  from    to  from    to  acc description of target
#                                     ------------------- ---------- ----- -------------------- ---------- ----- --------- ------ ----- --- --- --------- --------- ------ ----- ----- ----- ----- ----- ----- ----- ---- ---------------------
70050at5125_192010_0:001b94|CP052045.1:1686562-1687793|+  -            394 70050                -            297  9.8e-169  548.6   4.4   1   2   2.6e-83   2.6e-83  268.1   2.1     3   145    59   203    57   207 0.96 <unknown description>
70050at5125_192010_0:001b94|CP052045.1:1686562-1687793|+  -            394 70050                -            297  9.8e-169  548.6   4.4   2   2   3.2e-87   3.2e-87  281.0   0.0   136   297   220   389   206   389 0.95 <unknown description>
70050at5125_1280523_0:001f95|CP052045.1:1683543-1687793|+ -            567 70050                -            297  1.5e-168  547.9   3.2   1   2   3.3e-83   3.3e-83  267.8   1.5     3   145   232   376   230   381 0.96 <unknown description>
70050at5125_1280523_0:001f95|CP052045.1:1683543-1687793|+ -            567 70050                -            297  1.5e-168  547.9   3.2   2   2   7.2e-87   7.2e-87  279.8   0.0   136   297   393   562   383   562 0.95 <unknown description>
70050at5125_1081104_0:00183e|CP052045.1:1686782-1687760|+ -            327 70050                -            297  1.4e-165  538.2   4.7   1   2   9.3e-84   9.3e-84  269.6   2.0     2   145     2   147     1   151 0.96 <unknown description>
70050at5125_1081104_0:00183e|CP052045.1:1686782-1687760|+ -            327 70050                -            297  1.4e-165  538.2   4.7   2   2   9.7e-84   9.7e-84  269.5   0.0   136   290   164   326   152   327 0.95 <unknown description>
70050at5125_2502994_0:00115a|CP052045.1:1686030-1687793|+ -            375 70050                -            297  1.4e-160  521.8   6.6   1   2   3.3e-75   3.3e-75  241.5   4.0    12   146    49   185    45   190 0.95 <unknown description>
70050at5125_2502994_0:00115a|CP052045.1:1686030-1687793|+ -            375 70050                -            297  1.4e-160  521.8   6.6   2   2     3e-87     3e-87  281.1   0.0   136   297   201   370   191   370 0.95 <unknown description>
70050at5125_595255_0:002c22|CP052045.1:1686785-1687265|+  -            161 70050                -            297   1.4e-84  272.2   2.0   1   1   1.7e-84   1.7e-84  272.0   2.0     2   146     1   147     1   150 0.96 <unknown description>
#
# Program:         hmmsearch
# Version:         3.4 (Aug 2023)
# Pipeline mode:   SEARCH
# Query file:      /home/arafat/busco_downloads/lineages/hypocreales_odb12.2/hmms/70050at5125.hmm
# Target file:     /home/arafat/Foxy_SIX_Evolution/results/busco/GCA_013085055.1/run_hypocreales_odb12.2/miniprot_output/translated_proteins/70050at5125.faa
# Option settings: hmmsearch --domtblout /home/arafat/Foxy_SIX_Evolution/results/busco/GCA_013085055.1/run_hypocreales_odb12.2/hmmer_output/70050at5125.out --cpu 1 /home/arafat/busco_downloads/lineages/hypocreales_odb12.2/hmms/70050at5125.hmm /home/arafat/Foxy_SIX_Evolution/results/busco/GCA_013085055.1/run_hypocreales_odb12.2/miniprot_output/translated_proteins/70050at5125.faa 
# Current dir:     /home/arafat/Foxy_SIX_Evolution
# Date:            Thu Sep 24 15:54:02 2026
# [ok]
