#                                                                                                                 --- full sequence --- -------------- this domain -------------   hmm coord   ali coord   env coord
# target name                                             accession   tlen query name           accession   qlen   E-value  score  bias   #  of  c-Evalue  i-Evalue  score  bias  from    to  from    to  from    to  acc description of target
#                                     ------------------- ---------- ----- -------------------- ---------- ----- --------- ------ ----- --- --- --------- --------- ------ ----- ----- ----- ----- ----- ----- ----- ---- ---------------------
70516at5125_660027_0:001050|CP052040.1:3308004-3312900|-  -           1633 70516                -           1405         0 2532.6  10.1   1   3         0         0 1109.4   0.0     1   671    94   800    94   805 0.94 <unknown description>
70516at5125_660027_0:001050|CP052040.1:3308004-3312900|-  -           1633 70516                -           1405         0 2532.6  10.1   2   3         0         0 1373.3   0.4   662  1347   819  1534   799  1547 0.93 <unknown description>
70516at5125_660027_0:001050|CP052040.1:3308004-3312900|-  -           1633 70516                -           1405         0 2532.6  10.1   3   3   2.7e-17   2.7e-17   49.9   5.7  1348  1405  1564  1632  1556  1632 0.79 <unknown description>
70516at5125_92637_0:0014c0|CP052040.1:3309323-3312840|-   -           1173 70516                -           1405         0 1677.8   0.8   1   2         0         0 1110.7   0.0     1   672    74   781    74   788 0.94 <unknown description>
70516at5125_92637_0:0014c0|CP052040.1:3309323-3312840|-   -           1173 70516                -           1405         0 1677.8   0.8   2   2  3.2e-172  3.2e-172  563.2   2.0   662   976   799  1141   779  1148 0.87 <unknown description>
70516at5125_2604345_0:001870|CP052040.1:3308004-3311004|- -           1001 70516                -           1405         0 1624.3  12.2   1   3   1.1e-62   1.1e-62  200.3   0.0   521   672     1   169     1   178 0.87 <unknown description>
70516at5125_2604345_0:001870|CP052040.1:3308004-3311004|- -           1001 70516                -           1405         0 1624.3  12.2   2   3         0         0 1374.8   0.6   663  1347   188   902   173   914 0.93 <unknown description>
70516at5125_2604345_0:001870|CP052040.1:3308004-3311004|- -           1001 70516                -           1405         0 1624.3  12.2   3   3   1.5e-17   1.5e-17   50.7   5.7  1348  1405   932  1000   924  1000 0.79 <unknown description>
70516at5125_2004951_0:0018fb|CP052040.1:3308004-3310257|- -            752 70516                -           1405         0 1369.4  17.5   1   2         0         0 1323.1   3.9   716  1348     1   654     1   666 0.95 <unknown description>
70516at5125_2004951_0:0018fb|CP052040.1:3308004-3310257|- -            752 70516                -           1405         0 1369.4  17.5   2   2   1.1e-17   1.1e-17   51.2   5.7  1348  1405   683   751   675   751 0.79 <unknown description>
70516at5125_2034170_0:0025f0|CP052040.1:3308004-3309402|- -            467 70516                -           1405  2.7e-248  815.3   9.6   1   2  3.6e-233  3.6e-233  765.2   0.1   983  1348     1   369     1   381 0.97 <unknown description>
70516at5125_2034170_0:0025f0|CP052040.1:3308004-3309402|- -            467 70516                -           1405  2.7e-248  815.3   9.6   2   2   5.3e-18   5.3e-18   52.2   5.6  1348  1405   398   466   389   466 0.79 <unknown description>
#
# Program:         hmmsearch
# Version:         3.4 (Aug 2023)
# Pipeline mode:   SEARCH
# Query file:      /home/arafat/busco_downloads/lineages/hypocreales_odb12.2/hmms/70516at5125.hmm
# Target file:     /home/arafat/Foxy_SIX_Evolution/results/busco/GCA_013085055.1/run_hypocreales_odb12.2/miniprot_output/translated_proteins/70516at5125.faa
# Option settings: hmmsearch --domtblout /home/arafat/Foxy_SIX_Evolution/results/busco/GCA_013085055.1/run_hypocreales_odb12.2/hmmer_output/70516at5125.out --cpu 1 /home/arafat/busco_downloads/lineages/hypocreales_odb12.2/hmms/70516at5125.hmm /home/arafat/Foxy_SIX_Evolution/results/busco/GCA_013085055.1/run_hypocreales_odb12.2/miniprot_output/translated_proteins/70516at5125.faa 
# Current dir:     /home/arafat/Foxy_SIX_Evolution
# Date:            Thu Sep 24 15:54:02 2026
# [ok]
