#                                                                                                                 --- full sequence --- -------------- this domain -------------   hmm coord   ali coord   env coord
# target name                                             accession   tlen query name           accession   qlen   E-value  score  bias   #  of  c-Evalue  i-Evalue  score  bias  from    to  from    to  from    to  acc description of target
#                                     ------------------- ---------- ----- -------------------- ---------- ----- --------- ------ ----- --- --- --------- --------- ------ ----- ----- ----- ----- ----- ----- ----- ---- ---------------------
70797at5125_2039875_0:000dc8|CP052038.1:2987253-2991077|+ -            945 70797                -            525         0 1078.9   0.1   1   1         0         0 1078.6   0.1     1   524   401   937   401   938 0.97 <unknown description>
70797at5125_5507_4:0003ed|CP052038.1:2989212-2991122|+    -            588 70797                -            525         0 1067.2   0.2   1   1         0         0 1067.0   0.2     1   524    21   565    21   566 0.96 <unknown description>
70797at5125_2692428_0:00067a|CP052038.1:2989212-2993487|+ -            799 70797                -            525         0 1065.9   0.2   1   1         0         0 1065.5   0.2     1   524    21   565    21   566 0.96 <unknown description>
70797at5125_117187_0:000219|CP052038.1:2989905-2991065|+  -            371 70797                -            525  2.8e-229  751.0   0.3   1   1  3.3e-229  3.3e-229  750.8   0.3   168   524     1   367     1   368 0.97 <unknown description>
70797at5125_1081108_0:000441|CP052038.1:2989318-2990346|+ -            324 70797                -            525  3.4e-186  608.9   0.1   1   1  3.8e-186  3.8e-186  608.7   0.1     1   306     7   323     7   324 0.96 <unknown description>
70797at5125_43265_0:000f4a|CP052038.1:2989309-2992308|+   -            338 70797                -            525  5.1e-186  608.3   0.1   1   1  6.4e-186  6.4e-186  608.0   0.1     1   306    10   326    10   331 0.95 <unknown description>
70797at5125_2773459_0:0006db|CP052038.1:2989324-2990094|+ -            229 70797                -            525  1.1e-124  405.9   0.0   1   1  1.4e-124  1.4e-124  405.6   0.0     1   227     5   225     5   228 0.97 <unknown description>
70797at5125_2773459_0:000709|CP052038.1:2990609-2991122|+ -            172 70797                -            525   9.2e-91  294.0   0.4   1   1     1e-90     1e-90  293.8   0.4   377   524     1   149     1   150 0.99 <unknown description>
#
# Program:         hmmsearch
# Version:         3.4 (Aug 2023)
# Pipeline mode:   SEARCH
# Query file:      /home/arafat/busco_downloads/lineages/hypocreales_odb12.2/hmms/70797at5125.hmm
# Target file:     /home/arafat/Foxy_SIX_Evolution/results/busco/GCA_013085055.1/run_hypocreales_odb12.2/miniprot_output/translated_proteins/70797at5125.faa
# Option settings: hmmsearch --domtblout /home/arafat/Foxy_SIX_Evolution/results/busco/GCA_013085055.1/run_hypocreales_odb12.2/hmmer_output/70797at5125.out --cpu 1 /home/arafat/busco_downloads/lineages/hypocreales_odb12.2/hmms/70797at5125.hmm /home/arafat/Foxy_SIX_Evolution/results/busco/GCA_013085055.1/run_hypocreales_odb12.2/miniprot_output/translated_proteins/70797at5125.faa 
# Current dir:     /home/arafat/Foxy_SIX_Evolution
# Date:            Thu Sep 24 15:53:43 2026
# [ok]
