#                                                                                                                 --- full sequence --- -------------- this domain -------------   hmm coord   ali coord   env coord
# target name                                             accession   tlen query name           accession   qlen   E-value  score  bias   #  of  c-Evalue  i-Evalue  score  bias  from    to  from    to  from    to  acc description of target
#                                     ------------------- ---------- ----- -------------------- ---------- ----- --------- ------ ----- --- --- --------- --------- ------ ----- ----- ----- ----- ----- ----- ----- ---- ---------------------
73333at5125_660027_0:001944|CP052041.1:1128773-1131216|-  -            767 73333                -            673         0 1167.9   0.0   1   2   1.1e-11   1.1e-11   33.2   0.3     4   125     7   147     4   169 0.59 <unknown description>
73333at5125_660027_0:001944|CP052041.1:1128773-1131216|-  -            767 73333                -            673         0 1167.9   0.0   2   2         0         0 1133.4   0.0    95   673   168   766   129   766 0.92 <unknown description>
73333at5125_490622_0:0026a3|CP052041.1:1128773-1136857|-  -           1242 73333                -            673         0 1164.2   0.0   1   2   4.5e-11   4.5e-11   31.2   0.2     6   124   484   621   481   637 0.58 <unknown description>
73333at5125_490622_0:0026a3|CP052041.1:1128773-1136857|-  -           1242 73333                -            673         0 1164.2   0.0   2   2         0         0 1130.7   0.0    98   673   646  1241   627  1241 0.93 <unknown description>
73333at5125_2231603_0:0023a8|CP052041.1:1128773-1141805|- -            790 73333                -            673         0 1154.5   0.0   1   2     1e-07     1e-07   20.1   0.3    58   126   105   171    91   195 0.67 <unknown description>
73333at5125_2231603_0:0023a8|CP052041.1:1128773-1141805|- -            790 73333                -            673         0 1154.5   0.0   2   2         0         0 1132.4   0.0    98   673   194   789   177   789 0.93 <unknown description>
73333at5125_413071_0:002364|CP052041.1:1128773-1130670|-  -            585 73333                -            673         0 1128.4   0.0   1   1         0         0 1128.2   0.0   110   673     1   584     1   584 0.95 <unknown description>
73333at5125_62069_0:000272|CP052041.1:1129274-1131207|-   -            597 73333                -            673  3.6e-262  861.0   0.1   1   2   8.1e-12   8.1e-12   33.7   0.3     4   125     4   144     1   165 0.59 <unknown description>
73333at5125_62069_0:000272|CP052041.1:1129274-1131207|-   -            597 73333                -            673  3.6e-262  861.0   0.1   2   2  2.6e-251  2.6e-251  825.1   0.0    98   511   168   597   152   597 0.92 <unknown description>
73333at5125_595255_0:002784|CP052041.1:1126540-1131192|-  -           1120 73333                -            673  1.4e-246  809.5  12.5   1   4   5.9e-11   5.9e-11   30.8   0.2     7   125     2   139     1   161 0.58 <unknown description>
73333at5125_595255_0:002784|CP052041.1:1126540-1131192|-  -           1120 73333                -            673  1.4e-246  809.5  12.5   2   4   2.1e-60   2.1e-60  194.3   0.4    98   239   163   320   144   321 0.79 <unknown description>
73333at5125_595255_0:002784|CP052041.1:1126540-1131192|-  -           1120 73333                -            673  1.4e-246  809.5  12.5   3   4   1.2e-86   1.2e-86  280.9   0.3   290   413   319   442   319   444 0.99 <unknown description>
73333at5125_595255_0:002784|CP052041.1:1126540-1131192|-  -           1120 73333                -            673  1.4e-246  809.5  12.5   4   4   3.5e-96   3.5e-96  312.5   0.1   487   668   444   629   442   633 0.96 <unknown description>
73333at5125_48495_0:00343e|CP052041.1:1128773-1129931|-   -            355 73333                -            673    2e-222  729.7   0.0   1   1  2.2e-222  2.2e-222  729.5   0.0   324   673     1   354     1   354 0.99 <unknown description>
73333at5125_56676_0:003785|CP052041.1:1129618-1130727|-   -            320 73333                -            673  2.8e-168  550.7   3.3   1   1  5.3e-166  5.3e-166  543.2   3.3   102   413    12   320     1   320 0.90 <unknown description>
73333at5125_195108_0:0034fa|CP052041.1:1129865-1131192|-  -            427 73333                -            673    2e-142  465.3   2.4   1   2   1.2e-11   1.2e-11   33.1   0.3     7   126     2   140     1   161 0.58 <unknown description>
73333at5125_195108_0:0034fa|CP052041.1:1129865-1131192|-  -            427 73333                -            673    2e-142  465.3   2.4   2   2  2.2e-132  2.2e-132  432.1   0.6    97   344   162   425   136   427 0.86 <unknown description>
73333at5125_1399860_1:000bfb|CP052041.1:1129256-1129807|- -            168 73333                -            673  4.7e-113  368.2   0.1   1   1  5.3e-113  5.3e-113  368.1   0.1   350   517     1   168     1   168 1.00 <unknown description>
73333at5125_42672_0:001f63|CP052041.1:1130904-1131216|-   -            105 73333                -            673   5.4e-07   17.7   0.2   1   1   8.4e-07   8.4e-07   17.1   0.2     4    74     7    83     4   105 0.58 <unknown description>
#
# Program:         hmmsearch
# Version:         3.4 (Aug 2023)
# Pipeline mode:   SEARCH
# Query file:      /home/arafat/busco_downloads/lineages/hypocreales_odb12.2/hmms/73333at5125.hmm
# Target file:     /home/arafat/Foxy_SIX_Evolution/results/busco/GCA_013085055.1/run_hypocreales_odb12.2/miniprot_output/translated_proteins/73333at5125.faa
# Option settings: hmmsearch --domtblout /home/arafat/Foxy_SIX_Evolution/results/busco/GCA_013085055.1/run_hypocreales_odb12.2/hmmer_output/73333at5125.out --cpu 1 /home/arafat/busco_downloads/lineages/hypocreales_odb12.2/hmms/73333at5125.hmm /home/arafat/Foxy_SIX_Evolution/results/busco/GCA_013085055.1/run_hypocreales_odb12.2/miniprot_output/translated_proteins/73333at5125.faa 
# Current dir:     /home/arafat/Foxy_SIX_Evolution
# Date:            Thu Sep 24 15:53:48 2026
# [ok]
