#                                                                                                                --- full sequence --- -------------- this domain -------------   hmm coord   ali coord   env coord
# target name                                            accession   tlen query name           accession   qlen   E-value  score  bias   #  of  c-Evalue  i-Evalue  score  bias  from    to  from    to  from    to  acc description of target
#                                    ------------------- ---------- ----- -------------------- ---------- ----- --------- ------ ----- --- --- --------- --------- ------ ----- ----- ----- ----- ----- ----- ----- ---- ---------------------
7497at5125_1229664_0:0034ec|CP052042.1:1511178-1512976|- -            587 7497                 -            579         0 1110.3   0.1   1   1         0         0 1110.1   0.1     2   577     6   583     5   585 0.99 <unknown description>
7497at5125_42672_0:001b14|CP052042.1:1511547-1512976|-   -            462 7497                 -            579    2e-263  864.3   0.0   1   1  2.2e-263  2.2e-263  864.1   0.0     2   458     6   462     5   462 1.00 <unknown description>
7497at5125_48865_0:0022d2|CP052038.1:6050124-6051360|-   -            360 7497                 -            579  3.7e-123  401.1   2.5   1   1  1.7e-122  1.7e-122  398.9   2.5   192   566     3   358     1   359 0.95 <unknown description>
7497at5125_1331945_0:002106|CP052038.1:6050374-6051351|- -            290 7497                 -            579  3.2e-102  332.0   0.0   1   1  3.5e-102  3.5e-102  331.8   0.0   195   482     3   290     1   290 0.95 <unknown description>
7497at5125_5507_0:000631|CP052038.1:6050169-6051054|-    -            262 7497                 -            579   2.1e-96  312.8   0.0   1   1   2.4e-96   2.4e-96  312.5   0.0   272   532     2   258     1   261 0.96 <unknown description>
7497at5125_660027_0:0002b8|CP052038.1:6050124-6050692|-  -            174 7497                 -            579   1.2e-71  231.0   5.8   1   1   9.5e-71   9.5e-71  228.0   5.8   375   566     1   172     1   173 0.97 <unknown description>
7497at5125_72712_0:001d23|CP052038.1:6050371-6051054|-   -            176 7497                 -            579   1.4e-59  191.2   0.0   1   2   4.7e-10   4.7e-10   27.6   0.0   272   334     2    63     1    71 0.86 <unknown description>
7497at5125_72712_0:001d23|CP052038.1:6050371-6051054|-   -            176 7497                 -            579   1.4e-59  191.2   0.0   2   2   4.1e-51   4.1e-51  163.2   0.5   365   482    61   175    59   175 0.95 <unknown description>
7497at5125_1089451_0:00377e|CP052038.1:6050127-6050527|- -            118 7497                 -            579   1.1e-40  128.7   8.3   1   1   1.2e-39   1.2e-39  125.3   8.3   430   566     1   117     1   118 0.96 <unknown description>
7497at5125_100902_0:004758|CP052038.1:6050868-6051159|-  -             98 7497                 -            579   7.1e-22   66.7   0.0   1   1   7.7e-22   7.7e-22   66.6   0.0   241   332     2    96     1    97 0.91 <unknown description>
7497at5125_96317_0:00039b|CP052038.1:6050868-6051054|-   -             63 7497                 -            579   7.9e-11   30.2   0.0   1   1   8.3e-11   8.3e-11   30.1   0.0   272   332     2    61     1    62 0.91 <unknown description>
#
# Program:         hmmsearch
# Version:         3.4 (Aug 2023)
# Pipeline mode:   SEARCH
# Query file:      /home/arafat/busco_downloads/lineages/hypocreales_odb12.2/hmms/7497at5125.hmm
# Target file:     /home/arafat/Foxy_SIX_Evolution/results/busco/GCA_013085055.1/run_hypocreales_odb12.2/miniprot_output/translated_proteins/7497at5125.faa
# Option settings: hmmsearch --domtblout /home/arafat/Foxy_SIX_Evolution/results/busco/GCA_013085055.1/run_hypocreales_odb12.2/hmmer_output/7497at5125.out --cpu 1 /home/arafat/busco_downloads/lineages/hypocreales_odb12.2/hmms/7497at5125.hmm /home/arafat/Foxy_SIX_Evolution/results/busco/GCA_013085055.1/run_hypocreales_odb12.2/miniprot_output/translated_proteins/7497at5125.faa 
# Current dir:     /home/arafat/Foxy_SIX_Evolution
# Date:            Thu Sep 24 15:53:51 2026
# [ok]
