#                                                                                                                 --- full sequence --- -------------- this domain -------------   hmm coord   ali coord   env coord
# target name                                             accession   tlen query name           accession   qlen   E-value  score  bias   #  of  c-Evalue  i-Evalue  score  bias  from    to  from    to  from    to  acc description of target
#                                     ------------------- ---------- ----- -------------------- ---------- ----- --------- ------ ----- --- --- --------- --------- ------ ----- ----- ----- ----- ----- ----- ----- ---- ---------------------
78683at5125_327505_0:001402|CP052039.1:3807733-3809494|+  -            496 78683                -            442  1.2e-155  507.9   8.5   1   3   1.4e-83   1.5e-83  270.2   0.0     2   291     4   291     3   307 0.89 <unknown description>
78683at5125_327505_0:001402|CP052039.1:3807733-3809494|+  -            496 78683                -            442  1.2e-155  507.9   8.5   2   3   2.2e-64   2.5e-64  206.9   2.8   277   414   305   447   295   458 0.89 <unknown description>
78683at5125_327505_0:001402|CP052039.1:3807733-3809494|+  -            496 78683                -            442  1.2e-155  507.9   8.5   3   3   1.3e-11   1.4e-11   33.0   0.8   408   441   460   493   456   494 0.96 <unknown description>
78683at5125_45235_0:000451|CP052039.1:3803153-3809494|+   -           1305 78683                -            442  2.8e-145  473.6   8.2   1   2     4e-74   4.4e-74  239.0   0.0    10   294   826  1103   819  1118 0.77 <unknown description>
78683at5125_45235_0:000451|CP052039.1:3803153-3809494|+   -           1305 78683                -            442  2.8e-145  473.6   8.2   2   2   1.9e-69   2.1e-69  223.6   9.9   277   441  1114  1302  1104  1303 0.88 <unknown description>
78683at5125_1080343_0:001522|CP052039.1:3808142-3809494|+ -            403 78683                -            442    3e-140  457.1   7.1   1   3   6.8e-68   7.5e-68  218.5   0.0    99   300     1   207     1   222 0.87 <unknown description>
78683at5125_1080343_0:001522|CP052039.1:3808142-3809494|+ -            403 78683                -            442    3e-140  457.1   7.1   2   3   1.3e-64   1.4e-64  207.7   2.7   277   415   212   355   201   367 0.89 <unknown description>
78683at5125_1080343_0:001522|CP052039.1:3808142-3809494|+ -            403 78683                -            442    3e-140  457.1   7.1   3   3   9.4e-12     1e-11   33.4   0.7   408   441   367   400   362   401 0.95 <unknown description>
78683at5125_47278_0:0007bf|CP052039.1:3808109-3811256|+   -            642 78683                -            442    7e-135  439.4   1.4   1   2   1.4e-72   1.6e-72  233.9   0.0    89   320     2   235     1   236 0.87 <unknown description>
78683at5125_47278_0:0007bf|CP052039.1:3808109-3811256|+   -            642 78683                -            442    7e-135  439.4   1.4   2   2   9.6e-64   1.1e-63  204.8   3.3   277   420   223   370   213   384 0.87 <unknown description>
78683at5125_1081104_0:0015a3|CP052039.1:3808252-3809305|+ -            334 78683                -            442  3.4e-119  387.7   1.1   1   2   1.6e-63   1.8e-63  204.0   0.0   106   294     2   195     1   210 0.88 <unknown description>
78683at5125_1081104_0:0015a3|CP052039.1:3808252-3809305|+ -            334 78683                -            442  3.4e-119  387.7   1.1   2   2   1.9e-56   2.2e-56  180.7   3.2   277   399   206   333   195   334 0.89 <unknown description>
78683at5125_2773459_0:0020b4|CP052039.1:3808711-3809494|+ -            262 78683                -            442   1.5e-82  266.9  11.3   1   3   2.1e-11   2.3e-11   32.3   0.0   236   321     2    84     1    85 0.71 <unknown description>
78683at5125_2773459_0:0020b4|CP052039.1:3808711-3809494|+ -            262 78683                -            442   1.5e-82  266.9  11.3   2   3     8e-65   8.9e-65  208.3   3.4   277   414    71   213    61   223 0.89 <unknown description>
78683at5125_2773459_0:0020b4|CP052039.1:3808711-3809494|+ -            262 78683                -            442   1.5e-82  266.9  11.3   3   3   5.3e-12   5.9e-12   34.3   0.7   408   441   226   259   222   260 0.96 <unknown description>
78683at5125_1208366_0:002f9a|CP052039.1:3807733-3809005|+ -            317 78683                -            442   2.3e-72  233.3   2.4   1   1   5.6e-71   6.3e-71  228.6   2.4     2   322     4   303     3   317 0.86 <unknown description>
78683at5125_1208366_0:0019b6|CP052039.1:3809005-3809356|+ -            118 78683                -            442   1.7e-58  187.6   1.0   1   1   1.8e-58     2e-58  187.4   1.0   302   413     1   114     1   117 0.94 <unknown description>
78683at5125_468837_0:001bfa|CP052039.1:3809122-3809494|+  -            125 78683                -            442     3e-52  167.1  11.9   1   2   5.6e-43   6.2e-43  136.3   4.4   339   415     1    77     1    88 0.94 <unknown description>
78683at5125_468837_0:001bfa|CP052039.1:3809122-3809494|+  -            125 78683                -            442     3e-52  167.1  11.9   2   2   2.4e-12   2.6e-12   35.4   1.4   408   441    89   122    80   123 0.95 <unknown description>
#
# Program:         hmmsearch
# Version:         3.4 (Aug 2023)
# Pipeline mode:   SEARCH
# Query file:      /home/arafat/busco_downloads/lineages/hypocreales_odb12.2/hmms/78683at5125.hmm
# Target file:     /home/arafat/Foxy_SIX_Evolution/results/busco/GCA_013085055.1/run_hypocreales_odb12.2/miniprot_output/translated_proteins/78683at5125.faa
# Option settings: hmmsearch --domtblout /home/arafat/Foxy_SIX_Evolution/results/busco/GCA_013085055.1/run_hypocreales_odb12.2/hmmer_output/78683at5125.out --cpu 1 /home/arafat/busco_downloads/lineages/hypocreales_odb12.2/hmms/78683at5125.hmm /home/arafat/Foxy_SIX_Evolution/results/busco/GCA_013085055.1/run_hypocreales_odb12.2/miniprot_output/translated_proteins/78683at5125.faa 
# Current dir:     /home/arafat/Foxy_SIX_Evolution
# Date:            Thu Sep 24 15:53:54 2026
# [ok]
