#                                                                                                                 --- full sequence --- -------------- this domain -------------   hmm coord   ali coord   env coord
# target name                                             accession   tlen query name           accession   qlen   E-value  score  bias   #  of  c-Evalue  i-Evalue  score  bias  from    to  from    to  from    to  acc description of target
#                                     ------------------- ---------- ----- -------------------- ---------- ----- --------- ------ ----- --- --- --------- --------- ------ ----- ----- ----- ----- ----- ----- ----- ---- ---------------------
81721at5125_1567544_0:002993|CP052039.1:1334478-1338514|+ -           1272 81721                -           1078         0 1823.0   0.0   1   2  2.1e-115  2.1e-115  375.1   0.0     3   250    97   377    95   394 0.85 <unknown description>
81721at5125_1567544_0:002993|CP052039.1:1334478-1338514|+ -           1272 81721                -           1078         0 1823.0   0.0   2   2         0         0 1446.5   0.0   233  1078   388  1271   371  1271 0.93 <unknown description>
81721at5125_2004952_0:00175d|CP052039.1:1327468-1338514|+ -           1206 81721                -           1078         0 1807.8   0.0   1   2  3.7e-110  3.7e-110  357.7   0.3     4   249    17   310    14   319 0.83 <unknown description>
81721at5125_2004952_0:00175d|CP052039.1:1327468-1338514|+ -           1206 81721                -           1078         0 1807.8   0.0   2   2         0         0 1446.6   0.0   233  1078   322  1205   308  1205 0.93 <unknown description>
81721at5125_485398_0:0023b2|CP052039.1:1335904-1338514|+  -            871 81721                -           1078         0 1445.7   0.0   1   1         0         0 1445.5   0.0   248  1078     4   870     1   870 0.94 <unknown description>
81721at5125_1736662_0:001115|CP052039.1:1334827-1337683|+ -            917 81721                -           1078         0 1303.1   0.0   1   2  1.1e-115  1.1e-115  376.0   0.0     3   250    19   299    17   318 0.85 <unknown description>
81721at5125_1736662_0:001115|CP052039.1:1334827-1337683|+ -            917 81721                -           1078         0 1303.1   0.0   2   2  1.1e-281  1.1e-281  925.7   0.0   233   808   310   917   295   917 0.91 <unknown description>
81721at5125_195108_0:001954|CP052039.1:1336912-1338514|+  -            535 81721                -           1078  5.6e-303  996.2   0.3   1   1  6.2e-303  6.2e-303  996.0   0.3   558  1078     5   534     1   534 0.97 <unknown description>
#
# Program:         hmmsearch
# Version:         3.4 (Aug 2023)
# Pipeline mode:   SEARCH
# Query file:      /home/arafat/busco_downloads/lineages/hypocreales_odb12.2/hmms/81721at5125.hmm
# Target file:     /home/arafat/Foxy_SIX_Evolution/results/busco/GCA_013085055.1/run_hypocreales_odb12.2/miniprot_output/translated_proteins/81721at5125.faa
# Option settings: hmmsearch --domtblout /home/arafat/Foxy_SIX_Evolution/results/busco/GCA_013085055.1/run_hypocreales_odb12.2/hmmer_output/81721at5125.out --cpu 1 /home/arafat/busco_downloads/lineages/hypocreales_odb12.2/hmms/81721at5125.hmm /home/arafat/Foxy_SIX_Evolution/results/busco/GCA_013085055.1/run_hypocreales_odb12.2/miniprot_output/translated_proteins/81721at5125.faa 
# Current dir:     /home/arafat/Foxy_SIX_Evolution
# Date:            Thu Sep 24 15:54:00 2026
# [ok]
