#                                                                                                                 --- full sequence --- -------------- this domain -------------   hmm coord   ali coord   env coord
# target name                                             accession   tlen query name           accession   qlen   E-value  score  bias   #  of  c-Evalue  i-Evalue  score  bias  from    to  from    to  from    to  acc description of target
#                                     ------------------- ---------- ----- -------------------- ---------- ----- --------- ------ ----- --- --- --------- --------- ------ ----- ----- ----- ----- ----- ----- ----- ---- ---------------------
82942at5125_1080343_0:0018c6|CP052038.1:2210409-2211057|- -            217 82942                -            216   2.4e-92  297.7  12.2   1   1   7.6e-91   7.6e-91  292.8  12.2     1   195     1   214     1   216 0.82 <unknown description>
82942at5125_660025_0:0020b2|CP052038.1:2210245-2211057|-  -            248 82942                -            216   1.9e-85  275.2  15.1   1   1   6.1e-84   6.1e-84  270.2  15.2     1   182     1   201     1   211 0.81 <unknown description>
82942at5125_1349383_0:0035f4|CP052038.1:2210427-2210865|- -            147 82942                -            216   4.5e-81  260.9   4.4   1   1   4.9e-81   4.9e-81  260.8   4.4    50   192     3   147     1   147 0.94 <unknown description>
82942at5125_1331945_0:0027f1|CP052038.1:2210418-2210772|- -            119 82942                -            216   7.1e-77  247.2   0.9   1   1   7.6e-77   7.6e-77  247.1   0.9    79   194     3   118     1   119 0.98 <unknown description>
82942at5125_1435070_0:000576|CP052038.1:2210418-2210697|- -             94 82942                -            216   9.5e-63  201.0   3.9   1   1     1e-62     1e-62  200.9   3.9   102   194     1    93     1    94 0.99 <unknown description>
82942at5125_42747_0:0003f9|CP052038.1:2210667-2211063|-   -            133 82942                -            216   2.5e-33  104.8  14.4   1   1   1.2e-31   1.2e-31   99.3  14.4     1   112     3   133     3   133 0.71 <unknown description>
82942at5125_86546_0:00284b|CP052038.1:2210754-2211057|-   -            102 82942                -            216   1.7e-14   43.2  13.3   1   1     1e-12     1e-12   37.5  13.3     1    82     1    99     1   102 0.64 <unknown description>
#
# Program:         hmmsearch
# Version:         3.4 (Aug 2023)
# Pipeline mode:   SEARCH
# Query file:      /home/arafat/busco_downloads/lineages/hypocreales_odb12.2/hmms/82942at5125.hmm
# Target file:     /home/arafat/Foxy_SIX_Evolution/results/busco/GCA_013085055.1/run_hypocreales_odb12.2/miniprot_output/translated_proteins/82942at5125.faa
# Option settings: hmmsearch --domtblout /home/arafat/Foxy_SIX_Evolution/results/busco/GCA_013085055.1/run_hypocreales_odb12.2/hmmer_output/82942at5125.out --cpu 1 /home/arafat/busco_downloads/lineages/hypocreales_odb12.2/hmms/82942at5125.hmm /home/arafat/Foxy_SIX_Evolution/results/busco/GCA_013085055.1/run_hypocreales_odb12.2/miniprot_output/translated_proteins/82942at5125.faa 
# Current dir:     /home/arafat/Foxy_SIX_Evolution
# Date:            Thu Sep 24 15:54:01 2026
# [ok]
