#                                                                                                                 --- full sequence --- -------------- this domain -------------   hmm coord   ali coord   env coord
# target name                                             accession   tlen query name           accession   qlen   E-value  score  bias   #  of  c-Evalue  i-Evalue  score  bias  from    to  from    to  from    to  acc description of target
#                                     ------------------- ---------- ----- -------------------- ---------- ----- --------- ------ ----- --- --- --------- --------- ------ ----- ----- ----- ----- ----- ----- ----- ---- ---------------------
88557at5125_1080343_0:001add|CP052038.1:2022501-2025328|+ -            856 88557                -            761         0 1365.8  27.7   1   2   4.2e-72   4.2e-72  231.7   3.1     1   175     1   200     1   216 0.81 <unknown description>
88557at5125_1080343_0:001add|CP052038.1:2022501-2025328|+ -            856 88557                -            761         0 1365.8  27.7   2   2         0         0 1127.3  16.8   169   760   228   853   214   854 0.90 <unknown description>
88557at5125_468837_0:000e82|CP052038.1:2023272-2025325|+  -            615 88557                -            761         0 1131.9  16.3   1   2   9.7e-14   9.7e-14   38.7   1.1   184   223     3    42     1    54 0.83 <unknown description>
88557at5125_468837_0:000e82|CP052038.1:2023272-2025325|+  -            615 88557                -            761         0 1131.9  16.3   2   2         0         0 1098.6   8.4   216   760    61   613    45   614 0.95 <unknown description>
88557at5125_1276143_0:002984|CP052038.1:2023873-2025328|+ -            486 88557                -            761  2.1e-301  989.9   7.9   1   1  2.4e-301  2.4e-301  989.8   7.9   286   760     1   483     1   484 0.97 <unknown description>
88557at5125_2692428_0:002fe1|CP052038.1:2024098-2025226|+ -            377 88557                -            761  5.9e-236  773.5   6.1   1   1  6.6e-236  6.6e-236  773.4   6.1   359   729     1   377     1   377 0.97 <unknown description>
88557at5125_57161_0:001aea|CP052038.1:2022501-2024380|+   -            540 88557                -            761  2.5e-224  735.1  17.5   1   3   2.1e-72   2.1e-72  232.7   3.3     1   175     1   200     1   215 0.81 <unknown description>
88557at5125_57161_0:001aea|CP052038.1:2022501-2024380|+   -            540 88557                -            761  2.5e-224  735.1  17.5   2   3   8.7e-16   8.7e-16   45.5   1.4   169   223   228   282   213   296 0.80 <unknown description>
88557at5125_57161_0:001aea|CP052038.1:2022501-2024380|+   -            540 88557                -            761  2.5e-224  735.1  17.5   3   3  1.4e-141  1.4e-141  461.4   0.3   216   453   301   540   285   540 0.94 <unknown description>
#
# Program:         hmmsearch
# Version:         3.4 (Aug 2023)
# Pipeline mode:   SEARCH
# Query file:      /home/arafat/busco_downloads/lineages/hypocreales_odb12.2/hmms/88557at5125.hmm
# Target file:     /home/arafat/Foxy_SIX_Evolution/results/busco/GCA_013085055.1/run_hypocreales_odb12.2/miniprot_output/translated_proteins/88557at5125.faa
# Option settings: hmmsearch --domtblout /home/arafat/Foxy_SIX_Evolution/results/busco/GCA_013085055.1/run_hypocreales_odb12.2/hmmer_output/88557at5125.out --cpu 1 /home/arafat/busco_downloads/lineages/hypocreales_odb12.2/hmms/88557at5125.hmm /home/arafat/Foxy_SIX_Evolution/results/busco/GCA_013085055.1/run_hypocreales_odb12.2/miniprot_output/translated_proteins/88557at5125.faa 
# Current dir:     /home/arafat/Foxy_SIX_Evolution
# Date:            Thu Sep 24 15:53:47 2026
# [ok]
