#                                                                                                               --- full sequence --- -------------- this domain -------------   hmm coord   ali coord   env coord
# target name                                           accession   tlen query name           accession   qlen   E-value  score  bias   #  of  c-Evalue  i-Evalue  score  bias  from    to  from    to  from    to  acc description of target
#                                   ------------------- ---------- ----- -------------------- ---------- ----- --------- ------ ----- --- --- --------- --------- ------ ----- ----- ----- ----- ----- ----- ----- ---- ---------------------
92516at5125_396571_0:002d35|CP052045.1:810518-811874|+  -            438 92516                -            429  1.3e-250  820.2   1.7   1   1  1.5e-250  1.5e-250  820.0   1.7     1   429     1   437     1   437 0.97 <unknown description>
92516at5125_595255_0:0018ad|CP052045.1:804332-811874|+  -            430 92516                -            429  2.2e-243  796.4   0.5   1   1  2.6e-243  2.6e-243  796.1   0.5    25   429    24   429    14   429 0.99 <unknown description>
92516at5125_1330021_0:00202d|CP052045.1:798648-811874|+ -            458 92516                -            429  1.5e-242  793.6   0.3   1   1  1.7e-242  1.7e-242  793.4   0.3    26   429    53   457    37   457 0.98 <unknown description>
92516at5125_96774_0:0001dc|CP052045.1:811067-811874|+   -            270 92516                -            429  5.4e-170  554.6   0.3   1   1    6e-170    6e-170  554.4   0.3   161   429     1   269     1   269 1.00 <unknown description>
92516at5125_490622_0:0025c8|CP052045.1:810518-811418|+  -            286 92516                -            429  1.1e-154  504.1   3.3   1   1  1.2e-154  1.2e-154  504.0   3.3     1   278     1   286     1   286 0.96 <unknown description>
92516at5125_490622_0:0028ab|CP052045.1:811400-811874|+  -            159 92516                -            429   3.4e-95  308.1   0.1   1   1   3.7e-95   3.7e-95  308.0   0.1   272   429     1   158     1   158 1.00 <unknown description>
92516at5125_96774_0:000c0a|CP052045.1:810518-811025|+   -            170 92516                -            429   6.6e-76  244.5   1.8   1   1   7.3e-76   7.3e-76  244.4   1.8     1   161     1   169     1   170 0.93 <unknown description>
#
# Program:         hmmsearch
# Version:         3.4 (Aug 2023)
# Pipeline mode:   SEARCH
# Query file:      /home/arafat/busco_downloads/lineages/hypocreales_odb12.2/hmms/92516at5125.hmm
# Target file:     /home/arafat/Foxy_SIX_Evolution/results/busco/GCA_013085055.1/run_hypocreales_odb12.2/miniprot_output/translated_proteins/92516at5125.faa
# Option settings: hmmsearch --domtblout /home/arafat/Foxy_SIX_Evolution/results/busco/GCA_013085055.1/run_hypocreales_odb12.2/hmmer_output/92516at5125.out --cpu 1 /home/arafat/busco_downloads/lineages/hypocreales_odb12.2/hmms/92516at5125.hmm /home/arafat/Foxy_SIX_Evolution/results/busco/GCA_013085055.1/run_hypocreales_odb12.2/miniprot_output/translated_proteins/92516at5125.faa 
# Current dir:     /home/arafat/Foxy_SIX_Evolution
# Date:            Thu Sep 24 15:53:54 2026
# [ok]
