#                                                                                                                 --- full sequence --- -------------- this domain -------------   hmm coord   ali coord   env coord
# target name                                             accession   tlen query name           accession   qlen   E-value  score  bias   #  of  c-Evalue  i-Evalue  score  bias  from    to  from    to  from    to  acc description of target
#                                     ------------------- ---------- ----- -------------------- ---------- ----- --------- ------ ----- --- --- --------- --------- ------ ----- ----- ----- ----- ----- ----- ----- ---- ---------------------
93668at5125_72712_0:00366a|CP052041.1:2879704-2882762|-   -            989 93668                -            936         0 1744.6  11.9   1   1         0         0 1744.4  11.9     1   936    69   988    69   988 0.95 <unknown description>
93668at5125_660122_0:0008c5|CP052041.1:2880133-2882558|-  -            774 93668                -            936         0 1559.5   7.4   1   1         0         0 1558.7   7.4     1   793     1   774     1   774 0.98 <unknown description>
93668at5125_451672_0:0045a7|CP052041.1:2879704-2881809|-  -            687 93668                -            936         0 1203.9  14.0   1   1         0         0 1203.7  14.0   235   936     1   686     1   686 0.93 <unknown description>
93668at5125_983965_0:001663|CP052041.1:2881065-2882558|-  -            483 93668                -            936         0 1074.3   5.0   1   1         0         0 1074.2   5.0     1   480     1   480     1   483 1.00 <unknown description>
93668at5125_62069_0:00116d|CP052041.1:2879791-2881021|-   -            411 93668                -            936  3.8e-188  616.5   9.1   1   1  4.4e-188  4.4e-188  616.3   9.1   482   898     1   407     1   411 0.90 <unknown description>
93668at5125_2885761_0:000cfa|CP052041.1:2880995-2881809|- -            272 93668                -            936  4.4e-163  533.6   7.0   1   1  5.3e-163  5.3e-163  533.3   7.0   235   481     1   247     1   250 0.99 <unknown description>
93668at5125_451672_0:0045d1|CP052041.1:2881886-2882558|-  -            225 93668                -            936  3.8e-137  447.8   0.2   1   1  4.4e-137  4.4e-137  447.5   0.2     1   202     1   202     1   218 0.99 <unknown description>
#
# Program:         hmmsearch
# Version:         3.4 (Aug 2023)
# Pipeline mode:   SEARCH
# Query file:      /home/arafat/busco_downloads/lineages/hypocreales_odb12.2/hmms/93668at5125.hmm
# Target file:     /home/arafat/Foxy_SIX_Evolution/results/busco/GCA_013085055.1/run_hypocreales_odb12.2/miniprot_output/translated_proteins/93668at5125.faa
# Option settings: hmmsearch --domtblout /home/arafat/Foxy_SIX_Evolution/results/busco/GCA_013085055.1/run_hypocreales_odb12.2/hmmer_output/93668at5125.out --cpu 1 /home/arafat/busco_downloads/lineages/hypocreales_odb12.2/hmms/93668at5125.hmm /home/arafat/Foxy_SIX_Evolution/results/busco/GCA_013085055.1/run_hypocreales_odb12.2/miniprot_output/translated_proteins/93668at5125.faa 
# Current dir:     /home/arafat/Foxy_SIX_Evolution
# Date:            Thu Sep 24 15:53:56 2026
# [ok]
