#                                                                                                                 --- full sequence --- -------------- this domain -------------   hmm coord   ali coord   env coord
# target name                                             accession   tlen query name           accession   qlen   E-value  score  bias   #  of  c-Evalue  i-Evalue  score  bias  from    to  from    to  from    to  acc description of target
#                                     ------------------- ---------- ----- -------------------- ---------- ----- --------- ------ ----- --- --- --------- --------- ------ ----- ----- ----- ----- ----- ----- ----- ---- ---------------------
95427at5125_1089448_0:000790|CP052041.1:1751755-1753711|- -            585 95427                -            472  7.6e-227  742.7  12.6   1   2  3.7e-220  3.7e-220  720.6   6.9     6   431    30   499    26   513 0.93 <unknown description>
95427at5125_1089448_0:000790|CP052041.1:1751755-1753711|- -            585 95427                -            472  7.6e-227  742.7  12.6   2   2   4.4e-06   4.4e-06   14.8   0.4   419   472   511   567   502   567 0.76 <unknown description>
95427at5125_2010991_0:0009c7|CP052041.1:1751755-1754242|- -            680 95427                -            472    2e-226  741.3  12.6   1   2  6.5e-220  6.5e-220  719.9   7.0     6   431   125   594   121   608 0.93 <unknown description>
95427at5125_2010991_0:0009c7|CP052041.1:1751755-1754242|- -            680 95427                -            472    2e-226  741.3  12.6   2   2   5.4e-06   5.4e-06   14.5   0.4   419   472   606   662   597   662 0.76 <unknown description>
95427at5125_660027_0:001aeb|CP052041.1:1751755-1755730|-  -            772 95427                -            472  4.7e-226  740.1  12.8   1   2    6e-220    6e-220  720.0   6.2     6   431   217   686   213   694 0.93 <unknown description>
95427at5125_660027_0:001aeb|CP052041.1:1751755-1755730|-  -            772 95427                -            472  4.7e-226  740.1  12.8   2   2   6.4e-06   6.4e-06   14.2   0.4   419   472   698   754   689   754 0.76 <unknown description>
95427at5125_877507_0:000509|CP052041.1:1752114-1753642|-  -            477 95427                -            472  6.3e-224  733.1   6.6   1   1  2.1e-220  2.1e-220  721.4   6.6     6   427     7   471     3   477 0.93 <unknown description>
95427at5125_1806559_0:000251|CP052041.1:1743164-1753642|- -            549 95427                -            472  6.5e-224  733.0   6.7   1   1  1.9e-220  1.9e-220  721.6   6.7     6   432     7   477     3   493 0.93 <unknown description>
95427at5125_150374_0:000abd|CP052041.1:1751776-1753138|-  -            361 95427                -            472  1.5e-176  576.8   1.9   1   2   1.2e-80   1.2e-80  260.7   0.0   163   286     2   125     1   136 0.97 <unknown description>
95427at5125_150374_0:000abd|CP052041.1:1751776-1753138|-  -            361 95427                -            472  1.5e-176  576.8   1.9   2   2   2.8e-96   2.8e-96  312.2   0.5   281   472   139   350   135   350 0.94 <unknown description>
95427at5125_92637_0:00051b|CP052041.1:1752588-1753678|-   -            347 95427                -            472  4.4e-140  456.6   0.3   1   1  5.7e-140  5.7e-140  456.3   0.3     6   286    19   305    15   316 0.94 <unknown description>
95427at5125_195108_0:000a13|CP052041.1:1752856-1753693|-  -            280 95427                -            472    1e-115  376.3   1.6   1   1  1.2e-115  1.2e-115  376.0   1.6     6   255    24   279    20   279 0.94 <unknown description>
95427at5125_195108_0:000a4a|CP052041.1:1751755-1752766|-  -            287 95427                -            472   6.4e-98  317.6  14.1   1   3   2.3e-09   2.3e-09   25.6   0.6   269   286     1    18     1    28 0.92 <unknown description>
95427at5125_195108_0:000a4a|CP052041.1:1751755-1752766|-  -            287 95427                -            472   6.4e-98  317.6  14.1   2   3   1.2e-86   1.2e-86  280.4   1.2   281   430    32   200    28   207 0.92 <unknown description>
95427at5125_195108_0:000a4a|CP052041.1:1751755-1752766|-  -            287 95427                -            472   6.4e-98  317.6  14.1   3   3   1.4e-06   1.4e-06   16.4   0.3   418   472   212   269   202   269 0.76 <unknown description>
#
# Program:         hmmsearch
# Version:         3.4 (Aug 2023)
# Pipeline mode:   SEARCH
# Query file:      /home/arafat/busco_downloads/lineages/hypocreales_odb12.2/hmms/95427at5125.hmm
# Target file:     /home/arafat/Foxy_SIX_Evolution/results/busco/GCA_013085055.1/run_hypocreales_odb12.2/miniprot_output/translated_proteins/95427at5125.faa
# Option settings: hmmsearch --domtblout /home/arafat/Foxy_SIX_Evolution/results/busco/GCA_013085055.1/run_hypocreales_odb12.2/hmmer_output/95427at5125.out --cpu 1 /home/arafat/busco_downloads/lineages/hypocreales_odb12.2/hmms/95427at5125.hmm /home/arafat/Foxy_SIX_Evolution/results/busco/GCA_013085055.1/run_hypocreales_odb12.2/miniprot_output/translated_proteins/95427at5125.faa 
# Current dir:     /home/arafat/Foxy_SIX_Evolution
# Date:            Thu Sep 24 15:53:58 2026
# [ok]
