#                                                                                                                 --- full sequence --- -------------- this domain -------------   hmm coord   ali coord   env coord
# target name                                             accession   tlen query name           accession   qlen   E-value  score  bias   #  of  c-Evalue  i-Evalue  score  bias  from    to  from    to  from    to  acc description of target
#                                     ------------------- ---------- ----- -------------------- ---------- ----- --------- ------ ----- --- --- --------- --------- ------ ----- ----- ----- ----- ----- ----- ----- ---- ---------------------
96036at5125_72712_0:000819|CP052040.1:1153992-1156317|+   -            776 96036                -            648         0 1016.6  25.3   1   3  8.9e-302  8.9e-302  989.7   3.8     2   584     3   626     2   656 0.94 <unknown description>
96036at5125_72712_0:000819|CP052040.1:1153992-1156317|+   -            776 96036                -            648         0 1016.6  25.3   2   3   2.9e-05   2.9e-05   10.0   0.2   595   625   693   725   677   729 0.75 <unknown description>
96036at5125_72712_0:000819|CP052040.1:1153992-1156317|+   -            776 96036                -            648         0 1016.6  25.3   3   3   6.3e-08   6.3e-08   18.8   8.7   621   648   743   770   733   771 0.86 <unknown description>
96036at5125_1344414_0:001333|CP052040.1:1154166-1155846|+ -            561 96036                -            648  2.5e-274  899.0   5.0   1   2   2.3e-26   2.3e-26   79.8   0.2    57   105     1    49     1    55 0.97 <unknown description>
96036at5125_1344414_0:001333|CP052040.1:1154166-1155846|+ -            561 96036                -            648  2.5e-274  899.0   5.0   2   2  7.9e-251  7.9e-251  821.4   0.9   104   576    71   560    53   561 0.95 <unknown description>
96036at5125_911162_0:001b27|CP052040.1:1155621-1156314|+  -            232 96036                -            648   1.4e-54  173.0  14.9   1   3   2.5e-45   2.5e-45  142.4   0.0   502   584     1    83     1   118 0.88 <unknown description>
96036at5125_911162_0:001b27|CP052040.1:1155621-1156314|+  -            232 96036                -            648   1.4e-54  173.0  14.9   2   3   5.5e-06   5.5e-06   12.4   0.1   595   625   150   182   132   186 0.75 <unknown description>
96036at5125_911162_0:001b27|CP052040.1:1155621-1156314|+  -            232 96036                -            648   1.4e-54  173.0  14.9   3   3   1.4e-08   1.4e-08   21.0   8.7   621   648   200   227   190   228 0.85 <unknown description>
#
# Program:         hmmsearch
# Version:         3.4 (Aug 2023)
# Pipeline mode:   SEARCH
# Query file:      /home/arafat/busco_downloads/lineages/hypocreales_odb12.2/hmms/96036at5125.hmm
# Target file:     /home/arafat/Foxy_SIX_Evolution/results/busco/GCA_013085055.1/run_hypocreales_odb12.2/miniprot_output/translated_proteins/96036at5125.faa
# Option settings: hmmsearch --domtblout /home/arafat/Foxy_SIX_Evolution/results/busco/GCA_013085055.1/run_hypocreales_odb12.2/hmmer_output/96036at5125.out --cpu 1 /home/arafat/busco_downloads/lineages/hypocreales_odb12.2/hmms/96036at5125.hmm /home/arafat/Foxy_SIX_Evolution/results/busco/GCA_013085055.1/run_hypocreales_odb12.2/miniprot_output/translated_proteins/96036at5125.faa 
# Current dir:     /home/arafat/Foxy_SIX_Evolution
# Date:            Thu Sep 24 15:53:59 2026
# [ok]
