#                                                                                                                 --- full sequence --- -------------- this domain -------------   hmm coord   ali coord   env coord
# target name                                             accession   tlen query name           accession   qlen   E-value  score  bias   #  of  c-Evalue  i-Evalue  score  bias  from    to  from    to  from    to  acc description of target
#                                     ------------------- ---------- ----- -------------------- ---------- ----- --------- ------ ----- --- --- --------- --------- ------ ----- ----- ----- ----- ----- ----- ----- ---- ---------------------
96220at5125_1080343_0:0032d3|CP052039.1:1525931-1529131|+ -            982 96220                -            945         0 1836.6  15.1   1   1         0         0 1836.3  15.1     3   943     4   958     2   960 0.98 <unknown description>
96220at5125_282569_0:001a63|CP052039.1:1523544-1529131|+  -           1462 96220                -            945         0 1834.6  15.1   1   1         0         0 1834.3  15.1     3   943   484  1438   482  1440 0.98 <unknown description>
96220at5125_1806559_0:0000ec|CP052039.1:1525946-1529945|+ -            986 96220                -            945         0 1833.3  15.2   1   1         0         0 1833.0  15.2     5   943     1   953     1   955 0.98 <unknown description>
96220at5125_1859967_0:000ec1|CP052039.1:1525931-1538187|+ -           2601 96220                -            945         0 1832.6  15.1   1   1         0         0 1832.3  15.1     3   943     4   958     2   960 0.98 <unknown description>
96220at5125_268505_0:0001d1|CP052039.1:1526518-1529053|+  -            779 96220                -            945         0 1437.9  18.0   1   1         0         0 1437.6  18.0   175   941     1   779     1   779 0.98 <unknown description>
96220at5125_655844_0:002af1|CP052039.1:1525931-1528307|+  -            707 96220                -            945         0 1347.3   5.2   1   1         0         0 1346.7   5.2     3   720     4   706     2   707 1.00 <unknown description>
96220at5125_2004952_0:0003d8|CP052039.1:1525931-1527736|+ -            584 96220                -            945         0 1160.7   1.1   1   1         0         0 1160.4   1.1     3   576     4   579     2   582 0.99 <unknown description>
96220at5125_93591_0:00047d|CP052039.1:1527028-1529092|+   -            622 96220                -            945         0 1043.8  25.4   1   1         0         0 1043.6  25.4   345   943     1   611     1   613 0.97 <unknown description>
96220at5125_1043627_0:002bd2|CP052039.1:1525931-1527289|+ -            435 96220                -            945  1.7e-275  905.8   0.8   1   1  1.9e-275  1.9e-275  905.7   0.8     3   432     4   435     2   435 0.99 <unknown description>
96220at5125_150374_0:0013c2|CP052039.1:1528426-1529110|+  -            229 96220                -            945  2.3e-115  375.9  13.7   1   1    3e-115    3e-115  375.5  13.7   744   943     1   212     1   214 0.92 <unknown description>
96220at5125_2692428_0:003769|CP052039.1:1528603-1529053|+ -            151 96220                -            945   2.4e-91  296.4  13.2   1   1   2.6e-91   2.6e-91  296.2  13.2   794   941     4   151     1   151 0.99 <unknown description>
#
# Program:         hmmsearch
# Version:         3.4 (Aug 2023)
# Pipeline mode:   SEARCH
# Query file:      /home/arafat/busco_downloads/lineages/hypocreales_odb12.2/hmms/96220at5125.hmm
# Target file:     /home/arafat/Foxy_SIX_Evolution/results/busco/GCA_013085055.1/run_hypocreales_odb12.2/miniprot_output/translated_proteins/96220at5125.faa
# Option settings: hmmsearch --domtblout /home/arafat/Foxy_SIX_Evolution/results/busco/GCA_013085055.1/run_hypocreales_odb12.2/hmmer_output/96220at5125.out --cpu 1 /home/arafat/busco_downloads/lineages/hypocreales_odb12.2/hmms/96220at5125.hmm /home/arafat/Foxy_SIX_Evolution/results/busco/GCA_013085055.1/run_hypocreales_odb12.2/miniprot_output/translated_proteins/96220at5125.faa 
# Current dir:     /home/arafat/Foxy_SIX_Evolution
# Date:            Thu Sep 24 15:54:00 2026
# [ok]
