#                                                                                                                 --- full sequence --- -------------- this domain -------------   hmm coord   ali coord   env coord
# target name                                             accession   tlen query name           accession   qlen   E-value  score  bias   #  of  c-Evalue  i-Evalue  score  bias  from    to  from    to  from    to  acc description of target
#                                     ------------------- ---------- ----- -------------------- ---------- ----- --------- ------ ----- --- --- --------- --------- ------ ----- ----- ----- ----- ----- ----- ----- ---- ---------------------
97056at5125_48484_0:001b93|CP052046.1:1039018-1041115|-   -            652 97056                -            605         0 1319.1   0.0   1   1         0         0 1317.7   0.0     2   605    21   651    20   651 0.97 <unknown description>
97056at5125_5507_1:000af4|CP052046.1:1037992-1041115|-    -            785 97056                -            605         0 1318.9   0.0   1   1         0         0 1318.6   0.0     2   596    21   627    20   632 0.98 <unknown description>
97056at5125_2686198_0:00091f|CP052046.1:1034748-1041115|- -           1224 97056                -            605         0 1315.8   0.0   1   1         0         0 1315.4   0.0     2   595    21   626    20   631 0.98 <unknown description>
97056at5125_2874508_0:0009bd|CP052046.1:1036109-1040989|- -           1211 97056                -            605         0 1295.6   0.0   1   1         0         0 1295.2   0.0    21   600     2   589     1   594 0.98 <unknown description>
97056at5125_1081102_0:00235b|CP052046.1:1039018-1044052|- -            641 97056                -            605         0 1206.0   0.1   1   2  1.6e-100  1.6e-100  327.2   0.0     2   167    74   249    73   251 0.94 <unknown description>
97056at5125_1081102_0:00235b|CP052046.1:1039018-1044052|- -            641 97056                -            605         0 1206.0   0.1   2   2  3.7e-267  3.7e-267  877.6   0.0   217   605   251   640   249   640 1.00 <unknown description>
97056at5125_1399860_1:0007be|CP052046.1:1039395-1041046|- -            505 97056                -            605         0 1084.9   0.0   1   1         0         0 1084.7   0.0     5   495     1   503     1   505 0.98 <unknown description>
97056at5125_426428_0:003c84|CP052046.1:1039018-1040542|-  -            461 97056                -            605         0 1033.5   0.0   1   1         0         0 1033.3   0.0   148   605     1   460     1   460 1.00 <unknown description>
97056at5125_56676_0:00379c|CP052046.1:1039018-1040234|-   -            374 97056                -            605  1.5e-253  832.6   0.0   1   1  1.8e-253  1.8e-253  832.4   0.0   238   605     5   373     2   373 0.99 <unknown description>
97056at5125_468837_0:000e58|CP052046.1:1039824-1041133|-  -            391 97056                -            605    2e-228  749.7   0.0   1   1  2.3e-228  2.3e-228  749.4   0.0     2   354    27   391    26   391 0.97 <unknown description>
97056at5125_2559230_0:001175|CP052046.1:1039021-1039872|- -            268 97056                -            605    1e-184  605.3   0.0   1   1  1.2e-184  1.2e-184  605.1   0.0   338   605     1   268     1   268 1.00 <unknown description>
97056at5125_1042133_0:002864|CP052046.1:1039653-1040581|- -            279 97056                -            605  4.3e-184  603.2   0.0   1   1  4.8e-184  4.8e-184  603.1   0.0   135   411     1   279     1   279 0.99 <unknown description>
97056at5125_1325734_0:002b22|CP052046.1:1040174-1040956|- -            231 97056                -            605  6.5e-147  480.4   0.0   1   1  7.3e-147  7.3e-147  480.3   0.0    31   253     1   231     1   231 0.98 <unknown description>
97056at5125_56676_0:00360e|CP052046.1:1040329-1041115|-   -            248 97056                -            605  1.4e-136  446.4   0.0   1   1  1.6e-136  1.6e-136  446.1   0.0     2   217    21   246    20   248 0.95 <unknown description>
97056at5125_2004951_0:001865|CP052046.1:1039018-1039614|- -            183 97056                -            605  2.8e-130  425.5   0.3   1   1  3.1e-130  3.1e-130  425.3   0.3   424   605     1   182     1   182 1.00 <unknown description>
97056at5125_307937_0:000b46|CP052039.1:4331011-4332779|+  -            570 97056                -            605   1.2e-96  314.4   1.6   1   2   7.8e-78   7.8e-78  252.3   0.2    31   397     1   382     1   383 0.85 <unknown description>
97056at5125_307937_0:000b46|CP052039.1:4331011-4332779|+  -            570 97056                -            605   1.2e-96  314.4   1.6   2   2   6.8e-20   6.8e-20   61.0   0.1   418   590   381   564   378   568 0.83 <unknown description>
97056at5125_1399860_1:00050e|CP052046.1:1039018-1039366|- -            117 97056                -            605   1.9e-72  234.5   0.1   1   1   2.2e-72   2.2e-72  234.3   0.1   494   605     5   116     2   116 0.99 <unknown description>
97056at5125_1567539_0:0026e7|CP052043.1:2851766-2852450|- -            211 97056                -            605   7.1e-47  150.1   0.0   1   1   7.8e-47   7.8e-47  149.9   0.0    53   258     2   211     1   211 0.91 <unknown description>
97056at5125_1567539_0:0026e7|CP052039.1:4331047-4331759|+ -            220 97056                -            605   2.1e-43  138.6   0.0   1   1   2.3e-43   2.3e-43  138.5   0.0    43   257     1   219     1   220 0.87 <unknown description>
#
# Program:         hmmsearch
# Version:         3.4 (Aug 2023)
# Pipeline mode:   SEARCH
# Query file:      /home/arafat/busco_downloads/lineages/hypocreales_odb12.2/hmms/97056at5125.hmm
# Target file:     /home/arafat/Foxy_SIX_Evolution/results/busco/GCA_013085055.1/run_hypocreales_odb12.2/miniprot_output/translated_proteins/97056at5125.faa
# Option settings: hmmsearch --domtblout /home/arafat/Foxy_SIX_Evolution/results/busco/GCA_013085055.1/run_hypocreales_odb12.2/hmmer_output/97056at5125.out --cpu 1 /home/arafat/busco_downloads/lineages/hypocreales_odb12.2/hmms/97056at5125.hmm /home/arafat/Foxy_SIX_Evolution/results/busco/GCA_013085055.1/run_hypocreales_odb12.2/miniprot_output/translated_proteins/97056at5125.faa 
# Current dir:     /home/arafat/Foxy_SIX_Evolution
# Date:            Thu Sep 24 15:54:02 2026
# [ok]
