#                                                                                                                 --- full sequence --- -------------- this domain -------------   hmm coord   ali coord   env coord
# target name                                             accession   tlen query name           accession   qlen   E-value  score  bias   #  of  c-Evalue  i-Evalue  score  bias  from    to  from    to  from    to  acc description of target
#                                     ------------------- ---------- ----- -------------------- ---------- ----- --------- ------ ----- --- --- --------- --------- ------ ----- ----- ----- ----- ----- ----- ----- ---- ---------------------
97744at5125_1247861_0:001602|CP052045.1:2843966-2844386|- -            141 97744                -            138   1.3e-86  276.5   1.1   1   1   1.5e-86   1.5e-86  276.3   1.1     2   138     3   139     2   139 0.99 <unknown description>
97744at5125_948311_0:002cd5|CP052045.1:2843966-2844715|-  -            230 97744                -            138     6e-86  274.3   1.3   1   1   7.8e-86   7.8e-86  274.0   1.3     2   138    92   228    91   228 0.99 <unknown description>
97744at5125_327505_0:002c3a|CP052045.1:2843966-2846531|-  -            239 97744                -            138   6.9e-86  274.1   1.3   1   1   8.6e-86   8.6e-86  273.8   1.3     2   138   101   237   100   237 0.99 <unknown description>
97744at5125_42677_0:00028d|CP052045.1:2843966-2845685|-   -            413 97744                -            138   1.1e-85  273.5   1.5   1   1   1.4e-85   1.4e-85  273.1   1.5     1   138   274   411   274   411 1.00 <unknown description>
97744at5125_78410_0:0003ea|CP052045.1:2843966-2845236|-   -            351 97744                -            138   1.7e-85  272.8   1.3   1   1   2.2e-85   2.2e-85  272.5   1.3     2   138   213   349   212   349 0.99 <unknown description>
97744at5125_12942_0:001510|CP052045.1:2842091-2844712|-   -            370 97744                -            138     2e-85  272.6   1.1   1   1   3.7e-85   3.7e-85  271.8   1.1     1   137    24   160    24   161 0.99 <unknown description>
97744at5125_150374_0:000829|CP052045.1:2843966-2849499|-  -            115 97744                -            138   3.2e-54  171.5   3.5   1   1   3.5e-54   3.5e-54  171.4   3.5    45   138    20   113     4   113 0.95 <unknown description>
97744at5125_468837_0:001167|CP052045.1:2843969-2844146|-  -             60 97744                -            138   1.6e-34  107.7   2.6   1   1   1.7e-34   1.7e-34  107.6   2.6    80   138     1    59     1    59 0.99 <unknown description>
#
# Program:         hmmsearch
# Version:         3.4 (Aug 2023)
# Pipeline mode:   SEARCH
# Query file:      /home/arafat/busco_downloads/lineages/hypocreales_odb12.2/hmms/97744at5125.hmm
# Target file:     /home/arafat/Foxy_SIX_Evolution/results/busco/GCA_013085055.1/run_hypocreales_odb12.2/miniprot_output/translated_proteins/97744at5125.faa
# Option settings: hmmsearch --domtblout /home/arafat/Foxy_SIX_Evolution/results/busco/GCA_013085055.1/run_hypocreales_odb12.2/hmmer_output/97744at5125.out --cpu 1 /home/arafat/busco_downloads/lineages/hypocreales_odb12.2/hmms/97744at5125.hmm /home/arafat/Foxy_SIX_Evolution/results/busco/GCA_013085055.1/run_hypocreales_odb12.2/miniprot_output/translated_proteins/97744at5125.faa 
# Current dir:     /home/arafat/Foxy_SIX_Evolution
# Date:            Thu Sep 24 15:54:02 2026
# [ok]
