#                                                                                                               --- full sequence --- -------------- this domain -------------   hmm coord   ali coord   env coord
# target name                                           accession   tlen query name           accession   qlen   E-value  score  bias   #  of  c-Evalue  i-Evalue  score  bias  from    to  from    to  from    to  acc description of target
#                                   ------------------- ---------- ----- -------------------- ---------- ----- --------- ------ ----- --- --- --------- --------- ------ ----- ----- ----- ----- ----- ----- ----- ---- ---------------------
99494at5125_2502994_0:0011df|CP052045.1:961465-963631|+ -            463 99494                -            429  2.3e-256  839.7   0.0   1   1  2.9e-256  2.9e-256  839.3   0.0     3   428    21   456    18   457 0.97 <unknown description>
99494at5125_5046_0:0017b0|CP052045.1:962257-969749|+    -            481 99494                -            429  2.5e-256  839.5   0.0   1   1  3.3e-256  3.3e-256  839.2   0.0     3   428    17   452    13   453 0.97 <unknown description>
99494at5125_660027_0:002c54|CP052045.1:962098-963631|+  -            496 99494                -            429  2.8e-256  839.4   0.0   1   1  3.6e-256  3.6e-256  839.0   0.0     3   428    54   489    50   490 0.97 <unknown description>
99494at5125_1081103_0:001e76|CP052045.1:962170-972372|+ -            501 99494                -            429  2.9e-256  839.3   0.0   1   1  3.8e-256  3.8e-256  839.0   0.0     3   428    46   481    42   482 0.97 <unknown description>
99494at5125_1079267_0:0014b2|CP052045.1:960248-963631|+ -            512 99494                -            429  3.1e-256  839.2   0.0   1   1  4.1e-256  4.1e-256  838.8   0.0     3   428    70   505    66   506 0.97 <unknown description>
99494at5125_1491008_0:0020e9|CP052045.1:959363-963616|+ -            546 99494                -            429  3.9e-256  838.9   0.0   1   1  5.1e-256  5.1e-256  838.5   0.0     3   428   109   544   105   545 0.97 <unknown description>
99494at5125_1344414_0:002274|CP052045.1:953270-963622|+ -            557 99494                -            429  4.1e-256  838.8   0.0   1   1  5.5e-256  5.5e-256  838.4   0.0     3   428   118   553   114   554 0.97 <unknown description>
99494at5125_431241_0:002079|CP052045.1:962443-963622|+  -            394 99494                -            429  2.7e-236  773.5   0.0   1   1  3.3e-236  3.3e-236  773.2   0.0    49   428     1   390     1   391 0.97 <unknown description>
99494at5125_63577_0:002fae|CP052045.1:962698-963625|+   -            310 99494                -            429  1.7e-179  586.4   0.1   1   1    2e-179    2e-179  586.1   0.1   134   428     1   305     1   306 0.96 <unknown description>
99494at5125_2004951_0:0018cb|CP052045.1:962254-962743|+ -            164 99494                -            429   5.6e-84  271.7   0.2   1   1   6.6e-84   6.6e-84  271.4   0.2     3   149    18   164    14   164 0.97 <unknown description>
#
# Program:         hmmsearch
# Version:         3.4 (Aug 2023)
# Pipeline mode:   SEARCH
# Query file:      /home/arafat/busco_downloads/lineages/hypocreales_odb12.2/hmms/99494at5125.hmm
# Target file:     /home/arafat/Foxy_SIX_Evolution/results/busco/GCA_013085055.1/run_hypocreales_odb12.2/miniprot_output/translated_proteins/99494at5125.faa
# Option settings: hmmsearch --domtblout /home/arafat/Foxy_SIX_Evolution/results/busco/GCA_013085055.1/run_hypocreales_odb12.2/hmmer_output/99494at5125.out --cpu 1 /home/arafat/busco_downloads/lineages/hypocreales_odb12.2/hmms/99494at5125.hmm /home/arafat/Foxy_SIX_Evolution/results/busco/GCA_013085055.1/run_hypocreales_odb12.2/miniprot_output/translated_proteins/99494at5125.faa 
# Current dir:     /home/arafat/Foxy_SIX_Evolution
# Date:            Thu Sep 24 15:54:04 2026
# [ok]
