#                                                                                                                      --- full sequence --- -------------- this domain -------------   hmm coord   ali coord   env coord
# target name                                                  accession   tlen query name           accession   qlen   E-value  score  bias   #  of  c-Evalue  i-Evalue  score  bias  from    to  from    to  from    to  acc description of target
#                                          ------------------- ---------- ----- -------------------- ---------- ----- --------- ------ ----- --- --- --------- --------- ------ ----- ----- ----- ----- ----- ----- ----- ---- ---------------------
100016at5125_1080343_0:0004fd|MRCU01000005.1:3282149-3283394|- -            397 100016               -            320  1.3e-197  644.5   2.8   1   2  1.7e-103  1.7e-103  335.3   0.1     4   174    53   223    50   232 0.97 <unknown description>
100016at5125_1080343_0:0004fd|MRCU01000005.1:3282149-3283394|- -            397 100016               -            320  1.3e-197  644.5   2.8   2   2   1.5e-95   1.5e-95  309.2   0.5   167   320   243   396   236   396 0.99 <unknown description>
100016at5125_78864_0:00351a|MRCU01000005.1:3282149-3283888|-   -            520 100016               -            320  2.7e-197  643.5   4.4   1   3      0.13      0.13    0.5   0.0   180   221   117   158    72   172 0.71 <unknown description>
100016at5125_78864_0:00351a|MRCU01000005.1:3282149-3283888|-   -            520 100016               -            320  2.7e-197  643.5   4.4   2   3  3.1e-103  3.1e-103  334.5   0.1     4   174   176   346   173   355 0.97 <unknown description>
100016at5125_78864_0:00351a|MRCU01000005.1:3282149-3283888|-   -            520 100016               -            320  2.7e-197  643.5   4.4   3   3   2.7e-95   2.7e-95  308.4   0.5   167   320   366   519   359   519 0.99 <unknown description>
100016at5125_1567552_0:003057|MRCU01000005.1:3279224-3283385|- -            778 100016               -            320  9.5e-195  635.1   2.2   1   2  6.5e-103  6.5e-103  333.4   0.1     4   174    50   220    47   228 0.97 <unknown description>
100016at5125_1567552_0:003057|MRCU01000005.1:3279224-3283385|- -            778 100016               -            320  9.5e-195  635.1   2.2   2   2   3.7e-93   3.7e-93  301.3   0.3   167   317   240   390   231   392 0.98 <unknown description>
100016at5125_2826082_0:0024bc|MRCU01000005.1:3282149-3283010|- -            288 100016               -            320  4.3e-160  521.3   3.2   1   2   6.5e-66   6.5e-66  211.8   0.1    61   174     1   114     1   123 0.97 <unknown description>
100016at5125_2826082_0:0024bc|MRCU01000005.1:3282149-3283010|- -            288 100016               -            320  4.3e-160  521.3   3.2   2   2   6.3e-96   6.3e-96  310.4   0.5   166   320   133   287   122   287 0.98 <unknown description>
100016at5125_2604345_0:004323|MRCU01000005.1:3282581-3283394|- -            253 100016               -            320  1.2e-104  339.1   1.1   1   3       1.6       1.6   -3.1   0.0   195   221     9    35     4    44 0.66 <unknown description>
100016at5125_2604345_0:004323|MRCU01000005.1:3282581-3283394|- -            253 100016               -            320  1.2e-104  339.1   1.1   2   3  5.1e-104  5.1e-104  337.0   0.1     4   174    53   223    50   232 0.97 <unknown description>
100016at5125_2604345_0:004323|MRCU01000005.1:3282581-3283394|- -            253 100016               -            320  1.2e-104  339.1   1.1   3   3      0.15      0.15    0.3   0.0   166   177   242   253   234   253 0.87 <unknown description>
100016at5125_2604345_0:004321|MRCU01000005.1:3282149-3282554|- -            136 100016               -            320   1.2e-84  273.3   0.1   1   1   1.4e-84   1.4e-84  273.2   0.1   186   320     1   135     1   135 1.00 <unknown description>
100016at5125_93591_0:001c8f|MRCU01000005.1:3282839-3283370|-   -            159 100016               -            320   2.8e-71  229.4   0.4   1   2       2.5       2.5   -3.7   0.0   197   220     3    26     2    35 0.61 <unknown description>
100016at5125_93591_0:001c8f|MRCU01000005.1:3282839-3283370|-   -            159 100016               -            320   2.8e-71  229.4   0.4   2   2   3.7e-71   3.7e-71  229.0   0.1     4   118    45   159    42   159 0.98 <unknown description>
#
# Program:         hmmsearch
# Version:         3.4 (Aug 2023)
# Pipeline mode:   SEARCH
# Query file:      /home/arafat/busco_downloads/lineages/hypocreales_odb12.2/hmms/100016at5125.hmm
# Target file:     /home/arafat/Foxy_SIX_Evolution/results/busco/GCA_003615085.1/run_hypocreales_odb12.2/miniprot_output/translated_proteins/100016at5125.faa
# Option settings: hmmsearch --domtblout /home/arafat/Foxy_SIX_Evolution/results/busco/GCA_003615085.1/run_hypocreales_odb12.2/hmmer_output/100016at5125.out --cpu 1 /home/arafat/busco_downloads/lineages/hypocreales_odb12.2/hmms/100016at5125.hmm /home/arafat/Foxy_SIX_Evolution/results/busco/GCA_003615085.1/run_hypocreales_odb12.2/miniprot_output/translated_proteins/100016at5125.faa 
# Current dir:     /home/arafat/Foxy_SIX_Evolution
# Date:            Thu Sep 24 13:57:16 2026
# [ok]
