#                                                                                                                  --- full sequence --- -------------- this domain -------------   hmm coord   ali coord   env coord
# target name                                              accession   tlen query name           accession   qlen   E-value  score  bias   #  of  c-Evalue  i-Evalue  score  bias  from    to  from    to  from    to  acc description of target
#                                      ------------------- ---------- ----- -------------------- ---------- ----- --------- ------ ----- --- --- --------- --------- ------ ----- ----- ----- ----- ----- ----- ----- ---- ---------------------
102495at5125_42677_0:00138a|CM010802.1:1647077-1648287|-   -            365 102495               -            326    3e-200  653.1   0.0   1   1  3.3e-200  3.3e-200  652.9   0.0     1   326    36   364    36   364 0.98 <unknown description>
102495at5125_1567539_0:0002a4|CM010802.1:1647077-1648716|- -            425 102495               -            326    5e-200  652.3   0.0   1   1  5.7e-200  5.7e-200  652.1   0.0     1   326    96   424    96   424 0.98 <unknown description>
102495at5125_5544_0:0019aa|CM010802.1:1647077-1653618|-    -            575 102495               -            326  1.2e-199  651.1   0.0   1   1  1.4e-199  1.4e-199  650.8   0.0     1   326   246   574   246   574 0.98 <unknown description>
102495at5125_1331945_0:002ab9|CM010802.1:1647188-1648129|- -            293 102495               -            326  1.1e-185  605.2   0.0   1   1  1.2e-185  1.2e-185  605.1   0.0     1   293     1   293     1   293 1.00 <unknown description>
102495at5125_983965_0:001d5a|CM010802.1:1647404-1648129|-  -            221 102495               -            326  4.5e-142  461.9   0.0   1   1    5e-142    5e-142  461.7   0.0     1   221     1   221     1   221 1.00 <unknown description>
102495at5125_5544_1:0022b6|CM010802.1:1647077-1647734|-    -            220 102495               -            326  4.2e-128  415.9   0.0   1   1    5e-128    5e-128  415.7   0.0   113   326     3   219     2   219 0.97 <unknown description>
102495at5125_2885761_0:0007a3|CM010802.1:1647790-1648129|- -            114 102495               -            326   5.2e-69  221.7   0.1   1   1   5.7e-69   5.7e-69  221.6   0.1     1   113     1   113     1   113 0.99 <unknown description>
#
# Program:         hmmsearch
# Version:         3.4 (Aug 2023)
# Pipeline mode:   SEARCH
# Query file:      /home/arafat/busco_downloads/lineages/hypocreales_odb12.2/hmms/102495at5125.hmm
# Target file:     /home/arafat/Foxy_SIX_Evolution/results/busco/GCA_003615085.1/run_hypocreales_odb12.2/miniprot_output/translated_proteins/102495at5125.faa
# Option settings: hmmsearch --domtblout /home/arafat/Foxy_SIX_Evolution/results/busco/GCA_003615085.1/run_hypocreales_odb12.2/hmmer_output/102495at5125.out --cpu 1 /home/arafat/busco_downloads/lineages/hypocreales_odb12.2/hmms/102495at5125.hmm /home/arafat/Foxy_SIX_Evolution/results/busco/GCA_003615085.1/run_hypocreales_odb12.2/miniprot_output/translated_proteins/102495at5125.faa 
# Current dir:     /home/arafat/Foxy_SIX_Evolution
# Date:            Thu Sep 24 13:57:32 2026
# [ok]
