#                                                                                                                  --- full sequence --- -------------- this domain -------------   hmm coord   ali coord   env coord
# target name                                              accession   tlen query name           accession   qlen   E-value  score  bias   #  of  c-Evalue  i-Evalue  score  bias  from    to  from    to  from    to  acc description of target
#                                      ------------------- ---------- ----- -------------------- ---------- ----- --------- ------ ----- --- --- --------- --------- ------ ----- ----- ----- ----- ----- ----- ----- ---- ---------------------
102469at5125_396571_0:001f76|CM010803.1:1318702-1321456|+  -            880 102469               -            844         0 1333.3  10.8   1   1         0         0 1333.1  10.8     1   844     1   879     1   879 0.91 <unknown description>
102469at5125_29856_0:000461|CM010803.1:1314062-1321456|+   -            860 102469               -            844         0 1313.1   9.6   1   1         0         0 1313.0   9.6    19   844     9   859     1   859 0.90 <unknown description>
102469at5125_92637_0:0025f8|CM010803.1:1309784-1321456|+   -            924 102469               -            844         0 1312.9   6.4   1   1         0         0 1312.5   6.4    21   844    60   923    43   923 0.89 <unknown description>
102469at5125_452589_0:00237c|CM010803.1:1319298-1321456|+  -            698 102469               -            844         0 1193.4   0.0   1   1         0         0 1193.2   0.0   164   844    21   697     1   697 0.95 <unknown description>
102469at5125_5516_0:0017ff|CM010803.1:1319772-1321456|+    -            544 102469               -            844         0 1118.6   0.0   1   1         0         0 1118.4   0.0   305   844     3   543     1   543 0.99 <unknown description>
102469at5125_2604345_0:000a82|CM010803.1:1320123-1321456|+ -            427 102469               -            844  1.9e-299  984.6   0.0   1   1  2.1e-299  2.1e-299  984.5   0.0   421   844     3   426     1   426 0.99 <unknown description>
102469at5125_2004952_0:0001a4|CM010803.1:1320399-1321456|+ -            335 102469               -            844  2.3e-246  809.0   0.0   1   1  2.6e-246  2.6e-246  808.9   0.0   511   844     1   334     1   334 0.99 <unknown description>
#
# Program:         hmmsearch
# Version:         3.4 (Aug 2023)
# Pipeline mode:   SEARCH
# Query file:      /home/arafat/busco_downloads/lineages/hypocreales_odb12.2/hmms/102469at5125.hmm
# Target file:     /home/arafat/Foxy_SIX_Evolution/results/busco/GCA_003615085.1/run_hypocreales_odb12.2/miniprot_output/translated_proteins/102469at5125.faa
# Option settings: hmmsearch --domtblout /home/arafat/Foxy_SIX_Evolution/results/busco/GCA_003615085.1/run_hypocreales_odb12.2/hmmer_output/102469at5125.out --cpu 1 /home/arafat/busco_downloads/lineages/hypocreales_odb12.2/hmms/102469at5125.hmm /home/arafat/Foxy_SIX_Evolution/results/busco/GCA_003615085.1/run_hypocreales_odb12.2/miniprot_output/translated_proteins/102469at5125.faa 
# Current dir:     /home/arafat/Foxy_SIX_Evolution
# Date:            Thu Sep 24 13:57:32 2026
# [ok]
