#                                                                                                                    --- full sequence --- -------------- this domain -------------   hmm coord   ali coord   env coord
# target name                                                accession   tlen query name           accession   qlen   E-value  score  bias   #  of  c-Evalue  i-Evalue  score  bias  from    to  from    to  from    to  acc description of target
#                                        ------------------- ---------- ----- -------------------- ---------- ----- --------- ------ ----- --- --- --------- --------- ------ ----- ----- ----- ----- ----- ----- ----- ---- ---------------------
102991at5125_396571_0:000a34|MRCU01000005.1:507900-513207|-  -           1720 102991               -           1503         0 2562.0  21.3   1   3   5.3e-13   5.3e-13   35.8   0.7     1    28     1    28     1    32 0.97 <unknown description>
102991at5125_396571_0:000a34|MRCU01000005.1:507900-513207|-  -           1720 102991               -           1503         0 2562.0  21.3   2   3         0         0 2395.1   9.1    25  1419    70  1583    66  1590 0.91 <unknown description>
102991at5125_396571_0:000a34|MRCU01000005.1:507900-513207|-  -           1720 102991               -           1503         0 2562.0  21.3   3   3   2.1e-40   2.1e-40  126.6   0.2  1415  1503  1603  1696  1599  1696 0.92 <unknown description>
102991at5125_660025_0:002b9e|MRCU01000005.1:506484-513207|-  -           2119 102991               -           1503         0 2559.8  21.5   1   3   6.6e-13   6.6e-13   35.5   0.7     1    28     1    28     1    32 0.97 <unknown description>
102991at5125_660025_0:002b9e|MRCU01000005.1:506484-513207|-  -           2119 102991               -           1503         0 2559.8  21.5   2   3         0         0 2394.1   9.1    25  1419    70  1583    66  1590 0.91 <unknown description>
102991at5125_660025_0:002b9e|MRCU01000005.1:506484-513207|-  -           2119 102991               -           1503         0 2559.8  21.5   3   3   2.7e-40   2.7e-40  126.3   0.2  1415  1503  1603  1696  1598  1696 0.92 <unknown description>
102991at5125_1859967_0:00296c|MRCU01000005.1:507900-515543|- -           1994 102991               -           1503         0 2529.8  14.2   1   2         0         0 2394.4   9.1    25  1419   344  1857   340  1864 0.91 <unknown description>
102991at5125_1859967_0:00296c|MRCU01000005.1:507900-515543|- -           1994 102991               -           1503         0 2529.8  14.2   2   2   2.5e-40   2.5e-40  126.4   0.2  1415  1503  1877  1970  1872  1970 0.92 <unknown description>
102991at5125_1294629_0:00124b|MRCU01000005.1:507903-517816|- -           1534 102991               -           1503         0 2294.6   9.9   1   3  9.4e-150  9.4e-150  489.0   0.1   148   405    28   292    21   312 0.93 <unknown description>
102991at5125_1294629_0:00124b|MRCU01000005.1:507903-517816|- -           1534 102991               -           1503         0 2294.6   9.9   2   3         0         0 1683.5   1.3   400  1420   316  1399   307  1406 0.92 <unknown description>
102991at5125_1294629_0:00124b|MRCU01000005.1:507903-517816|- -           1534 102991               -           1503         0 2294.6   9.9   3   3   1.9e-40   1.9e-40  126.8   0.2  1415  1503  1418  1511  1414  1511 0.92 <unknown description>
102991at5125_123648_0:000fe2|MRCU01000005.1:510019-513207|-  -           1030 102991               -           1503         0 1601.9  10.1   1   3   3.1e-13   3.1e-13   36.6   0.7     1    28     1    28     1    32 0.97 <unknown description>
102991at5125_123648_0:000fe2|MRCU01000005.1:510019-513207|-  -           1030 102991               -           1503         0 1601.9  10.1   2   3  1.3e-222  1.3e-222  730.5   1.4    24   405    69   477    65   496 0.92 <unknown description>
102991at5125_123648_0:000fe2|MRCU01000005.1:510019-513207|-  -           1030 102991               -           1503         0 1601.9  10.1   3   3  1.9e-255  1.9e-255  839.3   0.0   400   896   501  1029   493  1030 0.89 <unknown description>
102991at5125_1081104_0:0025fb|MRCU01000005.1:509793-510934|- -            365 102991               -           1503  2.6e-166  543.9   3.2   1   1    3e-166    3e-166  543.7   3.2   609   954     1   365     1   365 0.90 <unknown description>
#
# Program:         hmmsearch
# Version:         3.4 (Aug 2023)
# Pipeline mode:   SEARCH
# Query file:      /home/arafat/busco_downloads/lineages/hypocreales_odb12.2/hmms/102991at5125.hmm
# Target file:     /home/arafat/Foxy_SIX_Evolution/results/busco/GCA_003615085.1/run_hypocreales_odb12.2/miniprot_output/translated_proteins/102991at5125.faa
# Option settings: hmmsearch --domtblout /home/arafat/Foxy_SIX_Evolution/results/busco/GCA_003615085.1/run_hypocreales_odb12.2/hmmer_output/102991at5125.out --cpu 1 /home/arafat/busco_downloads/lineages/hypocreales_odb12.2/hmms/102991at5125.hmm /home/arafat/Foxy_SIX_Evolution/results/busco/GCA_003615085.1/run_hypocreales_odb12.2/miniprot_output/translated_proteins/102991at5125.faa 
# Current dir:     /home/arafat/Foxy_SIX_Evolution
# Date:            Thu Sep 24 13:57:33 2026
# [ok]
