#                                                                                                                  --- full sequence --- -------------- this domain -------------   hmm coord   ali coord   env coord
# target name                                              accession   tlen query name           accession   qlen   E-value  score  bias   #  of  c-Evalue  i-Evalue  score  bias  from    to  from    to  from    to  acc description of target
#                                      ------------------- ---------- ----- -------------------- ---------- ----- --------- ------ ----- --- --- --------- --------- ------ ----- ----- ----- ----- ----- ----- ----- ---- ---------------------
105580at5125_5507_0:0017b8|CM010806.1:2244900-2246574|+    -            559 105580               -            495  3.8e-293  961.2  11.6   1   2   1.9e-24   1.9e-24   75.0   3.5     1    74     6    99     6   117 0.72 <unknown description>
105580at5125_5507_0:0017b8|CM010806.1:2244900-2246574|+    -            559 105580               -            495  3.8e-293  961.2  11.6   2   2  5.3e-272  5.3e-272  891.5   1.3    74   495   127   555   102   555 0.95 <unknown description>
105580at5125_1081105_0:0002d6|CM010806.1:2235591-2246565|+ -            591 105580               -            495  5.1e-293  960.8  11.6   1   2   2.1e-24   2.1e-24   74.8   3.5     1    74    41   134    41   152 0.72 <unknown description>
105580at5125_1081105_0:0002d6|CM010806.1:2235591-2246565|+ -            591 105580               -            495  5.1e-293  960.8  11.6   2   2  6.4e-272  6.4e-272  891.2   1.3    74   495   162   590   137   590 0.95 <unknown description>
105580at5125_1736662_0:00207e|CM010806.1:2243426-2246574|+ -            900 105580               -            495  2.7e-292  958.4  11.5   1   2   3.5e-24   3.5e-24   74.1   3.4     1    74   347   440   347   457 0.72 <unknown description>
105580at5125_1736662_0:00207e|CM010806.1:2243426-2246574|+ -            900 105580               -            495  2.7e-292  958.4  11.5   2   2  2.1e-271  2.1e-271  889.5   1.3    74   495   468   896   443   896 0.95 <unknown description>
105580at5125_2874508_0:000a6d|CM010806.1:2242432-2246574|+ -           1162 105580               -            495    7e-292  957.0  11.6   1   2   5.1e-24   5.1e-24   73.5   3.4     1    74   609   702   609   719 0.72 <unknown description>
105580at5125_2874508_0:000a6d|CM010806.1:2242432-2246574|+ -           1162 105580               -            495    7e-292  957.0  11.6   2   2  4.5e-271  4.5e-271  888.4   1.4    74   495   730  1158   707  1158 0.95 <unknown description>
105580at5125_595255_0:0032a5|CM010806.1:2245347-2246571|+  -            409 105580               -            495  1.9e-263  863.3   0.7   1   1  2.1e-263  2.1e-263  863.1   0.7    95   495     1   406     1   406 0.99 <unknown description>
105580at5125_29856_0:00349f|CM010806.1:2244915-2246202|+   -            430 105580               -            495  1.6e-209  685.4  11.0   1   2   1.8e-24   1.8e-24   75.0   3.9     1    74     1    94     1   108 0.72 <unknown description>
105580at5125_29856_0:00349f|CM010806.1:2244915-2246202|+   -            430 105580               -            495  1.6e-209  685.4  11.0   2   2    4e-188    4e-188  614.8   0.8    74   375   122   430    98   430 0.93 <unknown description>
105580at5125_179993_0:0015fe|CM010806.1:2244915-2245860|+  -            316 105580               -            495  1.3e-137  448.2  11.2   1   2   1.1e-24   1.1e-24   75.8   4.0     1    74     1    94     1   109 0.72 <unknown description>
105580at5125_179993_0:0015fe|CM010806.1:2244915-2245860|+  -            316 105580               -            495  1.3e-137  448.2  11.2   2   2  5.1e-116  5.1e-116  377.0   0.9    73   260   121   310    97   314 0.91 <unknown description>
105580at5125_179993_0:0015ef|CM010806.1:2246109-2246574|+  -            156 105580               -            495  1.8e-102  332.3   0.6   1   1    2e-102    2e-102  332.1   0.6   344   495     1   152     1   152 1.00 <unknown description>
#
# Program:         hmmsearch
# Version:         3.4 (Aug 2023)
# Pipeline mode:   SEARCH
# Query file:      /home/arafat/busco_downloads/lineages/hypocreales_odb12.2/hmms/105580at5125.hmm
# Target file:     /home/arafat/Foxy_SIX_Evolution/results/busco/GCA_003615085.1/run_hypocreales_odb12.2/miniprot_output/translated_proteins/105580at5125.faa
# Option settings: hmmsearch --domtblout /home/arafat/Foxy_SIX_Evolution/results/busco/GCA_003615085.1/run_hypocreales_odb12.2/hmmer_output/105580at5125.out --cpu 1 /home/arafat/busco_downloads/lineages/hypocreales_odb12.2/hmms/105580at5125.hmm /home/arafat/Foxy_SIX_Evolution/results/busco/GCA_003615085.1/run_hypocreales_odb12.2/miniprot_output/translated_proteins/105580at5125.faa 
# Current dir:     /home/arafat/Foxy_SIX_Evolution
# Date:            Thu Sep 24 13:57:44 2026
# [ok]
