#                                                                                                                      --- full sequence --- -------------- this domain -------------   hmm coord   ali coord   env coord
# target name                                                  accession   tlen query name           accession   qlen   E-value  score  bias   #  of  c-Evalue  i-Evalue  score  bias  from    to  from    to  from    to  acc description of target
#                                          ------------------- ---------- ----- -------------------- ---------- ----- --------- ------ ----- --- --- --------- --------- ------ ----- ----- ----- ----- ----- ----- ----- ---- ---------------------
107539at5125_396571_0:000b3a|MRCU01000005.1:2074910-2077592|-  -            877 107539               -            695         0 1104.4  66.5   1   1         0         0 1078.3  66.5     1   694    44   866    44   867 0.83 <unknown description>
107539at5125_660025_0:003737|MRCU01000005.1:2070530-2077592|-  -           1511 107539               -            695         0 1089.1  65.8   1   1         0         0 1066.4  65.8     1   689    44   861    44   867 0.83 <unknown description>
107539at5125_468837_0:001769|MRCU01000005.1:2074928-2076635|-  -            570 107539               -            695  1.7e-226  742.1  32.0   1   2  1.7e-192  1.7e-192  629.7  25.6   221   613     1   425     1   480 0.84 <unknown description>
107539at5125_468837_0:001769|MRCU01000005.1:2074928-2076635|-  -            570 107539               -            695  1.7e-226  742.1  32.0   2   2   5.1e-33   5.1e-33  102.6   2.1   606   694   478   565   470   566 0.89 <unknown description>
107539at5125_2004951_0:0006f7|MRCU01000005.1:2076509-2077466|- -            302 107539               -            695    5e-121  393.5  37.9   1   1  1.8e-119  1.8e-119  388.3  37.9     1   259     2   302     2   302 0.83 <unknown description>
107539at5125_2004951_0:001983|MRCU01000005.1:2065528-2076017|- -            195 107539               -            695  1.6e-112  365.4   0.1   1   1  1.9e-112  1.9e-112  365.2   0.1   397   574     2   180     1   193 0.96 <unknown description>
107539at5125_468837_0:0007d9|MRCU01000005.1:2076992-2077475|-  -            162 107539               -            695   1.1e-80  260.2  33.4   1   1     5e-79     5e-79  254.7  33.4     1   140     5   161     5   162 0.84 <unknown description>
#
# Program:         hmmsearch
# Version:         3.4 (Aug 2023)
# Pipeline mode:   SEARCH
# Query file:      /home/arafat/busco_downloads/lineages/hypocreales_odb12.2/hmms/107539at5125.hmm
# Target file:     /home/arafat/Foxy_SIX_Evolution/results/busco/GCA_003615085.1/run_hypocreales_odb12.2/miniprot_output/translated_proteins/107539at5125.faa
# Option settings: hmmsearch --domtblout /home/arafat/Foxy_SIX_Evolution/results/busco/GCA_003615085.1/run_hypocreales_odb12.2/hmmer_output/107539at5125.out --cpu 1 /home/arafat/busco_downloads/lineages/hypocreales_odb12.2/hmms/107539at5125.hmm /home/arafat/Foxy_SIX_Evolution/results/busco/GCA_003615085.1/run_hypocreales_odb12.2/miniprot_output/translated_proteins/107539at5125.faa 
# Current dir:     /home/arafat/Foxy_SIX_Evolution
# Date:            Thu Sep 24 13:57:54 2026
# [ok]
