#                                                                                                                --- full sequence --- -------------- this domain -------------   hmm coord   ali coord   env coord
# target name                                            accession   tlen query name           accession   qlen   E-value  score  bias   #  of  c-Evalue  i-Evalue  score  bias  from    to  from    to  from    to  acc description of target
#                                    ------------------- ---------- ----- -------------------- ---------- ----- --------- ------ ----- --- --- --------- --------- ------ ----- ----- ----- ----- ----- ----- ----- ---- ---------------------
109749at5125_1089448_0:00357d|CM010805.1:724537-726705|+ -            445 109749               -            357  7.9e-180  586.4   0.0   1   1  8.3e-180  9.3e-180  586.1   0.0     2   357    58   436    57   436 0.94 <unknown description>
109749at5125_1079257_0:0013c6|CM010805.1:724702-726318|+ -            261 109749               -            357  2.5e-115  374.2   0.0   1   1  2.6e-115  2.9e-115  374.0   0.0     2   240     3   261     2   261 0.93 <unknown description>
109749at5125_327505_0:002a2b|CM010805.1:725604-726705|+  -            295 109749               -            357  1.7e-114  371.5   0.0   1   1  1.8e-114  2.1e-114  371.2   0.0   123   357    37   286    24   286 0.92 <unknown description>
109749at5125_56676_0:003460|CM010805.1:725111-726705|+   -            307 109749               -            357  4.6e-113  366.8   0.0   1   1  5.2e-113  5.8e-113  366.4   0.0   127   357    53   298    44   298 0.92 <unknown description>
109749at5125_117187_0:0024c1|CM010805.1:725918-726705|+  -            248 109749               -            357  4.5e-109  353.6   0.0   1   1  4.6e-109  5.2e-109  353.4   0.0   134   357     1   239     1   239 0.93 <unknown description>
109749at5125_1567544_0:000792|CM010805.1:725912-728605|+ -            624 109749               -            357   4.3e-92  297.8   0.0   1   1   5.3e-92   5.9e-92  297.3   0.0   132   327     1   211     1   223 0.91 <unknown description>
109749at5125_327505_0:002d2a|CM010805.1:724699-725218|+  -            139 109749               -            357   1.2e-63  204.1   0.0   1   1   1.2e-63   1.4e-63  204.0   0.0     2   127     4   137     3   138 0.93 <unknown description>
109749at5125_56676_0:003456|CM010805.1:723941-724903|+   -             89 109749               -            357   1.4e-29   92.1   0.0   1   1   1.5e-29   1.6e-29   91.9   0.0     2    62    24    89    23    89 0.94 <unknown description>
#
# Program:         hmmsearch
# Version:         3.4 (Aug 2023)
# Pipeline mode:   SEARCH
# Query file:      /home/arafat/busco_downloads/lineages/hypocreales_odb12.2/hmms/109749at5125.hmm
# Target file:     /home/arafat/Foxy_SIX_Evolution/results/busco/GCA_003615085.1/run_hypocreales_odb12.2/miniprot_output/translated_proteins/109749at5125.faa
# Option settings: hmmsearch --domtblout /home/arafat/Foxy_SIX_Evolution/results/busco/GCA_003615085.1/run_hypocreales_odb12.2/hmmer_output/109749at5125.out --cpu 1 /home/arafat/busco_downloads/lineages/hypocreales_odb12.2/hmms/109749at5125.hmm /home/arafat/Foxy_SIX_Evolution/results/busco/GCA_003615085.1/run_hypocreales_odb12.2/miniprot_output/translated_proteins/109749at5125.faa 
# Current dir:     /home/arafat/Foxy_SIX_Evolution
# Date:            Thu Sep 24 13:58:00 2026
# [ok]
