#                                                                                                                  --- full sequence --- -------------- this domain -------------   hmm coord   ali coord   env coord
# target name                                              accession   tlen query name           accession   qlen   E-value  score  bias   #  of  c-Evalue  i-Evalue  score  bias  from    to  from    to  from    to  acc description of target
#                                      ------------------- ---------- ----- -------------------- ---------- ----- --------- ------ ----- --- --- --------- --------- ------ ----- ----- ----- ----- ----- ----- ----- ---- ---------------------
110350at5125_396571_0:0026c1|CM010804.1:3436471-3437596|+  -            357 110350               -            282  9.5e-139  449.4  20.3   1   3   9.9e-07   9.9e-07   16.3   0.1     3    30     8    35     6    43 0.87 <unknown description>
110350at5125_396571_0:0026c1|CM010804.1:3436471-3437596|+  -            357 110350               -            282  9.5e-139  449.4  20.3   2   3   1.4e-60   1.4e-60  192.9   0.6    21   137    66   182    52   189 0.93 <unknown description>
110350at5125_396571_0:0026c1|CM010804.1:3436471-3437596|+  -            357 110350               -            282  9.5e-139  449.4  20.3   3   3   2.8e-77   2.8e-77  247.7   8.7   134   282   200   356   184   356 0.90 <unknown description>
110350at5125_1081109_0:0013f5|CM010804.1:3436471-3445949|+ -            379 110350               -            282  1.3e-138  449.0  20.3   1   3   1.1e-06   1.1e-06   16.1   0.1     3    30     8    35     6    43 0.87 <unknown description>
110350at5125_1081109_0:0013f5|CM010804.1:3436471-3445949|+ -            379 110350               -            282  1.3e-138  449.0  20.3   2   3   1.6e-60   1.6e-60  192.8   0.6    21   137    66   182    52   189 0.93 <unknown description>
110350at5125_1081109_0:0013f5|CM010804.1:3436471-3445949|+ -            379 110350               -            282  1.3e-138  449.0  20.3   3   3   3.2e-77   3.2e-77  247.5   8.6   134   282   200   356   184   356 0.90 <unknown description>
110350at5125_660122_0:000cff|CM010804.1:3436816-3437596|+  -            261 110350               -            282  8.7e-128  413.4  16.2   1   2   1.9e-53   1.9e-53  169.6   0.9    52   137     1    86     1    93 0.98 <unknown description>
110350at5125_660122_0:000cff|CM010804.1:3436816-3437596|+  -            261 110350               -            282  8.7e-128  413.4  16.2   2   2   1.4e-77   1.4e-77  248.7   8.8   134   282   104   260    89   260 0.90 <unknown description>
110350at5125_92637_0:0011e6|CM010804.1:3436483-3437242|+   -            235 110350               -            282   4.7e-84  270.0   7.1   1   3   5.6e-07   5.6e-07   17.1   0.1     3    30     4    31     2    39 0.87 <unknown description>
110350at5125_92637_0:0011e6|CM010804.1:3436483-3437242|+   -            235 110350               -            282   4.7e-84  270.0   7.1   2   3   5.5e-61   5.5e-61  194.3   0.6    21   137    62   178    49   184 0.93 <unknown description>
110350at5125_92637_0:0011e6|CM010804.1:3436483-3437242|+   -            235 110350               -            282   4.7e-84  270.0   7.1   3   3   1.6e-20   1.6e-20   61.5   0.1   134   173   196   235   182   235 0.87 <unknown description>
110350at5125_1245745_0:001a1f|CM010804.1:3436471-3437077|+ -            184 110350               -            282   7.9e-67  213.4   1.8   1   2   3.9e-07   3.9e-07   17.6   0.2     3    30     8    35     6    44 0.87 <unknown description>
110350at5125_1245745_0:001a1f|CM010804.1:3436471-3437077|+ -            184 110350               -            282   7.9e-67  213.4   1.8   2   2   2.4e-61   2.4e-61  195.5   0.1    21   137    66   182    49   183 0.93 <unknown description>
#
# Program:         hmmsearch
# Version:         3.4 (Aug 2023)
# Pipeline mode:   SEARCH
# Query file:      /home/arafat/busco_downloads/lineages/hypocreales_odb12.2/hmms/110350at5125.hmm
# Target file:     /home/arafat/Foxy_SIX_Evolution/results/busco/GCA_003615085.1/run_hypocreales_odb12.2/miniprot_output/translated_proteins/110350at5125.faa
# Option settings: hmmsearch --domtblout /home/arafat/Foxy_SIX_Evolution/results/busco/GCA_003615085.1/run_hypocreales_odb12.2/hmmer_output/110350at5125.out --cpu 1 /home/arafat/busco_downloads/lineages/hypocreales_odb12.2/hmms/110350at5125.hmm /home/arafat/Foxy_SIX_Evolution/results/busco/GCA_003615085.1/run_hypocreales_odb12.2/miniprot_output/translated_proteins/110350at5125.faa 
# Current dir:     /home/arafat/Foxy_SIX_Evolution
# Date:            Thu Sep 24 13:58:01 2026
# [ok]
