#                                                                                                                --- full sequence --- -------------- this domain -------------   hmm coord   ali coord   env coord
# target name                                            accession   tlen query name           accession   qlen   E-value  score  bias   #  of  c-Evalue  i-Evalue  score  bias  from    to  from    to  from    to  acc description of target
#                                    ------------------- ---------- ----- -------------------- ---------- ----- --------- ------ ----- --- --- --------- --------- ------ ----- ----- ----- ----- ----- ----- ----- ---- ---------------------
110477at5125_1237068_0:004076|CM010805.1:880911-881858|+ -            298 110477               -            195  7.3e-106  340.6   9.5   1   2   3.6e-18   3.6e-18   54.5   5.9    14    76    90   155    72   161 0.80 <unknown description>
110477at5125_1237068_0:004076|CM010805.1:880911-881858|+ -            298 110477               -            195  7.3e-106  340.6   9.5   2   2     6e-90     6e-90  288.7   0.3    55   195   157   297   150   297 0.95 <unknown description>
110477at5125_96317_0:00474e|CM010805.1:881122-881858|+   -            246 110477               -            195     1e-98  317.3  14.8   1   2   2.3e-18   2.3e-18   55.1   5.8    14    76    21    86     4    94 0.80 <unknown description>
110477at5125_96317_0:00474e|CM010805.1:881122-881858|+   -            246 110477               -            195     1e-98  317.3  14.8   2   2   6.2e-82   6.2e-82  262.6   3.2    55   195    88   245    81   245 0.86 <unknown description>
110477at5125_61235_0:000c93|CM010805.1:881122-883765|+   -            383 110477               -            195     3e-98  315.8  12.1   1   2   4.4e-18   4.4e-18   54.2   5.6    14    76    21    86     4    94 0.80 <unknown description>
110477at5125_61235_0:000c93|CM010805.1:881122-883765|+   -            383 110477               -            195     3e-98  315.8  12.1   2   2   4.1e-83   4.1e-83  266.4   0.6    55   187    88   220    81   228 0.94 <unknown description>
110477at5125_192010_0:003d8d|CM010805.1:881122-882059|+  -            312 110477               -            195   8.7e-98  314.3   9.9   1   2   3.5e-18   3.5e-18   54.5   5.6    14    76    21    86     4    92 0.80 <unknown description>
110477at5125_192010_0:003d8d|CM010805.1:881122-882059|+  -            312 110477               -            195   8.7e-98  314.3   9.9   2   2   6.3e-82   6.3e-82  262.5   0.4    55   185    88   218    81   225 0.94 <unknown description>
110477at5125_131363_0:003617|CM010805.1:881281-881858|+  -            176 110477               -            195   2.3e-95  306.4   9.3   1   2   3.9e-07   3.9e-07   18.5   5.7    44    76     1    33     1    39 0.84 <unknown description>
110477at5125_131363_0:003617|CM010805.1:881281-881858|+  -            176 110477               -            195   2.3e-95  306.4   9.3   2   2   1.4e-90   1.4e-90  290.8   0.6    55   195    35   175    27   175 0.95 <unknown description>
110477at5125_80388_0:00302b|CM010805.1:881494-881858|+   -            105 110477               -            195   1.6e-77  248.2   0.1   1   1   1.7e-77   1.7e-77  248.0   0.1    92   195     1   104     1   104 1.00 <unknown description>
#
# Program:         hmmsearch
# Version:         3.4 (Aug 2023)
# Pipeline mode:   SEARCH
# Query file:      /home/arafat/busco_downloads/lineages/hypocreales_odb12.2/hmms/110477at5125.hmm
# Target file:     /home/arafat/Foxy_SIX_Evolution/results/busco/GCA_003615085.1/run_hypocreales_odb12.2/miniprot_output/translated_proteins/110477at5125.faa
# Option settings: hmmsearch --domtblout /home/arafat/Foxy_SIX_Evolution/results/busco/GCA_003615085.1/run_hypocreales_odb12.2/hmmer_output/110477at5125.out --cpu 1 /home/arafat/busco_downloads/lineages/hypocreales_odb12.2/hmms/110477at5125.hmm /home/arafat/Foxy_SIX_Evolution/results/busco/GCA_003615085.1/run_hypocreales_odb12.2/miniprot_output/translated_proteins/110477at5125.faa 
# Current dir:     /home/arafat/Foxy_SIX_Evolution
# Date:            Thu Sep 24 13:58:01 2026
# [ok]
