#                                                                                                                      --- full sequence --- -------------- this domain -------------   hmm coord   ali coord   env coord
# target name                                                  accession   tlen query name           accession   qlen   E-value  score  bias   #  of  c-Evalue  i-Evalue  score  bias  from    to  from    to  from    to  acc description of target
#                                          ------------------- ---------- ----- -------------------- ---------- ----- --------- ------ ----- --- --- --------- --------- ------ ----- ----- ----- ----- ----- ----- ----- ---- ---------------------
111305at5125_595255_0:00151d|MRCU01000005.1:2366876-2376209|+  -            595 111305               -            510  7.3e-269  881.9   3.8   1   1  8.7e-269  8.7e-269  881.6   3.8    15   510    45   556    23   556 0.95 <unknown description>
111305at5125_1080343_0:000076|MRCU01000005.1:2374304-2376209|+ -            581 111305               -            510  8.6e-269  881.7   3.9   1   1    1e-268    1e-268  881.4   3.9    15   510    31   542     9   542 0.95 <unknown description>
111305at5125_5507_3:002a36|MRCU01000005.1:2372404-2376194|+    -            606 111305               -            510  9.9e-269  881.4   3.9   1   1  1.2e-268  1.2e-268  881.2   3.9    15   510    61   572    39   572 0.95 <unknown description>
111305at5125_1079257_0:001c6a|MRCU01000005.1:2370042-2376209|+ -            593 111305               -            510  1.4e-268  881.0   4.3   1   1  1.7e-268  1.7e-268  880.7   4.3    15   510    43   554    26   554 0.95 <unknown description>
111305at5125_948311_1:0027d5|MRCU01000005.1:2374304-2377386|+  -            739 111305               -            510  3.9e-263  863.0   3.4   1   1  4.8e-263  4.8e-263  862.7   3.4    15   510    31   535     9   535 0.94 <unknown description>
111305at5125_150374_0:000a47|MRCU01000005.1:2374668-2376039|+  -            458 111305               -            510  1.4e-239  785.3   8.6   1   1  1.6e-239  1.6e-239  785.1   8.6    68   509     2   458     1   458 0.96 <unknown description>
111305at5125_93591_0:000c2d|MRCU01000005.1:2374343-2375475|+   -            340 111305               -            510  3.7e-171  559.5   0.1   1   1  4.3e-171  4.3e-171  559.3   0.1    15   323    18   340     4   340 0.94 <unknown description>
111305at5125_468837_0:00199d|MRCU01000005.1:2375097-2376045|+  -            317 111305               -            510  1.1e-157  515.1   6.4   1   1  1.2e-157  1.2e-157  514.9   6.4   202   510     1   316     1   316 0.97 <unknown description>
111305at5125_485398_0:002d70|MRCU01000005.1:2374668-2375535|+  -            290 111305               -            510    2e-153  501.0   0.3   1   1  2.2e-153  2.2e-153  500.9   0.3    68   343     2   290     1   290 0.96 <unknown description>
111305at5125_1080343_0:003c46|MRCU01000012.1:67928-68570|-     -            215 111305               -            510  9.5e-107  347.0   0.4   1   1  1.1e-106  1.1e-106  346.9   0.4    68   270     3   213     1   214 0.96 <unknown description>
111305at5125_5507_4:003123|MRCU01000012.1:67928-68904|-        -            265 111305               -            510   8.8e-94  304.3   0.7   1   2   8.8e-94   8.8e-94  304.3   0.7     9   220    20   230    12   250 0.90 <unknown description>
111305at5125_5507_4:003123|MRCU01000012.1:67928-68904|-        -            265 111305               -            510   8.8e-94  304.3   0.7   2   2      0.48      0.48   -1.7   0.0   256   270   249   263   241   264 0.86 <unknown description>
111305at5125_983965_0:0005c3|MRCU01000012.1:68402-68775|-      -             89 111305               -            510   9.8e-35  109.4   0.3   1   1   1.1e-34   1.1e-34  109.3   0.3    35   113     1    88     1    89 0.91 <unknown description>
#
# Program:         hmmsearch
# Version:         3.4 (Aug 2023)
# Pipeline mode:   SEARCH
# Query file:      /home/arafat/busco_downloads/lineages/hypocreales_odb12.2/hmms/111305at5125.hmm
# Target file:     /home/arafat/Foxy_SIX_Evolution/results/busco/GCA_003615085.1/run_hypocreales_odb12.2/miniprot_output/translated_proteins/111305at5125.faa
# Option settings: hmmsearch --domtblout /home/arafat/Foxy_SIX_Evolution/results/busco/GCA_003615085.1/run_hypocreales_odb12.2/hmmer_output/111305at5125.out --cpu 1 /home/arafat/busco_downloads/lineages/hypocreales_odb12.2/hmms/111305at5125.hmm /home/arafat/Foxy_SIX_Evolution/results/busco/GCA_003615085.1/run_hypocreales_odb12.2/miniprot_output/translated_proteins/111305at5125.faa 
# Current dir:     /home/arafat/Foxy_SIX_Evolution
# Date:            Thu Sep 24 13:57:17 2026
# [ok]
