#                                                                                                                  --- full sequence --- -------------- this domain -------------   hmm coord   ali coord   env coord
# target name                                              accession   tlen query name           accession   qlen   E-value  score  bias   #  of  c-Evalue  i-Evalue  score  bias  from    to  from    to  from    to  acc description of target
#                                      ------------------- ---------- ----- -------------------- ---------- ----- --------- ------ ----- --- --- --------- --------- ------ ----- ----- ----- ----- ----- ----- ----- ---- ---------------------
113652at5125_1926264_0:001fc5|CM010800.1:5356572-5366828|- -           2521 113652               -           2127         0 3725.5  72.5   1   3         0         0 2514.5  51.0     3  1515    21  1717    19  1731 0.86 <unknown description>
113652at5125_1926264_0:001fc5|CM010800.1:5356572-5366828|- -           2521 113652               -           2127         0 3725.5  72.5   2   3   7.3e-70   7.3e-70  224.1   9.1  1477  1703  1746  1996  1706  2004 0.70 <unknown description>
113652at5125_1926264_0:001fc5|CM010800.1:5356572-5366828|- -           2521 113652               -           2127         0 3725.5  72.5   3   3  4.1e-301  4.1e-301  991.1   0.4  1685  2126  2043  2499  2025  2500 0.93 <unknown description>
113652at5125_5507_3:000458|CM010800.1:5354794-5364206|-    -           2916 113652               -           2127         0 3723.9  72.6   1   3         0         0 2513.7  51.2     3  1515    11  1707     9  1723 0.86 <unknown description>
113652at5125_5507_3:000458|CM010800.1:5354794-5364206|-    -           2916 113652               -           2127         0 3723.9  72.6   2   3   8.2e-70   8.2e-70  224.0   9.0  1477  1703  1736  1986  1696  1995 0.70 <unknown description>
113652at5125_5507_3:000458|CM010800.1:5354794-5364206|-    -           2916 113652               -           2127         0 3723.9  72.6   3   3  5.1e-301  5.1e-301  990.8   0.4  1685  2126  2033  2489  2015  2490 0.93 <unknown description>
113652at5125_426428_0:0001a8|CM010800.1:5356554-5363678|-  -           2341 113652               -           2127         0 3635.5  59.6   1   3         0         0 2425.2  38.2   147  1515    53  1531     2  1547 0.88 <unknown description>
113652at5125_426428_0:0001a8|CM010800.1:5356554-5363678|-  -           2341 113652               -           2127         0 3635.5  59.6   2   3   7.2e-70   7.2e-70  224.2   7.7  1510  1703  1588  1810  1533  1818 0.79 <unknown description>
113652at5125_426428_0:0001a8|CM010800.1:5356554-5363678|-  -           2341 113652               -           2127         0 3635.5  59.6   3   3  3.6e-301  3.6e-301  991.3   0.4  1685  2126  1857  2313  1839  2314 0.93 <unknown description>
113652at5125_1081108_0:000818|CM010800.1:5356554-5362058|- -           1801 113652               -           2127         0 2991.5  40.8   1   3         0         0 1780.5  18.8   585  1515     3   991     1  1001 0.92 <unknown description>
113652at5125_1081108_0:000818|CM010800.1:5356554-5362058|- -           1801 113652               -           2127         0 2991.5  40.8   2   3     4e-70     4e-70  225.0   9.2  1473  1703  1016  1270   978  1279 0.69 <unknown description>
113652at5125_1081108_0:000818|CM010800.1:5356554-5362058|- -           1801 113652               -           2127         0 2991.5  40.8   3   3  2.3e-301  2.3e-301  991.9   0.4  1685  2126  1317  1773  1299  1774 0.93 <unknown description>
113652at5125_595255_0:002a8b|CM010800.1:5354794-5361293|-  -           1975 113652               -           2127         0 2484.1  38.4   1   3         0         0 1273.2  16.8   835  1515     1   736     1   746 0.89 <unknown description>
113652at5125_595255_0:002a8b|CM010800.1:5354794-5361293|-  -           1975 113652               -           2127         0 2484.1  38.4   2   3   3.3e-70   3.3e-70  225.3   8.6  1475  1703   763  1015   724  1023 0.69 <unknown description>
113652at5125_595255_0:002a8b|CM010800.1:5354794-5361293|-  -           1975 113652               -           2127         0 2484.1  38.4   3   3  2.7e-301  2.7e-301  991.7   0.4  1685  2126  1062  1518  1044  1519 0.93 <unknown description>
113652at5125_1736662_0:0021c3|CM010800.1:5359427-5364191|- -           1589 113652               -           2127         0 2433.9  54.0   1   1         0         0 2427.3  54.0     3  1421     6  1589     4  1589 0.87 <unknown description>
113652at5125_595255_0:0031f3|CM010800.1:5361563-5364218|-  -            886 113652               -           2127         0 1022.6  37.6   1   1         0         0 1019.4  37.6     3   747    15   886    13   886 0.81 <unknown description>
#
# Program:         hmmsearch
# Version:         3.4 (Aug 2023)
# Pipeline mode:   SEARCH
# Query file:      /home/arafat/busco_downloads/lineages/hypocreales_odb12.2/hmms/113652at5125.hmm
# Target file:     /home/arafat/Foxy_SIX_Evolution/results/busco/GCA_003615085.1/run_hypocreales_odb12.2/miniprot_output/translated_proteins/113652at5125.faa
# Option settings: hmmsearch --domtblout /home/arafat/Foxy_SIX_Evolution/results/busco/GCA_003615085.1/run_hypocreales_odb12.2/hmmer_output/113652at5125.out --cpu 1 /home/arafat/busco_downloads/lineages/hypocreales_odb12.2/hmms/113652at5125.hmm /home/arafat/Foxy_SIX_Evolution/results/busco/GCA_003615085.1/run_hypocreales_odb12.2/miniprot_output/translated_proteins/113652at5125.faa 
# Current dir:     /home/arafat/Foxy_SIX_Evolution
# Date:            Thu Sep 24 13:57:30 2026
# [ok]
