#                                                                                                                  --- full sequence --- -------------- this domain -------------   hmm coord   ali coord   env coord
# target name                                              accession   tlen query name           accession   qlen   E-value  score  bias   #  of  c-Evalue  i-Evalue  score  bias  from    to  from    to  from    to  acc description of target
#                                      ------------------- ---------- ----- -------------------- ---------- ----- --------- ------ ----- --- --- --------- --------- ------ ----- ----- ----- ----- ----- ----- ----- ---- ---------------------
114818at5125_72712_0:0003ae|CM010801.1:2650790-2652827|+   -            594 114818               -            478  1.5e-247  810.3  15.9   1   3  2.1e-244  2.1e-244  800.0  11.5     1   431    18   452    18   493 0.96 <unknown description>
114818at5125_72712_0:0003ae|CM010801.1:2650790-2652827|+   -            594 114818               -            478  1.5e-247  810.3  15.9   2   3      0.01      0.01    3.0   0.1   416   448   495   531   479   537 0.74 <unknown description>
114818at5125_72712_0:0003ae|CM010801.1:2650790-2652827|+   -            594 114818               -            478  1.5e-247  810.3  15.9   3   3   0.00024   0.00024    8.4   0.0   450   476   553   579   539   580 0.87 <unknown description>
114818at5125_1089449_0:0027f9|CM010801.1:2650790-2652199|+ -            470 114818               -            478  1.6e-244  800.4  11.9   1   1    2e-244    2e-244  800.0  11.9     1   427    18   448    18   455 0.98 <unknown description>
114818at5125_1081104_0:0001b1|CM010801.1:2650952-2652533|+ -            528 114818               -            478  2.1e-231  757.1  17.2   1   3  3.4e-225  3.4e-225  736.6  12.6    36   431     1   398     1   436 0.96 <unknown description>
114818at5125_1081104_0:0001b1|CM010801.1:2650952-2652533|+ -            528 114818               -            478  2.1e-231  757.1  17.2   2   3    0.0089    0.0089    3.2   0.1   416   448   441   477   425   483 0.74 <unknown description>
114818at5125_1081104_0:0001b1|CM010801.1:2650952-2652533|+ -            528 114818               -            478  2.1e-231  757.1  17.2   3   3   1.7e-07   1.7e-07   18.7   0.0   450   478   499   527   485   527 0.89 <unknown description>
114818at5125_2004951_0:00109e|CM010801.1:2650784-2651882|+ -            367 114818               -            478  8.2e-198  646.3  20.9   1   1  9.3e-198  9.3e-198  646.2  20.9     1   345    20   367    20   367 0.99 <unknown description>
114818at5125_123648_0:002161|CM010801.1:2650829-2651492|+  -            222 114818               -            478  3.1e-130  423.5  12.1   1   1  3.5e-130  3.5e-130  423.3  12.1     1   216     5   222     5   222 0.99 <unknown description>
#
# Program:         hmmsearch
# Version:         3.4 (Aug 2023)
# Pipeline mode:   SEARCH
# Query file:      /home/arafat/busco_downloads/lineages/hypocreales_odb12.2/hmms/114818at5125.hmm
# Target file:     /home/arafat/Foxy_SIX_Evolution/results/busco/GCA_003615085.1/run_hypocreales_odb12.2/miniprot_output/translated_proteins/114818at5125.faa
# Option settings: hmmsearch --domtblout /home/arafat/Foxy_SIX_Evolution/results/busco/GCA_003615085.1/run_hypocreales_odb12.2/hmmer_output/114818at5125.out --cpu 1 /home/arafat/busco_downloads/lineages/hypocreales_odb12.2/hmms/114818at5125.hmm /home/arafat/Foxy_SIX_Evolution/results/busco/GCA_003615085.1/run_hypocreales_odb12.2/miniprot_output/translated_proteins/114818at5125.faa 
# Current dir:     /home/arafat/Foxy_SIX_Evolution
# Date:            Thu Sep 24 13:57:31 2026
# [ok]
