#                                                                                                                --- full sequence --- -------------- this domain -------------   hmm coord   ali coord   env coord
# target name                                            accession   tlen query name           accession   qlen   E-value  score  bias   #  of  c-Evalue  i-Evalue  score  bias  from    to  from    to  from    to  acc description of target
#                                    ------------------- ---------- ----- -------------------- ---------- ----- --------- ------ ----- --- --- --------- --------- ------ ----- ----- ----- ----- ----- ----- ----- ---- ---------------------
115096at5125_1089452_0:00124e|CM010802.1:865225-866245|- -            323 115096               -            187   2.4e-94  303.2   7.2   1   2   1.1e-93   1.3e-93  300.9   1.5    12   185    66   242    49   244 0.89 <unknown description>
115096at5125_1089452_0:00124e|CM010802.1:865225-866245|- -            323 115096               -            187   2.4e-94  303.2   7.2   2   2     0.004    0.0045    5.6   0.4   172   187   267   282   253   282 0.83 <unknown description>
115096at5125_96774_0:000b1b|CM010802.1:865489-866242|-   -            234 115096               -            187   4.6e-93  299.1   1.3   1   1   5.3e-93   6.1e-93  298.7   1.3    12   176    65   232    46   234 0.90 <unknown description>
115096at5125_29875_0:000bde|CM010802.1:865228-866008|-   -            243 115096               -            187   7.2e-92  295.2   9.8   1   2   2.8e-91   3.2e-91  293.0   3.6    26   185     1   163     1   165 0.95 <unknown description>
115096at5125_29875_0:000bde|CM010802.1:865228-866008|-   -            243 115096               -            187   7.2e-92  295.2   9.8   2   2    0.0028    0.0032    6.1   0.4   172   187   188   203   174   203 0.83 <unknown description>
115096at5125_654480_0:0007bb|CM010802.1:865540-866008|-  -            139 115096               -            187   1.2e-83  268.4   4.4   1   1   1.2e-83   1.3e-83  268.2   4.4    26   161     1   139     1   139 0.97 <unknown description>
115096at5125_1399860_1:001aa2|CM010802.1:865225-873877|- -            256 115096               -            187   4.2e-66  211.1  13.9   1   2     2e-63   2.3e-63  202.2   7.6    47   185    17   175     6   177 0.86 <unknown description>
115096at5125_1399860_1:001aa2|CM010802.1:865225-873877|- -            256 115096               -            187   4.2e-66  211.1  13.9   2   2     0.003    0.0034    6.0   0.4   172   187   200   215   186   215 0.83 <unknown description>
115096at5125_2559223_0:000d14|CM010802.1:865717-866242|- -            176 115096               -            187   1.7e-62  199.4   0.9   1   1   1.9e-62   2.2e-62  199.0   0.9    12   121    65   175    32   176 0.89 <unknown description>
115096at5125_150374_0:00094b|CM010802.1:865708-865945|-  -             80 115096               -            187   6.4e-47  148.6   3.4   1   1   6.4e-47   7.4e-47  148.4   3.4    47   121     1    76     1    79 0.96 <unknown description>
#
# Program:         hmmsearch
# Version:         3.4 (Aug 2023)
# Pipeline mode:   SEARCH
# Query file:      /home/arafat/busco_downloads/lineages/hypocreales_odb12.2/hmms/115096at5125.hmm
# Target file:     /home/arafat/Foxy_SIX_Evolution/results/busco/GCA_003615085.1/run_hypocreales_odb12.2/miniprot_output/translated_proteins/115096at5125.faa
# Option settings: hmmsearch --domtblout /home/arafat/Foxy_SIX_Evolution/results/busco/GCA_003615085.1/run_hypocreales_odb12.2/hmmer_output/115096at5125.out --cpu 1 /home/arafat/busco_downloads/lineages/hypocreales_odb12.2/hmms/115096at5125.hmm /home/arafat/Foxy_SIX_Evolution/results/busco/GCA_003615085.1/run_hypocreales_odb12.2/miniprot_output/translated_proteins/115096at5125.faa 
# Current dir:     /home/arafat/Foxy_SIX_Evolution
# Date:            Thu Sep 24 13:57:32 2026
# [ok]
