#                                                                                                                  --- full sequence --- -------------- this domain -------------   hmm coord   ali coord   env coord
# target name                                              accession   tlen query name           accession   qlen   E-value  score  bias   #  of  c-Evalue  i-Evalue  score  bias  from    to  from    to  from    to  acc description of target
#                                      ------------------- ---------- ----- -------------------- ---------- ----- --------- ------ ----- --- --- --------- --------- ------ ----- ----- ----- ----- ----- ----- ----- ---- ---------------------
117043at5125_1080343_0:003234|CM010803.1:1040419-1042954|+ -            846 117043               -            888         0 1085.5   5.8   1   1         0         0 1085.2   5.8    18   885    13   845     4   845 0.85 <unknown description>
117043at5125_2060973_0:001706|CM010803.1:1033624-1042954|+ -            860 117043               -            888         0 1080.6  11.0   1   1         0         0 1080.3  11.0    19   885    29   859    10   859 0.85 <unknown description>
117043at5125_857340_0:001e55|CM010803.1:1040539-1042507|+  -            657 117043               -            888  1.9e-292  963.0  10.0   1   1  2.1e-292  2.1e-292  962.8  10.0    47   732     1   657     1   657 0.86 <unknown description>
117043at5125_1399860_1:001f0c|CM010803.1:1040674-1049058|+ -            662 117043               -            888  5.2e-285  938.3   3.3   1   1  6.2e-285  6.2e-285  938.1   3.3    95   745    10   625     1   649 0.85 <unknown description>
117043at5125_1331945_0:001780|CM010803.1:1041190-1042597|+ -            470 117043               -            888  2.1e-207  681.6   5.8   1   1  2.3e-207  2.3e-207  681.4   5.8   269   761     1   469     1   470 0.85 <unknown description>
117043at5125_1094350_0:000bdc|CM010803.1:1040443-1041781|+ -            447 117043               -            888  5.3e-192  630.6   0.4   1   1  5.9e-192  5.9e-192  630.4   0.4    22   472    10   445     1   447 0.87 <unknown description>
117043at5125_1159556_0:000d8a|CM010803.1:1040692-1041559|+ -            290 117043               -            888  2.1e-163  535.9   0.4   1   1  2.3e-163  2.3e-163  535.8   0.4    97   393     6   288     1   290 0.92 <unknown description>
117043at5125_98403_0:0001fe|CM010803.1:1040491-1041439|+   -            317 117043               -            888  8.1e-159  520.8   1.1   1   1  8.9e-159  8.9e-159  520.7   1.1    43   352    13   317     1   317 0.91 <unknown description>
117043at5125_2502994_0:001024|CM010803.1:1041778-1042954|+ -            393 117043               -            888  1.1e-132  434.3  10.5   1   1  1.4e-132  1.4e-132  434.0  10.5   487   885    15   392     2   392 0.80 <unknown description>
117043at5125_2004952_0:0019a2|CM010803.1:1041049-1041562|+ -            172 117043               -            888  4.1e-123  402.7   1.5   1   1  4.5e-123  4.5e-123  402.5   1.5   222   394     1   170     1   172 0.97 <unknown description>
117043at5125_2231603_0:002c15|CM010803.1:1042144-1042954|+ -            271 117043               -            888  1.9e-118  387.2   0.1   1   1  2.1e-118  2.1e-118  387.1   0.1   611   885     1   270     1   270 0.94 <unknown description>
117043at5125_1081104_0:00160f|CM010803.1:1040716-1041322|+ -            203 117043               -            888  1.5e-110  361.1   0.4   1   1  1.7e-110  1.7e-110  360.9   0.4   104   313     5   203     1   203 0.93 <unknown description>
#
# Program:         hmmsearch
# Version:         3.4 (Aug 2023)
# Pipeline mode:   SEARCH
# Query file:      /home/arafat/busco_downloads/lineages/hypocreales_odb12.2/hmms/117043at5125.hmm
# Target file:     /home/arafat/Foxy_SIX_Evolution/results/busco/GCA_003615085.1/run_hypocreales_odb12.2/miniprot_output/translated_proteins/117043at5125.faa
# Option settings: hmmsearch --domtblout /home/arafat/Foxy_SIX_Evolution/results/busco/GCA_003615085.1/run_hypocreales_odb12.2/hmmer_output/117043at5125.out --cpu 1 /home/arafat/busco_downloads/lineages/hypocreales_odb12.2/hmms/117043at5125.hmm /home/arafat/Foxy_SIX_Evolution/results/busco/GCA_003615085.1/run_hypocreales_odb12.2/miniprot_output/translated_proteins/117043at5125.faa 
# Current dir:     /home/arafat/Foxy_SIX_Evolution
# Date:            Thu Sep 24 13:57:35 2026
# [ok]
