#                                                                                                                    --- full sequence --- -------------- this domain -------------   hmm coord   ali coord   env coord
# target name                                                accession   tlen query name           accession   qlen   E-value  score  bias   #  of  c-Evalue  i-Evalue  score  bias  from    to  from    to  from    to  acc description of target
#                                        ------------------- ---------- ----- -------------------- ---------- ----- --------- ------ ----- --- --- --------- --------- ------ ----- ----- ----- ----- ----- ----- ----- ---- ---------------------
117213at5125_100902_0:001b2d|CM010803.1:1719195-1719597|+    -            135 117213               -            118   3.1e-60  190.3   0.6   1   1   3.7e-60   3.7e-60  190.1   0.6     2   115     7   119     6   122 0.97 <unknown description>
117213at5125_655819_0:000a73|CM010803.1:1719210-1723418|+    -            142 117213               -            118   4.1e-60  189.9   0.4   1   1   4.7e-60   4.7e-60  189.7   0.4     2   113     2   112     1   117 0.97 <unknown description>
117213at5125_98403_0:000dec|CM010803.1:1719210-1727223|+     -            134 117213               -            118   4.7e-60  189.7   0.6   1   1   5.4e-60   5.4e-60  189.5   0.6     2   113     2   112     1   116 0.97 <unknown description>
117213at5125_5507_3:001e39|CM010803.1:1719195-1719501|+      -            103 117213               -            118   1.3e-56  178.6   0.5   1   1   1.5e-56   1.5e-56  178.4   0.5     2    99     7   103     6   103 0.98 <unknown description>
117213at5125_229533_0:000b76|CM010803.1:1719195-1719399|+    -             69 117213               -            118   9.3e-37  114.6   0.9   1   1     1e-36     1e-36  114.4   0.9     2    65     7    69     6    69 0.98 <unknown description>
117213at5125_5111_0:001e84|CM010803.1:1719339-1719552|+      -             72 117213               -            118   1.5e-30   94.6   0.4   1   1   1.5e-30   1.5e-30   94.6   0.4    46   113     3    69     1    72 0.92 <unknown description>
117213at5125_2675880_0:003153|MRCU01000015.1:470463-470739|+ -             93 117213               -            118   3.3e-29   90.2   0.0   1   1   3.6e-29   3.6e-29   90.1   0.0     2    91     2    92     1    93 0.94 <unknown description>
#
# Program:         hmmsearch
# Version:         3.4 (Aug 2023)
# Pipeline mode:   SEARCH
# Query file:      /home/arafat/busco_downloads/lineages/hypocreales_odb12.2/hmms/117213at5125.hmm
# Target file:     /home/arafat/Foxy_SIX_Evolution/results/busco/GCA_003615085.1/run_hypocreales_odb12.2/miniprot_output/translated_proteins/117213at5125.faa
# Option settings: hmmsearch --domtblout /home/arafat/Foxy_SIX_Evolution/results/busco/GCA_003615085.1/run_hypocreales_odb12.2/hmmer_output/117213at5125.out --cpu 1 /home/arafat/busco_downloads/lineages/hypocreales_odb12.2/hmms/117213at5125.hmm /home/arafat/Foxy_SIX_Evolution/results/busco/GCA_003615085.1/run_hypocreales_odb12.2/miniprot_output/translated_proteins/117213at5125.faa 
# Current dir:     /home/arafat/Foxy_SIX_Evolution
# Date:            Thu Sep 24 13:57:36 2026
# [ok]
