#                                                                                                                  --- full sequence --- -------------- this domain -------------   hmm coord   ali coord   env coord
# target name                                              accession   tlen query name           accession   qlen   E-value  score  bias   #  of  c-Evalue  i-Evalue  score  bias  from    to  from    to  from    to  acc description of target
#                                      ------------------- ---------- ----- -------------------- ---------- ----- --------- ------ ----- --- --- --------- --------- ------ ----- ----- ----- ----- ----- ----- ----- ---- ---------------------
117651at5125_1229664_0:002deb|CM010802.1:3696719-3697886|+ -            390 117651               -            345  1.4e-168  549.5  12.5   1   2   2.3e-61   2.3e-61  196.9   6.6     1   104     1   104     1   107 0.95 <unknown description>
117651at5125_1229664_0:002deb|CM010802.1:3696719-3697886|+ -            390 117651               -            345  1.4e-168  549.5  12.5   2   2  1.6e-110  1.6e-110  358.6   0.7    82   345   100   388    97   388 0.89 <unknown description>
117651at5125_5507_5:0014d9|CM010802.1:3696424-3697886|+    -            460 117651               -            345  2.9e-168  548.5  12.5   1   2   1.7e-61   1.7e-61  197.4   6.7     1   106    71   176    71   183 0.93 <unknown description>
117651at5125_5507_5:0014d9|CM010802.1:3696424-3697886|+    -            460 117651               -            345  2.9e-168  548.5  12.5   2   2  2.7e-110  2.7e-110  357.9   0.7    82   345   170   458   167   458 0.89 <unknown description>
117651at5125_1053134_0:0027c1|CM010802.1:3696740-3697640|+ -            301 117651               -            345  1.8e-135  440.6  13.1   1   1  1.3e-132  1.3e-132  431.2  13.1     8   276     1   301     1   301 0.86 <unknown description>
117651at5125_426428_0:001fef|CM010802.1:3696520-3697435|+  -            277 117651               -            345  2.3e-105  341.6  11.2   1   1  1.7e-102  1.7e-102  332.1  11.2     1   194    39   250    39   257 0.87 <unknown description>
117651at5125_595255_0:001cca|CM010802.1:3696719-3697220|+  -            168 117651               -            345   1.8e-85  276.2  12.1   1   2   3.2e-62   3.2e-62  199.8   7.2     1   105     1   105     1   111 0.94 <unknown description>
117651at5125_595255_0:001cca|CM010802.1:3696719-3697220|+  -            168 117651               -            345   1.8e-85  276.2  12.1   2   2   1.2e-26   1.2e-26   82.7   0.7    80   150    98   168    95   168 0.95 <unknown description>
117651at5125_93591_0:0018c8|CM010802.1:3697205-3697886|+   -            228 117651               -            345     4e-84  271.8   0.1   1   1     5e-84     5e-84  271.5   0.1   145   345     1   226     1   226 0.87 <unknown description>
117651at5125_42672_0:0026fa|CM010802.1:3696611-3697115|+   -            169 117651               -            345   6.3e-63  202.1  12.5   1   2   7.5e-62   7.5e-62  198.5   8.6     1   106    37   142    37   148 0.93 <unknown description>
117651at5125_42672_0:0026fa|CM010802.1:3696611-3697115|+   -            169 117651               -            345   6.3e-63  202.1  12.5   2   2   0.00042   0.00042    8.7   0.7    82   115   136   169   133   169 0.91 <unknown description>
#
# Program:         hmmsearch
# Version:         3.4 (Aug 2023)
# Pipeline mode:   SEARCH
# Query file:      /home/arafat/busco_downloads/lineages/hypocreales_odb12.2/hmms/117651at5125.hmm
# Target file:     /home/arafat/Foxy_SIX_Evolution/results/busco/GCA_003615085.1/run_hypocreales_odb12.2/miniprot_output/translated_proteins/117651at5125.faa
# Option settings: hmmsearch --domtblout /home/arafat/Foxy_SIX_Evolution/results/busco/GCA_003615085.1/run_hypocreales_odb12.2/hmmer_output/117651at5125.out --cpu 1 /home/arafat/busco_downloads/lineages/hypocreales_odb12.2/hmms/117651at5125.hmm /home/arafat/Foxy_SIX_Evolution/results/busco/GCA_003615085.1/run_hypocreales_odb12.2/miniprot_output/translated_proteins/117651at5125.faa 
# Current dir:     /home/arafat/Foxy_SIX_Evolution
# Date:            Thu Sep 24 13:57:38 2026
# [ok]
