#                                                                                                                  --- full sequence --- -------------- this domain -------------   hmm coord   ali coord   env coord
# target name                                              accession   tlen query name           accession   qlen   E-value  score  bias   #  of  c-Evalue  i-Evalue  score  bias  from    to  from    to  from    to  acc description of target
#                                      ------------------- ---------- ----- -------------------- ---------- ----- --------- ------ ----- --- --- --------- --------- ------ ----- ----- ----- ----- ----- ----- ----- ---- ---------------------
118253at5125_396571_0:0004c0|CM010800.1:3259452-3260498|+  -            315 118253               -            221     5e-96  309.6   6.1   1   2       2.7       3.6   -3.8   0.0    92   129    12    51     2    54 0.62 <unknown description>
118253at5125_396571_0:0004c0|CM010800.1:3259452-3260498|+  -            315 118253               -            221     5e-96  309.6   6.1   2   2   9.3e-96   1.2e-95  308.3   6.3     3   217    63   301    61   304 0.87 <unknown description>
118253at5125_327505_0:00036c|CM010800.1:3258593-3260498|+  -            314 118253               -            221   6.9e-96  309.2   6.3   1   1   9.2e-96   1.2e-95  308.4   6.3     3   217    62   300    60   303 0.87 <unknown description>
118253at5125_1080343_0:001ab1|CM010800.1:3259724-3260498|+ -            259 118253               -            221   2.6e-95  307.3   9.0   1   1   3.3e-95   4.3e-95  306.6   9.0     3   217     7   245     5   248 0.87 <unknown description>
118253at5125_2898082_0:0018fe|CM010800.1:3259721-3262527|+ -            705 118253               -            221   6.2e-95  306.0   6.3   1   1   7.6e-95     1e-94  305.4   6.3     3   217     8   246     6   249 0.87 <unknown description>
118253at5125_1330021_0:0012ae|CM010800.1:3256615-3260498|+ -            235 118253               -            221   1.4e-86  278.7   9.0   1   1   1.7e-86   2.3e-86  278.0   9.0    37   217    24   221     5   224 0.89 <unknown description>
118253at5125_1294629_0:0008de|CM010800.1:3259697-3260330|+ -            212 118253               -            221   2.9e-82  264.6   4.1   1   1   2.6e-82   3.5e-82  264.3   4.1     3   185    16   212    14   212 0.87 <unknown description>
#
# Program:         hmmsearch
# Version:         3.4 (Aug 2023)
# Pipeline mode:   SEARCH
# Query file:      /home/arafat/busco_downloads/lineages/hypocreales_odb12.2/hmms/118253at5125.hmm
# Target file:     /home/arafat/Foxy_SIX_Evolution/results/busco/GCA_003615085.1/run_hypocreales_odb12.2/miniprot_output/translated_proteins/118253at5125.faa
# Option settings: hmmsearch --domtblout /home/arafat/Foxy_SIX_Evolution/results/busco/GCA_003615085.1/run_hypocreales_odb12.2/hmmer_output/118253at5125.out --cpu 1 /home/arafat/busco_downloads/lineages/hypocreales_odb12.2/hmms/118253at5125.hmm /home/arafat/Foxy_SIX_Evolution/results/busco/GCA_003615085.1/run_hypocreales_odb12.2/miniprot_output/translated_proteins/118253at5125.faa 
# Current dir:     /home/arafat/Foxy_SIX_Evolution
# Date:            Thu Sep 24 13:57:41 2026
# [ok]
