#                                                                                                                  --- full sequence --- -------------- this domain -------------   hmm coord   ali coord   env coord
# target name                                              accession   tlen query name           accession   qlen   E-value  score  bias   #  of  c-Evalue  i-Evalue  score  bias  from    to  from    to  from    to  acc description of target
#                                      ------------------- ---------- ----- -------------------- ---------- ----- --------- ------ ----- --- --- --------- --------- ------ ----- ----- ----- ----- ----- ----- ----- ---- ---------------------
120257at5125_5507_3:001578|CM010802.1:3371323-3372603|-    -            304 120257               -            239  2.6e-116  376.4  21.2   1   1  3.1e-116  3.1e-116  376.1  21.2     1   238     1   260     1   261 0.89 <unknown description>
120257at5125_48495_0:003557|CM010802.1:3371547-3372495|-   -            226 120257               -            239  2.3e-102  330.7  21.1   1   1  2.7e-102  2.7e-102  330.5  21.1    32   239     1   225     1   225 0.89 <unknown description>
120257at5125_33203_0:000723|CM010802.1:3371547-3372203|-   -            190 120257               -            239   1.1e-80  259.8  19.1   1   1   1.3e-80   1.3e-80  259.6  19.1    64   239     1   189     1   189 0.89 <unknown description>
120257at5125_96774_0:001d04|CM010802.1:3371547-3372003|-   -            153 120257               -            239   3.4e-59  189.4  20.9   1   1   3.9e-59   3.9e-59  189.2  20.9   101   239     4   152     1   152 0.90 <unknown description>
120257at5125_595255_0:003439|CM010802.1:3371764-3372603|-  -            169 120257               -            239   9.8e-55  174.8   8.3   1   2   9.8e-55   9.8e-55  174.8   8.3     1   105     1   114     1   124 0.87 <unknown description>
120257at5125_595255_0:003439|CM010802.1:3371764-3372603|-  -            169 120257               -            239   9.8e-55  174.8   8.3   2   2      0.94      0.94   -1.9   0.1   163   189   135   161   118   166 0.67 <unknown description>
120257at5125_1736662_0:001a4e|CM010802.1:3372143-3372603|- -             93 120257               -            239   7.2e-48  152.3   5.3   1   1   8.3e-48   8.3e-48  152.1   5.3     1    83     1    92     1    92 0.92 <unknown description>
120257at5125_5507_3:00304b|CM010805.1:3481048-3481529|+    -            115 120257               -            239   1.7e-27   85.6   3.9   1   1   1.8e-27   1.8e-27   85.6   3.9    32   128     1   106     1   114 0.76 <unknown description>
120257at5125_72712_0:003a83|CM010805.1:3481222-3481526|+   -             78 120257               -            239   4.8e-21   64.5   2.4   1   1     5e-21     5e-21   64.5   2.4    64   128     1    70     1    78 0.81 <unknown description>
#
# Program:         hmmsearch
# Version:         3.4 (Aug 2023)
# Pipeline mode:   SEARCH
# Query file:      /home/arafat/busco_downloads/lineages/hypocreales_odb12.2/hmms/120257at5125.hmm
# Target file:     /home/arafat/Foxy_SIX_Evolution/results/busco/GCA_003615085.1/run_hypocreales_odb12.2/miniprot_output/translated_proteins/120257at5125.faa
# Option settings: hmmsearch --domtblout /home/arafat/Foxy_SIX_Evolution/results/busco/GCA_003615085.1/run_hypocreales_odb12.2/hmmer_output/120257at5125.out --cpu 1 /home/arafat/busco_downloads/lineages/hypocreales_odb12.2/hmms/120257at5125.hmm /home/arafat/Foxy_SIX_Evolution/results/busco/GCA_003615085.1/run_hypocreales_odb12.2/miniprot_output/translated_proteins/120257at5125.faa 
# Current dir:     /home/arafat/Foxy_SIX_Evolution
# Date:            Thu Sep 24 13:57:49 2026
# [ok]
