#                                                                                                                  --- full sequence --- -------------- this domain -------------   hmm coord   ali coord   env coord
# target name                                              accession   tlen query name           accession   qlen   E-value  score  bias   #  of  c-Evalue  i-Evalue  score  bias  from    to  from    to  from    to  acc description of target
#                                      ------------------- ---------- ----- -------------------- ---------- ----- --------- ------ ----- --- --- --------- --------- ------ ----- ----- ----- ----- ----- ----- ----- ---- ---------------------
122730at5125_1080343_0:000aaf|CM010802.1:2648804-2652509|+ -           1201 122730               -           1066         0 1676.2   0.0   1   2         0         0 1673.0   0.0     1  1025     1  1082     1  1095 0.92 <unknown description>
122730at5125_1080343_0:000aaf|CM010802.1:2648804-2652509|+ -           1201 122730               -           1066         0 1676.2   0.0   2   2     0.026     0.026    1.0   0.1  1013  1054  1097  1144  1086  1150 0.67 <unknown description>
122730at5125_660027_0:00131c|CM010802.1:2648804-2657873|+  -           2742 122730               -           1066         0 1670.1   0.0   1   2         0         0 1670.1   0.0     1  1026     1  1083     1  1150 0.92 <unknown description>
122730at5125_660027_0:00131c|CM010802.1:2648804-2657873|+  -           2742 122730               -           1066         0 1670.1   0.0   2   2         7         7  -11.5  17.7   933  1043  2345  2456  2315  2473 0.51 <unknown description>
122730at5125_334819_0:000fbb|CM010802.1:2649851-2652509|+  -            852 122730               -           1066         0 1212.2   1.9   1   2         0         0 1210.2   0.2   320  1025     2   733     1   744 0.95 <unknown description>
122730at5125_334819_0:000fbb|CM010802.1:2649851-2652509|+  -            852 122730               -           1066         0 1212.2   1.9   2   2     0.017     0.017    1.7   0.1  1013  1054   748   795   737   802 0.68 <unknown description>
122730at5125_117187_0:000d73|CM010802.1:2648804-2651055|+  -            734 122730               -           1066         0 1092.2   0.0   1   1         0         0 1091.9   0.0     1   679     1   723     1   727 0.91 <unknown description>
122730at5125_150374_0:0000d4|CM010802.1:2650911-2657627|+  -            464 122730               -           1066  2.2e-182  597.3   1.4   1   1  2.6e-182  2.6e-182  597.0   1.4   642   986     1   350     1   373 0.97 <unknown description>
122730at5125_117187_0:000d7c|CM010802.1:2651198-2652509|+  -            438 122730               -           1066  9.7e-151  492.5   5.2   1   2  1.8e-150  1.8e-150  491.6   1.3   720  1025     1   319     1   330 0.92 <unknown description>
122730at5125_117187_0:000d7c|CM010802.1:2651198-2652509|+  -            438 122730               -           1066  9.7e-151  492.5   5.2   2   2    0.0075    0.0075    2.9   0.1  1013  1054   334   381   323   388 0.68 <unknown description>
122730at5125_150374_0:0001e8|CM010802.1:2648804-2649908|+  -            369 122730               -           1066  5.4e-148  483.4   0.3   1   1    6e-148    6e-148  483.3   0.3     1   337     1   368     1   368 0.87 <unknown description>
#
# Program:         hmmsearch
# Version:         3.4 (Aug 2023)
# Pipeline mode:   SEARCH
# Query file:      /home/arafat/busco_downloads/lineages/hypocreales_odb12.2/hmms/122730at5125.hmm
# Target file:     /home/arafat/Foxy_SIX_Evolution/results/busco/GCA_003615085.1/run_hypocreales_odb12.2/miniprot_output/translated_proteins/122730at5125.faa
# Option settings: hmmsearch --domtblout /home/arafat/Foxy_SIX_Evolution/results/busco/GCA_003615085.1/run_hypocreales_odb12.2/hmmer_output/122730at5125.out --cpu 1 /home/arafat/busco_downloads/lineages/hypocreales_odb12.2/hmms/122730at5125.hmm /home/arafat/Foxy_SIX_Evolution/results/busco/GCA_003615085.1/run_hypocreales_odb12.2/miniprot_output/translated_proteins/122730at5125.faa 
# Current dir:     /home/arafat/Foxy_SIX_Evolution
# Date:            Thu Sep 24 13:57:54 2026
# [ok]
