#                                                                                                                  --- full sequence --- -------------- this domain -------------   hmm coord   ali coord   env coord
# target name                                              accession   tlen query name           accession   qlen   E-value  score  bias   #  of  c-Evalue  i-Evalue  score  bias  from    to  from    to  from    to  acc description of target
#                                      ------------------- ---------- ----- -------------------- ---------- ----- --------- ------ ----- --- --- --------- --------- ------ ----- ----- ----- ----- ----- ----- ----- ---- ---------------------
123402at5125_396571_0:00016e|CM010800.1:1838559-1841712|+  -            996 123402               -            854         0 1490.9  32.9   1   4   1.7e-37   1.7e-37  117.4  18.5     6   142    16   164    11   169 0.82 <unknown description>
123402at5125_396571_0:00016e|CM010800.1:1838559-1841712|+  -            996 123402               -            854         0 1490.9  32.9   2   4  2.6e-207  2.6e-207  679.2   0.0   114   477   164   527   157   534 0.94 <unknown description>
123402at5125_396571_0:00016e|CM010800.1:1838559-1841712|+  -            996 123402               -            854         0 1490.9  32.9   3   4  1.1e-202  1.1e-202  664.0   0.2   470   823   546   917   532   921 0.93 <unknown description>
123402at5125_396571_0:00016e|CM010800.1:1838559-1841712|+  -            996 123402               -            854         0 1490.9  32.9   4   4   4.9e-14   4.9e-14   39.8   1.2   818   854   959   995   928   995 0.79 <unknown description>
123402at5125_1247861_0:000712|CM010800.1:1838553-1843948|+ -           1305 123402               -            854         0 1488.2  32.4   1   4   2.8e-37   2.8e-37  116.7  18.4     6   140    18   164    13   169 0.82 <unknown description>
123402at5125_1247861_0:000712|CM010800.1:1838553-1843948|+ -           1305 123402               -            854         0 1488.2  32.4   2   4  4.5e-207  4.5e-207  678.4   0.0   114   477   166   529   159   536 0.94 <unknown description>
123402at5125_1247861_0:000712|CM010800.1:1838553-1843948|+ -           1305 123402               -            854         0 1488.2  32.4   3   4  1.9e-202  1.9e-202  663.2   0.2   470   823   548   919   534   923 0.93 <unknown description>
123402at5125_1247861_0:000712|CM010800.1:1838553-1843948|+ -           1305 123402               -            854         0 1488.2  32.4   4   4     9e-14     9e-14   38.9   0.9   818   853   961   996   930   997 0.79 <unknown description>
123402at5125_877507_0:00123b|CM010800.1:1838559-1845581|+  -           1547 123402               -            854         0 1486.9  32.9   1   4   3.6e-37   3.6e-37  116.4  18.4     6   140    16   162    11   167 0.82 <unknown description>
123402at5125_877507_0:00123b|CM010800.1:1838559-1845581|+  -           1547 123402               -            854         0 1486.9  32.9   2   4  6.1e-207  6.1e-207  678.0   0.0   114   477   164   527   157   534 0.94 <unknown description>
123402at5125_877507_0:00123b|CM010800.1:1838559-1845581|+  -           1547 123402               -            854         0 1486.9  32.9   3   4  2.5e-202  2.5e-202  662.7   0.2   470   823   546   917   532   921 0.93 <unknown description>
123402at5125_877507_0:00123b|CM010800.1:1838559-1845581|+  -           1547 123402               -            854         0 1486.9  32.9   4   4   8.1e-14   8.1e-14   39.1   1.2   818   854   959   995   928   995 0.79 <unknown description>
123402at5125_117187_0:00038e|CM010800.1:1839388-1841712|+  -            737 123402               -            854         0 1252.9   6.5   1   3  4.6e-168  4.6e-168  549.4   0.0   210   477     1   268     1   276 0.98 <unknown description>
123402at5125_117187_0:00038e|CM010800.1:1839388-1841712|+  -            737 123402               -            854         0 1252.9   6.5   2   3  5.4e-203  5.4e-203  664.9   0.2   470   823   287   658   274   662 0.93 <unknown description>
123402at5125_117187_0:00038e|CM010800.1:1839388-1841712|+  -            737 123402               -            854         0 1252.9   6.5   3   3   3.4e-14   3.4e-14   40.3   1.2   818   854   700   736   669   736 0.78 <unknown description>
123402at5125_5046_0:0023aa|CM010800.1:1838559-1840906|+    -            732 123402               -            854         0 1195.8  16.3   1   1         0         0 1183.9  16.3     6   667    16   731    11   732 0.88 <unknown description>
123402at5125_92637_0:001c61|CM010800.1:1840120-1841709|+   -            492 123402               -            854  6.9e-216  707.6   3.7   1   2  1.6e-203  1.6e-203  666.7   0.0   470   823    43   414    31   418 0.93 <unknown description>
123402at5125_92637_0:001c61|CM010800.1:1840120-1841709|+   -            492 123402               -            854  6.9e-216  707.6   3.7   2   2   2.3e-14   2.3e-14   40.9   1.4   811   854   455   492   424   492 0.78 <unknown description>
123402at5125_92637_0:001cab|CM010800.1:1838559-1839835|+   -            409 123402               -            854  6.7e-171  558.8  20.3   1   2   5.2e-38   5.2e-38  119.1  18.6     6   140    16   162    11   166 0.82 <unknown description>
123402at5125_92637_0:001cab|CM010800.1:1838559-1839835|+   -            409 123402               -            854  6.7e-171  558.8  20.3   2   2  3.2e-135  3.2e-135  440.7   0.1   114   359   164   409   157   409 0.93 <unknown description>
#
# Program:         hmmsearch
# Version:         3.4 (Aug 2023)
# Pipeline mode:   SEARCH
# Query file:      /home/arafat/busco_downloads/lineages/hypocreales_odb12.2/hmms/123402at5125.hmm
# Target file:     /home/arafat/Foxy_SIX_Evolution/results/busco/GCA_003615085.1/run_hypocreales_odb12.2/miniprot_output/translated_proteins/123402at5125.faa
# Option settings: hmmsearch --domtblout /home/arafat/Foxy_SIX_Evolution/results/busco/GCA_003615085.1/run_hypocreales_odb12.2/hmmer_output/123402at5125.out --cpu 1 /home/arafat/busco_downloads/lineages/hypocreales_odb12.2/hmms/123402at5125.hmm /home/arafat/Foxy_SIX_Evolution/results/busco/GCA_003615085.1/run_hypocreales_odb12.2/miniprot_output/translated_proteins/123402at5125.faa 
# Current dir:     /home/arafat/Foxy_SIX_Evolution
# Date:            Thu Sep 24 13:57:56 2026
# [ok]
