#                                                                                                                    --- full sequence --- -------------- this domain -------------   hmm coord   ali coord   env coord
# target name                                                accession   tlen query name           accession   qlen   E-value  score  bias   #  of  c-Evalue  i-Evalue  score  bias  from    to  from    to  from    to  acc description of target
#                                        ------------------- ---------- ----- -------------------- ---------- ----- --------- ------ ----- --- --- --------- --------- ------ ----- ----- ----- ----- ----- ----- ----- ---- ---------------------
124375at5125_1081105_0:000a15|MRCU01000017.1:173026-179858|+ -            567 124375               -            145   6.4e-83  264.9   9.3   1   1   9.8e-83   9.8e-83  264.3   9.3     4   144   423   564   421   565 0.98 <unknown description>
124375at5125_595255_0:002be4|MRCU01000017.1:170369-179825|+  -            207 124375               -            145   1.6e-80  257.1   9.8   1   1   2.2e-80   2.2e-80  256.7   9.8     4   135    74   206    72   207 0.97 <unknown description>
124375at5125_948311_1:0003b5|MRCU01000017.1:179311-179867|+  -            186 124375               -            145   2.9e-78  249.8  12.2   1   2   4.8e-22   4.8e-22   67.5   0.1     4    43    10    49     8    57 0.94 <unknown description>
124375at5125_948311_1:0003b5|MRCU01000017.1:179311-179867|+  -            186 124375               -            145   2.9e-78  249.8  12.2   2   2   7.2e-58   7.2e-58  183.7   9.0    38   144    73   180    62   181 0.93 <unknown description>
124375at5125_96317_0:003399|MRCU01000017.1:179444-179867|+   -            142 124375               -            145   3.2e-58  184.8   9.4   1   1   3.8e-58   3.8e-58  184.6   9.4    38   144    29   136    16   137 0.93 <unknown description>
124375at5125_47803_0:003325|MRCU01000017.1:179034-179867|+   -            250 124375               -            145   3.4e-57  181.5  10.4   1   1   4.4e-57   4.4e-57  181.1  10.4    16   144   113   244    97   245 0.86 <unknown description>
124375at5125_5507_5:00174e|MRCU01000017.1:179311-179530|+    -             74 124375               -            145   5.1e-23   70.6   0.1   1   1   6.1e-23   6.1e-23   70.4   0.1     4    43    10    49     7    56 0.94 <unknown description>
124375at5125_42677_0:000887|MRCU01000017.1:179311-179613|+   -            101 124375               -            145   9.9e-23   69.7   0.1   1   1   1.5e-22   1.5e-22   69.2   0.1     4    43    10    49     8    56 0.94 <unknown description>
124375at5125_44412_0:00109c|MRCU01000017.1:179311-179707|+   -            133 124375               -            145   1.5e-22   69.1   0.1   1   1   2.6e-22   2.6e-22   68.3   0.1     4    43    10    49     8    56 0.94 <unknown description>
#
# Program:         hmmsearch
# Version:         3.4 (Aug 2023)
# Pipeline mode:   SEARCH
# Query file:      /home/arafat/busco_downloads/lineages/hypocreales_odb12.2/hmms/124375at5125.hmm
# Target file:     /home/arafat/Foxy_SIX_Evolution/results/busco/GCA_003615085.1/run_hypocreales_odb12.2/miniprot_output/translated_proteins/124375at5125.faa
# Option settings: hmmsearch --domtblout /home/arafat/Foxy_SIX_Evolution/results/busco/GCA_003615085.1/run_hypocreales_odb12.2/hmmer_output/124375at5125.out --cpu 1 /home/arafat/busco_downloads/lineages/hypocreales_odb12.2/hmms/124375at5125.hmm /home/arafat/Foxy_SIX_Evolution/results/busco/GCA_003615085.1/run_hypocreales_odb12.2/miniprot_output/translated_proteins/124375at5125.faa 
# Current dir:     /home/arafat/Foxy_SIX_Evolution
# Date:            Thu Sep 24 13:57:20 2026
# [ok]
