#                                                                                                                  --- full sequence --- -------------- this domain -------------   hmm coord   ali coord   env coord
# target name                                              accession   tlen query name           accession   qlen   E-value  score  bias   #  of  c-Evalue  i-Evalue  score  bias  from    to  from    to  from    to  acc description of target
#                                      ------------------- ---------- ----- -------------------- ---------- ----- --------- ------ ----- --- --- --------- --------- ------ ----- ----- ----- ----- ----- ----- ----- ---- ---------------------
124854at5125_396571_0:000101|CM010800.1:4850427-4854968|+  -           1482 124854               -            871         0 1251.6  90.1   1   7   1.2e-17   1.2e-17   51.0  11.6     9    75   111   178   103   186 0.76 <unknown description>
124854at5125_396571_0:000101|CM010800.1:4850427-4854968|+  -           1482 124854               -            871         0 1251.6  90.1   2   7   2.5e-29   2.5e-29   89.7  24.3    26   183   187   385   164   391 0.66 <unknown description>
124854at5125_396571_0:000101|CM010800.1:4850427-4854968|+  -           1482 124854               -            871         0 1251.6  90.1   3   7   1.6e-15   1.6e-15   44.0   0.1   137   187   391   441   383   447 0.91 <unknown description>
124854at5125_396571_0:000101|CM010800.1:4850427-4854968|+  -           1482 124854               -            871         0 1251.6  90.1   4   7   2.6e-20   2.6e-20   59.9  11.1   118   254   441   617   436   626 0.71 <unknown description>
124854at5125_396571_0:000101|CM010800.1:4850427-4854968|+  -           1482 124854               -            871         0 1251.6  90.1   5   7   1.6e-14   1.6e-14   40.7   0.0   262   300   773   811   739   827 0.84 <unknown description>
124854at5125_396571_0:000101|CM010800.1:4850427-4854968|+  -           1482 124854               -            871         0 1251.6  90.1   6   7   3.1e-41   3.1e-41  129.1   3.2   295   369   832   911   821   921 0.88 <unknown description>
124854at5125_396571_0:000101|CM010800.1:4850427-4854968|+  -           1482 124854               -            871         0 1251.6  90.1   7   7  8.1e-261  8.1e-261  855.6   6.3   388   871   982  1479   957  1479 0.96 <unknown description>
124854at5125_5507_1:0027e9|CM010800.1:4850424-4858292|+    -           2056 124854               -            871         0 1174.6  89.1   1   7   2.3e-17   2.3e-17   50.1  11.9     9    75   112   179   105   187 0.76 <unknown description>
124854at5125_5507_1:0027e9|CM010800.1:4850424-4858292|+    -           2056 124854               -            871         0 1174.6  89.1   2   7   4.2e-29   4.2e-29   88.9  24.4    25   183   187   386   163   391 0.66 <unknown description>
124854at5125_5507_1:0027e9|CM010800.1:4850424-4858292|+    -           2056 124854               -            871         0 1174.6  89.1   3   7   2.3e-15   2.3e-15   43.5   0.1   137   187   392   442   385   453 0.91 <unknown description>
124854at5125_5507_1:0027e9|CM010800.1:4850424-4858292|+    -           2056 124854               -            871         0 1174.6  89.1   4   7   4.5e-20   4.5e-20   59.1  11.3   118   254   442   618   437   627 0.71 <unknown description>
124854at5125_5507_1:0027e9|CM010800.1:4850424-4858292|+    -           2056 124854               -            871         0 1174.6  89.1   5   7   2.5e-14   2.5e-14   40.1   0.0   262   299   774   811   740   821 0.84 <unknown description>
124854at5125_5507_1:0027e9|CM010800.1:4850424-4858292|+    -           2056 124854               -            871         0 1174.6  89.1   6   7     4e-41     4e-41  128.7   3.2   294   369   832   912   819   928 0.88 <unknown description>
124854at5125_5507_1:0027e9|CM010800.1:4850424-4858292|+    -           2056 124854               -            871         0 1174.6  89.1   7   7  1.2e-238  1.2e-238  782.2   5.4   388   837   983  1445   959  1450 0.95 <unknown description>
124854at5125_2004951_0:001e9e|CM010800.1:4853003-4854962|+ -            638 124854               -            871  1.3e-293  964.1  17.4   1   2   9.1e-36   9.1e-36  111.0   3.4   306   369     1    69     1    82 0.90 <unknown description>
124854at5125_2004951_0:001e9e|CM010800.1:4853003-4854962|+ -            638 124854               -            871  1.3e-293  964.1  17.4   2   2  6.4e-262  6.4e-262  859.2   5.7   388   871   140   637   123   637 0.96 <unknown description>
124854at5125_150374_0:000274|CM010800.1:4853477-4854962|+  -            480 124854               -            871  2.9e-252  827.3   4.9   1   1  3.2e-252  3.2e-252  827.1   4.9   407   871     1   479     1   479 0.97 <unknown description>
#
# Program:         hmmsearch
# Version:         3.4 (Aug 2023)
# Pipeline mode:   SEARCH
# Query file:      /home/arafat/busco_downloads/lineages/hypocreales_odb12.2/hmms/124854at5125.hmm
# Target file:     /home/arafat/Foxy_SIX_Evolution/results/busco/GCA_003615085.1/run_hypocreales_odb12.2/miniprot_output/translated_proteins/124854at5125.faa
# Option settings: hmmsearch --domtblout /home/arafat/Foxy_SIX_Evolution/results/busco/GCA_003615085.1/run_hypocreales_odb12.2/hmmer_output/124854at5125.out --cpu 1 /home/arafat/busco_downloads/lineages/hypocreales_odb12.2/hmms/124854at5125.hmm /home/arafat/Foxy_SIX_Evolution/results/busco/GCA_003615085.1/run_hypocreales_odb12.2/miniprot_output/translated_proteins/124854at5125.faa 
# Current dir:     /home/arafat/Foxy_SIX_Evolution
# Date:            Thu Sep 24 13:57:24 2026
# [ok]
