#                                                                                                                  --- full sequence --- -------------- this domain -------------   hmm coord   ali coord   env coord
# target name                                              accession   tlen query name           accession   qlen   E-value  score  bias   #  of  c-Evalue  i-Evalue  score  bias  from    to  from    to  from    to  acc description of target
#                                      ------------------- ---------- ----- -------------------- ---------- ----- --------- ------ ----- --- --- --------- --------- ------ ----- ----- ----- ----- ----- ----- ----- ---- ---------------------
129627at5125_33203_0:000459|CM010800.1:3342174-3342993|-   -            274 129627               -            199  1.1e-102  331.1   9.0   1   1  2.6e-101  2.6e-101  326.6   9.0     1   198    60   273    60   274 0.90 <unknown description>
129627at5125_1081102_0:002019|CM010800.1:3342120-3352667|- -            327 129627               -            199  2.5e-102  329.9   9.2   1   1  5.3e-101  5.3e-101  325.6   9.2     1   198    95   308    95   309 0.90 <unknown description>
129627at5125_327505_0:0008fe|CM010800.1:3342111-3343695|-  -            529 129627               -            199  2.2e-101  326.8  10.6   1   2         4         4   -3.7   0.0   118   128    46    56    44    74 0.74 <unknown description>
129627at5125_327505_0:0008fe|CM010800.1:3342111-3343695|-  -            529 129627               -            199  2.2e-101  326.8  10.6   2   2  1.5e-100  1.5e-100  324.1   8.9     1   198   294   507   294   508 0.90 <unknown description>
129627at5125_1159556_0:000b3d|CM010800.1:3342150-3342783|- -            212 129627               -            199   7.7e-97  312.0   9.2   1   1   2.2e-95   2.2e-95  307.2   9.2    12   198     1   203     1   204 0.89 <unknown description>
129627at5125_2559228_0:001c9c|CM010800.1:3342174-3342522|- -            117 129627               -            199   3.8e-68  218.3   7.1   1   1   4.4e-68   4.4e-68  218.1   7.1    87   198     5   116     2   117 0.96 <unknown description>
129627at5125_2559226_0:001c08|CM010800.1:3342438-3343662|- -            310 129627               -            199   3.3e-45  143.5   0.6   1   3       1.5       1.5   -2.3   0.0   118   129    35    46    32    68 0.70 <unknown description>
129627at5125_2559226_0:001c08|CM010800.1:3342438-3343662|- -            310 129627               -            199   3.3e-45  143.5   0.6   2   3       5.5       5.5   -4.2   0.0   118   133    94   109    93   113 0.83 <unknown description>
129627at5125_2559226_0:001c08|CM010800.1:3342438-3343662|- -            310 129627               -            199   3.3e-45  143.5   0.6   3   3   1.3e-43   1.3e-43  138.2   0.2     1   111   184   310   184   310 0.83 <unknown description>
129627at5125_2559231_0:0013e0|CM010800.1:3342450-3342846|- -            133 129627               -            199   1.4e-43  138.1   0.3   1   1     6e-42     6e-42  132.8   0.3     1   107    11   133    11   133 0.83 <unknown description>
129627at5125_1294630_0:00038e|CM010800.1:3342639-3342840|- -             68 129627               -            199   8.9e-27   83.3   0.0   1   1   9.9e-27   9.9e-27   83.1   0.0     1    60     9    68     9    68 0.99 <unknown description>
129627at5125_2559221_0:001f43|CM010800.1:3342639-3343029|- -            131 129627               -            199   5.4e-26   80.7   0.0   1   1   6.7e-26   6.7e-26   80.4   0.0     1    60    72   131    72   131 0.99 <unknown description>
#
# Program:         hmmsearch
# Version:         3.4 (Aug 2023)
# Pipeline mode:   SEARCH
# Query file:      /home/arafat/busco_downloads/lineages/hypocreales_odb12.2/hmms/129627at5125.hmm
# Target file:     /home/arafat/Foxy_SIX_Evolution/results/busco/GCA_003615085.1/run_hypocreales_odb12.2/miniprot_output/translated_proteins/129627at5125.faa
# Option settings: hmmsearch --domtblout /home/arafat/Foxy_SIX_Evolution/results/busco/GCA_003615085.1/run_hypocreales_odb12.2/hmmer_output/129627at5125.out --cpu 1 /home/arafat/busco_downloads/lineages/hypocreales_odb12.2/hmms/129627at5125.hmm /home/arafat/Foxy_SIX_Evolution/results/busco/GCA_003615085.1/run_hypocreales_odb12.2/miniprot_output/translated_proteins/129627at5125.faa 
# Current dir:     /home/arafat/Foxy_SIX_Evolution
# Date:            Thu Sep 24 13:57:34 2026
# [ok]
