#                                                                                                                  --- full sequence --- -------------- this domain -------------   hmm coord   ali coord   env coord
# target name                                              accession   tlen query name           accession   qlen   E-value  score  bias   #  of  c-Evalue  i-Evalue  score  bias  from    to  from    to  from    to  acc description of target
#                                      ------------------- ---------- ----- -------------------- ---------- ----- --------- ------ ----- --- --- --------- --------- ------ ----- ----- ----- ----- ----- ----- ----- ---- ---------------------
131341at5125_1080343_0:0014dc|CM010801.1:1161402-1163514|+ -            688 131341               -            577    1e-260  855.3 105.1   1   2   5.1e-91   5.1e-91  295.0  63.7     4   290    12   315     1   318 0.82 <unknown description>
131341at5125_1080343_0:0014dc|CM010801.1:1161402-1163514|+ -            688 131341               -            577    1e-260  855.3 105.1   2   2  1.6e-172  1.6e-172  564.1  45.1   221   577   299   687   296   687 0.84 <unknown description>
131341at5125_78864_0:00375f|CM010801.1:1161990-1163514|+   -            492 131341               -            577    2e-192  629.8  69.5   1   2   8.2e-24   8.2e-24   73.1  29.5   172   293     1   122     1   124 0.78 <unknown description>
131341at5125_78864_0:00375f|CM010801.1:1161990-1163514|+   -            492 131341               -            577    2e-192  629.8  69.5   2   2    8e-173    8e-173  565.1  45.6   221   577   103   491   100   491 0.84 <unknown description>
131341at5125_1079267_0:003221|CM010801.1:1162422-1163514|+ -            348 131341               -            577  8.4e-169  551.8  23.7   1   1  9.8e-169  9.8e-169  551.6  23.7   271   577    19   347     2   347 0.85 <unknown description>
131341at5125_93591_0:0029cf|CM010801.1:1163067-1163514|+   -            149 131341               -            577  1.7e-100  326.3   1.6   1   1   1.1e-99   1.1e-99  323.6   1.6   446   577     1   148     1   148 0.97 <unknown description>
131341at5125_122381_0:003799|CM010801.1:1161402-1162311|+  -            304 131341               -            577     7e-93  301.2  57.6   1   1   3.8e-91   3.8e-91  295.4  57.6     4   278    12   303     1   304 0.84 <unknown description>
131341at5125_595255_0:003016|CM010801.1:1161402-1162125|+  -            242 131341               -            577     6e-87  281.6  33.5   1   1   4.1e-85   4.1e-85  275.5  33.5     4   217    12   242     1   242 0.85 <unknown description>
#
# Program:         hmmsearch
# Version:         3.4 (Aug 2023)
# Pipeline mode:   SEARCH
# Query file:      /home/arafat/busco_downloads/lineages/hypocreales_odb12.2/hmms/131341at5125.hmm
# Target file:     /home/arafat/Foxy_SIX_Evolution/results/busco/GCA_003615085.1/run_hypocreales_odb12.2/miniprot_output/translated_proteins/131341at5125.faa
# Option settings: hmmsearch --domtblout /home/arafat/Foxy_SIX_Evolution/results/busco/GCA_003615085.1/run_hypocreales_odb12.2/hmmer_output/131341at5125.out --cpu 1 /home/arafat/busco_downloads/lineages/hypocreales_odb12.2/hmms/131341at5125.hmm /home/arafat/Foxy_SIX_Evolution/results/busco/GCA_003615085.1/run_hypocreales_odb12.2/miniprot_output/translated_proteins/131341at5125.faa 
# Current dir:     /home/arafat/Foxy_SIX_Evolution
# Date:            Thu Sep 24 13:57:36 2026
# [ok]
