#                                                                                                                  --- full sequence --- -------------- this domain -------------   hmm coord   ali coord   env coord
# target name                                              accession   tlen query name           accession   qlen   E-value  score  bias   #  of  c-Evalue  i-Evalue  score  bias  from    to  from    to  from    to  acc description of target
#                                      ------------------- ---------- ----- -------------------- ---------- ----- --------- ------ ----- --- --- --------- --------- ------ ----- ----- ----- ----- ----- ----- ----- ---- ---------------------
132532at5125_93591_0:0002e0|CM010801.1:1214042-1215795|+   -            400 132532               -            246  2.5e-102  329.4  47.4   1   2   1.6e-31   1.6e-31   97.5   7.7     1   121     1   122     1   130 0.85 <unknown description>
132532at5125_93591_0:0002e0|CM010801.1:1214042-1215795|+   -            400 132532               -            246  2.5e-102  329.4  47.4   2   2   3.1e-71   3.1e-71  227.6  36.3    73   243   128   326   115   328 0.79 <unknown description>
132532at5125_1080343_0:001710|CM010801.1:1214042-1215393|+ -            434 132532               -            246   1.1e-98  317.4  70.3   1   4   2.9e-31   2.9e-31   96.7   8.7     1   121     1   122     1   137 0.83 <unknown description>
132532at5125_1080343_0:001710|CM010801.1:1214042-1215393|+ -            434 132532               -            246   1.1e-98  317.4  70.3   2   4      0.27      0.27   -1.5   7.4    77   113   132   170   113   181 0.54 <unknown description>
132532at5125_1080343_0:001710|CM010801.1:1214042-1215393|+ -            434 132532               -            246   1.1e-98  317.4  70.3   3   4       1.1       1.1   -3.5   4.4    71   121   180   230   169   234 0.64 <unknown description>
132532at5125_1080343_0:001710|CM010801.1:1214042-1215393|+ -            434 132532               -            246   1.1e-98  317.4  70.3   4   4   1.9e-71   1.9e-71  228.3  38.1    74   246   231   433   213   433 0.79 <unknown description>
132532at5125_1081104_0:001368|CM010801.1:1214730-1215393|+ -            222 132532               -            246   1.2e-75  242.0  35.7   1   2   5.7e-12   5.7e-12   33.5   7.1    74   124    19    70     5    72 0.82 <unknown description>
132532at5125_1081104_0:001368|CM010801.1:1214730-1215393|+ -            222 132532               -            246   1.2e-75  242.0  35.7   2   2   5.2e-67   5.2e-67  213.7  24.1    98   246    58   221    55   221 0.84 <unknown description>
#
# Program:         hmmsearch
# Version:         3.4 (Aug 2023)
# Pipeline mode:   SEARCH
# Query file:      /home/arafat/busco_downloads/lineages/hypocreales_odb12.2/hmms/132532at5125.hmm
# Target file:     /home/arafat/Foxy_SIX_Evolution/results/busco/GCA_003615085.1/run_hypocreales_odb12.2/miniprot_output/translated_proteins/132532at5125.faa
# Option settings: hmmsearch --domtblout /home/arafat/Foxy_SIX_Evolution/results/busco/GCA_003615085.1/run_hypocreales_odb12.2/hmmer_output/132532at5125.out --cpu 1 /home/arafat/busco_downloads/lineages/hypocreales_odb12.2/hmms/132532at5125.hmm /home/arafat/Foxy_SIX_Evolution/results/busco/GCA_003615085.1/run_hypocreales_odb12.2/miniprot_output/translated_proteins/132532at5125.faa 
# Current dir:     /home/arafat/Foxy_SIX_Evolution
# Date:            Thu Sep 24 13:57:41 2026
# [ok]
