#                                                                                                                  --- full sequence --- -------------- this domain -------------   hmm coord   ali coord   env coord
# target name                                              accession   tlen query name           accession   qlen   E-value  score  bias   #  of  c-Evalue  i-Evalue  score  bias  from    to  from    to  from    to  acc description of target
#                                      ------------------- ---------- ----- -------------------- ---------- ----- --------- ------ ----- --- --- --------- --------- ------ ----- ----- ----- ----- ----- ----- ----- ---- ---------------------
134459at5125_1291518_0:000eae|CM010805.1:1137185-1143053|- -            478 134459               -            292   2.9e-76  244.6  86.5   1   5   1.4e-16   1.4e-16   48.7  24.8    19   112    25   126    19   146 0.79 <unknown description>
134459at5125_1291518_0:000eae|CM010805.1:1137185-1143053|- -            478 134459               -            292   2.9e-76  244.6  86.5   2   5   5.8e-15   5.8e-15   43.4  29.7    96   175   157   249   150   256 0.81 <unknown description>
134459at5125_1291518_0:000eae|CM010805.1:1137185-1143053|- -            478 134459               -            292   2.9e-76  244.6  86.5   3   5   1.7e-29   1.7e-29   91.1   2.1   162   225   257   323   249   334 0.85 <unknown description>
134459at5125_1291518_0:000eae|CM010805.1:1137185-1143053|- -            478 134459               -            292   2.9e-76  244.6  86.5   4   5   4.3e-16   4.3e-16   47.1   1.7   230   275   354   399   346   412 0.79 <unknown description>
134459at5125_1291518_0:000eae|CM010805.1:1137185-1143053|- -            478 134459               -            292   2.9e-76  244.6  86.5   5   5   1.6e-11   1.6e-11   32.1   0.4   252   292   432   477   428   477 0.80 <unknown description>
134459at5125_1080343_0:0013cd|CM010805.1:1137185-1138763|- -            527 134459               -            292   2.7e-73  234.8 102.1   1   6    0.0027    0.0027    5.1   1.2     1    46     1    46     1    78 0.60 <unknown description>
134459at5125_1080343_0:0013cd|CM010805.1:1137185-1138763|- -            527 134459               -            292   2.7e-73  234.8 102.1   2   6   1.4e-13   1.4e-13   38.8  33.8    21   111    76   174    69   194 0.80 <unknown description>
134459at5125_1080343_0:0013cd|CM010805.1:1137185-1138763|- -            527 134459               -            292   2.7e-73  234.8 102.1   3   6   6.8e-15   6.8e-15   43.2  29.7    96   175   206   298   199   305 0.81 <unknown description>
134459at5125_1080343_0:0013cd|CM010805.1:1137185-1138763|- -            527 134459               -            292   2.7e-73  234.8 102.1   4   6   1.9e-29   1.9e-29   90.9   2.1   162   225   306   372   298   383 0.86 <unknown description>
134459at5125_1080343_0:0013cd|CM010805.1:1137185-1138763|- -            527 134459               -            292   2.7e-73  234.8 102.1   5   6   4.9e-16   4.9e-16   46.9   1.7   230   275   403   448   395   461 0.79 <unknown description>
134459at5125_1080343_0:0013cd|CM010805.1:1137185-1138763|- -            527 134459               -            292   2.7e-73  234.8 102.1   6   6   1.8e-11   1.8e-11   31.9   0.4   252   292   481   526   477   526 0.80 <unknown description>
134459at5125_29856_0:0015f4|CM010805.1:1137377-1138634|-   -            420 134459               -            292   1.1e-66  213.1  84.7   1   4     3e-15     3e-15   44.3  29.1    20   112    32   132    19   152 0.80 <unknown description>
134459at5125_29856_0:0015f4|CM010805.1:1137377-1138634|-   -            420 134459               -            292   1.1e-66  213.1  84.7   2   4   5.1e-15   5.1e-15   43.6  29.8    96   175   163   255   156   262 0.81 <unknown description>
134459at5125_29856_0:0015f4|CM010805.1:1137377-1138634|-   -            420 134459               -            292   1.1e-66  213.1  84.7   3   4   1.3e-29   1.3e-29   91.4   2.2   162   225   263   329   255   347 0.86 <unknown description>
134459at5125_29856_0:0015f4|CM010805.1:1137377-1138634|-   -            420 134459               -            292   1.1e-66  213.1  84.7   4   4   3.8e-16   3.8e-16   47.3   1.8   230   274   360   404   352   417 0.79 <unknown description>
134459at5125_452589_0:00131c|CM010805.1:1137185-1137608|-  -            142 134459               -            292   1.6e-26   81.3   7.6   1   2   4.7e-17   4.7e-17   50.2   1.6   229   278    17    66    10    79 0.80 <unknown description>
134459at5125_452589_0:00131c|CM010805.1:1137185-1137608|-  -            142 134459               -            292   1.6e-26   81.3   7.6   2   2   2.3e-12   2.3e-12   34.9   0.5   251   292    95   141    91   141 0.81 <unknown description>
134459at5125_426428_0:00370e|CM010805.1:1137185-1137506|-  -            108 134459               -            292   3.7e-14   40.7   4.5   1   2   0.00064   0.00064    7.1   0.3   247   279     1    33     1    51 0.78 <unknown description>
134459at5125_426428_0:00370e|CM010805.1:1137185-1137506|-  -            108 134459               -            292   3.7e-14   40.7   4.5   2   2   1.3e-12   1.3e-12   35.7   0.5   251   292    61   107    57   107 0.81 <unknown description>
#
# Program:         hmmsearch
# Version:         3.4 (Aug 2023)
# Pipeline mode:   SEARCH
# Query file:      /home/arafat/busco_downloads/lineages/hypocreales_odb12.2/hmms/134459at5125.hmm
# Target file:     /home/arafat/Foxy_SIX_Evolution/results/busco/GCA_003615085.1/run_hypocreales_odb12.2/miniprot_output/translated_proteins/134459at5125.faa
# Option settings: hmmsearch --domtblout /home/arafat/Foxy_SIX_Evolution/results/busco/GCA_003615085.1/run_hypocreales_odb12.2/hmmer_output/134459at5125.out --cpu 1 /home/arafat/busco_downloads/lineages/hypocreales_odb12.2/hmms/134459at5125.hmm /home/arafat/Foxy_SIX_Evolution/results/busco/GCA_003615085.1/run_hypocreales_odb12.2/miniprot_output/translated_proteins/134459at5125.faa 
# Current dir:     /home/arafat/Foxy_SIX_Evolution
# Date:            Thu Sep 24 13:57:43 2026
# [ok]
