#                                                                                                                      --- full sequence --- -------------- this domain -------------   hmm coord   ali coord   env coord
# target name                                                  accession   tlen query name           accession   qlen   E-value  score  bias   #  of  c-Evalue  i-Evalue  score  bias  from    to  from    to  from    to  acc description of target
#                                          ------------------- ---------- ----- -------------------- ---------- ----- --------- ------ ----- --- --- --------- --------- ------ ----- ----- ----- ----- ----- ----- ----- ---- ---------------------
134824at5125_1089448_0:000b10|MRCU01000005.1:2186119-2187851|+ -            487 134824               -            231   1.8e-73  236.1 139.5   1   4   2.8e-22   2.8e-22   68.6  25.9     2   133    87   215    86   219 0.72 <unknown description>
134824at5125_1089448_0:000b10|MRCU01000005.1:2186119-2187851|+ -            487 134824               -            231   1.8e-73  236.1 139.5   2   4      0.23      0.23    0.2  46.7    59   142   212   294   209   294 0.63 <unknown description>
134824at5125_1089448_0:000b10|MRCU01000005.1:2186119-2187851|+ -            487 134824               -            231   1.8e-73  236.1 139.5   3   4         8         8   -8.1  50.8    76   143   241   308   240   318 0.55 <unknown description>
134824at5125_1089448_0:000b10|MRCU01000005.1:2186119-2187851|+ -            487 134824               -            231   1.8e-73  236.1 139.5   4   4   3.6e-50   3.6e-50  159.9  56.8    76   231   296   485   293   485 0.75 <unknown description>
134824at5125_1080343_0:0002d9|MRCU01000005.1:2186528-2187851|+ -            442 134824               -            231   2.8e-73  235.5 141.2   1   4   2.6e-22   2.6e-22   68.8  26.9     2   134    42   171    41   176 0.71 <unknown description>
134824at5125_1080343_0:0002d9|MRCU01000005.1:2186528-2187851|+ -            442 134824               -            231   2.8e-73  235.5 141.2   2   4         8         8  -19.0  70.8    60   148   168   255   165   282 0.55 <unknown description>
134824at5125_1080343_0:0002d9|MRCU01000005.1:2186528-2187851|+ -            442 134824               -            231   2.8e-73  235.5 141.2   3   4      0.19      0.19    0.5  36.8    76   143   251   316   249   320 0.72 <unknown description>
134824at5125_1080343_0:0002d9|MRCU01000005.1:2186528-2187851|+ -            442 134824               -            231   2.8e-73  235.5 141.2   4   4   7.4e-54   7.4e-54  172.0  21.7   118   231   309   440   303   440 0.79 <unknown description>
134824at5125_1399860_0:00139a|MRCU01000005.1:2177505-2187851|+ -            514 134824               -            231   2.9e-68  219.1 149.3   1   5       6.2       6.2   -4.5   1.8    69    81    70    82    44   105 0.49 <unknown description>
134824at5125_1399860_0:00139a|MRCU01000005.1:2177505-2187851|+ -            514 134824               -            231   2.9e-68  219.1 149.3   2   5   1.1e-19   1.1e-19   60.1  27.1     7   133   119   242   113   246 0.71 <unknown description>
134824at5125_1399860_0:00139a|MRCU01000005.1:2177505-2187851|+ -            514 134824               -            231   2.9e-68  219.1 149.3   3   5       0.2       0.2    0.4  42.6    59   142   239   316   235   316 0.63 <unknown description>
134824at5125_1399860_0:00139a|MRCU01000005.1:2177505-2187851|+ -            514 134824               -            231   2.9e-68  219.1 149.3   4   5         8         8   -8.5  51.6    75   143   267   335   266   345 0.55 <unknown description>
134824at5125_1399860_0:00139a|MRCU01000005.1:2177505-2187851|+ -            514 134824               -            231   2.9e-68  219.1 149.3   5   5   2.4e-50   2.4e-50  160.5  55.5    76   231   323   512   321   512 0.75 <unknown description>
134824at5125_101028_0:0021bf|MRCU01000005.1:2187233-2187851|+  -            140 134824               -            231   3.9e-57  182.7  22.7   1   1   1.5e-56   1.5e-56  180.7  22.7   117   231     9   138     2   138 0.88 <unknown description>
134824at5125_2004952_0:0015a7|MRCU01000005.1:2187557-2187851|+ -             99 134824               -            231     9e-56  178.2   4.9   1   1   1.1e-55   1.1e-55  178.0   4.9   145   231     7    97     2    97 0.94 <unknown description>
134824at5125_1325737_0:00382a|MRCU01000005.1:2187629-2187851|+ -             75 134824               -            231   2.4e-50  160.5   6.1   1   1   2.7e-50   2.7e-50  160.3   6.1   159   231     1    73     1    73 0.99 <unknown description>
134824at5125_61374_0:001d69|MRCU01000005.1:2186609-2186987|+   -            127 134824               -            231   1.2e-25   79.6  12.5   1   1   1.5e-25   1.5e-25   79.3  12.5     2   104    15   125    14   127 0.77 <unknown description>
134824at5125_1325737_0:0034ee|MRCU01000005.1:2186609-2187605|+ -            333 134824               -            231   1.8e-22   69.2  26.4   1   3   1.8e-22   1.8e-22   69.2  26.4     2   133    15   143    14   147 0.72 <unknown description>
134824at5125_1325737_0:0034ee|MRCU01000005.1:2186609-2187605|+ -            333 134824               -            231   1.8e-22   69.2  26.4   2   3         8         8  -18.1  70.4    61   148   142   228   139   255 0.54 <unknown description>
134824at5125_1325737_0:0034ee|MRCU01000005.1:2186609-2187605|+ -            333 134824               -            231   1.8e-22   69.2  26.4   3   3         8         8  -13.5  54.3    76   147   224   293   221   333 0.55 <unknown description>
#
# Program:         hmmsearch
# Version:         3.4 (Aug 2023)
# Pipeline mode:   SEARCH
# Query file:      /home/arafat/busco_downloads/lineages/hypocreales_odb12.2/hmms/134824at5125.hmm
# Target file:     /home/arafat/Foxy_SIX_Evolution/results/busco/GCA_003615085.1/run_hypocreales_odb12.2/miniprot_output/translated_proteins/134824at5125.faa
# Option settings: hmmsearch --domtblout /home/arafat/Foxy_SIX_Evolution/results/busco/GCA_003615085.1/run_hypocreales_odb12.2/hmmer_output/134824at5125.out --cpu 1 /home/arafat/busco_downloads/lineages/hypocreales_odb12.2/hmms/134824at5125.hmm /home/arafat/Foxy_SIX_Evolution/results/busco/GCA_003615085.1/run_hypocreales_odb12.2/miniprot_output/translated_proteins/134824at5125.faa 
# Current dir:     /home/arafat/Foxy_SIX_Evolution
# Date:            Thu Sep 24 13:57:44 2026
# [ok]
