#                                                                                                                  --- full sequence --- -------------- this domain -------------   hmm coord   ali coord   env coord
# target name                                              accession   tlen query name           accession   qlen   E-value  score  bias   #  of  c-Evalue  i-Evalue  score  bias  from    to  from    to  from    to  acc description of target
#                                      ------------------- ---------- ----- -------------------- ---------- ----- --------- ------ ----- --- --- --------- --------- ------ ----- ----- ----- ----- ----- ----- ----- ---- ---------------------
136161at5125_1080343_0:002cbd|CM010801.1:4007875-4010740|+ -            922 136161               -            852         0 1300.6   0.0   1   1         0         0 1300.1   0.0     3   851     6   916     4   917 0.91 <unknown description>
136161at5125_983965_0:00255f|CM010801.1:4007893-4013144|+  -            774 136161               -            852         0 1046.5   0.0   1   1         0         0 1046.2   0.0     5   709     2   750     1   758 0.92 <unknown description>
136161at5125_1081104_0:0024e3|CM010801.1:4008568-4010731|+ -            688 136161               -            852         0 1015.5   0.0   1   1         0         0 1014.9   0.0   218   851    17   685     9   686 0.92 <unknown description>
136161at5125_47278_0:0007db|CM010801.1:4009078-4010740|+   -            521 136161               -            852  1.1e-250  823.2   0.0   1   1  1.7e-250  1.7e-250  822.6   0.0   370   851     2   515     1   516 0.91 <unknown description>
136161at5125_78864_0:002903|CM010801.1:4007875-4009604|+   -            560 136161               -            852  4.2e-209  685.6   0.0   1   1  4.9e-209  4.9e-209  685.4   0.0     3   524     6   560     4   560 0.92 <unknown description>
136161at5125_2773459_0:002239|CM010801.1:4009981-4010740|+ -            254 136161               -            852    1e-125  409.8   3.6   1   1  1.8e-125  1.8e-125  408.9   3.6   631   851     2   248     1   249 0.87 <unknown description>
136161at5125_150374_0:001950|CM010801.1:4009882-4010497|+  -            206 136161               -            852  1.7e-101  329.7   0.1   1   1  1.9e-101  1.9e-101  329.5   0.1   600   790     1   206     1   206 0.90 <unknown description>
136161at5125_983965_0:002aa2|CM010801.1:4010446-4010737|+  -             98 136161               -            852   1.2e-35  111.9   4.4   1   1   2.9e-35   2.9e-35  110.5   4.4   774   851     2    93     1    94 0.79 <unknown description>
#
# Program:         hmmsearch
# Version:         3.4 (Aug 2023)
# Pipeline mode:   SEARCH
# Query file:      /home/arafat/busco_downloads/lineages/hypocreales_odb12.2/hmms/136161at5125.hmm
# Target file:     /home/arafat/Foxy_SIX_Evolution/results/busco/GCA_003615085.1/run_hypocreales_odb12.2/miniprot_output/translated_proteins/136161at5125.faa
# Option settings: hmmsearch --domtblout /home/arafat/Foxy_SIX_Evolution/results/busco/GCA_003615085.1/run_hypocreales_odb12.2/hmmer_output/136161at5125.out --cpu 1 /home/arafat/busco_downloads/lineages/hypocreales_odb12.2/hmms/136161at5125.hmm /home/arafat/Foxy_SIX_Evolution/results/busco/GCA_003615085.1/run_hypocreales_odb12.2/miniprot_output/translated_proteins/136161at5125.faa 
# Current dir:     /home/arafat/Foxy_SIX_Evolution
# Date:            Thu Sep 24 13:57:45 2026
# [ok]
