#                                                                                                                  --- full sequence --- -------------- this domain -------------   hmm coord   ali coord   env coord
# target name                                              accession   tlen query name           accession   qlen   E-value  score  bias   #  of  c-Evalue  i-Evalue  score  bias  from    to  from    to  from    to  acc description of target
#                                      ------------------- ---------- ----- -------------------- ---------- ----- --------- ------ ----- --- --- --------- --------- ------ ----- ----- ----- ----- ----- ----- ----- ---- ---------------------
140216at5125_100902_0:0047c6|CM010800.1:4924026-4927435|-  -           1103 140216               -           1083         0 1762.2  44.3   1   1         0         0 1762.0  44.3     1  1083     2  1102     2  1102 0.92 <unknown description>
140216at5125_660027_0:0004f9|CM010800.1:4918592-4927435|-  -           2001 140216               -           1083         0 1759.2  44.3   1   3         0         0 1759.2  44.3     1  1083     2  1102     2  1102 0.92 <unknown description>
140216at5125_660027_0:0004f9|CM010800.1:4918592-4927435|-  -           2001 140216               -           1083         0 1759.2  44.3   2   3         8         8   -7.8   3.9    21    70  1272  1324  1267  1362 0.48 <unknown description>
140216at5125_660027_0:0004f9|CM010800.1:4918592-4927435|-  -           2001 140216               -           1083         0 1759.2  44.3   3   3       3.1       3.1   -5.3  19.5    49   187  1589  1724  1566  1757 0.40 <unknown description>
140216at5125_47803_0:0036a3|CM010800.1:4924401-4926985|-   -            828 140216               -           1083         0 1477.0  16.5   1   1         0         0 1476.8  16.5   156   962     7   825     1   828 0.93 <unknown description>
140216at5125_57161_0:00408d|CM010800.1:4924026-4926374|-   -            766 140216               -           1083         0 1348.1  19.3   1   1         0         0 1348.0  19.3   329  1083     1   765     1   765 0.94 <unknown description>
140216at5125_468837_0:001a8c|CM010800.1:4925073-4926524|-  -            467 140216               -           1083  1.4e-301  992.4   0.4   1   1  1.6e-301  1.6e-301  992.3   0.4   279   739     1   467     1   467 0.97 <unknown description>
140216at5125_1567544_0:003747|CM010800.1:4924026-4925868|- -            615 140216               -           1083  1.5e-277  912.9  35.9   1   1  1.7e-277  1.7e-277  912.7  35.9   480  1083     1   614     1   614 0.92 <unknown description>
140216at5125_307937_0:004ea4|CM010800.1:4925601-4926778|-  -            359 140216               -           1083  1.9e-277  912.5   0.3   1   1  2.1e-277  2.1e-277  912.4   0.3   215   568     4   358     1   359 0.99 <unknown description>
140216at5125_1567544_0:003503|CM010800.1:4925987-4927435|- -            467 140216               -           1083  1.9e-231  760.2   8.9   1   1  2.2e-231  2.2e-231  760.0   8.9     1   458     2   467     2   467 0.91 <unknown description>
#
# Program:         hmmsearch
# Version:         3.4 (Aug 2023)
# Pipeline mode:   SEARCH
# Query file:      /home/arafat/busco_downloads/lineages/hypocreales_odb12.2/hmms/140216at5125.hmm
# Target file:     /home/arafat/Foxy_SIX_Evolution/results/busco/GCA_003615085.1/run_hypocreales_odb12.2/miniprot_output/translated_proteins/140216at5125.faa
# Option settings: hmmsearch --domtblout /home/arafat/Foxy_SIX_Evolution/results/busco/GCA_003615085.1/run_hypocreales_odb12.2/hmmer_output/140216at5125.out --cpu 1 /home/arafat/busco_downloads/lineages/hypocreales_odb12.2/hmms/140216at5125.hmm /home/arafat/Foxy_SIX_Evolution/results/busco/GCA_003615085.1/run_hypocreales_odb12.2/miniprot_output/translated_proteins/140216at5125.faa 
# Current dir:     /home/arafat/Foxy_SIX_Evolution
# Date:            Thu Sep 24 13:57:47 2026
# [ok]
