#                                                                                                                  --- full sequence --- -------------- this domain -------------   hmm coord   ali coord   env coord
# target name                                              accession   tlen query name           accession   qlen   E-value  score  bias   #  of  c-Evalue  i-Evalue  score  bias  from    to  from    to  from    to  acc description of target
#                                      ------------------- ---------- ----- -------------------- ---------- ----- --------- ------ ----- --- --- --------- --------- ------ ----- ----- ----- ----- ----- ----- ----- ---- ---------------------
143494at5125_396571_0:0030b1|CM010806.1:1916925-1920373|+  -           1024 143494               -           1015         0 1648.0   0.0   1   1         0         0 1647.8   0.0     5  1013     6  1022     2  1023 0.97 <unknown description>
143494at5125_655819_0:0027ef|CM010806.1:1916940-1929815|+  -           1717 143494               -           1015         0 1642.5   0.0   1   2         0         0 1641.6   0.0     7  1013     3  1016     1  1018 0.97 <unknown description>
143494at5125_655819_0:0027ef|CM010806.1:1916940-1929815|+  -           1717 143494               -           1015         0 1642.5   0.0   2   2      0.73      0.73   -3.3   0.0   630   657  1134  1162  1128  1194 0.71 <unknown description>
143494at5125_5046_0:000b7f|CM010806.1:1913874-1920358|+    -           1023 143494               -           1015         0 1623.4   0.0   1   1         0         0 1623.2   0.0    19  1009    24  1022    18  1023 0.97 <unknown description>
143494at5125_1736662_0:001dc7|CM010806.1:1917772-1920370|+ -            802 143494               -           1015         0 1225.2   0.0   1   1         0         0 1225.0   0.0   220  1013     1   801     1   802 0.97 <unknown description>
143494at5125_2773459_0:0031de|CM010806.1:1918333-1920373|+ -            616 143494               -           1015  1.4e-283  932.7   0.0   1   1  1.5e-283  1.5e-283  932.5   0.0   407  1013     2   614     1   615 0.97 <unknown description>
143494at5125_1806559_0:000a1c|CM010806.1:1918726-1920358|+ -            480 143494               -           1015  1.3e-224  737.5   0.0   1   1  1.4e-224  1.4e-224  737.3   0.0   536  1009     1   479     1   480 0.97 <unknown description>
143494at5125_1111077_0:001317|CM010806.1:1919321-1920358|+ -            309 143494               -           1015    1e-172  565.7   0.1   1   1  1.1e-172  1.1e-172  565.5   0.1   706  1009     5   308     1   309 0.99 <unknown description>
143494at5125_150374_0:000235|CM010806.1:1919610-1920361|+  -            232 143494               -           1015  9.8e-141  459.8   1.0   1   1  1.1e-140  1.1e-140  459.6   1.0   780  1010     1   231     1   232 1.00 <unknown description>
143494at5125_1736662_0:002683|CM010806.1:1916925-1917717|+ -            223 143494               -           1015  2.9e-123  401.9   0.0   1   1  3.3e-123  3.3e-123  401.8   0.0     5   219     6   221     2   223 0.97 <unknown description>
143494at5125_5544_1:0017f9|CM010806.1:1917429-1918045|+    -            187 143494               -           1015  3.3e-108  352.1   0.6   1   1  3.6e-108  3.6e-108  352.0   0.6   125   311     1   187     1   187 1.00 <unknown description>
143494at5125_2773459_0:0031e0|CM010806.1:1917062-1917287|+ -             76 143494               -           1015   1.3e-44  141.5   1.3   1   1   1.5e-44   1.5e-44  141.4   1.3    23    95     1    74     1    75 0.96 <unknown description>
#
# Program:         hmmsearch
# Version:         3.4 (Aug 2023)
# Pipeline mode:   SEARCH
# Query file:      /home/arafat/busco_downloads/lineages/hypocreales_odb12.2/hmms/143494at5125.hmm
# Target file:     /home/arafat/Foxy_SIX_Evolution/results/busco/GCA_003615085.1/run_hypocreales_odb12.2/miniprot_output/translated_proteins/143494at5125.faa
# Option settings: hmmsearch --domtblout /home/arafat/Foxy_SIX_Evolution/results/busco/GCA_003615085.1/run_hypocreales_odb12.2/hmmer_output/143494at5125.out --cpu 1 /home/arafat/busco_downloads/lineages/hypocreales_odb12.2/hmms/143494at5125.hmm /home/arafat/Foxy_SIX_Evolution/results/busco/GCA_003615085.1/run_hypocreales_odb12.2/miniprot_output/translated_proteins/143494at5125.faa 
# Current dir:     /home/arafat/Foxy_SIX_Evolution
# Date:            Thu Sep 24 13:57:21 2026
# [ok]
