#                                                                                                                  --- full sequence --- -------------- this domain -------------   hmm coord   ali coord   env coord
# target name                                              accession   tlen query name           accession   qlen   E-value  score  bias   #  of  c-Evalue  i-Evalue  score  bias  from    to  from    to  from    to  acc description of target
#                                      ------------------- ---------- ----- -------------------- ---------- ----- --------- ------ ----- --- --- --------- --------- ------ ----- ----- ----- ----- ----- ----- ----- ---- ---------------------
144326at5125_48484_0:001705|CM010800.1:1826909-1828173|-   -            295 144326               -            225  2.5e-123  399.2   2.3   1   2  7.8e-102  7.8e-102  328.9   0.3     2   183    43   232    42   242 0.94 <unknown description>
144326at5125_48484_0:001705|CM010800.1:1826909-1828173|-   -            295 144326               -            225  2.5e-123  399.2   2.3   2   2   7.2e-23   7.2e-23   70.6   0.1   178   225   245   292   239   292 0.98 <unknown description>
144326at5125_86546_0:00156e|CM010800.1:1827052-1828050|-   -            257 144326               -            225  1.3e-111  360.8   4.4   1   3   4.6e-07   4.6e-07   18.9   0.0     2    26     2    26     1    32 0.91 <unknown description>
144326at5125_86546_0:00156e|CM010800.1:1827052-1828050|-   -            257 144326               -            225  1.3e-111  360.8   4.4   2   3   7.3e-92   7.3e-92  296.3   0.4    26   183    44   208    37   219 0.94 <unknown description>
144326at5125_86546_0:00156e|CM010800.1:1827052-1828050|-   -            257 144326               -            225  1.3e-111  360.8   4.4   3   3   2.1e-15   2.1e-15   46.2   0.3   178   211   221   254   214   257 0.94 <unknown description>
144326at5125_2826082_0:0001e7|CM010800.1:1826909-1827644|- -            177 144326               -            225   3.4e-79  254.8   1.9   1   2   3.1e-57   3.1e-57  183.0   0.2    77   183     1   114     1   124 0.92 <unknown description>
144326at5125_2826082_0:0001e7|CM010800.1:1826909-1827644|- -            177 144326               -            225   3.4e-79  254.8   1.9   2   2   2.8e-23   2.8e-23   71.9   0.1   178   225   127   174   117   174 0.97 <unknown description>
144326at5125_877507_0:001062|CM010800.1:1826909-1827445|-  -            146 144326               -            225     1e-69  223.8   1.4   1   2   1.8e-47   1.8e-47  151.1   0.1   102   183     1    83     1    92 0.93 <unknown description>
144326at5125_877507_0:001062|CM010800.1:1826909-1827445|-  -            146 144326               -            225     1e-69  223.8   1.4   2   2   2.1e-23   2.1e-23   72.4   0.1   178   225    96   143    89   143 0.97 <unknown description>
144326at5125_660122_0:0005f7|CM010800.1:1827064-1827644|-  -            148 144326               -            225   2.5e-66  212.7   3.3   1   2   1.2e-52   1.2e-52  168.0   0.1    77   183     1   103     1   113 0.93 <unknown description>
144326at5125_660122_0:0005f7|CM010800.1:1827064-1827644|-  -            148 144326               -            225   2.5e-66  212.7   3.3   2   2   2.8e-15   2.8e-15   45.8   0.5   178   210   116   148   113   148 0.97 <unknown description>
144326at5125_96774_0:001415|CM010800.1:1827034-1827445|-   -            138 144326               -            225   2.4e-62  199.7   2.1   1   2   1.5e-47   1.5e-47  151.4   0.1   102   183     1    83     1    93 0.93 <unknown description>
144326at5125_96774_0:001415|CM010800.1:1827034-1827445|-   -            138 144326               -            225   2.4e-62  199.7   2.1   2   2   4.3e-16   4.3e-16   48.4   0.2   178   213    96   131    93   137 0.91 <unknown description>
144326at5125_1079257_0:001a3a|CM010800.1:1819375-1828059|- -            127 144326               -            225   3.4e-54  173.1   0.8   1   1   3.9e-54   3.9e-54  172.8   0.8     2   103     5   107     4   117 0.94 <unknown description>
144326at5125_5507_0:00008f|CM010800.1:1827472-1828050|-    -            120 144326               -            225   1.8e-51  164.2   0.3   1   1     2e-51     2e-51  164.0   0.3     2   102     2   105     1   114 0.93 <unknown description>
144326at5125_655827_0:001202|CM010800.1:1827563-1827864|-  -             80 144326               -            225   4.4e-44  140.0   1.1   1   1   5.1e-44   5.1e-44  139.8   1.1    26   101     2    77     1    79 0.98 <unknown description>
144326at5125_48865_0:0005fa|CM010800.1:1826931-1827307|-   -            126 144326               -            225   4.1e-33  104.1   0.8   1   2     9e-18     9e-18   53.9   0.0   147   183     1    37     1    47 0.89 <unknown description>
144326at5125_48865_0:0005fa|CM010800.1:1826931-1827307|-   -            126 144326               -            225   4.1e-33  104.1   0.8   2   2   2.7e-16   2.7e-16   49.1   0.2   178   214    50    86    46    93 0.90 <unknown description>
#
# Program:         hmmsearch
# Version:         3.4 (Aug 2023)
# Pipeline mode:   SEARCH
# Query file:      /home/arafat/busco_downloads/lineages/hypocreales_odb12.2/hmms/144326at5125.hmm
# Target file:     /home/arafat/Foxy_SIX_Evolution/results/busco/GCA_003615085.1/run_hypocreales_odb12.2/miniprot_output/translated_proteins/144326at5125.faa
# Option settings: hmmsearch --domtblout /home/arafat/Foxy_SIX_Evolution/results/busco/GCA_003615085.1/run_hypocreales_odb12.2/hmmer_output/144326at5125.out --cpu 1 /home/arafat/busco_downloads/lineages/hypocreales_odb12.2/hmms/144326at5125.hmm /home/arafat/Foxy_SIX_Evolution/results/busco/GCA_003615085.1/run_hypocreales_odb12.2/miniprot_output/translated_proteins/144326at5125.faa 
# Current dir:     /home/arafat/Foxy_SIX_Evolution
# Date:            Thu Sep 24 13:57:33 2026
# [ok]
