#                                                                                                                  --- full sequence --- -------------- this domain -------------   hmm coord   ali coord   env coord
# target name                                              accession   tlen query name           accession   qlen   E-value  score  bias   #  of  c-Evalue  i-Evalue  score  bias  from    to  from    to  from    to  acc description of target
#                                      ------------------- ---------- ----- -------------------- ---------- ----- --------- ------ ----- --- --- --------- --------- ------ ----- ----- ----- ----- ----- ----- ----- ---- ---------------------
144516at5125_2773459_0:0023e9|CM010805.1:2761752-2762724|- -            325 144516               -            280  2.7e-146  474.7   0.0   1   1  3.3e-146  3.3e-146  474.4   0.0     3   278    24   312    22   314 0.94 <unknown description>
144516at5125_1080343_0:001244|CM010805.1:2761704-2762967|- -            371 144516               -            280    5e-146  473.8   0.0   1   1  6.3e-146  6.3e-146  473.5   0.0     3   279    72   361    70   362 0.94 <unknown description>
144516at5125_451672_0:002090|CM010805.1:2761144-2762967|-  -            435 144516               -            280  8.2e-146  473.1   0.0   1   1  1.1e-145  1.1e-145  472.8   0.0     3   279    72   361    70   362 0.94 <unknown description>
144516at5125_2060973_0:0000eb|CM010805.1:2761791-2767896|- -            372 144516               -            280  8.6e-146  473.1   0.0   1   1    1e-145    1e-145  472.8   0.0     3   278    84   372    82   372 0.94 <unknown description>
144516at5125_1399860_1:0019c6|CM010805.1:2761773-2762283|- -            171 144516               -            280   2.9e-89  287.6   0.1   1   1   3.2e-89   3.2e-89  287.5   0.1   120   278     1   165     1   167 0.95 <unknown description>
144516at5125_29856_0:000ae9|CM010805.1:2762163-2762967|-   -            236 144516               -            280   2.5e-77  248.5   0.0   1   1   3.1e-77   3.1e-77  248.2   0.0     3   159    72   236    70   236 0.93 <unknown description>
144516at5125_29856_0:0007a1|CM010805.1:2761779-2762097|-   -            107 144516               -            280   1.9e-51  163.5   0.1   1   1   2.1e-51   2.1e-51  163.4   0.1   181   278     1   103     1   105 0.94 <unknown description>
#
# Program:         hmmsearch
# Version:         3.4 (Aug 2023)
# Pipeline mode:   SEARCH
# Query file:      /home/arafat/busco_downloads/lineages/hypocreales_odb12.2/hmms/144516at5125.hmm
# Target file:     /home/arafat/Foxy_SIX_Evolution/results/busco/GCA_003615085.1/run_hypocreales_odb12.2/miniprot_output/translated_proteins/144516at5125.faa
# Option settings: hmmsearch --domtblout /home/arafat/Foxy_SIX_Evolution/results/busco/GCA_003615085.1/run_hypocreales_odb12.2/hmmer_output/144516at5125.out --cpu 1 /home/arafat/busco_downloads/lineages/hypocreales_odb12.2/hmms/144516at5125.hmm /home/arafat/Foxy_SIX_Evolution/results/busco/GCA_003615085.1/run_hypocreales_odb12.2/miniprot_output/translated_proteins/144516at5125.faa 
# Current dir:     /home/arafat/Foxy_SIX_Evolution
# Date:            Thu Sep 24 13:57:33 2026
# [ok]
