#                                                                                                                  --- full sequence --- -------------- this domain -------------   hmm coord   ali coord   env coord
# target name                                              accession   tlen query name           accession   qlen   E-value  score  bias   #  of  c-Evalue  i-Evalue  score  bias  from    to  from    to  from    to  acc description of target
#                                      ------------------- ---------- ----- -------------------- ---------- ----- --------- ------ ----- --- --- --------- --------- ------ ----- ----- ----- ----- ----- ----- ----- ---- ---------------------
144887at5125_1080343_0:001f65|CM010800.1:1549140-1551113|- -            641 144887               -            487  5.4e-297  973.0   3.8   1   2  1.9e-290  1.9e-290  951.4   0.4     2   465    36   504    35   519 0.96 <unknown description>
144887at5125_1080343_0:001f65|CM010800.1:1549140-1551113|- -            641 144887               -            487  5.4e-297  973.0   3.8   2   2   6.6e-09   6.6e-09   22.9   0.2   453   486   549   582   542   583 0.83 <unknown description>
144887at5125_73501_0:00094a|CM010800.1:1549140-1560794|-   -            639 144887               -            487  6.3e-297  972.8   3.9   1   2  2.2e-290  2.2e-290  951.2   0.4     3   465    35   502    33   517 0.97 <unknown description>
144887at5125_73501_0:00094a|CM010800.1:1549140-1560794|-   -            639 144887               -            487  6.3e-297  972.8   3.9   2   2   6.5e-09   6.5e-09   22.9   0.2   453   486   547   580   540   581 0.83 <unknown description>
144887at5125_1081103_0:00056f|CM010800.1:1549596-1550999|- -            451 144887               -            487  2.4e-287  941.2   1.5   1   1  2.7e-287  2.7e-287  941.0   1.5     5   450     1   451     1   451 0.99 <unknown description>
144887at5125_2604345_0:00057c|CM010800.1:1549140-1550198|- -            353 144887               -            487  3.6e-124  403.0   2.0   1   2  7.9e-117  7.9e-117  378.8   0.1   267   465    18   216    14   231 0.94 <unknown description>
144887at5125_2604345_0:00057c|CM010800.1:1549140-1550198|- -            353 144887               -            487  3.6e-124  403.0   2.0   2   2   3.1e-09   3.1e-09   23.9   0.2   453   486   261   294   254   295 0.83 <unknown description>
#
# Program:         hmmsearch
# Version:         3.4 (Aug 2023)
# Pipeline mode:   SEARCH
# Query file:      /home/arafat/busco_downloads/lineages/hypocreales_odb12.2/hmms/144887at5125.hmm
# Target file:     /home/arafat/Foxy_SIX_Evolution/results/busco/GCA_003615085.1/run_hypocreales_odb12.2/miniprot_output/translated_proteins/144887at5125.faa
# Option settings: hmmsearch --domtblout /home/arafat/Foxy_SIX_Evolution/results/busco/GCA_003615085.1/run_hypocreales_odb12.2/hmmer_output/144887at5125.out --cpu 1 /home/arafat/busco_downloads/lineages/hypocreales_odb12.2/hmms/144887at5125.hmm /home/arafat/Foxy_SIX_Evolution/results/busco/GCA_003615085.1/run_hypocreales_odb12.2/miniprot_output/translated_proteins/144887at5125.faa 
# Current dir:     /home/arafat/Foxy_SIX_Evolution
# Date:            Thu Sep 24 13:57:36 2026
# [ok]
