#                                                                                                                --- full sequence --- -------------- this domain -------------   hmm coord   ali coord   env coord
# target name                                            accession   tlen query name           accession   qlen   E-value  score  bias   #  of  c-Evalue  i-Evalue  score  bias  from    to  from    to  from    to  acc description of target
#                                    ------------------- ---------- ----- -------------------- ---------- ----- --------- ------ ----- --- --- --------- --------- ------ ----- ----- ----- ----- ----- ----- ----- ---- ---------------------
144922at5125_1080343_0:002150|CM010800.1:785813-786875|+ -            292 144922               -            244  1.6e-139  452.3   8.3   1   1    1e-138    1e-138  449.6   8.3     1   244    32   291    32   291 0.93 <unknown description>
144922at5125_2596975_0:00013a|CM010800.1:776260-786875|+ -            374 144922               -            244  3.5e-139  451.2   8.1   1   1  1.9e-138  1.9e-138  448.7   8.1     1   244   114   373   114   373 0.93 <unknown description>
144922at5125_117187_0:000455|CM010800.1:786317-786875|+  -            187 144922               -            244   2.4e-97  314.2   5.6   1   1   2.1e-96   2.1e-96  311.0   5.6    73   244     1   186     1   186 0.92 <unknown description>
144922at5125_5507_5:00060b|CM010800.1:785813-786662|+    -            221 144922               -            244   3.5e-92  297.2   0.8   1   1   2.8e-91   2.8e-91  294.3   0.8     1   174    32   221    32   221 0.90 <unknown description>
144922at5125_660025_0:003c38|CM010800.1:785813-787739|+  -            333 144922               -            244   5.6e-92  296.6   0.6   1   1   3.8e-91   3.8e-91  293.9   0.6     1   175    32   222    32   226 0.90 <unknown description>
144922at5125_62069_0:000bba|CM010800.1:785813-786476|+   -            159 144922               -            244   1.3e-67  216.8   2.8   1   1   1.5e-67   1.5e-67  216.6   2.8     1   123    32   156    32   159 0.96 <unknown description>
144922at5125_62069_0:0014bc|CM010800.1:784816-786875|+   -            104 144922               -            244   4.1e-55  175.9   3.3   1   1   4.8e-55   4.8e-55  175.6   3.3   158   244    17   103    12   103 0.97 <unknown description>
144922at5125_468837_0:001bf5|CM010800.1:785813-786165|+  -            101 144922               -            244   3.5e-33  104.1   0.5   1   1   4.1e-33   4.1e-33  103.8   0.5     1    64    32    97    32   100 0.94 <unknown description>
#
# Program:         hmmsearch
# Version:         3.4 (Aug 2023)
# Pipeline mode:   SEARCH
# Query file:      /home/arafat/busco_downloads/lineages/hypocreales_odb12.2/hmms/144922at5125.hmm
# Target file:     /home/arafat/Foxy_SIX_Evolution/results/busco/GCA_003615085.1/run_hypocreales_odb12.2/miniprot_output/translated_proteins/144922at5125.faa
# Option settings: hmmsearch --domtblout /home/arafat/Foxy_SIX_Evolution/results/busco/GCA_003615085.1/run_hypocreales_odb12.2/hmmer_output/144922at5125.out --cpu 1 /home/arafat/busco_downloads/lineages/hypocreales_odb12.2/hmms/144922at5125.hmm /home/arafat/Foxy_SIX_Evolution/results/busco/GCA_003615085.1/run_hypocreales_odb12.2/miniprot_output/translated_proteins/144922at5125.faa 
# Current dir:     /home/arafat/Foxy_SIX_Evolution
# Date:            Thu Sep 24 13:57:37 2026
# [ok]
