#                                                                                                                  --- full sequence --- -------------- this domain -------------   hmm coord   ali coord   env coord
# target name                                              accession   tlen query name           accession   qlen   E-value  score  bias   #  of  c-Evalue  i-Evalue  score  bias  from    to  from    to  from    to  acc description of target
#                                      ------------------- ---------- ----- -------------------- ---------- ----- --------- ------ ----- --- --- --------- --------- ------ ----- ----- ----- ----- ----- ----- ----- ---- ---------------------
145353at5125_2898545_0:001d14|CM010800.1:2998764-3007506|- -           1116 145353               -            448    1e-190  624.4  35.1   1   6     0.015     0.024    3.5   0.3   114   141   105   131    28   151 0.75 <unknown description>
145353at5125_2898545_0:001d14|CM010800.1:2998764-3007506|- -           1116 145353               -            448    1e-190  624.4  35.1   2   6   1.2e-29   1.8e-29   92.9   0.3   196   376   247   429   232   500 0.87 <unknown description>
145353at5125_2898545_0:001d14|CM010800.1:2998764-3007506|- -           1116 145353               -            448    1e-190  624.4  35.1   3   6    0.0004   0.00062    8.7   0.1     3    23   532   552   530   559 0.89 <unknown description>
145353at5125_2898545_0:001d14|CM010800.1:2998764-3007506|- -           1116 145353               -            448    1e-190  624.4  35.1   4   6   1.9e-19   2.9e-19   59.2   1.3    42   116   605   689   563   694 0.77 <unknown description>
145353at5125_2898545_0:001d14|CM010800.1:2998764-3007506|- -           1116 145353               -            448    1e-190  624.4  35.1   5   6   2.8e-12   4.4e-12   35.6   2.1    98   140   691   736   686   744 0.84 <unknown description>
145353at5125_2898545_0:001d14|CM010800.1:2998764-3007506|- -           1116 145353               -            448    1e-190  624.4  35.1   6   6  2.3e-136  3.5e-136  444.6   3.0   140   447   778  1106   765  1107 0.92 <unknown description>
145353at5125_948311_1:000b98|CM010800.1:2998764-3001562|-  -            780 145353               -            448  1.1e-164  538.5  23.2   1   4   0.00027   0.00042    9.2   0.1     3    23   196   216   194   223 0.89 <unknown description>
145353at5125_948311_1:000b98|CM010800.1:2998764-3001562|-  -            780 145353               -            448  1.1e-164  538.5  23.2   2   4   1.2e-19   1.8e-19   59.9   1.3    42   116   269   353   227   358 0.77 <unknown description>
145353at5125_948311_1:000b98|CM010800.1:2998764-3001562|-  -            780 145353               -            448  1.1e-164  538.5  23.2   3   4   2.5e-12   3.8e-12   35.8   2.8    97   140   354   400   348   408 0.84 <unknown description>
145353at5125_948311_1:000b98|CM010800.1:2998764-3001562|-  -            780 145353               -            448  1.1e-164  538.5  23.2   4   4  1.1e-136  1.6e-136  445.7   3.0   140   447   442   770   428   771 0.92 <unknown description>
145353at5125_1163406_0:000aff|CM010800.1:2997693-3000890|- -            615 145353               -            448  8.9e-164  535.5  24.4   1   3     3e-19   4.7e-19   58.5   4.5    33   117    77   179    19   184 0.62 <unknown description>
145353at5125_1163406_0:000aff|CM010800.1:2997693-3000890|- -            615 145353               -            448  8.9e-164  535.5  24.4   2   3   1.1e-12   1.7e-12   36.9   1.6    98   140   180   225   176   234 0.84 <unknown description>
145353at5125_1163406_0:000aff|CM010800.1:2997693-3000890|- -            615 145353               -            448  8.9e-164  535.5  24.4   3   3    2e-135  3.1e-135  441.5   4.3   144   447   273   597   262   598 0.92 <unknown description>
145353at5125_96318_0:0002f4|CM010800.1:2998764-3000932|-   -            636 145353               -            448  5.1e-157  513.3  27.4   1   4   0.00022   0.00034    9.6   0.1     3    23    35    55    33    62 0.89 <unknown description>
145353at5125_96318_0:0002f4|CM010800.1:2998764-3000932|-   -            636 145353               -            448  5.1e-157  513.3  27.4   2   4   8.7e-20   1.3e-19   60.3   1.3    42   116   108   192    66   197 0.77 <unknown description>
145353at5125_96318_0:0002f4|CM010800.1:2998764-3000932|-   -            636 145353               -            448  5.1e-157  513.3  27.4   3   4   1.9e-12   2.9e-12   36.1   2.8    97   140   193   239   187   249 0.84 <unknown description>
145353at5125_96318_0:0002f4|CM010800.1:2998764-3000932|-   -            636 145353               -            448  5.1e-157  513.3  27.4   4   4  3.7e-128  5.7e-128  417.5   6.9   140   447   281   626   266   627 0.89 <unknown description>
145353at5125_2773459_0:00246e|CM010800.1:2998782-2999994|- -            339 145353               -            448    1e-135  443.0   4.0   1   1  8.7e-136  1.3e-135  442.7   4.0   144   447    11   335     8   336 0.92 <unknown description>
145353at5125_2004951_0:0017e7|CM010800.1:2999239-2999927|- -            209 145353               -            448  1.7e-100  327.0   0.8   1   1  1.2e-100  1.8e-100  326.9   0.8   145   346     1   207     1   209 0.96 <unknown description>
145353at5125_123648_0:002003|CM010800.1:2999597-3000932|-  -            419 145353               -            448   2.8e-71  230.7  15.1   1   4   0.00013    0.0002   10.3   0.1     3    23    35    55    33    64 0.90 <unknown description>
145353at5125_123648_0:002003|CM010800.1:2999597-3000932|-  -            419 145353               -            448   2.8e-71  230.7  15.1   2   4     3e-20   4.6e-20   61.8   1.0    42   117   108   193    66   199 0.77 <unknown description>
145353at5125_123648_0:002003|CM010800.1:2999597-3000932|-  -            419 145353               -            448   2.8e-71  230.7  15.1   3   4     8e-13   1.2e-12   37.4   2.0    98   140   194   239   189   249 0.84 <unknown description>
145353at5125_123648_0:002003|CM010800.1:2999597-3000932|-  -            419 145353               -            448   2.8e-71  230.7  15.1   4   4     1e-40   1.5e-40  129.3   0.0   144   249   308   418   297   419 0.91 <unknown description>
145353at5125_229533_0:000e75|CM010800.1:2998779-2999269|-  -            131 145353               -            448   2.9e-37  118.6   0.8   1   1   2.3e-37   3.5e-37  118.3   0.8   338   447     1   126     1   127 0.86 <unknown description>
145353at5125_2773459_0:00246b|CM010800.1:3000164-3000932|- -            257 145353               -            448   1.9e-33  106.0  11.9   1   3   7.4e-05   0.00011   11.1   0.1     3    23    35    55    33    62 0.89 <unknown description>
145353at5125_2773459_0:00246b|CM010800.1:3000164-3000932|- -            257 145353               -            448   1.9e-33  106.0  11.9   2   3   1.4e-20   2.2e-20   62.9   1.2    42   116   108   192    66   197 0.76 <unknown description>
145353at5125_2773459_0:00246b|CM010800.1:3000164-3000932|- -            257 145353               -            448   1.9e-33  106.0  11.9   3   3   3.7e-13   5.8e-13   38.5   1.9    98   140   194   239   189   245 0.84 <unknown description>
145353at5125_45235_0:000494|CM010800.1:3000009-3001098|-   -            306 145353               -            448   3.7e-33  105.0  11.9   1   2   8.8e-05   0.00014   10.9   0.1     3    23    59    79    57    88 0.89 <unknown description>
145353at5125_45235_0:000494|CM010800.1:3000009-3001098|-   -            306 145353               -            448   3.7e-33  105.0  11.9   2   2   6.6e-27     1e-26   83.8   7.8    42   140   132   263    90   274 0.72 <unknown description>
145353at5125_229533_0:000671|CM010800.1:3000185-3000647|-  -            155 145353               -            448     6e-31   97.7   9.2   1   2   1.4e-20   2.1e-20   63.0   1.9    42   117    13    98    10   104 0.80 <unknown description>
145353at5125_229533_0:000671|CM010800.1:3000185-3000647|-  -            155 145353               -            448     6e-31   97.7   9.2   2   2   2.2e-13   3.3e-13   39.3   2.5    97   140    98   144    93   150 0.84 <unknown description>
#
# Program:         hmmsearch
# Version:         3.4 (Aug 2023)
# Pipeline mode:   SEARCH
# Query file:      /home/arafat/busco_downloads/lineages/hypocreales_odb12.2/hmms/145353at5125.hmm
# Target file:     /home/arafat/Foxy_SIX_Evolution/results/busco/GCA_003615085.1/run_hypocreales_odb12.2/miniprot_output/translated_proteins/145353at5125.faa
# Option settings: hmmsearch --domtblout /home/arafat/Foxy_SIX_Evolution/results/busco/GCA_003615085.1/run_hypocreales_odb12.2/hmmer_output/145353at5125.out --cpu 1 /home/arafat/busco_downloads/lineages/hypocreales_odb12.2/hmms/145353at5125.hmm /home/arafat/Foxy_SIX_Evolution/results/busco/GCA_003615085.1/run_hypocreales_odb12.2/miniprot_output/translated_proteins/145353at5125.faa 
# Current dir:     /home/arafat/Foxy_SIX_Evolution
# Date:            Thu Sep 24 13:57:44 2026
# [ok]
