#                                                                                                                 --- full sequence --- -------------- this domain -------------   hmm coord   ali coord   env coord
# target name                                             accession   tlen query name           accession   qlen   E-value  score  bias   #  of  c-Evalue  i-Evalue  score  bias  from    to  from    to  from    to  acc description of target
#                                     ------------------- ---------- ----- -------------------- ---------- ----- --------- ------ ----- --- --- --------- --------- ------ ----- ----- ----- ----- ----- ----- ----- ---- ---------------------
14550at5125_1080343_0:00182a|CM010801.1:2357650-2358724|- -            336 14550                -            277  3.7e-132  428.7   0.0   1   1  6.6e-132  7.5e-132  427.7   0.0     2   276    27   333    26   334 0.89 <unknown description>
14550at5125_1053134_0:001411|CM010801.1:2357650-2364622|- -            356 14550                -            277  4.6e-132  428.4   0.0   1   1  8.1e-132  9.3e-132  427.4   0.0     2   276    47   353    46   354 0.89 <unknown description>
14550at5125_2364996_0:000ea1|CM010801.1:2357650-2358337|- -            230 14550                -            277   8.2e-99  319.4   0.0   1   1   8.7e-99     1e-98  319.1   0.0    81   276    19   227     9   228 0.91 <unknown description>
14550at5125_694270_0:000d14|CM010801.1:2357650-2358094|-  -            149 14550                -            277   7.7e-71  227.6   0.0   1   1   7.6e-71   8.6e-71  227.5   0.0   137   276     2   146     1   147 0.93 <unknown description>
14550at5125_694270_0:002be7|CM010801.1:2358109-2358682|-  -            192 14550                -            277   6.2e-60  191.9   0.0   1   2   5.1e-35   5.8e-35  109.9   0.0     2    84    13   102    12   106 0.89 <unknown description>
14550at5125_694270_0:002be7|CM010801.1:2358109-2358682|-  -            192 14550                -            277   6.2e-60  191.9   0.0   2   2   5.8e-26   6.7e-26   80.2   0.0    81   135   134   192   118   192 0.91 <unknown description>
14550at5125_2364996_0:000ea5|CM010801.1:2358364-2358685|- -            108 14550                -            277   9.6e-36  112.5   0.0   1   1     1e-35   1.2e-35  112.2   0.0     2    84    14   103    13   106 0.89 <unknown description>
14550at5125_1736662_0:002080|CM010801.1:2358502-2358676|- -             59 14550                -            277     2e-17   52.4   0.0   1   1   1.9e-17   2.2e-17   52.3   0.0     2    45    11    59    10    59 0.87 <unknown description>
#
# Program:         hmmsearch
# Version:         3.4 (Aug 2023)
# Pipeline mode:   SEARCH
# Query file:      /home/arafat/busco_downloads/lineages/hypocreales_odb12.2/hmms/14550at5125.hmm
# Target file:     /home/arafat/Foxy_SIX_Evolution/results/busco/GCA_003615085.1/run_hypocreales_odb12.2/miniprot_output/translated_proteins/14550at5125.faa
# Option settings: hmmsearch --domtblout /home/arafat/Foxy_SIX_Evolution/results/busco/GCA_003615085.1/run_hypocreales_odb12.2/hmmer_output/14550at5125.out --cpu 1 /home/arafat/busco_downloads/lineages/hypocreales_odb12.2/hmms/14550at5125.hmm /home/arafat/Foxy_SIX_Evolution/results/busco/GCA_003615085.1/run_hypocreales_odb12.2/miniprot_output/translated_proteins/14550at5125.faa 
# Current dir:     /home/arafat/Foxy_SIX_Evolution
# Date:            Thu Sep 24 13:57:45 2026
# [ok]
