#                                                                                                                      --- full sequence --- -------------- this domain -------------   hmm coord   ali coord   env coord
# target name                                                  accession   tlen query name           accession   qlen   E-value  score  bias   #  of  c-Evalue  i-Evalue  score  bias  from    to  from    to  from    to  acc description of target
#                                          ------------------- ---------- ----- -------------------- ---------- ----- --------- ------ ----- --- --- --------- --------- ------ ----- ----- ----- ----- ----- ----- ----- ---- ---------------------
146193at5125_1080343_0:000501|MRCU01000005.1:2343841-2345970|+ -            676 146193               -            597         0 1142.1  12.8   1   2   3.6e-15   3.6e-15   43.4   2.3     1    61    10    84    10    94 0.75 <unknown description>
146193at5125_1080343_0:000501|MRCU01000005.1:2343841-2345970|+ -            676 146193               -            597         0 1142.1  12.8   2   2         0         0 1104.2   3.1    58   595   108   658    96   660 0.96 <unknown description>
146193at5125_72712_0:00363b|MRCU01000005.1:2343841-2348268|+   -           1023 146193               -            597         0 1139.6  12.8   1   2   6.1e-15   6.1e-15   42.6   2.3     1    61    10    84    10    94 0.75 <unknown description>
146193at5125_72712_0:00363b|MRCU01000005.1:2343841-2348268|+   -           1023 146193               -            597         0 1139.6  12.8   2   2         0         0 1102.4   3.1    58   595   108   658    96   660 0.96 <unknown description>
146193at5125_2604345_0:0016c5|MRCU01000005.1:2344463-2345970|+ -            487 146193               -            597  6.2e-292  957.4   3.7   1   1  7.2e-292  7.2e-292  957.2   3.7   140   595     1   469     1   471 0.97 <unknown description>
146193at5125_1208366_0:0032a4|MRCU01000005.1:2343841-2345396|+ -            501 146193               -            597  2.6e-241  790.2  15.3   1   2   2.4e-15   2.4e-15   44.0   2.3     1    61    10    84    10    94 0.75 <unknown description>
146193at5125_1208366_0:0032a4|MRCU01000005.1:2343841-2345396|+ -            501 146193               -            597  2.6e-241  790.2  15.3   2   2  1.1e-229  1.1e-229  751.8   5.4    58   437   108   500    96   501 0.95 <unknown description>
#
# Program:         hmmsearch
# Version:         3.4 (Aug 2023)
# Pipeline mode:   SEARCH
# Query file:      /home/arafat/busco_downloads/lineages/hypocreales_odb12.2/hmms/146193at5125.hmm
# Target file:     /home/arafat/Foxy_SIX_Evolution/results/busco/GCA_003615085.1/run_hypocreales_odb12.2/miniprot_output/translated_proteins/146193at5125.faa
# Option settings: hmmsearch --domtblout /home/arafat/Foxy_SIX_Evolution/results/busco/GCA_003615085.1/run_hypocreales_odb12.2/hmmer_output/146193at5125.out --cpu 1 /home/arafat/busco_downloads/lineages/hypocreales_odb12.2/hmms/146193at5125.hmm /home/arafat/Foxy_SIX_Evolution/results/busco/GCA_003615085.1/run_hypocreales_odb12.2/miniprot_output/translated_proteins/146193at5125.faa 
# Current dir:     /home/arafat/Foxy_SIX_Evolution
# Date:            Thu Sep 24 13:57:30 2026
# [ok]
