#                                                                                                                  --- full sequence --- -------------- this domain -------------   hmm coord   ali coord   env coord
# target name                                              accession   tlen query name           accession   qlen   E-value  score  bias   #  of  c-Evalue  i-Evalue  score  bias  from    to  from    to  from    to  acc description of target
#                                      ------------------- ---------- ----- -------------------- ---------- ----- --------- ------ ----- --- --- --------- --------- ------ ----- ----- ----- ----- ----- ----- ----- ---- ---------------------
146260at5125_48484_0:001866|CM010800.1:2140237-2143068|-   -            826 146260               -            689         0 1425.2   0.0   1   1         0         0 1424.9   0.0     5   689   130   825   127   825 0.98 <unknown description>
146260at5125_948311_1:002af6|CM010800.1:2140237-2144325|-  -           1079 146260               -            689         0 1424.0   0.0   1   1         0         0 1423.6   0.0     5   689   383  1078   380  1078 0.98 <unknown description>
146260at5125_1859967_0:0005d7|CM010800.1:2140237-2147147|- -           1630 146260               -            689         0 1422.8   0.0   1   1         0         0 1422.2   0.0     5   689   934  1629   930  1629 0.98 <unknown description>
146260at5125_1896173_0:0000e8|CM010800.1:2140237-2142342|- -            628 146260               -            689         0 1294.3   0.1   1   1         0         0 1294.1   0.1    74   689     1   627     1   627 0.98 <unknown description>
146260at5125_93591_0:000dcb|CM010800.1:2140708-2142852|-   -            608 146260               -            689         0 1146.5   0.1   1   1         0         0 1146.3   0.1     5   552    50   608    46   608 0.98 <unknown description>
146260at5125_96774_0:000482|CM010800.1:2140237-2141738|-   -            466 146260               -            689  3.2e-287  943.5   0.2   1   1  3.2e-287  3.6e-287  943.3   0.2   234   689     1   465     1   465 0.97 <unknown description>
146260at5125_1806559_0:002165|CM010800.1:2140447-2141561|- -            356 146260               -            689  1.4e-223  733.2   0.1   1   1  1.3e-223  1.5e-223  733.0   0.1   294   638     2   355     1   356 0.97 <unknown description>
146260at5125_2885761_0:001dae|CM010800.1:2141156-2141980|- -            254 146260               -            689  1.2e-173  568.1   0.5   1   1  1.2e-173  1.3e-173  568.0   0.5   175   427     1   253     1   253 1.00 <unknown description>
#
# Program:         hmmsearch
# Version:         3.4 (Aug 2023)
# Pipeline mode:   SEARCH
# Query file:      /home/arafat/busco_downloads/lineages/hypocreales_odb12.2/hmms/146260at5125.hmm
# Target file:     /home/arafat/Foxy_SIX_Evolution/results/busco/GCA_003615085.1/run_hypocreales_odb12.2/miniprot_output/translated_proteins/146260at5125.faa
# Option settings: hmmsearch --domtblout /home/arafat/Foxy_SIX_Evolution/results/busco/GCA_003615085.1/run_hypocreales_odb12.2/hmmer_output/146260at5125.out --cpu 1 /home/arafat/busco_downloads/lineages/hypocreales_odb12.2/hmms/146260at5125.hmm /home/arafat/Foxy_SIX_Evolution/results/busco/GCA_003615085.1/run_hypocreales_odb12.2/miniprot_output/translated_proteins/146260at5125.faa 
# Current dir:     /home/arafat/Foxy_SIX_Evolution
# Date:            Thu Sep 24 13:57:30 2026
# [ok]
