#                                                                                                                  --- full sequence --- -------------- this domain -------------   hmm coord   ali coord   env coord
# target name                                              accession   tlen query name           accession   qlen   E-value  score  bias   #  of  c-Evalue  i-Evalue  score  bias  from    to  from    to  from    to  acc description of target
#                                      ------------------- ---------- ----- -------------------- ---------- ----- --------- ------ ----- --- --- --------- --------- ------ ----- ----- ----- ----- ----- ----- ----- ---- ---------------------
146454at5125_327505_0:001e4d|CM010802.1:2282950-2285563|+  -            855 146454               -            681         0 1223.2  16.5   1   3     2e-30     2e-30   93.8   2.8    12   106    63   175    54   192 0.76 <unknown description>
146454at5125_327505_0:001e4d|CM010802.1:2282950-2285563|+  -            855 146454               -            681         0 1223.2  16.5   2   3   7.2e-33   7.2e-33  101.9   1.3   101   180   231   310   201   315 0.94 <unknown description>
146454at5125_327505_0:001e4d|CM010802.1:2282950-2285563|+  -            855 146454               -            681         0 1223.2  16.5   3   3         0         0 1031.6   0.4   165   681   315   853   306   853 0.95 <unknown description>
146454at5125_1237068_0:0032c5|CM010802.1:2282950-2286852|+ -           1059 146454               -            681         0 1215.2  15.8   1   3   2.7e-30   2.7e-30   93.4   2.8    12   106    63   175    54   192 0.76 <unknown description>
146454at5125_1237068_0:0032c5|CM010802.1:2282950-2286852|+ -           1059 146454               -            681         0 1215.2  15.8   2   3   9.5e-33   9.5e-33  101.5   1.3   101   180   231   310   201   315 0.94 <unknown description>
146454at5125_1237068_0:0032c5|CM010802.1:2282950-2286852|+ -           1059 146454               -            681         0 1215.2  15.8   3   3         0         0 1024.1   0.3   165   678   315   850   306   853 0.95 <unknown description>
146454at5125_2898083_0:001a9a|CM010802.1:2283532-2285563|+ -            678 146454               -            681         0 1131.9   5.9   1   2   5.2e-33   5.2e-33  102.4   1.3   101   180    54   133    24   138 0.94 <unknown description>
146454at5125_2898083_0:001a9a|CM010802.1:2283532-2285563|+ -            678 146454               -            681         0 1131.9   5.9   2   2         0         0 1033.1   0.4   158   681   132   676   128   676 0.95 <unknown description>
146454at5125_101201_0:000285|CM010802.1:2284594-2285563|+  -            324 146454               -            681    4e-190  621.6   0.1   1   1  5.2e-190  5.2e-190  621.3   0.1   387   681    11   322     4   322 0.95 <unknown description>
146454at5125_117187_0:000f40|CM010802.1:2282947-2283484|+  -            180 146454               -            681   1.8e-33  104.0   2.8   1   1   3.4e-31   3.4e-31   96.4   2.8    12   101    64   171    54   175 0.77 <unknown description>
#
# Program:         hmmsearch
# Version:         3.4 (Aug 2023)
# Pipeline mode:   SEARCH
# Query file:      /home/arafat/busco_downloads/lineages/hypocreales_odb12.2/hmms/146454at5125.hmm
# Target file:     /home/arafat/Foxy_SIX_Evolution/results/busco/GCA_003615085.1/run_hypocreales_odb12.2/miniprot_output/translated_proteins/146454at5125.faa
# Option settings: hmmsearch --domtblout /home/arafat/Foxy_SIX_Evolution/results/busco/GCA_003615085.1/run_hypocreales_odb12.2/hmmer_output/146454at5125.out --cpu 1 /home/arafat/busco_downloads/lineages/hypocreales_odb12.2/hmms/146454at5125.hmm /home/arafat/Foxy_SIX_Evolution/results/busco/GCA_003615085.1/run_hypocreales_odb12.2/miniprot_output/translated_proteins/146454at5125.faa 
# Current dir:     /home/arafat/Foxy_SIX_Evolution
# Date:            Thu Sep 24 13:57:32 2026
# [ok]
