#                                                                                                                  --- full sequence --- -------------- this domain -------------   hmm coord   ali coord   env coord
# target name                                              accession   tlen query name           accession   qlen   E-value  score  bias   #  of  c-Evalue  i-Evalue  score  bias  from    to  from    to  from    to  acc description of target
#                                      ------------------- ---------- ----- -------------------- ---------- ----- --------- ------ ----- --- --- --------- --------- ------ ----- ----- ----- ----- ----- ----- ----- ---- ---------------------
146614at5125_1080343_0:001461|CM010801.1:2546429-2548369|- -            594 146614               -            584         0 1149.1   1.9   1   1         0         0 1148.8   1.9     5   584     5   589     2   589 0.98 <unknown description>
146614at5125_122381_0:002c99|CM010801.1:2546429-2550134|-  -            886 146614               -            584         0 1147.1   1.3   1   1         0         0 1146.7   1.3     6   584   298   881   293   881 0.98 <unknown description>
146614at5125_1859967_0:002cb1|CM010801.1:2545701-2548435|- -            747 146614               -            584         0 1108.7   0.6   1   1         0         0 1108.3   0.6     5   576    27   603    23   609 0.97 <unknown description>
146614at5125_1081104_0:0003fb|CM010801.1:2546928-2549818|- -            612 146614               -            584  2.9e-278  913.2   0.1   1   1  3.5e-278  3.5e-278  912.9   0.1     3   441   170   609   168   612 0.98 <unknown description>
146614at5125_398673_0:000d88|CM010801.1:2546934-2548357|-  -            439 146614               -            584  9.6e-278  911.4   0.1   1   1  1.1e-277  1.1e-277  911.3   0.1     6   440     2   437     1   439 0.98 <unknown description>
146614at5125_92637_0:000760|CM010801.1:2546447-2547723|-   -            409 146614               -            584  1.2e-229  752.7   3.5   1   1  1.3e-229  1.3e-229  752.5   3.5   180   583     1   409     1   409 0.97 <unknown description>
146614at5125_1111077_0:001eea|CM010801.1:2546934-2548058|- -            359 146614               -            584  5.6e-222  727.3   0.1   1   1  6.6e-222  6.6e-222  727.1   0.1    89   440     5   357     2   359 0.98 <unknown description>
146614at5125_1399860_0:001417|CM010801.1:2547278-2548369|- -            328 146614               -            584  4.5e-202  661.5   0.2   1   1  5.7e-202  5.7e-202  661.2   0.2     5   314     5   314     2   321 0.99 <unknown description>
146614at5125_101201_0:000c5c|CM010801.1:2547405-2548046|-  -            198 146614               -            584  4.4e-129  420.5   0.2   1   1  4.9e-129  4.9e-129  420.4   0.2    89   286     1   198     1   198 1.00 <unknown description>
#
# Program:         hmmsearch
# Version:         3.4 (Aug 2023)
# Pipeline mode:   SEARCH
# Query file:      /home/arafat/busco_downloads/lineages/hypocreales_odb12.2/hmms/146614at5125.hmm
# Target file:     /home/arafat/Foxy_SIX_Evolution/results/busco/GCA_003615085.1/run_hypocreales_odb12.2/miniprot_output/translated_proteins/146614at5125.faa
# Option settings: hmmsearch --domtblout /home/arafat/Foxy_SIX_Evolution/results/busco/GCA_003615085.1/run_hypocreales_odb12.2/hmmer_output/146614at5125.out --cpu 1 /home/arafat/busco_downloads/lineages/hypocreales_odb12.2/hmms/146614at5125.hmm /home/arafat/Foxy_SIX_Evolution/results/busco/GCA_003615085.1/run_hypocreales_odb12.2/miniprot_output/translated_proteins/146614at5125.faa 
# Current dir:     /home/arafat/Foxy_SIX_Evolution
# Date:            Thu Sep 24 13:57:33 2026
# [ok]
