#                                                                                                                --- full sequence --- -------------- this domain -------------   hmm coord   ali coord   env coord
# target name                                            accession   tlen query name           accession   qlen   E-value  score  bias   #  of  c-Evalue  i-Evalue  score  bias  from    to  from    to  from    to  acc description of target
#                                    ------------------- ---------- ----- -------------------- ---------- ----- --------- ------ ----- --- --- --------- --------- ------ ----- ----- ----- ----- ----- ----- ----- ---- ---------------------
146958at5125_396571_0:0031e0|CM010806.1:967526-969888|+  -            719 146958               -            669         0 1415.4  16.5   1   2         0         0 1014.8   4.9     1   499     1   507     1   528 0.97 <unknown description>
146958at5125_396571_0:0031e0|CM010806.1:967526-969888|+  -            719 146958               -            669         0 1415.4  16.5   2   2  3.7e-124  3.7e-124  402.7   3.6   486   669   535   718   526   718 0.98 <unknown description>
146958at5125_2692428_0:001381|CM010806.1:967526-971594|+ -            883 146958               -            669         0 1405.8  18.0   1   3         0         0 1014.1   1.1     1   485     1   493     1   497 0.98 <unknown description>
146958at5125_2692428_0:001381|CM010806.1:967526-971594|+ -            883 146958               -            669         0 1405.8  18.0   2   3   2.9e-05   2.9e-05    9.8   0.9   454   495   481   522   479   526 0.84 <unknown description>
146958at5125_2692428_0:001381|CM010806.1:967526-971594|+ -            883 146958               -            669         0 1405.8  18.0   3   3  1.4e-121  1.4e-121  394.2   5.1   486   667   535   716   528   718 0.97 <unknown description>
146958at5125_92637_0:0022db|CM010806.1:968793-969888|+   -            366 146958               -            669  1.1e-187  612.6  20.7   1   2   1.5e-65   1.5e-65  209.0   9.1   353   499     1   154     1   178 0.90 <unknown description>
146958at5125_92637_0:0022db|CM010806.1:968793-969888|+   -            366 146958               -            669  1.1e-187  612.6  20.7   2   2  9.4e-125  9.4e-125  404.6   3.7   486   669   182   365   175   365 0.98 <unknown description>
#
# Program:         hmmsearch
# Version:         3.4 (Aug 2023)
# Pipeline mode:   SEARCH
# Query file:      /home/arafat/busco_downloads/lineages/hypocreales_odb12.2/hmms/146958at5125.hmm
# Target file:     /home/arafat/Foxy_SIX_Evolution/results/busco/GCA_003615085.1/run_hypocreales_odb12.2/miniprot_output/translated_proteins/146958at5125.faa
# Option settings: hmmsearch --domtblout /home/arafat/Foxy_SIX_Evolution/results/busco/GCA_003615085.1/run_hypocreales_odb12.2/hmmer_output/146958at5125.out --cpu 1 /home/arafat/busco_downloads/lineages/hypocreales_odb12.2/hmms/146958at5125.hmm /home/arafat/Foxy_SIX_Evolution/results/busco/GCA_003615085.1/run_hypocreales_odb12.2/miniprot_output/translated_proteins/146958at5125.faa 
# Current dir:     /home/arafat/Foxy_SIX_Evolution
# Date:            Thu Sep 24 13:57:42 2026
# [ok]
