#                                                                                                                  --- full sequence --- -------------- this domain -------------   hmm coord   ali coord   env coord
# target name                                              accession   tlen query name           accession   qlen   E-value  score  bias   #  of  c-Evalue  i-Evalue  score  bias  from    to  from    to  from    to  acc description of target
#                                      ------------------- ---------- ----- -------------------- ---------- ----- --------- ------ ----- --- --- --------- --------- ------ ----- ----- ----- ----- ----- ----- ----- ---- ---------------------
147292at5125_1567552_0:002f5c|CM010800.1:3196770-3205668|+ -            734 147292               -            559         0 1060.8   5.1   1   1         0         0 1060.6   5.1     1   558   116   684   116   685 0.97 <unknown description>
147292at5125_2714763_0:0013bf|CM010800.1:3203405-3209798|+ -            749 147292               -            559         0 1060.8   5.1   1   1         0         0 1060.5   5.1     1   558    43   611    43   612 0.97 <unknown description>
147292at5125_72712_0:001a65|CM010800.1:3203405-3205593|+   -            658 147292               -            559  9.9e-305 1000.2   6.4   1   1  1.3e-304  1.3e-304  999.8   6.4    22   558    78   633    75   634 0.96 <unknown description>
147292at5125_1399860_1:001b3d|CM010800.1:3203961-3205545|+ -            492 147292               -            559  4.2e-264  866.1   3.8   1   1  5.1e-264  5.1e-264  865.8   3.8    96   558    14   483     8   484 0.97 <unknown description>
147292at5125_1435070_0:0016ac|CM010800.1:3203885-3205212|+ -            405 147292               -            559  1.4e-243  798.4   7.2   1   1  1.6e-243  1.6e-243  798.2   7.2    59   459     1   405     1   405 0.98 <unknown description>
147292at5125_100902_0:0045f6|CM010800.1:3203405-3204682|+  -            352 147292               -            559  7.9e-182  594.5   5.3   1   1  9.4e-182  9.4e-182  594.3   5.3     1   302    43   348    43   350 0.98 <unknown description>
147292at5125_2773459_0:001129|CM010800.1:3203678-3204658|+ -            309 147292               -            559  4.7e-166  542.4   5.7   1   1  5.8e-166  5.8e-166  542.1   5.7    22   297    29   308    26   309 0.98 <unknown description>
147292at5125_1042133_0:000264|CM010800.1:3203885-3204658|+ -            240 147292               -            559    6e-146  476.1   3.5   1   1  6.7e-146  6.7e-146  475.9   3.5    59   297     1   239     1   240 1.00 <unknown description>
147292at5125_100902_0:00485c|CM010800.1:3204726-3205593|+  -            290 147292               -            559  8.3e-137  445.9   0.1   1   1  9.5e-137  9.5e-137  445.7   0.1   301   558     1   265     1   266 0.95 <unknown description>
#
# Program:         hmmsearch
# Version:         3.4 (Aug 2023)
# Pipeline mode:   SEARCH
# Query file:      /home/arafat/busco_downloads/lineages/hypocreales_odb12.2/hmms/147292at5125.hmm
# Target file:     /home/arafat/Foxy_SIX_Evolution/results/busco/GCA_003615085.1/run_hypocreales_odb12.2/miniprot_output/translated_proteins/147292at5125.faa
# Option settings: hmmsearch --domtblout /home/arafat/Foxy_SIX_Evolution/results/busco/GCA_003615085.1/run_hypocreales_odb12.2/hmmer_output/147292at5125.out --cpu 1 /home/arafat/busco_downloads/lineages/hypocreales_odb12.2/hmms/147292at5125.hmm /home/arafat/Foxy_SIX_Evolution/results/busco/GCA_003615085.1/run_hypocreales_odb12.2/miniprot_output/translated_proteins/147292at5125.faa 
# Current dir:     /home/arafat/Foxy_SIX_Evolution
# Date:            Thu Sep 24 13:57:48 2026
# [ok]
