#                                                                                                                    --- full sequence --- -------------- this domain -------------   hmm coord   ali coord   env coord
# target name                                                accession   tlen query name           accession   qlen   E-value  score  bias   #  of  c-Evalue  i-Evalue  score  bias  from    to  from    to  from    to  acc description of target
#                                        ------------------- ---------- ----- -------------------- ---------- ----- --------- ------ ----- --- --- --------- --------- ------ ----- ----- ----- ----- ----- ----- ----- ---- ---------------------
147312at5125_1080343_0:0000e7|MRCU01000005.1:977970-978769|- -            244 147312               -            200  1.9e-103  333.9   2.0   1   2     1e-95     1e-95  308.6   0.2    15   183    40   210    26   217 0.93 <unknown description>
147312at5125_1080343_0:0000e7|MRCU01000005.1:977970-978769|- -            244 147312               -            200  1.9e-103  333.9   2.0   2   2   6.8e-09   6.8e-09   25.2   0.1   179   200   222   243   214   243 0.87 <unknown description>
147312at5125_48495_0:00144e|MRCU01000005.1:977970-979598|-   -            263 147312               -            200  2.6e-103  333.4   2.0   1   2   1.3e-95   1.3e-95  308.3   0.3    15   183    59   229    45   237 0.93 <unknown description>
147312at5125_48495_0:00144e|MRCU01000005.1:977970-979598|-   -            263 147312               -            200  2.6e-103  333.4   2.0   2   2   7.5e-09   7.5e-09   25.0   0.1   179   200   241   262   233   262 0.87 <unknown description>
147312at5125_660025_0:001548|MRCU01000005.1:977734-978769|-  -            225 147312               -            200   1.5e-96  311.4   0.1   1   1   1.9e-96   1.9e-96  311.0   0.1    15   187    40   214    26   220 0.92 <unknown description>
147312at5125_334819_0:000c88|MRCU01000005.1:977174-978769|-  -            256 147312               -            200   9.7e-96  308.7   0.2   1   1   1.3e-95   1.3e-95  308.3   0.2    15   190    40   215    26   224 0.91 <unknown description>
147312at5125_655827_0:00224e|MRCU01000005.1:978078-978643|-  -            166 147312               -            200   1.1e-94  305.2   0.2   1   1   1.2e-94   1.2e-94  305.1   0.2    21   181     4   166     1   166 0.97 <unknown description>
147312at5125_1101274_0:00080a|MRCU01000005.1:977970-978517|- -            160 147312               -            200   3.2e-91  293.9   1.4   1   2   3.8e-83   3.8e-83  267.6   0.1    58   183     1   126     1   135 0.97 <unknown description>
147312at5125_1101274_0:00080a|MRCU01000005.1:977970-978517|- -            160 147312               -            200   3.2e-91  293.9   1.4   2   2   3.6e-09   3.6e-09   26.1   0.1   179   200   138   159   129   159 0.87 <unknown description>
147312at5125_1028729_0:0028c2|MRCU01000005.1:978147-978517|- -            101 147312               -            200   5.3e-64  205.1   0.1   1   1   5.9e-64   5.9e-64  205.0   0.1    58   158     1   101     1   101 0.99 <unknown description>
147312at5125_42673_0:00112e|MRCU01000005.1:978289-978769|-   -            161 147312               -            200     9e-50  158.6   2.6   1   1   1.1e-49   1.1e-49  158.3   2.6    15   122    40   149    25   151 0.90 <unknown description>
147312at5125_1081108_0:0000fb|MRCU01000005.1:978325-978631|- -            103 147312               -            200   3.4e-49  156.7   2.3   1   1   3.7e-49   3.7e-49  156.6   2.3    23   121     2   102     1   103 0.94 <unknown description>
147312at5125_983965_0:001c8a|MRCU01000005.1:977970-978258|-  -             97 147312               -            200   9.4e-49  155.3   6.0   1   2   3.6e-41   3.6e-41  130.5   2.2   121   184     1    64     1    73 0.95 <unknown description>
147312at5125_983965_0:001c8a|MRCU01000005.1:977970-978258|-  -             97 147312               -            200   9.4e-49  155.3   6.0   2   2   1.6e-09   1.6e-09   27.2   0.2   179   200    75    96    66    96 0.87 <unknown description>
147312at5125_117187_0:000926|MRCU01000005.1:978289-978517|-  -             77 147312               -            200   1.4e-37  118.9   1.6   1   1   1.6e-37   1.6e-37  118.7   1.6    58   122     1    65     1    67 0.97 <unknown description>
#
# Program:         hmmsearch
# Version:         3.4 (Aug 2023)
# Pipeline mode:   SEARCH
# Query file:      /home/arafat/busco_downloads/lineages/hypocreales_odb12.2/hmms/147312at5125.hmm
# Target file:     /home/arafat/Foxy_SIX_Evolution/results/busco/GCA_003615085.1/run_hypocreales_odb12.2/miniprot_output/translated_proteins/147312at5125.faa
# Option settings: hmmsearch --domtblout /home/arafat/Foxy_SIX_Evolution/results/busco/GCA_003615085.1/run_hypocreales_odb12.2/hmmer_output/147312at5125.out --cpu 1 /home/arafat/busco_downloads/lineages/hypocreales_odb12.2/hmms/147312at5125.hmm /home/arafat/Foxy_SIX_Evolution/results/busco/GCA_003615085.1/run_hypocreales_odb12.2/miniprot_output/translated_proteins/147312at5125.faa 
# Current dir:     /home/arafat/Foxy_SIX_Evolution
# Date:            Thu Sep 24 13:57:48 2026
# [ok]
