#                                                                                                                    --- full sequence --- -------------- this domain -------------   hmm coord   ali coord   env coord
# target name                                                accession   tlen query name           accession   qlen   E-value  score  bias   #  of  c-Evalue  i-Evalue  score  bias  from    to  from    to  from    to  acc description of target
#                                        ------------------- ---------- ----- -------------------- ---------- ----- --------- ------ ----- --- --- --------- --------- ------ ----- ----- ----- ----- ----- ----- ----- ---- ---------------------
147328at5125_12942_0:00108c|MRCU01000005.1:253682-258590|+   -           1062 147328               -            928         0 1570.3   0.9   1   2  4.3e-154  4.3e-154  503.9   0.0     2   287    19   306    18   322 0.96 <unknown description>
147328at5125_12942_0:00108c|MRCU01000005.1:253682-258590|+   -           1062 147328               -            928         0 1570.3   0.9   2   2         0         0 1063.2   0.7   249   927   330  1060   323  1061 0.90 <unknown description>
147328at5125_660029_0:001113|MRCU01000005.1:255196-258590|+  -           1062 147328               -            928         0 1570.3   0.9   1   2  4.3e-154  4.3e-154  503.9   0.0     2   287    19   306    18   322 0.96 <unknown description>
147328at5125_660029_0:001113|MRCU01000005.1:255196-258590|+  -           1062 147328               -            928         0 1570.3   0.9   2   2         0         0 1063.2   0.7   249   927   330  1060   323  1061 0.90 <unknown description>
147328at5125_5514_0:000083|MRCU01000005.1:251643-258590|+    -           1087 147328               -            928         0 1570.3   0.7   1   2  4.5e-154  4.5e-154  503.8   0.0     2   287    44   331    43   347 0.96 <unknown description>
147328at5125_5514_0:000083|MRCU01000005.1:251643-258590|+    -           1087 147328               -            928         0 1570.3   0.7   2   2         0         0 1063.2   0.6   249   927   355  1085   348  1086 0.90 <unknown description>
147328at5125_282268_0:0005a0|MRCU01000005.1:246866-258590|+  -           1102 147328               -            928         0 1570.1   0.7   1   2  4.6e-154  4.6e-154  503.8   0.0     2   287    59   346    58   362 0.96 <unknown description>
147328at5125_282268_0:0005a0|MRCU01000005.1:246866-258590|+  -           1102 147328               -            928         0 1570.1   0.7   2   2         0         0 1063.1   0.6   249   927   370  1100   363  1101 0.90 <unknown description>
147328at5125_5544_2:0001ed|MRCU01000005.1:255321-264097|+    -           1325 147328               -            928         0 1557.8   0.8   1   2  1.6e-153  1.6e-153  502.0   0.0     3   287     1   287     1   303 0.96 <unknown description>
147328at5125_5544_2:0001ed|MRCU01000005.1:255321-264097|+    -           1325 147328               -            928         0 1557.8   0.8   2   2         0         0 1052.8   0.4   249   921   311  1034   304  1041 0.90 <unknown description>
147328at5125_468837_0:001da1|MRCU01000005.1:253682-262164|+  -           1187 147328               -            928         0 1511.0   1.5   1   2  5.2e-154  5.2e-154  503.6   0.0     2   287    17   304    16   320 0.96 <unknown description>
147328at5125_468837_0:001da1|MRCU01000005.1:253682-262164|+  -           1187 147328               -            928         0 1511.0   1.5   2   2  2.8e-305  2.8e-305 1004.2   1.3   249   887   328  1017   321  1025 0.90 <unknown description>
147328at5125_2604345_0:0044e7|MRCU01000005.1:255196-257398|+ -            664 147328               -            928         0 1046.0   2.4   1   2  1.6e-154  1.6e-154  505.3   0.0     2   287    19   306    18   322 0.96 <unknown description>
147328at5125_2604345_0:0044e7|MRCU01000005.1:255196-257398|+ -            664 147328               -            928         0 1046.0   2.4   2   2  9.5e-165  9.5e-165  539.2   2.1   249   572   330   653   323   655 0.95 <unknown description>
147328at5125_1806559_0:00203c|MRCU01000005.1:255642-257546|+ -            604 147328               -            928  1.1e-305 1005.5   7.9   1   2  2.8e-108  2.8e-108  352.3   0.1    92   287     1   196     1   215 0.96 <unknown description>
147328at5125_1806559_0:00203c|MRCU01000005.1:255642-257546|+ -            604 147328               -            928  1.1e-305 1005.5   7.9   2   2  8.6e-200  8.6e-200  655.1   4.2   249   632   220   603   214   604 0.96 <unknown description>
147328at5125_2039874_0:001766|MRCU01000005.1:252635-257161|+ -            610 147328               -            928  7.8e-279  916.7   1.5   1   2  1.3e-154  1.3e-154  505.6   0.0     2   287    27   314    26   330 0.96 <unknown description>
147328at5125_2039874_0:001766|MRCU01000005.1:252635-257161|+ -            610 147328               -            928  7.8e-279  916.7   1.5   2   2  1.4e-125  1.4e-125  409.5   1.3   249   507   338   596   331   609 0.92 <unknown description>
147328at5125_1081103_0:001fda|MRCU01000005.1:256681-258590|+ -            621 147328               -            928  1.4e-276  909.3   8.4   1   1    7e-276    7e-276  906.9   8.4   362   927     1   619     1   620 0.90 <unknown description>
147328at5125_57161_0:004233|MRCU01000005.1:255196-256441|+   -            362 147328               -            928  2.3e-155  508.1   0.0   1   1  2.9e-155  2.9e-155  507.8   0.0     2   287    19   306    18   323 0.96 <unknown description>
147328at5125_123648_0:0020f3|MRCU01000005.1:257645-258590|+  -            316 147328               -            928  4.3e-113  368.2   0.0   1   1  5.3e-113  5.3e-113  367.9   0.0   651   927     1   314     1   315 0.84 <unknown description>
#
# Program:         hmmsearch
# Version:         3.4 (Aug 2023)
# Pipeline mode:   SEARCH
# Query file:      /home/arafat/busco_downloads/lineages/hypocreales_odb12.2/hmms/147328at5125.hmm
# Target file:     /home/arafat/Foxy_SIX_Evolution/results/busco/GCA_003615085.1/run_hypocreales_odb12.2/miniprot_output/translated_proteins/147328at5125.faa
# Option settings: hmmsearch --domtblout /home/arafat/Foxy_SIX_Evolution/results/busco/GCA_003615085.1/run_hypocreales_odb12.2/hmmer_output/147328at5125.out --cpu 1 /home/arafat/busco_downloads/lineages/hypocreales_odb12.2/hmms/147328at5125.hmm /home/arafat/Foxy_SIX_Evolution/results/busco/GCA_003615085.1/run_hypocreales_odb12.2/miniprot_output/translated_proteins/147328at5125.faa 
# Current dir:     /home/arafat/Foxy_SIX_Evolution
# Date:            Thu Sep 24 13:57:49 2026
# [ok]
