#                                                                                                                  --- full sequence --- -------------- this domain -------------   hmm coord   ali coord   env coord
# target name                                              accession   tlen query name           accession   qlen   E-value  score  bias   #  of  c-Evalue  i-Evalue  score  bias  from    to  from    to  from    to  acc description of target
#                                      ------------------- ---------- ----- -------------------- ---------- ----- --------- ------ ----- --- --- --------- --------- ------ ----- ----- ----- ----- ----- ----- ----- ---- ---------------------
147496at5125_396571_0:000829|CM010800.1:5065493-5068855|+  -           1067 147496               -           1028         0 2120.6   0.6   1   1         0         0 2120.3   0.6     1  1027     1  1060     1  1061 0.97 <unknown description>
147496at5125_877507_0:00079e|CM010800.1:5061101-5068855|+  -           1077 147496               -           1028         0 2114.1   0.5   1   1         0         0 2113.8   0.5     1  1027    11  1070    11  1071 0.97 <unknown description>
147496at5125_61374_0:000304|CM010800.1:5063671-5068855|+   -           1381 147496               -           1028         0 2113.6   0.7   1   1         0         0 2113.2   0.7     3  1027   317  1374   315  1375 0.97 <unknown description>
147496at5125_2004951_0:0025af|CM010800.1:5065566-5068250|+ -            876 147496               -           1028         0 1853.6   0.0   1   1         0         0 1853.4   0.0     7   866     1   876     1   876 0.98 <unknown description>
147496at5125_2559222_0:0000dd|CM010800.1:5066303-5068553|+ -            751 147496               -           1028         0 1498.9   0.2   1   1         0         0 1498.7   0.2   233   967     1   751     1   751 0.98 <unknown description>
147496at5125_2559224_0:0011f7|CM010800.1:5065566-5067671|+ -            683 147496               -           1028         0 1489.5   0.0   1   1         0         0 1489.4   0.0     7   676     1   683     1   683 0.98 <unknown description>
147496at5125_1294630_0:0002f0|CM010800.1:5064425-5067221|+ -            607 147496               -           1028         0 1170.2   0.0   1   1         0         0 1170.0   0.0     6   532    74   607    70   607 0.98 <unknown description>
147496at5125_2559223_0:0014ec|CM010800.1:5065566-5067143|+ -            507 147496               -           1028         0 1107.2   0.1   1   1         0         0 1107.1   0.1     7   506     1   507     1   507 0.98 <unknown description>
147496at5125_1623583_0:001d1c|CM010800.1:5066969-5068813|+ -            599 147496               -           1028         0 1075.9   0.3   1   1         0         0 1075.7   0.3   455  1019     5   598     1   599 0.94 <unknown description>
147496at5125_2559221_0:0004fb|CM010800.1:5066303-5067533|+ -            411 147496               -           1028  2.4e-271  892.1   0.1   1   1  2.7e-271  2.7e-271  892.0   0.1   233   636     1   411     1   411 0.98 <unknown description>
#
# Program:         hmmsearch
# Version:         3.4 (Aug 2023)
# Pipeline mode:   SEARCH
# Query file:      /home/arafat/busco_downloads/lineages/hypocreales_odb12.2/hmms/147496at5125.hmm
# Target file:     /home/arafat/Foxy_SIX_Evolution/results/busco/GCA_003615085.1/run_hypocreales_odb12.2/miniprot_output/translated_proteins/147496at5125.faa
# Option settings: hmmsearch --domtblout /home/arafat/Foxy_SIX_Evolution/results/busco/GCA_003615085.1/run_hypocreales_odb12.2/hmmer_output/147496at5125.out --cpu 1 /home/arafat/busco_downloads/lineages/hypocreales_odb12.2/hmms/147496at5125.hmm /home/arafat/Foxy_SIX_Evolution/results/busco/GCA_003615085.1/run_hypocreales_odb12.2/miniprot_output/translated_proteins/147496at5125.faa 
# Current dir:     /home/arafat/Foxy_SIX_Evolution
# Date:            Thu Sep 24 13:57:56 2026
# [ok]
