#                                                                                                                  --- full sequence --- -------------- this domain -------------   hmm coord   ali coord   env coord
# target name                                              accession   tlen query name           accession   qlen   E-value  score  bias   #  of  c-Evalue  i-Evalue  score  bias  from    to  from    to  from    to  acc description of target
#                                      ------------------- ---------- ----- -------------------- ---------- ----- --------- ------ ----- --- --- --------- --------- ------ ----- ----- ----- ----- ----- ----- ----- ---- ---------------------
147729at5125_1080343_0:000c17|CM010806.1:1811825-1813714|+ -            542 147729               -            447  5.8e-289  947.5   0.1   1   1  6.3e-289    7e-289  947.2   0.1     1   445    14   459    14   461 0.99 <unknown description>
147729at5125_1081102_0:0003dd|CM010806.1:1811822-1816010|+ -            610 147729               -            447  8.2e-289  947.0   0.1   1   1  9.4e-289    1e-288  946.6   0.1     1   445    15   460    15   462 0.99 <unknown description>
147729at5125_451672_0:004d3d|CM010806.1:1810435-1813714|+  -            639 147729               -            447  9.7e-289  946.7   0.1   1   1  1.1e-288  1.2e-288  946.4   0.1     1   445   111   556   111   558 0.99 <unknown description>
147729at5125_29856_0:00017a|CM010806.1:1811861-1819972|+   -            568 147729               -            447  3.1e-285  935.2   0.1   1   1  3.6e-285    4e-285  934.8   0.1     1   445     2   453     2   455 0.98 <unknown description>
147729at5125_660025_0:0010ba|CM010806.1:1811861-1814273|+  -            520 147729               -            447  6.9e-268  878.0   4.5   1   2     8e-09   8.9e-09   24.0   0.1     1    25     2    26     2    27 0.96 <unknown description>
147729at5125_660025_0:0010ba|CM010806.1:1811861-1814273|+  -            520 147729               -            447  6.9e-268  878.0   4.5   2   2  2.9e-261  3.2e-261  856.0   1.1    57   445    27   416    26   418 0.99 <unknown description>
147729at5125_1089451_0:000f2e|CM010806.1:1811825-1813261|+ -            410 147729               -            447  6.5e-265  868.2   0.1   1   1    7e-265  7.8e-265  867.9   0.1     1   389    14   403    14   406 0.99 <unknown description>
147729at5125_1111077_0:000244|CM010806.1:1812320-1813423|+ -            312 147729               -            447  1.5e-222  728.6   4.3   1   1  1.5e-222  1.6e-222  728.5   4.3   120   431     1   312     1   312 1.00 <unknown description>
147729at5125_2773459_0:0011b4|CM010806.1:1812335-1813714|+ -            404 147729               -            447  4.2e-220  720.5   3.9   1   1  4.6e-220  5.1e-220  720.2   3.9   125   445     1   321     1   323 0.99 <unknown description>
147729at5125_2604345_0:002ae9|CM010806.1:1812569-1813369|+ -            211 147729               -            447  1.7e-155  507.6   2.3   1   1  1.7e-155  1.8e-155  507.5   2.3   203   413     1   211     1   211 1.00 <unknown description>
#
# Program:         hmmsearch
# Version:         3.4 (Aug 2023)
# Pipeline mode:   SEARCH
# Query file:      /home/arafat/busco_downloads/lineages/hypocreales_odb12.2/hmms/147729at5125.hmm
# Target file:     /home/arafat/Foxy_SIX_Evolution/results/busco/GCA_003615085.1/run_hypocreales_odb12.2/miniprot_output/translated_proteins/147729at5125.faa
# Option settings: hmmsearch --domtblout /home/arafat/Foxy_SIX_Evolution/results/busco/GCA_003615085.1/run_hypocreales_odb12.2/hmmer_output/147729at5125.out --cpu 1 /home/arafat/busco_downloads/lineages/hypocreales_odb12.2/hmms/147729at5125.hmm /home/arafat/Foxy_SIX_Evolution/results/busco/GCA_003615085.1/run_hypocreales_odb12.2/miniprot_output/translated_proteins/147729at5125.faa 
# Current dir:     /home/arafat/Foxy_SIX_Evolution
# Date:            Thu Sep 24 13:57:59 2026
# [ok]
