#                                                                                                                    --- full sequence --- -------------- this domain -------------   hmm coord   ali coord   env coord
# target name                                                accession   tlen query name           accession   qlen   E-value  score  bias   #  of  c-Evalue  i-Evalue  score  bias  from    to  from    to  from    to  acc description of target
#                                        ------------------- ---------- ----- -------------------- ---------- ----- --------- ------ ----- --- --- --------- --------- ------ ----- ----- ----- ----- ----- ----- ----- ---- ---------------------
147873at5125_231269_0:00082e|MRCU01000005.1:995192-999613|-  -            983 147873               -            483  3.1e-285  935.1   0.1   1   1  3.9e-285  3.9e-285  934.8   0.1     1   483   479   982   479   982 0.96 <unknown description>
147873at5125_282268_0:00202f|MRCU01000005.1:992975-997016|-  -            925 147873               -            483  5.4e-284  931.0   0.2   1   2  1.1e-283  1.1e-283  930.0   0.1     1   481    64   565    64   567 0.96 <unknown description>
147873at5125_282268_0:00202f|MRCU01000005.1:992975-997016|-  -            925 147873               -            483  5.4e-284  931.0   0.2   2   2      0.65      0.65   -2.5   0.0   226   255   728   758   719   761 0.78 <unknown description>
147873at5125_660025_0:001534|MRCU01000005.1:995192-997016|-  -            579 147873               -            483  3.3e-279  915.2   0.1   1   1  4.2e-279  4.2e-279  914.9   0.1     1   483    64   578    64   578 0.95 <unknown description>
147873at5125_48865_0:002ea4|MRCU01000005.1:995192-996629|-   -            439 147873               -            483  8.9e-270  884.1   0.2   1   1    1e-269    1e-269  884.0   0.2    53   483     1   438     1   438 0.98 <unknown description>
147873at5125_1649127_0:001303|MRCU01000005.1:995644-997013|- -            434 147873               -            483  1.4e-208  682.3   0.1   1   1  1.7e-208  1.7e-208  682.1   0.1     1   353    63   433    63   434 0.95 <unknown description>
147873at5125_2885761_0:000192|MRCU01000005.1:995192-996220|- -            289 147873               -            483    2e-159  520.2   4.3   1   2   2.4e-51   2.4e-51  163.8   0.2   166   248     1    83     1    84 0.99 <unknown description>
147873at5125_2885761_0:000192|MRCU01000005.1:995192-996220|- -            289 147873               -            483    2e-159  520.2   4.3   2   2  1.3e-110  1.3e-110  359.3   0.5   286   483    84   288    83   288 0.96 <unknown description>
147873at5125_1967640_0:001415|MRCU01000005.1:995644-996220|- -            193 147873               -            483  5.2e-118  383.6   0.3   1   1  5.7e-118  5.7e-118  383.5   0.3   166   353     1   192     1   193 0.98 <unknown description>
147873at5125_63577_0:0016df|MRCU01000005.1:995192-995767|-   -            175 147873               -            483   2.7e-93  302.1   0.8   1   1     3e-93     3e-93  302.0   0.8   317   483     1   174     1   174 0.95 <unknown description>
147873at5125_1649127_0:001d46|MRCU01000005.1:995192-995591|- -            134 147873               -            483   2.5e-74  239.6   1.5   1   1   2.8e-74   2.8e-74  239.4   1.5   354   483     2   133     1   133 0.97 <unknown description>
#
# Program:         hmmsearch
# Version:         3.4 (Aug 2023)
# Pipeline mode:   SEARCH
# Query file:      /home/arafat/busco_downloads/lineages/hypocreales_odb12.2/hmms/147873at5125.hmm
# Target file:     /home/arafat/Foxy_SIX_Evolution/results/busco/GCA_003615085.1/run_hypocreales_odb12.2/miniprot_output/translated_proteins/147873at5125.faa
# Option settings: hmmsearch --domtblout /home/arafat/Foxy_SIX_Evolution/results/busco/GCA_003615085.1/run_hypocreales_odb12.2/hmmer_output/147873at5125.out --cpu 1 /home/arafat/busco_downloads/lineages/hypocreales_odb12.2/hmms/147873at5125.hmm /home/arafat/Foxy_SIX_Evolution/results/busco/GCA_003615085.1/run_hypocreales_odb12.2/miniprot_output/translated_proteins/147873at5125.faa 
# Current dir:     /home/arafat/Foxy_SIX_Evolution
# Date:            Thu Sep 24 13:57:29 2026
# [ok]
