#                                                                                                                  --- full sequence --- -------------- this domain -------------   hmm coord   ali coord   env coord
# target name                                              accession   tlen query name           accession   qlen   E-value  score  bias   #  of  c-Evalue  i-Evalue  score  bias  from    to  from    to  from    to  acc description of target
#                                      ------------------- ---------- ----- -------------------- ---------- ----- --------- ------ ----- --- --- --------- --------- ------ ----- ----- ----- ----- ----- ----- ----- ---- ---------------------
147945at5125_42677_0:002b41|CM010806.1:1758354-1760153|+   -            476 147945               -            314  4.3e-159  517.8  16.7   1   1  1.5e-158  1.5e-158  516.0  16.7     2   313    43   390    42   391 0.85 <unknown description>
147945at5125_396571_0:0032f6|CM010806.1:1758795-1760198|+  -            452 147945               -            314  4.4e-159  517.8  17.1   1   1  1.6e-158  1.6e-158  515.9  17.1     2   313     4   351     3   352 0.85 <unknown description>
147945at5125_2364996_0:003336|CM010806.1:1758795-1759913|+ -            373 147945               -            314    1e-156  509.9  18.3   1   2     5e-67     5e-67  215.3   8.0     2   137     4   152     3   165 0.86 <unknown description>
147945at5125_2364996_0:003336|CM010806.1:1758795-1759913|+ -            373 147945               -            314    1e-156  509.9  18.3   2   2     1e-92     1e-92  299.8   2.6   138   313   183   367   179   368 0.92 <unknown description>
147945at5125_2714763_0:000ca0|CM010806.1:1758795-1759628|+ -            262 147945               -            314  1.6e-110  358.3  12.2   1   1  7.8e-110  7.8e-110  356.0  12.2     2   226     4   262     3   262 0.82 <unknown description>
147945at5125_48507_0:0007eb|CM010806.1:1759035-1760153|+   -            357 147945               -            314  6.6e-102  329.9  10.8   1   1  2.9e-101  2.9e-101  327.8  10.8    79   313     1   271     1   272 0.81 <unknown description>
147945at5125_282268_0:0012dd|CM010806.1:1759194-1759913|+  -            224 147945               -            314   2.3e-96  311.7   2.4   1   1   2.8e-96   2.8e-96  311.4   2.4   119   313    13   218     2   219 0.88 <unknown description>
147945at5125_2004952_0:001daa|CM010806.1:1759385-1759886|+ -            168 147945               -            314   4.4e-85  274.7   3.4   1   1   4.9e-85   4.9e-85  274.5   3.4   152   309     1   167     1   168 0.92 <unknown description>
147945at5125_334819_0:00314d|CM010806.1:1758795-1759445|+  -            201 147945               -            314   4.7e-84  271.3  12.3   1   1     3e-83     3e-83  268.6  12.3     2   170     4   199     3   201 0.81 <unknown description>
147945at5125_2502994_0:00235c|CM010806.1:1759403-1760198|+ -            266 147945               -            314   8.3e-80  257.3   2.9   1   1   1.2e-79   1.2e-79  256.9   2.9   158   313     1   165     1   166 0.91 <unknown description>
147945at5125_2030778_0:001552|CM010806.1:1759568-1759940|+ -            125 147945               -            314   1.3e-59  190.9   3.6   1   1   1.6e-59   1.6e-59  190.7   3.6   206   313     1   110     1   111 0.96 <unknown description>
#
# Program:         hmmsearch
# Version:         3.4 (Aug 2023)
# Pipeline mode:   SEARCH
# Query file:      /home/arafat/busco_downloads/lineages/hypocreales_odb12.2/hmms/147945at5125.hmm
# Target file:     /home/arafat/Foxy_SIX_Evolution/results/busco/GCA_003615085.1/run_hypocreales_odb12.2/miniprot_output/translated_proteins/147945at5125.faa
# Option settings: hmmsearch --domtblout /home/arafat/Foxy_SIX_Evolution/results/busco/GCA_003615085.1/run_hypocreales_odb12.2/hmmer_output/147945at5125.out --cpu 1 /home/arafat/busco_downloads/lineages/hypocreales_odb12.2/hmms/147945at5125.hmm /home/arafat/Foxy_SIX_Evolution/results/busco/GCA_003615085.1/run_hypocreales_odb12.2/miniprot_output/translated_proteins/147945at5125.faa 
# Current dir:     /home/arafat/Foxy_SIX_Evolution
# Date:            Thu Sep 24 13:57:30 2026
# [ok]
