#                                                                                                                  --- full sequence --- -------------- this domain -------------   hmm coord   ali coord   env coord
# target name                                              accession   tlen query name           accession   qlen   E-value  score  bias   #  of  c-Evalue  i-Evalue  score  bias  from    to  from    to  from    to  acc description of target
#                                      ------------------- ---------- ----- -------------------- ---------- ----- --------- ------ ----- --- --- --------- --------- ------ ----- ----- ----- ----- ----- ----- ----- ---- ---------------------
147969at5125_1325733_0:003d87|CM010804.1:1161205-1161976|+ -            258 147969               -            214   1.1e-95  308.4   0.0   1   1   1.2e-95   1.3e-95  308.2   0.0     1   213    27   257    27   258 0.91 <unknown description>
147969at5125_33203_0:000e88|CM010804.1:1160227-1161976|+   -            304 147969               -            214   1.9e-95  307.6   0.0   1   1   2.1e-95   2.4e-95  307.3   0.0     1   213    73   303    73   304 0.91 <unknown description>
147969at5125_2885761_0:002625|CM010804.1:1160868-1161982|+ -            355 147969               -            214   2.9e-95  307.0   0.0   1   1   3.5e-95   3.9e-95  306.6   0.0     1   213   122   352   122   353 0.91 <unknown description>
147969at5125_72228_0:000a56|CM010804.1:1161032-1161889|+   -            270 147969               -            214     5e-89  286.7   0.0   1   1   5.8e-89   6.4e-89  286.3   0.0     1   188    68   270    68   270 0.92 <unknown description>
147969at5125_94208_0:000596|CM010804.1:1161517-1161982|+   -            156 147969               -            214   2.3e-63  202.8   0.1   1   1   2.3e-63   2.6e-63  202.6   0.1    71   213     1   153     1   154 0.91 <unknown description>
147969at5125_29856_0:000433|CM010804.1:1161640-1161973|+   -            112 147969               -            214   3.5e-49  156.4   0.2   1   1   3.4e-49   3.8e-49  156.3   0.2   108   212     3   111     1   112 0.92 <unknown description>
147969at5125_1245745_0:001a5a|CM010804.1:1161205-1161568|+ -            122 147969               -            214   3.8e-38  120.4   0.0   1   1   4.2e-38   4.7e-38  120.1   0.0     1    88    27   122    27   122 0.92 <unknown description>
147969at5125_94208_0:000c99|CM010804.1:1161065-1161529|+   -            155 147969               -            214   1.1e-31   99.3   0.0   1   1   1.3e-31   1.5e-31   98.8   0.0     1    75    73   155    73   155 0.90 <unknown description>
147969at5125_1736662_0:001cf5|CM010804.1:1161068-1161412|+ -             99 147969               -            214   2.4e-11   32.8   0.0   1   1   3.6e-11     4e-11   32.1   0.0     1    36    56    95    56    98 0.88 <unknown description>
#
# Program:         hmmsearch
# Version:         3.4 (Aug 2023)
# Pipeline mode:   SEARCH
# Query file:      /home/arafat/busco_downloads/lineages/hypocreales_odb12.2/hmms/147969at5125.hmm
# Target file:     /home/arafat/Foxy_SIX_Evolution/results/busco/GCA_003615085.1/run_hypocreales_odb12.2/miniprot_output/translated_proteins/147969at5125.faa
# Option settings: hmmsearch --domtblout /home/arafat/Foxy_SIX_Evolution/results/busco/GCA_003615085.1/run_hypocreales_odb12.2/hmmer_output/147969at5125.out --cpu 1 /home/arafat/busco_downloads/lineages/hypocreales_odb12.2/hmms/147969at5125.hmm /home/arafat/Foxy_SIX_Evolution/results/busco/GCA_003615085.1/run_hypocreales_odb12.2/miniprot_output/translated_proteins/147969at5125.faa 
# Current dir:     /home/arafat/Foxy_SIX_Evolution
# Date:            Thu Sep 24 13:57:30 2026
# [ok]
