#                                                                                                                  --- full sequence --- -------------- this domain -------------   hmm coord   ali coord   env coord
# target name                                              accession   tlen query name           accession   qlen   E-value  score  bias   #  of  c-Evalue  i-Evalue  score  bias  from    to  from    to  from    to  acc description of target
#                                      ------------------- ---------- ----- -------------------- ---------- ----- --------- ------ ----- --- --- --------- --------- ------ ----- ----- ----- ----- ----- ----- ----- ---- ---------------------
148253at5125_396571_0:00126c|CM010801.1:1681123-1682686|+  -            282 148253               -            263  2.2e-126  410.0   7.2   1   1  2.7e-126  2.7e-126  409.7   7.2     1   261     1   274     1   276 0.89 <unknown description>
148253at5125_1344414_0:000016|CM010801.1:1681123-1685550|+ -            285 148253               -            263  5.1e-126  408.8   6.1   1   1  6.4e-126  6.4e-126  408.5   6.1     1   261     1   274     1   277 0.89 <unknown description>
148253at5125_327505_0:0015f7|CM010801.1:1682128-1682686|+  -            187 148253               -            263   2.3e-77  249.4   5.4   1   1   2.9e-77   2.9e-77  249.0   5.4    95   261     2   179     1   181 0.84 <unknown description>
148253at5125_57161_0:0046c6|CM010801.1:1682248-1682686|+   -            147 148253               -            263     2e-64  206.9  12.2   1   1   2.4e-64   2.4e-64  206.7  12.2   122   261     1   139     1   141 0.86 <unknown description>
148253at5125_911162_0:000a50|CM010801.1:1682341-1682683|+  -            115 148253               -            263   1.7e-60  194.1  15.0   1   1   2.1e-60   2.1e-60  193.8  15.0   159   261     6   108     2   110 0.95 <unknown description>
148253at5125_327505_0:001250|CM010801.1:1681123-1681501|+  -            127 148253               -            263   8.6e-49  155.7   0.3   1   1     1e-48     1e-48  155.5   0.3     1   101     1   103     1   114 0.96 <unknown description>
148253at5125_694270_0:001f79|CM010801.1:1681123-1681417|+  -             99 148253               -            263   3.9e-47  150.3   0.9   1   1   4.2e-47   4.2e-47  150.1   0.9     1    96     1    98     1    99 0.95 <unknown description>
148253at5125_44412_0:000b2a|CM010801.1:1681123-1681740|+   -            125 148253               -            263   5.1e-47  149.9   1.0   1   1   5.8e-47   5.8e-47  149.7   1.0     1    97     1    99     1   113 0.93 <unknown description>
148253at5125_1101274_0:0028dc|CM010801.1:1681123-1682118|+ -            228 148253               -            263   1.8e-46  148.1   0.3   1   1   2.5e-46   2.5e-46  147.6   0.3     1    96     1    98     1   109 0.94 <unknown description>
#
# Program:         hmmsearch
# Version:         3.4 (Aug 2023)
# Pipeline mode:   SEARCH
# Query file:      /home/arafat/busco_downloads/lineages/hypocreales_odb12.2/hmms/148253at5125.hmm
# Target file:     /home/arafat/Foxy_SIX_Evolution/results/busco/GCA_003615085.1/run_hypocreales_odb12.2/miniprot_output/translated_proteins/148253at5125.faa
# Option settings: hmmsearch --domtblout /home/arafat/Foxy_SIX_Evolution/results/busco/GCA_003615085.1/run_hypocreales_odb12.2/hmmer_output/148253at5125.out --cpu 1 /home/arafat/busco_downloads/lineages/hypocreales_odb12.2/hmms/148253at5125.hmm /home/arafat/Foxy_SIX_Evolution/results/busco/GCA_003615085.1/run_hypocreales_odb12.2/miniprot_output/translated_proteins/148253at5125.faa 
# Current dir:     /home/arafat/Foxy_SIX_Evolution
# Date:            Thu Sep 24 13:57:34 2026
# [ok]
