#                                                                                                                  --- full sequence --- -------------- this domain -------------   hmm coord   ali coord   env coord
# target name                                              accession   tlen query name           accession   qlen   E-value  score  bias   #  of  c-Evalue  i-Evalue  score  bias  from    to  from    to  from    to  acc description of target
#                                      ------------------- ---------- ----- -------------------- ---------- ----- --------- ------ ----- --- --- --------- --------- ------ ----- ----- ----- ----- ----- ----- ----- ---- ---------------------
148487at5125_1859967_0:001385|CM010805.1:1551597-1554411|- -            724 148487               -            460  2.2e-226  741.6   0.1   1   1  2.8e-226  2.8e-226  741.3   0.1     1   460   231   721   231   721 0.91 <unknown description>
148487at5125_396571_0:002d6b|CM010805.1:1551597-1553251|-  -            500 148487               -            460  3.5e-225  737.6   0.1   1   1  8.8e-225  8.8e-225  736.3   0.1     1   460     1   497     1   497 0.90 <unknown description>
148487at5125_1331945_0:00172e|CM010805.1:1551597-1556809|- -           1120 148487               -            460  4.7e-224  733.9   0.0   1   1    1e-223    1e-223  732.8   0.0     1   460   621  1117   621  1117 0.90 <unknown description>
148487at5125_1247861_0:001bf4|CM010805.1:1551597-1559489|- -           1097 148487               -            460  1.9e-223  731.9   0.3   1   2  1.5e-199  1.5e-199  653.2   0.1     1   389   582   994   582   997 0.91 <unknown description>
148487at5125_1247861_0:001bf4|CM010805.1:1551597-1559489|- -           1097 148487               -            460  1.9e-223  731.9   0.3   2   2   9.8e-25   9.8e-25   76.8   0.0   384   460  1017  1094  1005  1094 0.92 <unknown description>
148487at5125_5544_0:00274d|CM010805.1:1552014-1553251|-    -            378 148487               -            460  1.2e-197  646.8   0.4   1   1  1.3e-197  1.3e-197  646.7   0.4     1   353     1   363     1   378 0.93 <unknown description>
148487at5125_468837_0:001bbf|CM010805.1:1552485-1553251|-  -            221 148487               -            460  4.1e-147  480.3   0.6   1   1  4.6e-147  4.6e-147  480.1   0.6     1   220     1   221     1   221 0.99 <unknown description>
148487at5125_48485_0:00393a|CM010805.1:1551597-1552683|-   -            346 148487               -            460  6.6e-123  400.5   0.0   1   1    2e-122    2e-122  398.8   0.0   154   460     1   343     1   343 0.86 <unknown description>
148487at5125_117187_0:002321|CM010805.1:1551897-1552683|-  -            263 148487               -            460   3.3e-99  322.3   0.0   1   1   3.8e-99   3.8e-99  322.1   0.0   154   393     1   263     1   263 0.86 <unknown description>
148487at5125_2885761_0:003256|CM010805.1:1551597-1552146|- -            167 148487               -            460   2.7e-30   95.2   0.0   1   1   1.3e-29   1.3e-29   92.9   0.0   331   460     8   164     1   164 0.77 <unknown description>
#
# Program:         hmmsearch
# Version:         3.4 (Aug 2023)
# Pipeline mode:   SEARCH
# Query file:      /home/arafat/busco_downloads/lineages/hypocreales_odb12.2/hmms/148487at5125.hmm
# Target file:     /home/arafat/Foxy_SIX_Evolution/results/busco/GCA_003615085.1/run_hypocreales_odb12.2/miniprot_output/translated_proteins/148487at5125.faa
# Option settings: hmmsearch --domtblout /home/arafat/Foxy_SIX_Evolution/results/busco/GCA_003615085.1/run_hypocreales_odb12.2/hmmer_output/148487at5125.out --cpu 1 /home/arafat/busco_downloads/lineages/hypocreales_odb12.2/hmms/148487at5125.hmm /home/arafat/Foxy_SIX_Evolution/results/busco/GCA_003615085.1/run_hypocreales_odb12.2/miniprot_output/translated_proteins/148487at5125.faa 
# Current dir:     /home/arafat/Foxy_SIX_Evolution
# Date:            Thu Sep 24 13:57:38 2026
# [ok]
