#                                                                                                                  --- full sequence --- -------------- this domain -------------   hmm coord   ali coord   env coord
# target name                                              accession   tlen query name           accession   qlen   E-value  score  bias   #  of  c-Evalue  i-Evalue  score  bias  from    to  from    to  from    to  acc description of target
#                                      ------------------- ---------- ----- -------------------- ---------- ----- --------- ------ ----- --- --- --------- --------- ------ ----- ----- ----- ----- ----- ----- ----- ---- ---------------------
148656at5125_45235_0:000061|CM010800.1:2964305-2971863|-   -            659 148656               -            695  5.2e-213  699.1  64.2   1   1  1.1e-212  1.2e-212  697.9  64.2    16   695    23   658     5   658 0.90 <unknown description>
148656at5125_396571_0:000352|CM010800.1:2964305-2967084|-  -            689 148656               -            695  4.5e-212  696.0  72.0   1   1  8.7e-212  9.6e-212  694.9  72.0     1   695     4   688     4   688 0.91 <unknown description>
148656at5125_12942_0:002686|CM010800.1:2964305-2976417|-   -            683 148656               -            695  4.9e-212  695.9  67.1   1   1    1e-211  1.1e-211  694.7  67.1    16   695    46   682    21   682 0.90 <unknown description>
148656at5125_42673_0:000567|CM010800.1:2964305-2966223|-   -            586 148656               -            695  4.7e-196  643.0  65.1   1   1    1e-195  1.1e-195  641.8  65.1    79   695    15   585     2   585 0.91 <unknown description>
148656at5125_857340_0:00034f|CM010800.1:2964305-2969236|-  -            492 148656               -            695  4.7e-172  563.7  52.2   1   1  1.1e-171  1.2e-171  562.3  52.2   186   695    26   491    10   491 0.91 <unknown description>
148656at5125_117187_0:0005bc|CM010800.1:2964305-2965658|-  -            452 148656               -            695  8.4e-168  549.7  49.0   1   1    2e-167  2.2e-167  548.3  49.0   201   695     1   451     1   451 0.92 <unknown description>
148656at5125_468837_0:0007ae|CM010800.1:2964305-2965271|-  -            323 148656               -            695    3e-130  425.5  37.8   1   1  8.6e-130  9.4e-130  423.9  37.8   342   695     2   322     1   322 0.95 <unknown description>
148656at5125_2604345_0:000205|CM010800.1:2965037-2967075|- -            442 148656               -            695   2.9e-97  316.5  42.5   1   1     3e-97   3.3e-97  316.3  42.5     1   427     1   442     1   442 0.90 <unknown description>
148656at5125_2604345_0:0001f5|CM010800.1:2964305-2964803|- -            167 148656               -            695   3.6e-95  309.6  13.1   1   1   1.6e-94   1.8e-94  307.3  13.1   506   695     2   166     1   166 0.97 <unknown description>
148656at5125_229533_0:000430|CM010800.1:2964305-2964698|-  -            132 148656               -            695   7.4e-88  285.4   7.0   1   1   7.2e-88     8e-88  285.3   7.0   567   695     3   131     1   131 0.98 <unknown description>
#
# Program:         hmmsearch
# Version:         3.4 (Aug 2023)
# Pipeline mode:   SEARCH
# Query file:      /home/arafat/busco_downloads/lineages/hypocreales_odb12.2/hmms/148656at5125.hmm
# Target file:     /home/arafat/Foxy_SIX_Evolution/results/busco/GCA_003615085.1/run_hypocreales_odb12.2/miniprot_output/translated_proteins/148656at5125.faa
# Option settings: hmmsearch --domtblout /home/arafat/Foxy_SIX_Evolution/results/busco/GCA_003615085.1/run_hypocreales_odb12.2/hmmer_output/148656at5125.out --cpu 1 /home/arafat/busco_downloads/lineages/hypocreales_odb12.2/hmms/148656at5125.hmm /home/arafat/Foxy_SIX_Evolution/results/busco/GCA_003615085.1/run_hypocreales_odb12.2/miniprot_output/translated_proteins/148656at5125.faa 
# Current dir:     /home/arafat/Foxy_SIX_Evolution
# Date:            Thu Sep 24 13:57:43 2026
# [ok]
