#                                                                                                                  --- full sequence --- -------------- this domain -------------   hmm coord   ali coord   env coord
# target name                                              accession   tlen query name           accession   qlen   E-value  score  bias   #  of  c-Evalue  i-Evalue  score  bias  from    to  from    to  from    to  acc description of target
#                                      ------------------- ---------- ----- -------------------- ---------- ----- --------- ------ ----- --- --- --------- --------- ------ ----- ----- ----- ----- ----- ----- ----- ---- ---------------------
148703at5125_1089448_0:0000df|CM010802.1:2036199-2039555|+ -           1103 148703               -           1022         0 1971.0  13.3   1   2   3.4e-08   3.4e-08   20.2   6.2     2    51     8    56     7    95 0.66 <unknown description>
148703at5125_1089448_0:0000df|CM010802.1:2036199-2039555|+ -           1103 148703               -           1022         0 1971.0  13.3   2   2         0         0 1954.5   1.8    44  1022   108  1102    63  1102 0.93 <unknown description>
148703at5125_78861_0:002570|CM010802.1:2035325-2039555|+   -           1143 148703               -           1022         0 1970.8  13.3   1   2   4.1e-08   4.1e-08   19.9   6.4     2    51    48    96    47   134 0.67 <unknown description>
148703at5125_78861_0:002570|CM010802.1:2035325-2039555|+   -           1143 148703               -           1022         0 1970.8  13.3   2   2         0         0 1954.1   1.8    44  1022   148  1142   106  1142 0.93 <unknown description>
148703at5125_327505_0:001bfe|CM010802.1:2036874-2039555|+  -            878 148703               -           1022         0 1819.1   0.4   1   1         0         0 1818.9   0.4   156  1022     1   877     1   877 0.98 <unknown description>
148703at5125_92637_0:0014fc|CM010802.1:2037415-2039555|+   -            714 148703               -           1022         0 1434.3   1.5   1   1         0         0 1434.2   1.5   316  1022     1   713     1   713 0.98 <unknown description>
148703at5125_83212_0:0007e5|CM010802.1:2036199-2038681|+   -            812 148703               -           1022         0 1388.4  15.1   1   1         0         0 1373.3  15.1     2   731     8   812     7   812 0.88 <unknown description>
#
# Program:         hmmsearch
# Version:         3.4 (Aug 2023)
# Pipeline mode:   SEARCH
# Query file:      /home/arafat/busco_downloads/lineages/hypocreales_odb12.2/hmms/148703at5125.hmm
# Target file:     /home/arafat/Foxy_SIX_Evolution/results/busco/GCA_003615085.1/run_hypocreales_odb12.2/miniprot_output/translated_proteins/148703at5125.faa
# Option settings: hmmsearch --domtblout /home/arafat/Foxy_SIX_Evolution/results/busco/GCA_003615085.1/run_hypocreales_odb12.2/hmmer_output/148703at5125.out --cpu 1 /home/arafat/busco_downloads/lineages/hypocreales_odb12.2/hmms/148703at5125.hmm /home/arafat/Foxy_SIX_Evolution/results/busco/GCA_003615085.1/run_hypocreales_odb12.2/miniprot_output/translated_proteins/148703at5125.faa 
# Current dir:     /home/arafat/Foxy_SIX_Evolution
# Date:            Thu Sep 24 13:57:44 2026
# [ok]
