#                                                                                                                  --- full sequence --- -------------- this domain -------------   hmm coord   ali coord   env coord
# target name                                              accession   tlen query name           accession   qlen   E-value  score  bias   #  of  c-Evalue  i-Evalue  score  bias  from    to  from    to  from    to  acc description of target
#                                      ------------------- ---------- ----- -------------------- ---------- ----- --------- ------ ----- --- --- --------- --------- ------ ----- ----- ----- ----- ----- ----- ----- ---- ---------------------
148712at5125_2614577_0:002182|CM010803.1:1747141-1751999|+ -            545 148712               -            200  1.5e-125  405.7   0.1   1   1  2.5e-125  2.5e-125  404.9   0.1     1   200   344   544   344   544 0.99 <unknown description>
148712at5125_5507_3:001fb7|CM010803.1:1751016-1751999|+    -            244 148712               -            200  2.7e-122  395.1   0.2   1   1  3.3e-122  3.3e-122  394.8   0.2     8   200    50   243    46   243 0.98 <unknown description>
148712at5125_123648_0:001fb0|CM010803.1:1751319-1751999|+  -            171 148712               -            200  1.6e-111  359.9   0.2   1   1  1.7e-111  1.7e-111  359.8   0.2    33   200     3   170     1   170 0.98 <unknown description>
148712at5125_2559227_0:001bf6|CM010803.1:1751143-1751924|+ -            177 148712               -            200  2.6e-109  352.7   0.1   1   1  2.9e-109  2.9e-109  352.6   0.1     1   176     1   177     1   177 0.99 <unknown description>
148712at5125_1896173_0:000a7d|CM010803.1:1751515-1751999|+ -            142 148712               -            200   5.2e-99  319.1   0.4   1   1   5.7e-99   5.7e-99  318.9   0.4    61   200     2   141     1   141 0.99 <unknown description>
148712at5125_468837_0:000a4b|CM010803.1:1751626-1751999|+  -            105 148712               -            200   1.1e-73  236.4   0.9   1   1   1.2e-73   1.2e-73  236.3   0.9    97   200     1   104     1   104 1.00 <unknown description>
148712at5125_2502994_0:001082|CM010803.1:1751143-1751656|+ -            108 148712               -            200   4.3e-58  185.5   0.5   1   1   4.7e-58   4.7e-58  185.3   0.5     1   107     1   108     1   108 0.98 <unknown description>
#
# Program:         hmmsearch
# Version:         3.4 (Aug 2023)
# Pipeline mode:   SEARCH
# Query file:      /home/arafat/busco_downloads/lineages/hypocreales_odb12.2/hmms/148712at5125.hmm
# Target file:     /home/arafat/Foxy_SIX_Evolution/results/busco/GCA_003615085.1/run_hypocreales_odb12.2/miniprot_output/translated_proteins/148712at5125.faa
# Option settings: hmmsearch --domtblout /home/arafat/Foxy_SIX_Evolution/results/busco/GCA_003615085.1/run_hypocreales_odb12.2/hmmer_output/148712at5125.out --cpu 1 /home/arafat/busco_downloads/lineages/hypocreales_odb12.2/hmms/148712at5125.hmm /home/arafat/Foxy_SIX_Evolution/results/busco/GCA_003615085.1/run_hypocreales_odb12.2/miniprot_output/translated_proteins/148712at5125.faa 
# Current dir:     /home/arafat/Foxy_SIX_Evolution
# Date:            Thu Sep 24 13:57:44 2026
# [ok]
