#                                                                                                                 --- full sequence --- -------------- this domain -------------   hmm coord   ali coord   env coord
# target name                                             accession   tlen query name           accession   qlen   E-value  score  bias   #  of  c-Evalue  i-Evalue  score  bias  from    to  from    to  from    to  acc description of target
#                                     ------------------- ---------- ----- -------------------- ---------- ----- --------- ------ ----- --- --- --------- --------- ------ ----- ----- ----- ----- ----- ----- ----- ---- ---------------------
148818at5125_396571_0:0003c2|CM010800.1:5083447-5087303|- -           1225 148818               -           1040         0 1845.3  20.9   1   3   5.5e-15   5.5e-15   42.6   3.4     2    60     6    65     5    76 0.81 <unknown description>
148818at5125_396571_0:0003c2|CM010800.1:5083447-5087303|- -           1225 148818               -           1040         0 1845.3  20.9   2   3         0         0 1766.2   2.6    34  1006    76  1120    68  1134 0.91 <unknown description>
148818at5125_396571_0:0003c2|CM010800.1:5083447-5087303|- -           1225 148818               -           1040         0 1845.3  20.9   3   3   3.4e-16   3.4e-16   46.6   0.9   990  1039  1138  1188  1124  1189 0.88 <unknown description>
148818at5125_92637_0:002426|CM010800.1:5084336-5087291|-  -            986 148818               -           1040         0 1651.0  12.0   1   2   3.3e-15   3.3e-15   43.4   2.9     2    59     2    60     1    68 0.81 <unknown description>
148818at5125_92637_0:002426|CM010800.1:5084336-5087291|-  -            986 148818               -           1040         0 1651.0  12.0   2   2         0         0 1612.8   1.8    34   898    72   986    63   986 0.92 <unknown description>
148818at5125_92637_0:00257e|CM010800.1:5084495-5086067|-  -            525 148818               -           1040         0 1150.7   0.0   1   1         0         0 1150.6   0.0   330   851     1   525     1   525 0.99 <unknown description>
148818at5125_72228_0:0010f4|CM010800.1:5083447-5085293|-  -            555 148818               -           1040  8.9e-242  793.4   5.7   1   2    6e-228    6e-228  747.7   0.3   588  1006     1   450     1   465 0.92 <unknown description>
148818at5125_72228_0:0010f4|CM010800.1:5083447-5085293|-  -            555 148818               -           1040  8.9e-242  793.4   5.7   2   2   1.4e-16   1.4e-16   47.8   0.9   990  1039   468   518   458   519 0.88 <unknown description>
148818at5125_92637_0:002582|CM010800.1:5086622-5087291|-  -            224 148818               -           1040   4.7e-58  185.2  15.4   1   2   6.2e-16   6.2e-16   45.7   3.7     2    60     2    61     1    72 0.82 <unknown description>
148818at5125_92637_0:002582|CM010800.1:5086622-5087291|-  -            224 148818               -           1040   4.7e-58  185.2  15.4   2   2   7.2e-46   7.2e-46  144.8   4.6    34   171    72   224    64   224 0.83 <unknown description>
#
# Program:         hmmsearch
# Version:         3.4 (Aug 2023)
# Pipeline mode:   SEARCH
# Query file:      /home/arafat/busco_downloads/lineages/hypocreales_odb12.2/hmms/148818at5125.hmm
# Target file:     /home/arafat/Foxy_SIX_Evolution/results/busco/GCA_003615085.1/run_hypocreales_odb12.2/miniprot_output/translated_proteins/148818at5125.faa
# Option settings: hmmsearch --domtblout /home/arafat/Foxy_SIX_Evolution/results/busco/GCA_003615085.1/run_hypocreales_odb12.2/hmmer_output/148818at5125.out --cpu 1 /home/arafat/busco_downloads/lineages/hypocreales_odb12.2/hmms/148818at5125.hmm /home/arafat/Foxy_SIX_Evolution/results/busco/GCA_003615085.1/run_hypocreales_odb12.2/miniprot_output/translated_proteins/148818at5125.faa 
# Current dir:     /home/arafat/Foxy_SIX_Evolution
# Date:            Thu Sep 24 13:57:46 2026
# [ok]
