#                                                                                                                  --- full sequence --- -------------- this domain -------------   hmm coord   ali coord   env coord
# target name                                              accession   tlen query name           accession   qlen   E-value  score  bias   #  of  c-Evalue  i-Evalue  score  bias  from    to  from    to  from    to  acc description of target
#                                      ------------------- ---------- ----- -------------------- ---------- ----- --------- ------ ----- --- --- --------- --------- ------ ----- ----- ----- ----- ----- ----- ----- ---- ---------------------
148936at5125_1089452_0:000c54|CM010801.1:784576-787915|+   -           1114 148936               -            970         0 1699.9   7.0   1   1         0         0 1699.6   7.0     1   969    66  1104    66  1105 0.92 <unknown description>
148936at5125_595255_0:002968|CM010801.1:777466-787915|+    -           1130 148936               -            970         0 1699.8   7.0   1   1         0         0 1699.5   7.0     1   969    82  1120    82  1121 0.92 <unknown description>
148936at5125_983965_0:000f51|CM010801.1:785245-787915|+    -            891 148936               -            970         0 1542.9   6.0   1   1         0         0 1542.6   6.0   136   969     1   881     1   882 0.94 <unknown description>
148936at5125_57161_0:003963|CM010801.1:786085-787915|+     -            611 148936               -            970         0 1119.4   1.6   1   1         0         0 1119.2   1.6   398   969     1   601     1   602 0.95 <unknown description>
148936at5125_1089452_0:000524|CM010801.1:785683-787591|+   -            488 148936               -            970  2.2e-278  916.1   9.2   1   2  9.8e-164  9.8e-164  536.6   0.6   278   564     9   301     3   302 0.96 <unknown description>
148936at5125_1089452_0:000524|CM010801.1:785683-787591|+   -            488 148936               -            970  2.2e-278  916.1   9.2   2   2  5.7e-118  5.7e-118  385.2   2.5   691   876   301   488   301   488 0.97 <unknown description>
148936at5125_96318_0:002181|CM010801.1:784831-786616|+     -            596 148936               -            970  3.8e-278  915.3   0.5   1   1  4.6e-278  4.6e-278  915.1   0.5    22   573     4   594     2   596 0.92 <unknown description>
148936at5125_426428_0:0014c9|CM010801.1:786472-787846|+    -            459 148936               -            970  1.5e-240  790.9   1.5   1   1  1.6e-240  1.6e-240  790.8   1.5   527   955     1   458     1   459 0.93 <unknown description>
148936at5125_42673_0:002d53|CM010801.1:785116-786439|+     -            442 148936               -            970    6e-215  706.1   0.6   1   1  6.6e-215  6.6e-215  706.0   0.6   116   516    24   442     1   442 0.92 <unknown description>
148936at5125_169388_0:001626|CM010801.1:786775-787819|+    -            349 148936               -            970  1.3e-200  658.7   2.5   1   1  1.4e-200  1.4e-200  658.6   2.5   613   949     1   349     1   349 0.95 <unknown description>
148936at5125_64609_0:00388d|CM010801.1:786991-787915|+     -            309 148936               -            970    2e-175  575.3   2.3   1   1  2.4e-175  2.4e-175  575.1   2.3   680   969     1   299     1   300 0.96 <unknown description>
148936at5125_660029_0:001586|CM010801.1:785683-786604|+    -            308 148936               -            970  3.7e-168  551.3   0.6   1   1  4.3e-168  4.3e-168  551.1   0.6   278   570     9   307     2   308 0.96 <unknown description>
148936at5125_1080344_0:004688|CM010801.1:787147-787846|+   -            234 148936               -            970  3.3e-132  432.3   0.2   1   1  3.7e-132  3.7e-132  432.1   0.2   730   955     1   233     1   234 0.95 <unknown description>
148936at5125_61366_0:000179|CM010801.1:785683-786412|+     -            244 148936               -            970  1.2e-129  423.9   1.5   1   1  1.3e-129  1.3e-129  423.7   1.5   278   507     9   244     2   244 0.96 <unknown description>
148936at5125_5507_2:003ff6|CM010801.1:786940-787357|+      -            140 148936               -            970   2.5e-90  293.7   2.1   1   1   2.8e-90   2.8e-90  293.5   2.1   663   800     1   140     1   140 0.97 <unknown description>
148936at5125_451672_0:0033cc|CM010801.1:785545-786109|+    -            189 148936               -            970   3.2e-82  266.8   6.3   1   1   3.6e-82   3.6e-82  266.7   6.3   229   406     1   189     1   189 0.93 <unknown description>
148936at5125_660029_0:0016b0|CM010800.1:6138678-6139434|-  -            235 148936               -            970   4.2e-68  220.1   0.3   1   1   2.4e-66   2.4e-66  214.3   0.3   751   940     1   177     1   180 0.92 <unknown description>
148936at5125_1089451_0:003204|CM010800.1:6138843-6139434|- -            117 148936               -            970   5.8e-44  140.2   0.1   1   2   7.1e-10   7.1e-10   27.4   0.0   751   783     1    34     1    36 0.89 <unknown description>
148936at5125_1089451_0:003204|CM010800.1:6138843-6139434|- -            117 148936               -            970   5.8e-44  140.2   0.1   2   2   9.9e-36   9.9e-36  113.0   0.0   863   939    34   113    32   116 0.91 <unknown description>
148936at5125_5507_3:002812|CM010801.1:786076-786229|+      -             52 148936               -            970   3.9e-28   87.8   0.0   1   1   4.2e-28   4.2e-28   87.7   0.0   396   446     2    52     1    52 0.98 <unknown description>
#
# Program:         hmmsearch
# Version:         3.4 (Aug 2023)
# Pipeline mode:   SEARCH
# Query file:      /home/arafat/busco_downloads/lineages/hypocreales_odb12.2/hmms/148936at5125.hmm
# Target file:     /home/arafat/Foxy_SIX_Evolution/results/busco/GCA_003615085.1/run_hypocreales_odb12.2/miniprot_output/translated_proteins/148936at5125.faa
# Option settings: hmmsearch --domtblout /home/arafat/Foxy_SIX_Evolution/results/busco/GCA_003615085.1/run_hypocreales_odb12.2/hmmer_output/148936at5125.out --cpu 1 /home/arafat/busco_downloads/lineages/hypocreales_odb12.2/hmms/148936at5125.hmm /home/arafat/Foxy_SIX_Evolution/results/busco/GCA_003615085.1/run_hypocreales_odb12.2/miniprot_output/translated_proteins/148936at5125.faa 
# Current dir:     /home/arafat/Foxy_SIX_Evolution
# Date:            Thu Sep 24 13:57:51 2026
# [ok]
