#                                                                                                                  --- full sequence --- -------------- this domain -------------   hmm coord   ali coord   env coord
# target name                                              accession   tlen query name           accession   qlen   E-value  score  bias   #  of  c-Evalue  i-Evalue  score  bias  from    to  from    to  from    to  acc description of target
#                                      ------------------- ---------- ----- -------------------- ---------- ----- --------- ------ ----- --- --- --------- --------- ------ ----- ----- ----- ----- ----- ----- ----- ---- ---------------------
149086at5125_221167_0:000f15|CM010804.1:2357426-2361886|-  -           1410 149086               -           1231         0 2585.9   0.0   1   1         0         0 2585.7   0.0     1  1224   175  1408   175  1409 0.98 <unknown description>
149086at5125_2494466_0:001889|CM010804.1:2354008-2361233|- -           1813 149086               -           1231         0 2580.3   0.0   1   1         0         0 2579.9   0.0     1  1224     1  1234     1  1238 0.98 <unknown description>
149086at5125_1349383_0:0013cb|CM010804.1:2357429-2365655|- -           1143 149086               -           1231         0 2455.3   0.0   1   1         0         0 2455.0   0.0   107  1224    20  1142    12  1143 0.98 <unknown description>
149086at5125_73501_0:001513|CM010804.1:2357426-2360789|-   -           1088 149086               -           1231         0 2429.2   0.1   1   1         0         0 2429.1   0.1   140  1224     1  1086     1  1087 0.99 <unknown description>
149086at5125_96774_0:000b54|CM010804.1:2358470-2361233|-   -            922 149086               -           1231         0 1818.2   2.2   1   1         0         0 1818.0   2.2     1   911     1   921     1   922 0.97 <unknown description>
149086at5125_101201_0:001d90|CM010804.1:2357568-2359928|-  -            772 149086               -           1231         0 1808.2   2.6   1   1         0         0 1808.0   2.6   427  1195     1   770     1   772 1.00 <unknown description>
149086at5125_426428_0:002ee8|CM010804.1:2359379-2361233|-  -            619 149086               -           1231         0 1120.9  12.5   1   1         0         0 1120.8  12.5     1   610     1   619     1   619 0.96 <unknown description>
#
# Program:         hmmsearch
# Version:         3.4 (Aug 2023)
# Pipeline mode:   SEARCH
# Query file:      /home/arafat/busco_downloads/lineages/hypocreales_odb12.2/hmms/149086at5125.hmm
# Target file:     /home/arafat/Foxy_SIX_Evolution/results/busco/GCA_003615085.1/run_hypocreales_odb12.2/miniprot_output/translated_proteins/149086at5125.faa
# Option settings: hmmsearch --domtblout /home/arafat/Foxy_SIX_Evolution/results/busco/GCA_003615085.1/run_hypocreales_odb12.2/hmmer_output/149086at5125.out --cpu 1 /home/arafat/busco_downloads/lineages/hypocreales_odb12.2/hmms/149086at5125.hmm /home/arafat/Foxy_SIX_Evolution/results/busco/GCA_003615085.1/run_hypocreales_odb12.2/miniprot_output/translated_proteins/149086at5125.faa 
# Current dir:     /home/arafat/Foxy_SIX_Evolution
# Date:            Thu Sep 24 13:58:01 2026
# [ok]
