#                                                                                                                    --- full sequence --- -------------- this domain -------------   hmm coord   ali coord   env coord
# target name                                                accession   tlen query name           accession   qlen   E-value  score  bias   #  of  c-Evalue  i-Evalue  score  bias  from    to  from    to  from    to  acc description of target
#                                        ------------------- ---------- ----- -------------------- ---------- ----- --------- ------ ----- --- --- --------- --------- ------ ----- ----- ----- ----- ----- ----- ----- ---- ---------------------
150279at5125_396571_0:0009e3|MRCU01000005.1:694683-699560|+  -           1546 150279               -           1141         0 1949.5  80.9   1   5  7.4e-118  7.4e-118  383.4   0.2     2   204    16   214    15   226 0.93 <unknown description>
150279at5125_396571_0:0009e3|MRCU01000005.1:694683-699560|+  -           1546 150279               -           1141         0 1949.5  80.9   2   5   0.00063   0.00063    6.1   9.0   175   245   234   307   225   354 0.71 <unknown description>
150279at5125_396571_0:0009e3|MRCU01000005.1:694683-699560|+  -           1546 150279               -           1141         0 1949.5  80.9   3   5   8.9e-13   8.9e-13   35.4  18.7   231   279   358   407   337   425 0.85 <unknown description>
150279at5125_396571_0:0009e3|MRCU01000005.1:694683-699560|+  -           1546 150279               -           1141         0 1949.5  80.9   4   5     6e-28     6e-28   85.6  24.8   227   370   555   702   496   720 0.62 <unknown description>
150279at5125_396571_0:0009e3|MRCU01000005.1:694683-699560|+  -           1546 150279               -           1141         0 1949.5  80.9   5   5         0         0 1457.1   3.4   360  1141   741  1545   707  1545 0.95 <unknown description>
150279at5125_1736662_0:000ae4|MRCU01000005.1:694683-702398|+ -           2212 150279               -           1141         0 1896.4 106.6   1   7  1.4e-117  1.4e-117  382.5   1.0     2   207    16   217    15   253 0.90 <unknown description>
150279at5125_1736662_0:000ae4|MRCU01000005.1:694683-702398|+ -           2212 150279               -           1141         0 1896.4 106.6   2   7   0.00057   0.00057    6.2   8.0   175   245   234   307   227   347 0.71 <unknown description>
150279at5125_1736662_0:000ae4|MRCU01000005.1:694683-702398|+ -           2212 150279               -           1141         0 1896.4 106.6   3   7   5.7e-13   5.7e-13   36.0  17.2   231   278   358   406   349   415 0.82 <unknown description>
150279at5125_1736662_0:000ae4|MRCU01000005.1:694683-702398|+ -           2212 150279               -           1141         0 1896.4 106.6   4   7   3.3e-29   3.3e-29   89.8  18.4   245   371   477   605   410   629 0.75 <unknown description>
150279at5125_1736662_0:000ae4|MRCU01000005.1:694683-702398|+ -           2212 150279               -           1141         0 1896.4 106.6   5   7         0         0 1430.5   3.6   359  1130   642  1436   606  1444 0.94 <unknown description>
150279at5125_1736662_0:000ae4|MRCU01000005.1:694683-702398|+ -           2212 150279               -           1141         0 1896.4 106.6   6   7         8         8  -12.6  10.8   202   260  1629  1690  1473  1716 0.53 <unknown description>
150279at5125_1736662_0:000ae4|MRCU01000005.1:694683-702398|+ -           2212 150279               -           1141         0 1896.4 106.6   7   7       2.4       2.4   -5.8   6.0   188   253  1901  1966  1880  2007 0.72 <unknown description>
150279at5125_911162_0:00179c|MRCU01000005.1:695750-699560|+  -           1115 150279               -           1141         0 1578.3  52.0   1   3   1.6e-13   1.6e-13   37.8  17.5   231   283    49   102    42   115 0.82 <unknown description>
150279at5125_911162_0:00179c|MRCU01000005.1:695750-699560|+  -           1115 150279               -           1141         0 1578.3  52.0   2   3     4e-30     4e-30   92.8  16.9   239   371   136   272   114   296 0.69 <unknown description>
150279at5125_911162_0:00179c|MRCU01000005.1:695750-699560|+  -           1115 150279               -           1141         0 1578.3  52.0   3   3         0         0 1458.8   2.9   360  1141   310  1114   280  1114 0.95 <unknown description>
150279at5125_694270_0:002c54|MRCU01000005.1:696632-699560|+  -            943 150279               -           1141         0 1551.7  15.6   1   2   2.7e-31   2.7e-31   96.7   6.1   281   370     3    99     1   117 0.75 <unknown description>
150279at5125_694270_0:002c54|MRCU01000005.1:696632-699560|+  -            943 150279               -           1141         0 1551.7  15.6   2   2         0         0 1460.0   2.6   360  1141   138   942   108   942 0.95 <unknown description>
150279at5125_150374_0:000dc3|MRCU01000005.1:697244-699560|+  -            658 150279               -           1141         0 1186.9   9.2   1   2  1.1e-167  1.1e-167  548.4   2.3   427   735     1   320     1   321 0.95 <unknown description>
150279at5125_150374_0:000dc3|MRCU01000005.1:697244-699560|+  -            658 150279               -           1141         0 1186.9   9.2   2   2    1e-196    1e-196  644.5   0.8   807  1141   319   657   317   657 0.99 <unknown description>
150279at5125_101201_0:0004c2|MRCU01000005.1:698475-699560|+  -            344 150279               -           1141  1.5e-201  660.6   0.8   1   1  1.7e-201  1.7e-201  660.4   0.8   803  1141     1   343     1   343 0.99 <unknown description>
150279at5125_694270_0:0015e2|MRCU01000005.1:694683-696437|+  -            539 150279               -           1141  1.3e-129  422.3  40.5   1   3  1.7e-118  1.7e-118  385.5   1.2     2   207    16   217    15   250 0.91 <unknown description>
150279at5125_694270_0:0015e2|MRCU01000005.1:694683-696437|+  -            539 150279               -           1141  1.3e-129  422.3  40.5   2   3   9.4e-05   9.4e-05    8.8   8.1   175   245   234   307   227   350 0.70 <unknown description>
150279at5125_694270_0:0015e2|MRCU01000005.1:694683-696437|+  -            539 150279               -           1141  1.3e-129  422.3  40.5   3   3   1.1e-13   1.1e-13   38.4  17.5   231   279   358   407   349   425 0.83 <unknown description>
150279at5125_93591_0:002460|MRCU01000005.1:694683-695417|+   -            199 150279               -           1141  6.3e-119  386.9   0.4   1   1  7.1e-119  7.1e-119  386.8   0.4     2   182    16   196    15   199 0.99 <unknown description>
#
# Program:         hmmsearch
# Version:         3.4 (Aug 2023)
# Pipeline mode:   SEARCH
# Query file:      /home/arafat/busco_downloads/lineages/hypocreales_odb12.2/hmms/150279at5125.hmm
# Target file:     /home/arafat/Foxy_SIX_Evolution/results/busco/GCA_003615085.1/run_hypocreales_odb12.2/miniprot_output/translated_proteins/150279at5125.faa
# Option settings: hmmsearch --domtblout /home/arafat/Foxy_SIX_Evolution/results/busco/GCA_003615085.1/run_hypocreales_odb12.2/hmmer_output/150279at5125.out --cpu 1 /home/arafat/busco_downloads/lineages/hypocreales_odb12.2/hmms/150279at5125.hmm /home/arafat/Foxy_SIX_Evolution/results/busco/GCA_003615085.1/run_hypocreales_odb12.2/miniprot_output/translated_proteins/150279at5125.faa 
# Current dir:     /home/arafat/Foxy_SIX_Evolution
# Date:            Thu Sep 24 13:57:49 2026
# [ok]
