#                                                                                                                  --- full sequence --- -------------- this domain -------------   hmm coord   ali coord   env coord
# target name                                              accession   tlen query name           accession   qlen   E-value  score  bias   #  of  c-Evalue  i-Evalue  score  bias  from    to  from    to  from    to  acc description of target
#                                      ------------------- ---------- ----- -------------------- ---------- ----- --------- ------ ----- --- --- --------- --------- ------ ----- ----- ----- ----- ----- ----- ----- ---- ---------------------
150375at5125_96317_0:000854|CM010800.1:4521269-4522778|-   -            504 150375               -            404  1.2e-227  744.2  20.7   1   1  1.9e-227  1.9e-227  743.5  20.7     1   398    44   477    44   483 0.91 <unknown description>
150375at5125_1028729_0:00091c|CM010800.1:4515473-4522796|- -            535 150375               -            404  1.4e-227  743.9  20.7   1   1  2.3e-227  2.3e-227  743.2  20.7     1   398    50   483    50   489 0.91 <unknown description>
150375at5125_2039874_0:00141d|CM010800.1:4519220-4522778|- -            869 150375               -            404  9.7e-227  741.1  20.7   1   2  9.7e-227  9.7e-227  741.1  20.7     1   398    44   477    44   483 0.91 <unknown description>
150375at5125_2039874_0:00141d|CM010800.1:4519220-4522778|- -            869 150375               -            404  9.7e-227  741.1  20.7   2   2         2         2   -4.2   0.2   151   182   547   576   529   600 0.61 <unknown description>
150375at5125_983965_0:00218e|CM010800.1:4521269-4522442|-  -            392 150375               -            404  2.5e-188  614.6  14.4   1   1  4.3e-188  4.3e-188  613.9  14.4    67   399     1   366     1   371 0.90 <unknown description>
150375at5125_396571_0:000015|CM010800.1:4521525-4522562|-  -            329 150375               -            404  7.8e-175  570.2  13.9   1   1  1.4e-174  1.4e-174  569.3  13.9    27   320     1   317     1   321 0.93 <unknown description>
150375at5125_63577_0:0014d3|CM010800.1:4521323-4522103|-   -            261 150375               -            404  1.4e-134  437.7   8.4   1   1    2e-134    2e-134  437.1   8.4   167   399     1   253     1   258 0.90 <unknown description>
#
# Program:         hmmsearch
# Version:         3.4 (Aug 2023)
# Pipeline mode:   SEARCH
# Query file:      /home/arafat/busco_downloads/lineages/hypocreales_odb12.2/hmms/150375at5125.hmm
# Target file:     /home/arafat/Foxy_SIX_Evolution/results/busco/GCA_003615085.1/run_hypocreales_odb12.2/miniprot_output/translated_proteins/150375at5125.faa
# Option settings: hmmsearch --domtblout /home/arafat/Foxy_SIX_Evolution/results/busco/GCA_003615085.1/run_hypocreales_odb12.2/hmmer_output/150375at5125.out --cpu 1 /home/arafat/busco_downloads/lineages/hypocreales_odb12.2/hmms/150375at5125.hmm /home/arafat/Foxy_SIX_Evolution/results/busco/GCA_003615085.1/run_hypocreales_odb12.2/miniprot_output/translated_proteins/150375at5125.faa 
# Current dir:     /home/arafat/Foxy_SIX_Evolution
# Date:            Thu Sep 24 13:57:52 2026
# [ok]
