#                                                                                                                  --- full sequence --- -------------- this domain -------------   hmm coord   ali coord   env coord
# target name                                              accession   tlen query name           accession   qlen   E-value  score  bias   #  of  c-Evalue  i-Evalue  score  bias  from    to  from    to  from    to  acc description of target
#                                      ------------------- ---------- ----- -------------------- ---------- ----- --------- ------ ----- --- --- --------- --------- ------ ----- ----- ----- ----- ----- ----- ----- ---- ---------------------
150438at5125_396571_0:003202|CM010806.1:2262675-2264357|+  -            528 150438               -            439  3.9e-198  646.5  19.0   1   2  2.9e-195  2.9e-195  637.0  18.3     4   427     6   463     3   473 0.89 <unknown description>
150438at5125_396571_0:003202|CM010806.1:2262675-2264357|+  -            528 150438               -            439  3.9e-198  646.5  19.0   2   2      0.49      0.49   -3.0   0.0   398   438   485   525   478   526 0.64 <unknown description>
150438at5125_58853_0:001f46|CM010806.1:2262675-2263996|+   -            441 150438               -            439  1.1e-194  635.1   8.8   1   2   2.6e-08   2.6e-08   21.0   0.0     4    36     6    38     3    56 0.86 <unknown description>
150438at5125_58853_0:001f46|CM010806.1:2262675-2263996|+   -            441 150438               -            439  1.1e-194  635.1   8.8   2   2  3.4e-187  3.4e-187  610.5  10.7    37   385    82   439    71   441 0.96 <unknown description>
150438at5125_2004951_0:0027f4|CM010806.1:2263015-2264357|+ -            425 150438               -            439  9.2e-181  589.3  21.1   1   2  9.2e-181  9.2e-181  589.3  21.1    64   421     1   363     1   375 0.93 <unknown description>
150438at5125_2004951_0:0027f4|CM010806.1:2263015-2264357|+ -            425 150438               -            439  9.2e-181  589.3  21.1   2   2      0.31      0.31   -2.4   0.0   397   438   381   422   371   423 0.65 <unknown description>
150438at5125_131363_0:00222c|CM010806.1:2263330-2264357|+  -            328 150438               -            439    3e-125  406.3   9.2   1   2  4.7e-125  4.7e-125  405.7   8.8   169   427     1   263     1   274 0.92 <unknown description>
150438at5125_131363_0:00222c|CM010806.1:2263330-2264357|+  -            328 150438               -            439    3e-125  406.3   9.2   2   2      0.22      0.22   -1.9   0.0   397   438   284   325   275   326 0.64 <unknown description>
#
# Program:         hmmsearch
# Version:         3.4 (Aug 2023)
# Pipeline mode:   SEARCH
# Query file:      /home/arafat/busco_downloads/lineages/hypocreales_odb12.2/hmms/150438at5125.hmm
# Target file:     /home/arafat/Foxy_SIX_Evolution/results/busco/GCA_003615085.1/run_hypocreales_odb12.2/miniprot_output/translated_proteins/150438at5125.faa
# Option settings: hmmsearch --domtblout /home/arafat/Foxy_SIX_Evolution/results/busco/GCA_003615085.1/run_hypocreales_odb12.2/hmmer_output/150438at5125.out --cpu 1 /home/arafat/busco_downloads/lineages/hypocreales_odb12.2/hmms/150438at5125.hmm /home/arafat/Foxy_SIX_Evolution/results/busco/GCA_003615085.1/run_hypocreales_odb12.2/miniprot_output/translated_proteins/150438at5125.faa 
# Current dir:     /home/arafat/Foxy_SIX_Evolution
# Date:            Thu Sep 24 13:57:53 2026
# [ok]
