#                                                                                                                  --- full sequence --- -------------- this domain -------------   hmm coord   ali coord   env coord
# target name                                              accession   tlen query name           accession   qlen   E-value  score  bias   #  of  c-Evalue  i-Evalue  score  bias  from    to  from    to  from    to  acc description of target
#                                      ------------------- ---------- ----- -------------------- ---------- ----- --------- ------ ----- --- --- --------- --------- ------ ----- ----- ----- ----- ----- ----- ----- ---- ---------------------
150884at5125_983965_0:0008b1|CM010802.1:1857107-1858733|-  -            527 150884               -            468  2.4e-260  852.4  12.4   1   1  1.3e-257  1.3e-257  843.3  12.4     3   455     4   493     2   500 0.90 <unknown description>
150884at5125_396571_0:001bde|CM010802.1:1856624-1858733|-  -            688 150884               -            468  6.7e-260  850.9  12.4   1   1  3.2e-257  3.2e-257  842.1  12.4     3   455     4   493     2   500 0.90 <unknown description>
150884at5125_2039874_0:000ec8|CM010802.1:1856645-1865727|- -            685 150884               -            468  8.5e-260  850.6  12.3   1   2  6.5e-172  6.5e-172  560.8   0.1     2   319     7   340     6   346 0.93 <unknown description>
150884at5125_2039874_0:000ec8|CM010802.1:1856645-1865727|- -            685 150884               -            468  8.5e-260  850.6  12.3   2   2   1.8e-90   1.8e-90  292.3   8.1   304   455   345   497   338   504 0.94 <unknown description>
150884at5125_2004951_0:000d05|CM010802.1:1857485-1858733|- -            401 150884               -            468  1.5e-197  645.3   6.9   1   2  9.8e-173  9.8e-173  563.5   0.1     3   319     4   336     2   342 0.93 <unknown description>
150884at5125_2004951_0:000d05|CM010802.1:1857485-1858733|- -            401 150884               -            468  1.5e-197  645.3   6.9   2   2   1.8e-27   1.8e-27   84.6   2.7   305   364   342   401   335   401 0.92 <unknown description>
150884at5125_2824670_0:0035e8|CM010802.1:1857761-1858733|- -            309 150884               -            468  5.2e-166  541.3   0.1   1   1  6.6e-166  6.6e-166  541.0   0.1     3   293     4   309     2   309 0.94 <unknown description>
#
# Program:         hmmsearch
# Version:         3.4 (Aug 2023)
# Pipeline mode:   SEARCH
# Query file:      /home/arafat/busco_downloads/lineages/hypocreales_odb12.2/hmms/150884at5125.hmm
# Target file:     /home/arafat/Foxy_SIX_Evolution/results/busco/GCA_003615085.1/run_hypocreales_odb12.2/miniprot_output/translated_proteins/150884at5125.faa
# Option settings: hmmsearch --domtblout /home/arafat/Foxy_SIX_Evolution/results/busco/GCA_003615085.1/run_hypocreales_odb12.2/hmmer_output/150884at5125.out --cpu 1 /home/arafat/busco_downloads/lineages/hypocreales_odb12.2/hmms/150884at5125.hmm /home/arafat/Foxy_SIX_Evolution/results/busco/GCA_003615085.1/run_hypocreales_odb12.2/miniprot_output/translated_proteins/150884at5125.faa 
# Current dir:     /home/arafat/Foxy_SIX_Evolution
# Date:            Thu Sep 24 13:57:30 2026
# [ok]
