#                                                                                                                  --- full sequence --- -------------- this domain -------------   hmm coord   ali coord   env coord
# target name                                              accession   tlen query name           accession   qlen   E-value  score  bias   #  of  c-Evalue  i-Evalue  score  bias  from    to  from    to  from    to  acc description of target
#                                      ------------------- ---------- ----- -------------------- ---------- ----- --------- ------ ----- --- --- --------- --------- ------ ----- ----- ----- ----- ----- ----- ----- ---- ---------------------
151120at5125_451672_0:000140|CM010803.1:1385430-1386789|-  -            454 151120               -            316  2.6e-126  410.1  37.2   1   2   1.5e-82   1.5e-82  266.4  24.8    10   246    58   356    32   366 0.76 <unknown description>
151120at5125_451672_0:000140|CM010803.1:1385430-1386789|-  -            454 151120               -            316  2.6e-126  410.1  37.2   2   2   3.2e-45   3.2e-45  143.8   4.5   226   315   362   452   354   453 0.88 <unknown description>
151120at5125_1080343_0:00319f|CM010803.1:1385430-1387209|- -            594 151120               -            316  4.5e-126  409.3  36.0   1   2   1.5e-82   1.5e-82  266.3  23.7    10   245   198   495   172   503 0.76 <unknown description>
151120at5125_1080343_0:00319f|CM010803.1:1385430-1387209|- -            594 151120               -            316  4.5e-126  409.3  36.0   2   2   6.9e-45   6.9e-45  142.6   4.9   226   315   502   592   495   593 0.88 <unknown description>
151120at5125_327505_0:00222e|CM010803.1:1385430-1388084|-  -            585 151120               -            316  1.4e-124  404.4  41.4   1   3      0.99      0.99   -2.4   0.2   107   143    38    73    14   126 0.67 <unknown description>
151120at5125_327505_0:00222e|CM010803.1:1385430-1388084|-  -            585 151120               -            316  1.4e-124  404.4  41.4   2   3   1.5e-82   1.5e-82  266.4  23.7    10   245   189   486   163   494 0.76 <unknown description>
151120at5125_327505_0:00222e|CM010803.1:1385430-1388084|-  -            585 151120               -            316  1.4e-124  404.4  41.4   3   3   6.7e-45   6.7e-45  142.7   4.9   226   315   493   583   486   584 0.88 <unknown description>
151120at5125_78864_0:0032ff|CM010803.1:1385430-1386417|-   -            330 151120               -            316  9.7e-113  365.5  27.7   1   2   9.9e-70   9.9e-70  224.3  15.6    60   245     1   231     1   239 0.76 <unknown description>
151120at5125_78864_0:0032ff|CM010803.1:1385430-1386417|-   -            330 151120               -            316  9.7e-113  365.5  27.7   2   2   1.7e-45   1.7e-45  144.7   4.3   226   315   238   328   230   329 0.88 <unknown description>
151120at5125_2714763_0:001ae5|CM010803.1:1385862-1387065|- -            402 151120               -            316   3.9e-65  209.2  22.8   1   1   7.9e-63   7.9e-63  201.6  22.8    10   204   150   401   124   402 0.75 <unknown description>
151120at5125_2004951_0:0011dd|CM010803.1:1385430-1385769|- -            114 151120               -            316     8e-48  152.3   8.8   1   2    0.0013    0.0013    7.1   0.1   231   246     1    16     1    22 0.85 <unknown description>
151120at5125_2004951_0:0011dd|CM010803.1:1385430-1385769|- -            114 151120               -            316     8e-48  152.3   8.8   2   2   1.6e-46   1.6e-46  148.0   4.7   226   315    22   112    15   113 0.88 <unknown description>
151120at5125_42672_0:003645|CM010803.1:1385952-1386789|-   -            280 151120               -            316   4.3e-45  143.3  19.7   1   1   1.7e-42   1.7e-42  134.8  19.7    10   174    58   279    32   280 0.71 <unknown description>
151120at5125_2004951_0:000ae7|CM010803.1:1386174-1387035|- -            288 151120               -            316   1.3e-26   82.6  13.4   1   1     6e-25     6e-25   77.1  13.4    10   119   140   282   114   288 0.72 <unknown description>
#
# Program:         hmmsearch
# Version:         3.4 (Aug 2023)
# Pipeline mode:   SEARCH
# Query file:      /home/arafat/busco_downloads/lineages/hypocreales_odb12.2/hmms/151120at5125.hmm
# Target file:     /home/arafat/Foxy_SIX_Evolution/results/busco/GCA_003615085.1/run_hypocreales_odb12.2/miniprot_output/translated_proteins/151120at5125.faa
# Option settings: hmmsearch --domtblout /home/arafat/Foxy_SIX_Evolution/results/busco/GCA_003615085.1/run_hypocreales_odb12.2/hmmer_output/151120at5125.out --cpu 1 /home/arafat/busco_downloads/lineages/hypocreales_odb12.2/hmms/151120at5125.hmm /home/arafat/Foxy_SIX_Evolution/results/busco/GCA_003615085.1/run_hypocreales_odb12.2/miniprot_output/translated_proteins/151120at5125.faa 
# Current dir:     /home/arafat/Foxy_SIX_Evolution
# Date:            Thu Sep 24 13:57:35 2026
# [ok]
