#                                                                                                                  --- full sequence --- -------------- this domain -------------   hmm coord   ali coord   env coord
# target name                                              accession   tlen query name           accession   qlen   E-value  score  bias   #  of  c-Evalue  i-Evalue  score  bias  from    to  from    to  from    to  acc description of target
#                                      ------------------- ---------- ----- -------------------- ---------- ----- --------- ------ ----- --- --- --------- --------- ------ ----- ----- ----- ----- ----- ----- ----- ---- ---------------------
151378at5125_100902_0:0046b5|CM010800.1:3804419-3804878|-  -            103 151378               -             88   2.5e-54  170.9   9.4   1   1     5e-54     5e-54  170.0   9.4     5    88    12    95     1    95 0.92 <unknown description>
151378at5125_1147111_0:00375d|CM010800.1:3804419-3805533|- -            158 151378               -             88   8.8e-54  169.2   9.3   1   1   1.7e-53   1.7e-53  168.2   9.3     5    88    67   150    56   150 0.92 <unknown description>
151378at5125_61366_0:00029b|CM010800.1:3804419-3805905|-   -            165 151378               -             88   9.9e-54  169.0   9.3   1   1     2e-53     2e-53  168.1   9.3     5    88    74   157    63   157 0.92 <unknown description>
151378at5125_2604345_0:003f09|CM010800.1:3804419-3806304|- -            240 151378               -             88   1.6e-53  168.4   8.8   1   1   3.6e-53   3.6e-53  167.2   8.8     5    88   149   232   138   232 0.92 <unknown description>
151378at5125_431241_0:000889|CM010800.1:3804422-3804718|-  -             82 151378               -             88   2.3e-52  164.7   3.7   1   1   2.6e-52   2.6e-52  164.5   3.7    14    88     1    75     1    75 0.99 <unknown description>
151378at5125_1081103_0:001382|CM010800.1:3804502-3804706|- -             69 151378               -             88   2.6e-49  154.8   3.2   1   1   2.9e-49   2.9e-49  154.7   3.2    18    86     1    69     1    69 0.99 <unknown description>
151378at5125_1195189_0:0002cd|CM010800.1:3804422-3804616|- -             48 151378               -             88   1.1e-27   85.6   5.6   1   1   1.2e-27   1.2e-27   85.4   5.6    48    88     1    41     1    41 0.98 <unknown description>
#
# Program:         hmmsearch
# Version:         3.4 (Aug 2023)
# Pipeline mode:   SEARCH
# Query file:      /home/arafat/busco_downloads/lineages/hypocreales_odb12.2/hmms/151378at5125.hmm
# Target file:     /home/arafat/Foxy_SIX_Evolution/results/busco/GCA_003615085.1/run_hypocreales_odb12.2/miniprot_output/translated_proteins/151378at5125.faa
# Option settings: hmmsearch --domtblout /home/arafat/Foxy_SIX_Evolution/results/busco/GCA_003615085.1/run_hypocreales_odb12.2/hmmer_output/151378at5125.out --cpu 1 /home/arafat/busco_downloads/lineages/hypocreales_odb12.2/hmms/151378at5125.hmm /home/arafat/Foxy_SIX_Evolution/results/busco/GCA_003615085.1/run_hypocreales_odb12.2/miniprot_output/translated_proteins/151378at5125.faa 
# Current dir:     /home/arafat/Foxy_SIX_Evolution
# Date:            Thu Sep 24 13:57:44 2026
# [ok]
