#                                                                                                                  --- full sequence --- -------------- this domain -------------   hmm coord   ali coord   env coord
# target name                                              accession   tlen query name           accession   qlen   E-value  score  bias   #  of  c-Evalue  i-Evalue  score  bias  from    to  from    to  from    to  acc description of target
#                                      ------------------- ---------- ----- -------------------- ---------- ----- --------- ------ ----- --- --- --------- --------- ------ ----- ----- ----- ----- ----- ----- ----- ---- ---------------------
151526at5125_1806559_0:001b6a|CM010804.1:3185666-3192052|- -            804 151526               -            513  1.1e-264  867.7  36.0   1   4   0.00057   0.00057    7.6   0.5     1    20     7    26     7    36 0.88 <unknown description>
151526at5125_1806559_0:001b6a|CM010804.1:3185666-3192052|- -            804 151526               -            513  1.1e-264  867.7  36.0   2   4   1.6e-12   1.6e-12   35.7   0.2    25    66    70   111    46   135 0.80 <unknown description>
151526at5125_1806559_0:001b6a|CM010804.1:3185666-3192052|- -            804 151526               -            513  1.1e-264  867.7  36.0   3   4  2.2e-256  2.2e-256  840.4  14.9    60   507   177   643   123   649 0.88 <unknown description>
151526at5125_1806559_0:001b6a|CM010804.1:3185666-3192052|- -            804 151526               -            513  1.1e-264  867.7  36.0   4   4       2.2       2.2   -4.3   1.9    33    33   711   711   656   769 0.51 <unknown description>
151526at5125_1089448_0:002122|CM010804.1:3189642-3192103|- -            787 151526               -            513  2.7e-264  866.4  37.5   1   4   0.00055   0.00055    7.6   0.5     1    20    24    43    24    53 0.88 <unknown description>
151526at5125_1089448_0:002122|CM010804.1:3189642-3192103|- -            787 151526               -            513  2.7e-264  866.4  37.5   2   4   1.9e-12   1.9e-12   35.5   0.2    25    65    87   127    63   133 0.77 <unknown description>
151526at5125_1089448_0:002122|CM010804.1:3189642-3192103|- -            787 151526               -            513  2.7e-264  866.4  37.5   3   4    2e-256    2e-256  840.5  14.8    60   507   194   660   140   666 0.88 <unknown description>
151526at5125_1089448_0:002122|CM010804.1:3189642-3192103|- -            787 151526               -            513  2.7e-264  866.4  37.5   4   4       4.7       4.7   -5.4   3.3    48    64   725   741   673   773 0.45 <unknown description>
151526at5125_1081102_0:001da5|CM010804.1:3178250-3196942|- -            873 151526               -            513    3e-256  839.9  14.6   1   1    3e-256    3e-256  839.9  14.6    62   507   266   730   229   736 0.89 <unknown description>
151526at5125_2714763_0:000649|CM010804.1:3189657-3191482|- -            575 151526               -            513  1.9e-255  837.3  13.0   1   2  1.9e-255  1.9e-255  837.3  13.0    78   507     5   453     1   459 0.91 <unknown description>
151526at5125_2714763_0:000649|CM010804.1:3189657-3191482|- -            575 151526               -            513  1.9e-255  837.3  13.0   2   2      0.52      0.52   -2.2   0.8    48    50   518   520   461   565 0.45 <unknown description>
151526at5125_93591_0:0014d4|CM010804.1:3189711-3191083|-   -            424 151526               -            513    1e-200  656.7  14.2   1   2    1e-200    1e-200  656.7  14.2   202   507     1   320     1   328 0.92 <unknown description>
151526at5125_93591_0:0014d4|CM010804.1:3189711-3191083|-   -            424 151526               -            513    1e-200  656.7  14.2   2   2      0.38      0.38   -1.8   0.5   479   479   376   376   324   422 0.44 <unknown description>
151526at5125_398673_0:001e81|CM010804.1:3190521-3192112|-  -            516 151526               -            513  4.7e-183  598.4  21.8   1   3   0.00034   0.00034    8.3   0.5     1    20    27    46    27    56 0.88 <unknown description>
151526at5125_398673_0:001e81|CM010804.1:3190521-3192112|-  -            516 151526               -            513  4.7e-183  598.4  21.8   2   3   9.7e-13   9.7e-13   36.5   0.2    25    66    90   131    65   146 0.78 <unknown description>
151526at5125_398673_0:001e81|CM010804.1:3190521-3192112|-  -            516 151526               -            513  4.7e-183  598.4  21.8   3   3  9.1e-172  9.1e-172  561.2   9.9    61   369   198   514   144   516 0.89 <unknown description>
151526at5125_468837_0:001c6b|CM010804.1:3189849-3190788|-  -            295 151526               -            513    4e-144  470.0   8.8   1   1    4e-144    4e-144  470.0   8.8   282   507     1   237     1   246 0.90 <unknown description>
151526at5125_1081103_0:000ce2|CM010804.1:3190939-3192097|- -            387 151526               -            513   7.8e-96  310.6  17.4   1   3   0.00022   0.00022    8.9   0.4     1    20    22    41    22    52 0.88 <unknown description>
151526at5125_1081103_0:000ce2|CM010804.1:3190939-3192097|- -            387 151526               -            513   7.8e-96  310.6  17.4   2   3   6.2e-13   6.2e-13   37.1   0.2    25    66    85   126    60   143 0.78 <unknown description>
151526at5125_1081103_0:000ce2|CM010804.1:3190939-3192097|- -            387 151526               -            513   7.8e-96  310.6  17.4   3   3     5e-84     5e-84  271.7   6.4    59   249   191   386   136   387 0.83 <unknown description>
#
# Program:         hmmsearch
# Version:         3.4 (Aug 2023)
# Pipeline mode:   SEARCH
# Query file:      /home/arafat/busco_downloads/lineages/hypocreales_odb12.2/hmms/151526at5125.hmm
# Target file:     /home/arafat/Foxy_SIX_Evolution/results/busco/GCA_003615085.1/run_hypocreales_odb12.2/miniprot_output/translated_proteins/151526at5125.faa
# Option settings: hmmsearch --domtblout /home/arafat/Foxy_SIX_Evolution/results/busco/GCA_003615085.1/run_hypocreales_odb12.2/hmmer_output/151526at5125.out --cpu 1 /home/arafat/busco_downloads/lineages/hypocreales_odb12.2/hmms/151526at5125.hmm /home/arafat/Foxy_SIX_Evolution/results/busco/GCA_003615085.1/run_hypocreales_odb12.2/miniprot_output/translated_proteins/151526at5125.faa 
# Current dir:     /home/arafat/Foxy_SIX_Evolution
# Date:            Thu Sep 24 13:57:47 2026
# [ok]
