#                                                                                                                  --- full sequence --- -------------- this domain -------------   hmm coord   ali coord   env coord
# target name                                              accession   tlen query name           accession   qlen   E-value  score  bias   #  of  c-Evalue  i-Evalue  score  bias  from    to  from    to  from    to  acc description of target
#                                      ------------------- ---------- ----- -------------------- ---------- ----- --------- ------ ----- --- --- --------- --------- ------ ----- ----- ----- ----- ----- ----- ----- ---- ---------------------
151541at5125_327505_0:001a7c|CM010802.1:3277617-3279024|-  -            470 151541               -            461    3e-164  536.7  28.5   1   1  3.2e-164  3.4e-164  536.5  28.5     1   459     1   457     1   459 0.93 <unknown description>
151541at5125_983644_0:000bde|CM010802.1:3274778-3279033|-  -           1015 151541               -            461  4.7e-163  532.8  29.1   1   2  4.3e-163  4.7e-163  532.8  29.1     1   459     4   460     4   462 0.93 <unknown description>
151541at5125_983644_0:000bde|CM010802.1:3274778-3279033|-  -           1015 151541               -            461  4.7e-163  532.8  29.1   2   2       1.3       1.4   -2.9   5.8   270   326   709   762   707   774 0.75 <unknown description>
151541at5125_857340_0:000049|CM010802.1:3277668-3288414|-  -            717 151541               -            461    2e-162  530.7  29.8   1   1  2.2e-162  2.4e-162  530.4  29.8     1   455   265   717   265   717 0.93 <unknown description>
151541at5125_12942_0:001ea9|CM010802.1:3276316-3279024|-   -            460 151541               -            461  2.1e-158  517.5  30.4   1   1  2.2e-158  2.4e-158  517.2  30.4     1   447     1   445     1   458 0.91 <unknown description>
151541at5125_1081104_0:00233e|CM010802.1:3272478-3279024|- -            479 151541               -            461  6.7e-158  515.8  29.3   1   1  7.8e-158  8.5e-158  515.4  29.3     1   440     1   438     1   450 0.92 <unknown description>
151541at5125_131363_0:000465|CM010802.1:3278028-3279024|-  -            333 151541               -            461    1e-110  360.2  17.6   1   1    1e-110  1.1e-110  360.1  17.6     1   326     1   330     1   333 0.94 <unknown description>
151541at5125_1325734_0:003a0d|CM010802.1:3277776-3278688|- -            305 151541               -            461  8.6e-106  344.0  35.8   1   1  8.8e-106  9.6e-106  343.8  35.8   114   409     2   303     1   305 0.90 <unknown description>
151541at5125_307937_0:003588|CM010802.1:3277623-3278451|-  -            277 151541               -            461   1.5e-99  323.4  36.8   1   1   1.6e-99   1.7e-99  323.2  36.8   188   459     1   266     1   268 0.91 <unknown description>
151541at5125_1229664_0:002cc0|CM010802.1:3277617-3278037|- -            141 151541               -            461   2.2e-53  171.2  11.6   1   1   2.2e-53   2.4e-53  171.1  11.6   324   459     4   128     1   130 0.91 <unknown description>
151541at5125_1229664_0:002db2|CM010802.1:3278507-3279024|- -            143 151541               -            461   3.1e-41  131.2   9.5   1   1   3.4e-41   3.7e-41  130.9   9.5     1   128     1   128     1   131 0.99 <unknown description>
151541at5125_2502994_0:002933|CM010802.1:3277617-3277938|- -            108 151541               -            461   2.4e-36  115.1   1.8   1   1   2.4e-36   2.6e-36  114.9   1.8   354   459     1    95     1    97 0.91 <unknown description>
#
# Program:         hmmsearch
# Version:         3.4 (Aug 2023)
# Pipeline mode:   SEARCH
# Query file:      /home/arafat/busco_downloads/lineages/hypocreales_odb12.2/hmms/151541at5125.hmm
# Target file:     /home/arafat/Foxy_SIX_Evolution/results/busco/GCA_003615085.1/run_hypocreales_odb12.2/miniprot_output/translated_proteins/151541at5125.faa
# Option settings: hmmsearch --domtblout /home/arafat/Foxy_SIX_Evolution/results/busco/GCA_003615085.1/run_hypocreales_odb12.2/hmmer_output/151541at5125.out --cpu 1 /home/arafat/busco_downloads/lineages/hypocreales_odb12.2/hmms/151541at5125.hmm /home/arafat/Foxy_SIX_Evolution/results/busco/GCA_003615085.1/run_hypocreales_odb12.2/miniprot_output/translated_proteins/151541at5125.faa 
# Current dir:     /home/arafat/Foxy_SIX_Evolution
# Date:            Thu Sep 24 13:57:48 2026
# [ok]
