#                                                                                                                  --- full sequence --- -------------- this domain -------------   hmm coord   ali coord   env coord
# target name                                              accession   tlen query name           accession   qlen   E-value  score  bias   #  of  c-Evalue  i-Evalue  score  bias  from    to  from    to  from    to  acc description of target
#                                      ------------------- ---------- ----- -------------------- ---------- ----- --------- ------ ----- --- --- --------- --------- ------ ----- ----- ----- ----- ----- ----- ----- ---- ---------------------
151663at5125_396571_0:00226d|CM010803.1:4182061-4184321|-  -            737 151663               -            507  1.2e-251  824.4  18.3   1   3   3.3e-60   3.3e-60  192.9   8.3     8   209    88   325    81   329 0.77 <unknown description>
151663at5125_396571_0:00226d|CM010803.1:4182061-4184321|-  -            737 151663               -            507  1.2e-251  824.4  18.3   2   3  1.6e-108  1.6e-108  352.2   0.1   189   382   332   527   326   530 0.90 <unknown description>
151663at5125_396571_0:00226d|CM010803.1:4182061-4184321|-  -            737 151663               -            507  1.2e-251  824.4  18.3   3   3   1.6e-86   1.6e-86  279.7   0.2   356   505   553   706   540   708 0.90 <unknown description>
151663at5125_29856_0:000be2|CM010803.1:4180273-4184315|-   -            757 151663               -            507  1.5e-251  824.1  18.3   1   3   3.5e-60   3.5e-60  192.8   8.3     8   209    86   323    79   327 0.77 <unknown description>
151663at5125_29856_0:000be2|CM010803.1:4180273-4184315|-   -            757 151663               -            507  1.5e-251  824.1  18.3   2   3  1.7e-108  1.7e-108  352.2   0.1   189   382   330   525   324   528 0.90 <unknown description>
151663at5125_29856_0:000be2|CM010803.1:4180273-4184315|-   -            757 151663               -            507  1.5e-251  824.1  18.3   3   3   1.7e-86   1.7e-86  279.6   0.2   356   505   551   704   538   706 0.90 <unknown description>
151663at5125_117187_0:001b8a|CM010803.1:4182061-4183817|-  -            569 151663               -            507  1.2e-234  768.3   9.2   1   3   2.5e-42   2.5e-42  133.9   0.7    83   209     1   157     1   160 0.74 <unknown description>
151663at5125_117187_0:001b8a|CM010803.1:4182061-4183817|-  -            569 151663               -            507  1.2e-234  768.3   9.2   2   3    1e-108    1e-108  352.9   0.1   189   382   164   359   158   362 0.90 <unknown description>
151663at5125_117187_0:001b8a|CM010803.1:4182061-4183817|-  -            569 151663               -            507  1.2e-234  768.3   9.2   3   3     1e-86     1e-86  280.3   0.2   356   505   385   538   372   540 0.90 <unknown description>
151663at5125_490622_0:000767|CM010803.1:4182136-4183486|-  -            451 151663               -            507  6.7e-217  709.8   5.6   1   3   5.2e-25   5.2e-25   76.8   0.1   147   209     1    64     1    66 0.84 <unknown description>
151663at5125_490622_0:000767|CM010803.1:4182136-4183486|-  -            451 151663               -            507  6.7e-217  709.8   5.6   2   3  5.5e-109  5.5e-109  353.8   0.1   189   382    71   266    63   269 0.90 <unknown description>
151663at5125_490622_0:000767|CM010803.1:4182136-4183486|-  -            451 151663               -            507  6.7e-217  709.8   5.6   3   3   6.5e-87   6.5e-87  281.0   0.2   356   505   292   445   279   447 0.90 <unknown description>
151663at5125_2604345_0:0011e1|CM010803.1:4182787-4184255|- -            473 151663               -            507  6.4e-166  541.6  15.3   1   2   1.5e-60   1.5e-60  194.0   8.6     8   209    66   303    59   306 0.77 <unknown description>
151663at5125_2604345_0:0011e1|CM010803.1:4182787-4184255|- -            473 151663               -            507  6.4e-166  541.6  15.3   2   2  1.1e-106  1.1e-106  346.3   0.9   189   351   309   472   290   473 0.91 <unknown description>
151663at5125_911162_0:000fca|CM010803.1:4182157-4182892|-  -            246 151663               -            507  2.7e-104  338.3   0.7   1   2     2e-18     2e-18   55.0   0.0   317   382     1    68     1    71 0.84 <unknown description>
151663at5125_911162_0:000fca|CM010803.1:4182157-4182892|-  -            246 151663               -            507  2.7e-104  338.3   0.7   2   2   3.7e-87   3.7e-87  281.8   0.4   355   503    93   245    81   246 0.90 <unknown description>
151663at5125_1163406_0:0019a1|CM010803.1:4182130-4182574|- -            149 151663               -            507   5.4e-87  281.2   0.9   1   1   6.2e-87   6.2e-87  281.0   0.9   366   505     2   141     1   143 0.97 <unknown description>
#
# Program:         hmmsearch
# Version:         3.4 (Aug 2023)
# Pipeline mode:   SEARCH
# Query file:      /home/arafat/busco_downloads/lineages/hypocreales_odb12.2/hmms/151663at5125.hmm
# Target file:     /home/arafat/Foxy_SIX_Evolution/results/busco/GCA_003615085.1/run_hypocreales_odb12.2/miniprot_output/translated_proteins/151663at5125.faa
# Option settings: hmmsearch --domtblout /home/arafat/Foxy_SIX_Evolution/results/busco/GCA_003615085.1/run_hypocreales_odb12.2/hmmer_output/151663at5125.out --cpu 1 /home/arafat/busco_downloads/lineages/hypocreales_odb12.2/hmms/151663at5125.hmm /home/arafat/Foxy_SIX_Evolution/results/busco/GCA_003615085.1/run_hypocreales_odb12.2/miniprot_output/translated_proteins/151663at5125.faa 
# Current dir:     /home/arafat/Foxy_SIX_Evolution
# Date:            Thu Sep 24 13:57:50 2026
# [ok]
