#                                                                                                                  --- full sequence --- -------------- this domain -------------   hmm coord   ali coord   env coord
# target name                                              accession   tlen query name           accession   qlen   E-value  score  bias   #  of  c-Evalue  i-Evalue  score  bias  from    to  from    to  from    to  acc description of target
#                                      ------------------- ---------- ----- -------------------- ---------- ----- --------- ------ ----- --- --- --------- --------- ------ ----- ----- ----- ----- ----- ----- ----- ---- ---------------------
151837at5125_660027_0:000622|CM010800.1:3427673-3429507|-  -            400 151837               -            344  7.1e-170  554.4   2.2   1   2  8.7e-170  9.5e-170  554.0   1.4     1   334     1   341     1   347 0.92 <unknown description>
151837at5125_660027_0:000622|CM010800.1:3427673-3429507|-  -            400 151837               -            344  7.1e-170  554.4   2.2   2   2       1.1       1.2   -2.1   0.0   332   342   384   394   378   396 0.82 <unknown description>
151837at5125_1331945_0:002136|CM010800.1:3423068-3429507|- -            388 151837               -            344  5.8e-166  541.6   3.8   1   2    2e-160  2.2e-160  523.3   1.1     1   318     1   322     1   338 0.92 <unknown description>
151837at5125_1331945_0:002136|CM010800.1:3423068-3429507|- -            388 151837               -            344  5.8e-166  541.6   3.8   2   2   4.7e-07   5.1e-07   18.9   0.1   313   336   355   378   339   385 0.85 <unknown description>
151837at5125_42673_0:000659|CM010800.1:3428307-3429507|-   -            313 151837               -            344  6.6e-148  482.2   1.9   1   1  7.4e-148  8.1e-148  481.9   1.9     1   295     1   299     1   305 0.92 <unknown description>
151837at5125_1081109_0:00042b|CM010800.1:3425707-3429507|- -            325 151837               -            344  5.1e-141  459.6   1.8   1   1  5.8e-141  6.3e-141  459.3   1.8     1   287     1   291     1   297 0.91 <unknown description>
151837at5125_94208_0:001752|CM010800.1:3427673-3429045|-   -            201 151837               -            344  3.4e-126  410.8   3.9   1   1  3.5e-126  3.8e-126  410.6   3.9   153   342     3   195     1   197 0.96 <unknown description>
151837at5125_1803897_0:002640|CM010800.1:3428862-3429507|- -            216 151837               -            344   6.2e-82  265.3   5.6   1   1   6.4e-82     7e-82  265.1   5.6     1   211     1   215     1   215 0.89 <unknown description>
151837at5125_123648_0:000789|CM010800.1:3427927-3428620|-  -            112 151837               -            344   3.9e-68  219.9   9.3   1   1   3.9e-68   4.3e-68  219.8   9.3   225   332     1   111     1   111 0.96 <unknown description>
151837at5125_398673_0:000767|CM010800.1:3428343-3428665|-  -             88 151837               -            344   1.5e-60  194.9   4.0   1   1   1.7e-60   1.8e-60  194.7   4.0   211   294     2    85     1    87 0.98 <unknown description>
151837at5125_254901_0:001b93|CM010800.1:3428491-3428665|-  -             59 151837               -            344   1.6e-42  135.7   1.3   1   1   1.5e-42   1.7e-42  135.6   1.3   211   268     2    59     1    59 0.99 <unknown description>
151837at5125_62069_0:0006db|CM010800.1:3427694-3428557|-   -             68 151837               -            344   7.7e-38  120.3   5.8   1   2     9e-27   9.9e-27   83.8   1.9   246   284     1    39     1    41 0.96 <unknown description>
151837at5125_62069_0:0006db|CM010800.1:3427694-3428557|-   -             68 151837               -            344   7.7e-38  120.3   5.8   2   2   2.8e-13     3e-13   39.4   0.2   313   341    40    68    39    68 0.95 <unknown description>
151837at5125_398673_0:00063b|CM010800.1:3427673-3428296|-  -             56 151837               -            344     1e-22   70.6   0.1   1   1     1e-22   1.1e-22   70.4   0.1   296   342     1    50     1    52 0.90 <unknown description>
#
# Program:         hmmsearch
# Version:         3.4 (Aug 2023)
# Pipeline mode:   SEARCH
# Query file:      /home/arafat/busco_downloads/lineages/hypocreales_odb12.2/hmms/151837at5125.hmm
# Target file:     /home/arafat/Foxy_SIX_Evolution/results/busco/GCA_003615085.1/run_hypocreales_odb12.2/miniprot_output/translated_proteins/151837at5125.faa
# Option settings: hmmsearch --domtblout /home/arafat/Foxy_SIX_Evolution/results/busco/GCA_003615085.1/run_hypocreales_odb12.2/hmmer_output/151837at5125.out --cpu 1 /home/arafat/busco_downloads/lineages/hypocreales_odb12.2/hmms/151837at5125.hmm /home/arafat/Foxy_SIX_Evolution/results/busco/GCA_003615085.1/run_hypocreales_odb12.2/miniprot_output/translated_proteins/151837at5125.faa 
# Current dir:     /home/arafat/Foxy_SIX_Evolution
# Date:            Thu Sep 24 13:57:53 2026
# [ok]
