#                                                                                                                    --- full sequence --- -------------- this domain -------------   hmm coord   ali coord   env coord
# target name                                                accession   tlen query name           accession   qlen   E-value  score  bias   #  of  c-Evalue  i-Evalue  score  bias  from    to  from    to  from    to  acc description of target
#                                        ------------------- ---------- ----- -------------------- ---------- ----- --------- ------ ----- --- --- --------- --------- ------ ----- ----- ----- ----- ----- ----- ----- ---- ---------------------
152125at5125_1080343_0:0001f4|MRCU01000005.1:362963-365082|- -            653 152125               -            569  1.5e-250  821.9  67.5   1   1    3e-250    3e-250  820.9  67.5     1   569     1   651     1   651 0.82 <unknown description>
152125at5125_57161_0:0030f2|MRCU01000005.1:363488-365082|-   -            478 152125               -            569  1.6e-181  594.0  36.0   1   1    2e-181    2e-181  593.7  36.0     1   414     1   476     1   478 0.82 <unknown description>
152125at5125_2559223_0:001757|MRCU01000005.1:362969-364352|- -            462 152125               -            569  9.9e-138  449.4  66.6   1   1  2.4e-137  2.4e-137  448.1  66.6   178   569     1   462     1   462 0.78 <unknown description>
152125at5125_131363_0:00358d|MRCU01000005.1:363134-364235|-  -            368 152125               -            569  4.5e-126  410.9  50.6   1   1  5.5e-126  5.5e-126  410.6  50.6   209   526     2   366     1   368 0.81 <unknown description>
152125at5125_2004952_0:000555|MRCU01000005.1:364046-365082|- -            292 152125               -            569  2.8e-125  408.3  27.4   1   1  3.1e-125  3.1e-125  408.1  27.4     1   257     1   284     1   292 0.84 <unknown description>
152125at5125_131363_0:001fea|MRCU01000005.1:364382-365082|-  -            180 152125               -            569  5.6e-110  357.8   5.0   1   1  6.2e-110  6.2e-110  357.6   5.0     1   172     1   178     1   180 0.94 <unknown description>
152125at5125_2004952_0:000ac8|MRCU01000005.1:362966-363491|- -            176 152125               -            569   2.5e-69  223.6  28.0   1   1   9.1e-69   9.1e-69  221.7  28.0   413   569     4   175     1   175 0.83 <unknown description>
#
# Program:         hmmsearch
# Version:         3.4 (Aug 2023)
# Pipeline mode:   SEARCH
# Query file:      /home/arafat/busco_downloads/lineages/hypocreales_odb12.2/hmms/152125at5125.hmm
# Target file:     /home/arafat/Foxy_SIX_Evolution/results/busco/GCA_003615085.1/run_hypocreales_odb12.2/miniprot_output/translated_proteins/152125at5125.faa
# Option settings: hmmsearch --domtblout /home/arafat/Foxy_SIX_Evolution/results/busco/GCA_003615085.1/run_hypocreales_odb12.2/hmmer_output/152125at5125.out --cpu 1 /home/arafat/busco_downloads/lineages/hypocreales_odb12.2/hmms/152125at5125.hmm /home/arafat/Foxy_SIX_Evolution/results/busco/GCA_003615085.1/run_hypocreales_odb12.2/miniprot_output/translated_proteins/152125at5125.faa 
# Current dir:     /home/arafat/Foxy_SIX_Evolution
# Date:            Thu Sep 24 13:57:59 2026
# [ok]
