#                                                                                                                --- full sequence --- -------------- this domain -------------   hmm coord   ali coord   env coord
# target name                                            accession   tlen query name           accession   qlen   E-value  score  bias   #  of  c-Evalue  i-Evalue  score  bias  from    to  from    to  from    to  acc description of target
#                                    ------------------- ---------- ----- -------------------- ---------- ----- --------- ------ ----- --- --- --------- --------- ------ ----- ----- ----- ----- ----- ----- ----- ---- ---------------------
152348at5125_1325733_0:003bf4|CM010805.1:806668-807538|+ -            291 152348               -            283  1.1e-135  440.1  42.5   1   1  1.3e-135  1.3e-135  439.9  42.5     3   280     3   283     1   287 0.94 <unknown description>
152348at5125_131363_0:00361e|CM010805.1:806668-809808|+  -            301 152348               -            283  1.7e-135  439.5  43.2   1   1    2e-135    2e-135  439.3  43.2     3   280     3   283     1   286 0.94 <unknown description>
152348at5125_451672_0:004554|CM010805.1:806668-807769|+  -            368 152348               -            283  7.7e-135  437.4  43.9   1   2  7.7e-135  7.7e-135  437.4  43.9     3   280     3   283     1   288 0.94 <unknown description>
152348at5125_451672_0:004554|CM010805.1:806668-807769|+  -            368 152348               -            283  7.7e-135  437.4  43.9   2   2         6         6  -12.5  22.4   225   271   309   355   282   367 0.37 <unknown description>
152348at5125_1247861_0:001419|CM010805.1:806668-808742|+ -            432 152348               -            283  1.3e-134  436.6  44.0   1   2  1.3e-134  1.3e-134  436.6  44.0     3   280     3   283     1   288 0.94 <unknown description>
152348at5125_1247861_0:001419|CM010805.1:806668-808742|+ -            432 152348               -            283  1.3e-134  436.6  44.0   2   2         6         6   -7.2  12.2    55   267   283   318   278   338 0.35 <unknown description>
152348at5125_5507_0:003944|CM010805.1:806287-807769|+    -            384 152348               -            283  1.7e-134  436.2  43.9   1   2  1.7e-134  1.7e-134  436.2  43.9     4   280    20   299    18   302 0.94 <unknown description>
152348at5125_5507_0:003944|CM010805.1:806287-807769|+    -            384 152348               -            283  1.7e-134  436.2  43.9   2   2         6         6  -13.3  23.1   225   271   325   371   298   383 0.37 <unknown description>
152348at5125_195108_0:003211|CM010805.1:806668-807337|+  -            224 152348               -            283  3.5e-118  382.7  19.5   1   1  3.9e-118  3.9e-118  382.6  19.5     3   221     3   224     1   224 0.94 <unknown description>
#
# Program:         hmmsearch
# Version:         3.4 (Aug 2023)
# Pipeline mode:   SEARCH
# Query file:      /home/arafat/busco_downloads/lineages/hypocreales_odb12.2/hmms/152348at5125.hmm
# Target file:     /home/arafat/Foxy_SIX_Evolution/results/busco/GCA_003615085.1/run_hypocreales_odb12.2/miniprot_output/translated_proteins/152348at5125.faa
# Option settings: hmmsearch --domtblout /home/arafat/Foxy_SIX_Evolution/results/busco/GCA_003615085.1/run_hypocreales_odb12.2/hmmer_output/152348at5125.out --cpu 1 /home/arafat/busco_downloads/lineages/hypocreales_odb12.2/hmms/152348at5125.hmm /home/arafat/Foxy_SIX_Evolution/results/busco/GCA_003615085.1/run_hypocreales_odb12.2/miniprot_output/translated_proteins/152348at5125.faa 
# Current dir:     /home/arafat/Foxy_SIX_Evolution
# Date:            Thu Sep 24 13:57:57 2026
# [ok]
