#                                                                                                                  --- full sequence --- -------------- this domain -------------   hmm coord   ali coord   env coord
# target name                                              accession   tlen query name           accession   qlen   E-value  score  bias   #  of  c-Evalue  i-Evalue  score  bias  from    to  from    to  from    to  acc description of target
#                                      ------------------- ---------- ----- -------------------- ---------- ----- --------- ------ ----- --- --- --------- --------- ------ ----- ----- ----- ----- ----- ----- ----- ---- ---------------------
152690at5125_282569_0:001cdf|CM010803.1:3046700-3047493|-  -            231 152690               -            190   3.1e-82  265.0  69.9   1   2   3.4e-64   3.4e-64  206.2   1.1     6    91    19   104    15   112 0.96 <unknown description>
152690at5125_282569_0:001cdf|CM010803.1:3046700-3047493|-  -            231 152690               -            190   3.1e-82  265.0  69.9   2   2   2.6e-20   2.6e-20   63.0  61.7    84   190   116   230   106   230 0.85 <unknown description>
152690at5125_1567544_0:002db3|CM010803.1:3046700-3047716|- -            283 152690               -            190   1.4e-81  262.9  70.9   1   2   4.7e-64   4.7e-64  205.7   1.0     6    91    71   156    66   165 0.96 <unknown description>
152690at5125_1567544_0:002db3|CM010803.1:3046700-3047716|- -            283 152690               -            190   1.4e-81  262.9  70.9   2   2   4.6e-20   4.6e-20   62.2  61.7    84   190   168   282   159   282 0.85 <unknown description>
152690at5125_61284_0:000362|CM010803.1:3046811-3047436|-   -            175 152690               -            190   1.5e-77  249.7  51.5   1   2   4.9e-64   4.9e-64  205.7   1.1     7    91     1    85     1    94 0.97 <unknown description>
152690at5125_61284_0:000362|CM010803.1:3046811-3047436|-   -            175 152690               -            190   1.5e-77  249.7  51.5   2   2     3e-16     3e-16   49.8  43.4    83   160    96   171    84   175 0.84 <unknown description>
152690at5125_1053134_0:0026c6|CM010803.1:3046922-3047728|- -            188 152690               -            190   3.6e-72  232.2  26.8   1   2     2e-64     2e-64  207.0   1.1     6    91    50   135    45   144 0.96 <unknown description>
152690at5125_1053134_0:0026c6|CM010803.1:3046922-3047728|- -            188 152690               -            190   3.6e-72  232.2  26.8   2   2   1.4e-10   1.4e-10   31.3  17.8    84   125   147   188   136   188 0.91 <unknown description>
152690at5125_1349383_0:001ee5|CM010803.1:3047018-3047436|- -            123 152690               -            190   5.2e-68  218.6  13.7   1   2   1.8e-64   1.8e-64  207.1   1.1     7    91     1    85     1    95 0.97 <unknown description>
152690at5125_1349383_0:001ee5|CM010803.1:3047018-3047436|- -            123 152690               -            190   5.2e-68  218.6  13.7   2   2   2.7e-06   2.7e-06   17.3   5.4    84   109    97   122    88   123 0.87 <unknown description>
152690at5125_150374_0:00183c|CM010803.1:3047135-3047436|-  -             84 152690               -            190   1.2e-64  207.7   0.9   1   1   1.3e-64   1.3e-64  207.5   0.9     7    89     1    83     1    84 0.99 <unknown description>
152690at5125_96317_0:003903|CM010803.1:3046700-3047306|-   -            186 152690               -            190     2e-48  154.7  70.6   1   2   2.8e-30   2.8e-30   95.6   1.2    39    91     7    59     4    68 0.93 <unknown description>
152690at5125_96317_0:003903|CM010803.1:3046700-3047306|-   -            186 152690               -            190     2e-48  154.7  70.6   2   2   2.3e-20   2.3e-20   63.2  62.6    83   190    70   185    58   185 0.84 <unknown description>
152690at5125_1344414_0:0019e5|CM010803.1:3047225-3047436|- -             54 152690               -            190   5.2e-44  140.4   5.5   1   1   5.6e-44   5.6e-44  140.3   5.5     7    60     1    54     1    54 0.99 <unknown description>
152690at5125_911162_0:0014a7|CM010803.1:3046997-3047285|-  -             97 152690               -            190   1.3e-34  109.7  13.7   1   2     2e-30     2e-30   96.0   1.4    41    91     2    52     1    60 0.94 <unknown description>
152690at5125_911162_0:0014a7|CM010803.1:3046997-3047285|-  -             97 152690               -            190   1.3e-34  109.7  13.7   2   2   6.5e-07   6.5e-07   19.4   5.2    84   111    64    91    54    94 0.86 <unknown description>
152690at5125_468837_0:001b5e|CM010803.1:3047334-3047511|-  -             60 152690               -            190   2.8e-28   89.1   5.8   1   1   2.8e-28   2.8e-28   89.1   5.8     6    41    25    60    20    60 0.96 <unknown description>
#
# Program:         hmmsearch
# Version:         3.4 (Aug 2023)
# Pipeline mode:   SEARCH
# Query file:      /home/arafat/busco_downloads/lineages/hypocreales_odb12.2/hmms/152690at5125.hmm
# Target file:     /home/arafat/Foxy_SIX_Evolution/results/busco/GCA_003615085.1/run_hypocreales_odb12.2/miniprot_output/translated_proteins/152690at5125.faa
# Option settings: hmmsearch --domtblout /home/arafat/Foxy_SIX_Evolution/results/busco/GCA_003615085.1/run_hypocreales_odb12.2/hmmer_output/152690at5125.out --cpu 1 /home/arafat/busco_downloads/lineages/hypocreales_odb12.2/hmms/152690at5125.hmm /home/arafat/Foxy_SIX_Evolution/results/busco/GCA_003615085.1/run_hypocreales_odb12.2/miniprot_output/translated_proteins/152690at5125.faa 
# Current dir:     /home/arafat/Foxy_SIX_Evolution
# Date:            Thu Sep 24 13:58:01 2026
# [ok]
