#                                                                                                                 --- full sequence --- -------------- this domain -------------   hmm coord   ali coord   env coord
# target name                                             accession   tlen query name           accession   qlen   E-value  score  bias   #  of  c-Evalue  i-Evalue  score  bias  from    to  from    to  from    to  acc description of target
#                                     ------------------- ---------- ----- -------------------- ---------- ----- --------- ------ ----- --- --- --------- --------- ------ ----- ----- ----- ----- ----- ----- ----- ---- ---------------------
152758at5125_195108_0:000ff0|CM010801.1:1372496-1373710|- -            389 152758               -            276  3.2e-133  432.1  95.3   1   2  2.5e-124  2.5e-124  402.9  57.0     4   234    17   250    14   254 0.96 <unknown description>
152758at5125_195108_0:000ff0|CM010801.1:1372496-1373710|- -            389 152758               -            276  3.2e-133  432.1  95.3   2   2   4.9e-11   4.9e-11   31.3  34.4   188   265   250   331   247   361 0.72 <unknown description>
152758at5125_660027_0:000836|CM010801.1:1371910-1373710|- -            565 152758               -            276  2.8e-131  425.7 101.2   1   4  6.6e-124  6.6e-124  401.5  56.8     4   233    17   249    14   253 0.97 <unknown description>
152758at5125_660027_0:000836|CM010801.1:1371910-1373710|- -            565 152758               -            276  2.8e-131  425.7 101.2   2   4   3.1e-11   3.1e-11   31.9  32.4   188   265   250   331   248   339 0.66 <unknown description>
152758at5125_660027_0:000836|CM010801.1:1371910-1373710|- -            565 152758               -            276  2.8e-131  425.7 101.2   3   4       1.6       1.6   -3.2   0.0   267   276   352   361   346   361 0.84 <unknown description>
152758at5125_660027_0:000836|CM010801.1:1371910-1373710|- -            565 152758               -            276  2.8e-131  425.7 101.2   4   4      0.26      0.26   -0.6   0.4   210   234   398   423   367   451 0.69 <unknown description>
152758at5125_96774_0:00090f|CM010801.1:1346372-1373710|-  -            638 152758               -            276  2.5e-129  419.3  96.9   1   7  7.4e-124  7.4e-124  401.4  56.8     4   234    17   250    14   254 0.96 <unknown description>
152758at5125_96774_0:00090f|CM010801.1:1346372-1373710|-  -            638 152758               -            276  2.5e-129  419.3  96.9   2   7   2.3e-11   2.3e-11   32.4  32.1   188   265   250   331   247   339 0.66 <unknown description>
152758at5125_96774_0:00090f|CM010801.1:1346372-1373710|-  -            638 152758               -            276  2.5e-129  419.3  96.9   3   7       6.7       6.7   -5.2  20.1   196   230   408   437   354   444 0.57 <unknown description>
152758at5125_96774_0:00090f|CM010801.1:1346372-1373710|-  -            638 152758               -            276  2.5e-129  419.3  96.9   4   7         8         8  -13.6  39.3   197   238   445   487   441   503 0.61 <unknown description>
152758at5125_96774_0:00090f|CM010801.1:1346372-1373710|-  -            638 152758               -            276  2.5e-129  419.3  96.9   5   7         8         8  -16.3  42.1   153   233   485   573   482   580 0.57 <unknown description>
152758at5125_96774_0:00090f|CM010801.1:1346372-1373710|-  -            638 152758               -            276  2.5e-129  419.3  96.9   6   7         8         8  -18.5  43.1   174   237   527   595   522   606 0.51 <unknown description>
152758at5125_96774_0:00090f|CM010801.1:1346372-1373710|-  -            638 152758               -            276  2.5e-129  419.3  96.9   7   7         8         8  -16.3  30.8   184   233   586   635   575   638 0.53 <unknown description>
152758at5125_36050_0:002464|CM010801.1:1371203-1375236|-  -           1022 152758               -            276  1.1e-128  417.2  95.8   1   7  1.7e-123  1.7e-123  400.2  56.4     4   233   250   482   247   485 0.97 <unknown description>
152758at5125_36050_0:002464|CM010801.1:1371203-1375236|-  -           1022 152758               -            276  1.1e-128  417.2  95.8   2   7   2.8e-11   2.8e-11   32.1  31.5   188   265   483   564   480   572 0.66 <unknown description>
152758at5125_36050_0:002464|CM010801.1:1371203-1375236|-  -           1022 152758               -            276  1.1e-128  417.2  95.8   3   7      0.38      0.38   -1.2   8.8   206   226   646   667   582   701 0.61 <unknown description>
152758at5125_36050_0:002464|CM010801.1:1371203-1375236|-  -           1022 152758               -            276  1.1e-128  417.2  95.8   4   7       3.3       3.3   -4.2  18.1   200   244   714   757   711   761 0.81 <unknown description>
152758at5125_36050_0:002464|CM010801.1:1371203-1375236|-  -           1022 152758               -            276  1.1e-128  417.2  95.8   5   7         8         8   -8.5  37.2   152   263   762   874   756   880 0.72 <unknown description>
152758at5125_36050_0:002464|CM010801.1:1371203-1375236|-  -           1022 152758               -            276  1.1e-128  417.2  95.8   6   7         8         8   -6.3  24.1   173   228   897   952   886   960 0.73 <unknown description>
152758at5125_36050_0:002464|CM010801.1:1371203-1375236|-  -           1022 152758               -            276  1.1e-128  417.2  95.8   7   7         8         8  -13.1  38.3   197   238   960  1002   949  1017 0.64 <unknown description>
152758at5125_396571_0:00100e|CM010801.1:1371203-1373710|- -            820 152758               -            276  1.2e-128  417.1  98.2   1   8  1.9e-123  1.9e-123  400.0  57.6     4   234    17   250    14   255 0.96 <unknown description>
152758at5125_396571_0:00100e|CM010801.1:1371203-1373710|- -            820 152758               -            276  1.2e-128  417.1  98.2   2   8   3.2e-11   3.2e-11   31.9  32.5   187   265   249   331   246   339 0.67 <unknown description>
152758at5125_396571_0:00100e|CM010801.1:1371203-1373710|- -            820 152758               -            276  1.2e-128  417.1  98.2   3   8         3         3   -4.1   0.0   267   276   352   361   348   361 0.86 <unknown description>
152758at5125_396571_0:00100e|CM010801.1:1371203-1373710|- -            820 152758               -            276  1.2e-128  417.1  98.2   4   8         8         8  -24.9  44.5   152   233   414   494   387   504 0.66 <unknown description>
152758at5125_396571_0:00100e|CM010801.1:1371203-1373710|- -            820 152758               -            276  1.2e-128  417.1  98.2   5   8         8         8  -15.0  33.5   183   243   494   554   483   559 0.57 <unknown description>
152758at5125_396571_0:00100e|CM010801.1:1371203-1373710|- -            820 152758               -            276  1.2e-128  417.1  98.2   6   8         8         8   -8.7  37.6   153   263   561   672   555   677 0.71 <unknown description>
152758at5125_396571_0:00100e|CM010801.1:1371203-1373710|- -            820 152758               -            276  1.2e-128  417.1  98.2   7   8         8         8   -6.7  25.0   173   228   695   750   684   759 0.73 <unknown description>
152758at5125_396571_0:00100e|CM010801.1:1371203-1373710|- -            820 152758               -            276  1.2e-128  417.1  98.2   8   8         8         8  -12.8  38.4   197   238   758   800   747   816 0.64 <unknown description>
152758at5125_45235_0:001d12|CM010801.1:1369977-1373788|-  -           1082 152758               -            276  1.3e-128  417.0  95.7   1   7  1.8e-123  1.8e-123  400.1  56.3     4   233    43   275    40   278 0.97 <unknown description>
152758at5125_45235_0:001d12|CM010801.1:1369977-1373788|-  -           1082 152758               -            276  1.3e-128  417.0  95.7   2   7   2.9e-11   2.9e-11   32.1  31.4   188   265   276   357   273   365 0.66 <unknown description>
152758at5125_45235_0:001d12|CM010801.1:1369977-1373788|-  -           1082 152758               -            276  1.3e-128  417.0  95.7   3   7         8         8   -7.0  13.4   201   225   435   459   405   473 0.53 <unknown description>
152758at5125_45235_0:001d12|CM010801.1:1369977-1373788|-  -           1082 152758               -            276  1.3e-128  417.0  95.7   4   7         8         8  -26.4  45.9   152   233   440   520   419   535 0.64 <unknown description>
152758at5125_45235_0:001d12|CM010801.1:1369977-1373788|-  -           1082 152758               -            276  1.3e-128  417.0  95.7   5   7         8         8  -18.3  36.4   184   245   521   582   510   589 0.58 <unknown description>
152758at5125_45235_0:001d12|CM010801.1:1369977-1373788|-  -           1082 152758               -            276  1.3e-128  417.0  95.7   6   7         8         8   -8.6  37.1   153   263   587   698   581   704 0.72 <unknown description>
152758at5125_45235_0:001d12|CM010801.1:1369977-1373788|-  -           1082 152758               -            276  1.3e-128  417.0  95.7   7   7      0.14      0.14    0.3  28.0   176   237   756   824   739   836 0.59 <unknown description>
152758at5125_468837_0:000371|CM010801.1:1366235-1373653|- -            451 152758               -            276  2.8e-128  415.9 103.1   1   4  8.4e-123  8.4e-123  397.9  59.2     8   234     2   231     1   236 0.97 <unknown description>
152758at5125_468837_0:000371|CM010801.1:1366235-1373653|- -            451 152758               -            276  2.8e-128  415.9 103.1   2   4   3.2e-11   3.2e-11   31.9  36.0   183   265   226   312   224   321 0.69 <unknown description>
152758at5125_468837_0:000371|CM010801.1:1366235-1373653|- -            451 152758               -            276  2.8e-128  415.9 103.1   3   4       1.3       1.3   -2.9   0.0   267   276   333   342   327   342 0.84 <unknown description>
152758at5125_468837_0:000371|CM010801.1:1366235-1373653|- -            451 152758               -            276  2.8e-128  415.9 103.1   4   4         8         8   -9.4  17.8   200   225   389   414   339   430 0.59 <unknown description>
152758at5125_307937_0:002dd7|CM010801.1:1372898-1373710|- -            255 152758               -            276  9.4e-126  407.6  54.7   1   1  1.1e-125  1.1e-125  407.4  54.7     4   234    17   250    14   255 0.96 <unknown description>
#
# Program:         hmmsearch
# Version:         3.4 (Aug 2023)
# Pipeline mode:   SEARCH
# Query file:      /home/arafat/busco_downloads/lineages/hypocreales_odb12.2/hmms/152758at5125.hmm
# Target file:     /home/arafat/Foxy_SIX_Evolution/results/busco/GCA_003615085.1/run_hypocreales_odb12.2/miniprot_output/translated_proteins/152758at5125.faa
# Option settings: hmmsearch --domtblout /home/arafat/Foxy_SIX_Evolution/results/busco/GCA_003615085.1/run_hypocreales_odb12.2/hmmer_output/152758at5125.out --cpu 1 /home/arafat/busco_downloads/lineages/hypocreales_odb12.2/hmms/152758at5125.hmm /home/arafat/Foxy_SIX_Evolution/results/busco/GCA_003615085.1/run_hypocreales_odb12.2/miniprot_output/translated_proteins/152758at5125.faa 
# Current dir:     /home/arafat/Foxy_SIX_Evolution
# Date:            Thu Sep 24 13:58:02 2026
# [ok]
