#                                                                                                                   --- full sequence --- -------------- this domain -------------   hmm coord   ali coord   env coord
# target name                                               accession   tlen query name           accession   qlen   E-value  score  bias   #  of  c-Evalue  i-Evalue  score  bias  from    to  from    to  from    to  acc description of target
#                                       ------------------- ---------- ----- -------------------- ---------- ----- --------- ------ ----- --- --- --------- --------- ------ ----- ----- ----- ----- ----- ----- ----- ---- ---------------------
156506at5125_72228_0:00071d|CM010804.1:2314466-2322293|+    -            327 156506               -            313  5.2e-150  487.9   0.0   1   1    6e-150  6.8e-150  487.5   0.0     9   304    15   309     8   317 0.96 <unknown description>
156506at5125_660025_0:002dc1|CM010804.1:2314505-2315569|+   -            337 156506               -            313  9.1e-150  487.1   0.1   1   1  9.6e-150  1.1e-149  486.8   0.1    12   305     5   297     1   304 0.96 <unknown description>
156506at5125_61284_0:002dab|CM010804.1:2314206-2315366|+    -            336 156506               -            313  5.6e-148  481.2   0.1   1   1    6e-148  6.7e-148  480.9   0.1     9   296    50   336    43   336 0.97 <unknown description>
156506at5125_1399860_1:0019d4|CM010804.1:2307022-2315366|+  -            374 156506               -            313  7.9e-148  480.7   0.1   1   1  8.7e-148  9.8e-148  480.4   0.1     9   296    88   374    81   374 0.97 <unknown description>
156506at5125_86546_0:001696|CM010804.1:2314469-2315321|+    -            285 156506               -            313  5.9e-139  451.6   0.0   1   1  6.4e-139  7.1e-139  451.3   0.0     9   281    14   285     7   285 0.96 <unknown description>
156506at5125_229533_0:00136d|CM010804.1:2314868-2315405|+   -            180 156506               -            313     7e-83  267.4   0.9   1   1   6.8e-83   7.7e-83  267.2   0.9   130   308     2   179     1   180 0.96 <unknown description>
156506at5125_58853_0:0024e3|CM010804.1:2315201-2315405|+    -             69 156506               -            313   3.2e-21   64.8   0.2   1   1     3e-21   3.4e-21   64.7   0.2   239   308     1    68     1    69 0.92 <unknown description>
156506at5125_468837_0:00145e|MRCU01000011.1:380293-380421|- -             43 156506               -            313     5e-08   21.5   0.1   1   1   4.5e-08     5e-08   21.5   0.1     5    39     8    42     3    43 0.81 <unknown description>
#
# Program:         hmmsearch
# Version:         3.4 (Aug 2023)
# Pipeline mode:   SEARCH
# Query file:      /home/arafat/busco_downloads/lineages/hypocreales_odb12.2/hmms/156506at5125.hmm
# Target file:     /home/arafat/Foxy_SIX_Evolution/results/busco/GCA_003615085.1/run_hypocreales_odb12.2/miniprot_output/translated_proteins/156506at5125.faa
# Option settings: hmmsearch --domtblout /home/arafat/Foxy_SIX_Evolution/results/busco/GCA_003615085.1/run_hypocreales_odb12.2/hmmer_output/156506at5125.out --cpu 1 /home/arafat/busco_downloads/lineages/hypocreales_odb12.2/hmms/156506at5125.hmm /home/arafat/Foxy_SIX_Evolution/results/busco/GCA_003615085.1/run_hypocreales_odb12.2/miniprot_output/translated_proteins/156506at5125.faa 
# Current dir:     /home/arafat/Foxy_SIX_Evolution
# Date:            Thu Sep 24 13:58:08 2026
# [ok]
