#                                                                                                                  --- full sequence --- -------------- this domain -------------   hmm coord   ali coord   env coord
# target name                                              accession   tlen query name           accession   qlen   E-value  score  bias   #  of  c-Evalue  i-Evalue  score  bias  from    to  from    to  from    to  acc description of target
#                                      ------------------- ---------- ----- -------------------- ---------- ----- --------- ------ ----- --- --- --------- --------- ------ ----- ----- ----- ----- ----- ----- ----- ---- ---------------------
156767at5125_1208366_0:001a28|CM010805.1:2516393-2517399|+ -            321 156767               -            270  3.6e-163  529.8   0.4   1   1  4.4e-163  4.4e-163  529.5   0.4     4   269    43   315    40   316 0.97 <unknown description>
156767at5125_1567552_0:001207|CM010805.1:2516634-2517390|+ -            253 156767               -            270    9e-149  482.6   0.5   1   1    1e-148    1e-148  482.4   0.5    30   269     4   250     1   251 0.97 <unknown description>
156767at5125_83212_0:000892|CM010805.1:2516537-2517132|+   -            184 156767               -            270  9.2e-109  351.4   1.8   1   1    1e-108    1e-108  351.2   1.8    10   190     1   184     1   184 0.97 <unknown description>
156767at5125_1237068_0:003473|CM010805.1:2516850-2517399|+ -            184 156767               -            270    2e-105  340.4   2.5   1   1  2.3e-105  2.3e-105  340.2   2.5    97   269     1   178     1   179 0.98 <unknown description>
156767at5125_45235_0:001037|CM010805.1:2516952-2517390|+   -            147 156767               -            270   1.2e-85  275.5   3.5   1   1   1.4e-85   1.4e-85  275.4   3.5   131   269     1   144     1   145 0.97 <unknown description>
156767at5125_57161_0:0031b7|CM010805.1:2516465-2516898|+   -            130 156767               -            270   8.7e-62  197.3   0.2   1   1   9.8e-62   9.8e-62  197.1   0.2     4   112    19   129    16   130 0.95 <unknown description>
156767at5125_911162_0:0016ee|CM010805.1:2517072-2517390|+  -            107 156767               -            270   4.4e-59  188.4   1.6   1   1   4.9e-59   4.9e-59  188.3   1.6   173   269     4   104     1   105 0.97 <unknown description>
#
# Program:         hmmsearch
# Version:         3.4 (Aug 2023)
# Pipeline mode:   SEARCH
# Query file:      /home/arafat/busco_downloads/lineages/hypocreales_odb12.2/hmms/156767at5125.hmm
# Target file:     /home/arafat/Foxy_SIX_Evolution/results/busco/GCA_003615085.1/run_hypocreales_odb12.2/miniprot_output/translated_proteins/156767at5125.faa
# Option settings: hmmsearch --domtblout /home/arafat/Foxy_SIX_Evolution/results/busco/GCA_003615085.1/run_hypocreales_odb12.2/hmmer_output/156767at5125.out --cpu 1 /home/arafat/busco_downloads/lineages/hypocreales_odb12.2/hmms/156767at5125.hmm /home/arafat/Foxy_SIX_Evolution/results/busco/GCA_003615085.1/run_hypocreales_odb12.2/miniprot_output/translated_proteins/156767at5125.faa 
# Current dir:     /home/arafat/Foxy_SIX_Evolution
# Date:            Thu Sep 24 13:58:09 2026
# [ok]
