#                                                                                                                  --- full sequence --- -------------- this domain -------------   hmm coord   ali coord   env coord
# target name                                              accession   tlen query name           accession   qlen   E-value  score  bias   #  of  c-Evalue  i-Evalue  score  bias  from    to  from    to  from    to  acc description of target
#                                      ------------------- ---------- ----- -------------------- ---------- ----- --------- ------ ----- --- --- --------- --------- ------ ----- ----- ----- ----- ----- ----- ----- ---- ---------------------
157156at5125_1567539_0:002021|CM010803.1:3838986-3842483|+ -            524 157156               -            241  3.9e-123  398.4   0.0   1   1  6.1e-123  6.1e-123  397.8   0.0     2   241   270   522   269   522 0.93 <unknown description>
157156at5125_47803_0:000369|CM010803.1:3840014-3842483|+   -            622 157156               -            241    6e-123  397.8   0.0   1   1  9.2e-123  9.2e-123  397.2   0.0     2   241   368   620   367   620 0.93 <unknown description>
157156at5125_5507_3:001c54|CM010803.1:3841446-3842520|+    -            273 157156               -            241  7.5e-122  394.2   0.0   1   1  1.1e-121  1.1e-121  393.6   0.0     2   238     7   256     6   258 0.93 <unknown description>
157156at5125_1330021_0:001a48|CM010803.1:3841184-3842483|+ -            266 157156               -            241  1.7e-120  389.8   0.0   1   1  2.4e-120  2.4e-120  389.3   0.0    11   241    21   264    12   264 0.92 <unknown description>
157156at5125_2614577_0:000389|CM010803.1:3841661-3842477|+ -            203 157156               -            241  1.6e-103  334.2   0.0   1   1  2.3e-103  2.3e-103  333.7   0.0    52   241     1   203     1   203 0.91 <unknown description>
157156at5125_229533_0:0005b3|CM010803.1:3841446-3842164|+  -            196 157156               -            241   6.7e-87  279.8   0.0   1   1   9.7e-87   9.7e-87  279.2   0.0     2   180     7   195     6   196 0.93 <unknown description>
157156at5125_2773459_0:00106b|CM010803.1:3841819-3842361|+ -            155 157156               -            241   3.5e-57  182.5   0.0   1   1   4.4e-57   4.4e-57  182.1   0.0    81   186    16   121     8   123 0.96 <unknown description>
#
# Program:         hmmsearch
# Version:         3.4 (Aug 2023)
# Pipeline mode:   SEARCH
# Query file:      /home/arafat/busco_downloads/lineages/hypocreales_odb12.2/hmms/157156at5125.hmm
# Target file:     /home/arafat/Foxy_SIX_Evolution/results/busco/GCA_003615085.1/run_hypocreales_odb12.2/miniprot_output/translated_proteins/157156at5125.faa
# Option settings: hmmsearch --domtblout /home/arafat/Foxy_SIX_Evolution/results/busco/GCA_003615085.1/run_hypocreales_odb12.2/hmmer_output/157156at5125.out --cpu 1 /home/arafat/busco_downloads/lineages/hypocreales_odb12.2/hmms/157156at5125.hmm /home/arafat/Foxy_SIX_Evolution/results/busco/GCA_003615085.1/run_hypocreales_odb12.2/miniprot_output/translated_proteins/157156at5125.faa 
# Current dir:     /home/arafat/Foxy_SIX_Evolution
# Date:            Thu Sep 24 13:58:11 2026
# [ok]
