#                                                                                                                      --- full sequence --- -------------- this domain -------------   hmm coord   ali coord   env coord
# target name                                                  accession   tlen query name           accession   qlen   E-value  score  bias   #  of  c-Evalue  i-Evalue  score  bias  from    to  from    to  from    to  acc description of target
#                                          ------------------- ---------- ----- -------------------- ---------- ----- --------- ------ ----- --- --- --------- --------- ------ ----- ----- ----- ----- ----- ----- ----- ---- ---------------------
157320at5125_1736662_0:000f73|MRCU01000005.1:3004567-3005463|+ -            223 157320               -            219  2.4e-132  427.7   0.0   1   1  2.7e-132  2.7e-132  427.5   0.0    11   219     5   222     1   222 0.94 <unknown description>
157320at5125_48484_0:001e39|MRCU01000005.1:3004312-3005463|+   -            340 157320               -            219  4.1e-128  413.8   2.9   1   2   2.2e-29   2.2e-29   91.1   0.5     2    80    77   168    76   183 0.84 <unknown description>
157320at5125_48484_0:001e39|MRCU01000005.1:3004312-3005463|+   -            340 157320               -            219  4.1e-128  413.8   2.9   2   2  2.2e-100  2.2e-100  323.2   0.1    78   219   198   339   192   339 0.98 <unknown description>
157320at5125_595255_0:000dd1|MRCU01000005.1:3004759-3005463|+  -            159 157320               -            219    2e-112  362.6   0.1   1   1  2.2e-112  2.2e-112  362.4   0.1    62   219     1   158     1   158 1.00 <unknown description>
157320at5125_858221_0:001154|MRCU01000005.1:3004946-3005463|+  -            136 157320               -            219   4.8e-97  312.3   0.1   1   1   5.3e-97   5.3e-97  312.1   0.1    85   219     1   135     1   135 1.00 <unknown description>
157320at5125_2885761_0:00284d|MRCU01000005.1:3004312-3005232|+ -            250 157320               -            219   1.9e-86  277.6   0.2   1   1   2.4e-86   2.4e-86  277.3   0.2     2   160    77   248    76   249 0.92 <unknown description>
157320at5125_96774_0:000583|MRCU01000005.1:3005073-3005463|+   -            112 157320               -            219   5.5e-80  256.5   0.3   1   1     6e-80     6e-80  256.4   0.3   110   219     2   111     1   111 0.99 <unknown description>
157320at5125_96774_0:001935|MRCU01000005.1:3004528-3005021|+   -            126 157320               -            219   9.1e-52  164.2   1.9   1   1   1.1e-51   1.1e-51  164.0   1.9     2   110     5   126     4   126 0.88 <unknown description>
#
# Program:         hmmsearch
# Version:         3.4 (Aug 2023)
# Pipeline mode:   SEARCH
# Query file:      /home/arafat/busco_downloads/lineages/hypocreales_odb12.2/hmms/157320at5125.hmm
# Target file:     /home/arafat/Foxy_SIX_Evolution/results/busco/GCA_003615085.1/run_hypocreales_odb12.2/miniprot_output/translated_proteins/157320at5125.faa
# Option settings: hmmsearch --domtblout /home/arafat/Foxy_SIX_Evolution/results/busco/GCA_003615085.1/run_hypocreales_odb12.2/hmmer_output/157320at5125.out --cpu 1 /home/arafat/busco_downloads/lineages/hypocreales_odb12.2/hmms/157320at5125.hmm /home/arafat/Foxy_SIX_Evolution/results/busco/GCA_003615085.1/run_hypocreales_odb12.2/miniprot_output/translated_proteins/157320at5125.faa 
# Current dir:     /home/arafat/Foxy_SIX_Evolution
# Date:            Thu Sep 24 13:58:11 2026
# [ok]
