#                                                                                                                  --- full sequence --- -------------- this domain -------------   hmm coord   ali coord   env coord
# target name                                              accession   tlen query name           accession   qlen   E-value  score  bias   #  of  c-Evalue  i-Evalue  score  bias  from    to  from    to  from    to  acc description of target
#                                      ------------------- ---------- ----- -------------------- ---------- ----- --------- ------ ----- --- --- --------- --------- ------ ----- ----- ----- ----- ----- ----- ----- ---- ---------------------
161548at5125_42673_0:002f38|CM010802.1:4528308-4530953|+   -            789 161548               -            727         0 1355.6  18.0   1   1         0         0 1347.6  18.0     3   727     4   788     2   788 0.91 <unknown description>
161548at5125_62069_0:00115a|CM010802.1:4528326-4530419|+   -            522 161548               -            727         0 1070.6   5.2   1   2   5.1e-12   5.1e-12   33.5   0.1     7    34     2    29     1    32 0.92 <unknown description>
161548at5125_62069_0:00115a|CM010802.1:4528326-4530419|+   -            522 161548               -            727         0 1070.6   5.2   2   2         0         0 1040.7   1.1   104   595    29   521    27   522 0.99 <unknown description>
161548at5125_1276143_0:0021e7|CM010802.1:4528954-4530629|+ -            521 161548               -            727  1.2e-302  994.3   2.4   1   1    6e-302    6e-302  992.0   2.4   161   659     1   518     1   521 0.96 <unknown description>
161548at5125_2502994_0:002a9e|CM010802.1:4529326-4530953|+ -            491 161548               -            727  5.5e-266  873.1   4.0   1   1  8.5e-265  8.5e-265  869.2   4.0   263   727     1   490     1   490 0.93 <unknown description>
161548at5125_1147111_0:00423e|CM010802.1:4528308-4529681|+ -            402 161548               -            727  1.7e-213  699.5  12.8   1   1    9e-212    9e-212  693.9  12.8     3   365     4   401     2   401 0.91 <unknown description>
161548at5125_1042133_0:000bc5|CM010802.1:4529768-4530953|+ -            375 161548               -            727  1.2e-187  614.1   3.4   1   1  2.3e-186  2.3e-186  609.9   3.4   382   727     4   374     1   374 0.90 <unknown description>
161548at5125_1042133_0:000cdc|CM010802.1:4528308-4529383|+ -            318 161548               -            727  7.1e-157  512.4   9.4   1   1  4.5e-155  4.5e-155  506.4   9.4     3   281     4   317     2   317 0.88 <unknown description>
#
# Program:         hmmsearch
# Version:         3.4 (Aug 2023)
# Pipeline mode:   SEARCH
# Query file:      /home/arafat/busco_downloads/lineages/hypocreales_odb12.2/hmms/161548at5125.hmm
# Target file:     /home/arafat/Foxy_SIX_Evolution/results/busco/GCA_003615085.1/run_hypocreales_odb12.2/miniprot_output/translated_proteins/161548at5125.faa
# Option settings: hmmsearch --domtblout /home/arafat/Foxy_SIX_Evolution/results/busco/GCA_003615085.1/run_hypocreales_odb12.2/hmmer_output/161548at5125.out --cpu 1 /home/arafat/busco_downloads/lineages/hypocreales_odb12.2/hmms/161548at5125.hmm /home/arafat/Foxy_SIX_Evolution/results/busco/GCA_003615085.1/run_hypocreales_odb12.2/miniprot_output/translated_proteins/161548at5125.faa 
# Current dir:     /home/arafat/Foxy_SIX_Evolution
# Date:            Thu Sep 24 13:57:57 2026
# [ok]
