#                                                                                                                   --- full sequence --- -------------- this domain -------------   hmm coord   ali coord   env coord
# target name                                               accession   tlen query name           accession   qlen   E-value  score  bias   #  of  c-Evalue  i-Evalue  score  bias  from    to  from    to  from    to  acc description of target
#                                       ------------------- ---------- ----- -------------------- ---------- ----- --------- ------ ----- --- --- --------- --------- ------ ----- ----- ----- ----- ----- ----- ----- ---- ---------------------
161955at5125_1089448_0:0001fb|CM010802.1:1845953-1848051|-  -            663 161955               -            652         0 1091.3  20.6   1   1         0         0 1091.1  20.6     1   652    11   662    11   662 0.98 <unknown description>
161955at5125_1399860_0:000b32|CM010802.1:1846346-1848021|-  -            522 161955               -            652  8.9e-293  962.0   9.8   1   1    1e-292    1e-292  961.9   9.8     1   529     1   521     1   522 0.99 <unknown description>
161955at5125_396571_0:004891|MRCU01000021.1:309643-311767|+ -            654 161955               -            652    3e-288  947.1  18.7   1   1  3.6e-288  3.6e-288  946.8  18.7     1   636     1   629     1   638 0.97 <unknown description>
161955at5125_396571_0:004891|MRCU01000010.1:635802-638793|- -            654 161955               -            652  2.1e-287  944.3  19.2   1   1  2.5e-287  2.5e-287  944.0  19.2     1   636     1   630     1   638 0.98 <unknown description>
161955at5125_396571_0:0042c1|MRCU01000010.1:635802-637782|- -            606 161955               -            652  1.2e-271  892.2  16.3   1   1  1.5e-271  1.5e-271  891.9  16.3    53   636     1   582     1   590 0.98 <unknown description>
161955at5125_36050_0:002a08|CM010802.1:1846772-1848021|-    -            401 161955               -            652  9.3e-255  836.4   3.2   1   1    1e-254    1e-254  836.3   3.2     1   402     1   399     1   400 0.99 <unknown description>
161955at5125_1610689_0:0000ea|CM010802.1:1845953-1847409|-  -            449 161955               -            652  2.6e-215  706.1  18.8   1   1  2.9e-215  2.9e-215  705.9  18.8   209   652     1   448     1   448 0.98 <unknown description>
161955at5125_1330021_0:001811|CM010802.1:1847187-1848051|-  -            289 161955               -            652  2.9e-171  560.6   3.7   1   1  3.2e-171  3.2e-171  560.4   3.7     1   282    11   288    11   288 0.99 <unknown description>
#
# Program:         hmmsearch
# Version:         3.4 (Aug 2023)
# Pipeline mode:   SEARCH
# Query file:      /home/arafat/busco_downloads/lineages/hypocreales_odb12.2/hmms/161955at5125.hmm
# Target file:     /home/arafat/Foxy_SIX_Evolution/results/busco/GCA_003615085.1/run_hypocreales_odb12.2/miniprot_output/translated_proteins/161955at5125.faa
# Option settings: hmmsearch --domtblout /home/arafat/Foxy_SIX_Evolution/results/busco/GCA_003615085.1/run_hypocreales_odb12.2/hmmer_output/161955at5125.out --cpu 1 /home/arafat/busco_downloads/lineages/hypocreales_odb12.2/hmms/161955at5125.hmm /home/arafat/Foxy_SIX_Evolution/results/busco/GCA_003615085.1/run_hypocreales_odb12.2/miniprot_output/translated_proteins/161955at5125.faa 
# Current dir:     /home/arafat/Foxy_SIX_Evolution
# Date:            Thu Sep 24 13:57:59 2026
# [ok]
