#                                                                                                                  --- full sequence --- -------------- this domain -------------   hmm coord   ali coord   env coord
# target name                                              accession   tlen query name           accession   qlen   E-value  score  bias   #  of  c-Evalue  i-Evalue  score  bias  from    to  from    to  from    to  acc description of target
#                                      ------------------- ---------- ----- -------------------- ---------- ----- --------- ------ ----- --- --- --------- --------- ------ ----- ----- ----- ----- ----- ----- ----- ---- ---------------------
162354at5125_57161_0:00289a|CM010803.1:2080350-2082173|+   -            444 162354               -            333  9.1e-217  707.3   0.5   1   1  9.7e-217  1.1e-216  707.0   0.5     3   331   113   441   111   443 0.99 <unknown description>
162354at5125_468837_0:001f47|CM010803.1:2078800-2082173|+  -            548 162354               -            333  9.6e-216  703.9   0.5   1   1    1e-215  1.1e-215  703.7   0.5     6   331   220   545   215   547 0.98 <unknown description>
162354at5125_44412_0:000d0b|CM010803.1:2081020-2083795|+   -            569 162354               -            333  5.6e-215  701.4   0.8   1   1    6e-215  6.8e-215  701.1   0.8    10   331     3   324     1   326 0.98 <unknown description>
162354at5125_5518_0:000a9c|CM010803.1:2074277-2082173|+    -            371 162354               -            333  1.4e-214  700.1   0.7   1   1  1.5e-214  1.7e-214  699.9   0.7    15   331    52   368    40   370 0.98 <unknown description>
162354at5125_1080343_0:001ccf|CM010803.1:2080902-2082173|+ -            355 162354               -            333    5e-211  688.4   2.2   1   1  5.7e-209  6.5e-209  681.5   2.2     2   331     4   352     3   354 0.96 <unknown description>
162354at5125_2604345_0:001140|CM010803.1:2081017-2081881|+ -            248 162354               -            333  7.1e-141  457.8   0.3   1   1  7.2e-141  8.2e-141  457.6   0.3     8   222     2   216     1   228 0.97 <unknown description>
162354at5125_660025_0:0023d7|CM010803.1:2081585-2082173|+  -            158 162354               -            333  5.9e-105  339.8   0.2   1   1  5.7e-105  6.5e-105  339.7   0.2   177   331     1   155     1   157 0.99 <unknown description>
#
# Program:         hmmsearch
# Version:         3.4 (Aug 2023)
# Pipeline mode:   SEARCH
# Query file:      /home/arafat/busco_downloads/lineages/hypocreales_odb12.2/hmms/162354at5125.hmm
# Target file:     /home/arafat/Foxy_SIX_Evolution/results/busco/GCA_003615085.1/run_hypocreales_odb12.2/miniprot_output/translated_proteins/162354at5125.faa
# Option settings: hmmsearch --domtblout /home/arafat/Foxy_SIX_Evolution/results/busco/GCA_003615085.1/run_hypocreales_odb12.2/hmmer_output/162354at5125.out --cpu 1 /home/arafat/busco_downloads/lineages/hypocreales_odb12.2/hmms/162354at5125.hmm /home/arafat/Foxy_SIX_Evolution/results/busco/GCA_003615085.1/run_hypocreales_odb12.2/miniprot_output/translated_proteins/162354at5125.faa 
# Current dir:     /home/arafat/Foxy_SIX_Evolution
# Date:            Thu Sep 24 13:58:01 2026
# [ok]
