#                                                                                                                  --- full sequence --- -------------- this domain -------------   hmm coord   ali coord   env coord
# target name                                              accession   tlen query name           accession   qlen   E-value  score  bias   #  of  c-Evalue  i-Evalue  score  bias  from    to  from    to  from    to  acc description of target
#                                      ------------------- ---------- ----- -------------------- ---------- ----- --------- ------ ----- --- --- --------- --------- ------ ----- ----- ----- ----- ----- ----- ----- ---- ---------------------
162479at5125_1080343_0:002d75|CM010801.1:4408702-4410290|- -            482 162479               -            480  7.5e-282  924.0  13.2   1   1  8.6e-282  8.6e-282  923.8  13.2     5   479    12   480     8   481 0.97 <unknown description>
162479at5125_1330021_0:001847|CM010801.1:4400941-4410254|- -            937 162479               -            480  3.1e-280  918.6  13.6   1   1  4.1e-280  4.1e-280  918.2  13.6     9   477     4   466     1   469 0.97 <unknown description>
162479at5125_5507_5:001c0f|CM010801.1:4407943-4410302|-    -            595 162479               -            480    2e-279  916.0  13.7   1   1  2.6e-279  2.6e-279  915.6  13.7     5   477    16   483    12   486 0.97 <unknown description>
162479at5125_2039874_0:0019fe|CM010801.1:4405730-4410230|- -            921 162479               -            480  5.3e-279  914.6  14.6   1   1  7.2e-279  7.2e-279  914.1  14.6    15   477     2   458     1   461 0.98 <unknown description>
162479at5125_1491479_0:003150|CM010801.1:4408711-4409970|- -            405 162479               -            480    4e-250  819.4  11.1   1   1  4.4e-250  4.4e-250  819.2  11.1    70   476     2   403     1   405 0.98 <unknown description>
162479at5125_117187_0:002697|CM010801.1:4409025-4410290|-  -            390 162479               -            480    1e-225  738.8  21.9   1   1  1.3e-225  1.3e-225  738.5  21.9     5   352    12   358     8   367 0.98 <unknown description>
162479at5125_93591_0:001357|CM010801.1:4409467-4410290|-   -            224 162479               -            480  1.7e-119  388.6  12.5   1   1  1.9e-119  1.9e-119  388.4  12.5     5   206    12   212     8   223 0.96 <unknown description>
162479at5125_179993_0:002f02|CM010801.1:4408738-4409403|-  -            207 162479               -            480  7.4e-116  376.6   0.3   1   1  8.1e-116  8.1e-116  376.4   0.3   258   462     1   204     1   207 0.98 <unknown description>
162479at5125_179993_0:00306c|CM010801.1:4409493-4410061|-  -            174 162479               -            480    1e-112  366.2  14.8   1   1  1.1e-112  1.1e-112  366.1  14.8    55   228     1   174     1   174 1.00 <unknown description>
#
# Program:         hmmsearch
# Version:         3.4 (Aug 2023)
# Pipeline mode:   SEARCH
# Query file:      /home/arafat/busco_downloads/lineages/hypocreales_odb12.2/hmms/162479at5125.hmm
# Target file:     /home/arafat/Foxy_SIX_Evolution/results/busco/GCA_003615085.1/run_hypocreales_odb12.2/miniprot_output/translated_proteins/162479at5125.faa
# Option settings: hmmsearch --domtblout /home/arafat/Foxy_SIX_Evolution/results/busco/GCA_003615085.1/run_hypocreales_odb12.2/hmmer_output/162479at5125.out --cpu 1 /home/arafat/busco_downloads/lineages/hypocreales_odb12.2/hmms/162479at5125.hmm /home/arafat/Foxy_SIX_Evolution/results/busco/GCA_003615085.1/run_hypocreales_odb12.2/miniprot_output/translated_proteins/162479at5125.faa 
# Current dir:     /home/arafat/Foxy_SIX_Evolution
# Date:            Thu Sep 24 13:58:02 2026
# [ok]
