#                                                                                                                     --- full sequence --- -------------- this domain -------------   hmm coord   ali coord   env coord
# target name                                                 accession   tlen query name           accession   qlen   E-value  score  bias   #  of  c-Evalue  i-Evalue  score  bias  from    to  from    to  from    to  acc description of target
#                                         ------------------- ---------- ----- -------------------- ---------- ----- --------- ------ ----- --- --- --------- --------- ------ ----- ----- ----- ----- ----- ----- ----- ---- ---------------------
162696at5125_1080343_0:0031dd|CM010803.1:1009130-1011106|-    -            621 162696               -            531    3e-271  890.6  18.2   1   2  1.7e-246  1.7e-246  808.9   0.0     2   499     3   515     2   525 0.91 <unknown description>
162696at5125_1080343_0:0031dd|CM010803.1:1009130-1011106|-    -            621 162696               -            531    3e-271  890.6  18.2   2   2   1.4e-25   1.4e-25   79.8  18.6   450   530   526   618   515   619 0.83 <unknown description>
162696at5125_282569_0:000e48|CM010803.1:1009130-1011775|-     -            649 162696               -            531  3.6e-271  890.3  18.2   1   2    2e-246    2e-246  808.6   0.0     2   499    31   543    30   553 0.91 <unknown description>
162696at5125_282569_0:000e48|CM010803.1:1009130-1011775|-     -            649 162696               -            531  3.6e-271  890.3  18.2   2   2   1.5e-25   1.5e-25   79.7  18.6   450   530   554   646   543   647 0.83 <unknown description>
162696at5125_1859967_0:002d63|CM010803.1:1004990-1011106|-    -           1185 162696               -            531  1.9e-269  884.6  21.2   1   3  1.1e-245  1.1e-245  806.2   0.0     2   499     3   515     2   524 0.91 <unknown description>
162696at5125_1859967_0:002d63|CM010803.1:1004990-1011106|-    -           1185 162696               -            531  1.9e-269  884.6  21.2   2   3   3.8e-25   3.8e-25   78.4  18.7   450   530   526   618   515   619 0.83 <unknown description>
162696at5125_1859967_0:002d63|CM010803.1:1004990-1011106|-    -           1185 162696               -            531  1.9e-269  884.6  21.2   3   3         3         3   -3.8   0.0   220   242  1072  1094  1067  1099 0.88 <unknown description>
162696at5125_911162_0:0015d3|CM010803.1:1009130-1010306|-     -            393 162696               -            531  5.6e-150  490.3  19.1   1   2  3.7e-125  3.7e-125  408.5   0.0   217   499     1   287     1   296 0.89 <unknown description>
162696at5125_911162_0:0015d3|CM010803.1:1009130-1010306|-     -            393 162696               -            531  5.6e-150  490.3  19.1   2   2   6.8e-26   6.8e-26   80.9  18.5   450   530   298   390   287   391 0.83 <unknown description>
162696at5125_2885761_0:000fd1|CM010803.1:1010413-1011106|-    -            213 162696               -            531  5.8e-109  355.0   0.0   1   1  6.5e-109  6.5e-109  354.8   0.0     2   200     3   212     2   212 0.94 <unknown description>
162696at5125_1163406_0:0015fc|CM010803.1:1010288-1010956|-    -            204 162696               -            531    1e-104  341.0   0.0   1   1  1.2e-104  1.2e-104  340.8   0.0    31   223     2   204     1   204 0.94 <unknown description>
162696at5125_2502994_0:00248a|CM010802.1:1399535-1400735|+    -            401 162696               -            531   1.1e-74  241.9   0.0   1   2   2.5e-36   2.5e-36  115.3   0.0    13   140    50   183    39   195 0.82 <unknown description>
162696at5125_2502994_0:00248a|CM010802.1:1399535-1400735|+    -            401 162696               -            531   1.1e-74  241.9   0.0   2   2   3.6e-39   3.6e-39  124.7   0.0   195   400   201   394   192   400 0.86 <unknown description>
162696at5125_1080343_0:000692|CM010802.1:1398722-1400735|+    -            638 162696               -            531   6.8e-74  239.3   0.0   1   2   5.9e-36   5.9e-36  114.1   0.0    13   140   287   420   276   432 0.82 <unknown description>
162696at5125_1080343_0:000692|CM010802.1:1398722-1400735|+    -            638 162696               -            531   6.8e-74  239.3   0.0   2   2     9e-39     9e-39  123.4   0.0   195   400   438   631   423   637 0.86 <unknown description>
162696at5125_72712_0:000f2b|CM010802.1:1396947-1400735|+      -           1054 162696               -            531   2.9e-73  237.2   0.0   1   2   1.3e-35   1.3e-35  113.0   0.0    13   140   703   836   692   848 0.82 <unknown description>
162696at5125_72712_0:000f2b|CM010802.1:1396947-1400735|+      -           1054 162696               -            531   2.9e-73  237.2   0.0   2   2   2.2e-38   2.2e-38  122.1   0.0   195   400   854  1047   839  1053 0.86 <unknown description>
162696at5125_1079257_0:00142b|CM010807.1:849234-850333|-      -            325 162696               -            531   6.3e-67  216.3   1.1   1   2   3.5e-31   3.5e-31   98.3   0.1    21   130     1   112     1   120 0.80 <unknown description>
162696at5125_1079257_0:00142b|CM010807.1:849234-850333|-      -            325 162696               -            531   6.3e-67  216.3   1.1   2   2   4.1e-37   4.1e-37  117.9   0.1   182   394   114   314   104   323 0.82 <unknown description>
162696at5125_93591_0:00177a|CM010803.1:1010761-1011106|-      -             97 162696               -            531   2.7e-58  187.8   1.3   1   1     3e-58     3e-58  187.7   1.3     2    95     3    97     2    97 0.98 <unknown description>
162696at5125_101028_0:0029be|MRCU01000013.1:1361279-1362578|- -            409 162696               -            531   1.3e-49  159.1   0.2   1   2     2e-27     2e-27   85.9   0.0    55   139    13    98     6   122 0.87 <unknown description>
162696at5125_101028_0:0029be|MRCU01000013.1:1361279-1362578|- -            409 162696               -            531   1.3e-49  159.1   0.2   2   2     7e-23     7e-23   70.9   0.0   197   401   125   320   118   325 0.83 <unknown description>
162696at5125_2364996_0:000bd5|MRCU01000015.1:395644-405965|+  -            350 162696               -            531   6.9e-47  150.1   0.4   1   2   1.4e-29   1.4e-29   93.0   2.2     9   101    43   131    37   151 0.92 <unknown description>
162696at5125_2364996_0:000bd5|MRCU01000015.1:395644-405965|+  -            350 162696               -            531   6.9e-47  150.1   0.4   2   2   1.4e-17   1.4e-17   53.4   0.0   232   381   171   323   136   329 0.80 <unknown description>
#
# Program:         hmmsearch
# Version:         3.4 (Aug 2023)
# Pipeline mode:   SEARCH
# Query file:      /home/arafat/busco_downloads/lineages/hypocreales_odb12.2/hmms/162696at5125.hmm
# Target file:     /home/arafat/Foxy_SIX_Evolution/results/busco/GCA_003615085.1/run_hypocreales_odb12.2/miniprot_output/translated_proteins/162696at5125.faa
# Option settings: hmmsearch --domtblout /home/arafat/Foxy_SIX_Evolution/results/busco/GCA_003615085.1/run_hypocreales_odb12.2/hmmer_output/162696at5125.out --cpu 1 /home/arafat/busco_downloads/lineages/hypocreales_odb12.2/hmms/162696at5125.hmm /home/arafat/Foxy_SIX_Evolution/results/busco/GCA_003615085.1/run_hypocreales_odb12.2/miniprot_output/translated_proteins/162696at5125.faa 
# Current dir:     /home/arafat/Foxy_SIX_Evolution
# Date:            Thu Sep 24 13:58:05 2026
# [ok]
