#                                                                                                                      --- full sequence --- -------------- this domain -------------   hmm coord   ali coord   env coord
# target name                                                  accession   tlen query name           accession   qlen   E-value  score  bias   #  of  c-Evalue  i-Evalue  score  bias  from    to  from    to  from    to  acc description of target
#                                          ------------------- ---------- ----- -------------------- ---------- ----- --------- ------ ----- --- --- --------- --------- ------ ----- ----- ----- ----- ----- ----- ----- ---- ---------------------
162765at5125_1089452_0:0029fc|MRCU01000005.1:1232789-1234637|+ -            617 162765               -            545         0 1022.8   3.2   1   1         0         0 1022.6   3.2     3   545    62   616    60   616 0.98 <unknown description>
162765at5125_1896173_0:0004d7|MRCU01000005.1:1232930-1237443|+ -           1210 162765               -            545         0 1020.1   3.2   1   1         0         0 1019.7   3.2     3   545    15   569    13   569 0.98 <unknown description>
162765at5125_45235_0:0017aa|MRCU01000005.1:1232930-1234259|+   -            444 162765               -            545  4.6e-251  823.1   4.3   1   1  5.2e-251  5.2e-251  822.9   4.3     3   432    15   444    13   444 1.00 <unknown description>
162765at5125_468837_0:00043e|MRCU01000005.1:1233503-1234637|+  -            379 162765               -            545    2e-210  688.9   0.1   1   1  2.3e-210  2.3e-210  688.8   0.1   180   545     1   378     1   378 0.97 <unknown description>
162765at5125_1081104_0:001bb5|MRCU01000005.1:1233863-1234637|+ -            259 162765               -            545  1.5e-138  451.7   0.0   1   1  1.6e-138  1.6e-138  451.6   0.0   300   545     1   258     1   258 0.95 <unknown description>
162765at5125_1081104_0:001c35|MRCU01000005.1:1232915-1233680|+ -            256 162765               -            545  2.7e-132  431.0   4.3   1   1  3.1e-132  3.1e-132  430.8   4.3     3   239    20   256    18   256 0.99 <unknown description>
162765at5125_80388_0:0023a4|CM010804.1:234126-235092|-         -            323 162765               -            545   6.4e-99  320.9   0.0   1   1   7.8e-99   7.8e-99  320.6   0.0     4   309    17   318    14   322 0.95 <unknown description>
162765at5125_1399860_1:000b63|MRCU01000005.1:1232972-1233407|+ -            146 162765               -            545   1.3e-77  250.6   1.1   1   1   1.4e-77   1.4e-77  250.4   1.1     4   148     2   146     1   146 0.99 <unknown description>
162765at5125_45235_0:0018d4|MRCU01000005.1:1234295-1234637|+   -            115 162765               -            545   5.6e-56  179.1   0.1   1   1   6.3e-56   6.3e-56  179.0   0.1   440   545     1   114     1   114 0.93 <unknown description>
#
# Program:         hmmsearch
# Version:         3.4 (Aug 2023)
# Pipeline mode:   SEARCH
# Query file:      /home/arafat/busco_downloads/lineages/hypocreales_odb12.2/hmms/162765at5125.hmm
# Target file:     /home/arafat/Foxy_SIX_Evolution/results/busco/GCA_003615085.1/run_hypocreales_odb12.2/miniprot_output/translated_proteins/162765at5125.faa
# Option settings: hmmsearch --domtblout /home/arafat/Foxy_SIX_Evolution/results/busco/GCA_003615085.1/run_hypocreales_odb12.2/hmmer_output/162765at5125.out --cpu 1 /home/arafat/busco_downloads/lineages/hypocreales_odb12.2/hmms/162765at5125.hmm /home/arafat/Foxy_SIX_Evolution/results/busco/GCA_003615085.1/run_hypocreales_odb12.2/miniprot_output/translated_proteins/162765at5125.faa 
# Current dir:     /home/arafat/Foxy_SIX_Evolution
# Date:            Thu Sep 24 13:58:05 2026
# [ok]
