#                                                                                                                  --- full sequence --- -------------- this domain -------------   hmm coord   ali coord   env coord
# target name                                              accession   tlen query name           accession   qlen   E-value  score  bias   #  of  c-Evalue  i-Evalue  score  bias  from    to  from    to  from    to  acc description of target
#                                      ------------------- ---------- ----- -------------------- ---------- ----- --------- ------ ----- --- --- --------- --------- ------ ----- ----- ----- ----- ----- ----- ----- ---- ---------------------
163085at5125_1080344_0:0006cc|CM010800.1:2105540-2107269|+ -            482 163085               -            444  7.5e-260  850.8   0.0   1   2      0.32      0.32   -1.6   0.0   155   168    11    24     6    25 0.85 <unknown description>
163085at5125_1080344_0:0006cc|CM010800.1:2105540-2107269|+ -            482 163085               -            444  7.5e-260  850.8   0.0   2   2  1.8e-259  1.8e-259  849.5   0.0     1   443    26   478    26   479 0.97 <unknown description>
163085at5125_1567552_0:000092|CM010800.1:2102998-2107269|+ -            769 163085               -            444    7e-259  847.6   0.0   1   1  8.5e-259  8.5e-259  847.4   0.0     1   443   313   765   313   766 0.97 <unknown description>
163085at5125_1567544_0:002cec|CM010800.1:2105683-2108128|+ -            529 163085               -            444  1.4e-256  840.1   0.0   1   1  1.6e-256  1.6e-256  839.8   0.0     1   439     1   449     1   453 0.97 <unknown description>
163085at5125_1089448_0:00256c|CM010800.1:2106155-2107269|+ -            336 163085               -            444  7.2e-202  659.7   0.1   1   1  8.1e-202  8.1e-202  659.6   0.1   118   443     1   332     1   333 0.97 <unknown description>
163085at5125_468837_0:000927|CM010800.1:2105677-2106824|+  -            310 163085               -            444    5e-163  531.7   0.0   1   1    6e-163    6e-163  531.4   0.0     1   274     3   280     3   288 0.98 <unknown description>
163085at5125_1245745_0:00235c|CM010800.1:2105668-2106529|+ -            251 163085               -            444  5.4e-122  396.4   0.3   1   1  1.3e-120  1.3e-120  391.9   0.3     1   225     6   251     6   251 0.97 <unknown description>
163085at5125_2874508_0:0018a0|CM010800.1:2105662-2106156|+ -            146 163085               -            444   2.5e-54  173.4   0.0   1   1   2.9e-54   2.9e-54  173.2   0.0     1   117     8   127     8   138 0.95 <unknown description>
#
# Program:         hmmsearch
# Version:         3.4 (Aug 2023)
# Pipeline mode:   SEARCH
# Query file:      /home/arafat/busco_downloads/lineages/hypocreales_odb12.2/hmms/163085at5125.hmm
# Target file:     /home/arafat/Foxy_SIX_Evolution/results/busco/GCA_003615085.1/run_hypocreales_odb12.2/miniprot_output/translated_proteins/163085at5125.faa
# Option settings: hmmsearch --domtblout /home/arafat/Foxy_SIX_Evolution/results/busco/GCA_003615085.1/run_hypocreales_odb12.2/hmmer_output/163085at5125.out --cpu 1 /home/arafat/busco_downloads/lineages/hypocreales_odb12.2/hmms/163085at5125.hmm /home/arafat/Foxy_SIX_Evolution/results/busco/GCA_003615085.1/run_hypocreales_odb12.2/miniprot_output/translated_proteins/163085at5125.faa 
# Current dir:     /home/arafat/Foxy_SIX_Evolution
# Date:            Thu Sep 24 13:58:08 2026
# [ok]
