#                                                                                                                      --- full sequence --- -------------- this domain -------------   hmm coord   ali coord   env coord
# target name                                                  accession   tlen query name           accession   qlen   E-value  score  bias   #  of  c-Evalue  i-Evalue  score  bias  from    to  from    to  from    to  acc description of target
#                                          ------------------- ---------- ----- -------------------- ---------- ----- --------- ------ ----- --- --- --------- --------- ------ ----- ----- ----- ----- ----- ----- ----- ---- ---------------------
163469at5125_100902_0:0016ed|MRCU01000005.1:1917419-1923091|-  -           1856 163469               -           1822         0 3949.1   0.3   1   2   1.2e-63   1.2e-63  202.3   0.4     1   110     1   109     1   123 0.94 <unknown description>
163469at5125_100902_0:0016ed|MRCU01000005.1:1917419-1923091|-  -           1856 163469               -           1822         0 3949.1   0.3   2   2         0         0 3744.9   0.0    99  1822   128  1855   120  1855 0.99 <unknown description>
163469at5125_78861_0:003486|MRCU01000005.1:1919071-1923055|-   -           1241 163469               -           1822         0 2582.0   1.1   1   3   8.1e-56   8.1e-56  176.3   0.3    13   109     1    96     1   107 0.94 <unknown description>
163469at5125_78861_0:003486|MRCU01000005.1:1919071-1923055|-   -           1241 163469               -           1822         0 2582.0   1.1   2   3    1e-210    1e-210  689.9   0.0    99   455   116   472   109   472 0.98 <unknown description>
163469at5125_78861_0:003486|MRCU01000005.1:1919071-1923055|-   -           1241 163469               -           1822         0 2582.0   1.1   3   3         0         0 1716.3   0.0   522  1289   470  1241   469  1241 0.99 <unknown description>
163469at5125_2364996_0:00381d|MRCU01000005.1:1921282-1923091|- -            585 163469               -           1822         0 1126.1   0.3   1   2   2.4e-64   2.4e-64  204.6   0.4     1   111     1   110     1   125 0.94 <unknown description>
163469at5125_2364996_0:00381d|MRCU01000005.1:1921282-1923091|- -            585 163469               -           1822         0 1126.1   0.3   2   2  4.5e-280  4.5e-280  919.8   0.0    99   555   128   584   119   585 0.99 <unknown description>
#
# Program:         hmmsearch
# Version:         3.4 (Aug 2023)
# Pipeline mode:   SEARCH
# Query file:      /home/arafat/busco_downloads/lineages/hypocreales_odb12.2/hmms/163469at5125.hmm
# Target file:     /home/arafat/Foxy_SIX_Evolution/results/busco/GCA_003615085.1/run_hypocreales_odb12.2/miniprot_output/translated_proteins/163469at5125.faa
# Option settings: hmmsearch --domtblout /home/arafat/Foxy_SIX_Evolution/results/busco/GCA_003615085.1/run_hypocreales_odb12.2/hmmer_output/163469at5125.out --cpu 1 /home/arafat/busco_downloads/lineages/hypocreales_odb12.2/hmms/163469at5125.hmm /home/arafat/Foxy_SIX_Evolution/results/busco/GCA_003615085.1/run_hypocreales_odb12.2/miniprot_output/translated_proteins/163469at5125.faa 
# Current dir:     /home/arafat/Foxy_SIX_Evolution
# Date:            Thu Sep 24 13:58:12 2026
# [ok]
