#                                                                                                                  --- full sequence --- -------------- this domain -------------   hmm coord   ali coord   env coord
# target name                                              accession   tlen query name           accession   qlen   E-value  score  bias   #  of  c-Evalue  i-Evalue  score  bias  from    to  from    to  from    to  acc description of target
#                                      ------------------- ---------- ----- -------------------- ---------- ----- --------- ------ ----- --- --- --------- --------- ------ ----- ----- ----- ----- ----- ----- ----- ---- ---------------------
163848at5125_1080343_0:001005|CM010806.1:1247039-1248681|+ -            494 163848               -            415    1e-235  771.2  14.3   1   2  1.5e-169  1.5e-169  553.3   8.1     1   321     2   356     2   362 0.91 <unknown description>
163848at5125_1080343_0:001005|CM010806.1:1247039-1248681|+ -            494 163848               -            415    1e-235  771.2  14.3   2   2   4.4e-69   4.4e-69  222.3   0.5   294   415   357   493   350   493 0.86 <unknown description>
163848at5125_655844_0:000576|CM010806.1:1243179-1248681|+  -            571 163848               -            415  1.7e-235  770.5  14.1   1   2  2.3e-169  2.3e-169  552.7   8.1     1   321    79   433    79   439 0.90 <unknown description>
163848at5125_655844_0:000576|CM010806.1:1243179-1248681|+  -            571 163848               -            415  1.7e-235  770.5  14.1   2   2   5.5e-69   5.5e-69  222.0   0.4   294   415   434   570   427   570 0.86 <unknown description>
163848at5125_2885761_0:001800|CM010806.1:1247468-1248681|+ -            384 163848               -            415    7e-179  584.0  14.5   1   2  1.8e-112  1.8e-112  365.3   8.3    99   321     1   246     1   251 0.90 <unknown description>
163848at5125_2885761_0:001800|CM010806.1:1247468-1248681|+ -            384 163848               -            415    7e-179  584.0  14.5   2   2   2.6e-69   2.6e-69  223.1   0.4   294   415   247   383   239   383 0.86 <unknown description>
163848at5125_92637_0:00081a|CM010806.1:1247039-1248162|+   -            321 163848               -            415  2.9e-164  535.9   2.5   1   1  3.3e-164  3.3e-164  535.7   2.5     1   290     2   321     2   321 0.92 <unknown description>
163848at5125_468837_0:000e9d|CM010806.1:1236293-1248212|+  -            376 163848               -            415  6.2e-152  495.2   1.4   1   1  9.2e-152  9.2e-152  494.7   1.4     1   265    41   330    41   337 0.92 <unknown description>
163848at5125_5544_1:001b28|CM010806.1:1247724-1248681|+    -            320 163848               -            415  1.3e-131  428.3  19.1   1   2   2.6e-65   2.6e-65  209.9  11.8   163   321     1   182     1   186 0.86 <unknown description>
163848at5125_5544_1:001b28|CM010806.1:1247724-1248681|+    -            320 163848               -            415  1.3e-131  428.3  19.1   2   2   2.3e-69   2.3e-69  223.2   0.8   294   415   183   319   177   319 0.86 <unknown description>
163848at5125_911162_0:001af2|CM010806.1:1247937-1248681|+  -            249 163848               -            415  3.7e-105  341.2  19.0   1   2   9.7e-39   9.7e-39  122.4  11.2   220   321     1   111     1   115 0.88 <unknown description>
163848at5125_911162_0:001af2|CM010806.1:1247937-1248681|+  -            249 163848               -            415  3.7e-105  341.2  19.0   2   2   1.5e-69   1.5e-69  223.8   1.1   294   415   112   248   106   248 0.86 <unknown description>
163848at5125_983965_0:0000dc|CM010806.1:1248411-1248681|+  -             91 163848               -            415   1.8e-47  151.1   1.4   1   1   5.4e-47   5.4e-47  149.6   1.4   339   415     1    90     1    90 0.87 <unknown description>
#
# Program:         hmmsearch
# Version:         3.4 (Aug 2023)
# Pipeline mode:   SEARCH
# Query file:      /home/arafat/busco_downloads/lineages/hypocreales_odb12.2/hmms/163848at5125.hmm
# Target file:     /home/arafat/Foxy_SIX_Evolution/results/busco/GCA_003615085.1/run_hypocreales_odb12.2/miniprot_output/translated_proteins/163848at5125.faa
# Option settings: hmmsearch --domtblout /home/arafat/Foxy_SIX_Evolution/results/busco/GCA_003615085.1/run_hypocreales_odb12.2/hmmer_output/163848at5125.out --cpu 1 /home/arafat/busco_downloads/lineages/hypocreales_odb12.2/hmms/163848at5125.hmm /home/arafat/Foxy_SIX_Evolution/results/busco/GCA_003615085.1/run_hypocreales_odb12.2/miniprot_output/translated_proteins/163848at5125.faa 
# Current dir:     /home/arafat/Foxy_SIX_Evolution
# Date:            Thu Sep 24 13:58:14 2026
# [ok]
