#                                                                                                                  --- full sequence --- -------------- this domain -------------   hmm coord   ali coord   env coord
# target name                                              accession   tlen query name           accession   qlen   E-value  score  bias   #  of  c-Evalue  i-Evalue  score  bias  from    to  from    to  from    to  acc description of target
#                                      ------------------- ---------- ----- -------------------- ---------- ----- --------- ------ ----- --- --- --------- --------- ------ ----- ----- ----- ----- ----- ----- ----- ---- ---------------------
164218at5125_1195189_0:000c9b|CM010800.1:718442-725592|-   -           1683 164218               -            990         0 1671.2   2.1   1   2   3.3e-07   3.3e-07   17.4   0.8    43   125     1    80     1   141 0.59 <unknown description>
164218at5125_1195189_0:000c9b|CM010800.1:718442-725592|-   -           1683 164218               -            990         0 1671.2   2.1   2   2         0         0 1653.2   0.0     1   987   705  1678   705  1682 0.93 <unknown description>
164218at5125_1736662_0:000afa|CM010800.1:718454-732749|-   -           1651 164218               -            990         0 1670.4   5.0   1   2   1.4e-07   1.4e-07   18.7   2.4    41   125     6    87     1   148 0.60 <unknown description>
164218at5125_1736662_0:000afa|CM010800.1:718454-732749|-   -           1651 164218               -            990         0 1670.4   5.0   2   2         0         0 1652.4   0.0     1   985   677  1648   677  1651 0.94 <unknown description>
164218at5125_660027_0:0000f9|CM010800.1:718442-721538|-    -           1019 164218               -            990         0 1630.0   0.9   1   2   2.9e-16   2.9e-16   47.4   0.8     1    37     1    38     1    42 0.93 <unknown description>
164218at5125_660027_0:0000f9|CM010800.1:718442-721538|-    -           1019 164218               -            990         0 1630.0   0.9   2   2         0         0 1580.8   0.0    37   987    78  1014    74  1018 0.93 <unknown description>
164218at5125_2004952_0:001d2d|CM010800.1:718445-720908|-   -            822 164218               -            990         0 1481.3   0.0   1   1         0         0 1481.2   0.0   174   987     2   818     1   822 0.98 <unknown description>
164218at5125_93591_0:0018ac|CM010800.1:720536-721538|-     -            281 164218               -            990  8.5e-121  393.4   8.5   1   1  9.5e-121  9.5e-121  393.3   8.5     1   297     1   281     1   281 0.84 <unknown description>
164218at5125_1736662_0:0007f6|CM010807.1:2276493-2277819|+ -            443 164218               -            990   4.6e-52  165.9   0.1   1   1   7.4e-52   7.4e-52  165.2   0.1   196   640     1   437     1   442 0.80 <unknown description>
#
# Program:         hmmsearch
# Version:         3.4 (Aug 2023)
# Pipeline mode:   SEARCH
# Query file:      /home/arafat/busco_downloads/lineages/hypocreales_odb12.2/hmms/164218at5125.hmm
# Target file:     /home/arafat/Foxy_SIX_Evolution/results/busco/GCA_003615085.1/run_hypocreales_odb12.2/miniprot_output/translated_proteins/164218at5125.faa
# Option settings: hmmsearch --domtblout /home/arafat/Foxy_SIX_Evolution/results/busco/GCA_003615085.1/run_hypocreales_odb12.2/hmmer_output/164218at5125.out --cpu 1 /home/arafat/busco_downloads/lineages/hypocreales_odb12.2/hmms/164218at5125.hmm /home/arafat/Foxy_SIX_Evolution/results/busco/GCA_003615085.1/run_hypocreales_odb12.2/miniprot_output/translated_proteins/164218at5125.faa 
# Current dir:     /home/arafat/Foxy_SIX_Evolution
# Date:            Thu Sep 24 13:58:17 2026
# [ok]
