#                                                                                                                      --- full sequence --- -------------- this domain -------------   hmm coord   ali coord   env coord
# target name                                                  accession   tlen query name           accession   qlen   E-value  score  bias   #  of  c-Evalue  i-Evalue  score  bias  from    to  from    to  from    to  acc description of target
#                                          ------------------- ---------- ----- -------------------- ---------- ----- --------- ------ ----- --- --- --------- --------- ------ ----- ----- ----- ----- ----- ----- ----- ---- ---------------------
165951at5125_327505_0:000d05|MRCU01000005.1:3762554-3767219|-  -           1512 165951               -           1377         0 2310.4   0.0   1   2   2.8e-37   2.8e-37  115.7   0.1     1    67     1    67     1    75 0.91 <unknown description>
165951at5125_327505_0:000d05|MRCU01000005.1:3762554-3767219|-  -           1512 165951               -           1377         0 2310.4   0.0   2   2         0         0 2192.7   0.0    56  1376    96  1500    90  1501 0.92 <unknown description>
165951at5125_468837_0:000fa3|MRCU01000005.1:3763562-3767099|-  -           1165 165951               -           1377         0 1854.1   0.0   1   2   2.2e-31   2.2e-31   96.2   0.2    12    67     1    56     1    64 0.90 <unknown description>
165951at5125_468837_0:000fa3|MRCU01000005.1:3763562-3767099|-  -           1165 165951               -           1377         0 1854.1   0.0   2   2         0         0 1755.9   0.0    56  1082    85  1165    79  1165 0.93 <unknown description>
165951at5125_123648_0:001b1f|MRCU01000005.1:3764357-3767228|-  -            929 165951               -           1377         0 1482.3   0.0   1   2   1.6e-37   1.6e-37  116.5   0.1     1    67     4    70     4    78 0.91 <unknown description>
165951at5125_123648_0:001b1f|MRCU01000005.1:3764357-3767228|-  -            929 165951               -           1377         0 1482.3   0.0   2   2         0         0 1363.8   0.0    56   838    99   928    93   929 0.92 <unknown description>
165951at5125_2686198_0:002060|MRCU01000005.1:3763523-3766358|- -            931 165951               -           1377         0 1464.1   0.0   1   1         0         0 1463.9   0.0   214  1094     1   930     1   931 0.93 <unknown description>
#
# Program:         hmmsearch
# Version:         3.4 (Aug 2023)
# Pipeline mode:   SEARCH
# Query file:      /home/arafat/busco_downloads/lineages/hypocreales_odb12.2/hmms/165951at5125.hmm
# Target file:     /home/arafat/Foxy_SIX_Evolution/results/busco/GCA_003615085.1/run_hypocreales_odb12.2/miniprot_output/translated_proteins/165951at5125.faa
# Option settings: hmmsearch --domtblout /home/arafat/Foxy_SIX_Evolution/results/busco/GCA_003615085.1/run_hypocreales_odb12.2/hmmer_output/165951at5125.out --cpu 1 /home/arafat/busco_downloads/lineages/hypocreales_odb12.2/hmms/165951at5125.hmm /home/arafat/Foxy_SIX_Evolution/results/busco/GCA_003615085.1/run_hypocreales_odb12.2/miniprot_output/translated_proteins/165951at5125.faa 
# Current dir:     /home/arafat/Foxy_SIX_Evolution
# Date:            Thu Sep 24 13:58:02 2026
# [ok]
