#                                                                                                                  --- full sequence --- -------------- this domain -------------   hmm coord   ali coord   env coord
# target name                                              accession   tlen query name           accession   qlen   E-value  score  bias   #  of  c-Evalue  i-Evalue  score  bias  from    to  from    to  from    to  acc description of target
#                                      ------------------- ---------- ----- -------------------- ---------- ----- --------- ------ ----- --- --- --------- --------- ------ ----- ----- ----- ----- ----- ----- ----- ---- ---------------------
166140at5125_1080344_0:001b35|CM010801.1:1655745-1656342|- -            183 166140               -            181  1.7e-104  336.5   2.0   1   1  1.7e-104  1.9e-104  336.4   2.0     1   181     1   182     1   182 0.98 <unknown description>
166140at5125_485398_0:00277b|CM010801.1:1655745-1657539|-  -            259 166140               -            181  5.2e-104  334.9   2.0   1   1  5.8e-104  6.5e-104  334.6   2.0     1   181    77   258    77   258 0.98 <unknown description>
166140at5125_45235_0:001a36|CM010801.1:1655745-1666215|-   -            259 166140               -            181  5.5e-104  334.8   2.0   1   1  5.8e-104  6.5e-104  334.6   2.0     1   181    77   258    77   258 0.98 <unknown description>
166140at5125_5046_0:000c2d|CM010801.1:1655745-1656631|-    -            279 166140               -            181  6.6e-104  334.6   2.0   1   1  7.2e-104  8.1e-104  334.3   2.0     1   181    97   278    97   278 0.98 <unknown description>
166140at5125_426428_0:002662|CM010805.1:3565232-3565833|-  -            184 166140               -            181   7.4e-90  288.8   0.6   1   1   7.8e-90   8.8e-90  288.6   0.6     5   181     6   183     6   183 0.99 <unknown description>
166140at5125_1080343_0:003af5|CM010805.1:3565301-3565721|- -            141 166140               -            181   1.9e-78  251.7   0.1   1   1   1.8e-78   2.1e-78  251.5   0.1    19   158     1   140     1   140 1.00 <unknown description>
166140at5125_195108_0:000c03|CM010801.1:1655919-1656345|-  -            126 166140               -            181   3.9e-73  234.3   0.8   1   1   3.8e-73   4.3e-73  234.2   0.8     1   124     2   126     2   126 0.97 <unknown description>
166140at5125_195108_0:000c03|MRCU01000012.1:70204-70647|+  -            125 166140               -            181   2.4e-54  173.1   0.4   1   1   2.3e-54   2.6e-54  173.0   0.4     3   123     3   124     1   125 0.95 <unknown description>
#
# Program:         hmmsearch
# Version:         3.4 (Aug 2023)
# Pipeline mode:   SEARCH
# Query file:      /home/arafat/busco_downloads/lineages/hypocreales_odb12.2/hmms/166140at5125.hmm
# Target file:     /home/arafat/Foxy_SIX_Evolution/results/busco/GCA_003615085.1/run_hypocreales_odb12.2/miniprot_output/translated_proteins/166140at5125.faa
# Option settings: hmmsearch --domtblout /home/arafat/Foxy_SIX_Evolution/results/busco/GCA_003615085.1/run_hypocreales_odb12.2/hmmer_output/166140at5125.out --cpu 1 /home/arafat/busco_downloads/lineages/hypocreales_odb12.2/hmms/166140at5125.hmm /home/arafat/Foxy_SIX_Evolution/results/busco/GCA_003615085.1/run_hypocreales_odb12.2/miniprot_output/translated_proteins/166140at5125.faa 
# Current dir:     /home/arafat/Foxy_SIX_Evolution
# Date:            Thu Sep 24 13:58:03 2026
# [ok]
