#                                                                                                                  --- full sequence --- -------------- this domain -------------   hmm coord   ali coord   env coord
# target name                                              accession   tlen query name           accession   qlen   E-value  score  bias   #  of  c-Evalue  i-Evalue  score  bias  from    to  from    to  from    to  acc description of target
#                                      ------------------- ---------- ----- -------------------- ---------- ----- --------- ------ ----- --- --- --------- --------- ------ ----- ----- ----- ----- ----- ----- ----- ---- ---------------------
167682at5125_94208_0:000e95|CM010801.1:1488887-1495705|-   -            736 167682               -            689  9.3e-304  998.1   5.1   1   1  1.1e-303  1.1e-303  997.9   5.1     2   689    20   735    19   735 0.91 <unknown description>
167682at5125_2824670_0:0041b7|CM010801.1:1488884-1492981|- -            736 167682               -            689  9.3e-304  998.1   5.1   1   1  1.1e-303  1.1e-303  997.9   5.1     2   689    19   734    18   734 0.91 <unknown description>
167682at5125_334819_0:0018e8|CM010801.1:1488884-1491392|-  -            801 167682               -            689  1.3e-303  997.7   5.1   1   1  1.5e-303  1.5e-303  997.4   5.1     2   689    84   799    83   799 0.91 <unknown description>
167682at5125_43265_0:0008f9|CM010801.1:1488884-1490465|-   -            528 167682               -            689  2.8e-266  874.3   5.7   1   1  3.2e-266  3.2e-266  874.1   5.7   176   689     2   526     1   526 0.95 <unknown description>
167682at5125_1736662_0:001e4b|CM010801.1:1489271-1491192|- -            607 167682               -            689    4e-238  781.2   4.0   1   1  4.6e-238  4.6e-238  781.0   3.9     2   567    19   607    18   607 0.91 <unknown description>
167682at5125_1291518_0:0006cc|CM010801.1:1488887-1490108|- -            408 167682               -            689  6.9e-213  697.8   9.1   1   1  7.9e-213  7.9e-213  697.6   9.1   294   689     1   407     1   407 0.95 <unknown description>
167682at5125_983965_0:000f75|CM010801.1:1490021-1491141|-  -            340 167682               -            689  1.2e-100  326.9   0.5   1   1  1.3e-100  1.3e-100  326.7   0.5     2   324     2   340     1   340 0.87 <unknown description>
#
# Program:         hmmsearch
# Version:         3.4 (Aug 2023)
# Pipeline mode:   SEARCH
# Query file:      /home/arafat/busco_downloads/lineages/hypocreales_odb12.2/hmms/167682at5125.hmm
# Target file:     /home/arafat/Foxy_SIX_Evolution/results/busco/GCA_003615085.1/run_hypocreales_odb12.2/miniprot_output/translated_proteins/167682at5125.faa
# Option settings: hmmsearch --domtblout /home/arafat/Foxy_SIX_Evolution/results/busco/GCA_003615085.1/run_hypocreales_odb12.2/hmmer_output/167682at5125.out --cpu 1 /home/arafat/busco_downloads/lineages/hypocreales_odb12.2/hmms/167682at5125.hmm /home/arafat/Foxy_SIX_Evolution/results/busco/GCA_003615085.1/run_hypocreales_odb12.2/miniprot_output/translated_proteins/167682at5125.faa 
# Current dir:     /home/arafat/Foxy_SIX_Evolution
# Date:            Thu Sep 24 13:58:20 2026
# [ok]
