#                                                                                                                  --- full sequence --- -------------- this domain -------------   hmm coord   ali coord   env coord
# target name                                              accession   tlen query name           accession   qlen   E-value  score  bias   #  of  c-Evalue  i-Evalue  score  bias  from    to  from    to  from    to  acc description of target
#                                      ------------------- ---------- ----- -------------------- ---------- ----- --------- ------ ----- --- --- --------- --------- ------ ----- ----- ----- ----- ----- ----- ----- ---- ---------------------
167651at5125_660025_0:00250d|CM010803.1:3750315-3757075|+  -           1532 167651               -           1165         0 2366.8   0.5   1   2    2e-272    2e-272  895.3   0.0     1   472    22   545    22   554 0.91 <unknown description>
167651at5125_660025_0:00250d|CM010803.1:3750315-3757075|+  -           1532 167651               -           1165         0 2366.8   0.5   2   2         0         0 1468.8   0.1   471  1160   577  1288   564  1293 0.95 <unknown description>
167651at5125_1531966_0:00243a|CM010803.1:3750315-3762586|+ -           1436 167651               -           1165         0 2353.7   0.3   1   2  2.1e-268  2.1e-268  881.9   0.0     1   472    22   555    22   565 0.89 <unknown description>
167651at5125_1531966_0:00243a|CM010803.1:3750315-3762586|+ -           1436 167651               -           1165         0 2353.7   0.3   2   2         0         0 1469.1   0.1   471  1160   587  1298   574  1303 0.95 <unknown description>
167651at5125_660027_0:001de1|CM010803.1:3750315-3755166|+  -           1489 167651               -           1165         0 2320.9   2.3   1   2  8.6e-258  8.6e-258  846.8   0.3     1   472    22   578    22   589 0.86 <unknown description>
167651at5125_660027_0:001de1|CM010803.1:3750315-3755166|+  -           1489 167651               -           1165         0 2320.9   2.3   2   2         0         0 1468.9   0.1   471  1160   610  1321   597  1326 0.95 <unknown description>
167651at5125_2004951_0:002366|CM010803.1:3750312-3754008|+ -           1081 167651               -           1165         0 1989.0   3.1   1   2  1.1e-268  1.1e-268  882.8   0.0     1   472    23   556    23   565 0.89 <unknown description>
167651at5125_2004951_0:002366|CM010803.1:3750312-3754008|+ -           1081 167651               -           1165         0 1989.0   3.1   2   2         0         0 1104.9   1.2   471   958   588  1081   575  1081 0.98 <unknown description>
167651at5125_94208_0:0013f7|CM010803.1:3751254-3755019|+   -           1240 167651               -           1165         0 1904.8  11.5   1   2  1.7e-142  1.7e-142  464.9   0.9   177   472     1   361     1   370 0.85 <unknown description>
167651at5125_94208_0:0013f7|CM010803.1:3751254-3755019|+   -           1240 167651               -           1165         0 1904.8  11.5   2   2         0         0 1442.8   3.7   471  1160   393  1121   382  1126 0.94 <unknown description>
167651at5125_1806559_0:001d38|CM010803.1:3752478-3755166|+ -            864 167651               -           1165         0 1434.1   0.1   1   1         0         0 1433.8   0.1   494  1160    11   696     1   701 0.95 <unknown description>
167651at5125_1163406_0:001130|CM010803.1:3750378-3752652|+ -            640 167651               -           1165  7.2e-301  989.4   5.0   1   2  2.4e-269  2.4e-269  885.1   0.1     1   472     1   534     1   545 0.89 <unknown description>
167651at5125_1163406_0:001130|CM010803.1:3750378-3752652|+ -            640 167651               -           1165  7.2e-301  989.4   5.0   2   2   1.3e-33   1.3e-33  104.3   1.5   470   539   565   637   552   640 0.86 <unknown description>
#
# Program:         hmmsearch
# Version:         3.4 (Aug 2023)
# Pipeline mode:   SEARCH
# Query file:      /home/arafat/busco_downloads/lineages/hypocreales_odb12.2/hmms/167651at5125.hmm
# Target file:     /home/arafat/Foxy_SIX_Evolution/results/busco/GCA_003615085.1/run_hypocreales_odb12.2/miniprot_output/translated_proteins/167651at5125.faa
# Option settings: hmmsearch --domtblout /home/arafat/Foxy_SIX_Evolution/results/busco/GCA_003615085.1/run_hypocreales_odb12.2/hmmer_output/167651at5125.out --cpu 1 /home/arafat/busco_downloads/lineages/hypocreales_odb12.2/hmms/167651at5125.hmm /home/arafat/Foxy_SIX_Evolution/results/busco/GCA_003615085.1/run_hypocreales_odb12.2/miniprot_output/translated_proteins/167651at5125.faa 
# Current dir:     /home/arafat/Foxy_SIX_Evolution
# Date:            Thu Sep 24 13:58:20 2026
# [ok]
