#                                                                                                                  --- full sequence --- -------------- this domain -------------   hmm coord   ali coord   env coord
# target name                                              accession   tlen query name           accession   qlen   E-value  score  bias   #  of  c-Evalue  i-Evalue  score  bias  from    to  from    to  from    to  acc description of target
#                                      ------------------- ---------- ----- -------------------- ---------- ----- --------- ------ ----- --- --- --------- --------- ------ ----- ----- ----- ----- ----- ----- ----- ---- ---------------------
169685at5125_1080343_0:000b2d|CM010802.1:2107804-2108704|- -            267 169685               -            253  1.3e-144  468.8   0.0   1   1  1.5e-144  1.5e-144  468.6   0.0     5   251    12   262     8   264 0.97 <unknown description>
169685at5125_2060973_0:00036f|CM010802.1:2105474-2108704|- -            292 169685               -            253  1.8e-144  468.4   0.0   1   1  2.1e-144  2.1e-144  468.1   0.0     5   251    12   262     8   264 0.97 <unknown description>
169685at5125_413071_0:000067|CM010802.1:2107810-2114823|-  -            333 169685               -            253  2.7e-144  467.8   0.0   1   1  3.3e-144  3.3e-144  467.5   0.0     5   251    80   330    76   332 0.97 <unknown description>
169685at5125_1043627_0:000178|CM010802.1:2101184-2108662|- -            397 169685               -            253  4.7e-143  463.7   0.0   1   1  5.7e-143  5.7e-143  463.4   0.0     8   251     1   248     1   250 0.97 <unknown description>
169685at5125_2604345_0:002499|CM010802.1:2107813-2108533|- -            224 169685               -            253  3.1e-127  411.9   0.0   1   1  3.7e-127  3.7e-127  411.6   0.0    37   251     5   222     2   224 0.97 <unknown description>
169685at5125_1349383_0:000543|CM010802.1:2107804-2109764|- -            271 169685               -            253  8.6e-123  397.3   0.0   1   1  1.5e-120  1.5e-120  390.0   0.0    36   251    32   266    23   268 0.90 <unknown description>
169685at5125_1276135_0:0021dd|CM010802.1:2107828-2108377|- -            184 169685               -            253  8.8e-104  335.0   0.0   1   1  9.6e-104  9.6e-104  334.9   0.0    73   248     9   184     1   184 0.97 <unknown description>
169685at5125_1491479_0:001414|CM010802.1:2108257-2108674|- -            106 169685               -            253   4.9e-56  178.6   0.1   1   1   5.3e-56   5.3e-56  178.5   0.1     6   105     3   106     1   106 0.94 <unknown description>
#
# Program:         hmmsearch
# Version:         3.4 (Aug 2023)
# Pipeline mode:   SEARCH
# Query file:      /home/arafat/busco_downloads/lineages/hypocreales_odb12.2/hmms/169685at5125.hmm
# Target file:     /home/arafat/Foxy_SIX_Evolution/results/busco/GCA_003615085.1/run_hypocreales_odb12.2/miniprot_output/translated_proteins/169685at5125.faa
# Option settings: hmmsearch --domtblout /home/arafat/Foxy_SIX_Evolution/results/busco/GCA_003615085.1/run_hypocreales_odb12.2/hmmer_output/169685at5125.out --cpu 1 /home/arafat/busco_downloads/lineages/hypocreales_odb12.2/hmms/169685at5125.hmm /home/arafat/Foxy_SIX_Evolution/results/busco/GCA_003615085.1/run_hypocreales_odb12.2/miniprot_output/translated_proteins/169685at5125.faa 
# Current dir:     /home/arafat/Foxy_SIX_Evolution
# Date:            Thu Sep 24 13:58:01 2026
# [ok]
