#                                                                                                                  --- full sequence --- -------------- this domain -------------   hmm coord   ali coord   env coord
# target name                                              accession   tlen query name           accession   qlen   E-value  score  bias   #  of  c-Evalue  i-Evalue  score  bias  from    to  from    to  from    to  acc description of target
#                                      ------------------- ---------- ----- -------------------- ---------- ----- --------- ------ ----- --- --- --------- --------- ------ ----- ----- ----- ----- ----- ----- ----- ---- ---------------------
170037at5125_282569_0:001171|CM010802.1:3045737-3047055|+  -            440 170037               -            376  2.8e-217  709.8  10.7   1   2  5.4e-119  5.4e-119  386.3   7.5     1   210     1   244     1   256 0.93 <unknown description>
170037at5125_282569_0:001171|CM010802.1:3045737-3047055|+  -            440 170037               -            376  2.8e-217  709.8  10.7   2   2   1.3e-98   1.3e-98  319.2   0.1   205   376   259   437   250   437 0.93 <unknown description>
170037at5125_62069_0:001a42|CM010802.1:3046167-3047049|+   -            275 170037               -            376  1.5e-138  450.7   0.7   1   1  4.4e-138  4.4e-138  449.2   0.7   126   376     1   274     1   274 0.92 <unknown description>
170037at5125_1280523_0:001237|CM010802.1:3045737-3046473|+ -            229 170037               -            376  6.8e-128  415.6   1.2   1   1  2.4e-127  2.4e-127  413.8   1.2     1   209     1   226     1   228 0.94 <unknown description>
170037at5125_2004952_0:001baa|CM010802.1:3045737-3046248|+ -            154 170037               -            376  3.1e-106  344.3   0.1   1   1  3.4e-106  3.4e-106  344.2   0.1     1   153     1   154     1   154 0.99 <unknown description>
170037at5125_2885761_0:00021a|CM010802.1:3045900-3046538|+ -            213 170037               -            376  2.4e-102  331.5   2.3   1   1  8.3e-102  8.3e-102  329.8   2.3    39   210     3   190     1   209 0.91 <unknown description>
170037at5125_2885761_0:000293|CM010802.1:3046563-3047055|+ -            165 170037               -            376     5e-90  291.0   0.1   1   1   5.6e-90   5.6e-90  290.8   0.1   222   376     1   162     1   162 0.94 <unknown description>
170037at5125_2004952_0:00108f|CM010802.1:3046656-3047046|+ -            131 170037               -            376   1.6e-73  236.6   0.1   1   1   1.8e-73   1.8e-73  236.5   0.1   253   376     1   131     1   131 0.92 <unknown description>
170037at5125_62069_0:001b2a|CM010802.1:3045737-3046107|+   -            107 170037               -            376   3.2e-72  232.4   0.0   1   1   3.5e-72   3.5e-72  232.2   0.0     1   106     1   107     1   107 0.99 <unknown description>
170037at5125_468837_0:001149|CM010802.1:3046779-3047043|+  -             89 170037               -            376   3.7e-41  130.1   0.2   1   1   4.1e-41   4.1e-41  130.0   0.2   294   375     1    89     1    89 0.89 <unknown description>
#
# Program:         hmmsearch
# Version:         3.4 (Aug 2023)
# Pipeline mode:   SEARCH
# Query file:      /home/arafat/busco_downloads/lineages/hypocreales_odb12.2/hmms/170037at5125.hmm
# Target file:     /home/arafat/Foxy_SIX_Evolution/results/busco/GCA_003615085.1/run_hypocreales_odb12.2/miniprot_output/translated_proteins/170037at5125.faa
# Option settings: hmmsearch --domtblout /home/arafat/Foxy_SIX_Evolution/results/busco/GCA_003615085.1/run_hypocreales_odb12.2/hmmer_output/170037at5125.out --cpu 1 /home/arafat/busco_downloads/lineages/hypocreales_odb12.2/hmms/170037at5125.hmm /home/arafat/Foxy_SIX_Evolution/results/busco/GCA_003615085.1/run_hypocreales_odb12.2/miniprot_output/translated_proteins/170037at5125.faa 
# Current dir:     /home/arafat/Foxy_SIX_Evolution
# Date:            Thu Sep 24 13:58:04 2026
# [ok]
