#                                                                                                                      --- full sequence --- -------------- this domain -------------   hmm coord   ali coord   env coord
# target name                                                  accession   tlen query name           accession   qlen   E-value  score  bias   #  of  c-Evalue  i-Evalue  score  bias  from    to  from    to  from    to  acc description of target
#                                          ------------------- ---------- ----- -------------------- ---------- ----- --------- ------ ----- --- --- --------- --------- ------ ----- ----- ----- ----- ----- ----- ----- ---- ---------------------
170132at5125_911162_0:000497|MRCU01000005.1:1266104-1268468|+  -            740 170132               -            608         0 1096.1  33.1   1   3   1.5e-10   1.5e-10   28.8   0.0    24    95    12    79     3    99 0.82 <unknown description>
170132at5125_911162_0:000497|MRCU01000005.1:1266104-1268468|+  -            740 170132               -            608         0 1096.1  33.1   2   3   4.1e-69   4.1e-69  222.2   1.3    72   211   102   243    92   250 0.94 <unknown description>
170132at5125_911162_0:000497|MRCU01000005.1:1266104-1268468|+  -            740 170132               -            608         0 1096.1  33.1   3   3  2.2e-256  2.2e-256  840.7  23.3   180   607   249   738   244   739 0.87 <unknown description>
170132at5125_660025_0:001bd5|MRCU01000005.1:1265735-1268834|+  -            909 170132               -            608         0 1094.6  33.0   1   4   1.7e-10   1.7e-10   28.6   0.0    23    95   134   202   122   221 0.82 <unknown description>
170132at5125_660025_0:001bd5|MRCU01000005.1:1265735-1268834|+  -            909 170132               -            608         0 1094.6  33.0   2   4   5.4e-69   5.4e-69  221.8   1.3    72   211   225   366   214   373 0.94 <unknown description>
170132at5125_660025_0:001bd5|MRCU01000005.1:1265735-1268834|+  -            909 170132               -            608         0 1094.6  33.0   3   4   3.6e-29   3.6e-29   90.3  23.5   180   287   372   518   367   527 0.74 <unknown description>
170132at5125_660025_0:001bd5|MRCU01000005.1:1265735-1268834|+  -            909 170132               -            608         0 1094.6  33.0   4   4  1.1e-230  1.1e-230  755.8   0.0   273   607   526   861   517   862 0.97 <unknown description>
170132at5125_5514_0:002e38|MRCU01000005.1:1266622-1268471|+    -            584 170132               -            608  5.5e-290  951.7  31.9   1   2     1e-33     1e-33  105.3   1.3   127   211     1    86     1    93 0.95 <unknown description>
170132at5125_5514_0:002e38|MRCU01000005.1:1266622-1268471|+    -            584 170132               -            608  5.5e-290  951.7  31.9   2   2  1.4e-256  1.4e-256  841.4  23.7   180   607    92   581    87   582 0.87 <unknown description>
170132at5125_1237068_0:002c88|MRCU01000005.1:1267099-1268471|+ -            425 170132               -            608    1e-241  792.3  13.4   1   1  2.4e-238  2.4e-238  781.1  13.4   233   607     3   422     1   423 0.89 <unknown description>
170132at5125_93591_0:001663|MRCU01000005.1:1267429-1268468|+   -            314 170132               -            608    3e-229  751.1   0.0   1   1  3.3e-229  3.3e-229  750.9   0.0   296   607     1   312     1   313 1.00 <unknown description>
170132at5125_1208366_0:003924|MRCU01000005.1:1265735-1267942|+ -            721 170132               -            608  4.2e-223  730.8  37.4   1   3   1.3e-10   1.3e-10   29.1   0.0    23    95   134   202   124   225 0.81 <unknown description>
170132at5125_1208366_0:003924|MRCU01000005.1:1265735-1267942|+ -            721 170132               -            608  4.2e-223  730.8  37.4   2   3   3.6e-69   3.6e-69  222.4   1.4    71   211   224   366   211   374 0.93 <unknown description>
170132at5125_1208366_0:003924|MRCU01000005.1:1265735-1267942|+ -            721 170132               -            608  4.2e-223  730.8  37.4   3   3  1.2e-145  1.2e-145  474.9  27.3   180   465   372   719   367   720 0.82 <unknown description>
170132at5125_1237068_0:0039d0|MRCU01000005.1:1265735-1267177|+ -            466 170132               -            608   5.2e-99  321.0  20.4   1   4         1         1   -3.7   0.2     5    24    51    70    46    76 0.72 <unknown description>
170132at5125_1237068_0:0039d0|MRCU01000005.1:1265735-1267177|+ -            466 170132               -            608   5.2e-99  321.0  20.4   2   4   6.4e-11   6.4e-11   30.0   0.0    23    95   134   202   122   223 0.81 <unknown description>
170132at5125_1237068_0:0039d0|MRCU01000005.1:1265735-1267177|+ -            466 170132               -            608   5.2e-99  321.0  20.4   3   4   1.5e-69   1.5e-69  223.6   1.3    71   211   224   366   210   374 0.93 <unknown description>
170132at5125_1237068_0:0039d0|MRCU01000005.1:1265735-1267177|+ -            466 170132               -            608   5.2e-99  321.0  20.4   4   4   2.6e-25   2.6e-25   77.5   5.1   180   252   372   461   367   465 0.78 <unknown description>
#
# Program:         hmmsearch
# Version:         3.4 (Aug 2023)
# Pipeline mode:   SEARCH
# Query file:      /home/arafat/busco_downloads/lineages/hypocreales_odb12.2/hmms/170132at5125.hmm
# Target file:     /home/arafat/Foxy_SIX_Evolution/results/busco/GCA_003615085.1/run_hypocreales_odb12.2/miniprot_output/translated_proteins/170132at5125.faa
# Option settings: hmmsearch --domtblout /home/arafat/Foxy_SIX_Evolution/results/busco/GCA_003615085.1/run_hypocreales_odb12.2/hmmer_output/170132at5125.out --cpu 1 /home/arafat/busco_downloads/lineages/hypocreales_odb12.2/hmms/170132at5125.hmm /home/arafat/Foxy_SIX_Evolution/results/busco/GCA_003615085.1/run_hypocreales_odb12.2/miniprot_output/translated_proteins/170132at5125.faa 
# Current dir:     /home/arafat/Foxy_SIX_Evolution
# Date:            Thu Sep 24 13:58:06 2026
# [ok]
