#                                                                                                                  --- full sequence --- -------------- this domain -------------   hmm coord   ali coord   env coord
# target name                                              accession   tlen query name           accession   qlen   E-value  score  bias   #  of  c-Evalue  i-Evalue  score  bias  from    to  from    to  from    to  acc description of target
#                                      ------------------- ---------- ----- -------------------- ---------- ----- --------- ------ ----- --- --- --------- --------- ------ ----- ----- ----- ----- ----- ----- ----- ---- ---------------------
170121at5125_1089448_0:001889|CM010801.1:1859747-1861661|+ -            639 170121               -            527  9.5e-269  880.9   1.9   1   1  1.3e-267  1.3e-267  877.2   1.9    19   527    88   632    75   632 0.91 <unknown description>
170121at5125_96318_0:002c0b|CM010801.1:1858931-1861661|+   -            721 170121               -            527  1.5e-268  880.2   1.9   1   1  1.9e-267  1.9e-267  876.6   1.9    19   527   170   714   157   714 0.91 <unknown description>
170121at5125_2614577_0:0026ae|CM010801.1:1860053-1861442|+ -            408 170121               -            527    5e-227  743.3   2.6   1   2  2.2e-189  2.2e-189  619.0   0.2    34   342     1   312     1   314 0.98 <unknown description>
170121at5125_2614577_0:0026ae|CM010801.1:1860053-1861442|+ -            408 170121               -            527    5e-227  743.3   2.6   2   2   1.7e-40   1.7e-40  127.7   0.3   379   478   309   408   307   408 0.98 <unknown description>
170121at5125_468837_0:0016cb|CM010801.1:1859747-1860893|+  -            383 170121               -            527  2.4e-174  569.4   0.0   1   1    3e-174    3e-174  569.1   0.0    19   310    88   382    75   383 0.95 <unknown description>
170121at5125_111463_0:0008bc|CM010801.1:1860692-1861661|+  -            324 170121               -            527  3.9e-118  383.9   1.3   1   1  8.7e-117  8.7e-117  379.5   1.3   247   527     1   317     1   317 0.87 <unknown description>
170121at5125_64609_0:002feb|CM010801.1:1861247-1861661|+   -            139 170121               -            527   2.4e-51  163.5   1.6   1   1     1e-49     1e-49  158.1   1.6   413   527     1   132     1   132 0.88 <unknown description>
#
# Program:         hmmsearch
# Version:         3.4 (Aug 2023)
# Pipeline mode:   SEARCH
# Query file:      /home/arafat/busco_downloads/lineages/hypocreales_odb12.2/hmms/170121at5125.hmm
# Target file:     /home/arafat/Foxy_SIX_Evolution/results/busco/GCA_003615085.1/run_hypocreales_odb12.2/miniprot_output/translated_proteins/170121at5125.faa
# Option settings: hmmsearch --domtblout /home/arafat/Foxy_SIX_Evolution/results/busco/GCA_003615085.1/run_hypocreales_odb12.2/hmmer_output/170121at5125.out --cpu 1 /home/arafat/busco_downloads/lineages/hypocreales_odb12.2/hmms/170121at5125.hmm /home/arafat/Foxy_SIX_Evolution/results/busco/GCA_003615085.1/run_hypocreales_odb12.2/miniprot_output/translated_proteins/170121at5125.faa 
# Current dir:     /home/arafat/Foxy_SIX_Evolution
# Date:            Thu Sep 24 13:58:05 2026
# [ok]
