#                                                                                                                  --- full sequence --- -------------- this domain -------------   hmm coord   ali coord   env coord
# target name                                              accession   tlen query name           accession   qlen   E-value  score  bias   #  of  c-Evalue  i-Evalue  score  bias  from    to  from    to  from    to  acc description of target
#                                      ------------------- ---------- ----- -------------------- ---------- ----- --------- ------ ----- --- --- --------- --------- ------ ----- ----- ----- ----- ----- ----- ----- ---- ---------------------
170226at5125_1089448_0:00232a|CM010800.1:2419711-2423412|- -           1212 170226               -            949         0 1530.6   0.2   1   3         0         0 1458.5   0.0     2   851    98  1028    97  1058 0.90 <unknown description>
170226at5125_1089448_0:00232a|CM010800.1:2419711-2423412|- -           1212 170226               -            949         0 1530.6   0.2   2   3   5.1e-05   5.1e-05   10.2   0.1   848   884  1062  1098  1041  1113 0.75 <unknown description>
170226at5125_1089448_0:00232a|CM010800.1:2419711-2423412|- -           1212 170226               -            949         0 1530.6   0.2   3   3   1.2e-19   1.2e-19   58.6   0.3   871   947  1117  1204  1087  1206 0.82 <unknown description>
170226at5125_307937_0:00127f|CM010800.1:2419711-2435671|-  -           1212 170226               -            949         0 1530.6   0.2   1   3         0         0 1458.5   0.0     2   851    98  1028    97  1058 0.90 <unknown description>
170226at5125_307937_0:00127f|CM010800.1:2419711-2435671|-  -           1212 170226               -            949         0 1530.6   0.2   2   3   5.1e-05   5.1e-05   10.2   0.1   848   884  1062  1098  1041  1113 0.75 <unknown description>
170226at5125_307937_0:00127f|CM010800.1:2419711-2435671|-  -           1212 170226               -            949         0 1530.6   0.2   3   3   1.2e-19   1.2e-19   58.6   0.3   871   947  1117  1204  1087  1206 0.82 <unknown description>
170226at5125_1330021_0:000f1a|CM010800.1:2419729-2429926|- -           2124 170226               -            949         0 1526.7   0.1   1   3         0         0 1456.2   0.0     2   851  1016  1946  1015  1975 0.90 <unknown description>
170226at5125_1330021_0:000f1a|CM010800.1:2419729-2429926|- -           2124 170226               -            949         0 1526.7   0.1   2   3   9.4e-05   9.4e-05    9.3   0.1   848   884  1980  2016  1959  2031 0.75 <unknown description>
170226at5125_1330021_0:000f1a|CM010800.1:2419729-2429926|- -           2124 170226               -            949         0 1526.7   0.1   3   3   2.9e-19   2.9e-19   57.4   0.1   872   947  2036  2122  2023  2124 0.84 <unknown description>
170226at5125_48490_0:002958|CM010800.1:2420272-2423205|-   -            956 170226               -            949         0 1457.6   0.0   1   1         0         0 1457.1   0.0     2   847    29   955    28   956 0.90 <unknown description>
170226at5125_150374_0:001563|CM010800.1:2419714-2422576|-  -            955 170226               -            949         0 1373.3   7.0   1   3         0         0 1306.8   0.5   137   851     2   772     1   804 0.90 <unknown description>
170226at5125_150374_0:001563|CM010800.1:2419714-2422576|-  -            955 170226               -            949         0 1373.3   7.0   2   3   3.9e-05   3.9e-05   10.6   0.1   848   885   806   843   786   858 0.75 <unknown description>
170226at5125_150374_0:001563|CM010800.1:2419714-2422576|-  -            955 170226               -            949         0 1373.3   7.0   3   3   1.1e-19   1.1e-19   58.8   0.1   872   947   862   948   849   950 0.84 <unknown description>
170226at5125_694270_0:002bfe|CM010800.1:2421094-2423412|-  -            751 170226               -            949         0 1131.5   6.8   1   1         0         0 1131.3   6.8     2   618    98   743    97   751 0.94 <unknown description>
170226at5125_468837_0:0019a7|CM010800.1:2421247-2422606|-  -            454 170226               -            949  5.6e-278  913.6  21.9   1   1  6.3e-278  6.3e-278  913.5  21.9   126   579     1   454     1   454 1.00 <unknown description>
#
# Program:         hmmsearch
# Version:         3.4 (Aug 2023)
# Pipeline mode:   SEARCH
# Query file:      /home/arafat/busco_downloads/lineages/hypocreales_odb12.2/hmms/170226at5125.hmm
# Target file:     /home/arafat/Foxy_SIX_Evolution/results/busco/GCA_003615085.1/run_hypocreales_odb12.2/miniprot_output/translated_proteins/170226at5125.faa
# Option settings: hmmsearch --domtblout /home/arafat/Foxy_SIX_Evolution/results/busco/GCA_003615085.1/run_hypocreales_odb12.2/hmmer_output/170226at5125.out --cpu 1 /home/arafat/busco_downloads/lineages/hypocreales_odb12.2/hmms/170226at5125.hmm /home/arafat/Foxy_SIX_Evolution/results/busco/GCA_003615085.1/run_hypocreales_odb12.2/miniprot_output/translated_proteins/170226at5125.faa 
# Current dir:     /home/arafat/Foxy_SIX_Evolution
# Date:            Thu Sep 24 13:58:10 2026
# [ok]
