#                                                                                                                  --- full sequence --- -------------- this domain -------------   hmm coord   ali coord   env coord
# target name                                              accession   tlen query name           accession   qlen   E-value  score  bias   #  of  c-Evalue  i-Evalue  score  bias  from    to  from    to  from    to  acc description of target
#                                      ------------------- ---------- ----- -------------------- ---------- ----- --------- ------ ----- --- --- --------- --------- ------ ----- ----- ----- ----- ----- ----- ----- ---- ---------------------
170488at5125_1080343_0:001fd1|CM010800.1:1099765-1102887|- -           1024 170488               -            793         0 1033.8  10.8   1   4  7.4e-114  7.4e-114  370.5   0.1     1   236    89   334    89   338 0.94 <unknown description>
170488at5125_1080343_0:001fd1|CM010800.1:1099765-1102887|- -           1024 170488               -            793         0 1033.8  10.8   2   4  1.7e-147  1.7e-147  481.8   0.0   237   660   360   813   347   823 0.91 <unknown description>
170488at5125_1080343_0:001fd1|CM010800.1:1099765-1102887|- -           1024 170488               -            793         0 1033.8  10.8   3   4   6.7e-45   6.7e-45  142.4   0.5   657   758   843   944   838   953 0.93 <unknown description>
170488at5125_1080343_0:001fd1|CM010800.1:1099765-1102887|- -           1024 170488               -            793         0 1033.8  10.8   4   4   3.9e-14   3.9e-14   40.7   3.3   749   793   971  1023   961  1023 0.79 <unknown description>
170488at5125_1101274_0:001fcd|CM010800.1:1098679-1102887|- -           1251 170488               -            793         0 1024.7   9.1   1   4    1e-113    1e-113  370.0   0.1     1   236    89   334    89   338 0.94 <unknown description>
170488at5125_1101274_0:001fcd|CM010800.1:1098679-1102887|- -           1251 170488               -            793         0 1024.7   9.1   2   4  2.7e-147  2.7e-147  481.1   0.0   237   660   360   813   348   823 0.91 <unknown description>
170488at5125_1101274_0:001fcd|CM010800.1:1098679-1102887|- -           1251 170488               -            793         0 1024.7   9.1   3   4   8.7e-45   8.7e-45  142.0   0.5   657   758   843   944   838   953 0.93 <unknown description>
170488at5125_1101274_0:001fcd|CM010800.1:1098679-1102887|- -           1251 170488               -            793         0 1024.7   9.1   4   4   1.2e-11   1.2e-11   32.4   2.2   749   790   971  1019   961  1021 0.77 <unknown description>
170488at5125_5507_5:0001c9|CM010800.1:1097338-1102914|-    -           1630 170488               -            793         0 1022.5   9.1   1   4  1.5e-113  1.5e-113  369.4   0.1     1   236    98   343    98   347 0.94 <unknown description>
170488at5125_5507_5:0001c9|CM010800.1:1097338-1102914|-    -           1630 170488               -            793         0 1022.5   9.1   2   4  4.5e-147  4.5e-147  480.3   0.0   237   660   369   822   357   832 0.91 <unknown description>
170488at5125_5507_5:0001c9|CM010800.1:1097338-1102914|-    -           1630 170488               -            793         0 1022.5   9.1   3   4   1.2e-44   1.2e-44  141.6   0.5   657   758   852   953   847   962 0.93 <unknown description>
170488at5125_5507_5:0001c9|CM010800.1:1097338-1102914|-    -           1630 170488               -            793         0 1022.5   9.1   4   4   1.7e-11   1.7e-11   32.0   2.2   749   790   980  1028   970  1030 0.77 <unknown description>
170488at5125_92637_0:00060b|CM010800.1:1100740-1102714|-   -            659 170488               -            793  6.2e-220  721.3   0.0   1   2  3.2e-114  3.2e-114  371.7   0.1     1   236    49   294    49   298 0.94 <unknown description>
170488at5125_92637_0:00060b|CM010800.1:1100740-1102714|-   -            659 170488               -            793  6.2e-220  721.3   0.0   2   2  5.8e-107  5.8e-107  347.7   0.0   237   546   320   659   307   659 0.88 <unknown description>
170488at5125_33203_0:002023|CM010800.1:1101556-1102887|-   -            427 170488               -            793  5.6e-141  460.2   0.8   1   2  1.1e-114  1.1e-114  373.2   0.1     1   236    89   334    89   339 0.94 <unknown description>
170488at5125_33203_0:002023|CM010800.1:1101556-1102887|-   -            427 170488               -            793  5.6e-141  460.2   0.8   2   2   9.2e-28   9.2e-28   85.7   0.1   237   304   360   427   347   427 0.95 <unknown description>
170488at5125_33203_0:002195|CM010800.1:1099765-1101178|-   -            472 170488               -            793  1.9e-140  458.4  10.9   1   3   3.2e-85   3.2e-85  275.8   0.0   407   660     1   261     1   271 0.94 <unknown description>
170488at5125_33203_0:002195|CM010800.1:1099765-1101178|-   -            472 170488               -            793  1.9e-140  458.4  10.9   2   3     2e-45     2e-45  144.2   0.5   657   758   291   392   285   401 0.93 <unknown description>
170488at5125_33203_0:002195|CM010800.1:1099765-1101178|-   -            472 170488               -            793  1.9e-140  458.4  10.9   3   3   1.2e-14   1.2e-14   42.4   3.1   749   793   419   471   408   471 0.79 <unknown description>
170488at5125_1081108_0:001c99|CM010800.1:1101940-1102887|- -            299 170488               -            793  9.7e-102  330.4   0.3   1   1  1.1e-101  1.1e-101  330.2   0.3     1   201    89   298    89   299 0.95 <unknown description>
170488at5125_254901_0:001ab8|CM010800.1:1099765-1100677|-  -            305 170488               -            793     1e-88  287.3  12.5   1   3   2.4e-33   2.4e-33  104.2   0.0   567   660     1    94     1   105 0.95 <unknown description>
170488at5125_254901_0:001ab8|CM010800.1:1099765-1100677|-  -            305 170488               -            793     1e-88  287.3  12.5   2   3   8.8e-46   8.8e-46  145.3   0.5   657   758   124   225   118   234 0.93 <unknown description>
170488at5125_254901_0:001ab8|CM010800.1:1099765-1100677|-  -            305 170488               -            793     1e-88  287.3  12.5   3   3   6.2e-15   6.2e-15   43.3   3.1   749   793   252   304   241   304 0.79 <unknown description>
#
# Program:         hmmsearch
# Version:         3.4 (Aug 2023)
# Pipeline mode:   SEARCH
# Query file:      /home/arafat/busco_downloads/lineages/hypocreales_odb12.2/hmms/170488at5125.hmm
# Target file:     /home/arafat/Foxy_SIX_Evolution/results/busco/GCA_003615085.1/run_hypocreales_odb12.2/miniprot_output/translated_proteins/170488at5125.faa
# Option settings: hmmsearch --domtblout /home/arafat/Foxy_SIX_Evolution/results/busco/GCA_003615085.1/run_hypocreales_odb12.2/hmmer_output/170488at5125.out --cpu 1 /home/arafat/busco_downloads/lineages/hypocreales_odb12.2/hmms/170488at5125.hmm /home/arafat/Foxy_SIX_Evolution/results/busco/GCA_003615085.1/run_hypocreales_odb12.2/miniprot_output/translated_proteins/170488at5125.faa 
# Current dir:     /home/arafat/Foxy_SIX_Evolution
# Date:            Thu Sep 24 13:58:12 2026
# [ok]
