#                                                                                                                  --- full sequence --- -------------- this domain -------------   hmm coord   ali coord   env coord
# target name                                              accession   tlen query name           accession   qlen   E-value  score  bias   #  of  c-Evalue  i-Evalue  score  bias  from    to  from    to  from    to  acc description of target
#                                      ------------------- ---------- ----- -------------------- ---------- ----- --------- ------ ----- --- --- --------- --------- ------ ----- ----- ----- ----- ----- ----- ----- ---- ---------------------
170716at5125_42672_0:001797|CM010802.1:3119184-3122532|-   -            968 170716               -            723         0 1392.1   5.7   1   5   4.8e-08   4.8e-08   20.6   0.0     1    50    17    74    17    85 0.78 <unknown description>
170716at5125_42672_0:001797|CM010802.1:3119184-3122532|-   -            968 170716               -            723         0 1392.1   5.7   2   5     4e-22     4e-22   67.1   0.0    35    80    83   128    71   137 0.90 <unknown description>
170716at5125_42672_0:001797|CM010802.1:3119184-3122532|-   -            968 170716               -            723         0 1392.1   5.7   3   5   3.4e-08   3.4e-08   21.1   0.2    74   125   143   195   133   211 0.67 <unknown description>
170716at5125_42672_0:001797|CM010802.1:3119184-3122532|-   -            968 170716               -            723         0 1392.1   5.7   4   5         0         0 1217.3   0.0   107   677   218   791   202   810 0.94 <unknown description>
170716at5125_42672_0:001797|CM010802.1:3119184-3122532|-   -            968 170716               -            723         0 1392.1   5.7   5   5   1.6e-21   1.6e-21   65.2   0.2   678   722   864   908   831   909 0.76 <unknown description>
170716at5125_98403_0:0001fa|CM010802.1:3119585-3127557|-   -           1074 170716               -            723         0 1366.5   9.2   1   4   6.3e-08   6.3e-08   20.2   0.0     1    48   165   220   165   232 0.78 <unknown description>
170716at5125_98403_0:0001fa|CM010802.1:3119585-3127557|-   -           1074 170716               -            723         0 1366.5   9.2   2   4   3.5e-26   3.5e-26   80.5   1.1    35   124   231   342   222   356 0.72 <unknown description>
170716at5125_98403_0:0001fa|CM010802.1:3119585-3127557|-   -           1074 170716               -            723         0 1366.5   9.2   3   4         0         0 1194.2   0.1   107   677   366   956   344   976 0.93 <unknown description>
170716at5125_98403_0:0001fa|CM010802.1:3119585-3127557|-   -           1074 170716               -            723         0 1366.5   9.2   4   4   1.8e-21   1.8e-21   65.0   0.2   678   722  1029  1073   996  1074 0.76 <unknown description>
170716at5125_2773459_0:0007de|CM010802.1:3119624-3122234|- -            820 170716               -            723         0 1343.3   4.7   1   4   4.3e-22   4.3e-22   67.0   0.0    36    80     8    52     4    61 0.92 <unknown description>
170716at5125_2773459_0:0007de|CM010802.1:3119624-3122234|- -            820 170716               -            723         0 1343.3   4.7   2   4   2.6e-08   2.6e-08   21.5   0.2    74   125    67   119    55   136 0.68 <unknown description>
170716at5125_2773459_0:0007de|CM010802.1:3119624-3122234|- -            820 170716               -            723         0 1343.3   4.7   3   4         0         0 1218.1   0.0   107   678   142   716   125   736 0.94 <unknown description>
170716at5125_2773459_0:0007de|CM010802.1:3119624-3122234|- -            820 170716               -            723         0 1343.3   4.7   4   4   9.9e-13   9.9e-13   36.1   0.2   678   710   788   820   755   820 0.72 <unknown description>
170716at5125_1081107_0:0004ec|CM010802.1:3113028-3122532|- -            846 170716               -            723         0 1334.2   0.1   1   2   5.6e-34   5.6e-34  106.3   0.1     1   125    17   179    17   200 0.72 <unknown description>
170716at5125_1081107_0:0004ec|CM010802.1:3113028-3122532|- -            846 170716               -            723         0 1334.2   0.1   2   2         0         0 1217.9   0.0   107   678   202   776   187   795 0.94 <unknown description>
170716at5125_2004951_0:0027dc|CM010802.1:3120185-3122532|- -            709 170716               -            723         0 1203.5   1.2   1   3   1.1e-25   1.1e-25   78.9   0.1     1    80    17   128    17   137 0.83 <unknown description>
170716at5125_2004951_0:0027dc|CM010802.1:3120185-3122532|- -            709 170716               -            723         0 1203.5   1.2   2   3   2.1e-08   2.1e-08   21.8   0.2    74   124   143   194   127   208 0.68 <unknown description>
170716at5125_2004951_0:0027dc|CM010802.1:3120185-3122532|- -            709 170716               -            723         0 1203.5   1.2   3   3         0         0 1089.9   0.0   107   599   218   709   201   709 0.97 <unknown description>
170716at5125_398673_0:000a0e|CM010802.1:3119588-3121474|-  -            613 170716               -            723         0 1153.9   0.6   1   2         0         0 1087.2   0.0   186   678     1   497     1   517 0.96 <unknown description>
170716at5125_398673_0:000a0e|CM010802.1:3119588-3121474|-  -            613 170716               -            723         0 1153.9   0.6   2   2   1.5e-21   1.5e-21   65.2   0.2   678   722   569   613   536   613 0.75 <unknown description>
170716at5125_1245745_0:000f49|CM010802.1:3120559-3122270|- -            537 170716               -            723  3.5e-280  920.2   1.0   1   2   1.1e-26   1.1e-26   82.2   1.0    35   124    19   130     8   144 0.72 <unknown description>
170716at5125_1245745_0:000f49|CM010802.1:3120559-3122270|- -            537 170716               -            723  3.5e-280  920.2   1.0   2   2    4e-252    4e-252  827.5   0.0   107   491   154   537   134   537 0.96 <unknown description>
170716at5125_2604345_0:0003a3|CM010802.1:3120076-3121189|- -            355 170716               -            723  2.2e-239  785.4   0.0   1   1  2.6e-239  2.6e-239  785.1   0.0   281   623     1   343     1   349 0.99 <unknown description>
#
# Program:         hmmsearch
# Version:         3.4 (Aug 2023)
# Pipeline mode:   SEARCH
# Query file:      /home/arafat/busco_downloads/lineages/hypocreales_odb12.2/hmms/170716at5125.hmm
# Target file:     /home/arafat/Foxy_SIX_Evolution/results/busco/GCA_003615085.1/run_hypocreales_odb12.2/miniprot_output/translated_proteins/170716at5125.faa
# Option settings: hmmsearch --domtblout /home/arafat/Foxy_SIX_Evolution/results/busco/GCA_003615085.1/run_hypocreales_odb12.2/hmmer_output/170716at5125.out --cpu 1 /home/arafat/busco_downloads/lineages/hypocreales_odb12.2/hmms/170716at5125.hmm /home/arafat/Foxy_SIX_Evolution/results/busco/GCA_003615085.1/run_hypocreales_odb12.2/miniprot_output/translated_proteins/170716at5125.faa 
# Current dir:     /home/arafat/Foxy_SIX_Evolution
# Date:            Thu Sep 24 13:58:15 2026
# [ok]
