#                                                                                                                  --- full sequence --- -------------- this domain -------------   hmm coord   ali coord   env coord
# target name                                              accession   tlen query name           accession   qlen   E-value  score  bias   #  of  c-Evalue  i-Evalue  score  bias  from    to  from    to  from    to  acc description of target
#                                      ------------------- ---------- ----- -------------------- ---------- ----- --------- ------ ----- --- --- --------- --------- ------ ----- ----- ----- ----- ----- ----- ----- ---- ---------------------
171001at5125_48484_0:00180e|CM010800.1:2564662-2568229|+   -            817 171001               -            344  5.7e-176  573.7   3.9   1   1  7.3e-176  8.3e-176  573.2   3.9     2   341     8   365     7   368 0.93 <unknown description>
171001at5125_2502994_0:003398|CM010800.1:2564662-2566087|+ -            423 171001               -            344  3.7e-172  561.2   1.8   1   1    4e-172  4.6e-172  560.9   1.8     2   327     8   349     7   352 0.94 <unknown description>
171001at5125_73501_0:001d0b|CM010800.1:2564677-2567270|+   -            653 171001               -            344  2.6e-170  555.1   9.1   1   1  1.7e-169  1.9e-169  552.3   9.1     2   340     3   374     2   377 0.90 <unknown description>
171001at5125_93591_0:002991|CM010800.1:2565120-2565918|+   -            230 171001               -            344  3.6e-112  363.9   4.7   1   1  3.5e-112    4e-112  363.8   4.7   124   343     1   230     1   230 0.94 <unknown description>
171001at5125_117187_0:000556|CM010800.1:2564662-2565291|+  -            195 171001               -            344   8.9e-87  280.4   0.1   1   1   9.4e-87   1.1e-86  280.2   0.1     2   171     8   190     7   193 0.91 <unknown description>
171001at5125_490622_0:0023b0|CM010800.1:2565358-2565927|+  -            172 171001               -            344   3.4e-82  265.4   1.5   1   1   3.4e-82   3.8e-82  265.2   1.5   180   343     1   169     1   170 0.94 <unknown description>
171001at5125_93591_0:001dd6|CM010800.1:2564617-2564905|+   -             97 171001               -            344   4.1e-32  100.7   0.1   1   1   4.1e-32   4.7e-32  100.5   0.1     2    69    23    97    22    97 0.87 <unknown description>
#
# Program:         hmmsearch
# Version:         3.4 (Aug 2023)
# Pipeline mode:   SEARCH
# Query file:      /home/arafat/busco_downloads/lineages/hypocreales_odb12.2/hmms/171001at5125.hmm
# Target file:     /home/arafat/Foxy_SIX_Evolution/results/busco/GCA_003615085.1/run_hypocreales_odb12.2/miniprot_output/translated_proteins/171001at5125.faa
# Option settings: hmmsearch --domtblout /home/arafat/Foxy_SIX_Evolution/results/busco/GCA_003615085.1/run_hypocreales_odb12.2/hmmer_output/171001at5125.out --cpu 1 /home/arafat/busco_downloads/lineages/hypocreales_odb12.2/hmms/171001at5125.hmm /home/arafat/Foxy_SIX_Evolution/results/busco/GCA_003615085.1/run_hypocreales_odb12.2/miniprot_output/translated_proteins/171001at5125.faa 
# Current dir:     /home/arafat/Foxy_SIX_Evolution
# Date:            Thu Sep 24 13:58:20 2026
# [ok]
