#                                                                                                                --- full sequence --- -------------- this domain -------------   hmm coord   ali coord   env coord
# target name                                            accession   tlen query name           accession   qlen   E-value  score  bias   #  of  c-Evalue  i-Evalue  score  bias  from    to  from    to  from    to  acc description of target
#                                    ------------------- ---------- ----- -------------------- ---------- ----- --------- ------ ----- --- --- --------- --------- ------ ----- ----- ----- ----- ----- ----- ----- ---- ---------------------
171136at5125_96774_0:000316|CM010800.1:714414-716351|-   -            465 171136               -            424  2.3e-229  750.6   0.0   1   1  2.8e-229  2.8e-229  750.3   0.0     3   418     3   435     1   441 0.94 <unknown description>
171136at5125_1080343_0:001f60|CM010800.1:714835-716351|- -            474 171136               -            424  2.5e-229  750.5   0.0   1   1    3e-229    3e-229  750.2   0.0     3   418     3   435     1   441 0.94 <unknown description>
171136at5125_1649127_0:000a58|CM010800.1:709713-716351|- -            469 171136               -            424  3.5e-229  750.0   0.0   1   1  4.3e-229  4.3e-229  749.7   0.0     3   416     3   433     1   440 0.94 <unknown description>
171136at5125_1330021_0:0003a9|CM010800.1:707397-716327|- -            476 171136               -            424  7.6e-228  745.6   0.0   1   1  9.3e-228  9.3e-228  745.3   0.0     9   418     1   427     1   433 0.94 <unknown description>
171136at5125_1081104_0:001ef6|CM010800.1:715156-716327|- -            359 171136               -            424  5.2e-200  653.9   0.0   1   1  5.9e-200  5.9e-200  653.7   0.0     9   349     1   358     1   359 0.94 <unknown description>
171136at5125_83212_0:0007f1|CM010800.1:715519-716345|-   -            261 171136               -            424  4.2e-147  479.6   0.0   1   1  4.8e-147  4.8e-147  479.4   0.0     5   249     3   261     1   261 0.94 <unknown description>
171136at5125_12942_0:001f01|CM010800.1:715687-716327|-   -            199 171136               -            424    1e-125  409.1   0.2   1   1  1.1e-125  1.1e-125  409.0   0.2     9   203     1   198     1   199 0.98 <unknown description>
171136at5125_45235_0:001874|CM010800.1:714880-715666|-   -            246 171136               -            424  9.5e-102  330.2   0.0   1   1  1.2e-101  1.2e-101  329.9   0.0   209   418     8   222     2   228 0.94 <unknown description>
171136at5125_83212_0:001f2e|CM010800.1:714880-715381|-   -            168 171136               -            424   1.1e-64  208.0   0.0   1   1   1.3e-64   1.3e-64  207.8   0.0   277   418     3   144     1   150 0.95 <unknown description>
171136at5125_2004951_0:0016f0|CM010800.1:716053-716327|- -             77 171136               -            424   3.8e-52  166.7   1.3   1   1   4.2e-52   4.2e-52  166.6   1.3     9    84     1    77     1    77 0.98 <unknown description>
171136at5125_2004952_0:000f42|CM010800.1:714880-715219|- -            114 171136               -            424   1.1e-37  119.1   0.1   1   1   1.2e-37   1.2e-37  118.9   0.1   329   419     1    91     1    97 0.95 <unknown description>
#
# Program:         hmmsearch
# Version:         3.4 (Aug 2023)
# Pipeline mode:   SEARCH
# Query file:      /home/arafat/busco_downloads/lineages/hypocreales_odb12.2/hmms/171136at5125.hmm
# Target file:     /home/arafat/Foxy_SIX_Evolution/results/busco/GCA_003615085.1/run_hypocreales_odb12.2/miniprot_output/translated_proteins/171136at5125.faa
# Option settings: hmmsearch --domtblout /home/arafat/Foxy_SIX_Evolution/results/busco/GCA_003615085.1/run_hypocreales_odb12.2/hmmer_output/171136at5125.out --cpu 1 /home/arafat/busco_downloads/lineages/hypocreales_odb12.2/hmms/171136at5125.hmm /home/arafat/Foxy_SIX_Evolution/results/busco/GCA_003615085.1/run_hypocreales_odb12.2/miniprot_output/translated_proteins/171136at5125.faa 
# Current dir:     /home/arafat/Foxy_SIX_Evolution
# Date:            Thu Sep 24 13:58:22 2026
# [ok]
