#                                                                                                                  --- full sequence --- -------------- this domain -------------   hmm coord   ali coord   env coord
# target name                                              accession   tlen query name           accession   qlen   E-value  score  bias   #  of  c-Evalue  i-Evalue  score  bias  from    to  from    to  from    to  acc description of target
#                                      ------------------- ---------- ----- -------------------- ---------- ----- --------- ------ ----- --- --- --------- --------- ------ ----- ----- ----- ----- ----- ----- ----- ---- ---------------------
172224at5125_61374_0:0024a4|CM010804.1:1906061-1908603|+   -            704 172224               -            543         0 1056.3   6.7   1   1         0         0 1053.3   6.7     2   543    51   635    50   635 0.91 <unknown description>
172224at5125_1491479_0:0012bf|CM010804.1:1906487-1908411|+ -            518 172224               -            543  1.1e-274  901.4   6.8   1   1  1.2e-273  1.2e-273  897.9   6.8    74   543     1   513     1   513 0.90 <unknown description>
172224at5125_5127_0:0017fe|CM010804.1:1906200-1907602|+    -            410 172224               -            543  1.8e-223  732.4   3.8   1   1  1.2e-222  1.2e-222  729.7   3.8     2   381     5   409     4   409 0.92 <unknown description>
172224at5125_2692428_0:0031ee|CM010804.1:1907085-1908265|+ -            315 172224               -            543  6.1e-171  559.0   5.4   1   1  1.4e-169  1.4e-169  554.5   5.4   246   521     1   310     1   314 0.87 <unknown description>
172224at5125_1325737_0:000cac|CM010804.1:1907290-1908603|+ -            313 172224               -            543  1.2e-144  472.2   7.0   1   1  2.6e-143  2.6e-143  467.8   7.0   295   543     1   284     1   284 0.86 <unknown description>
172224at5125_117187_0:001db1|CM010804.1:1906164-1906946|+  -            242 172224               -            543  2.1e-113  369.1   2.5   1   1  2.4e-113  2.4e-113  368.9   2.5     2   214    17   237    16   242 0.92 <unknown description>
172224at5125_1042133_0:001f98|CM010804.1:1907085-1907602|+ -            154 172224               -            543   2.8e-84  273.0   1.1   1   1   3.7e-83   3.7e-83  269.2   1.1   246   381     1   153     1   153 0.88 <unknown description>
172224at5125_2604345_0:001358|CM010804.1:1906164-1906535|+ -            105 172224               -            543   2.3e-48  154.4   2.7   1   1   2.5e-48   2.5e-48  154.3   2.7     2    88    17   103    16   105 0.97 <unknown description>
172224at5125_2604345_0:00134f|CM010804.1:1907919-1908603|+ -            121 172224               -            543     3e-26   81.4   2.5   1   1   1.7e-25   1.7e-25   78.9   2.5   470   543     1    92     1    92 0.76 <unknown description>
172224at5125_2604345_0:00135a|CM010804.1:1907290-1907443|+ -             52 172224               -            543   9.3e-13   36.9   0.1   1   1   9.3e-13   9.3e-13   36.9   0.1   295   323     1    29     1    45 0.92 <unknown description>
#
# Program:         hmmsearch
# Version:         3.4 (Aug 2023)
# Pipeline mode:   SEARCH
# Query file:      /home/arafat/busco_downloads/lineages/hypocreales_odb12.2/hmms/172224at5125.hmm
# Target file:     /home/arafat/Foxy_SIX_Evolution/results/busco/GCA_003615085.1/run_hypocreales_odb12.2/miniprot_output/translated_proteins/172224at5125.faa
# Option settings: hmmsearch --domtblout /home/arafat/Foxy_SIX_Evolution/results/busco/GCA_003615085.1/run_hypocreales_odb12.2/hmmer_output/172224at5125.out --cpu 1 /home/arafat/busco_downloads/lineages/hypocreales_odb12.2/hmms/172224at5125.hmm /home/arafat/Foxy_SIX_Evolution/results/busco/GCA_003615085.1/run_hypocreales_odb12.2/miniprot_output/translated_proteins/172224at5125.faa 
# Current dir:     /home/arafat/Foxy_SIX_Evolution
# Date:            Thu Sep 24 13:58:35 2026
# [ok]
