#                                                                                                                  --- full sequence --- -------------- this domain -------------   hmm coord   ali coord   env coord
# target name                                              accession   tlen query name           accession   qlen   E-value  score  bias   #  of  c-Evalue  i-Evalue  score  bias  from    to  from    to  from    to  acc description of target
#                                      ------------------- ---------- ----- -------------------- ---------- ----- --------- ------ ----- --- --- --------- --------- ------ ----- ----- ----- ----- ----- ----- ----- ---- ---------------------
172379at5125_485398_0:000460|CM010800.1:4675208-4675905|+  -            212 172379               -            205  8.5e-134  432.4  13.6   1   1  9.6e-134  9.6e-134  432.2  13.6     1   205     6   211     6   211 0.99 <unknown description>
172379at5125_221167_0:0022ac|CM010800.1:4674698-4675905|+  -            229 172379               -            205  1.1e-133  432.0  13.6   1   1  1.3e-133  1.3e-133  431.8  13.6     1   205    23   228    23   228 0.99 <unknown description>
172379at5125_1491466_0:0013b5|CM010800.1:4673664-4675905|+ -            349 172379               -            205  3.3e-133  430.5  13.6   1   1    5e-133    5e-133  429.9  13.6     1   205   143   348   143   348 0.99 <unknown description>
172379at5125_660027_0:000025|CM010800.1:4671990-4675905|+  -           1037 172379               -            205    5e-132  426.6  13.6   1   2      0.99      0.99   -2.2   0.5   123   149    87   113    83   122 0.75 <unknown description>
172379at5125_660027_0:000025|CM010800.1:4671990-4675905|+  -           1037 172379               -            205    5e-132  426.6  13.6   2   2    5e-132    5e-132  426.6  13.6     1   205   831  1036   831  1036 0.99 <unknown description>
172379at5125_2030778_0:001a4b|CM010800.1:4674952-4675905|+ -            223 172379               -            205  1.9e-101  326.7   2.4   1   1  2.3e-101  2.3e-101  326.4   2.4    51   205    67   222    50   222 0.95 <unknown description>
172379at5125_2559223_0:000330|CM010800.1:4675223-4675446|+ -             54 172379               -            205   8.4e-31   96.0   6.2   1   1   9.1e-31   9.1e-31   95.9   6.2     1    54     1    54     1    54 0.99 <unknown description>
#
# Program:         hmmsearch
# Version:         3.4 (Aug 2023)
# Pipeline mode:   SEARCH
# Query file:      /home/arafat/busco_downloads/lineages/hypocreales_odb12.2/hmms/172379at5125.hmm
# Target file:     /home/arafat/Foxy_SIX_Evolution/results/busco/GCA_003615085.1/run_hypocreales_odb12.2/miniprot_output/translated_proteins/172379at5125.faa
# Option settings: hmmsearch --domtblout /home/arafat/Foxy_SIX_Evolution/results/busco/GCA_003615085.1/run_hypocreales_odb12.2/hmmer_output/172379at5125.out --cpu 1 /home/arafat/busco_downloads/lineages/hypocreales_odb12.2/hmms/172379at5125.hmm /home/arafat/Foxy_SIX_Evolution/results/busco/GCA_003615085.1/run_hypocreales_odb12.2/miniprot_output/translated_proteins/172379at5125.faa 
# Current dir:     /home/arafat/Foxy_SIX_Evolution
# Date:            Thu Sep 24 13:58:36 2026
# [ok]
