#                                                                                                                --- full sequence --- -------------- this domain -------------   hmm coord   ali coord   env coord
# target name                                            accession   tlen query name           accession   qlen   E-value  score  bias   #  of  c-Evalue  i-Evalue  score  bias  from    to  from    to  from    to  acc description of target
#                                    ------------------- ---------- ----- -------------------- ---------- ----- --------- ------ ----- --- --- --------- --------- ------ ----- ----- ----- ----- ----- ----- ----- ---- ---------------------
172332at5125_1080343_0:001103|CM010805.1:986072-988184|- -            705 172332               -            575  2.2e-278  913.1  14.5   1   2    2e-273    2e-273  896.8  12.7     1   534     1   594     1   617 0.86 <unknown description>
172332at5125_1080343_0:001103|CM010805.1:986072-988184|- -            705 172332               -            575  2.2e-278  913.1  14.5   2   2    0.0023    0.0023    5.1   0.0   531   572   615   661   609   664 0.80 <unknown description>
172332at5125_2039874_0:00157a|CM010805.1:986162-989527|- -            790 172332               -            575  3.6e-278  912.4  14.3   1   3   2.2e-13   2.2e-13   38.2   2.9     1    54   116   181   116   193 0.71 <unknown description>
172332at5125_2039874_0:00157a|CM010805.1:986162-989527|- -            790 172332               -            575  3.6e-278  912.4  14.3   2   3  7.2e-267  7.2e-267  875.1   2.1    43   534   198   709   192   732 0.92 <unknown description>
172332at5125_2039874_0:00157a|CM010805.1:986162-989527|- -            790 172332               -            575  3.6e-278  912.4  14.3   3   3    0.0026    0.0026    4.9   0.0   531   572   730   776   724   779 0.80 <unknown description>
172332at5125_1247861_0:001486|CM010805.1:986081-992798|- -           1323 172332               -            575  2.7e-277  909.6  13.8   1   3     3e-13     3e-13   37.7   2.5     1    54   622   687   622   700 0.71 <unknown description>
172332at5125_1247861_0:001486|CM010805.1:986081-992798|- -           1323 172332               -            575  2.7e-277  909.6  13.8   2   3  2.8e-266  2.8e-266  873.1   2.3    43   534   704  1215   697  1239 0.92 <unknown description>
172332at5125_1247861_0:001486|CM010805.1:986081-992798|- -           1323 172332               -            575  2.7e-277  909.6  13.8   3   3    0.0047    0.0047    4.1   0.0   531   572  1236  1282  1230  1285 0.80 <unknown description>
172332at5125_40199_0:000614|CM010805.1:986099-987722|-   -            542 172332               -            575  2.6e-246  807.2   1.2   1   2  2.7e-244  2.7e-244  800.6   0.3   108   533     1   439     1   458 0.95 <unknown description>
172332at5125_40199_0:000614|CM010805.1:986099-987722|-   -            542 172332               -            575  2.6e-246  807.2   1.2   2   2    0.0016    0.0016    5.6   0.0   531   572   461   507   455   510 0.80 <unknown description>
172332at5125_123648_0:001c2a|CM010805.1:986072-987305|-  -            412 172332               -            575  1.8e-170  556.8   1.8   1   1  1.6e-168  1.6e-168  550.4   1.8   240   538     2   305     1   371 0.90 <unknown description>
#
# Program:         hmmsearch
# Version:         3.4 (Aug 2023)
# Pipeline mode:   SEARCH
# Query file:      /home/arafat/busco_downloads/lineages/hypocreales_odb12.2/hmms/172332at5125.hmm
# Target file:     /home/arafat/Foxy_SIX_Evolution/results/busco/GCA_003615085.1/run_hypocreales_odb12.2/miniprot_output/translated_proteins/172332at5125.faa
# Option settings: hmmsearch --domtblout /home/arafat/Foxy_SIX_Evolution/results/busco/GCA_003615085.1/run_hypocreales_odb12.2/hmmer_output/172332at5125.out --cpu 1 /home/arafat/busco_downloads/lineages/hypocreales_odb12.2/hmms/172332at5125.hmm /home/arafat/Foxy_SIX_Evolution/results/busco/GCA_003615085.1/run_hypocreales_odb12.2/miniprot_output/translated_proteins/172332at5125.faa 
# Current dir:     /home/arafat/Foxy_SIX_Evolution
# Date:            Thu Sep 24 13:58:36 2026
# [ok]
