#                                                                                                                  --- full sequence --- -------------- this domain -------------   hmm coord   ali coord   env coord
# target name                                              accession   tlen query name           accession   qlen   E-value  score  bias   #  of  c-Evalue  i-Evalue  score  bias  from    to  from    to  from    to  acc description of target
#                                      ------------------- ---------- ----- -------------------- ---------- ----- --------- ------ ----- --- --- --------- --------- ------ ----- ----- ----- ----- ----- ----- ----- ---- ---------------------
173231at5125_2231603_0:001534|CM010804.1:2940027-2942253|- -            472 173231               -            227  7.5e-122  393.4   5.9   1   2  8.9e-101  8.9e-101  324.4   0.7     2   187     1   193     1   199 0.93 <unknown description>
173231at5125_2231603_0:001534|CM010804.1:2940027-2942253|- -            472 173231               -            227  7.5e-122  393.4   5.9   2   2   1.6e-23   1.6e-23   71.7   0.5   178   227   207   257   201   257 0.94 <unknown description>
173231at5125_660027_0:00253c|CM010804.1:2938352-2942256|-  -           1055 173231               -            227  3.2e-110  355.3   2.2   1   2  8.1e-101  8.1e-101  324.6   0.7     1   187     1   194     1   200 0.93 <unknown description>
173231at5125_660027_0:00253c|CM010804.1:2938352-2942256|-  -           1055 173231               -            227  3.2e-110  355.3   2.2   2   2   9.2e-11   9.2e-11   30.0   0.0   178   208   208   238   203   245 0.86 <unknown description>
173231at5125_96317_0:00404f|CM010804.1:2941285-2942256|-   -            305 173231               -            227  5.2e-110  354.7   8.1   1   3   1.6e-68   1.6e-68  219.0   1.0     1   135     1   142     1   164 0.88 <unknown description>
173231at5125_96317_0:00404f|CM010804.1:2941285-2942256|-   -            305 173231               -            227  5.2e-110  354.7   8.1   2   3   7.2e-22   7.2e-22   66.3   0.0   138   187   178   227   173   233 0.92 <unknown description>
173231at5125_96317_0:00404f|CM010804.1:2941285-2942256|-   -            305 173231               -            227  5.2e-110  354.7   8.1   3   3   8.6e-24   8.6e-24   72.6   0.5   178   227   241   291   235   291 0.95 <unknown description>
173231at5125_123648_0:00218d|CM010804.1:2941786-2942256|-  -            138 173231               -            227   1.4e-68  219.1   0.6   1   1   1.7e-68   1.7e-68  218.8   0.6     1   131     1   138     1   138 0.92 <unknown description>
173231at5125_2714763_0:001ba2|CM010804.1:2941285-2941474|- -             64 173231               -            227   8.3e-25   75.9   0.3   1   1     9e-25     9e-25   75.8   0.3   181   227     3    50     1    50 0.96 <unknown description>
#
# Program:         hmmsearch
# Version:         3.4 (Aug 2023)
# Pipeline mode:   SEARCH
# Query file:      /home/arafat/busco_downloads/lineages/hypocreales_odb12.2/hmms/173231at5125.hmm
# Target file:     /home/arafat/Foxy_SIX_Evolution/results/busco/GCA_003615085.1/run_hypocreales_odb12.2/miniprot_output/translated_proteins/173231at5125.faa
# Option settings: hmmsearch --domtblout /home/arafat/Foxy_SIX_Evolution/results/busco/GCA_003615085.1/run_hypocreales_odb12.2/hmmer_output/173231at5125.out --cpu 1 /home/arafat/busco_downloads/lineages/hypocreales_odb12.2/hmms/173231at5125.hmm /home/arafat/Foxy_SIX_Evolution/results/busco/GCA_003615085.1/run_hypocreales_odb12.2/miniprot_output/translated_proteins/173231at5125.faa 
# Current dir:     /home/arafat/Foxy_SIX_Evolution
# Date:            Thu Sep 24 13:58:08 2026
# [ok]
