#                                                                                                                --- full sequence --- -------------- this domain -------------   hmm coord   ali coord   env coord
# target name                                            accession   tlen query name           accession   qlen   E-value  score  bias   #  of  c-Evalue  i-Evalue  score  bias  from    to  from    to  from    to  acc description of target
#                                    ------------------- ---------- ----- -------------------- ---------- ----- --------- ------ ----- --- --- --------- --------- ------ ----- ----- ----- ----- ----- ----- ----- ---- ---------------------
173436at5125_327505_0:001282|CM010801.1:806361-810131|+  -           1225 173436               -            988         0 1650.1  56.4   1   3   3.6e-13   3.6e-13   37.5  16.3     2    86     3   107     2   118 0.71 <unknown description>
173436at5125_327505_0:001282|CM010801.1:806361-810131|+  -           1225 173436               -            988         0 1650.1  56.4   2   3   4.2e-23   4.2e-23   70.3  30.5    59   240   118   350   109   361 0.71 <unknown description>
173436at5125_327505_0:001282|CM010801.1:806361-810131|+  -           1225 173436               -            988         0 1650.1  56.4   3   3         0         0 1545.3   0.2   167   988   360  1190   351  1190 0.91 <unknown description>
173436at5125_1163406_0:001ec9|CM010801.1:806361-812436|+ -           1590 173436               -            988         0 1647.9  56.3   1   3   1.5e-13   1.5e-13   38.7  14.4     2    86     3   107     2   114 0.71 <unknown description>
173436at5125_1163406_0:001ec9|CM010801.1:806361-812436|+ -           1590 173436               -            988         0 1647.9  56.3   2   3     1e-22     1e-22   69.0  31.2    59   239   118   349   106   358 0.71 <unknown description>
173436at5125_1163406_0:001ec9|CM010801.1:806361-812436|+ -           1590 173436               -            988         0 1647.9  56.3   3   3         0         0 1544.3   0.3   166   988   359  1190   350  1190 0.91 <unknown description>
173436at5125_426428_0:001742|CM010801.1:807352-810131|+  -            911 173436               -            988         0 1548.2   0.0   1   1         0         0 1547.7   0.0   164   988    43   876    14   876 0.91 <unknown description>
173436at5125_2686198_0:001265|CM010801.1:807865-809857|+ -            665 173436               -            988         0 1430.4   0.6   1   1         0         0 1430.2   0.6   285   948     1   665     1   665 1.00 <unknown description>
173436at5125_1247861_0:001dc3|CM010801.1:807979-812379|+ -           1032 173436               -            988         0 1425.5   1.1   1   1         0         0 1424.8   1.1   323   988     1   667     1   667 1.00 <unknown description>
173436at5125_33203_0:00206b|CM010801.1:808327-809980|+   -            552 173436               -            988         0 1203.8   2.1   1   1         0         0 1203.6   2.1   439   988     1   551     1   551 1.00 <unknown description>
173436at5125_57161_0:002f33|CM010801.1:806361-806710|+   -            101 173436               -            988   1.4e-18   55.3   8.6   1   1   1.1e-16   1.1e-16   49.1   8.6     2    77     3    98     2   100 0.70 <unknown description>
#
# Program:         hmmsearch
# Version:         3.4 (Aug 2023)
# Pipeline mode:   SEARCH
# Query file:      /home/arafat/busco_downloads/lineages/hypocreales_odb12.2/hmms/173436at5125.hmm
# Target file:     /home/arafat/Foxy_SIX_Evolution/results/busco/GCA_003615085.1/run_hypocreales_odb12.2/miniprot_output/translated_proteins/173436at5125.faa
# Option settings: hmmsearch --domtblout /home/arafat/Foxy_SIX_Evolution/results/busco/GCA_003615085.1/run_hypocreales_odb12.2/hmmer_output/173436at5125.out --cpu 1 /home/arafat/busco_downloads/lineages/hypocreales_odb12.2/hmms/173436at5125.hmm /home/arafat/Foxy_SIX_Evolution/results/busco/GCA_003615085.1/run_hypocreales_odb12.2/miniprot_output/translated_proteins/173436at5125.faa 
# Current dir:     /home/arafat/Foxy_SIX_Evolution
# Date:            Thu Sep 24 13:58:11 2026
# [ok]
