#                                                                                                                  --- full sequence --- -------------- this domain -------------   hmm coord   ali coord   env coord
# target name                                              accession   tlen query name           accession   qlen   E-value  score  bias   #  of  c-Evalue  i-Evalue  score  bias  from    to  from    to  from    to  acc description of target
#                                      ------------------- ---------- ----- -------------------- ---------- ----- --------- ------ ----- --- --- --------- --------- ------ ----- ----- ----- ----- ----- ----- ----- ---- ---------------------
173562at5125_1089449_0:002d1c|CM010803.1:4063277-4066189|- -            955 173562               -            731         0 1291.2   6.2   1   4   2.5e-66   2.5e-66  212.9   0.0     1   137    68   222    68   232 0.84 <unknown description>
173562at5125_1089449_0:002d1c|CM010803.1:4063277-4066189|- -            955 173562               -            731         0 1291.2   6.2   2   4  1.6e-277  1.6e-277  911.0   0.0   129   590   247   720   231   741 0.92 <unknown description>
173562at5125_1089449_0:002d1c|CM010803.1:4063277-4066189|- -            955 173562               -            731         0 1291.2   6.2   3   4   1.4e-24   1.4e-24   74.8   0.1   587   678   755   846   749   861 0.88 <unknown description>
173562at5125_1089449_0:002d1c|CM010803.1:4063277-4066189|- -            955 173562               -            731         0 1291.2   6.2   4   4   3.7e-30   3.7e-30   93.3   0.1   671   731   894   954   875   954 0.86 <unknown description>
173562at5125_5507_1:002a72|CM010803.1:4063277-4069469|-    -           1638 173562               -            731         0 1286.8   6.0   1   4   5.3e-66   5.3e-66  211.8   0.0     1   137   751   905   751   914 0.84 <unknown description>
173562at5125_5507_1:002a72|CM010803.1:4063277-4069469|-    -           1638 173562               -            731         0 1286.8   6.0   2   4  5.3e-277  5.3e-277  909.3   0.0   129   590   930  1403   913  1424 0.92 <unknown description>
173562at5125_5507_1:002a72|CM010803.1:4063277-4069469|-    -           1638 173562               -            731         0 1286.8   6.0   3   4   2.8e-24   2.8e-24   73.8   0.1   587   678  1438  1529  1432  1544 0.88 <unknown description>
173562at5125_5507_1:002a72|CM010803.1:4063277-4069469|-    -           1638 173562               -            731         0 1286.8   6.0   4   4   6.9e-30   6.9e-30   92.4   0.1   671   731  1577  1637  1558  1637 0.86 <unknown description>
173562at5125_911162_0:0010ef|CM010803.1:4063919-4066186|-  -            740 173562               -            731         0 1127.0   0.3   1   2   1.6e-66   1.6e-66  213.5   0.0     1   137    67   221    67   236 0.84 <unknown description>
173562at5125_911162_0:0010ef|CM010803.1:4063919-4066186|-  -            740 173562               -            731         0 1127.0   0.3   2   2  8.6e-278  8.6e-278  911.9   0.0   129   590   246   719   229   738 0.92 <unknown description>
173562at5125_490622_0:002891|CM010803.1:4063277-4065494|-  -            740 173562               -            731         0 1082.6   2.3   1   3  7.4e-278  7.4e-278  912.1   0.0   128   591    31   506    12   527 0.92 <unknown description>
173562at5125_490622_0:002891|CM010803.1:4063277-4065494|-  -            740 173562               -            731         0 1082.6   2.3   2   3     1e-24     1e-24   75.3   0.1   587   678   540   631   534   646 0.88 <unknown description>
173562at5125_490622_0:002891|CM010803.1:4063277-4065494|-  -            740 173562               -            731         0 1082.6   2.3   3   3   2.7e-30   2.7e-30   93.7   0.1   671   731   679   739   660   739 0.86 <unknown description>
173562at5125_1325733_0:000c41|CM010803.1:4064486-4066186|- -            551 173562               -            731  1.1e-241  792.6   0.0   1   2     1e-66     1e-66  214.1   0.1     1   137    67   221    67   229 0.84 <unknown description>
173562at5125_1325733_0:000c41|CM010803.1:4064486-4066186|- -            551 173562               -            731  1.1e-241  792.6   0.0   2   2  2.6e-176  2.6e-176  576.5   0.0   130   425   247   551   235   551 0.92 <unknown description>
#
# Program:         hmmsearch
# Version:         3.4 (Aug 2023)
# Pipeline mode:   SEARCH
# Query file:      /home/arafat/busco_downloads/lineages/hypocreales_odb12.2/hmms/173562at5125.hmm
# Target file:     /home/arafat/Foxy_SIX_Evolution/results/busco/GCA_003615085.1/run_hypocreales_odb12.2/miniprot_output/translated_proteins/173562at5125.faa
# Option settings: hmmsearch --domtblout /home/arafat/Foxy_SIX_Evolution/results/busco/GCA_003615085.1/run_hypocreales_odb12.2/hmmer_output/173562at5125.out --cpu 1 /home/arafat/busco_downloads/lineages/hypocreales_odb12.2/hmms/173562at5125.hmm /home/arafat/Foxy_SIX_Evolution/results/busco/GCA_003615085.1/run_hypocreales_odb12.2/miniprot_output/translated_proteins/173562at5125.faa 
# Current dir:     /home/arafat/Foxy_SIX_Evolution
# Date:            Thu Sep 24 13:58:12 2026
# [ok]
