#                                                                                                                  --- full sequence --- -------------- this domain -------------   hmm coord   ali coord   env coord
# target name                                              accession   tlen query name           accession   qlen   E-value  score  bias   #  of  c-Evalue  i-Evalue  score  bias  from    to  from    to  from    to  acc description of target
#                                      ------------------- ---------- ----- -------------------- ---------- ----- --------- ------ ----- --- --- --------- --------- ------ ----- ----- ----- ----- ----- ----- ----- ---- ---------------------
173749at5125_1237068_0:0008a2|CM010801.1:2244451-2248463|- -           1139 173749               -            639         0 1112.6  12.2   1   4     0.021     0.021    1.4   0.3   481   516   147   182   138   191 0.85 <unknown description>
173749at5125_1237068_0:0008a2|CM010801.1:2244451-2248463|- -           1139 173749               -            639         0 1112.6  12.2   2   4   2.1e-10   2.1e-10   27.8   0.1     1    35   331   365   331   378 0.86 <unknown description>
173749at5125_1237068_0:0008a2|CM010801.1:2244451-2248463|- -           1139 173749               -            639         0 1112.6  12.2   3   4   7.8e-49   7.8e-49  154.8   5.0    20   159   395   563   378   583 0.77 <unknown description>
173749at5125_1237068_0:0008a2|CM010801.1:2244451-2248463|- -           1139 173749               -            639         0 1112.6  12.2   4   4  1.1e-283  1.1e-283  930.7   0.0   138   629   571  1103   560  1109 0.92 <unknown description>
173749at5125_1080343_0:001756|CM010801.1:2244451-2246854|- -            802 173749               -            639         0 1090.9   3.0   1   2   7.4e-49   7.4e-49  154.9   5.5    21   159    59   226    52   246 0.76 <unknown description>
173749at5125_1080343_0:001756|CM010801.1:2244451-2246854|- -            802 173749               -            639         0 1090.9   3.0   2   2  4.1e-284  4.1e-284  932.0   0.0   138   629   234   766   223   772 0.92 <unknown description>
173749at5125_101201_0:000b9b|CM010801.1:2244451-2246224|-  -            592 173749               -            639  6.9e-285  934.6   0.0   1   1  1.5e-284  1.5e-284  933.5   0.0   138   629    24   556    14   562 0.92 <unknown description>
173749at5125_2559227_0:000699|CM010801.1:2244451-2245651|- -            401 173749               -            639  4.4e-180  588.4   0.0   1   1  1.1e-179  1.1e-179  587.1   0.0   303   629     1   365     1   371 0.90 <unknown description>
173749at5125_2559227_0:0014e8|CM010801.1:2245696-2246879|- -            370 173749               -            639  3.4e-145  473.1  12.1   1   2   3.4e-55   3.4e-55  175.8  10.0     1   157     2   207     2   228 0.73 <unknown description>
173749at5125_2559227_0:0014e8|CM010801.1:2245696-2246879|- -            370 173749               -            639  3.4e-145  473.1  12.1   2   2   7.2e-91   7.2e-91  293.6   0.0   138   288   217   370   210   370 0.95 <unknown description>
#
# Program:         hmmsearch
# Version:         3.4 (Aug 2023)
# Pipeline mode:   SEARCH
# Query file:      /home/arafat/busco_downloads/lineages/hypocreales_odb12.2/hmms/173749at5125.hmm
# Target file:     /home/arafat/Foxy_SIX_Evolution/results/busco/GCA_003615085.1/run_hypocreales_odb12.2/miniprot_output/translated_proteins/173749at5125.faa
# Option settings: hmmsearch --domtblout /home/arafat/Foxy_SIX_Evolution/results/busco/GCA_003615085.1/run_hypocreales_odb12.2/hmmer_output/173749at5125.out --cpu 1 /home/arafat/busco_downloads/lineages/hypocreales_odb12.2/hmms/173749at5125.hmm /home/arafat/Foxy_SIX_Evolution/results/busco/GCA_003615085.1/run_hypocreales_odb12.2/miniprot_output/translated_proteins/173749at5125.faa 
# Current dir:     /home/arafat/Foxy_SIX_Evolution
# Date:            Thu Sep 24 13:58:15 2026
# [ok]
