#                                                                                                                  --- full sequence --- -------------- this domain -------------   hmm coord   ali coord   env coord
# target name                                              accession   tlen query name           accession   qlen   E-value  score  bias   #  of  c-Evalue  i-Evalue  score  bias  from    to  from    to  from    to  acc description of target
#                                      ------------------- ---------- ----- -------------------- ---------- ----- --------- ------ ----- --- --- --------- --------- ------ ----- ----- ----- ----- ----- ----- ----- ---- ---------------------
173819at5125_327505_0:00187f|CM010802.1:2992246-2994415|-  -            724 173819               -            670         0 1316.8  24.2   1   1         0         0 1306.8  24.2     1   669     1   708     1   709 0.95 <unknown description>
173819at5125_1967640_0:00068b|CM010802.1:2986685-2994415|- -            745 173819               -            670         0 1316.6  24.2   1   1         0         0 1306.7  24.2     1   669     1   708     1   709 0.95 <unknown description>
173819at5125_1736662_0:00206b|CM010802.1:2992246-2993632|- -            463 173819               -            670  9.2e-297  974.7   0.2   1   1  1.1e-296  1.1e-296  974.4   0.2   228   669     1   447     1   448 0.99 <unknown description>
173819at5125_2004951_0:00258a|CM010802.1:2993044-2994415|- -            458 173819               -            670  2.3e-239  785.0  21.7   1   2     7e-29     7e-29   89.4  14.3     1    87     1    97     1   106 0.84 <unknown description>
173819at5125_2004951_0:00258a|CM010802.1:2993044-2994415|- -            458 173819               -            670  2.3e-239  785.0  21.7   2   2  1.1e-213  1.1e-213  700.2   1.1    81   423   114   457    96   458 0.97 <unknown description>
173819at5125_2692428_0:0036fe|CM010802.1:2992915-2994070|- -            386 173819               -            670  1.9e-235  772.1   1.6   1   1  2.1e-235  2.1e-235  771.9   1.6    84   462     2   386     1   386 0.99 <unknown description>
173819at5125_93591_0:002558|CM010802.1:2992252-2993068|-   -            273 173819               -            670  8.2e-164  535.3   0.3   1   1  9.8e-164  9.8e-164  535.1   0.3   416   669     1   259     1   260 0.99 <unknown description>
173819at5125_2692428_0:002f3a|CM010802.1:2992246-2992750|- -            169 173819               -            670   1.3e-97  316.6   0.1   1   1   1.5e-97   1.5e-97  316.4   0.1   517   669     1   153     1   154 0.99 <unknown description>
173819at5125_2714763_0:000794|CM010802.1:2992249-2992651|- -            135 173819               -            670     3e-75  242.7   0.1   1   1   3.5e-75   3.5e-75  242.5   0.1   551   669     2   120     1   121 0.98 <unknown description>
#
# Program:         hmmsearch
# Version:         3.4 (Aug 2023)
# Pipeline mode:   SEARCH
# Query file:      /home/arafat/busco_downloads/lineages/hypocreales_odb12.2/hmms/173819at5125.hmm
# Target file:     /home/arafat/Foxy_SIX_Evolution/results/busco/GCA_003615085.1/run_hypocreales_odb12.2/miniprot_output/translated_proteins/173819at5125.faa
# Option settings: hmmsearch --domtblout /home/arafat/Foxy_SIX_Evolution/results/busco/GCA_003615085.1/run_hypocreales_odb12.2/hmmer_output/173819at5125.out --cpu 1 /home/arafat/busco_downloads/lineages/hypocreales_odb12.2/hmms/173819at5125.hmm /home/arafat/Foxy_SIX_Evolution/results/busco/GCA_003615085.1/run_hypocreales_odb12.2/miniprot_output/translated_proteins/173819at5125.faa 
# Current dir:     /home/arafat/Foxy_SIX_Evolution
# Date:            Thu Sep 24 13:58:16 2026
# [ok]
