#                                                                                                                  --- full sequence --- -------------- this domain -------------   hmm coord   ali coord   env coord
# target name                                              accession   tlen query name           accession   qlen   E-value  score  bias   #  of  c-Evalue  i-Evalue  score  bias  from    to  from    to  from    to  acc description of target
#                                      ------------------- ---------- ----- -------------------- ---------- ----- --------- ------ ----- --- --- --------- --------- ------ ----- ----- ----- ----- ----- ----- ----- ---- ---------------------
174106at5125_396571_0:000621|CM010800.1:1039958-1044660|-  -           1518 174106               -           1282         0 2059.0  53.7   1   3         0         0 1940.4  23.8    14  1071    26  1108    15  1124 0.90 <unknown description>
174106at5125_396571_0:000621|CM010800.1:1039958-1044660|-  -           1518 174106               -           1282         0 2059.0  53.7   2   3   9.6e-26   9.6e-26   78.9  17.4  1010  1233  1108  1329  1072  1335 0.60 <unknown description>
174106at5125_396571_0:000621|CM010800.1:1039958-1044660|-  -           1518 174106               -           1282         0 2059.0  53.7   3   3   1.8e-14   1.8e-14   41.5  14.1  1100  1280  1298  1515  1279  1517 0.52 <unknown description>
174106at5125_1859967_0:000059|CM010800.1:1034112-1044606|- -           2027 174106               -           1282         0 2030.5  44.6   1   3         0         0 1939.4  22.7    15  1056     9  1076     2  1102 0.90 <unknown description>
174106at5125_1859967_0:000059|CM010800.1:1034112-1044606|- -           2027 174106               -           1282         0 2030.5  44.6   2   3   1.5e-26   1.5e-26   81.5   3.1  1017  1143  1097  1222  1063  1240 0.69 <unknown description>
174106at5125_1859967_0:000059|CM010800.1:1034112-1044606|- -           2027 174106               -           1282         0 2030.5  44.6   3   3   1.9e-07   1.9e-07   18.3   5.6  1125  1195  1254  1321  1234  1409 0.56 <unknown description>
174106at5125_2030778_0:000be8|CM010800.1:1036500-1044555|- -           1741 174106               -           1282         0 2026.2  53.9   1   3         0         0 1936.5  22.3    27  1055     4  1058     1  1083 0.90 <unknown description>
174106at5125_2030778_0:000be8|CM010800.1:1036500-1044555|- -           1741 174106               -           1282         0 2026.2  53.9   2   3   1.2e-26   1.2e-26   81.9  16.1  1013  1242  1076  1300  1042  1320 0.61 <unknown description>
174106at5125_2030778_0:000be8|CM010800.1:1036500-1044555|- -           1741 174106               -           1282         0 2026.2  53.9   3   3   4.5e-07   4.5e-07   17.1   1.8  1141  1195  1323  1376  1317  1462 0.61 <unknown description>
174106at5125_1294630_0:001321|CM010800.1:1039985-1054111|- -           1400 174106               -           1282         0 2011.7  43.0   1   2         0         0 1900.7  25.9    37  1071    21  1071     1  1087 0.89 <unknown description>
174106at5125_1294630_0:001321|CM010800.1:1039985-1054111|- -           1400 174106               -           1282         0 2011.7  43.0   2   2   2.6e-34   2.6e-34  107.3  10.1  1025  1273  1085  1399  1073  1400 0.54 <unknown description>
174106at5125_1237068_0:0030c2|CM010800.1:1041632-1044660|- -            994 174106               -           1282         0 1916.8  18.0   1   1         0         0 1914.8  18.0    14   936    26   978    15   992 0.94 <unknown description>
174106at5125_93591_0:001da0|CM010800.1:1042335-1043777|-   -            481 174106               -           1282         0 1094.8   7.7   1   1         0         0 1094.5   7.7   253   723     1   468     1   472 0.99 <unknown description>
174106at5125_1111077_0:000a03|CM010800.1:1039985-1042964|- -            888 174106               -           1282  6.9e-285  937.4  40.7   1   2  1.2e-250  1.2e-250  823.9  23.4   524  1072     1   560     1   575 0.87 <unknown description>
174106at5125_1111077_0:000a03|CM010800.1:1039985-1042964|- -            888 174106               -           1282  6.9e-285  937.4  40.7   2   2   1.8e-34   1.8e-34  107.8  12.3  1014  1273   563   887   529   888 0.54 <unknown description>
#
# Program:         hmmsearch
# Version:         3.4 (Aug 2023)
# Pipeline mode:   SEARCH
# Query file:      /home/arafat/busco_downloads/lineages/hypocreales_odb12.2/hmms/174106at5125.hmm
# Target file:     /home/arafat/Foxy_SIX_Evolution/results/busco/GCA_003615085.1/run_hypocreales_odb12.2/miniprot_output/translated_proteins/174106at5125.faa
# Option settings: hmmsearch --domtblout /home/arafat/Foxy_SIX_Evolution/results/busco/GCA_003615085.1/run_hypocreales_odb12.2/hmmer_output/174106at5125.out --cpu 1 /home/arafat/busco_downloads/lineages/hypocreales_odb12.2/hmms/174106at5125.hmm /home/arafat/Foxy_SIX_Evolution/results/busco/GCA_003615085.1/run_hypocreales_odb12.2/miniprot_output/translated_proteins/174106at5125.faa 
# Current dir:     /home/arafat/Foxy_SIX_Evolution
# Date:            Thu Sep 24 13:58:23 2026
# [ok]
