#                                                                                                                  --- full sequence --- -------------- this domain -------------   hmm coord   ali coord   env coord
# target name                                              accession   tlen query name           accession   qlen   E-value  score  bias   #  of  c-Evalue  i-Evalue  score  bias  from    to  from    to  from    to  acc description of target
#                                      ------------------- ---------- ----- -------------------- ---------- ----- --------- ------ ----- --- --- --------- --------- ------ ----- ----- ----- ----- ----- ----- ----- ---- ---------------------
174457at5125_1195189_0:00049a|CM010801.1:1578228-1584997|- -           1735 174457               -           1064         0 1934.2  15.2   1   4         0         0 1762.6   0.0     6   908     9   930     5   947 0.96 <unknown description>
174457at5125_1195189_0:00049a|CM010801.1:1578228-1584997|- -           1735 174457               -           1064         0 1934.2  15.2   2   4   1.8e-08   1.8e-08   21.3   0.6   917   962  1079  1127  1066  1133 0.77 <unknown description>
174457at5125_1195189_0:00049a|CM010801.1:1578228-1584997|- -           1735 174457               -           1064         0 1934.2  15.2   3   4   7.2e-05   7.2e-05    9.4   1.4   919   985  1132  1197  1120  1211 0.71 <unknown description>
174457at5125_1195189_0:00049a|CM010801.1:1578228-1584997|- -           1735 174457               -           1064         0 1934.2  15.2   4   4   6.8e-47   6.8e-47  148.5   0.9   974  1062  1220  1308  1199  1310 0.87 <unknown description>
174457at5125_5507_5:00251c|CM010801.1:1580914-1585084|-    -           1347 174457               -           1064         0 1927.3  15.2   1   4         0         0 1750.7   0.0     6   908    38   966    34   984 0.96 <unknown description>
174457at5125_5507_5:00251c|CM010801.1:1580914-1585084|-    -           1347 174457               -           1064         0 1927.3  15.2   2   4   1.3e-08   1.3e-08   21.8   0.6   917   962  1115  1163  1101  1171 0.78 <unknown description>
174457at5125_5507_5:00251c|CM010801.1:1580914-1585084|-    -           1347 174457               -           1064         0 1927.3  15.2   3   4   6.3e-05   6.3e-05    9.6   1.5   919   981  1168  1232  1157  1245 0.71 <unknown description>
174457at5125_5507_5:00251c|CM010801.1:1580914-1585084|-    -           1347 174457               -           1064         0 1927.3  15.2   4   4   4.2e-48   4.2e-48  152.5   1.1   974  1064  1256  1346  1239  1346 0.88 <unknown description>
174457at5125_2004951_0:0027cd|CM010801.1:1582078-1585015|- -            929 174457               -           1064         0 1763.1   0.0   1   1         0         0 1762.6   0.0     6   896    15   924    11   928 0.96 <unknown description>
174457at5125_195108_0:001027|CM010801.1:1582717-1585084|-  -            754 174457               -           1064         0 1474.7   9.4   1   1         0         0 1474.5   9.4     6   709    38   750    33   753 0.98 <unknown description>
174457at5125_2885761_0:00315f|CM010801.1:1580914-1584169|- -           1071 174457               -           1064         0 1454.4  18.6   1   5         0         0 1280.0   0.0   239   908     1   690     1   708 0.95 <unknown description>
174457at5125_2885761_0:00315f|CM010801.1:1580914-1584169|- -           1071 174457               -           1064         0 1454.4  18.6   2   5      0.98      0.98   -4.3   0.6   897   945   742   785   735   801 0.56 <unknown description>
174457at5125_2885761_0:00315f|CM010801.1:1580914-1584169|- -           1071 174457               -           1064         0 1454.4  18.6   3   5   9.7e-09   9.7e-09   22.2   0.6   917   962   839   887   825   895 0.78 <unknown description>
174457at5125_2885761_0:00315f|CM010801.1:1580914-1584169|- -           1071 174457               -           1064         0 1454.4  18.6   4   5     5e-05     5e-05    9.9   1.5   919   981   892   956   881   968 0.71 <unknown description>
174457at5125_2885761_0:00315f|CM010801.1:1580914-1584169|- -           1071 174457               -           1064         0 1454.4  18.6   5   5   3.5e-48   3.5e-48  152.8   1.1   975  1064   981  1070   966  1070 0.89 <unknown description>
174457at5125_195108_0:000fa5|CM010801.1:1580914-1582393|-  -            494 174457               -           1064   1.9e-72  233.1  22.2   1   5   2.1e-19   2.1e-19   57.5   0.0   806   908     1   113     1   131 0.80 <unknown description>
174457at5125_195108_0:000fa5|CM010801.1:1580914-1582393|-  -            494 174457               -           1064   1.9e-72  233.1  22.2   2   5      0.22      0.22   -2.1   0.4   897   946   165   209   151   232 0.59 <unknown description>
174457at5125_195108_0:000fa5|CM010801.1:1580914-1582393|-  -            494 174457               -           1064   1.9e-72  233.1  22.2   3   5   3.9e-09   3.9e-09   23.5   0.6   917   962   262   310   248   316 0.77 <unknown description>
174457at5125_195108_0:000fa5|CM010801.1:1580914-1582393|-  -            494 174457               -           1064   1.9e-72  233.1  22.2   4   5   1.4e-05   1.4e-05   11.7   1.4   919   985   315   380   303   394 0.71 <unknown description>
174457at5125_195108_0:000fa5|CM010801.1:1580914-1582393|-  -            494 174457               -           1064   1.9e-72  233.1  22.2   5   5   9.2e-49   9.2e-49  154.7   1.1   974  1064   403   493   383   493 0.87 <unknown description>
#
# Program:         hmmsearch
# Version:         3.4 (Aug 2023)
# Pipeline mode:   SEARCH
# Query file:      /home/arafat/busco_downloads/lineages/hypocreales_odb12.2/hmms/174457at5125.hmm
# Target file:     /home/arafat/Foxy_SIX_Evolution/results/busco/GCA_003615085.1/run_hypocreales_odb12.2/miniprot_output/translated_proteins/174457at5125.faa
# Option settings: hmmsearch --domtblout /home/arafat/Foxy_SIX_Evolution/results/busco/GCA_003615085.1/run_hypocreales_odb12.2/hmmer_output/174457at5125.out --cpu 1 /home/arafat/busco_downloads/lineages/hypocreales_odb12.2/hmms/174457at5125.hmm /home/arafat/Foxy_SIX_Evolution/results/busco/GCA_003615085.1/run_hypocreales_odb12.2/miniprot_output/translated_proteins/174457at5125.faa 
# Current dir:     /home/arafat/Foxy_SIX_Evolution
# Date:            Thu Sep 24 13:58:27 2026
# [ok]
