#                                                                                                                  --- full sequence --- -------------- this domain -------------   hmm coord   ali coord   env coord
# target name                                              accession   tlen query name           accession   qlen   E-value  score  bias   #  of  c-Evalue  i-Evalue  score  bias  from    to  from    to  from    to  acc description of target
#                                      ------------------- ---------- ----- -------------------- ---------- ----- --------- ------ ----- --- --- --------- --------- ------ ----- ----- ----- ----- ----- ----- ----- ---- ---------------------
175064at5125_1649127_0:0004c1|CM010802.1:3549096-3560605|+ -           1754 175064               -           1289         0 1584.7   9.0   1   4    0.0028    0.0028    3.9   0.0    18    61   106   149    90   161 0.79 <unknown description>
175064at5125_1649127_0:0004c1|CM010802.1:3549096-3560605|+ -           1754 175064               -           1289         0 1584.7   9.0   2   4   1.8e-70   1.8e-70  226.5   1.7    50   329   168   476   163   498 0.83 <unknown description>
175064at5125_1649127_0:0004c1|CM010802.1:3549096-3560605|+ -           1754 175064               -           1289         0 1584.7   9.0   3   4         0         0 1279.3   0.0   309  1148   591  1482   590  1495 0.92 <unknown description>
175064at5125_1649127_0:0004c1|CM010802.1:3549096-3560605|+ -           1754 175064               -           1289         0 1584.7   9.0   4   4   1.7e-24   1.7e-24   74.2   0.0  1143  1286  1574  1747  1565  1750 0.75 <unknown description>
175064at5125_45235_0:000dd4|CM010802.1:3555223-3564776|+   -           2502 175064               -           1289         0 1581.0  14.5   1   5   0.00045   0.00045    6.5   0.3     1    41    80   120    80   125 0.87 <unknown description>
175064at5125_45235_0:000dd4|CM010802.1:3555223-3564776|+   -           2502 175064               -           1289         0 1581.0  14.5   2   5    0.0022    0.0022    4.2   0.1    11    61   140   190   127   200 0.72 <unknown description>
175064at5125_45235_0:000dd4|CM010802.1:3555223-3564776|+   -           2502 175064               -           1289         0 1581.0  14.5   3   5   3.1e-70   3.1e-70  225.7   1.7    50   327   209   515   203   538 0.83 <unknown description>
175064at5125_45235_0:000dd4|CM010802.1:3555223-3564776|+   -           2502 175064               -           1289         0 1581.0  14.5   4   5         0         0 1274.2   0.0   325  1148   579  1454   571  1467 0.92 <unknown description>
175064at5125_45235_0:000dd4|CM010802.1:3555223-3564776|+   -           2502 175064               -           1289         0 1581.0  14.5   5   5   2.7e-24   2.7e-24   73.6   0.0  1143  1286  1546  1719  1537  1722 0.75 <unknown description>
175064at5125_660025_0:000e4e|CM010802.1:3554469-3560952|+  -           1971 175064               -           1289         0 1543.9  18.1   1   6   0.00035   0.00035    6.9   0.3     1    41   210   250   210   255 0.87 <unknown description>
175064at5125_660025_0:000e4e|CM010802.1:3554469-3560952|+  -           1971 175064               -           1289         0 1543.9  18.1   2   6    0.0017    0.0017    4.6   0.1    11    61   270   320   257   330 0.72 <unknown description>
175064at5125_660025_0:000e4e|CM010802.1:3554469-3560952|+  -           1971 175064               -           1289         0 1543.9  18.1   3   6   2.2e-70   2.2e-70  226.2   1.7    50   327   339   645   333   668 0.83 <unknown description>
175064at5125_660025_0:000e4e|CM010802.1:3554469-3560952|+  -           1971 175064               -           1289         0 1543.9  18.1   4   6   1.7e-18   1.7e-18   54.3   0.0   309   414   762   867   760   878 0.88 <unknown description>
175064at5125_660025_0:000e4e|CM010802.1:3554469-3560952|+  -           1971 175064               -           1289         0 1543.9  18.1   5   6         0         0 1183.3   0.2   447  1148   876  1621   873  1634 0.92 <unknown description>
175064at5125_660025_0:000e4e|CM010802.1:3554469-3560952|+  -           1971 175064               -           1289         0 1543.9  18.1   6   6     2e-24     2e-24   74.0   0.0  1143  1286  1713  1886  1704  1889 0.75 <unknown description>
175064at5125_948311_0:001fee|CM010802.1:3555223-3559994|+  -           1591 175064               -           1289         0 1513.4  14.4   1   4   0.00028   0.00028    7.2   0.3     1    41    80   120    80   125 0.87 <unknown description>
175064at5125_948311_0:001fee|CM010802.1:3555223-3559994|+  -           1591 175064               -           1289         0 1513.4  14.4   2   4    0.0014    0.0014    5.0   0.1    11    61   140   190   127   200 0.72 <unknown description>
175064at5125_948311_0:001fee|CM010802.1:3555223-3559994|+  -           1591 175064               -           1289         0 1513.4  14.4   3   4   1.5e-70   1.5e-70  226.8   1.6    50   329   209   517   204   539 0.83 <unknown description>
175064at5125_948311_0:001fee|CM010802.1:3555223-3559994|+  -           1591 175064               -           1289         0 1513.4  14.4   4   4         0         0 1279.7   0.0   309  1148   632  1523   631  1536 0.92 <unknown description>
175064at5125_1325737_0:003552|CM010802.1:3557188-3560946|+ -           1216 175064               -           1289         0 1353.8   0.5   1   2         0         0 1274.3   0.1   334  1148     2   868     1   881 0.92 <unknown description>
175064at5125_1325737_0:003552|CM010802.1:3557188-3560946|+ -           1216 175064               -           1289         0 1353.8   0.5   2   2     1e-24     1e-24   74.9   0.0  1143  1286   960  1133   951  1136 0.75 <unknown description>
175064at5125_2004951_0:000274|CM010802.1:3555223-3558811|+ -           1117 175064               -           1289  2.9e-301  991.1  11.6   1   4   0.00019   0.00019    7.8   0.3     1    41    80   120    80   125 0.87 <unknown description>
175064at5125_2004951_0:000274|CM010802.1:3555223-3558811|+ -           1117 175064               -           1289  2.9e-301  991.1  11.6   2   4    0.0009    0.0009    5.5   0.1    11    61   140   190   127   200 0.72 <unknown description>
175064at5125_2004951_0:000274|CM010802.1:3555223-3558811|+ -           1117 175064               -           1289  2.9e-301  991.1  11.6   3   4   7.2e-71   7.2e-71  227.8   1.5    50   332   209   520   204   540 0.83 <unknown description>
175064at5125_2004951_0:000274|CM010802.1:3555223-3558811|+ -           1117 175064               -           1289  2.9e-301  991.1  11.6   4   4  3.2e-229  3.2e-229  752.4   0.0   314   839   549  1117   545  1117 0.90 <unknown description>
175064at5125_150374_0:000a18|CM010802.1:3558373-3560569|+  -            573 175064               -           1289  1.6e-254  836.3   0.3   1   2  5.8e-236  5.8e-236  774.8   0.1   695  1147     2   472     1   491 0.94 <unknown description>
175064at5125_150374_0:000a18|CM010802.1:3558373-3560569|+  -            573 175064               -           1289  1.6e-254  836.3   0.3   2   2   2.8e-20   2.8e-20   60.2   0.1  1202  1280   494   572   473   573 0.89 <unknown description>
#
# Program:         hmmsearch
# Version:         3.4 (Aug 2023)
# Pipeline mode:   SEARCH
# Query file:      /home/arafat/busco_downloads/lineages/hypocreales_odb12.2/hmms/175064at5125.hmm
# Target file:     /home/arafat/Foxy_SIX_Evolution/results/busco/GCA_003615085.1/run_hypocreales_odb12.2/miniprot_output/translated_proteins/175064at5125.faa
# Option settings: hmmsearch --domtblout /home/arafat/Foxy_SIX_Evolution/results/busco/GCA_003615085.1/run_hypocreales_odb12.2/hmmer_output/175064at5125.out --cpu 1 /home/arafat/busco_downloads/lineages/hypocreales_odb12.2/hmms/175064at5125.hmm /home/arafat/Foxy_SIX_Evolution/results/busco/GCA_003615085.1/run_hypocreales_odb12.2/miniprot_output/translated_proteins/175064at5125.faa 
# Current dir:     /home/arafat/Foxy_SIX_Evolution
# Date:            Thu Sep 24 13:58:35 2026
# [ok]
