#                                                                                                                  --- full sequence --- -------------- this domain -------------   hmm coord   ali coord   env coord
# target name                                              accession   tlen query name           accession   qlen   E-value  score  bias   #  of  c-Evalue  i-Evalue  score  bias  from    to  from    to  from    to  acc description of target
#                                      ------------------- ---------- ----- -------------------- ---------- ----- --------- ------ ----- --- --- --------- --------- ------ ----- ----- ----- ----- ----- ----- ----- ---- ---------------------
175651at5125_5507_3:00104c|CM010802.1:3413898-3421250|+    -           2018 175651               -           1387         0 2320.2  51.7   1   2         0         0 2320.2  51.7    24  1384     1  1421     1  1424 0.93 <unknown description>
175651at5125_5507_3:00104c|CM010802.1:3413898-3421250|+    -           2018 175651               -           1387         0 2320.2  51.7   2   2       1.2       1.2   -4.5   4.7   556   660  1820  1921  1791  1985 0.54 <unknown description>
175651at5125_1736662_0:00175a|CM010802.1:3409267-3418271|+ -           1753 175651               -           1387         0 2299.2  52.8   1   1         0         0 2298.9  52.8    34  1386   357  1751   337  1752 0.93 <unknown description>
175651at5125_660025_0:00339e|CM010802.1:3413823-3418455|+  -           1459 175651               -           1387         0 2241.4  75.0   1   1         0         0 2236.5  75.0     3  1385     5  1428     3  1430 0.93 <unknown description>
175651at5125_468837_0:000cef|CM010802.1:3415362-3418262|+  -            893 175651               -           1387         0 1591.6  23.1   1   1         0         0 1591.4  23.1   499  1385     1   893     1   893 0.93 <unknown description>
175651at5125_1237068_0:003627|CM010802.1:3415497-3421250|+ -           1560 175651               -           1387         0 1511.6  22.5   1   2         0         0 1511.6  22.5   548  1386     3   890     1   891 0.93 <unknown description>
175651at5125_1237068_0:003627|CM010802.1:3415497-3421250|+ -           1560 175651               -           1387         0 1511.6  22.5   2   2      0.77      0.77   -3.8   4.5   556   660  1362  1463  1332  1528 0.55 <unknown description>
175651at5125_2885761_0:00020f|CM010802.1:3413898-3417018|+ -           1041 175651               -           1387         0 1364.5  57.0   1   1         0         0 1361.9  57.0    24   992     1  1030     1  1035 0.91 <unknown description>
175651at5125_1237068_0:000393|CM010802.1:3413898-3415569|+ -            558 175651               -           1387  2.3e-247  813.1  47.5   1   1  2.2e-246  2.2e-246  809.8  47.5    24   569     1   557     1   558 0.93 <unknown description>
175651at5125_468837_0:001144|CM010802.1:3413829-3414840|+  -            338 175651               -           1387    1e-149  489.5  23.7   1   1  1.5e-148  1.5e-148  485.7  23.7     3   325     3   338     1   338 0.91 <unknown description>
175651at5125_93591_0:000614|CM010802.1:3413829-3414534|+   -            236 175651               -           1387   8.7e-89  287.6  21.9   1   1   1.7e-87   1.7e-87  283.4  21.9     3   221     3   236     1   236 0.87 <unknown description>
#
# Program:         hmmsearch
# Version:         3.4 (Aug 2023)
# Pipeline mode:   SEARCH
# Query file:      /home/arafat/busco_downloads/lineages/hypocreales_odb12.2/hmms/175651at5125.hmm
# Target file:     /home/arafat/Foxy_SIX_Evolution/results/busco/GCA_003615085.1/run_hypocreales_odb12.2/miniprot_output/translated_proteins/175651at5125.faa
# Option settings: hmmsearch --domtblout /home/arafat/Foxy_SIX_Evolution/results/busco/GCA_003615085.1/run_hypocreales_odb12.2/hmmer_output/175651at5125.out --cpu 1 /home/arafat/busco_downloads/lineages/hypocreales_odb12.2/hmms/175651at5125.hmm /home/arafat/Foxy_SIX_Evolution/results/busco/GCA_003615085.1/run_hypocreales_odb12.2/miniprot_output/translated_proteins/175651at5125.faa 
# Current dir:     /home/arafat/Foxy_SIX_Evolution
# Date:            Thu Sep 24 13:58:08 2026
# [ok]
