#                                                                                                                      --- full sequence --- -------------- this domain -------------   hmm coord   ali coord   env coord
# target name                                                  accession   tlen query name           accession   qlen   E-value  score  bias   #  of  c-Evalue  i-Evalue  score  bias  from    to  from    to  from    to  acc description of target
#                                          ------------------- ---------- ----- -------------------- ---------- ----- --------- ------ ----- --- --- --------- --------- ------ ----- ----- ----- ----- ----- ----- ----- ---- ---------------------
175726at5125_1247861_0:0007b9|MRCU01000005.1:2993108-2996593|+ -            397 175726               -            312  6.4e-149  484.5   9.2   1   2      0.98      0.98   -2.3   0.1     1    18    31    48    31    53 0.81 <unknown description>
175726at5125_1247861_0:0007b9|MRCU01000005.1:2993108-2996593|+ -            397 175726               -            312  6.4e-149  484.5   9.2   2   2  6.4e-149  6.4e-149  484.5   9.2     9   312    61   396    54   396 0.88 <unknown description>
175726at5125_660029_0:00103d|MRCU01000005.1:2995094-2996593|+  -            454 175726               -            312  8.1e-149  484.2   8.8   1   2       1.1       1.1   -2.5   0.1     1    18    88   105    88   110 0.81 <unknown description>
175726at5125_660029_0:00103d|MRCU01000005.1:2995094-2996593|+  -            454 175726               -            312  8.1e-149  484.2   8.8   2   2  8.1e-149  8.1e-149  484.2   8.8    10   312   119   453   112   453 0.88 <unknown description>
175726at5125_1399860_1:001ef0|MRCU01000005.1:2987597-2996593|+ -            323 175726               -            312  6.4e-131  425.4   6.7   1   1  8.7e-131  8.7e-131  424.9   6.7    59   312    50   322    30   322 0.89 <unknown description>
175726at5125_5507_2:0007d5|MRCU01000005.1:2995351-2996391|+    -            317 175726               -            312  6.9e-126  408.9  14.8   1   2      0.52      0.52   -1.3   0.0     1    19     3    21     3    35 0.80 <unknown description>
175726at5125_5507_2:0007d5|MRCU01000005.1:2995351-2996391|+    -            317 175726               -            312  6.9e-126  408.9  14.8   2   2  7.4e-126  7.4e-126  408.8  12.5     9   265    33   313    26   316 0.88 <unknown description>
175726at5125_1736662_0:0023fa|MRCU01000005.1:2995851-2996593|+ -            233 175726               -            312  1.4e-107  348.7   1.3   1   1  1.8e-107  1.8e-107  348.3   1.3   100   312     1   232     1   232 0.90 <unknown description>
175726at5125_83212_0:001d08|MRCU01000005.1:2995357-2995986|+   -            180 175726               -            312   1.7e-67  217.1   9.5   1   2      0.25      0.25   -0.3   0.1     1    20     1    20     1    33 0.80 <unknown description>
175726at5125_83212_0:001d08|MRCU01000005.1:2995357-2995986|+   -            180 175726               -            312   1.7e-67  217.1   9.5   2   2     2e-67     2e-67  216.8   6.4     9   145    31   180    24   180 0.87 <unknown description>
175726at5125_94208_0:000280|MRCU01000005.1:2996088-2996593|+   -            154 175726               -            312     8e-60  191.9   0.5   1   1   1.1e-59   1.1e-59  191.4   0.5   179   312     1   153     1   153 0.86 <unknown description>
175726at5125_89174_0:000598|MRCU01000005.1:2996202-2996593|+   -            116 175726               -            312   2.9e-48  153.9   0.1   1   1   3.2e-48   3.2e-48  153.7   0.1   208   312     1   115     1   115 0.90 <unknown description>
175726at5125_1245745_0:00184d|MRCU01000005.1:2995450-2995753|+ -            102 175726               -            312   9.4e-37  116.1   6.5   1   1   4.3e-36   4.3e-36  113.9   6.5    13    96     4   100     1   102 0.82 <unknown description>
175726at5125_2885761_0:00292b|MRCU01000005.1:2995351-2995819|+ -            157 175726               -            312   3.5e-36  114.2  10.1   1   2      0.21      0.21   -0.0   0.1     1    20     3    22     3    35 0.80 <unknown description>
175726at5125_2885761_0:00292b|MRCU01000005.1:2995351-2995819|+ -            157 175726               -            312   3.5e-36  114.2  10.1   2   2   4.3e-36   4.3e-36  113.9   6.7     9    98    33   135    25   142 0.81 <unknown description>
#
# Program:         hmmsearch
# Version:         3.4 (Aug 2023)
# Pipeline mode:   SEARCH
# Query file:      /home/arafat/busco_downloads/lineages/hypocreales_odb12.2/hmms/175726at5125.hmm
# Target file:     /home/arafat/Foxy_SIX_Evolution/results/busco/GCA_003615085.1/run_hypocreales_odb12.2/miniprot_output/translated_proteins/175726at5125.faa
# Option settings: hmmsearch --domtblout /home/arafat/Foxy_SIX_Evolution/results/busco/GCA_003615085.1/run_hypocreales_odb12.2/hmmer_output/175726at5125.out --cpu 1 /home/arafat/busco_downloads/lineages/hypocreales_odb12.2/hmms/175726at5125.hmm /home/arafat/Foxy_SIX_Evolution/results/busco/GCA_003615085.1/run_hypocreales_odb12.2/miniprot_output/translated_proteins/175726at5125.faa 
# Current dir:     /home/arafat/Foxy_SIX_Evolution
# Date:            Thu Sep 24 13:58:08 2026
# [ok]
