#                                                                                                                  --- full sequence --- -------------- this domain -------------   hmm coord   ali coord   env coord
# target name                                              accession   tlen query name           accession   qlen   E-value  score  bias   #  of  c-Evalue  i-Evalue  score  bias  from    to  from    to  from    to  acc description of target
#                                      ------------------- ---------- ----- -------------------- ---------- ----- --------- ------ ----- --- --- --------- --------- ------ ----- ----- ----- ----- ----- ----- ----- ---- ---------------------
175802at5125_1247861_0:001927|CM010803.1:2818563-2824319|- -            891 175802               -            461  2.8e-184  602.2  49.8   1   3  5.6e-172  5.6e-172  561.6  14.4     1   370     4   429     4   438 0.79 <unknown description>
175802at5125_1247861_0:001927|CM010803.1:2818563-2824319|- -            891 175802               -            461  2.8e-184  602.2  49.8   2   3   3.1e-11   3.1e-11   31.7   5.9   342   395   436   489   430   502 0.81 <unknown description>
175802at5125_1247861_0:001927|CM010803.1:2818563-2824319|- -            891 175802               -            461  2.8e-184  602.2  49.8   3   3   5.9e-07   5.9e-07   17.6  13.9   389   435   524   574   492   591 0.74 <unknown description>
175802at5125_327505_0:0023b6|CM010803.1:2822026-2824319|-  -            717 175802               -            461  1.8e-172  563.2  67.0   1   4  2.6e-157  2.6e-157  513.2  20.4     1   370     4   448     4   457 0.76 <unknown description>
175802at5125_327505_0:0023b6|CM010803.1:2822026-2824319|-  -            717 175802               -            461  1.8e-172  563.2  67.0   2   4   2.1e-11   2.1e-11   32.2   5.7   342   394   455   507   448   520 0.81 <unknown description>
175802at5125_327505_0:0023b6|CM010803.1:2822026-2824319|-  -            717 175802               -            461  1.8e-172  563.2  67.0   3   4   1.1e-09   1.1e-09   26.6  20.0   344   435   523   612   508   629 0.73 <unknown description>
175802at5125_327505_0:0023b6|CM010803.1:2822026-2824319|-  -            717 175802               -            461  1.8e-172  563.2  67.0   4   4       0.2       0.2   -0.6   1.9   432   455   669   691   619   700 0.49 <unknown description>
175802at5125_2692428_0:002c42|CM010803.1:2823286-2824319|- -            278 175802               -            461  2.8e-148  483.5   4.2   1   1  3.5e-147  3.5e-147  479.9   4.2     1   246     4   278     4   278 0.89 <unknown description>
175802at5125_78864_0:0036a6|CM010803.1:2822671-2824319|-   -            455 175802               -            461  1.6e-144  471.1  35.8   1   3   9.2e-19   9.2e-19   56.5   2.0     1    35     4    38     4    40 0.96 <unknown description>
175802at5125_78864_0:0036a6|CM010803.1:2822671-2824319|-   -            455 175802               -            461  1.6e-144  471.1  35.8   2   3  1.4e-120  1.4e-120  392.2  16.4    64   370    39   401    38   409 0.76 <unknown description>
175802at5125_78864_0:0036a6|CM010803.1:2822671-2824319|-   -            455 175802               -            461  1.6e-144  471.1  35.8   3   3   2.2e-11   2.2e-11   32.2   2.9   342   388   408   454   402   455 0.84 <unknown description>
175802at5125_2692428_0:002834|CM010803.1:2822026-2823034|- -            337 175802               -            461   2.6e-18   55.0  49.9   1   4     0.002     0.002    5.9   3.8   310   371     6    69     1    79 0.44 <unknown description>
175802at5125_2692428_0:002834|CM010803.1:2822026-2823034|- -            337 175802               -            461   2.6e-18   55.0  49.9   2   4   9.5e-12   9.5e-12   33.4   6.1   342   395    75   128    69   141 0.81 <unknown description>
175802at5125_2692428_0:002834|CM010803.1:2822026-2823034|- -            337 175802               -            461   2.6e-18   55.0  49.9   3   4   6.2e-10   6.2e-10   27.4  21.4   344   436   143   233   125   249 0.71 <unknown description>
175802at5125_2692428_0:002834|CM010803.1:2822026-2823034|- -            337 175802               -            461   2.6e-18   55.0  49.9   4   4     0.087     0.087    0.5   0.0   438   461   295   320   286   320 0.74 <unknown description>
175802at5125_2502994_0:002c82|CM010803.1:2822026-2822506|- -            161 175802               -            461   6.1e-09   24.1  11.1   1   3   6.1e-09   6.1e-09   24.1  11.1   389   436     6    57     1    74 0.67 <unknown description>
175802at5125_2502994_0:002c82|CM010803.1:2822026-2822506|- -            161 175802               -            461   6.1e-09   24.1  11.1   2   3      0.12      0.12    0.0   4.2   324   359    71   110    50   128 0.37 <unknown description>
175802at5125_2502994_0:002c82|CM010803.1:2822026-2822506|- -            161 175802               -            461   6.1e-09   24.1  11.1   3   3     0.028     0.028    2.2   0.1   437   461   118   144   108   144 0.74 <unknown description>
#
# Program:         hmmsearch
# Version:         3.4 (Aug 2023)
# Pipeline mode:   SEARCH
# Query file:      /home/arafat/busco_downloads/lineages/hypocreales_odb12.2/hmms/175802at5125.hmm
# Target file:     /home/arafat/Foxy_SIX_Evolution/results/busco/GCA_003615085.1/run_hypocreales_odb12.2/miniprot_output/translated_proteins/175802at5125.faa
# Option settings: hmmsearch --domtblout /home/arafat/Foxy_SIX_Evolution/results/busco/GCA_003615085.1/run_hypocreales_odb12.2/hmmer_output/175802at5125.out --cpu 1 /home/arafat/busco_downloads/lineages/hypocreales_odb12.2/hmms/175802at5125.hmm /home/arafat/Foxy_SIX_Evolution/results/busco/GCA_003615085.1/run_hypocreales_odb12.2/miniprot_output/translated_proteins/175802at5125.faa 
# Current dir:     /home/arafat/Foxy_SIX_Evolution
# Date:            Thu Sep 24 13:58:09 2026
# [ok]
