#                                                                                                                  --- full sequence --- -------------- this domain -------------   hmm coord   ali coord   env coord
# target name                                              accession   tlen query name           accession   qlen   E-value  score  bias   #  of  c-Evalue  i-Evalue  score  bias  from    to  from    to  from    to  acc description of target
#                                      ------------------- ---------- ----- -------------------- ---------- ----- --------- ------ ----- --- --- --------- --------- ------ ----- ----- ----- ----- ----- ----- ----- ---- ---------------------
175949at5125_5507_3:0002a2|CM010800.1:4725821-4727868|+    -            659 175949               -            562  1.1e-290  953.3  22.7   1   2  3.4e-150  3.4e-150  489.5   6.9     1   349    39   417    39   420 0.91 <unknown description>
175949at5125_5507_3:0002a2|CM010800.1:4725821-4727868|+    -            659 175949               -            562  1.1e-290  953.3  22.7   2   2  1.3e-142  1.3e-142  464.4   9.4   326   562   418   658   408   658 0.93 <unknown description>
175949at5125_2004952_0:000c94|CM010800.1:4726233-4727868|+ -            546 175949               -            562  4.8e-249  815.8  20.1   1   2  2.2e-108  2.2e-108  351.4   4.2    76   349     1   304     1   308 0.89 <unknown description>
175949at5125_2004952_0:000c94|CM010800.1:4726233-4727868|+ -            546 175949               -            562  4.8e-249  815.8  20.1   2   2  9.3e-143  9.3e-143  464.9   9.4   326   562   305   545   296   545 0.94 <unknown description>
175949at5125_2502994_0:00339c|CM010800.1:4726608-4727868|+ -            421 175949               -            562  2.5e-195  638.5  16.3   1   2   2.4e-55   2.4e-55  176.4   1.3   216   349    45   179     2   182 0.92 <unknown description>
175949at5125_2502994_0:00339c|CM010800.1:4726608-4727868|+ -            421 175949               -            562  2.5e-195  638.5  16.3   2   2  3.8e-143  3.8e-143  466.2   9.2   326   562   180   420   169   420 0.93 <unknown description>
175949at5125_2004951_0:000fb2|CM010800.1:4727355-4727868|+ -            172 175949               -            562  6.2e-114  369.8   7.6   1   1  6.9e-114  6.9e-114  369.6   7.6   393   562     2   171     1   171 0.99 <unknown description>
175949at5125_2004951_0:000fbf|CM010800.1:4725854-4726695|+ -            257 175949               -            562  2.7e-100  324.7   1.0   1   1    3e-100    3e-100  324.6   1.0     1   213    28   248    28   257 0.93 <unknown description>
#
# Program:         hmmsearch
# Version:         3.4 (Aug 2023)
# Pipeline mode:   SEARCH
# Query file:      /home/arafat/busco_downloads/lineages/hypocreales_odb12.2/hmms/175949at5125.hmm
# Target file:     /home/arafat/Foxy_SIX_Evolution/results/busco/GCA_003615085.1/run_hypocreales_odb12.2/miniprot_output/translated_proteins/175949at5125.faa
# Option settings: hmmsearch --domtblout /home/arafat/Foxy_SIX_Evolution/results/busco/GCA_003615085.1/run_hypocreales_odb12.2/hmmer_output/175949at5125.out --cpu 1 /home/arafat/busco_downloads/lineages/hypocreales_odb12.2/hmms/175949at5125.hmm /home/arafat/Foxy_SIX_Evolution/results/busco/GCA_003615085.1/run_hypocreales_odb12.2/miniprot_output/translated_proteins/175949at5125.faa 
# Current dir:     /home/arafat/Foxy_SIX_Evolution
# Date:            Thu Sep 24 13:58:13 2026
# [ok]
