#                                                                                                                      --- full sequence --- -------------- this domain -------------   hmm coord   ali coord   env coord
# target name                                                  accession   tlen query name           accession   qlen   E-value  score  bias   #  of  c-Evalue  i-Evalue  score  bias  from    to  from    to  from    to  acc description of target
#                                          ------------------- ---------- ----- -------------------- ---------- ----- --------- ------ ----- --- --- --------- --------- ------ ----- ----- ----- ----- ----- ----- ----- ---- ---------------------
176029at5125_396571_0:000f04|MRCU01000005.1:2403215-2406941|-  -           1173 176029               -            958         0 1596.3  32.2   1   2   3.1e-05   3.1e-05   10.7   4.3     7    39    33    65    30    73 0.76 <unknown description>
176029at5125_396571_0:000f04|MRCU01000005.1:2403215-2406941|-  -           1173 176029               -            958         0 1596.3  32.2   2   2         0         0 1581.4  21.2    15   947    71  1133    62  1144 0.84 <unknown description>
176029at5125_2686198_0:000d99|MRCU01000005.1:2399099-2406941|- -           2019 176029               -            958         0 1593.2  30.5   1   2   6.4e-05   6.4e-05    9.7   4.6     7    40    33    66    30    74 0.76 <unknown description>
176029at5125_2686198_0:000d99|MRCU01000005.1:2399099-2406941|- -           2019 176029               -            958         0 1593.2  30.5   2   2         0         0 1580.9  19.3    15   947    71  1133    62  1145 0.84 <unknown description>
176029at5125_660025_0:001250|MRCU01000005.1:2403215-2408292|-  -           1266 176029               -            958         0 1528.0  29.0   1   2     4e-05     4e-05   10.4   4.6     7    40   122   155   119   163 0.76 <unknown description>
176029at5125_660025_0:001250|MRCU01000005.1:2403215-2408292|-  -           1266 176029               -            958         0 1528.0  29.0   2   2         0         0 1514.0  17.5    14   947   159  1226   150  1238 0.83 <unknown description>
176029at5125_468837_0:002188|MRCU01000005.1:2403932-2406875|-  -            908 176029               -            958         0 1471.0  13.1   1   2   1.9e-05   1.9e-05   11.5   4.1     7    40    11    44     8    52 0.76 <unknown description>
176029at5125_468837_0:002188|MRCU01000005.1:2403932-2406875|-  -            908 176029               -            958         0 1471.0  13.1   2   2         0         0 1458.9   2.1    14   791    48   902    39   906 0.88 <unknown description>
176029at5125_63577_0:000040|MRCU01000005.1:2404325-2406416|-   -            651 176029               -            958         0 1292.6   8.1   1   1         0         0 1292.4   8.1    84   706     1   649     1   651 0.95 <unknown description>
176029at5125_117187_0:000be3|MRCU01000005.1:2405011-2406941|-  -            590 176029               -            958  2.6e-298  980.8  23.0   1   2   1.6e-05   1.6e-05   11.7   4.6     7    40    33    66    30    74 0.76 <unknown description>
176029at5125_117187_0:000be3|MRCU01000005.1:2405011-2406941|-  -            590 176029               -            958  2.6e-298  980.8  23.0   2   2  3.1e-296  3.1e-296  973.9  11.3    13   505    69   589    60   589 0.92 <unknown description>
176029at5125_2604345_0:001d4f|MRCU01000005.1:2403215-2405276|- -            641 176029               -            958  1.1e-220  723.9  20.1   1   2  3.3e-173  3.3e-173  566.7   2.4   449   778     1   363     1   367 0.88 <unknown description>
176029at5125_2604345_0:001d4f|MRCU01000005.1:2403215-2405276|- -            641 176029               -            958  1.1e-220  723.9  20.1   2   2     2e-50     2e-50  160.3  11.0   755   947   360   601   355   613 0.69 <unknown description>
176029at5125_117187_0:000b9e|MRCU01000005.1:2403215-2404811|-  -            533 176029               -            958  1.1e-137  449.2  23.0   1   1  2.4e-134  2.4e-134  438.1  23.0   557   947     1   493     1   505 0.74 <unknown description>
#
# Program:         hmmsearch
# Version:         3.4 (Aug 2023)
# Pipeline mode:   SEARCH
# Query file:      /home/arafat/busco_downloads/lineages/hypocreales_odb12.2/hmms/176029at5125.hmm
# Target file:     /home/arafat/Foxy_SIX_Evolution/results/busco/GCA_003615085.1/run_hypocreales_odb12.2/miniprot_output/translated_proteins/176029at5125.faa
# Option settings: hmmsearch --domtblout /home/arafat/Foxy_SIX_Evolution/results/busco/GCA_003615085.1/run_hypocreales_odb12.2/hmmer_output/176029at5125.out --cpu 1 /home/arafat/busco_downloads/lineages/hypocreales_odb12.2/hmms/176029at5125.hmm /home/arafat/Foxy_SIX_Evolution/results/busco/GCA_003615085.1/run_hypocreales_odb12.2/miniprot_output/translated_proteins/176029at5125.faa 
# Current dir:     /home/arafat/Foxy_SIX_Evolution
# Date:            Thu Sep 24 13:58:14 2026
# [ok]
