#                                                                                                                  --- full sequence --- -------------- this domain -------------   hmm coord   ali coord   env coord
# target name                                              accession   tlen query name           accession   qlen   E-value  score  bias   #  of  c-Evalue  i-Evalue  score  bias  from    to  from    to  from    to  acc description of target
#                                      ------------------- ---------- ----- -------------------- ---------- ----- --------- ------ ----- --- --- --------- --------- ------ ----- ----- ----- ----- ----- ----- ----- ---- ---------------------
176491at5125_1080343_0:002d8a|CM010801.1:4547525-4548443|- -            307 176491               -            217   1.3e-95  307.5   5.1   1   2      0.01      0.01    3.8   0.2     2    33    46    77    45    84 0.65 <unknown description>
176491at5125_1080343_0:002d8a|CM010801.1:4547525-4548443|- -            307 176491               -            217   1.3e-95  307.5   5.1   2   2   9.4e-95   9.4e-95  304.6   1.4    14   216    88   304    78   305 0.89 <unknown description>
176491at5125_2559231_0:0013ba|CM010801.1:4547531-4551873|- -            283 176491               -            217   2.2e-95  306.7   1.1   1   1   5.4e-95   5.4e-95  305.4   1.1    14   216    66   282    54   283 0.89 <unknown description>
176491at5125_983964_0:002748|CM010801.1:4547606-4548317|-  -            238 176491               -            217   1.8e-92  297.2   0.1   1   2    0.0076    0.0076    4.2   0.2     2    33     4    35     3    41 0.65 <unknown description>
176491at5125_983964_0:002748|CM010801.1:4547606-4548317|-  -            238 176491               -            217   1.8e-92  297.2   0.1   2   2   1.1e-90   1.1e-90  291.3   0.0    14   199    46   233    36   238 0.93 <unknown description>
176491at5125_2004951_0:000db8|CM010801.1:4547528-4548131|- -            202 176491               -            217     4e-92  296.0   5.3   1   1   1.1e-91   1.1e-91  294.6   5.3    32   216     2   200     1   201 0.91 <unknown description>
176491at5125_96317_0:002930|CM010801.1:4547525-4547930|-   -            136 176491               -            217     7e-51  161.2   5.1   1   1   2.3e-50   2.3e-50  159.5   5.1    98   216     1   133     1   134 0.87 <unknown description>
176491at5125_426428_0:001868|CM010801.1:4547525-4547843|-  -            107 176491               -            217   3.9e-40  126.1   8.6   1   1   1.4e-39   1.4e-39  124.2   8.6   127   216     3   104     1   105 0.86 <unknown description>
#
# Program:         hmmsearch
# Version:         3.4 (Aug 2023)
# Pipeline mode:   SEARCH
# Query file:      /home/arafat/busco_downloads/lineages/hypocreales_odb12.2/hmms/176491at5125.hmm
# Target file:     /home/arafat/Foxy_SIX_Evolution/results/busco/GCA_003615085.1/run_hypocreales_odb12.2/miniprot_output/translated_proteins/176491at5125.faa
# Option settings: hmmsearch --domtblout /home/arafat/Foxy_SIX_Evolution/results/busco/GCA_003615085.1/run_hypocreales_odb12.2/hmmer_output/176491at5125.out --cpu 1 /home/arafat/busco_downloads/lineages/hypocreales_odb12.2/hmms/176491at5125.hmm /home/arafat/Foxy_SIX_Evolution/results/busco/GCA_003615085.1/run_hypocreales_odb12.2/miniprot_output/translated_proteins/176491at5125.faa 
# Current dir:     /home/arafat/Foxy_SIX_Evolution
# Date:            Thu Sep 24 13:58:18 2026
# [ok]
