#                                                                                                                  --- full sequence --- -------------- this domain -------------   hmm coord   ali coord   env coord
# target name                                              accession   tlen query name           accession   qlen   E-value  score  bias   #  of  c-Evalue  i-Evalue  score  bias  from    to  from    to  from    to  acc description of target
#                                      ------------------- ---------- ----- -------------------- ---------- ----- --------- ------ ----- --- --- --------- --------- ------ ----- ----- ----- ----- ----- ----- ----- ---- ---------------------
176503at5125_169388_0:003149|CM010804.1:2051662-2057365|-  -           1831 176503               -           1552         0 2406.7 176.8   1   4      0.13      0.13   -1.6  28.6   126   181     4    60     1    61 0.83 <unknown description>
176503at5125_169388_0:003149|CM010804.1:2051662-2057365|-  -           1831 176503               -           1552         0 2406.7 176.8   2   4   2.1e-47   2.1e-47  150.2  59.7    33   222    54   257    52   259 0.73 <unknown description>
176503at5125_169388_0:003149|CM010804.1:2051662-2057365|-  -           1831 176503               -           1552         0 2406.7 176.8   3   4         0         0 1068.6  81.7    96   891   223  1108   223  1120 0.86 <unknown description>
176503at5125_169388_0:003149|CM010804.1:2051662-2057365|-  -           1831 176503               -           1552         0 2406.7 176.8   4   4         0         0 1210.8   1.9   892  1552  1142  1824  1113  1824 0.95 <unknown description>
176503at5125_5507_5:002b10|CM010804.1:2050619-2057780|-    -           2188 176503               -           1552         0 2402.0 237.8   1   5         7         7   -8.2  77.4   117   250     2   137     1   143 0.68 <unknown description>
176503at5125_5507_5:002b10|CM010804.1:2050619-2057780|-    -           2188 176503               -           1552         0 2402.0 237.8   2   5     0.039     0.039    0.2  34.5   120   182   102   166    98   167 0.82 <unknown description>
176503at5125_5507_5:002b10|CM010804.1:2050619-2057780|-    -           2188 176503               -           1552         0 2402.0 237.8   3   5   6.1e-46   6.1e-46  145.3  77.5     8   222   130   362   130   364 0.72 <unknown description>
176503at5125_5507_5:002b10|CM010804.1:2050619-2057780|-    -           2188 176503               -           1552         0 2402.0 237.8   4   5         0         0 1069.6  80.5    96   891   328  1213   327  1225 0.86 <unknown description>
176503at5125_5507_5:002b10|CM010804.1:2050619-2057780|-    -           2188 176503               -           1552         0 2402.0 237.8   5   5         0         0 1210.2   2.0   892  1552  1247  1929  1218  1929 0.95 <unknown description>
176503at5125_1649129_0:001711|CM010804.1:2051662-2061197|- -           2030 176503               -           1552         0 2395.2 228.5   1   5         7         7  -12.1  64.6    87   205   101   229     9   232 0.55 <unknown description>
176503at5125_1649129_0:001711|CM010804.1:2051662-2061197|- -           2030 176503               -           1552         0 2395.2 228.5   2   5     0.002     0.002    4.4  33.2   115   181   189   259   187   260 0.81 <unknown description>
176503at5125_1649129_0:001711|CM010804.1:2051662-2061197|- -           2030 176503               -           1552         0 2395.2 228.5   3   5   1.9e-46   1.9e-46  147.0  77.7     8   222   224   456   220   458 0.71 <unknown description>
176503at5125_1649129_0:001711|CM010804.1:2051662-2061197|- -           2030 176503               -           1552         0 2395.2 228.5   4   5         0         0 1068.4  82.0    96   891   422  1307   421  1325 0.86 <unknown description>
176503at5125_1649129_0:001711|CM010804.1:2051662-2061197|- -           2030 176503               -           1552         0 2395.2 228.5   5   5         0         0 1210.4   2.0   892  1552  1341  2023  1312  2023 0.95 <unknown description>
176503at5125_131363_0:000eac|CM010804.1:2051662-2055703|-  -           1277 176503               -           1552         0 2059.2  21.8   1   2  4.5e-259  4.5e-259  851.7  12.6   387   891     1   554     1   566 0.89 <unknown description>
176503at5125_131363_0:000eac|CM010804.1:2051662-2055703|-  -           1277 176503               -           1552         0 2059.2  21.8   2   2         0         0 1212.0   1.9   892  1552   588  1270   561  1270 0.95 <unknown description>
176503at5125_63577_0:001c40|CM010804.1:2051662-2054503|-   -            877 176503               -           1552         0 1432.4  10.5   1   2   1.2e-69   1.2e-69  223.9   1.7   745   891     1   154     1   165 0.92 <unknown description>
176503at5125_63577_0:001c40|CM010804.1:2051662-2054503|-   -            877 176503               -           1552         0 1432.4  10.5   2   2         0         0 1213.5   2.0   892  1552   188   870   158   870 0.95 <unknown description>
176503at5125_117187_0:001eea|CM010804.1:2053789-2057780|-  -           1298 176503               -           1552         0 1231.5 240.8   1   5       1.8       1.8   -5.3  70.7   117   234     2   129     1   130 0.66 <unknown description>
176503at5125_117187_0:001eea|CM010804.1:2053789-2057780|-  -           1298 176503               -           1552         0 1231.5 240.8   2   5    0.0071    0.0071    2.6  35.5   115   181    95   165    94   166 0.81 <unknown description>
176503at5125_117187_0:001eea|CM010804.1:2053789-2057780|-  -           1298 176503               -           1552         0 1231.5 240.8   3   5   6.5e-46   6.5e-46  145.2  79.0     8   222   130   362   130   367 0.71 <unknown description>
176503at5125_117187_0:001eea|CM010804.1:2053789-2057780|-  -           1298 176503               -           1552         0 1231.5 240.8   4   5         0         0 1063.8  88.2    96   891   328  1213   327  1225 0.86 <unknown description>
176503at5125_117187_0:001eea|CM010804.1:2053789-2057780|-  -           1298 176503               -           1552         0 1231.5 240.8   5   5   4.6e-14   4.6e-14   39.7   0.1   892   931  1247  1291  1218  1294 0.83 <unknown description>
176503at5125_117187_0:001f8a|CM010804.1:2051662-2053422|-  -            569 176503               -           1552         0 1046.1   6.1   1   1         0         0 1046.0   6.1   999  1552     1   562     1   562 0.98 <unknown description>
#
# Program:         hmmsearch
# Version:         3.4 (Aug 2023)
# Pipeline mode:   SEARCH
# Query file:      /home/arafat/busco_downloads/lineages/hypocreales_odb12.2/hmms/176503at5125.hmm
# Target file:     /home/arafat/Foxy_SIX_Evolution/results/busco/GCA_003615085.1/run_hypocreales_odb12.2/miniprot_output/translated_proteins/176503at5125.faa
# Option settings: hmmsearch --domtblout /home/arafat/Foxy_SIX_Evolution/results/busco/GCA_003615085.1/run_hypocreales_odb12.2/hmmer_output/176503at5125.out --cpu 1 /home/arafat/busco_downloads/lineages/hypocreales_odb12.2/hmms/176503at5125.hmm /home/arafat/Foxy_SIX_Evolution/results/busco/GCA_003615085.1/run_hypocreales_odb12.2/miniprot_output/translated_proteins/176503at5125.faa 
# Current dir:     /home/arafat/Foxy_SIX_Evolution
# Date:            Thu Sep 24 13:58:19 2026
# [ok]
