#                                                                                                                  --- full sequence --- -------------- this domain -------------   hmm coord   ali coord   env coord
# target name                                              accession   tlen query name           accession   qlen   E-value  score  bias   #  of  c-Evalue  i-Evalue  score  bias  from    to  from    to  from    to  acc description of target
#                                      ------------------- ---------- ----- -------------------- ---------- ----- --------- ------ ----- --- --- --------- --------- ------ ----- ----- ----- ----- ----- ----- ----- ---- ---------------------
176762at5125_660027_0:002561|CM010804.1:3109676-3115494|+  -           1905 176762               -           1697         0 2662.9 108.0   1   3         0         0 1308.6  43.8     1   735     1   748     1   756 0.95 <unknown description>
176762at5125_660027_0:002561|CM010804.1:3109676-3115494|+  -           1905 176762               -           1697         0 2662.9 108.0   2   3   1.1e-60   1.1e-60  194.7  25.3   717  1037   754  1059   746  1068 0.77 <unknown description>
176762at5125_660027_0:002561|CM010804.1:3109676-3115494|+  -           1905 176762               -           1697         0 2662.9 108.0   3   3         0         0 1171.5  23.1   853  1658  1073  1844  1060  1853 0.96 <unknown description>
176762at5125_33203_0:0010a6|CM010804.1:3109676-3120026|+   -           2627 176762               -           1697         0 2531.9  78.9   1   2         0         0 2531.9  78.9     1  1658     1  1657     1  1664 0.93 <unknown description>
176762at5125_33203_0:0010a6|CM010804.1:3109676-3120026|+   -           2627 176762               -           1697         0 2531.9  78.9   2   2         9         9   -9.3  11.8   648   721  2279  2350  2201  2479 0.57 <unknown description>
176762at5125_5516_0:000d3f|CM010804.1:3110953-3115448|+    -           1482 176762               -           1697         0 1967.0 102.3   1   3  1.2e-210  1.2e-210  691.8  55.9   403  1037     1   654     1   665 0.81 <unknown description>
176762at5125_5516_0:000d3f|CM010804.1:3110953-3115448|+    -           1482 176762               -           1697         0 1967.0 102.3   2   3   9.7e-29   9.7e-29   88.8   5.8   846  1011   581   732   580   734 0.90 <unknown description>
176762at5125_5516_0:000d3f|CM010804.1:3110953-3115448|+    -           1482 176762               -           1697         0 1967.0 102.3   3   3         0         0 1217.6  24.7   853  1696   668  1480   654  1481 0.96 <unknown description>
176762at5125_1208366_0:00181f|CM010804.1:3109676-3113602|+ -           1289 176762               -           1697         0 1702.7 126.5   1   4         0         0 1309.6  44.4     1   735     1   748     1   759 0.95 <unknown description>
176762at5125_1208366_0:00181f|CM010804.1:3109676-3113602|+ -           1289 176762               -           1697         0 1702.7 126.5   2   4   6.7e-61   6.7e-61  195.4  25.4   717  1037   754  1059   746  1067 0.77 <unknown description>
176762at5125_1208366_0:00181f|CM010804.1:3109676-3113602|+ -           1289 176762               -           1697         0 1702.7 126.5   3   4     1e-26     1e-26   82.1  13.6   846  1013   986  1139   985  1140 0.90 <unknown description>
176762at5125_1208366_0:00181f|CM010804.1:3109676-3113602|+ -           1289 176762               -           1697         0 1702.7 126.5   4   4   8.9e-51   8.9e-51  161.9  19.0   853  1077  1073  1288  1062  1289 0.94 <unknown description>
176762at5125_1245745_0:001cf5|CM010804.1:3109676-3112291|+ -            852 176762               -           1697         0 1351.3  46.8   1   2         0         0 1311.8  44.0     1   735     1   748     1   756 0.95 <unknown description>
176762at5125_1245745_0:001cf5|CM010804.1:3109676-3112291|+ -            852 176762               -           1697         0 1351.3  46.8   2   2   2.5e-14   2.5e-14   41.0   0.0   717   813   754   851   746   852 0.78 <unknown description>
176762at5125_63577_0:00073f|CM010804.1:3112402-3115394|+   -            870 176762               -           1697         0 1247.8  45.2   1   2   1.3e-28   1.3e-28   88.5  14.9   851   985     5   138     1   140 0.93 <unknown description>
176762at5125_63577_0:00073f|CM010804.1:3112402-3115394|+   -            870 176762               -           1697         0 1247.8  45.2   2   2         0         0 1174.2  22.3   894  1679   118   866   113   870 0.96 <unknown description>
176762at5125_1245745_0:001ce8|CM010804.1:3113161-3115448|+ -            746 176762               -           1697         0 1169.5  20.8   1   1         0         0 1169.3  20.8   924  1696     1   744     1   745 0.96 <unknown description>
176762at5125_1208366_0:001f69|CM010804.1:3113671-3115448|+ -            576 176762               -           1697  4.1e-296  975.2  26.0   1   1  4.9e-296  4.9e-296  974.9  26.0  1119  1696    12   574     2   575 0.96 <unknown description>
176762at5125_5516_0:000e99|CM010804.1:3109676-3110917|+    -            394 176762               -           1697  3.2e-224  736.9  24.7   1   1  3.5e-224  3.5e-224  736.7  24.7     1   391     1   394     1   394 0.98 <unknown description>
#
# Program:         hmmsearch
# Version:         3.4 (Aug 2023)
# Pipeline mode:   SEARCH
# Query file:      /home/arafat/busco_downloads/lineages/hypocreales_odb12.2/hmms/176762at5125.hmm
# Target file:     /home/arafat/Foxy_SIX_Evolution/results/busco/GCA_003615085.1/run_hypocreales_odb12.2/miniprot_output/translated_proteins/176762at5125.faa
# Option settings: hmmsearch --domtblout /home/arafat/Foxy_SIX_Evolution/results/busco/GCA_003615085.1/run_hypocreales_odb12.2/hmmer_output/176762at5125.out --cpu 1 /home/arafat/busco_downloads/lineages/hypocreales_odb12.2/hmms/176762at5125.hmm /home/arafat/Foxy_SIX_Evolution/results/busco/GCA_003615085.1/run_hypocreales_odb12.2/miniprot_output/translated_proteins/176762at5125.faa 
# Current dir:     /home/arafat/Foxy_SIX_Evolution
# Date:            Thu Sep 24 13:58:22 2026
# [ok]
