#                                                                                                                  --- full sequence --- -------------- this domain -------------   hmm coord   ali coord   env coord
# target name                                              accession   tlen query name           accession   qlen   E-value  score  bias   #  of  c-Evalue  i-Evalue  score  bias  from    to  from    to  from    to  acc description of target
#                                      ------------------- ---------- ----- -------------------- ---------- ----- --------- ------ ----- --- --- --------- --------- ------ ----- ----- ----- ----- ----- ----- ----- ---- ---------------------
177942at5125_2826082_0:001213|CM010801.1:2614388-2617263|+ -            898 177942               -            757         0 1276.4  21.6   1   2         0         0 1247.4  13.4     2   734     4   787     3   825 0.84 <unknown description>
177942at5125_2826082_0:001213|CM010801.1:2614388-2617263|+ -            898 177942               -            757         0 1276.4  21.6   2   2   6.1e-11   6.1e-11   30.9   1.3   712   756   844   886   817   887 0.68 <unknown description>
177942at5125_948311_0:000f1a|CM010801.1:2613419-2617233|+  -           1034 177942               -            757         0 1275.6  21.3   1   2         0         0 1246.8  13.2     2   734   150   933   149   967 0.84 <unknown description>
177942at5125_948311_0:000f1a|CM010801.1:2613419-2617233|+  -           1034 177942               -            757         0 1275.6  21.3   2   2   6.5e-11   6.5e-11   30.9   1.1   712   756   990  1032   963  1033 0.68 <unknown description>
177942at5125_61284_0:001bfe|CM010801.1:2614388-2620643|+   -           1201 177942               -            757         0 1254.5   2.1   1   1         0         0 1253.9   2.1     2   690     4   738     3   760 0.90 <unknown description>
177942at5125_660025_0:000ff8|CM010801.1:2614388-2619354|+  -           1458 177942               -            757         0 1251.4   3.3   1   1         0         0 1250.9   3.3     2   700     4   747     3   782 0.88 <unknown description>
177942at5125_98403_0:0006e9|CM010801.1:2614394-2616612|+   -            679 177942               -            757         0 1237.5   2.9   1   1         0         0 1237.3   2.9     2   637     2   679     1   679 0.92 <unknown description>
177942at5125_468837_0:0019dd|CM010801.1:2615043-2616696|+  -            552 177942               -            757         0 1018.4   0.5   1   1         0         0 1018.3   0.5   139   654     1   546     1   552 0.92 <unknown description>
177942at5125_660027_0:003cf7|CM010801.1:2614388-2616132|+  -            471 177942               -            757         0 1014.0  10.5   1   2   7.8e-14   7.8e-14   40.5   0.2     2    28     4    30     3    39 0.90 <unknown description>
177942at5125_660027_0:003cf7|CM010801.1:2614388-2616132|+  -            471 177942               -            757         0 1014.0  10.5   2   2  4.5e-297  4.5e-297  977.0   5.4    72   502    37   471    32   471 0.98 <unknown description>
177942at5125_63577_0:001410|CM010801.1:2615461-2617233|+   -            591 177942               -            757  1.9e-212  697.3  17.7   1   2  2.6e-203  2.6e-203  667.0   9.3   283   734     5   490     2   525 0.79 <unknown description>
177942at5125_63577_0:001410|CM010801.1:2615461-2617233|+   -            591 177942               -            757  1.9e-212  697.3  17.7   2   2   3.6e-11   3.6e-11   31.7   1.2   712   756   547   589   520   590 0.68 <unknown description>
177942at5125_58853_0:0013ae|CM010801.1:2616246-2617233|+   -            329 177942               -            757   8.7e-47  149.5  13.9   1   2   9.1e-37   9.1e-37  116.3  12.6   530   733     1   228     1   251 0.66 <unknown description>
177942at5125_58853_0:0013ae|CM010801.1:2616246-2617233|+   -            329 177942               -            757   8.7e-47  149.5  13.9   2   2   1.4e-10   1.4e-10   29.8   0.0   728   756   299   327   272   328 0.85 <unknown description>
#
# Program:         hmmsearch
# Version:         3.4 (Aug 2023)
# Pipeline mode:   SEARCH
# Query file:      /home/arafat/busco_downloads/lineages/hypocreales_odb12.2/hmms/177942at5125.hmm
# Target file:     /home/arafat/Foxy_SIX_Evolution/results/busco/GCA_003615085.1/run_hypocreales_odb12.2/miniprot_output/translated_proteins/177942at5125.faa
# Option settings: hmmsearch --domtblout /home/arafat/Foxy_SIX_Evolution/results/busco/GCA_003615085.1/run_hypocreales_odb12.2/hmmer_output/177942at5125.out --cpu 1 /home/arafat/busco_downloads/lineages/hypocreales_odb12.2/hmms/177942at5125.hmm /home/arafat/Foxy_SIX_Evolution/results/busco/GCA_003615085.1/run_hypocreales_odb12.2/miniprot_output/translated_proteins/177942at5125.faa 
# Current dir:     /home/arafat/Foxy_SIX_Evolution
# Date:            Thu Sep 24 13:58:37 2026
# [ok]
