#                                                                                                                  --- full sequence --- -------------- this domain -------------   hmm coord   ali coord   env coord
# target name                                              accession   tlen query name           accession   qlen   E-value  score  bias   #  of  c-Evalue  i-Evalue  score  bias  from    to  from    to  from    to  acc description of target
#                                      ------------------- ---------- ----- -------------------- ---------- ----- --------- ------ ----- --- --- --------- --------- ------ ----- ----- ----- ----- ----- ----- ----- ---- ---------------------
177916at5125_1080343_0:0018b7|CM010800.1:4111441-4113717|+ -            740 177916               -            512  6.7e-203  663.9 103.0   1   5   1.1e-52   1.1e-52  168.3   0.8     1   107     1   117     1   129 0.89 <unknown description>
177916at5125_1080343_0:0018b7|CM010800.1:4111441-4113717|+ -            740 177916               -            512  6.7e-203  663.9 103.0   2   5  6.2e-100  6.2e-100  324.2  32.5    93   319   138   403   131   414 0.82 <unknown description>
177916at5125_1080343_0:0018b7|CM010800.1:4111441-4113717|+ -            740 177916               -            512  6.7e-203  663.9 103.0   3   5   6.2e-10   6.2e-10   27.3   8.7   319   377   432   498   422   502 0.74 <unknown description>
177916at5125_1080343_0:0018b7|CM010800.1:4111441-4113717|+ -            740 177916               -            512  6.7e-203  663.9 103.0   4   5   8.2e-13   8.2e-13   36.8  23.7   317   449   498   633   494   642 0.82 <unknown description>
177916at5125_1080343_0:0018b7|CM010800.1:4111441-4113717|+ -            740 177916               -            512  6.7e-203  663.9 103.0   5   5   1.2e-39   1.2e-39  125.3   8.5   427   512   640   727   632   727 0.82 <unknown description>
177916at5125_1567552_0:001c51|CM010800.1:4109316-4113717|+ -           1143 177916               -            512  1.9e-201  659.1 102.9   1   5   2.1e-52   2.1e-52  167.4   0.8     1   107   404   520   404   530 0.89 <unknown description>
177916at5125_1567552_0:001c51|CM010800.1:4109316-4113717|+ -           1143 177916               -            512  1.9e-201  659.1 102.9   2   5   1.3e-99   1.3e-99  323.1  32.4    93   319   541   806   536   817 0.82 <unknown description>
177916at5125_1567552_0:001c51|CM010800.1:4109316-4113717|+ -           1143 177916               -            512  1.9e-201  659.1 102.9   3   5   1.1e-09   1.1e-09   26.5   8.7   319   377   835   901   825   905 0.74 <unknown description>
177916at5125_1567552_0:001c51|CM010800.1:4109316-4113717|+ -           1143 177916               -            512  1.9e-201  659.1 102.9   4   5   1.6e-12   1.6e-12   35.9  23.7   317   449   901  1036   897  1045 0.82 <unknown description>
177916at5125_1567552_0:001c51|CM010800.1:4109316-4113717|+ -           1143 177916               -            512  1.9e-201  659.1 102.9   5   5   2.2e-39   2.2e-39  124.5   8.5   427   512  1043  1130  1035  1130 0.82 <unknown description>
177916at5125_1803897_0:000020|CM010800.1:4111441-4112431|+ -            331 177916               -            512  3.6e-133  433.9  23.3   1   2   2.9e-53   2.9e-53  170.3   1.1     1   108     1   118     1   136 0.89 <unknown description>
177916at5125_1803897_0:000020|CM010800.1:4111441-4112431|+ -            331 177916               -            512  3.6e-133  433.9  23.3   2   2   3.3e-83   3.3e-83  269.0  15.0    93   276   138   321   132   330 0.79 <unknown description>
177916at5125_2885761_0:00195d|CM010800.1:4111441-4113149|+ -            478 177916               -            512  6.2e-117  380.3  34.0   1   1  9.6e-115  9.6e-115  373.1  34.0     1   360     1   408     1   453 0.77 <unknown description>
177916at5125_983965_0:0007c0|CM010800.1:4112440-4113717|+  -            407 177916               -            512   3.7e-73  235.9  70.4   1   4   3.4e-20   3.4e-20   61.1   7.6   258   319     2    70     1    82 0.85 <unknown description>
177916at5125_983965_0:0007c0|CM010800.1:4112440-4113717|+  -            407 177916               -            512   3.7e-73  235.9  70.4   2   4   2.3e-10   2.3e-10   28.7   8.7   319   377    99   165    89   171 0.74 <unknown description>
177916at5125_983965_0:0007c0|CM010800.1:4112440-4113717|+  -            407 177916               -            512   3.7e-73  235.9  70.4   3   4   2.8e-13   2.8e-13   38.3  24.0   316   449   164   300   160   309 0.82 <unknown description>
177916at5125_983965_0:0007c0|CM010800.1:4112440-4113717|+  -            407 177916               -            512   3.7e-73  235.9  70.4   4   4   3.5e-40   3.5e-40  127.1   8.1   426   512   306   394   298   394 0.82 <unknown description>
177916at5125_490622_0:00273c|CM010800.1:4112725-4113717|+  -            312 177916               -            512   4.8e-57  182.7  54.9   1   3   2.3e-10   2.3e-10   28.7   8.7   319   377     4    70     2    74 0.73 <unknown description>
177916at5125_490622_0:00273c|CM010800.1:4112725-4113717|+  -            312 177916               -            512   4.8e-57  182.7  54.9   2   3   1.6e-13   1.6e-13   39.1  24.2   316   449    69   205    65   217 0.82 <unknown description>
177916at5125_490622_0:00273c|CM010800.1:4112725-4113717|+  -            312 177916               -            512   4.8e-57  182.7  54.9   3   3   2.3e-40   2.3e-40  127.7   8.1   426   512   211   299   203   299 0.82 <unknown description>
#
# Program:         hmmsearch
# Version:         3.4 (Aug 2023)
# Pipeline mode:   SEARCH
# Query file:      /home/arafat/busco_downloads/lineages/hypocreales_odb12.2/hmms/177916at5125.hmm
# Target file:     /home/arafat/Foxy_SIX_Evolution/results/busco/GCA_003615085.1/run_hypocreales_odb12.2/miniprot_output/translated_proteins/177916at5125.faa
# Option settings: hmmsearch --domtblout /home/arafat/Foxy_SIX_Evolution/results/busco/GCA_003615085.1/run_hypocreales_odb12.2/hmmer_output/177916at5125.out --cpu 1 /home/arafat/busco_downloads/lineages/hypocreales_odb12.2/hmms/177916at5125.hmm /home/arafat/Foxy_SIX_Evolution/results/busco/GCA_003615085.1/run_hypocreales_odb12.2/miniprot_output/translated_proteins/177916at5125.faa 
# Current dir:     /home/arafat/Foxy_SIX_Evolution
# Date:            Thu Sep 24 13:58:37 2026
# [ok]
