#                                                                                                                  --- full sequence --- -------------- this domain -------------   hmm coord   ali coord   env coord
# target name                                              accession   tlen query name           accession   qlen   E-value  score  bias   #  of  c-Evalue  i-Evalue  score  bias  from    to  from    to  from    to  acc description of target
#                                      ------------------- ---------- ----- -------------------- ---------- ----- --------- ------ ----- --- --- --------- --------- ------ ----- ----- ----- ----- ----- ----- ----- ---- ---------------------
178139at5125_396571_0:002e8c|CM010805.1:1610599-1613154|-  -            834 178139               -            439  6.4e-217  710.2   1.9   1   5  7.2e-201  7.2e-201  657.3   0.0     1   322     6   343     6   373 0.91 <unknown description>
178139at5125_396571_0:002e8c|CM010805.1:1610599-1613154|-  -            834 178139               -            439  6.4e-217  710.2   1.9   2   5   0.00053   0.00053    8.5   0.1   319   354   481   516   467   524 0.84 <unknown description>
178139at5125_396571_0:002e8c|CM010805.1:1610599-1613154|-  -            834 178139               -            439  6.4e-217  710.2   1.9   3   5     0.024     0.024    3.0   0.0   351   374   583   606   531   625 0.73 <unknown description>
178139at5125_396571_0:002e8c|CM010805.1:1610599-1613154|-  -            834 178139               -            439  6.4e-217  710.2   1.9   4   5    0.0013    0.0013    7.2   0.0   389   411   746   768   733   784 0.85 <unknown description>
178139at5125_396571_0:002e8c|CM010805.1:1610599-1613154|-  -            834 178139               -            439  6.4e-217  710.2   1.9   5   5   3.3e-10   3.3e-10   28.9   0.0   411   439   803   831   785   831 0.92 <unknown description>
178139at5125_72712_0:003ae0|CM010805.1:1609551-1613154|-   -            951 178139               -            439  1.7e-213  698.9   1.8   1   5  9.7e-201  9.7e-201  656.8   0.0     1   322     6   343     6   372 0.91 <unknown description>
178139at5125_72712_0:003ae0|CM010805.1:1609551-1613154|-   -            951 178139               -            439  1.7e-213  698.9   1.8   2   5   0.00062   0.00062    8.3   0.1   319   354   481   516   467   524 0.84 <unknown description>
178139at5125_72712_0:003ae0|CM010805.1:1609551-1613154|-   -            951 178139               -            439  1.7e-213  698.9   1.8   3   5     0.029     0.029    2.8   0.0   351   374   583   606   532   625 0.74 <unknown description>
178139at5125_72712_0:003ae0|CM010805.1:1609551-1613154|-   -            951 178139               -            439  1.7e-213  698.9   1.8   4   5    0.0017    0.0017    6.9   0.0   389   411   746   768   736   781 0.85 <unknown description>
178139at5125_72712_0:003ae0|CM010805.1:1609551-1613154|-   -            951 178139               -            439  1.7e-213  698.9   1.8   5   5   4.8e-07   4.8e-07   18.5   0.0   411   434   803   826   784   829 0.90 <unknown description>
178139at5125_57161_0:002a0d|CM010805.1:1611337-1613154|-   -            588 178139               -            439  1.5e-204  669.4   0.4   1   2  2.9e-201  2.9e-201  658.6   0.0     1   322     6   343     6   374 0.90 <unknown description>
178139at5125_57161_0:002a0d|CM010805.1:1611337-1613154|-   -            588 178139               -            439  1.5e-204  669.4   0.4   2   2   0.00036   0.00036    9.1   0.1   319   354   481   516   466   523 0.84 <unknown description>
178139at5125_468837_0:0001ac|CM010805.1:1600059-1613154|-  -            626 178139               -            439  1.8e-204  669.1   0.3   1   2  3.5e-201  3.5e-201  658.3   0.0     1   322     6   343     6   374 0.90 <unknown description>
178139at5125_468837_0:0001ac|CM010805.1:1600059-1613154|-  -            626 178139               -            439  1.8e-204  669.1   0.3   2   2   0.00039   0.00039    8.9   0.1   319   353   481   515   466   522 0.84 <unknown description>
178139at5125_426428_0:003623|CM010805.1:1612132-1613154|-  -            323 178139               -            439  4.9e-196  641.3   0.1   1   1  5.9e-196  5.9e-196  641.1   0.1     1   301     6   317     6   321 0.94 <unknown description>
178139at5125_1344414_0:001fb0|CM010805.1:1612360-1613154|- -            247 178139               -            439  1.4e-176  577.3   1.9   1   1  1.5e-176  1.5e-176  577.1   1.9     1   237     6   247     6   247 0.97 <unknown description>
178139at5125_2773459_0:000623|CM010805.1:1612258-1612924|- -            223 178139               -            439  1.5e-138  451.9   0.2   1   1  1.7e-138  1.7e-138  451.8   0.2    54   267     1   221     1   223 0.94 <unknown description>
178139at5125_2692428_0:002e19|CM010805.1:1612600-1613071|- -            158 178139               -            439  1.4e-119  389.4   0.1   1   1  1.6e-119  1.6e-119  389.2   0.1     7   159     3   155     2   158 0.98 <unknown description>
178139at5125_2773459_0:0033bd|CM010805.1:1610599-1612312|- -            572 178139               -            439   5.2e-33  104.1   3.3   1   5   1.4e-16   1.4e-16   49.9   0.1   256   322     6    81     2   112 0.75 <unknown description>
178139at5125_2773459_0:0033bd|CM010805.1:1610599-1612312|- -            572 178139               -            439   5.2e-33  104.1   3.3   2   5   0.00033   0.00033    9.2   0.1   319   354   219   254   204   263 0.85 <unknown description>
178139at5125_2773459_0:0033bd|CM010805.1:1610599-1612312|- -            572 178139               -            439   5.2e-33  104.1   3.3   3   5     0.015     0.015    3.7   0.0   351   374   321   344   269   364 0.73 <unknown description>
178139at5125_2773459_0:0033bd|CM010805.1:1610599-1612312|- -            572 178139               -            439   5.2e-33  104.1   3.3   4   5    0.0009    0.0009    7.7   0.0   389   411   484   506   473   518 0.85 <unknown description>
178139at5125_2773459_0:0033bd|CM010805.1:1610599-1612312|- -            572 178139               -            439   5.2e-33  104.1   3.3   5   5   2.1e-10   2.1e-10   29.6   0.0   411   439   541   569   522   569 0.92 <unknown description>
#
# Program:         hmmsearch
# Version:         3.4 (Aug 2023)
# Pipeline mode:   SEARCH
# Query file:      /home/arafat/busco_downloads/lineages/hypocreales_odb12.2/hmms/178139at5125.hmm
# Target file:     /home/arafat/Foxy_SIX_Evolution/results/busco/GCA_003615085.1/run_hypocreales_odb12.2/miniprot_output/translated_proteins/178139at5125.faa
# Option settings: hmmsearch --domtblout /home/arafat/Foxy_SIX_Evolution/results/busco/GCA_003615085.1/run_hypocreales_odb12.2/hmmer_output/178139at5125.out --cpu 1 /home/arafat/busco_downloads/lineages/hypocreales_odb12.2/hmms/178139at5125.hmm /home/arafat/Foxy_SIX_Evolution/results/busco/GCA_003615085.1/run_hypocreales_odb12.2/miniprot_output/translated_proteins/178139at5125.faa 
# Current dir:     /home/arafat/Foxy_SIX_Evolution
# Date:            Thu Sep 24 13:58:42 2026
# [ok]
