#                                                                                                                  --- full sequence --- -------------- this domain -------------   hmm coord   ali coord   env coord
# target name                                              accession   tlen query name           accession   qlen   E-value  score  bias   #  of  c-Evalue  i-Evalue  score  bias  from    to  from    to  from    to  acc description of target
#                                      ------------------- ---------- ----- -------------------- ---------- ----- --------- ------ ----- --- --- --------- --------- ------ ----- ----- ----- ----- ----- ----- ----- ---- ---------------------
178597at5125_96317_0:0046b2|CM010805.1:1840315-1841683|-   -            437 178597               -            407  4.3e-158  516.9  24.6   1   2  1.9e-122  1.9e-122  399.5  22.9     1   321     1   327     1   330 0.91 <unknown description>
178597at5125_96317_0:0046b2|CM010805.1:1840315-1841683|-   -            437 178597               -            407  4.3e-158  516.9  24.6   2   2   9.1e-37   9.1e-37  117.3   0.0   320   407   350   436   348   436 0.96 <unknown description>
178597at5125_1967640_0:000979|CM010805.1:1840369-1843502|- -            260 178597               -            407  6.9e-112  364.7   9.7   1   1  7.5e-112  7.5e-112  364.6   9.7   142   390    10   260     1   260 0.87 <unknown description>
178597at5125_117187_0:002257|CM010805.1:1840315-1841008|-  -            208 178597               -            407  1.5e-110  360.3   3.2   1   1  1.6e-110  1.6e-110  360.2   3.2   203   407     6   207     1   207 0.95 <unknown description>
178597at5125_2885761_0:00201f|CM010805.1:1840315-1841326|- -            305 178597               -            407  3.8e-107  349.1   3.5   1   1  4.7e-107  4.7e-107  348.8   3.5    98   407     1   304     1   304 0.83 <unknown description>
178597at5125_93591_0:000c8f|CM010805.1:1840423-1841155|-   -            221 178597               -            407  9.2e-107  347.8   7.8   1   1    1e-106    1e-106  347.7   7.8   155   372     2   219     1   221 0.90 <unknown description>
178597at5125_1344414_0:00189e|CM010805.1:1840648-1841479|- -            278 178597               -            407  1.4e-104  340.7  18.5   1   1  1.5e-104  1.5e-104  340.5  18.5    48   319     1   277     1   278 0.90 <unknown description>
178597at5125_12942_0:0005f8|CM010805.1:1840423-1840939|-   -            149 178597               -            407   6.8e-95  308.7   4.8   1   1   7.4e-95   7.4e-95  308.6   4.8   222   372     1   147     1   149 0.97 <unknown description>
178597at5125_33203_0:0012ec|CM010805.1:1840315-1840834|-   -            150 178597               -            407   1.7e-90  294.2   1.2   1   1   1.9e-90   1.9e-90  294.1   1.2   259   407     3   149     1   149 0.96 <unknown description>
178597at5125_452589_0:001fa4|CM010805.1:1840480-1840882|-  -            111 178597               -            407   1.5e-81  264.8   5.9   1   1   1.6e-81   1.6e-81  264.7   5.9   241   351     1   110     1   111 0.98 <unknown description>
178597at5125_96774_0:000f50|CM010805.1:1840648-1841164|-   -            173 178597               -            407   2.9e-74  240.8   9.7   1   1   3.2e-74   3.2e-74  240.7   9.7   152   319     2   172     1   173 0.88 <unknown description>
178597at5125_58853_0:0024fb|CM010805.1:1840384-1840726|-   -             91 178597               -            407   3.3e-57  184.6   0.2   1   1   3.6e-57   3.6e-57  184.5   0.2   294   384     1    90     1    91 0.96 <unknown description>
#
# Program:         hmmsearch
# Version:         3.4 (Aug 2023)
# Pipeline mode:   SEARCH
# Query file:      /home/arafat/busco_downloads/lineages/hypocreales_odb12.2/hmms/178597at5125.hmm
# Target file:     /home/arafat/Foxy_SIX_Evolution/results/busco/GCA_003615085.1/run_hypocreales_odb12.2/miniprot_output/translated_proteins/178597at5125.faa
# Option settings: hmmsearch --domtblout /home/arafat/Foxy_SIX_Evolution/results/busco/GCA_003615085.1/run_hypocreales_odb12.2/hmmer_output/178597at5125.out --cpu 1 /home/arafat/busco_downloads/lineages/hypocreales_odb12.2/hmms/178597at5125.hmm /home/arafat/Foxy_SIX_Evolution/results/busco/GCA_003615085.1/run_hypocreales_odb12.2/miniprot_output/translated_proteins/178597at5125.faa 
# Current dir:     /home/arafat/Foxy_SIX_Evolution
# Date:            Thu Sep 24 13:58:08 2026
# [ok]
