#                                                                                                                  --- full sequence --- -------------- this domain -------------   hmm coord   ali coord   env coord
# target name                                              accession   tlen query name           accession   qlen   E-value  score  bias   #  of  c-Evalue  i-Evalue  score  bias  from    to  from    to  from    to  acc description of target
#                                      ------------------- ---------- ----- -------------------- ---------- ----- --------- ------ ----- --- --- --------- --------- ------ ----- ----- ----- ----- ----- ----- ----- ---- ---------------------
179206at5125_1080343_0:000661|CM010802.1:2786614-2787470|- -            267 179206               -            176   1.5e-71  228.4  27.1   1   2   8.1e-65   8.1e-65  206.4  12.1     1   163     1   175     1   178 0.84 <unknown description>
179206at5125_1080343_0:000661|CM010802.1:2786614-2787470|- -            267 179206               -            176   1.5e-71  228.4  27.1   2   2   7.7e-10   7.7e-10   27.3  12.3   109   176   160   222   157   222 0.67 <unknown description>
179206at5125_660027_0:00101e|CM010802.1:2785969-2787470|-  -            325 179206               -            176   2.6e-71  227.5  27.1   1   2   1.4e-64   1.4e-64  205.6  12.1     1   163     1   175     1   178 0.84 <unknown description>
179206at5125_660027_0:00101e|CM010802.1:2785969-2787470|-  -            325 179206               -            176   2.6e-71  227.5  27.1   2   2   1.1e-09   1.1e-09   26.9  12.2   109   176   160   222   157   222 0.67 <unknown description>
179206at5125_1081107_0:000f86|CM010802.1:2786797-2787470|- -            202 179206               -            176     7e-68  216.4  22.8   1   2   2.8e-65   2.8e-65  207.9  11.1     1   162     1   170     1   174 0.87 <unknown description>
179206at5125_1081107_0:000f86|CM010802.1:2786797-2787470|- -            202 179206               -            176     7e-68  216.4  22.8   2   2   1.5e-05   1.5e-05   13.4   8.7   110   162   157   202   154   202 0.61 <unknown description>
179206at5125_122381_0:0026b0|CM010802.1:2786995-2787470|-  -            159 179206               -            176   3.9e-64  204.2   3.1   1   1   4.6e-64   4.6e-64  203.9   3.1     1   133     1   143     1   156 0.89 <unknown description>
179206at5125_655819_0:001075|CM010802.1:2786638-2787314|-  -            203 179206               -            176   9.8e-44  137.7  22.0   1   2     2e-36     2e-36  113.9   7.8    50   163     2   119     1   124 0.83 <unknown description>
179206at5125_655819_0:001075|CM010802.1:2786638-2787314|-  -            203 179206               -            176   9.8e-44  137.7  22.0   2   2   5.9e-10   5.9e-10   27.7  12.4   110   176   105   166   102   166 0.67 <unknown description>
#
# Program:         hmmsearch
# Version:         3.4 (Aug 2023)
# Pipeline mode:   SEARCH
# Query file:      /home/arafat/busco_downloads/lineages/hypocreales_odb12.2/hmms/179206at5125.hmm
# Target file:     /home/arafat/Foxy_SIX_Evolution/results/busco/GCA_003615085.1/run_hypocreales_odb12.2/miniprot_output/translated_proteins/179206at5125.faa
# Option settings: hmmsearch --domtblout /home/arafat/Foxy_SIX_Evolution/results/busco/GCA_003615085.1/run_hypocreales_odb12.2/hmmer_output/179206at5125.out --cpu 1 /home/arafat/busco_downloads/lineages/hypocreales_odb12.2/hmms/179206at5125.hmm /home/arafat/Foxy_SIX_Evolution/results/busco/GCA_003615085.1/run_hypocreales_odb12.2/miniprot_output/translated_proteins/179206at5125.faa 
# Current dir:     /home/arafat/Foxy_SIX_Evolution
# Date:            Thu Sep 24 13:58:15 2026
# [ok]
