#                                                                                                                     --- full sequence --- -------------- this domain -------------   hmm coord   ali coord   env coord
# target name                                                 accession   tlen query name           accession   qlen   E-value  score  bias   #  of  c-Evalue  i-Evalue  score  bias  from    to  from    to  from    to  acc description of target
#                                         ------------------- ---------- ----- -------------------- ---------- ----- --------- ------ ----- --- --- --------- --------- ------ ----- ----- ----- ----- ----- ----- ----- ---- ---------------------
180287at5125_1080343_0:002f35|CM010804.1:3227061-3228530|+    -            469 180287               -            130   3.4e-59  188.5  23.6   1   2   3.3e-53   3.3e-53  169.2  13.3     1   107   191   315   191   333 0.78 <unknown description>
180287at5125_1080343_0:002f35|CM010804.1:3227061-3228530|+    -            469 180287               -            130   3.4e-59  188.5  23.6   2   2   1.9e-06   1.9e-06   18.0   2.6    70   130   374   440   354   440 0.65 <unknown description>
180287at5125_1283841_0:001377|CM010804.1:3222293-3228494|+    -            510 180287               -            130   5.5e-57  181.4  31.0   1   3       3.6       3.6   -2.3   0.8    70   102    61    75    19   104 0.48 <unknown description>
180287at5125_1283841_0:001377|CM010804.1:3222293-3228494|+    -            510 180287               -            130   5.5e-57  181.4  31.0   2   3   3.4e-53   3.4e-53  169.1  13.1     1   107   244   368   244   386 0.79 <unknown description>
180287at5125_1283841_0:001377|CM010804.1:3222293-3228494|+    -            510 180287               -            130   5.5e-57  181.4  31.0   3   3   2.1e-06   2.1e-06   17.8   2.6    70   130   427   493   407   493 0.65 <unknown description>
180287at5125_485398_0:004339|CM010804.1:3227193-3228137|+     -            294 180287               -            130   3.8e-56  178.7  13.3   1   1   1.2e-53   1.2e-53  170.6  13.3     1   107   147   271   147   289 0.78 <unknown description>
180287at5125_72712_0:002363|CM010804.1:3227571-3228237|+      -            158 180287               -            130   2.5e-54  172.8   5.8   1   1   3.1e-54   3.1e-54  172.5   5.8     1    94    21   117    21   152 0.86 <unknown description>
180287at5125_64609_0:003eda|CM010804.1:3227631-3227954|+      -             87 180287               -            130   1.2e-53  170.6   5.7   1   1   1.3e-53   1.3e-53  170.5   5.7     1    83     1    86     1    87 0.96 <unknown description>
180287at5125_5507_3:004167|MRCU01000010.1:1555142-1556057|+   -            285 180287               -            130   5.6e-47  149.0  17.3   1   2   1.3e-45   1.3e-45  144.7  10.1     2   106     5   125     4   144 0.79 <unknown description>
180287at5125_5507_3:004167|MRCU01000010.1:1555142-1556057|+   -            285 180287               -            130   5.6e-47  149.0  17.3   2   2     0.053     0.053    3.6   0.7    70   130   185   251   163   251 0.61 <unknown description>
180287at5125_1081104_0:000ae0|CM010804.1:3227759-3228521|+    -            255 180287               -            130     1e-45  145.0  18.1   1   3   4.3e-38   4.3e-38  120.3   2.6    21    94     1    76     1    80 0.91 <unknown description>
180287at5125_1081104_0:000ae0|CM010804.1:3227759-3228521|+    -            255 180287               -            130     1e-45  145.0  18.1   2   3   1.2e-05   1.2e-05   15.4   0.8    78   107    75   104    70   122 0.74 <unknown description>
180287at5125_1081104_0:000ae0|CM010804.1:3227759-3228521|+    -            255 180287               -            130     1e-45  145.0  18.1   3   3   6.4e-07   6.4e-07   19.5   2.5    70   130   163   229   141   229 0.66 <unknown description>
180287at5125_451672_0:000716|CM010804.1:3227750-3228153|+     -            135 180287               -            130   1.7e-45  144.3   9.2   1   2   1.9e-41   1.9e-41  131.1   3.6    18    94     1    79     1    83 0.91 <unknown description>
180287at5125_451672_0:000716|CM010804.1:3227750-3228153|+     -            135 180287               -            130   1.7e-45  144.3   9.2   2   2   2.2e-06   2.2e-06   17.8   0.9    78   118    78   121    73   130 0.69 <unknown description>
180287at5125_396571_0:0042b8|MRCU01000010.1:1554776-1556057|+ -            407 180287               -            130   1.7e-45  144.2  21.5   1   3       1.5       1.5   -1.1   0.1    88   114    21    47     9    59 0.73 <unknown description>
180287at5125_396571_0:0042b8|MRCU01000010.1:1554776-1556057|+ -            407 180287               -            130   1.7e-45  144.2  21.5   2   3   2.4e-45   2.4e-45  143.8   9.9     2   106   127   247   126   265 0.79 <unknown description>
180287at5125_396571_0:0042b8|MRCU01000010.1:1554776-1556057|+ -            407 180287               -            130   1.7e-45  144.2  21.5   3   3     0.092     0.092    2.8   0.6    70   130   307   373   285   373 0.61 <unknown description>
180287at5125_660025_0:0019ad|CM010804.1:3227193-3227819|+     -            188 180287               -            130   4.1e-22   68.6  13.4   1   2       3.8       3.8   -2.4   0.3    70    80    55    65    33    83 0.52 <unknown description>
180287at5125_660025_0:0019ad|CM010804.1:3227193-3227819|+     -            188 180287               -            130   4.1e-22   68.6  13.4   2   2   4.1e-22   4.1e-22   68.6  13.4     1    39   147   188   147   188 0.96 <unknown description>
180287at5125_1147111_0:00329f|CM010804.1:3227984-3228530|+    -            183 180287               -            130   1.6e-10   31.1   9.1   1   2   1.8e-05   1.8e-05   14.8   0.5    80   107     2    29     1    48 0.72 <unknown description>
180287at5125_1147111_0:00329f|CM010804.1:3227984-3228530|+    -            183 180287               -            130   1.6e-10   31.1   9.1   2   2   3.2e-07   3.2e-07   20.5   2.5    70   130    88   154    65   154 0.66 <unknown description>
180287at5125_1806559_0:0018df|CM010804.1:3227193-3227685|+    -            165 180287               -            130   1.6e-08   24.7   4.3   1   2       2.7       2.7   -1.9   0.3    70    81    55    66    32    85 0.53 <unknown description>
180287at5125_1806559_0:0018df|CM010804.1:3227193-3227685|+    -            165 180287               -            130   1.6e-08   24.7   4.3   2   2   1.6e-08   1.6e-08   24.7   4.3     1    17   147   163   147   165 0.95 <unknown description>
#
# Program:         hmmsearch
# Version:         3.4 (Aug 2023)
# Pipeline mode:   SEARCH
# Query file:      /home/arafat/busco_downloads/lineages/hypocreales_odb12.2/hmms/180287at5125.hmm
# Target file:     /home/arafat/Foxy_SIX_Evolution/results/busco/GCA_003615085.1/run_hypocreales_odb12.2/miniprot_output/translated_proteins/180287at5125.faa
# Option settings: hmmsearch --domtblout /home/arafat/Foxy_SIX_Evolution/results/busco/GCA_003615085.1/run_hypocreales_odb12.2/hmmer_output/180287at5125.out --cpu 1 /home/arafat/busco_downloads/lineages/hypocreales_odb12.2/hmms/180287at5125.hmm /home/arafat/Foxy_SIX_Evolution/results/busco/GCA_003615085.1/run_hypocreales_odb12.2/miniprot_output/translated_proteins/180287at5125.faa 
# Current dir:     /home/arafat/Foxy_SIX_Evolution
# Date:            Thu Sep 24 13:58:24 2026
# [ok]
