#                                                                                                                  --- full sequence --- -------------- this domain -------------   hmm coord   ali coord   env coord
# target name                                              accession   tlen query name           accession   qlen   E-value  score  bias   #  of  c-Evalue  i-Evalue  score  bias  from    to  from    to  from    to  acc description of target
#                                      ------------------- ---------- ----- -------------------- ---------- ----- --------- ------ ----- --- --- --------- --------- ------ ----- ----- ----- ----- ----- ----- ----- ---- ---------------------
187533at5125_282569_0:001548|CM010800.1:3148181-3149268|-  -            277 187533               -            250    4e-165  536.3   0.2   1   1  4.6e-165  4.6e-165  536.1   0.2     1   250     1   250     1   250 0.99 <unknown description>
187533at5125_1081105_0:001614|CM010800.1:3146069-3149268|- -            650 187533               -            250  9.1e-164  531.9   0.1   1   1  1.3e-163  1.3e-163  531.3   0.1     1   248     1   248     1   250 0.99 <unknown description>
187533at5125_45235_0:0005f7|CM010800.1:3148434-3149268|-   -            244 187533               -            250  1.8e-147  478.5   1.7   1   2  2.4e-112  2.4e-112  363.4   0.2     1   166     1   166     1   177 0.98 <unknown description>
187533at5125_45235_0:0005f7|CM010800.1:3148434-3149268|-   -            244 187533               -            250  1.8e-147  478.5   1.7   2   2   1.7e-36   1.7e-36  115.0   0.1   163   227   180   244   169   244 0.96 <unknown description>
187533at5125_254901_0:00122a|CM010800.1:3148676-3149268|-  -            164 187533               -            250  2.4e-112  363.4   0.3   1   1  2.7e-112  2.7e-112  363.2   0.3     1   163     1   163     1   164 1.00 <unknown description>
187533at5125_96774_0:000f7f|CM010800.1:3148362-3148922|-   -            170 187533               -            250  2.6e-105  340.4   0.1   1   1  2.8e-105  2.8e-105  340.2   0.1    82   250     1   169     1   169 0.99 <unknown description>
187533at5125_1399860_1:000a42|CM010800.1:3148362-3148766|- -            118 187533               -            250     1e-68  220.5   0.2   1   1   1.1e-68   1.1e-68  220.4   0.2   134   250     1   117     1   117 0.99 <unknown description>
187533at5125_254901_0:0001a6|CM010800.1:3148362-3148611|-  -             84 187533               -            250   8.4e-47  148.7   0.1   1   1   9.2e-47   9.2e-47  148.6   0.1   168   250     1    83     1    83 0.99 <unknown description>
187533at5125_96774_0:000dc5|CM010800.1:3148979-3149190|-   -             56 187533               -            250   3.9e-38  120.3   1.1   1   1   4.2e-38   4.2e-38  120.2   1.1    27    81     1    55     1    56 0.99 <unknown description>
#
# Program:         hmmsearch
# Version:         3.4 (Aug 2023)
# Pipeline mode:   SEARCH
# Query file:      /home/arafat/busco_downloads/lineages/hypocreales_odb12.2/hmms/187533at5125.hmm
# Target file:     /home/arafat/Foxy_SIX_Evolution/results/busco/GCA_003615085.1/run_hypocreales_odb12.2/miniprot_output/translated_proteins/187533at5125.faa
# Option settings: hmmsearch --domtblout /home/arafat/Foxy_SIX_Evolution/results/busco/GCA_003615085.1/run_hypocreales_odb12.2/hmmer_output/187533at5125.out --cpu 1 /home/arafat/busco_downloads/lineages/hypocreales_odb12.2/hmms/187533at5125.hmm /home/arafat/Foxy_SIX_Evolution/results/busco/GCA_003615085.1/run_hypocreales_odb12.2/miniprot_output/translated_proteins/187533at5125.faa 
# Current dir:     /home/arafat/Foxy_SIX_Evolution
# Date:            Thu Sep 24 13:58:31 2026
# [ok]
