#                                                                                                                  --- full sequence --- -------------- this domain -------------   hmm coord   ali coord   env coord
# target name                                              accession   tlen query name           accession   qlen   E-value  score  bias   #  of  c-Evalue  i-Evalue  score  bias  from    to  from    to  from    to  acc description of target
#                                      ------------------- ---------- ----- -------------------- ---------- ----- --------- ------ ----- --- --- --------- --------- ------ ----- ----- ----- ----- ----- ----- ----- ---- ---------------------
187890at5125_100902_0:004c75|CM010800.1:4367268-4369935|-  -            856 187890               -            626         0 1218.5   8.4   1   1         0         0 1216.7   8.4     2   624     3   689     2   691 0.91 <unknown description>
187890at5125_327505_0:000675|CM010800.1:4367268-4373809|-  -           1758 187890               -            626         0 1216.4   7.3   1   1         0         0 1215.0   7.3     2   624   905  1591   904  1593 0.91 <unknown description>
187890at5125_2004951_0:001a2a|CM010800.1:4367918-4369938|- -            614 187890               -            626         0 1070.6   2.0   1   1         0         0 1070.3   2.0     2   544     4   591     3   596 0.92 <unknown description>
187890at5125_101201_0:00125e|CM010800.1:4367298-4369426|-  -            694 187890               -            626         0 1037.4   7.2   1   1         0         0 1035.4   7.2   121   624     1   537     1   539 0.95 <unknown description>
187890at5125_983965_0:0021b9|CM010800.1:4368471-4369932|-  -            454 187890               -            626  1.8e-243  798.2   0.1   1   1    2e-243    2e-243  798.1   0.1     2   416     2   454     1   454 0.91 <unknown description>
187890at5125_468837_0:000e83|CM010800.1:4368795-4369905|-  -            337 187890               -            626  5.1e-176  575.4   0.5   1   1  6.1e-176  6.1e-176  575.1   0.5    11   309    10   337     3   337 0.91 <unknown description>
187890at5125_229533_0:00011a|CM010800.1:4367268-4368663|-  -            466 187890               -            626  2.6e-161  526.8  10.5   1   1  1.4e-160  1.4e-160  524.4  10.5   353   624     1   299     1   301 0.91 <unknown description>
187890at5125_5518_0:000794|CM010800.1:4369370-4369935|-    -            189 187890               -            626   1.6e-46  147.6   0.2   1   1     2e-46     2e-46  147.3   0.2     2   115     3   147     2   153 0.77 <unknown description>
#
# Program:         hmmsearch
# Version:         3.4 (Aug 2023)
# Pipeline mode:   SEARCH
# Query file:      /home/arafat/busco_downloads/lineages/hypocreales_odb12.2/hmms/187890at5125.hmm
# Target file:     /home/arafat/Foxy_SIX_Evolution/results/busco/GCA_003615085.1/run_hypocreales_odb12.2/miniprot_output/translated_proteins/187890at5125.faa
# Option settings: hmmsearch --domtblout /home/arafat/Foxy_SIX_Evolution/results/busco/GCA_003615085.1/run_hypocreales_odb12.2/hmmer_output/187890at5125.out --cpu 1 /home/arafat/busco_downloads/lineages/hypocreales_odb12.2/hmms/187890at5125.hmm /home/arafat/Foxy_SIX_Evolution/results/busco/GCA_003615085.1/run_hypocreales_odb12.2/miniprot_output/translated_proteins/187890at5125.faa 
# Current dir:     /home/arafat/Foxy_SIX_Evolution
# Date:            Thu Sep 24 13:58:33 2026
# [ok]
