#                                                                                                                  --- full sequence --- -------------- this domain -------------   hmm coord   ali coord   env coord
# target name                                              accession   tlen query name           accession   qlen   E-value  score  bias   #  of  c-Evalue  i-Evalue  score  bias  from    to  from    to  from    to  acc description of target
#                                      ------------------- ---------- ----- -------------------- ---------- ----- --------- ------ ----- --- --- --------- --------- ------ ----- ----- ----- ----- ----- ----- ----- ---- ---------------------
189094at5125_100902_0:004c73|CM010800.1:4218476-4219437|-  -            204 189094               -            201  4.8e-138  446.4  16.4   1   1  5.3e-138  5.3e-138  446.3  16.4     1   201     1   203     1   203 0.99 <unknown description>
189094at5125_1080343_0:0019da|CM010800.1:4218476-4219724|- -            263 189094               -            201  1.1e-137  445.2  16.4   1   1  1.4e-137  1.4e-137  444.9  16.4     1   201    60   262    60   262 0.99 <unknown description>
189094at5125_2039875_0:000599|CM010800.1:4218476-4220299|- -            324 189094               -            201  2.1e-137  444.3  16.4   1   1  2.6e-137  2.6e-137  444.0  16.4     1   201   121   323   121   323 0.99 <unknown description>
189094at5125_1094350_0:0018b4|CM010800.1:4218476-4225735|- -            347 189094               -            201  2.5e-137  444.0  16.4   1   1  3.2e-137  3.2e-137  443.7  16.4     1   201   144   346   144   346 0.99 <unknown description>
189094at5125_1567544_0:0025ab|CM010800.1:4218476-4220820|- -            521 189094               -            201  4.6e-137  443.2  16.4   1   1  8.6e-137  8.6e-137  442.3  16.4     1   201   318   520   318   520 0.99 <unknown description>
189094at5125_1111077_0:00148e|CM010800.1:4218476-4223939|- -            457 189094               -            201  6.4e-137  442.7  16.4   1   2       1.4       1.4   -2.4   0.0    55    64    37    46    18    82 0.49 <unknown description>
189094at5125_1111077_0:00148e|CM010800.1:4218476-4223939|- -            457 189094               -            201  6.4e-137  442.7  16.4   2   2  6.4e-137  6.4e-137  442.7  16.4     1   201   254   456   254   456 0.99 <unknown description>
189094at5125_123648_0:001b3f|CM010800.1:4218898-4219437|-  -            122 189094               -            201   2.5e-39  124.1   2.9   1   2   4.1e-09   4.1e-09   25.4   0.0     1    28     1    28     1    45 0.90 <unknown description>
189094at5125_123648_0:001b3f|CM010800.1:4218898-4219437|-  -            122 189094               -            201   2.5e-39  124.1   2.9   2   2   3.4e-31   3.4e-31   97.5   2.5    29    79    69   119    61   122 0.94 <unknown description>
#
# Program:         hmmsearch
# Version:         3.4 (Aug 2023)
# Pipeline mode:   SEARCH
# Query file:      /home/arafat/busco_downloads/lineages/hypocreales_odb12.2/hmms/189094at5125.hmm
# Target file:     /home/arafat/Foxy_SIX_Evolution/results/busco/GCA_003615085.1/run_hypocreales_odb12.2/miniprot_output/translated_proteins/189094at5125.faa
# Option settings: hmmsearch --domtblout /home/arafat/Foxy_SIX_Evolution/results/busco/GCA_003615085.1/run_hypocreales_odb12.2/hmmer_output/189094at5125.out --cpu 1 /home/arafat/busco_downloads/lineages/hypocreales_odb12.2/hmms/189094at5125.hmm /home/arafat/Foxy_SIX_Evolution/results/busco/GCA_003615085.1/run_hypocreales_odb12.2/miniprot_output/translated_proteins/189094at5125.faa 
# Current dir:     /home/arafat/Foxy_SIX_Evolution
# Date:            Thu Sep 24 13:58:38 2026
# [ok]
