#                                                                                                                    --- full sequence --- -------------- this domain -------------   hmm coord   ali coord   env coord
# target name                                                accession   tlen query name           accession   qlen   E-value  score  bias   #  of  c-Evalue  i-Evalue  score  bias  from    to  from    to  from    to  acc description of target
#                                        ------------------- ---------- ----- -------------------- ---------- ----- --------- ------ ----- --- --- --------- --------- ------ ----- ----- ----- ----- ----- ----- ----- ---- ---------------------
189222at5125_1294630_0:0013c3|MRCU01000017.1:199415-207753|- -            625 189222               -            591  4.8e-302  991.9   0.0   1   1  5.5e-302  5.5e-302  991.6   0.0     1   590    12   616    12   617 0.96 <unknown description>
189222at5125_2231603_0:001a16|MRCU01000017.1:205851-213062|- -            656 189222               -            591  5.7e-302  991.6   0.0   1   1  6.6e-302  6.6e-302  991.4   0.0     1   590    48   652    48   653 0.96 <unknown description>
189222at5125_1080343_0:0004a3|MRCU01000017.1:205851-208152|- -            702 189222               -            591  7.3e-302  991.2   0.0   1   1  8.5e-302  8.5e-302  991.0   0.0     1   590    94   698    94   699 0.96 <unknown description>
189222at5125_1081105_0:000a58|MRCU01000017.1:183033-207753|- -            887 189222               -            591  1.4e-301  990.3   0.0   1   1  1.7e-301  1.7e-301  990.1   0.0     1   590    12   616    12   617 0.96 <unknown description>
189222at5125_5518_0:0025c6|MRCU01000017.1:205860-211238|-    -            855 189222               -            591  1.4e-301  990.3   0.0   1   1  1.7e-301  1.7e-301  990.1   0.0     1   590   250   854   250   855 0.96 <unknown description>
189222at5125_282569_0:0031db|MRCU01000017.1:205851-209710|-  -           1046 189222               -            591  2.5e-301  989.5   0.0   1   1    3e-301    3e-301  989.2   0.0     1   590   438  1042   438  1043 0.96 <unknown description>
189222at5125_1331945_0:00112d|MRCU01000017.1:205854-207396|- -            500 189222               -            591    5e-260  853.1   0.0   1   1  5.7e-260  5.7e-260  852.9   0.0   104   590     1   497     1   498 0.96 <unknown description>
189222at5125_911162_0:00075d|MRCU01000017.1:206061-207759|-  -            552 189222               -            591  2.6e-256  840.8   0.0   1   1  2.9e-256  2.9e-256  840.7   0.0     1   524    14   552    14   552 0.95 <unknown description>
189222at5125_1229664_0:0030df|MRCU01000017.1:205851-206943|- -            350 189222               -            591  1.4e-173  567.6   0.0   1   1  1.6e-173  1.6e-173  567.5   0.0   251   590     1   346     1   347 0.96 <unknown description>
189222at5125_1043627_0:000e4e|MRCU01000017.1:207129-207810|- -            228 189222               -            591  8.2e-103  333.9   0.2   1   1  9.3e-103  9.3e-103  333.8   0.2     1   193    31   228    31   228 0.96 <unknown description>
#
# Program:         hmmsearch
# Version:         3.4 (Aug 2023)
# Pipeline mode:   SEARCH
# Query file:      /home/arafat/busco_downloads/lineages/hypocreales_odb12.2/hmms/189222at5125.hmm
# Target file:     /home/arafat/Foxy_SIX_Evolution/results/busco/GCA_003615085.1/run_hypocreales_odb12.2/miniprot_output/translated_proteins/189222at5125.faa
# Option settings: hmmsearch --domtblout /home/arafat/Foxy_SIX_Evolution/results/busco/GCA_003615085.1/run_hypocreales_odb12.2/hmmer_output/189222at5125.out --cpu 1 /home/arafat/busco_downloads/lineages/hypocreales_odb12.2/hmms/189222at5125.hmm /home/arafat/Foxy_SIX_Evolution/results/busco/GCA_003615085.1/run_hypocreales_odb12.2/miniprot_output/translated_proteins/189222at5125.faa 
# Current dir:     /home/arafat/Foxy_SIX_Evolution
# Date:            Thu Sep 24 13:58:38 2026
# [ok]
