#                                                                                                                      --- full sequence --- -------------- this domain -------------   hmm coord   ali coord   env coord
# target name                                                  accession   tlen query name           accession   qlen   E-value  score  bias   #  of  c-Evalue  i-Evalue  score  bias  from    to  from    to  from    to  acc description of target
#                                          ------------------- ---------- ----- -------------------- ---------- ----- --------- ------ ----- --- --- --------- --------- ------ ----- ----- ----- ----- ----- ----- ----- ---- ---------------------
191273at5125_100902_0:001468|MRCU01000005.1:4263220-4264707|-  -            480 191273               -            460  4.9e-286  938.9   1.1   1   1  5.7e-286  5.7e-286  938.7   1.1    13   459    25   476     5   477 0.96 <unknown description>
191273at5125_490622_0:001892|CM010807.1:198416-201400|-        -            475 191273               -            460  4.6e-276  906.0   1.3   1   1  5.5e-276  5.5e-276  905.7   1.3     9   459    16   471     9   472 0.97 <unknown description>
191273at5125_100902_0:0026da|CM010807.1:198416-199846|-        -            461 191273               -            460  1.4e-272  894.5   3.7   1   1  1.7e-272  1.7e-272  894.2   3.7    31   459    24   457     7   458 0.97 <unknown description>
191273at5125_396571_0:001e17|CM010802.1:70726-72156|-          -            461 191273               -            460  7.9e-272  892.0   3.4   1   1  9.4e-272  9.4e-272  891.8   3.4    31   459    24   457     5   458 0.98 <unknown description>
191273at5125_1237068_0:003053|MRCU01000005.1:4263220-4264338|- -            357 191273               -            460  2.2e-233  765.3   3.2   1   1  2.5e-233  2.5e-233  765.1   3.2   107   459     1   353     1   354 1.00 <unknown description>
191273at5125_5507_2:0031d0|CM010807.1:198416-199549|-          -            362 191273               -            460  2.7e-232  761.7   6.6   1   1    3e-232    3e-232  761.5   6.6   102   459     1   358     1   359 1.00 <unknown description>
191273at5125_5507_2:0031d0|CM010802.1:70726-71859|-            -            362 191273               -            460  3.8e-230  754.6   5.8   1   1  4.3e-230  4.3e-230  754.4   5.8   102   459     1   358     1   359 1.00 <unknown description>
191273at5125_2885761_0:002781|MRCU01000005.1:4263632-4264707|- -            359 191273               -            460  4.3e-194  635.8   0.8   1   1  5.4e-194  5.4e-194  635.4   0.8    13   326    25   343     5   355 0.94 <unknown description>
191273at5125_2773459_0:003910|CM010807.1:198994-199846|-       -            285 191273               -            460  7.2e-155  506.5   0.1   1   1  8.4e-155  8.4e-155  506.2   0.1    31   287    24   285     6   285 0.96 <unknown description>
191273at5125_2773459_0:003910|CM010802.1:71304-72156|-         -            285 191273               -            460  2.4e-154  504.7   0.1   1   1  2.8e-154  2.8e-154  504.5   0.1    31   287    24   285     5   285 0.97 <unknown description>
191273at5125_12942_0:00025b|MRCU01000005.1:4263220-4263987|-   -            256 191273               -            460  1.2e-148  486.0   6.9   1   1  2.9e-147  2.9e-147  481.4   6.9   224   459     1   252     1   253 0.97 <unknown description>
191273at5125_12942_0:00025b|CM010807.1:198416-199183|-         -            256 191273               -            460  9.7e-147  479.6   8.7   1   1  1.2e-145  1.2e-145  476.1   8.7   225   459     2   252     1   253 0.97 <unknown description>
191273at5125_2692428_0:0035b4|MRCU01000005.1:4263915-4264701|- -            263 191273               -            460  5.5e-144  470.6   0.7   1   1  6.3e-144  6.3e-144  470.4   0.7    13   248    23   263     3   263 0.93 <unknown description>
191273at5125_2773459_0:002a9b|CM010807.1:198416-198925|-       -            154 191273               -            460  6.4e-102  331.9   2.6   1   1  7.1e-102  7.1e-102  331.7   2.6   310   459     1   150     1   151 0.99 <unknown description>
191273at5125_2773459_0:002a9b|CM010802.1:70726-71235|-         -            154 191273               -            460    2e-101  330.2   2.6   1   1  2.3e-101  2.3e-101  330.1   2.6   310   459     1   150     1   151 0.99 <unknown description>
191273at5125_694270_0:000160|MRCU01000005.1:4264158-4264701|-  -            182 191273               -            460   3.6e-89  289.8   0.3   1   1   4.2e-89   4.2e-89  289.6   0.3    13   167    23   182     3   182 0.90 <unknown description>
191273at5125_1089458_0:004586|CM010807.1:198416-198725|-       -            104 191273               -            460   3.1e-63  204.4   0.1   1   1   3.4e-63   3.4e-63  204.2   0.1   360   459     1   100     1   101 0.99 <unknown description>
191273at5125_1089457_0:004972|CM010802.1:70726-71035|-         -            104 191273               -            460   9.5e-63  202.7   0.1   1   1   1.1e-62   1.1e-62  202.6   0.1   360   459     1   100     1   101 0.98 <unknown description>
191273at5125_2885761_0:002726|MRCU01000005.1:4263220-4263529|- -            104 191273               -            460     4e-62  200.7   0.1   1   1   4.4e-62   4.4e-62  200.5   0.1   360   459     1   100     1   101 0.99 <unknown description>
191273at5125_983965_0:0015cb|CM010807.1:198416-198605|-        -             64 191273               -            460   5.4e-33  104.7   0.0   1   1   5.8e-33   5.8e-33  104.5   0.0   400   459     1    60     1    61 0.98 <unknown description>
191273at5125_983965_0:0015cb|CM010802.1:70726-70915|-          -             64 191273               -            460   1.7e-32  103.0   0.0   1   1   1.8e-32   1.8e-32  102.9   0.0   400   459     1    60     1    61 0.98 <unknown description>
#
# Program:         hmmsearch
# Version:         3.4 (Aug 2023)
# Pipeline mode:   SEARCH
# Query file:      /home/arafat/busco_downloads/lineages/hypocreales_odb12.2/hmms/191273at5125.hmm
# Target file:     /home/arafat/Foxy_SIX_Evolution/results/busco/GCA_003615085.1/run_hypocreales_odb12.2/miniprot_output/translated_proteins/191273at5125.faa
# Option settings: hmmsearch --domtblout /home/arafat/Foxy_SIX_Evolution/results/busco/GCA_003615085.1/run_hypocreales_odb12.2/hmmer_output/191273at5125.out --cpu 1 /home/arafat/busco_downloads/lineages/hypocreales_odb12.2/hmms/191273at5125.hmm /home/arafat/Foxy_SIX_Evolution/results/busco/GCA_003615085.1/run_hypocreales_odb12.2/miniprot_output/translated_proteins/191273at5125.faa 
# Current dir:     /home/arafat/Foxy_SIX_Evolution
# Date:            Thu Sep 24 13:58:27 2026
# [ok]
