#                                                                                                                  --- full sequence --- -------------- this domain -------------   hmm coord   ali coord   env coord
# target name                                              accession   tlen query name           accession   qlen   E-value  score  bias   #  of  c-Evalue  i-Evalue  score  bias  from    to  from    to  from    to  acc description of target
#                                      ------------------- ---------- ----- -------------------- ---------- ----- --------- ------ ----- --- --- --------- --------- ------ ----- ----- ----- ----- ----- ----- ----- ---- ---------------------
191625at5125_1101274_0:000161|CM010802.1:2807079-2809595|- -            565 191625               -            510  3.8e-250  819.9   0.3   1   1  3.8e-250  4.3e-250  819.7   0.3     1   509     1   510     1   511 0.99 <unknown description>
191625at5125_660027_0:001021|CM010802.1:2807893-2809595|-  -            515 191625               -            510  2.6e-248  813.8   0.2   1   1  2.6e-248  2.9e-248  813.6   0.2     5   509     8   513     1   514 0.99 <unknown description>
191625at5125_48485_0:000100|CM010802.1:2804926-2809461|-   -           1128 191625               -            510  6.1e-247  809.3   0.2   1   1  7.4e-247  8.4e-247  808.8   0.2     7   510     2   506     1   506 0.99 <unknown description>
191625at5125_92637_0:001797|CM010802.1:2808100-2809458|-   -            437 191625               -            510  8.9e-226  739.4   0.8   1   1  8.8e-226  9.9e-226  739.3   0.8     7   441     1   436     1   437 0.99 <unknown description>
191625at5125_78864_0:0007a3|CM010802.1:2807893-2809047|-   -            369 191625               -            510  1.6e-183  600.1   0.2   1   1  1.6e-183  1.8e-183  599.9   0.2   144   509     2   367     1   368 1.00 <unknown description>
191625at5125_29875_0:001887|CM010802.1:2808466-2809452|-   -            313 191625               -            510  6.8e-159  518.8   0.2   1   1  6.7e-159  7.6e-159  518.6   0.2     9   319     1   312     1   313 0.99 <unknown description>
191625at5125_858221_0:001406|CM010802.1:2807893-2808532|-  -            214 191625               -            510     4e-92  298.5   0.0   1   1   3.9e-92   4.3e-92  298.4   0.0   300   509     3   212     1   213 0.98 <unknown description>
191625at5125_150374_0:000292|CM010802.1:2808016-2808714|-  -            199 191625               -            510   7.9e-86  277.7   0.0   1   1   1.1e-83   1.2e-83  270.5   0.0   254   470     1   199     1   199 0.98 <unknown description>
#
# Program:         hmmsearch
# Version:         3.4 (Aug 2023)
# Pipeline mode:   SEARCH
# Query file:      /home/arafat/busco_downloads/lineages/hypocreales_odb12.2/hmms/191625at5125.hmm
# Target file:     /home/arafat/Foxy_SIX_Evolution/results/busco/GCA_003615085.1/run_hypocreales_odb12.2/miniprot_output/translated_proteins/191625at5125.faa
# Option settings: hmmsearch --domtblout /home/arafat/Foxy_SIX_Evolution/results/busco/GCA_003615085.1/run_hypocreales_odb12.2/hmmer_output/191625at5125.out --cpu 1 /home/arafat/busco_downloads/lineages/hypocreales_odb12.2/hmms/191625at5125.hmm /home/arafat/Foxy_SIX_Evolution/results/busco/GCA_003615085.1/run_hypocreales_odb12.2/miniprot_output/translated_proteins/191625at5125.faa 
# Current dir:     /home/arafat/Foxy_SIX_Evolution
# Date:            Thu Sep 24 13:58:29 2026
# [ok]
