#                                                                                                                --- full sequence --- -------------- this domain -------------   hmm coord   ali coord   env coord
# target name                                            accession   tlen query name           accession   qlen   E-value  score  bias   #  of  c-Evalue  i-Evalue  score  bias  from    to  from    to  from    to  acc description of target
#                                    ------------------- ---------- ----- -------------------- ---------- ----- --------- ------ ----- --- --- --------- --------- ------ ----- ----- ----- ----- ----- ----- ----- ---- ---------------------
192893at5125_327505_0:002846|CM010804.1:614756-616964|+  -            691 192893               -            564  3.3e-294  965.9  11.2   1   2   1.6e-60   1.6e-60  194.5  12.4     8   181    42   247    25   253 0.73 <unknown description>
192893at5125_327505_0:002846|CM010804.1:614756-616964|+  -            691 192893               -            564  3.3e-294  965.9  11.2   2   2  1.7e-232  1.7e-232  762.2   0.0   179   564   289   685   281   685 0.97 <unknown description>
192893at5125_2039875_0:0002dc|CM010804.1:607997-616958|+ -            741 192893               -            564  4.6e-294  965.4  11.2   1   2   1.8e-60   1.8e-60  194.3  12.3     8   181    94   299    77   305 0.73 <unknown description>
192893at5125_2039875_0:0002dc|CM010804.1:607997-616958|+ -            741 192893               -            564  4.6e-294  965.4  11.2   2   2    2e-232    2e-232  761.9   0.0   179   564   341   737   333   737 0.97 <unknown description>
192893at5125_5507_5:002b68|CM010804.1:613937-616964|+    -            826 192893               -            564    8e-294  964.6  11.1   1   2   2.1e-60   2.1e-60  194.0  12.3     8   181   177   382   160   388 0.73 <unknown description>
192893at5125_5507_5:002b68|CM010804.1:613937-616964|+    -            826 192893               -            564    8e-294  964.6  11.1   2   2  2.6e-232  2.6e-232  761.5   0.0   179   564   424   820   416   820 0.97 <unknown description>
192893at5125_5507_3:00247c|CM010804.1:614756-620651|+    -           1203 192893               -            564    5e-293  962.0  11.2   1   2     4e-60     4e-60  193.1  12.3     8   181    42   247    25   253 0.73 <unknown description>
192893at5125_5507_3:00247c|CM010804.1:614756-620651|+    -           1203 192893               -            564    5e-293  962.0  11.2   2   2  6.1e-232  6.1e-232  760.3   0.0   179   564   289   685   281   685 0.97 <unknown description>
192893at5125_48485_0:0039b0|CM010804.1:615536-616964|+   -            431 192893               -            564  2.9e-233  764.7   0.0   1   1  3.6e-233  3.6e-233  764.4   0.0   179   564    29   425    21   425 0.97 <unknown description>
192893at5125_5544_1:001b6f|CM010804.1:615929-616949|+    -            325 192893               -            564  4.6e-198  648.5   0.1   1   1  5.2e-198  5.2e-198  648.3   0.1   249   564     1   324     1   324 0.98 <unknown description>
192893at5125_660025_0:003a20|CM010804.1:614756-615728|+  -            325 192893               -            564   6.5e-73  235.3  19.3   1   3   2.6e-07   2.6e-07   18.8   0.8     8    46    42    80    25    94 0.61 <unknown description>
192893at5125_660025_0:003a20|CM010804.1:614756-615728|+  -            325 192893               -            564   6.5e-73  235.3  19.3   2   3   4.5e-59   4.5e-59  189.6   6.1    43   181    99   247    89   254 0.87 <unknown description>
192893at5125_660025_0:003a20|CM010804.1:614756-615728|+  -            325 192893               -            564   6.5e-73  235.3  19.3   3   3   1.7e-12   1.7e-12   35.9   0.4   179   213   289   325   280   325 0.86 <unknown description>
192893at5125_78864_0:0038a1|CM010804.1:614756-615530|+   -            259 192893               -            564   7.3e-64  205.4  12.7   1   1   1.6e-61   1.6e-61  197.7  12.7     8   181    42   247    25   253 0.73 <unknown description>
#
# Program:         hmmsearch
# Version:         3.4 (Aug 2023)
# Pipeline mode:   SEARCH
# Query file:      /home/arafat/busco_downloads/lineages/hypocreales_odb12.2/hmms/192893at5125.hmm
# Target file:     /home/arafat/Foxy_SIX_Evolution/results/busco/GCA_003615085.1/run_hypocreales_odb12.2/miniprot_output/translated_proteins/192893at5125.faa
# Option settings: hmmsearch --domtblout /home/arafat/Foxy_SIX_Evolution/results/busco/GCA_003615085.1/run_hypocreales_odb12.2/hmmer_output/192893at5125.out --cpu 1 /home/arafat/busco_downloads/lineages/hypocreales_odb12.2/hmms/192893at5125.hmm /home/arafat/Foxy_SIX_Evolution/results/busco/GCA_003615085.1/run_hypocreales_odb12.2/miniprot_output/translated_proteins/192893at5125.faa 
# Current dir:     /home/arafat/Foxy_SIX_Evolution
# Date:            Thu Sep 24 13:58:35 2026
# [ok]
