#                                                                                                                  --- full sequence --- -------------- this domain -------------   hmm coord   ali coord   env coord
# target name                                              accession   tlen query name           accession   qlen   E-value  score  bias   #  of  c-Evalue  i-Evalue  score  bias  from    to  from    to  from    to  acc description of target
#                                      ------------------- ---------- ----- -------------------- ---------- ----- --------- ------ ----- --- --- --------- --------- ------ ----- ----- ----- ----- ----- ----- ----- ---- ---------------------
193637at5125_1080343_0:0025ea|CM010800.1:5196331-5198452|- -            651 193637               -            626         0 1254.1  11.0   1   1         0         0 1253.9  11.0     1   621     1   639     1   644 0.92 <unknown description>
193637at5125_29856_0:0009a3|CM010800.1:5190409-5198452|-   -            679 193637               -            626         0 1254.0  11.0   1   1         0         0 1253.6  11.0     1   621     1   639     1   644 0.92 <unknown description>
193637at5125_150374_0:000b79|CM010800.1:5188234-5198452|-  -            808 193637               -            626         0 1251.9  11.9   1   2         0         0 1251.9  11.9     1   621     1   639     1   646 0.92 <unknown description>
193637at5125_150374_0:000b79|CM010800.1:5188234-5198452|-  -            808 193637               -            626         0 1251.9  11.9   2   2      0.17      0.17   -1.1   2.7   448   565   652   773   641   802 0.57 <unknown description>
193637at5125_1283841_0:001862|CM010800.1:5192869-5198422|- -           1014 193637               -            626         0 1241.9  11.2   1   1         0         0 1241.6  11.2    11   621     1   629     1   634 0.92 <unknown description>
193637at5125_431241_0:0012ba|CM010800.1:5196916-5198452|-  -            456 193637               -            626         0 1132.3   7.7   1   1         0         0 1132.1   7.7     1   456     1   456     1   456 1.00 <unknown description>
193637at5125_426428_0:0008eb|CM010800.1:5197615-5198452|-  -            239 193637               -            626  1.4e-184  603.7   3.8   1   1  1.6e-184  1.6e-184  603.6   3.8     1   239     1   239     1   239 1.00 <unknown description>
#
# Program:         hmmsearch
# Version:         3.4 (Aug 2023)
# Pipeline mode:   SEARCH
# Query file:      /home/arafat/busco_downloads/lineages/hypocreales_odb12.2/hmms/193637at5125.hmm
# Target file:     /home/arafat/Foxy_SIX_Evolution/results/busco/GCA_003615085.1/run_hypocreales_odb12.2/miniprot_output/translated_proteins/193637at5125.faa
# Option settings: hmmsearch --domtblout /home/arafat/Foxy_SIX_Evolution/results/busco/GCA_003615085.1/run_hypocreales_odb12.2/hmmer_output/193637at5125.out --cpu 1 /home/arafat/busco_downloads/lineages/hypocreales_odb12.2/hmms/193637at5125.hmm /home/arafat/Foxy_SIX_Evolution/results/busco/GCA_003615085.1/run_hypocreales_odb12.2/miniprot_output/translated_proteins/193637at5125.faa 
# Current dir:     /home/arafat/Foxy_SIX_Evolution
# Date:            Thu Sep 24 13:58:37 2026
# [ok]
