#                                                                                                                  --- full sequence --- -------------- this domain -------------   hmm coord   ali coord   env coord
# target name                                              accession   tlen query name           accession   qlen   E-value  score  bias   #  of  c-Evalue  i-Evalue  score  bias  from    to  from    to  from    to  acc description of target
#                                      ------------------- ---------- ----- -------------------- ---------- ----- --------- ------ ----- --- --- --------- --------- ------ ----- ----- ----- ----- ----- ----- ----- ---- ---------------------
194568at5125_1080343_0:00175d|CM010801.1:2014770-2016851|- -            652 194568               -            568  2.6e-264  866.4   0.2   1   2   2.1e-36   2.1e-36  114.0   0.1     6   121    12   159     6   168 0.71 <unknown description>
194568at5125_1080343_0:00175d|CM010801.1:2014770-2016851|- -            652 194568               -            568  2.6e-264  866.4   0.2   2   2  5.9e-227  5.9e-227  743.1   0.0   121   567   193   650   189   651 0.95 <unknown description>
194568at5125_1291518_0:000d59|CM010801.1:2014785-2020382|- -           1213 194568               -            568  5.9e-263  861.9   0.3   1   3      0.89      0.89   -3.6   0.0   267   314   199   246   188   248 0.83 <unknown description>
194568at5125_1291518_0:000d59|CM010801.1:2014785-2020382|- -           1213 194568               -            568  5.9e-263  861.9   0.3   2   3   4.9e-36   4.9e-36  112.8   0.1     6   121   592   739   586   753 0.72 <unknown description>
194568at5125_1291518_0:000d59|CM010801.1:2014785-2020382|- -           1213 194568               -            568  5.9e-263  861.9   0.3   3   3  3.6e-226  3.6e-226  740.5   0.0   117   564   755  1213   747  1213 0.95 <unknown description>
194568at5125_61284_0:001bf7|CM010801.1:2014770-2016027|-   -            404 194568               -            568  2.7e-198  648.5   0.1   1   1    3e-198    3e-198  648.3   0.1   178   567     2   402     1   403 0.94 <unknown description>
194568at5125_150374_0:000f8f|CM010801.1:2014782-2015739|-  -            304 194568               -            568  4.5e-175  571.8   0.8   1   1    5e-175    5e-175  571.6   0.8   263   565     1   304     1   304 0.99 <unknown description>
194568at5125_2885761_0:000e99|CM010801.1:2016251-2016851|- -            201 194568               -            568     2e-40  127.3   0.1   1   2     1e-23     1e-23   72.1   0.0     6    71    12    82     6    93 0.88 <unknown description>
194568at5125_2885761_0:000e99|CM010801.1:2016251-2016851|- -            201 194568               -            568     2e-40  127.3   0.1   2   2   4.2e-18   4.2e-18   53.6   0.1    61   121    94   159    86   168 0.77 <unknown description>
194568at5125_2004951_0:0000d8|CM010801.1:2016449-2016851|- -            135 194568               -            568   4.1e-34  106.4   0.1   1   2   4.3e-24   4.3e-24   73.4   0.0     6    71    12    82     6    90 0.88 <unknown description>
194568at5125_2004951_0:0000d8|CM010801.1:2016449-2016851|- -            135 194568               -            568   4.1e-34  106.4   0.1   2   2   2.1e-11   2.1e-11   31.5   0.1    61   101    94   134    87   135 0.83 <unknown description>
#
# Program:         hmmsearch
# Version:         3.4 (Aug 2023)
# Pipeline mode:   SEARCH
# Query file:      /home/arafat/busco_downloads/lineages/hypocreales_odb12.2/hmms/194568at5125.hmm
# Target file:     /home/arafat/Foxy_SIX_Evolution/results/busco/GCA_003615085.1/run_hypocreales_odb12.2/miniprot_output/translated_proteins/194568at5125.faa
# Option settings: hmmsearch --domtblout /home/arafat/Foxy_SIX_Evolution/results/busco/GCA_003615085.1/run_hypocreales_odb12.2/hmmer_output/194568at5125.out --cpu 1 /home/arafat/busco_downloads/lineages/hypocreales_odb12.2/hmms/194568at5125.hmm /home/arafat/Foxy_SIX_Evolution/results/busco/GCA_003615085.1/run_hypocreales_odb12.2/miniprot_output/translated_proteins/194568at5125.faa 
# Current dir:     /home/arafat/Foxy_SIX_Evolution
# Date:            Thu Sep 24 13:58:44 2026
# [ok]
