#                                                                                                                  --- full sequence --- -------------- this domain -------------   hmm coord   ali coord   env coord
# target name                                              accession   tlen query name           accession   qlen   E-value  score  bias   #  of  c-Evalue  i-Evalue  score  bias  from    to  from    to  from    to  acc description of target
#                                      ------------------- ---------- ----- -------------------- ---------- ----- --------- ------ ----- --- --- --------- --------- ------ ----- ----- ----- ----- ----- ----- ----- ---- ---------------------
194873at5125_5507_5:00329b|CM010806.1:1360311-1362327|+    -            482 194873               -            446  1.8e-304  998.4   5.2   1   1  3.1e-303  3.1e-303  994.4   5.2     1   443     2   462     2   467 0.97 <unknown description>
194873at5125_1649129_0:00139f|CM010806.1:1359817-1369630|+ -            610 194873               -            446  6.9e-303  993.2   5.1   1   1  6.9e-303  6.9e-303  993.2   5.1     1   443   100   560   100   565 0.97 <unknown description>
194873at5125_72712_0:004827|CM010806.1:1357494-1362327|+   -           1061 194873               -            446  1.1e-294  966.1  11.2   1   2  2.9e-251  2.9e-251  823.1   0.1     1   358   551   908   551   916 0.99 <unknown description>
194873at5125_72712_0:004827|CM010806.1:1357494-1362327|+   -           1061 194873               -            446  1.1e-294  966.1  11.2   2   2   1.3e-44   1.3e-44  142.0   6.5   357   443   937  1041   932  1046 0.85 <unknown description>
194873at5125_948311_1:00302e|CM010806.1:1359817-1362243|+  -            688 194873               -            446  2.9e-291  954.9  12.6   1   2    1e-251    1e-251  824.6   0.4     1   358   100   457   100   471 0.99 <unknown description>
194873at5125_948311_1:00302e|CM010806.1:1359817-1362243|+  -            688 194873               -            446  2.9e-291  954.9  12.6   2   2     8e-45     8e-45  142.7   6.4   357   443   573   677   568   681 0.86 <unknown description>
194873at5125_229533_0:0014df|CM010806.1:1360217-1361516|+  -            382 194873               -            446  9.7e-253  827.9   0.2   1   1  1.2e-252  1.2e-252  827.7   0.2     1   359    16   374    16   379 0.99 <unknown description>
194873at5125_398673_0:00211a|CM010806.1:1359817-1361548|+  -            492 194873               -            446  3.5e-252  826.1   0.2   1   1  3.5e-252  3.5e-252  826.1   0.2     1   358   100   457   100   461 0.99 <unknown description>
194873at5125_1803897_0:00259a|CM010806.1:1360860-1362327|+ -            299 194873               -            446  2.1e-174  569.7  10.1   1   1  5.4e-173  5.4e-173  565.1  10.1   183   443     1   279     1   284 0.95 <unknown description>
194873at5125_1208366_0:00377f|CM010806.1:1359817-1360959|+ -            315 194873               -            446  3.5e-149  486.6   0.0   1   1  3.5e-149  3.5e-149  486.6   0.0     1   216   100   315   100   315 1.00 <unknown description>
194873at5125_2692428_0:002d63|CM010806.1:1360860-1361449|+ -            178 194873               -            446  3.6e-123  400.9   3.0   1   1    4e-123    4e-123  400.8   3.0   183   358     1   176     1   178 0.99 <unknown description>
194873at5125_2692428_0:003c91|CM010806.1:1360308-1360791|+ -            162 194873               -            446  1.2e-107  349.7   0.0   1   1  1.4e-107  1.4e-107  349.6   0.0     1   160     3   162     3   162 1.00 <unknown description>
194873at5125_858221_0:0012e7|CM010806.1:1361410-1362327|+  -            135 194873               -            446   2.4e-55  177.4   7.9   1   1   1.1e-53   1.1e-53  171.9   7.9   347   444     1   116     1   120 0.87 <unknown description>
194873at5125_1208366_0:0029e2|CM010806.1:1361832-1362327|+ -            147 194873               -            446   7.6e-48  152.7   7.0   1   1   3.6e-46   3.6e-46  147.1   7.0   357   444    23   128    17   132 0.85 <unknown description>
#
# Program:         hmmsearch
# Version:         3.4 (Aug 2023)
# Pipeline mode:   SEARCH
# Query file:      /home/arafat/busco_downloads/lineages/hypocreales_odb12.2/hmms/194873at5125.hmm
# Target file:     /home/arafat/Foxy_SIX_Evolution/results/busco/GCA_003615085.1/run_hypocreales_odb12.2/miniprot_output/translated_proteins/194873at5125.faa
# Option settings: hmmsearch --domtblout /home/arafat/Foxy_SIX_Evolution/results/busco/GCA_003615085.1/run_hypocreales_odb12.2/hmmer_output/194873at5125.out --cpu 1 /home/arafat/busco_downloads/lineages/hypocreales_odb12.2/hmms/194873at5125.hmm /home/arafat/Foxy_SIX_Evolution/results/busco/GCA_003615085.1/run_hypocreales_odb12.2/miniprot_output/translated_proteins/194873at5125.faa 
# Current dir:     /home/arafat/Foxy_SIX_Evolution
# Date:            Thu Sep 24 13:58:45 2026
# [ok]
