#                                                                                                                  --- full sequence --- -------------- this domain -------------   hmm coord   ali coord   env coord
# target name                                              accession   tlen query name           accession   qlen   E-value  score  bias   #  of  c-Evalue  i-Evalue  score  bias  from    to  from    to  from    to  acc description of target
#                                      ------------------- ---------- ----- -------------------- ---------- ----- --------- ------ ----- --- --- --------- --------- ------ ----- ----- ----- ----- ----- ----- ----- ---- ---------------------
196686at5125_1080343_0:002d41|CM010801.1:4436228-4442400|- -           1925 196686               -           1661         0 3159.9 119.4   1   3         4         4   -6.5   6.7    91   146    76   134    18   170 0.65 <unknown description>
196686at5125_1080343_0:002d41|CM010801.1:4436228-4442400|- -           1925 196686               -           1661         0 3159.9 119.4   2   3   1.8e-34   1.8e-34  107.3  25.4    20   224   175   424   157   431 0.72 <unknown description>
196686at5125_1080343_0:002d41|CM010801.1:4436228-4442400|- -           1925 196686               -           1661         0 3159.9 119.4   3   3         0         0 3066.3  77.5   192  1660   418  1924   413  1924 0.96 <unknown description>
196686at5125_43265_0:001585|CM010801.1:4436228-4445354|-   -           2022 196686               -           1661         0 3158.1 121.1   1   3       2.9       2.9   -6.1   6.5    90   145   172   230    89   260 0.61 <unknown description>
196686at5125_43265_0:001585|CM010801.1:4436228-4445354|-   -           2022 196686               -           1661         0 3158.1 121.1   2   3   1.9e-34   1.9e-34  107.2  25.6    21   225   273   522   255   529 0.72 <unknown description>
196686at5125_43265_0:001585|CM010801.1:4436228-4445354|-   -           2022 196686               -           1661         0 3158.1 121.1   3   3         0         0 3065.5  78.1   192  1660   515  2021   510  2021 0.96 <unknown description>
196686at5125_1081108_0:00076b|CM010801.1:4436228-4448558|- -           2050 196686               -           1661         0 3156.1 111.1   1   3         8         8   -9.7  11.5    77   175   127   224    47   260 0.49 <unknown description>
196686at5125_1081108_0:00076b|CM010801.1:4436228-4448558|- -           2050 196686               -           1661         0 3156.1 111.1   2   3     2e-34     2e-34  107.1  24.6    20   222   300   547   282   554 0.72 <unknown description>
196686at5125_1081108_0:00076b|CM010801.1:4436228-4448558|- -           2050 196686               -           1661         0 3156.1 111.1   3   3         0         0 3065.1  78.5   192  1660   543  2049   538  2049 0.96 <unknown description>
196686at5125_1042133_0:00292f|CM010801.1:4436228-4441082|- -           1602 196686               -           1661         0 3085.0  87.0   1   2   2.8e-08   2.8e-08   20.5   6.5   157   225    35   102     1   109 0.51 <unknown description>
196686at5125_1042133_0:00292f|CM010801.1:4436228-4441082|- -           1602 196686               -           1661         0 3085.0  87.0   2   2         0         0 3067.3  77.7   191  1660    94  1601    89  1601 0.96 <unknown description>
196686at5125_93591_0:002c49|CM010801.1:4436228-4439555|-   -           1093 196686               -           1661         0 2492.0  18.2   1   1         0         0 2491.8  18.2   575  1660     1  1092     1  1092 0.99 <unknown description>
196686at5125_1567544_0:003715|CM010801.1:4436228-4438742|- -            762 196686               -           1661         0 1654.2  20.3   1   2         0         0 1568.6   3.3   846  1522     1   678     1   682 0.99 <unknown description>
196686at5125_1567544_0:003715|CM010801.1:4436228-4438742|- -            762 196686               -           1661         0 1654.2  20.3   2   2   5.5e-30   5.5e-30   92.4   9.9  1582  1660   678   761   677   761 0.84 <unknown description>
196686at5125_1399860_1:00118e|CM010801.1:4436228-4438055|- -            593 196686               -           1661         0 1218.2   0.8   1   1         0         0 1218.1   0.8  1075  1660     1   592     1   592 0.98 <unknown description>
196686at5125_63577_0:00291a|CM010801.1:4436228-4437221|-   -            315 196686               -           1661  3.3e-210  689.9   5.8   1   1  3.7e-210  3.7e-210  689.7   5.8  1352  1660     1   314     1   314 0.96 <unknown description>
#
# Program:         hmmsearch
# Version:         3.4 (Aug 2023)
# Pipeline mode:   SEARCH
# Query file:      /home/arafat/busco_downloads/lineages/hypocreales_odb12.2/hmms/196686at5125.hmm
# Target file:     /home/arafat/Foxy_SIX_Evolution/results/busco/GCA_003615085.1/run_hypocreales_odb12.2/miniprot_output/translated_proteins/196686at5125.faa
# Option settings: hmmsearch --domtblout /home/arafat/Foxy_SIX_Evolution/results/busco/GCA_003615085.1/run_hypocreales_odb12.2/hmmer_output/196686at5125.out --cpu 1 /home/arafat/busco_downloads/lineages/hypocreales_odb12.2/hmms/196686at5125.hmm /home/arafat/Foxy_SIX_Evolution/results/busco/GCA_003615085.1/run_hypocreales_odb12.2/miniprot_output/translated_proteins/196686at5125.faa 
# Current dir:     /home/arafat/Foxy_SIX_Evolution
# Date:            Thu Sep 24 13:58:55 2026
# [ok]
