#                                                                                                                  --- full sequence --- -------------- this domain -------------   hmm coord   ali coord   env coord
# target name                                              accession   tlen query name           accession   qlen   E-value  score  bias   #  of  c-Evalue  i-Evalue  score  bias  from    to  from    to  from    to  acc description of target
#                                      ------------------- ---------- ----- -------------------- ---------- ----- --------- ------ ----- --- --- --------- --------- ------ ----- ----- ----- ----- ----- ----- ----- ---- ---------------------
196794at5125_1344414_0:0006cf|CM010802.1:3538660-3549726|- -            441 196794               -            356    1e-181  592.2   8.0   1   1  1.3e-181  1.3e-181  591.9   8.0     2   349    15   363    14   371 0.97 <unknown description>
196794at5125_1089448_0:0005a5|CM010802.1:3547939-3549729|- -            560 196794               -            356  1.9e-181  591.3   7.9   1   1  2.4e-181  2.4e-181  591.0   7.9     2   349    16   364    15   373 0.97 <unknown description>
196794at5125_1491466_0:0012a4|CM010802.1:3543460-3549696|- -            557 196794               -            356  2.5e-180  587.7  11.0   1   1  3.2e-180  3.2e-180  587.3  11.0     2   351     5   355     4   360 0.97 <unknown description>
196794at5125_33203_0:00061c|CM010802.1:3548221-3549648|-   -            430 196794               -            356  2.3e-178  581.2   9.3   1   1  2.7e-178  2.7e-178  581.0   9.3    14   349     1   337     1   346 0.98 <unknown description>
196794at5125_2773459_0:0030f7|CM010802.1:3548544-3549729|- -            367 196794               -            356    1e-171  559.3   6.9   1   1  1.3e-171  1.3e-171  559.0   6.9     2   349    16   356    15   364 0.97 <unknown description>
196794at5125_1111077_0:001d31|CM010802.1:3548550-3549498|- -            296 196794               -            356  1.6e-151  492.9   5.5   1   1  1.8e-151  1.8e-151  492.7   5.5    64   349     1   287     1   295 0.97 <unknown description>
196794at5125_1053134_0:00270e|CM010802.1:3549294-3549729|- -            146 196794               -            356   1.9e-67  216.4   2.0   1   1   2.1e-67   2.1e-67  216.3   2.0     2   132    16   146    15   146 0.98 <unknown description>
196794at5125_2885761_0:000524|CM010802.1:3547939-3548700|- -            238 196794               -            356   3.2e-15   44.6   0.0   1   1   4.1e-15   4.1e-15   44.2   0.0   308   349     1    42     1    51 0.88 <unknown description>
#
# Program:         hmmsearch
# Version:         3.4 (Aug 2023)
# Pipeline mode:   SEARCH
# Query file:      /home/arafat/busco_downloads/lineages/hypocreales_odb12.2/hmms/196794at5125.hmm
# Target file:     /home/arafat/Foxy_SIX_Evolution/results/busco/GCA_003615085.1/run_hypocreales_odb12.2/miniprot_output/translated_proteins/196794at5125.faa
# Option settings: hmmsearch --domtblout /home/arafat/Foxy_SIX_Evolution/results/busco/GCA_003615085.1/run_hypocreales_odb12.2/hmmer_output/196794at5125.out --cpu 1 /home/arafat/busco_downloads/lineages/hypocreales_odb12.2/hmms/196794at5125.hmm /home/arafat/Foxy_SIX_Evolution/results/busco/GCA_003615085.1/run_hypocreales_odb12.2/miniprot_output/translated_proteins/196794at5125.faa 
# Current dir:     /home/arafat/Foxy_SIX_Evolution
# Date:            Thu Sep 24 13:58:56 2026
# [ok]
