#                                                                                                                  --- full sequence --- -------------- this domain -------------   hmm coord   ali coord   env coord
# target name                                              accession   tlen query name           accession   qlen   E-value  score  bias   #  of  c-Evalue  i-Evalue  score  bias  from    to  from    to  from    to  acc description of target
#                                      ------------------- ---------- ----- -------------------- ---------- ----- --------- ------ ----- --- --- --------- --------- ------ ----- ----- ----- ----- ----- ----- ----- ---- ---------------------
196999at5125_176275_0:002066|CM010806.1:1566134-1573023|-  -            455 196999               -            427  1.3e-223  731.2   0.1   1   1  1.6e-223  1.6e-223  730.9   0.1     2   424    22   448    21   451 0.97 <unknown description>
196999at5125_1736662_0:0006c1|CM010806.1:1566155-1570108|- -            936 196999               -            427  1.3e-220  721.3   0.1   1   1    2e-220    2e-220  720.7   0.1     9   422   517   934   515   936 0.97 <unknown description>
196999at5125_96317_0:004b01|CM010806.1:1566125-1567673|-   -            481 196999               -            427  4.4e-217  709.8   2.6   1   1    4e-216    4e-216  706.6   2.6     2   424    30   471    29   474 0.96 <unknown description>
196999at5125_78861_0:001351|CM010806.1:1566125-1569137|-   -            852 196999               -            427  5.2e-209  683.1   6.5   1   1  1.7e-207  1.7e-207  678.1   6.5     3   424   385   842   383   845 0.94 <unknown description>
196999at5125_1399860_0:000750|CM010806.1:1566362-1567580|- -            356 196999               -            427  8.1e-192  626.5   0.0   1   1    9e-192    9e-192  626.3   0.0     5   356     2   356     1   356 0.98 <unknown description>
196999at5125_1237075_0:000d8e|CM010806.1:1566128-1567135|- -            321 196999               -            427    8e-160  521.1   0.7   1   1  9.2e-160  9.2e-160  520.9   0.7   116   424     1   312     1   315 0.97 <unknown description>
196999at5125_195108_0:002789|CM010806.1:1566128-1566905|-  -            260 196999               -            427  2.8e-127  413.8   1.8   1   1  3.3e-127  3.3e-127  413.6   1.8   177   424     1   251     1   254 0.97 <unknown description>
196999at5125_2004951_0:0013b9|CM010806.1:1567096-1567673|- -            158 196999               -            427   3.8e-68  219.0   0.1   1   1   4.3e-68   4.3e-68  218.9   0.1     2   128    30   157    29   158 0.96 <unknown description>
#
# Program:         hmmsearch
# Version:         3.4 (Aug 2023)
# Pipeline mode:   SEARCH
# Query file:      /home/arafat/busco_downloads/lineages/hypocreales_odb12.2/hmms/196999at5125.hmm
# Target file:     /home/arafat/Foxy_SIX_Evolution/results/busco/GCA_003615085.1/run_hypocreales_odb12.2/miniprot_output/translated_proteins/196999at5125.faa
# Option settings: hmmsearch --domtblout /home/arafat/Foxy_SIX_Evolution/results/busco/GCA_003615085.1/run_hypocreales_odb12.2/hmmer_output/196999at5125.out --cpu 1 /home/arafat/busco_downloads/lineages/hypocreales_odb12.2/hmms/196999at5125.hmm /home/arafat/Foxy_SIX_Evolution/results/busco/GCA_003615085.1/run_hypocreales_odb12.2/miniprot_output/translated_proteins/196999at5125.faa 
# Current dir:     /home/arafat/Foxy_SIX_Evolution
# Date:            Thu Sep 24 13:58:58 2026
# [ok]
