#                                                                                                                  --- full sequence --- -------------- this domain -------------   hmm coord   ali coord   env coord
# target name                                              accession   tlen query name           accession   qlen   E-value  score  bias   #  of  c-Evalue  i-Evalue  score  bias  from    to  from    to  from    to  acc description of target
#                                      ------------------- ---------- ----- -------------------- ---------- ----- --------- ------ ----- --- --- --------- --------- ------ ----- ----- ----- ----- ----- ----- ----- ---- ---------------------
197658at5125_396571_0:002c26|CM010805.1:1932619-1938949|-  -           2095 197658               -           1875         0 2995.0  53.3   1   3         0         0 1677.3  35.2     1  1220     8  1308     8  1323 0.90 <unknown description>
197658at5125_396571_0:002c26|CM010805.1:1932619-1938949|-  -           2095 197658               -           1875         0 2995.0  53.3   2   3   5.1e-46   5.1e-46  144.7   1.5  1195  1297  1337  1439  1310  1444 0.91 <unknown description>
197658at5125_396571_0:002c26|CM010805.1:1932619-1938949|-  -           2095 197658               -           1875         0 2995.0  53.3   3   3         0         0 1177.5   2.2  1292  1875  1458  2088  1453  2088 0.91 <unknown description>
197658at5125_195108_0:000623|CM010805.1:1932619-1937245|-  -           1527 197658               -           1875         0 2295.8  24.9   1   3  2.2e-298  2.2e-298  981.5   6.9   510  1221     2   741     1   756 0.92 <unknown description>
197658at5125_195108_0:000623|CM010805.1:1932619-1937245|-  -           1527 197658               -           1875         0 2295.8  24.9   2   3   3.1e-46   3.1e-46  145.4   1.3  1195  1297   769   871   745   876 0.91 <unknown description>
197658at5125_195108_0:000623|CM010805.1:1932619-1937245|-  -           1527 197658               -           1875         0 2295.8  24.9   3   3         0         0 1178.5   2.2  1292  1875   890  1520   885  1520 0.91 <unknown description>
197658at5125_229533_0:002399|CM010805.1:1932619-1936168|-  -           1168 197658               -           1875         0 1757.8  22.2   1   3  1.2e-135  1.2e-135  441.8   3.9   853  1220     1   381     1   395 0.89 <unknown description>
197658at5125_229533_0:002399|CM010805.1:1932619-1936168|-  -           1168 197658               -           1875         0 1757.8  22.2   2   3   2.3e-46   2.3e-46  145.8   1.3  1195  1297   410   512   386   517 0.91 <unknown description>
197658at5125_229533_0:002399|CM010805.1:1932619-1936168|-  -           1168 197658               -           1875         0 1757.8  22.2   3   3         0         0 1179.2   2.4  1292  1875   531  1161   526  1161 0.91 <unknown description>
197658at5125_73501_0:0000a2|CM010805.1:1935244-1938949|-   -           1220 197658               -           1875         0 1609.4  33.5   1   1         0         0 1603.3  33.5     1  1130     8  1219     8  1220 0.91 <unknown description>
197658at5125_2604345_0:0043ab|CM010805.1:1932619-1934836|- -            740 197658               -           1875         0 1303.5   9.8   1   2   5.3e-40   5.3e-40  124.7   0.6  1214  1297     1    84     1    89 0.97 <unknown description>
197658at5125_2604345_0:0043ab|CM010805.1:1932619-1934836|- -            740 197658               -           1875         0 1303.5   9.8   2   2         0         0 1180.8   2.9  1292  1875   103   733    98   733 0.91 <unknown description>
#
# Program:         hmmsearch
# Version:         3.4 (Aug 2023)
# Pipeline mode:   SEARCH
# Query file:      /home/arafat/busco_downloads/lineages/hypocreales_odb12.2/hmms/197658at5125.hmm
# Target file:     /home/arafat/Foxy_SIX_Evolution/results/busco/GCA_003615085.1/run_hypocreales_odb12.2/miniprot_output/translated_proteins/197658at5125.faa
# Option settings: hmmsearch --domtblout /home/arafat/Foxy_SIX_Evolution/results/busco/GCA_003615085.1/run_hypocreales_odb12.2/hmmer_output/197658at5125.out --cpu 1 /home/arafat/busco_downloads/lineages/hypocreales_odb12.2/hmms/197658at5125.hmm /home/arafat/Foxy_SIX_Evolution/results/busco/GCA_003615085.1/run_hypocreales_odb12.2/miniprot_output/translated_proteins/197658at5125.faa 
# Current dir:     /home/arafat/Foxy_SIX_Evolution
# Date:            Thu Sep 24 13:58:35 2026
# [ok]
