#                                                                                                                  --- full sequence --- -------------- this domain -------------   hmm coord   ali coord   env coord
# target name                                              accession   tlen query name           accession   qlen   E-value  score  bias   #  of  c-Evalue  i-Evalue  score  bias  from    to  from    to  from    to  acc description of target
#                                      ------------------- ---------- ----- -------------------- ---------- ----- --------- ------ ----- --- --- --------- --------- ------ ----- ----- ----- ----- ----- ----- ----- ---- ---------------------
197849at5125_5507_2:002d64|CM010802.1:3815566-3818550|+    -            777 197849               -            815  1.4e-215  708.0  16.8   1   1  1.5e-215  1.7e-215  707.7  16.8     1   815    21   776    21   776 0.90 <unknown description>
197849at5125_2364996_0:002384|CM010802.1:3816344-3818550|+ -            704 197849               -            815  1.8e-210  691.1  12.1   1   1  1.9e-210  2.2e-210  690.9  12.1    68   815     3   703     1   703 0.90 <unknown description>
197849at5125_2030778_0:001142|CM010802.1:3816317-3820711|+ -           1070 197849               -            815  1.7e-209  687.9  10.5   1   2  1.6e-209  1.7e-209  687.9  10.5    53   802     2   702     1   708 0.90 <unknown description>
197849at5125_2030778_0:001142|CM010802.1:3816317-3820711|+ -           1070 197849               -            815  1.7e-209  687.9  10.5   2   2       6.9       7.7   -5.6  15.3    13   229   780   989   768  1004 0.63 <unknown description>
197849at5125_123648_0:001a7b|CM010800.1:4202583-4204725|-  -            672 197849               -            815   3.8e-88  286.5   0.0   1   1   4.5e-88     5e-88  286.1   0.0   231   770    91   636     3   651 0.75 <unknown description>
197849at5125_983644_0:00052a|CM010800.1:4202664-4206065|-  -            437 197849               -            815   1.4e-86  281.4   0.0   1   1   1.5e-86   1.7e-86  281.1   0.0   396   763    60   421    16   434 0.91 <unknown description>
197849at5125_1081104_0:000225|CM010800.1:4202775-4204425|- -            413 197849               -            815   6.3e-86  279.2   0.2   1   1   6.9e-86   7.6e-86  278.9   0.2   339   740    10   412     2   413 0.91 <unknown description>
197849at5125_5046_0:0009b6|CM010800.1:4202406-4204137|-    -            511 197849               -            815   9.7e-86  278.5   0.7   1   1   1.1e-85   1.3e-85  278.2   0.7   343   755    33   446    11   472 0.86 <unknown description>
197849at5125_1610689_0:001276|CM010800.1:4202709-4204092|- -            439 197849               -            815   2.7e-85  277.1   1.9   1   1   2.8e-85   3.2e-85  276.9   1.9   346   752    21   428     3   439 0.87 <unknown description>
197849at5125_1806559_0:001cee|CM010800.1:4202706-4203714|- -            337 197849               -            815   1.2e-83  271.6   1.5   1   1   1.2e-83   1.3e-83  271.5   1.5   427   753     4   326     1   337 0.95 <unknown description>
#
# Program:         hmmsearch
# Version:         3.4 (Aug 2023)
# Pipeline mode:   SEARCH
# Query file:      /home/arafat/busco_downloads/lineages/hypocreales_odb12.2/hmms/197849at5125.hmm
# Target file:     /home/arafat/Foxy_SIX_Evolution/results/busco/GCA_003615085.1/run_hypocreales_odb12.2/miniprot_output/translated_proteins/197849at5125.faa
# Option settings: hmmsearch --domtblout /home/arafat/Foxy_SIX_Evolution/results/busco/GCA_003615085.1/run_hypocreales_odb12.2/hmmer_output/197849at5125.out --cpu 1 /home/arafat/busco_downloads/lineages/hypocreales_odb12.2/hmms/197849at5125.hmm /home/arafat/Foxy_SIX_Evolution/results/busco/GCA_003615085.1/run_hypocreales_odb12.2/miniprot_output/translated_proteins/197849at5125.faa 
# Current dir:     /home/arafat/Foxy_SIX_Evolution
# Date:            Thu Sep 24 13:58:36 2026
# [ok]
