#                                                                                                                  --- full sequence --- -------------- this domain -------------   hmm coord   ali coord   env coord
# target name                                              accession   tlen query name           accession   qlen   E-value  score  bias   #  of  c-Evalue  i-Evalue  score  bias  from    to  from    to  from    to  acc description of target
#                                      ------------------- ---------- ----- -------------------- ---------- ----- --------- ------ ----- --- --- --------- --------- ------ ----- ----- ----- ----- ----- ----- ----- ---- ---------------------
197921at5125_396571_0:001c95|CM010802.1:4286364-4291404|+  -           1681 197921               -           1146         0 1848.5  22.0   1   5     1e-34     1e-34  107.3   3.2     1    68    93   160    93   177 0.89 <unknown description>
197921at5125_396571_0:001c95|CM010802.1:4286364-4291404|+  -           1681 197921               -           1146         0 1848.5  22.0   2   5   2.2e-32   2.2e-32   99.6   0.0    66   138   246   319   222   351 0.84 <unknown description>
197921at5125_396571_0:001c95|CM010802.1:4286364-4291404|+  -           1681 197921               -           1146         0 1848.5  22.0   3   5   4.6e-13   4.6e-13   35.6   0.1   151   238   520   611   500   619 0.75 <unknown description>
197921at5125_396571_0:001c95|CM010802.1:4286364-4291404|+  -           1681 197921               -           1146         0 1848.5  22.0   4   5   2.5e-07   2.5e-07   16.6   0.0   205   252   632   679   617   690 0.76 <unknown description>
197921at5125_396571_0:001c95|CM010802.1:4286364-4291404|+  -           1681 197921               -           1146         0 1848.5  22.0   5   5         0         0 1597.8   3.0   227  1145   684  1665   678  1666 0.93 <unknown description>
197921at5125_2030778_0:001b4e|CM010802.1:4286364-4294652|+ -           2218 197921               -           1146         0 1785.5  38.9   1   5   1.4e-34   1.4e-34  106.8   3.2     1    68    93   160    93   177 0.89 <unknown description>
197921at5125_2030778_0:001b4e|CM010802.1:4286364-4294652|+ -           2218 197921               -           1146         0 1785.5  38.9   2   5   3.1e-32   3.1e-32   99.1   0.0    66   138   246   319   223   351 0.84 <unknown description>
197921at5125_2030778_0:001b4e|CM010802.1:4286364-4294652|+ -           2218 197921               -           1146         0 1785.5  38.9   3   5     6e-13     6e-13   35.2   0.1   151   238   520   611   498   620 0.75 <unknown description>
197921at5125_2030778_0:001b4e|CM010802.1:4286364-4294652|+ -           2218 197921               -           1146         0 1785.5  38.9   4   5         0         0 1558.7   6.2   205  1119   632  1638   619  1647 0.89 <unknown description>
197921at5125_2030778_0:001b4e|CM010802.1:4286364-4294652|+ -           2218 197921               -           1146         0 1785.5  38.9   5   5         4         4  -10.6   7.3   146   197  1698  1755  1669  1806 0.37 <unknown description>
197921at5125_2004951_0:00127d|CM010802.1:4288491-4291404|+ -            972 197921               -           1146         0 1590.3   9.5   1   1         0         0 1588.9   9.5   256  1145     4   956     1   957 0.93 <unknown description>
197921at5125_2604345_0:0004ac|CM010802.1:4289085-4291404|+ -            774 197921               -           1146         0 1287.5   2.2   1   1         0         0 1287.0   2.2   435  1145     3   758     1   759 0.95 <unknown description>
#
# Program:         hmmsearch
# Version:         3.4 (Aug 2023)
# Pipeline mode:   SEARCH
# Query file:      /home/arafat/busco_downloads/lineages/hypocreales_odb12.2/hmms/197921at5125.hmm
# Target file:     /home/arafat/Foxy_SIX_Evolution/results/busco/GCA_003615085.1/run_hypocreales_odb12.2/miniprot_output/translated_proteins/197921at5125.faa
# Option settings: hmmsearch --domtblout /home/arafat/Foxy_SIX_Evolution/results/busco/GCA_003615085.1/run_hypocreales_odb12.2/hmmer_output/197921at5125.out --cpu 1 /home/arafat/busco_downloads/lineages/hypocreales_odb12.2/hmms/197921at5125.hmm /home/arafat/Foxy_SIX_Evolution/results/busco/GCA_003615085.1/run_hypocreales_odb12.2/miniprot_output/translated_proteins/197921at5125.faa 
# Current dir:     /home/arafat/Foxy_SIX_Evolution
# Date:            Thu Sep 24 13:58:37 2026
# [ok]
