#                                                                                                                  --- full sequence --- -------------- this domain -------------   hmm coord   ali coord   env coord
# target name                                              accession   tlen query name           accession   qlen   E-value  score  bias   #  of  c-Evalue  i-Evalue  score  bias  from    to  from    to  from    to  acc description of target
#                                      ------------------- ---------- ----- -------------------- ---------- ----- --------- ------ ----- --- --- --------- --------- ------ ----- ----- ----- ----- ----- ----- ----- ---- ---------------------
199593at5125_396571_0:0017cf|CM010802.1:3145629-3147702|-  -            673 199593               -            679         0 1369.8  14.0   1   1         0         0 1369.6  14.0     1   679     1   672     1   672 0.95 <unknown description>
199593at5125_327505_0:00182e|CM010802.1:3144833-3147702|-  -            632 199593               -            679         0 1270.5   0.4   1   1         0         0 1270.2   0.4     1   586     1   583     1   607 0.97 <unknown description>
199593at5125_1736662_0:00189a|CM010802.1:3145911-3151505|- -            834 199593               -            679         0 1266.6   0.2   1   1         0         0 1266.4   0.2     1   582   256   834   256   834 0.98 <unknown description>
199593at5125_1349383_0:001e45|CM010802.1:3145719-3147276|- -            520 199593               -            679         0 1210.5   3.7   1   1         0         0 1210.3   3.7   127   642     1   517     1   520 0.98 <unknown description>
199593at5125_48865_0:00199a|CM010802.1:3146112-3147702|-   -            512 199593               -            679         0 1098.7   0.1   1   1         0         0 1098.6   0.1     1   514     1   511     1   512 0.98 <unknown description>
199593at5125_122381_0:0035c0|CM010802.1:3146553-3147702|-  -            365 199593               -            679  2.5e-222  729.1   3.7   1   1  2.8e-222  2.8e-222  728.9   3.7     1   368     1   365     1   365 0.97 <unknown description>
199593at5125_122381_0:00382d|CM010802.1:3145902-3146532|-  -            211 199593               -            679  7.1e-155  506.1   1.4   1   1  7.9e-155  7.9e-155  506.0   1.4   375   585     1   211     1   211 1.00 <unknown description>
199593at5125_1237068_0:0042f8|CM010802.1:3146814-3147444|- -            211 199593               -            679    9e-130  423.2   5.0   1   1    1e-129    1e-129  423.0   5.0    70   281     1   211     1   211 0.98 <unknown description>
199593at5125_1237068_0:0040fb|CM010802.1:3146127-3146598|- -            158 199593               -            679  2.7e-116  378.6   1.4   1   1    3e-116    3e-116  378.5   1.4   353   510     1   158     1   158 1.00 <unknown description>
#
# Program:         hmmsearch
# Version:         3.4 (Aug 2023)
# Pipeline mode:   SEARCH
# Query file:      /home/arafat/busco_downloads/lineages/hypocreales_odb12.2/hmms/199593at5125.hmm
# Target file:     /home/arafat/Foxy_SIX_Evolution/results/busco/GCA_003615085.1/run_hypocreales_odb12.2/miniprot_output/translated_proteins/199593at5125.faa
# Option settings: hmmsearch --domtblout /home/arafat/Foxy_SIX_Evolution/results/busco/GCA_003615085.1/run_hypocreales_odb12.2/hmmer_output/199593at5125.out --cpu 1 /home/arafat/busco_downloads/lineages/hypocreales_odb12.2/hmms/199593at5125.hmm /home/arafat/Foxy_SIX_Evolution/results/busco/GCA_003615085.1/run_hypocreales_odb12.2/miniprot_output/translated_proteins/199593at5125.faa 
# Current dir:     /home/arafat/Foxy_SIX_Evolution
# Date:            Thu Sep 24 13:58:44 2026
# [ok]
