#                                                                                                                  --- full sequence --- -------------- this domain -------------   hmm coord   ali coord   env coord
# target name                                              accession   tlen query name           accession   qlen   E-value  score  bias   #  of  c-Evalue  i-Evalue  score  bias  from    to  from    to  from    to  acc description of target
#                                      ------------------- ---------- ----- -------------------- ---------- ----- --------- ------ ----- --- --- --------- --------- ------ ----- ----- ----- ----- ----- ----- ----- ---- ---------------------
200164at5125_1080343_0:00244a|CM010800.1:4760133-4760841|+ -            198 200164               -            159   2.1e-75  240.8  17.9   1   2   2.9e-07   2.9e-07   19.3   3.1     1    40     3    45     3    48 0.80 <unknown description>
200164at5125_1080343_0:00244a|CM010800.1:4760133-4760841|+ -            198 200164               -            159   2.1e-75  240.8  17.9   2   2   1.1e-70   1.1e-70  225.4  11.0    11   159    38   196    32   196 0.91 <unknown description>
200164at5125_2604345_0:001ba2|CM010800.1:4759941-4760841|+ -            261 200164               -            159   6.4e-75  239.3  17.7   1   2   4.1e-07   4.1e-07   18.9   2.7     1    40    66   108    66   110 0.81 <unknown description>
200164at5125_2604345_0:001ba2|CM010800.1:4759941-4760841|+ -            261 200164               -            159   6.4e-75  239.3  17.7   2   2   2.5e-70   2.5e-70  224.3  10.9    11   159   101   259    95   259 0.91 <unknown description>
200164at5125_911162_0:001a02|CM010800.1:4760280-4760841|+  -            149 200164               -            159   1.8e-70  224.8   7.0   1   1   3.4e-70   3.4e-70  223.9   7.0    23   159     1   147     1   147 0.94 <unknown description>
200164at5125_595255_0:002696|CM010800.1:4760464-4760841|+  -            108 200164               -            159   1.7e-56  179.4   1.1   1   1   1.9e-56   1.9e-56  179.2   1.1    59   159     4   106     1   106 0.97 <unknown description>
200164at5125_2004952_0:00188a|CM010800.1:4760616-4760841|+ -             76 200164               -            159   2.5e-37  117.1   1.1   1   1   2.8e-37   2.8e-37  116.9   1.1    88   159     1    74     1    74 0.97 <unknown description>
200164at5125_1803897_0:00308e|CM010800.1:4760133-4760557|+ -            122 200164               -            159   3.3e-36  113.4  12.7   1   2   1.3e-07   1.3e-07   20.5   3.0     1    40     3    45     3    47 0.81 <unknown description>
200164at5125_1803897_0:00308e|CM010800.1:4760133-4760557|+ -            122 200164               -            159   3.3e-36  113.4  12.7   2   2   4.6e-31   4.6e-31   96.7   5.9    11    86    38   121    32   121 0.86 <unknown description>
#
# Program:         hmmsearch
# Version:         3.4 (Aug 2023)
# Pipeline mode:   SEARCH
# Query file:      /home/arafat/busco_downloads/lineages/hypocreales_odb12.2/hmms/200164at5125.hmm
# Target file:     /home/arafat/Foxy_SIX_Evolution/results/busco/GCA_003615085.1/run_hypocreales_odb12.2/miniprot_output/translated_proteins/200164at5125.faa
# Option settings: hmmsearch --domtblout /home/arafat/Foxy_SIX_Evolution/results/busco/GCA_003615085.1/run_hypocreales_odb12.2/hmmer_output/200164at5125.out --cpu 1 /home/arafat/busco_downloads/lineages/hypocreales_odb12.2/hmms/200164at5125.hmm /home/arafat/Foxy_SIX_Evolution/results/busco/GCA_003615085.1/run_hypocreales_odb12.2/miniprot_output/translated_proteins/200164at5125.faa 
# Current dir:     /home/arafat/Foxy_SIX_Evolution
# Date:            Thu Sep 24 13:58:47 2026
# [ok]
