#                                                                                                                  --- full sequence --- -------------- this domain -------------   hmm coord   ali coord   env coord
# target name                                              accession   tlen query name           accession   qlen   E-value  score  bias   #  of  c-Evalue  i-Evalue  score  bias  from    to  from    to  from    to  acc description of target
#                                      ------------------- ---------- ----- -------------------- ---------- ----- --------- ------ ----- --- --- --------- --------- ------ ----- ----- ----- ----- ----- ----- ----- ---- ---------------------
200697at5125_396571_0:001e4a|CM010803.1:3519751-3522757|+  -            933 200697               -            578  9.9e-263  861.6  57.5   1   4      0.18      0.18   -1.0   6.3    14    52   129   167   118   173 0.83 <unknown description>
200697at5125_396571_0:001e4a|CM010803.1:3519751-3522757|+  -            933 200697               -            578  9.9e-263  861.6  57.5   2   4     2e-14     2e-14   41.7  33.0    10   159   150   321   142   325 0.71 <unknown description>
200697at5125_396571_0:001e4a|CM010803.1:3519751-3522757|+  -            933 200697               -            578  9.9e-263  861.6  57.5   3   4   6.8e-05   6.8e-05   10.2  15.1    39   160   314   434   296   451 0.80 <unknown description>
200697at5125_396571_0:001e4a|CM010803.1:3519751-3522757|+  -            933 200697               -            578  9.9e-263  861.6  57.5   4   4  2.2e-247  2.2e-247  810.9   0.0   146   578   454   932   451   932 0.90 <unknown description>
200697at5125_694270_0:0018ae|CM010803.1:3520363-3522757|+  -            729 200697               -            578  2.3e-262  860.3  32.4   1   3     2e-14     2e-14   41.7  11.2    51   160     3   118     1   122 0.78 <unknown description>
200697at5125_694270_0:0018ae|CM010803.1:3520363-3522757|+  -            729 200697               -            578  2.3e-262  860.3  32.4   2   3   5.3e-05   5.3e-05   10.6  15.1    39   160   110   230    93   248 0.81 <unknown description>
200697at5125_694270_0:0018ae|CM010803.1:3520363-3522757|+  -            729 200697               -            578  2.3e-262  860.3  32.4   3   3  8.9e-248  8.9e-248  812.2   0.1   146   578   250   728   225   728 0.90 <unknown description>
200697at5125_490622_0:0020cf|CM010803.1:3516663-3522757|+  -           1662 200697               -            578  8.2e-258  845.3  70.3   1   5         5         5   -6.3   6.5    29   135    68   177    37   234 0.63 <unknown description>
200697at5125_490622_0:0020cf|CM010803.1:3516663-3522757|+  -           1662 200697               -            578  8.2e-258  845.3  70.3   2   5     0.095     0.095   -0.1   4.1    14    52   858   896   847   899 0.84 <unknown description>
200697at5125_490622_0:0020cf|CM010803.1:3516663-3522757|+  -           1662 200697               -            578  8.2e-258  845.3  70.3   3   5     4e-14     4e-14   40.7  33.5    10   161   879  1052   871  1058 0.71 <unknown description>
200697at5125_490622_0:0020cf|CM010803.1:3516663-3522757|+  -           1662 200697               -            578  8.2e-258  845.3  70.3   4   5   0.00017   0.00017    9.0  15.1    39   160  1043  1163  1026  1180 0.81 <unknown description>
200697at5125_490622_0:0020cf|CM010803.1:3516663-3522757|+  -           1662 200697               -            578  8.2e-258  845.3  70.3   5   5  7.6e-247  7.6e-247  809.1   0.0   146   578  1183  1661  1180  1661 0.90 <unknown description>
200697at5125_61235_0:0027c5|CM010803.1:3521529-3522757|+   -            392 200697               -            578  2.6e-211  691.8   0.0   1   1  2.9e-211  2.9e-211  691.6   0.0   218   578     1   391     1   391 0.91 <unknown description>
200697at5125_2039875_0:0013c8|CM010803.1:3519811-3521469|+ -            521 200697               -            578     7e-46  145.6  61.8   1   4     0.078     0.078    0.1   5.7    14    51   109   146    97   149 0.84 <unknown description>
200697at5125_2039875_0:0013c8|CM010803.1:3519811-3521469|+ -            521 200697               -            578     7e-46  145.6  61.8   2   4   9.6e-15   9.6e-15   42.8  33.4    10   159   130   301   122   305 0.71 <unknown description>
200697at5125_2039875_0:0013c8|CM010803.1:3519811-3521469|+ -            521 200697               -            578     7e-46  145.6  61.8   3   4   1.5e-05   1.5e-05   12.4  13.7    40   160   295   414   282   432 0.82 <unknown description>
200697at5125_2039875_0:0013c8|CM010803.1:3519811-3521469|+ -            521 200697               -            578     7e-46  145.6  61.8   4   4   3.3e-30   3.3e-30   93.8   0.6   146   216   434   520   417   520 0.89 <unknown description>
#
# Program:         hmmsearch
# Version:         3.4 (Aug 2023)
# Pipeline mode:   SEARCH
# Query file:      /home/arafat/busco_downloads/lineages/hypocreales_odb12.2/hmms/200697at5125.hmm
# Target file:     /home/arafat/Foxy_SIX_Evolution/results/busco/GCA_003615085.1/run_hypocreales_odb12.2/miniprot_output/translated_proteins/200697at5125.faa
# Option settings: hmmsearch --domtblout /home/arafat/Foxy_SIX_Evolution/results/busco/GCA_003615085.1/run_hypocreales_odb12.2/hmmer_output/200697at5125.out --cpu 1 /home/arafat/busco_downloads/lineages/hypocreales_odb12.2/hmms/200697at5125.hmm /home/arafat/Foxy_SIX_Evolution/results/busco/GCA_003615085.1/run_hypocreales_odb12.2/miniprot_output/translated_proteins/200697at5125.faa 
# Current dir:     /home/arafat/Foxy_SIX_Evolution
# Date:            Thu Sep 24 13:58:49 2026
# [ok]
