#                                                                                                                  --- full sequence --- -------------- this domain -------------   hmm coord   ali coord   env coord
# target name                                              accession   tlen query name           accession   qlen   E-value  score  bias   #  of  c-Evalue  i-Evalue  score  bias  from    to  from    to  from    to  acc description of target
#                                      ------------------- ---------- ----- -------------------- ---------- ----- --------- ------ ----- --- --- --------- --------- ------ ----- ----- ----- ----- ----- ----- ----- ---- ---------------------
200645at5125_5507_4:0031d9|CM010803.1:3100203-3101864|+    -            538 200645               -            513  6.4e-264  865.6   9.1   1   1  7.2e-264  7.2e-264  865.4   9.1     2   512    20   536    19   537 0.95 <unknown description>
200645at5125_40199_0:00061a|CM010803.1:3097650-3101864|+   -            819 200645               -            513  2.6e-263  863.6   8.6   1   1  3.4e-263  3.4e-263  863.2   8.6     2   512   301   817   300   818 0.95 <unknown description>
200645at5125_1208366_0:0034d9|CM010803.1:3100257-3101552|+ -            416 200645               -            513  2.9e-222  728.1   2.2   1   1  3.2e-222  3.2e-222  728.0   2.2     2   407     2   416     1   416 0.95 <unknown description>
200645at5125_983965_0:000ee2|CM010803.1:3100581-3101864|+  -            412 200645               -            513  2.5e-181  593.1  11.5   1   1  2.8e-181  2.8e-181  592.9  11.5   109   512     1   410     1   411 0.94 <unknown description>
200645at5125_117187_0:001ac1|CM010803.1:3100257-3101013|+  -            253 200645               -            513  2.1e-158  517.4   0.0   1   1  2.5e-158  2.5e-158  517.2   0.0     2   238     2   241     1   250 0.94 <unknown description>
200645at5125_62069_0:001631|CM010803.1:3101144-3101861|+   -            240 200645               -            513   1.4e-82  267.3  23.3   1   1   1.5e-82   1.5e-82  267.1  23.3   276   512     4   239     1   240 0.95 <unknown description>
200645at5125_117187_0:001b8e|CM010803.1:3101336-3101864|+  -            177 200645               -            513   1.7e-75  243.9  11.7   1   1   1.8e-75   1.8e-75  243.8  11.7   337   512     2   175     1   176 0.96 <unknown description>
#
# Program:         hmmsearch
# Version:         3.4 (Aug 2023)
# Pipeline mode:   SEARCH
# Query file:      /home/arafat/busco_downloads/lineages/hypocreales_odb12.2/hmms/200645at5125.hmm
# Target file:     /home/arafat/Foxy_SIX_Evolution/results/busco/GCA_003615085.1/run_hypocreales_odb12.2/miniprot_output/translated_proteins/200645at5125.faa
# Option settings: hmmsearch --domtblout /home/arafat/Foxy_SIX_Evolution/results/busco/GCA_003615085.1/run_hypocreales_odb12.2/hmmer_output/200645at5125.out --cpu 1 /home/arafat/busco_downloads/lineages/hypocreales_odb12.2/hmms/200645at5125.hmm /home/arafat/Foxy_SIX_Evolution/results/busco/GCA_003615085.1/run_hypocreales_odb12.2/miniprot_output/translated_proteins/200645at5125.faa 
# Current dir:     /home/arafat/Foxy_SIX_Evolution
# Date:            Thu Sep 24 13:58:49 2026
# [ok]
