#                                                                                                                 --- full sequence --- -------------- this domain -------------   hmm coord   ali coord   env coord
# target name                                             accession   tlen query name           accession   qlen   E-value  score  bias   #  of  c-Evalue  i-Evalue  score  bias  from    to  from    to  from    to  acc description of target
#                                     ------------------- ---------- ----- -------------------- ---------- ----- --------- ------ ----- --- --- --------- --------- ------ ----- ----- ----- ----- ----- ----- ----- ---- ---------------------
201363at5125_396571_0:000284|CM010800.1:2815038-2821144|- -           2000 201363               -           1265         0 1782.6  83.7   1   6   1.9e-06   1.9e-06   14.6   1.9     3    40   267   305   265   316 0.84 <unknown description>
201363at5125_396571_0:000284|CM010800.1:2815038-2821144|- -           2000 201363               -           1265         0 1782.6  83.7   2   6   1.5e-10   1.5e-10   28.2  15.5    34   175   326   513   316   520 0.61 <unknown description>
201363at5125_396571_0:000284|CM010800.1:2815038-2821144|- -           2000 201363               -           1265         0 1782.6  83.7   3   6   1.6e-38   1.6e-38  120.9  22.3   120   253   501   645   490   663 0.69 <unknown description>
201363at5125_396571_0:000284|CM010800.1:2815038-2821144|- -           2000 201363               -           1265         0 1782.6  83.7   4   6   6.3e-11   6.3e-11   29.5   4.6   243   342   769   896   761   918 0.66 <unknown description>
201363at5125_396571_0:000284|CM010800.1:2815038-2821144|- -           2000 201363               -           1265         0 1782.6  83.7   5   6   6.9e-06   6.9e-06   12.8  11.6   326   422   926  1059   903  1084 0.56 <unknown description>
201363at5125_396571_0:000284|CM010800.1:2815038-2821144|- -           2000 201363               -           1265         0 1782.6  83.7   6   6         0         0 1592.3   0.1   438  1265  1115  1999  1059  1999 0.91 <unknown description>
201363at5125_5507_3:000200|CM010800.1:2811408-2821144|-   -           2670 201363               -           1265         0 1753.9  83.0   1   5   2.5e-10   2.5e-10   27.5  25.0     3   175   267   513   265   522 0.58 <unknown description>
201363at5125_5507_3:000200|CM010800.1:2811408-2821144|-   -           2670 201363               -           1265         0 1753.9  83.0   2   5   2.5e-38   2.5e-38  120.2  22.9   119   253   500   645   486   663 0.68 <unknown description>
201363at5125_5507_3:000200|CM010800.1:2811408-2821144|-   -           2670 201363               -           1265         0 1753.9  83.0   3   5     7e-11     7e-11   29.3   4.0   243   342   769   896   761   912 0.66 <unknown description>
201363at5125_5507_3:000200|CM010800.1:2811408-2821144|-   -           2670 201363               -           1265         0 1753.9  83.0   4   5   6.6e-06   6.6e-06   12.8  11.0   326   422   926  1059   902  1082 0.56 <unknown description>
201363at5125_5507_3:000200|CM010800.1:2811408-2821144|-   -           2670 201363               -           1265         0 1753.9  83.0   5   5         0         0 1565.5   0.1   439  1256  1116  1990  1098  1996 0.91 <unknown description>
201363at5125_62069_0:001b85|CM010800.1:2815038-2819464|-  -           1396 201363               -           1265         0 1713.9  40.6   1   4   6.4e-28   6.4e-28   85.8   5.6   181   253    13    85     3   103 0.78 <unknown description>
201363at5125_62069_0:001b85|CM010800.1:2815038-2819464|-  -           1396 201363               -           1265         0 1713.9  40.6   2   4   2.6e-11   2.6e-11   30.7   3.8   243   342   165   292   158   311 0.66 <unknown description>
201363at5125_62069_0:001b85|CM010800.1:2815038-2819464|-  -           1396 201363               -           1265         0 1713.9  40.6   3   4   3.8e-06   3.8e-06   13.6  11.4   326   422   322   455   299   480 0.56 <unknown description>
201363at5125_62069_0:001b85|CM010800.1:2815038-2819464|-  -           1396 201363               -           1265         0 1713.9  40.6   4   4         0         0 1593.6   0.2   438  1265   511  1395   455  1395 0.91 <unknown description>
201363at5125_29875_0:001eca|CM010800.1:2815038-2818264|-  -           1040 201363               -           1265         0 1607.2   8.8   1   2     2e-06     2e-06   14.6   4.4   348   422    28    99    16   129 0.66 <unknown description>
201363at5125_29875_0:001eca|CM010800.1:2815038-2818264|-  -           1040 201363               -           1265         0 1607.2   8.8   2   2         0         0 1594.7   0.1   439  1265   156  1039   129  1039 0.91 <unknown description>
201363at5125_111463_0:000a24|CM010800.1:2815038-2817490|- -            782 201363               -           1265         0 1508.9   0.1   1   1         0         0 1508.7   0.1   531  1265     2   781     1   781 0.92 <unknown description>
201363at5125_229533_0:00035e|CM010800.1:2815766-2817517|- -            567 201363               -           1265         0 1161.6   6.2   1   1         0         0 1161.3   6.2   523  1063     2   554     1   561 0.95 <unknown description>
201363at5125_78864_0:002c4b|CM010800.1:2818042-2821144|-  -           1035 201363               -           1265   2.1e-57  183.5  81.2   1   6       1.1       1.1   -4.5   1.2   342   432    27   118    15   181 0.54 <unknown description>
201363at5125_78864_0:002c4b|CM010800.1:2818042-2821144|-  -           1035 201363               -           1265   2.1e-57  183.5  81.2   2   6   9.2e-07   9.2e-07   15.7   2.0     3    40   267   305   265   321 0.84 <unknown description>
201363at5125_78864_0:002c4b|CM010800.1:2818042-2821144|-  -           1035 201363               -           1265   2.1e-57  183.5  81.2   3   6   7.7e-11   7.7e-11   29.2  16.0    34   175   326   513   304   520 0.63 <unknown description>
201363at5125_78864_0:002c4b|CM010800.1:2818042-2821144|-  -           1035 201363               -           1265   2.1e-57  183.5  81.2   4   6   7.9e-39   7.9e-39  121.9  23.6   118   253   493   645   484   664 0.68 <unknown description>
201363at5125_78864_0:002c4b|CM010800.1:2818042-2821144|-  -           1035 201363               -           1265   2.1e-57  183.5  81.2   5   6   3.4e-11   3.4e-11   30.3   5.0   243   342   769   896   761   921 0.66 <unknown description>
201363at5125_78864_0:002c4b|CM010800.1:2818042-2821144|-  -           1035 201363               -           1265   2.1e-57  183.5  81.2   6   6   6.2e-05   6.2e-05    9.6   4.7   326   397   926  1005   904  1021 0.62 <unknown description>
#
# Program:         hmmsearch
# Version:         3.4 (Aug 2023)
# Pipeline mode:   SEARCH
# Query file:      /home/arafat/busco_downloads/lineages/hypocreales_odb12.2/hmms/201363at5125.hmm
# Target file:     /home/arafat/Foxy_SIX_Evolution/results/busco/GCA_003615085.1/run_hypocreales_odb12.2/miniprot_output/translated_proteins/201363at5125.faa
# Option settings: hmmsearch --domtblout /home/arafat/Foxy_SIX_Evolution/results/busco/GCA_003615085.1/run_hypocreales_odb12.2/hmmer_output/201363at5125.out --cpu 1 /home/arafat/busco_downloads/lineages/hypocreales_odb12.2/hmms/201363at5125.hmm /home/arafat/Foxy_SIX_Evolution/results/busco/GCA_003615085.1/run_hypocreales_odb12.2/miniprot_output/translated_proteins/201363at5125.faa 
# Current dir:     /home/arafat/Foxy_SIX_Evolution
# Date:            Thu Sep 24 13:58:52 2026
# [ok]
