#                                                                                                                  --- full sequence --- -------------- this domain -------------   hmm coord   ali coord   env coord
# target name                                              accession   tlen query name           accession   qlen   E-value  score  bias   #  of  c-Evalue  i-Evalue  score  bias  from    to  from    to  from    to  acc description of target
#                                      ------------------- ---------- ----- -------------------- ---------- ----- --------- ------ ----- --- --- --------- --------- ------ ----- ----- ----- ----- ----- ----- ----- ---- ---------------------
202998at5125_48495_0:0028b3|CM010800.1:2872103-2876117|+   -           1338 202998               -           1220         0 2274.7  42.8   1   1         0         0 2274.5  42.8     1  1220    90  1337    90  1337 0.97 <unknown description>
202998at5125_911162_0:001622|CM010800.1:2871070-2876117|+  -           1226 202998               -           1220         0 2127.7  28.8   1   1         0         0 2127.4  28.8   125  1220   108  1225   100  1225 0.97 <unknown description>
202998at5125_1610689_0:0001ad|CM010800.1:2872994-2876117|+ -           1042 202998               -           1220         0 2081.4  26.1   1   1         0         0 2081.3  26.1   191  1220     2  1041     1  1041 0.97 <unknown description>
202998at5125_63577_0:001d65|CM010800.1:2873891-2876117|+   -            743 202998               -           1220         0 1705.0  11.7   1   1         0         0 1704.8  11.7   479  1220     1   742     1   742 0.99 <unknown description>
202998at5125_1331945_0:001e04|CM010800.1:2872373-2874738|+ -            789 202998               -           1220         0 1137.4  32.3   1   1         0         0 1137.1  32.3     1   738     1   764     1   774 0.96 <unknown description>
202998at5125_1806559_0:001b61|CM010800.1:2874035-2875341|+ -            436 202998               -           1220         0 1019.4   5.7   1   1         0         0 1019.1   5.7   529   935     1   407     1   410 1.00 <unknown description>
202998at5125_1331945_0:001d96|CM010800.1:2874797-2876025|+ -            410 202998               -           1220  3.3e-263  864.9  10.1   1   1    4e-263    4e-263  864.6  10.1   783  1169     1   389     1   395 0.98 <unknown description>
#
# Program:         hmmsearch
# Version:         3.4 (Aug 2023)
# Pipeline mode:   SEARCH
# Query file:      /home/arafat/busco_downloads/lineages/hypocreales_odb12.2/hmms/202998at5125.hmm
# Target file:     /home/arafat/Foxy_SIX_Evolution/results/busco/GCA_003615085.1/run_hypocreales_odb12.2/miniprot_output/translated_proteins/202998at5125.faa
# Option settings: hmmsearch --domtblout /home/arafat/Foxy_SIX_Evolution/results/busco/GCA_003615085.1/run_hypocreales_odb12.2/hmmer_output/202998at5125.out --cpu 1 /home/arafat/busco_downloads/lineages/hypocreales_odb12.2/hmms/202998at5125.hmm /home/arafat/Foxy_SIX_Evolution/results/busco/GCA_003615085.1/run_hypocreales_odb12.2/miniprot_output/translated_proteins/202998at5125.faa 
# Current dir:     /home/arafat/Foxy_SIX_Evolution
# Date:            Thu Sep 24 13:59:00 2026
# [ok]
