#                                                                                                                  --- full sequence --- -------------- this domain -------------   hmm coord   ali coord   env coord
# target name                                              accession   tlen query name           accession   qlen   E-value  score  bias   #  of  c-Evalue  i-Evalue  score  bias  from    to  from    to  from    to  acc description of target
#                                      ------------------- ---------- ----- -------------------- ---------- ----- --------- ------ ----- --- --- --------- --------- ------ ----- ----- ----- ----- ----- ----- ----- ---- ---------------------
203184at5125_1080343_0:001da3|CM010803.1:2903776-2908172|- -           1414 203184               -           1000         0 1649.3  58.8   1   2   7.6e-26   7.6e-26   79.3  10.3    14   103   255   362   238   377 0.77 <unknown description>
203184at5125_1080343_0:001da3|CM010803.1:2903776-2908172|- -           1414 203184               -           1000         0 1649.3  58.8   2   2         0         0 1571.1  41.4    92  1000   377  1413   369  1413 0.87 <unknown description>
203184at5125_911162_0:0013e8|CM010803.1:2903776-2907061|-  -           1096 203184               -           1000         0 1610.5  53.4   1   2   6.5e-14   6.5e-14   39.8   4.1    66   103     7    44     1    59 0.77 <unknown description>
203184at5125_911162_0:0013e8|CM010803.1:2903776-2907061|-  -           1096 203184               -           1000         0 1610.5  53.4   2   2         0         0 1571.9  41.8    92  1000    59  1095    52  1095 0.87 <unknown description>
203184at5125_2686198_0:0015cf|CM010803.1:2903776-2905828|- -            685 203184               -           1000         0 1248.0   1.0   1   1         0         0 1245.8   1.0   384  1000     1   684     1   684 0.91 <unknown description>
203184at5125_431241_0:001d70|CM010803.1:2903926-2905246|-  -            441 203184               -           1000  1.1e-294  969.2  10.7   1   1  6.9e-294  6.9e-294  966.6  10.7   545   953     1   440     1   441 0.96 <unknown description>
203184at5125_61284_0:000303|CM010803.1:2904901-2907880|-   -            994 203184               -           1000  3.8e-271  891.3  54.3   1   2   5.6e-26   5.6e-26   79.7  10.5    14   103   210   317   193   332 0.77 <unknown description>
203184at5125_61284_0:000303|CM010803.1:2904901-2907880|-   -            994 203184               -           1000  3.8e-271  891.3  54.3   2   2  1.4e-247  1.4e-247  813.3  36.6    92   657   332   991   324   993 0.83 <unknown description>
203184at5125_2604345_0:001cab|CM010803.1:2904379-2905660|- -            428 203184               -           1000  1.7e-261  859.3   3.7   1   1  1.2e-260  1.2e-260  856.6   3.7   432   817    11   428     3   428 0.95 <unknown description>
203184at5125_2692428_0:0033f6|CM010803.1:2904355-2905183|- -            277 203184               -           1000  2.9e-200  656.7   8.9   1   1  2.6e-199  2.6e-199  653.5   8.9   566   825     1   277     1   277 0.99 <unknown description>
203184at5125_5516_0:0014d4|CM010803.1:2905864-2908172|-    -            718 203184               -           1000  1.7e-116  379.3  54.8   1   3         9         9   -7.7   4.1    64    91   130   155   117   188 0.40 <unknown description>
203184at5125_5516_0:0014d4|CM010803.1:2905864-2908172|-    -            718 203184               -           1000  1.7e-116  379.3  54.8   2   3   3.5e-26   3.5e-26   80.4  10.6    13   103   254   362   237   377 0.76 <unknown description>
203184at5125_5516_0:0014d4|CM010803.1:2905864-2908172|-    -            718 203184               -           1000  1.7e-116  379.3  54.8   3   3   1.3e-96   1.3e-96  313.6  36.2    92   382   377   706   369   714 0.85 <unknown description>
203184at5125_1344414_0:001e5e|CM010803.1:2905273-2905828|- -            186 203184               -           1000   7.5e-51  162.0   2.4   1   1   8.5e-51   8.5e-51  161.9   2.4   384   536     1   186     1   186 0.80 <unknown description>
#
# Program:         hmmsearch
# Version:         3.4 (Aug 2023)
# Pipeline mode:   SEARCH
# Query file:      /home/arafat/busco_downloads/lineages/hypocreales_odb12.2/hmms/203184at5125.hmm
# Target file:     /home/arafat/Foxy_SIX_Evolution/results/busco/GCA_003615085.1/run_hypocreales_odb12.2/miniprot_output/translated_proteins/203184at5125.faa
# Option settings: hmmsearch --domtblout /home/arafat/Foxy_SIX_Evolution/results/busco/GCA_003615085.1/run_hypocreales_odb12.2/hmmer_output/203184at5125.out --cpu 1 /home/arafat/busco_downloads/lineages/hypocreales_odb12.2/hmms/203184at5125.hmm /home/arafat/Foxy_SIX_Evolution/results/busco/GCA_003615085.1/run_hypocreales_odb12.2/miniprot_output/translated_proteins/203184at5125.faa 
# Current dir:     /home/arafat/Foxy_SIX_Evolution
# Date:            Thu Sep 24 13:58:36 2026
# [ok]
