#                                                                                                                  --- full sequence --- -------------- this domain -------------   hmm coord   ali coord   env coord
# target name                                              accession   tlen query name           accession   qlen   E-value  score  bias   #  of  c-Evalue  i-Evalue  score  bias  from    to  from    to  from    to  acc description of target
#                                      ------------------- ---------- ----- -------------------- ---------- ----- --------- ------ ----- --- --- --------- --------- ------ ----- ----- ----- ----- ----- ----- ----- ---- ---------------------
204030at5125_595255_0:002382|CM010802.1:2986313-2992530|-  -            453 204030               -            335    8e-119  385.6   0.4   1   2   5.5e-70   5.5e-70  225.1   0.0     2   193    53   267    52   278 0.87 <unknown description>
204030at5125_595255_0:002382|CM010802.1:2986313-2992530|-  -            453 204030               -            335    8e-119  385.6   0.4   2   2   8.5e-50   8.5e-50  158.7   0.3   198   334   293   452   281   453 0.81 <unknown description>
204030at5125_327505_0:001c07|CM010802.1:2986310-2987845|-  -            495 204030               -            335  1.1e-118  385.2   0.4   1   2   6.8e-70   6.8e-70  224.8   0.0     2   193    94   308    93   319 0.87 <unknown description>
204030at5125_327505_0:001c07|CM010802.1:2986310-2987845|-  -            495 204030               -            335  1.1e-118  385.2   0.4   2   2     1e-49     1e-49  158.5   0.3   198   334   334   493   322   494 0.81 <unknown description>
204030at5125_160324_0:002ffe|CM010802.1:2986313-2989914|-  -            490 204030               -            335  1.1e-118  385.1   0.4   1   2   6.7e-70   6.7e-70  224.8   0.0     2   193    90   304    89   315 0.87 <unknown description>
204030at5125_160324_0:002ffe|CM010802.1:2986313-2989914|-  -            490 204030               -            335  1.1e-118  385.1   0.4   2   2     1e-49     1e-49  158.5   0.3   198   334   330   489   318   490 0.81 <unknown description>
204030at5125_62069_0:00184f|CM010802.1:2977833-2987791|-   -            504 204030               -            335  1.2e-118  385.0   0.4   1   2   7.1e-70   7.1e-70  224.7   0.0     2   193    76   290    75   301 0.87 <unknown description>
204030at5125_62069_0:00184f|CM010802.1:2977833-2987791|-   -            504 204030               -            335  1.2e-118  385.0   0.4   2   2   1.1e-49   1.1e-49  158.4   0.3   198   334   316   475   304   476 0.81 <unknown description>
204030at5125_2898082_0:000b12|CM010802.1:2985711-2987656|- -            533 204030               -            335  1.4e-118  384.8   0.3   1   2   8.1e-70   8.1e-70  224.5   0.0     2   193    31   245    30   256 0.87 <unknown description>
204030at5125_2898082_0:000b12|CM010802.1:2985711-2987656|- -            533 204030               -            335  1.4e-118  384.8   0.3   2   2     1e-49     1e-49  158.4   0.2   198   334   271   430   259   431 0.81 <unknown description>
204030at5125_1736662_0:002069|CM010802.1:2983123-2987668|- -            626 204030               -            335    2e-118  384.3   0.4   1   2   1.1e-69   1.1e-69  224.0   0.0     2   193    35   249    34   260 0.87 <unknown description>
204030at5125_1736662_0:002069|CM010802.1:2983123-2987668|- -            626 204030               -            335    2e-118  384.3   0.4   2   2   1.1e-49   1.1e-49  158.4   0.3   198   334   275   434   262   435 0.81 <unknown description>
204030at5125_48495_0:00276d|CM010802.1:2986310-2987524|-   -            388 204030               -            335  1.2e-116  378.4   1.0   1   2   8.3e-68   8.3e-68  217.9   0.0    20   193     8   201     2   212 0.88 <unknown description>
204030at5125_48495_0:00276d|CM010802.1:2986310-2987524|-   -            388 204030               -            335  1.2e-116  378.4   1.0   2   2     6e-50     6e-50  159.2   0.3   198   334   227   386   215   387 0.81 <unknown description>
204030at5125_101201_0:000368|CM010802.1:2986316-2987125|-  -            253 204030               -            335   4.1e-79  255.1   3.3   1   2   1.3e-30   1.3e-30   95.6   0.2   129   193     1    68     1    79 0.93 <unknown description>
204030at5125_101201_0:000368|CM010802.1:2986316-2987125|-  -            253 204030               -            335   4.1e-79  255.1   3.3   2   2   2.7e-50   2.7e-50  160.4   0.3   198   334    94   253    82   253 0.81 <unknown description>
#
# Program:         hmmsearch
# Version:         3.4 (Aug 2023)
# Pipeline mode:   SEARCH
# Query file:      /home/arafat/busco_downloads/lineages/hypocreales_odb12.2/hmms/204030at5125.hmm
# Target file:     /home/arafat/Foxy_SIX_Evolution/results/busco/GCA_003615085.1/run_hypocreales_odb12.2/miniprot_output/translated_proteins/204030at5125.faa
# Option settings: hmmsearch --domtblout /home/arafat/Foxy_SIX_Evolution/results/busco/GCA_003615085.1/run_hypocreales_odb12.2/hmmer_output/204030at5125.out --cpu 1 /home/arafat/busco_downloads/lineages/hypocreales_odb12.2/hmms/204030at5125.hmm /home/arafat/Foxy_SIX_Evolution/results/busco/GCA_003615085.1/run_hypocreales_odb12.2/miniprot_output/translated_proteins/204030at5125.faa 
# Current dir:     /home/arafat/Foxy_SIX_Evolution
# Date:            Thu Sep 24 13:58:42 2026
# [ok]
