#                                                                                                                      --- full sequence --- -------------- this domain -------------   hmm coord   ali coord   env coord
# target name                                                  accession   tlen query name           accession   qlen   E-value  score  bias   #  of  c-Evalue  i-Evalue  score  bias  from    to  from    to  from    to  acc description of target
#                                          ------------------- ---------- ----- -------------------- ---------- ----- --------- ------ ----- --- --- --------- --------- ------ ----- ----- ----- ----- ----- ----- ----- ---- ---------------------
204165at5125_1080343_0:000550|MRCU01000005.1:1500796-1502695|- -            618 204165               -            479  6.8e-237  775.7   6.6   1   2   5.1e-81   5.1e-81  261.7   1.6     2   169     7   209     6   216 0.83 <unknown description>
204165at5125_1080343_0:000550|MRCU01000005.1:1500796-1502695|- -            618 204165               -            479  6.8e-237  775.7   6.6   2   2  4.2e-158  4.2e-158  515.9   0.1   136   478   264   611   246   612 0.92 <unknown description>
204165at5125_5544_1:002b5b|MRCU01000005.1:1500811-1502113|-    -            435 204165               -            479    1e-160  524.5   9.5   1   2   5.1e-05   5.1e-05   11.0   3.3   139   169     1    31     1    39 0.88 <unknown description>
204165at5125_5544_1:002b5b|MRCU01000005.1:1500811-1502113|-    -            435 204165               -            479    1e-160  524.5   9.5   2   2  1.4e-158  1.4e-158  517.5   0.1   136   478    86   433    64   434 0.91 <unknown description>
204165at5125_282268_0:000d5b|MRCU01000005.1:1500796-1501849|-  -            352 204165               -            479  2.6e-158  516.6   0.0   1   1    3e-158    3e-158  516.3   0.0   146   478     7   345     2   346 0.94 <unknown description>
204165at5125_93591_0:000f15|MRCU01000005.1:1501336-1502683|-   -            434 204165               -            479  4.5e-154  502.6  11.2   1   2   3.5e-81   3.5e-81  262.2   2.3     2   169     3   205     2   213 0.83 <unknown description>
204165at5125_93591_0:000f15|MRCU01000005.1:1501336-1502683|-   -            434 204165               -            479  4.5e-154  502.6  11.2   2   2   4.9e-76   4.9e-76  245.2   0.7   136   309   260   434   242   434 0.87 <unknown description>
204165at5125_1896173_0:001f70|MRCU01000005.1:1500814-1501642|- -            277 204165               -            479  4.6e-133  433.3   0.0   1   1  5.1e-133  5.1e-133  433.2   0.0   207   478     1   276     1   277 0.98 <unknown description>
204165at5125_1325734_0:003913|MRCU01000005.1:1501906-1502689|- -            246 204165               -            479     6e-82  264.7   4.6   1   1   1.5e-81   1.5e-81  263.4   3.4     2   169     5   207     4   215 0.83 <unknown description>
204165at5125_1399860_1:000aba|MRCU01000005.1:1502239-1502683|- -            133 204165               -            479   1.2e-60  194.5   7.1   1   1   7.7e-60   7.7e-60  191.8   7.1     2   107     3   133     2   133 0.88 <unknown description>
204165at5125_5544_1:002b6e|MRCU01000005.1:1502416-1502680|-    -             89 204165               -            479   1.8e-39  124.6   1.6   1   1   1.2e-38   1.2e-38  122.0   1.6     2    72     2    84     1    87 0.82 <unknown description>
#
# Program:         hmmsearch
# Version:         3.4 (Aug 2023)
# Pipeline mode:   SEARCH
# Query file:      /home/arafat/busco_downloads/lineages/hypocreales_odb12.2/hmms/204165at5125.hmm
# Target file:     /home/arafat/Foxy_SIX_Evolution/results/busco/GCA_003615085.1/run_hypocreales_odb12.2/miniprot_output/translated_proteins/204165at5125.faa
# Option settings: hmmsearch --domtblout /home/arafat/Foxy_SIX_Evolution/results/busco/GCA_003615085.1/run_hypocreales_odb12.2/hmmer_output/204165at5125.out --cpu 1 /home/arafat/busco_downloads/lineages/hypocreales_odb12.2/hmms/204165at5125.hmm /home/arafat/Foxy_SIX_Evolution/results/busco/GCA_003615085.1/run_hypocreales_odb12.2/miniprot_output/translated_proteins/204165at5125.faa 
# Current dir:     /home/arafat/Foxy_SIX_Evolution
# Date:            Thu Sep 24 13:58:42 2026
# [ok]
