#                                                                                                                      --- full sequence --- -------------- this domain -------------   hmm coord   ali coord   env coord
# target name                                                  accession   tlen query name           accession   qlen   E-value  score  bias   #  of  c-Evalue  i-Evalue  score  bias  from    to  from    to  from    to  acc description of target
#                                          ------------------- ---------- ----- -------------------- ---------- ----- --------- ------ ----- --- --- --------- --------- ------ ----- ----- ----- ----- ----- ----- ----- ---- ---------------------
204990at5125_396571_0:000e45|MRCU01000005.1:3441399-3443862|-  -            781 204990               -            577         0 1084.4   8.3   1   2  5.1e-196  5.1e-196  641.6   0.9     1   361    92   475    92   493 0.86 <unknown description>
204990at5125_396571_0:000e45|MRCU01000005.1:3441399-3443862|-  -            781 204990               -            577         0 1084.4   8.3   2   2  7.1e-137  7.1e-137  446.4   1.3   335   577   508   766   498   766 0.90 <unknown description>
204990at5125_160290_0:003a07|MRCU01000005.1:3441399-3445706|-  -            787 204990               -            577         0 1078.0  16.1   1   3      0.38      0.38   -1.8   0.9   254   286    29    61     2    86 0.54 <unknown description>
204990at5125_160290_0:003a07|MRCU01000005.1:3441399-3445706|-  -            787 204990               -            577         0 1078.0  16.1   2   3  5.1e-196  5.1e-196  641.6   0.9     1   361    98   481    98   497 0.86 <unknown description>
204990at5125_160290_0:003a07|MRCU01000005.1:3441399-3445706|-  -            787 204990               -            577         0 1078.0  16.1   3   3  7.2e-137  7.2e-137  446.3   1.3   335   577   514   772   504   772 0.90 <unknown description>
204990at5125_64609_0:0034c4|MRCU01000005.1:3441399-3447489|-   -            783 204990               -            577         0 1075.2   8.2   1   3         9         9   -8.3   5.4   465   481    10    26     2    71 0.47 <unknown description>
204990at5125_64609_0:0034c4|MRCU01000005.1:3441399-3447489|-   -            783 204990               -            577         0 1075.2   8.2   2   3  5.1e-196  5.1e-196  641.6   0.9     1   361    94   477    94   493 0.86 <unknown description>
204990at5125_64609_0:0034c4|MRCU01000005.1:3441399-3447489|-   -            783 204990               -            577         0 1075.2   8.2   3   3  7.1e-137  7.1e-137  446.4   1.3   335   577   510   768   500   768 0.90 <unknown description>
204990at5125_1291519_0:002b1e|MRCU01000005.1:3441806-3443592|- -            573 204990               -            577  3.8e-278  912.8   4.2   1   2  2.1e-196  2.1e-196  642.9   0.8     1   361     2   385     2   402 0.86 <unknown description>
204990at5125_1291519_0:002b1e|MRCU01000005.1:3441806-3443592|- -            573 204990               -            577  3.8e-278  912.8   4.2   2   2   8.4e-84   8.4e-84  271.1   0.1   335   487   418   570   401   573 0.93 <unknown description>
204990at5125_858221_0:000089|MRCU01000005.1:3441399-3443249|-  -            600 204990               -            577  7.7e-271  888.7   8.5   1   2  1.2e-136  1.2e-136  445.6   0.6    91   361     1   294     1   313 0.82 <unknown description>
204990at5125_858221_0:000089|MRCU01000005.1:3441399-3443249|-  -            600 204990               -            577  7.7e-271  888.7   8.5   2   2  6.1e-137  6.1e-137  446.6   1.9   335   577   327   585   317   585 0.90 <unknown description>
204990at5125_1803897_0:000893|MRCU01000005.1:3442283-3443862|- -            504 204990               -            577  6.6e-197  644.6   0.3   1   1    1e-196    1e-196  643.9   0.3     1   361    92   475    92   489 0.86 <unknown description>
204990at5125_1399860_1:0003e6|MRCU01000005.1:3442406-3443592|- -            373 204990               -            577  6.8e-196  641.2   0.2   1   1  9.3e-196  9.3e-196  640.8   0.2     1   347     2   371     2   373 0.88 <unknown description>
204990at5125_62069_0:001660|MRCU01000005.1:3442676-3443592|-   -            283 204990               -            577  7.6e-165  538.7   0.1   1   1  8.7e-165  8.7e-165  538.5   0.1     1   270     2   272     2   283 0.94 <unknown description>
204990at5125_468837_0:00180a|MRCU01000005.1:3441399-3442304|-  -            285 204990               -            577    3e-138  450.9   1.7   1   1  6.7e-138  6.7e-138  449.7   1.7   335   577    12   270     5   270 0.91 <unknown description>
#
# Program:         hmmsearch
# Version:         3.4 (Aug 2023)
# Pipeline mode:   SEARCH
# Query file:      /home/arafat/busco_downloads/lineages/hypocreales_odb12.2/hmms/204990at5125.hmm
# Target file:     /home/arafat/Foxy_SIX_Evolution/results/busco/GCA_003615085.1/run_hypocreales_odb12.2/miniprot_output/translated_proteins/204990at5125.faa
# Option settings: hmmsearch --domtblout /home/arafat/Foxy_SIX_Evolution/results/busco/GCA_003615085.1/run_hypocreales_odb12.2/hmmer_output/204990at5125.out --cpu 1 /home/arafat/busco_downloads/lineages/hypocreales_odb12.2/hmms/204990at5125.hmm /home/arafat/Foxy_SIX_Evolution/results/busco/GCA_003615085.1/run_hypocreales_odb12.2/miniprot_output/translated_proteins/204990at5125.faa 
# Current dir:     /home/arafat/Foxy_SIX_Evolution
# Date:            Thu Sep 24 13:58:47 2026
# [ok]
