#                                                                                                                  --- full sequence --- -------------- this domain -------------   hmm coord   ali coord   env coord
# target name                                              accession   tlen query name           accession   qlen   E-value  score  bias   #  of  c-Evalue  i-Evalue  score  bias  from    to  from    to  from    to  acc description of target
#                                      ------------------- ---------- ----- -------------------- ---------- ----- --------- ------ ----- --- --- --------- --------- ------ ----- ----- ----- ----- ----- ----- ----- ---- ---------------------
205197at5125_396571_0:002367|CM010803.1:3769046-3769958|-  -            305 205197               -            222   2.5e-86  278.0   5.5   1   2   1.1e-06   1.3e-06   17.4   0.1     6    67    31    93    22   110 0.67 <unknown description>
205197at5125_396571_0:002367|CM010803.1:3769046-3769958|-  -            305 205197               -            222   2.5e-86  278.0   5.5   2   2     2e-81   2.3e-81  261.8   3.8    37   222   100   304    81   304 0.82 <unknown description>
205197at5125_595255_0:0008c4|CM010803.1:3769046-3771688|-  -            566 205197               -            222   1.5e-83  269.0  12.0   1   3       1.9       2.2   -3.0   0.3   102   144   194   212   192   236 0.49 <unknown description>
205197at5125_595255_0:0008c4|CM010803.1:3769046-3771688|-  -            566 205197               -            222   1.5e-83  269.0  12.0   2   3   3.9e-06   4.5e-06   15.6   0.1     6    67   292   354   284   368 0.68 <unknown description>
205197at5125_595255_0:0008c4|CM010803.1:3769046-3771688|-  -            566 205197               -            222   1.5e-83  269.0  12.0   3   3   9.4e-81   1.1e-80  259.6   3.3    39   222   363   565   351   565 0.82 <unknown description>
205197at5125_2004951_0:0025d7|CM010803.1:3769046-3769622|- -            193 205197               -            222   3.5e-81  261.2   3.1   1   1   3.4e-81   3.9e-81  261.0   3.1    60   222    11   192     1   192 0.86 <unknown description>
205197at5125_62069_0:001a1b|CM010803.1:3769082-3769472|-   -            131 205197               -            222   7.1e-61  194.8   0.8   1   1   7.3e-61   8.4e-61  194.5   0.8    94   210     2   126     1   130 0.90 <unknown description>
205197at5125_1280523_0:0011b3|CM010803.1:3769046-3771110|- -            176 205197               -            222   6.6e-56  178.5   0.9   1   2      0.19      0.21    0.3   0.4   120   163     8    52     1    60 0.64 <unknown description>
205197at5125_1280523_0:0011b3|CM010803.1:3769046-3771110|- -            176 205197               -            222   6.6e-56  178.5   0.9   2   2   5.7e-56   6.6e-56  178.5   0.9   115   222    59   175    50   175 0.89 <unknown description>
205197at5125_1053134_0:002886|CM010803.1:3769046-3769292|- -             83 205197               -            222   9.5e-47  148.6   0.8   1   1   9.3e-47   1.1e-46  148.4   0.8   145   222     1    82     1    82 0.94 <unknown description>
205197at5125_1053134_0:00131d|CM010803.1:3769265-3769958|- -            232 205197               -            222   9.3e-40  125.7  12.3   1   2   6.4e-07   7.3e-07   18.1   0.2     6    67    31    93    22   113 0.67 <unknown description>
205197at5125_1053134_0:00131d|CM010803.1:3769265-3769958|- -            232 205197               -            222   9.3e-40  125.7  12.3   2   2   1.1e-34   1.3e-34  108.9  10.5    37   154   100   232    81   232 0.76 <unknown description>
#
# Program:         hmmsearch
# Version:         3.4 (Aug 2023)
# Pipeline mode:   SEARCH
# Query file:      /home/arafat/busco_downloads/lineages/hypocreales_odb12.2/hmms/205197at5125.hmm
# Target file:     /home/arafat/Foxy_SIX_Evolution/results/busco/GCA_003615085.1/run_hypocreales_odb12.2/miniprot_output/translated_proteins/205197at5125.faa
# Option settings: hmmsearch --domtblout /home/arafat/Foxy_SIX_Evolution/results/busco/GCA_003615085.1/run_hypocreales_odb12.2/hmmer_output/205197at5125.out --cpu 1 /home/arafat/busco_downloads/lineages/hypocreales_odb12.2/hmms/205197at5125.hmm /home/arafat/Foxy_SIX_Evolution/results/busco/GCA_003615085.1/run_hypocreales_odb12.2/miniprot_output/translated_proteins/205197at5125.faa 
# Current dir:     /home/arafat/Foxy_SIX_Evolution
# Date:            Thu Sep 24 13:58:48 2026
# [ok]
