#                                                                                                                  --- full sequence --- -------------- this domain -------------   hmm coord   ali coord   env coord
# target name                                              accession   tlen query name           accession   qlen   E-value  score  bias   #  of  c-Evalue  i-Evalue  score  bias  from    to  from    to  from    to  acc description of target
#                                      ------------------- ---------- ----- -------------------- ---------- ----- --------- ------ ----- --- --- --------- --------- ------ ----- ----- ----- ----- ----- ----- ----- ---- ---------------------
205321at5125_1080343_0:002128|CM010800.1:1095326-1096106|- -            242 205321               -            157   2.5e-71  226.9   2.3   1   2   7.8e-33   7.8e-33  101.9   0.1     1    81    33   117    33   123 0.94 <unknown description>
205321at5125_1080343_0:002128|CM010800.1:1095326-1096106|- -            242 205321               -            157   2.5e-71  226.9   2.3   2   2   5.9e-40   5.9e-40  125.0   0.4    80   157   164   241   157   241 0.97 <unknown description>
205321at5125_1163406_0:0004d6|CM010800.1:1095326-1095950|- -            209 205321               -            157   6.3e-71  225.6   2.2   1   2   2.6e-32   2.6e-32  100.1   0.1     2    81     1    84     1    90 0.94 <unknown description>
205321at5125_1163406_0:0004d6|CM010800.1:1095326-1095950|- -            209 205321               -            157   6.3e-71  225.6   2.2   2   2   4.4e-40   4.4e-40  125.4   0.4    80   157   131   208   124   208 0.97 <unknown description>
205321at5125_1276136_0:0005d3|CM010800.1:1095326-1098407|- -            264 205321               -            157     1e-69  221.7   2.6   1   2   2.1e-31   2.1e-31   97.2   0.1     3    81    57   139    57   145 0.94 <unknown description>
205321at5125_1276136_0:0005d3|CM010800.1:1095326-1098407|- -            264 205321               -            157     1e-69  221.7   2.6   2   2   7.1e-40   7.1e-40  124.7   0.4    80   157   186   263   179   263 0.97 <unknown description>
205321at5125_568076_0:000433|CM010800.1:1095326-1104159|-  -            321 205321               -            157   5.7e-67  212.8   2.9   1   2   7.5e-29   7.5e-29   88.9   0.1     7    80   118   195   112   202 0.92 <unknown description>
205321at5125_568076_0:000433|CM010800.1:1095326-1104159|-  -            321 205321               -            157   5.7e-67  212.8   2.9   2   2     1e-39     1e-39  124.2   0.4    80   157   243   320   236   320 0.97 <unknown description>
205321at5125_117187_0:0004bf|CM010800.1:1095326-1095440|-  -             39 205321               -            157   4.2e-22   67.0   0.7   1   1   4.4e-22   4.4e-22   66.9   0.7   120   157     1    38     1    38 0.99 <unknown description>
#
# Program:         hmmsearch
# Version:         3.4 (Aug 2023)
# Pipeline mode:   SEARCH
# Query file:      /home/arafat/busco_downloads/lineages/hypocreales_odb12.2/hmms/205321at5125.hmm
# Target file:     /home/arafat/Foxy_SIX_Evolution/results/busco/GCA_003615085.1/run_hypocreales_odb12.2/miniprot_output/translated_proteins/205321at5125.faa
# Option settings: hmmsearch --domtblout /home/arafat/Foxy_SIX_Evolution/results/busco/GCA_003615085.1/run_hypocreales_odb12.2/hmmer_output/205321at5125.out --cpu 1 /home/arafat/busco_downloads/lineages/hypocreales_odb12.2/hmms/205321at5125.hmm /home/arafat/Foxy_SIX_Evolution/results/busco/GCA_003615085.1/run_hypocreales_odb12.2/miniprot_output/translated_proteins/205321at5125.faa 
# Current dir:     /home/arafat/Foxy_SIX_Evolution
# Date:            Thu Sep 24 13:58:49 2026
# [ok]
