#                                                                                                                  --- full sequence --- -------------- this domain -------------   hmm coord   ali coord   env coord
# target name                                              accession   tlen query name           accession   qlen   E-value  score  bias   #  of  c-Evalue  i-Evalue  score  bias  from    to  from    to  from    to  acc description of target
#                                      ------------------- ---------- ----- -------------------- ---------- ----- --------- ------ ----- --- --- --------- --------- ------ ----- ----- ----- ----- ----- ----- ----- ---- ---------------------
206982at5125_327505_0:001b98|CM010802.1:2344175-2345531|-  -            453 206982               -            359  1.7e-148  483.8  43.6   1   3   4.7e-08   4.7e-08   21.8   9.6     1    61     1    68     1    73 0.83 <unknown description>
206982at5125_327505_0:001b98|CM010802.1:2344175-2345531|-  -            453 206982               -            359  1.7e-148  483.8  43.6   2   3   6.7e-05   6.7e-05   11.4   9.8    29    88    66   125    64   138 0.69 <unknown description>
206982at5125_327505_0:001b98|CM010802.1:2344175-2345531|-  -            453 206982               -            359  1.7e-148  483.8  43.6   3   3  1.5e-141  1.5e-141  460.9  13.8    49   359   136   452   114   452 0.86 <unknown description>
206982at5125_490622_0:0008cc|CM010802.1:2344175-2347088|-  -            575 206982               -            359  3.8e-145  472.7  58.4   1   4       1.5       1.5   -2.9   6.8    42   118    19    94     4   111 0.61 <unknown description>
206982at5125_490622_0:0008cc|CM010802.1:2344175-2347088|-  -            575 206982               -            359  3.8e-145  472.7  58.4   2   4   6.5e-08   6.5e-08   21.3   9.6     1    61   123   190   123   195 0.83 <unknown description>
206982at5125_490622_0:0008cc|CM010802.1:2344175-2347088|-  -            575 206982               -            359  3.8e-145  472.7  58.4   3   4   9.2e-05   9.2e-05   10.9   9.8    29    88   188   247   186   260 0.69 <unknown description>
206982at5125_490622_0:0008cc|CM010802.1:2344175-2347088|-  -            575 206982               -            359  3.8e-145  472.7  58.4   4   4  3.1e-141  3.1e-141  459.9  13.8    49   359   258   574   236   574 0.86 <unknown description>
206982at5125_2773459_0:0035ca|CM010802.1:2344175-2345186|- -            338 206982               -            359  3.1e-143  466.5   9.4   1   1  3.5e-143  3.5e-143  466.3   9.4    57   359    24   337     1   337 0.86 <unknown description>
206982at5125_1567552_0:002f6a|CM010802.1:2344175-2348231|- -            596 206982               -            359  3.3e-142  463.1  50.1   1   4         9         9   -6.6   6.5    71    71    73    73    10   133 0.44 <unknown description>
206982at5125_1567552_0:002f6a|CM010802.1:2344175-2348231|- -            596 206982               -            359  3.3e-142  463.1  50.1   2   4   1.1e-05   1.1e-05   14.0   2.4    12    61   162   211   154   214 0.89 <unknown description>
206982at5125_1567552_0:002f6a|CM010802.1:2344175-2348231|- -            596 206982               -            359  3.3e-142  463.1  50.1   3   4   8.1e-05   8.1e-05   11.1   9.5    29    88   209   268   207   280 0.70 <unknown description>
206982at5125_1567552_0:002f6a|CM010802.1:2344175-2348231|- -            596 206982               -            359  3.3e-142  463.1  50.1   4   4  2.3e-141  2.3e-141  460.3  13.5    47   359   272   595   256   595 0.85 <unknown description>
206982at5125_1331945_0:002256|CM010802.1:2344175-2344973|- -            267 206982               -            359  4.5e-127  413.3   9.8   1   1    5e-127    5e-127  413.1   9.8   105   359     1   266     1   266 0.94 <unknown description>
206982at5125_911162_0:0019c5|CM010802.1:2344457-2345126|-  -            224 206982               -            359  7.1e-104  337.0   3.5   1   1  7.8e-104  7.8e-104  336.9   3.5    61   273    10   224     1   224 0.90 <unknown description>
206982at5125_2559227_0:001355|CM010802.1:2344598-2345531|- -            312 206982               -            359   5.5e-83  268.3  42.4   1   3   3.5e-08   3.5e-08   22.2  10.0     1    61     1    68     1    72 0.83 <unknown description>
206982at5125_2559227_0:001355|CM010802.1:2344598-2345531|- -            312 206982               -            359   5.5e-83  268.3  42.4   2   3     8e-05     8e-05   11.1  11.5    29    89    66   126    61   139 0.69 <unknown description>
206982at5125_2559227_0:001355|CM010802.1:2344598-2345531|- -            312 206982               -            359   5.5e-83  268.3  42.4   3   3   1.3e-75   1.3e-75  244.1  12.6    46   227   128   312   113   312 0.81 <unknown description>
206982at5125_92637_0:002d21|CM010802.1:2344175-2344556|-   -            128 206982               -            359   5.9e-50  159.6   7.7   1   1   6.6e-50   6.6e-50  159.4   7.7   241   359     1   127     1   127 0.90 <unknown description>
206982at5125_1736662_0:0024e6|CM010802.1:2344821-2345531|- -            237 206982               -            359   2.1e-08   22.9   9.8   1   2   2.1e-08   2.1e-08   22.9   9.8     1    61     1    68     1    71 0.83 <unknown description>
206982at5125_1736662_0:0024e6|CM010802.1:2344821-2345531|- -            237 206982               -            359   2.1e-08   22.9   9.8   2   2     0.021     0.021    3.2  23.3    29   122    66   164    64   184 0.62 <unknown description>
#
# Program:         hmmsearch
# Version:         3.4 (Aug 2023)
# Pipeline mode:   SEARCH
# Query file:      /home/arafat/busco_downloads/lineages/hypocreales_odb12.2/hmms/206982at5125.hmm
# Target file:     /home/arafat/Foxy_SIX_Evolution/results/busco/GCA_003615085.1/run_hypocreales_odb12.2/miniprot_output/translated_proteins/206982at5125.faa
# Option settings: hmmsearch --domtblout /home/arafat/Foxy_SIX_Evolution/results/busco/GCA_003615085.1/run_hypocreales_odb12.2/hmmer_output/206982at5125.out --cpu 1 /home/arafat/busco_downloads/lineages/hypocreales_odb12.2/hmms/206982at5125.hmm /home/arafat/Foxy_SIX_Evolution/results/busco/GCA_003615085.1/run_hypocreales_odb12.2/miniprot_output/translated_proteins/206982at5125.faa 
# Current dir:     /home/arafat/Foxy_SIX_Evolution
# Date:            Thu Sep 24 13:58:52 2026
# [ok]
