#                                                                                                                      --- full sequence --- -------------- this domain -------------   hmm coord   ali coord   env coord
# target name                                                  accession   tlen query name           accession   qlen   E-value  score  bias   #  of  c-Evalue  i-Evalue  score  bias  from    to  from    to  from    to  acc description of target
#                                          ------------------- ---------- ----- -------------------- ---------- ----- --------- ------ ----- --- --- --------- --------- ------ ----- ----- ----- ----- ----- ----- ----- ---- ---------------------
207228at5125_5507_0:00359f|CM010803.1:3053027-3054766|-        -            546 207228               -            387  6.1e-176  576.4  32.9   1   4      0.31      0.31    1.3   0.1     1    26    16    41    16    51 0.81 <unknown description>
207228at5125_5507_0:00359f|CM010803.1:3053027-3054766|-        -            546 207228               -            387  6.1e-176  576.4  32.9   2   4   1.6e-08   1.6e-08   25.2  16.9    10   123    49   170    39   171 0.57 <unknown description>
207228at5125_5507_0:00359f|CM010803.1:3053027-3054766|-        -            546 207228               -            387  6.1e-176  576.4  32.9   3   4      0.27      0.27    1.5   6.6    36    81   122   177   115   194 0.59 <unknown description>
207228at5125_5507_0:00359f|CM010803.1:3053027-3054766|-        -            546 207228               -            387  6.1e-176  576.4  32.9   4   4  5.7e-169  5.7e-169  553.5   4.7    76   387   220   544   201   544 0.91 <unknown description>
207228at5125_396571_0:004280|MRCU01000010.1:1147419-1148991|+  -            525 207228               -            387  1.8e-175  574.8  24.3   1   3   1.9e-13   1.9e-13   41.5   5.3     1    68     1    73     1    94 0.65 <unknown description>
207228at5125_396571_0:004280|MRCU01000010.1:1147419-1148991|+  -            525 207228               -            387  1.8e-175  574.8  24.3   2   3      0.18      0.18    2.0   7.3    35    99    82   147    76   155 0.67 <unknown description>
207228at5125_396571_0:004280|MRCU01000010.1:1147419-1148991|+  -            525 207228               -            387  1.8e-175  574.8  24.3   3   3  5.3e-165  5.3e-165  540.4   0.4    72   387   174   503   158   503 0.92 <unknown description>
207228at5125_5507_0:001ae9|MRCU01000010.1:1146024-1148931|+    -            579 207228               -            387  2.8e-175  574.2  24.1   1   3   2.2e-13   2.2e-13   41.3   5.3     1    68    75   147    75   168 0.65 <unknown description>
207228at5125_5507_0:001ae9|MRCU01000010.1:1146024-1148931|+    -            579 207228               -            387  2.8e-175  574.2  24.1   2   3       0.2       0.2    1.9   7.2    35    99   156   221   150   229 0.67 <unknown description>
207228at5125_5507_0:001ae9|MRCU01000010.1:1146024-1148931|+    -            579 207228               -            387  2.8e-175  574.2  24.1   3   3    7e-165    7e-165  540.0   0.3    72   387   248   577   232   577 0.92 <unknown description>
207228at5125_396571_0:004210|MRCU01000010.1:1780985-1782497|+  -            505 207228               -            387  5.3e-172  563.4  25.1   1   3   3.9e-13   3.9e-13   40.5   4.1     1    67     1    72     1    89 0.64 <unknown description>
207228at5125_396571_0:004210|MRCU01000010.1:1780985-1782497|+  -            505 207228               -            387  5.3e-172  563.4  25.1   2   3      0.18      0.18    2.0   7.6    35    99    82   147    76   161 0.66 <unknown description>
207228at5125_396571_0:004210|MRCU01000010.1:1780985-1782497|+  -            505 207228               -            387  5.3e-172  563.4  25.1   3   3  4.4e-162  4.4e-162  530.8   1.0    71   387   173   503   152   503 0.91 <unknown description>
207228at5125_1736662_0:000196|CM010803.1:3053027-3057565|-     -           1135 207228               -            387    4e-171  560.5  28.8   1   5      0.77      0.77   -0.0   0.3   285   335   383   436   314   457 0.72 <unknown description>
207228at5125_1736662_0:000196|CM010803.1:3053027-3057565|-     -           1135 207228               -            387    4e-171  560.5  28.8   2   5      0.69      0.69    0.2   0.1     1    27   605   631   605   641 0.80 <unknown description>
207228at5125_1736662_0:000196|CM010803.1:3053027-3057565|-     -           1135 207228               -            387    4e-171  560.5  28.8   3   5   2.4e-08   2.4e-08   24.7  16.3    10   124   638   760   628   761 0.59 <unknown description>
207228at5125_1736662_0:000196|CM010803.1:3053027-3057565|-     -           1135 207228               -            387    4e-171  560.5  28.8   4   5      0.43      0.43    0.8   5.7    36    81   711   766   707   782 0.57 <unknown description>
207228at5125_1736662_0:000196|CM010803.1:3053027-3057565|-     -           1135 207228               -            387    4e-171  560.5  28.8   5   5    3e-168    3e-168  551.1   4.6    76   387   809  1133   791  1133 0.91 <unknown description>
207228at5125_396571_0:0043db|MRCU01000010.1:1630602-1632308|+  -            412 207228               -            387  7.7e-167  546.5   1.7   1   1  9.3e-167  9.3e-167  546.2   1.7    54   387    65   410    56   410 0.90 <unknown description>
207228at5125_2039875_0:00014c|MRCU01000010.1:1625159-1632302|+ -            401 207228               -            387  1.1e-166  546.0   2.6   1   1  1.3e-166  1.3e-166  545.7   2.6    51   387    52   401    36   401 0.88 <unknown description>
207228at5125_2559226_0:0002ef|MRCU01000010.1:1620811-1632305|+ -            472 207228               -            387  1.6e-166  545.4   2.2   1   1  2.4e-166  2.4e-166  544.8   2.2    58   387   127   471    95   471 0.87 <unknown description>
207228at5125_1089449_0:004472|MRCU01000010.1:1631279-1633303|+ -            478 207228               -            387  7.3e-166  543.2   1.9   1   1    1e-165    1e-165  542.8   1.9    73   387    14   342     2   342 0.92 <unknown description>
207228at5125_451672_0:00237a|MRCU01000010.1:1631273-1632293|+  -            341 207228               -            387  1.2e-164  539.2   2.5   1   1  1.5e-164  1.5e-164  538.9   2.5    72   384    15   341     2   341 0.91 <unknown description>
207228at5125_660027_0:002a4d|CM010803.1:3053027-3054025|-      -            299 207228               -            387  3.5e-164  537.7   2.0   1   1    4e-164    4e-164  537.5   2.0   103   387     1   297     1   297 0.96 <unknown description>
207228at5125_1089449_0:004472|MRCU01000010.1:1147636-1149941|+ -            536 207228               -            387  3.8e-164  537.6   4.8   1   2       1.4       1.4   -0.8   2.2    59    87    12    40     6    60 0.57 <unknown description>
207228at5125_1089449_0:004472|MRCU01000010.1:1147636-1149941|+ -            536 207228               -            387  3.8e-164  537.6   4.8   2   2  3.8e-164  3.8e-164  537.6   4.8    65   387    64   400    21   400 0.86 <unknown description>
207228at5125_451672_0:00237a|MRCU01000010.1:1147896-1148916|+  -            341 207228               -            387  4.9e-164  537.2   0.5   1   1  5.5e-164  5.5e-164  537.1   0.5    72   384    15   341     2   341 0.92 <unknown description>
207228at5125_1089449_0:004472|MRCU01000010.1:1781202-1783495|+ -            536 207228               -            387  2.9e-161  528.1   6.1   1   2      0.61      0.61    0.3   1.5    59    88    12    41     6    62 0.54 <unknown description>
207228at5125_1089449_0:004472|MRCU01000010.1:1781202-1783495|+ -            536 207228               -            387  2.9e-161  528.1   6.1   2   2  2.9e-161  2.9e-161  528.1   6.1    30   387    24   400    19   400 0.85 <unknown description>
207228at5125_451672_0:00237a|MRCU01000010.1:1781462-1782482|+  -            341 207228               -            387  5.1e-161  527.3   1.0   1   1  5.7e-161  5.7e-161  527.1   1.0    72   384    15   341     2   341 0.91 <unknown description>
207228at5125_1089449_0:004477|CM010803.1:3053027-3054307|-     -            386 207228               -            387  1.2e-154  506.3   3.8   1   1  1.8e-154  1.8e-154  505.7   3.7    72   387    62   384    11   384 0.87 <unknown description>
207228at5125_451672_0:002de8|MRCU01000010.1:1631531-1632293|+  -            255 207228               -            387    2e-133  436.4   0.3   1   1  2.3e-133  2.3e-133  436.3   0.3   140   384     1   255     1   255 0.96 <unknown description>
207228at5125_485398_0:0016af|CM010803.1:3053027-3053821|-      -            231 207228               -            387  3.3e-121  396.2   0.5   1   1  3.7e-121  3.7e-121  396.1   0.5   166   387     1   229     1   229 0.96 <unknown description>
207228at5125_451672_0:0029ed|MRCU01000010.1:1148217-1148991|+  -            259 207228               -            387  4.1e-120  392.6   0.0   1   1  4.9e-120  4.9e-120  392.4   0.0   160   387     3   237     2   237 0.95 <unknown description>
207228at5125_660025_0:00452c|MRCU01000010.1:1147374-1148604|+  -            386 207228               -            387  1.7e-115  377.4  22.6   1   3   2.1e-12   2.1e-12   38.1  12.6     1    86    16   107    16   121 0.57 <unknown description>
207228at5125_660025_0:00452c|MRCU01000010.1:1147374-1148604|+  -            386 207228               -            387  1.7e-115  377.4  22.6   2   3      0.34      0.34    1.2   7.1    31    87    77   133    70   150 0.67 <unknown description>
207228at5125_660025_0:00452c|MRCU01000010.1:1147374-1148604|+  -            386 207228               -            387  1.7e-115  377.4  22.6   3   3  8.9e-105  8.9e-105  342.1   4.5    67   280   159   386   116   386 0.82 <unknown description>
207228at5125_451672_0:002a1f|MRCU01000010.1:1781807-1782497|+  -            231 207228               -            387  3.9e-114  373.0   0.1   1   1  4.4e-114  4.4e-114  372.8   0.1   166   387     1   229     1   229 0.95 <unknown description>
207228at5125_660025_0:00452c|MRCU01000010.1:1780940-1782170|+  -            386 207228               -            387  2.3e-113  370.4  21.8   1   3     2e-12     2e-12   38.1  11.1     1    88    16   109    16   120 0.63 <unknown description>
207228at5125_660025_0:00452c|MRCU01000010.1:1780940-1782170|+  -            386 207228               -            387  2.3e-113  370.4  21.8   2   3      0.49      0.49    0.6   8.2    31    88    77   134    71   164 0.67 <unknown description>
207228at5125_660025_0:00452c|MRCU01000010.1:1780940-1782170|+  -            386 207228               -            387  2.3e-113  370.4  21.8   3   3  8.2e-103  8.2e-103  335.7   4.8    59   280   151   386   116   386 0.80 <unknown description>
207228at5125_1806559_0:002117|MRCU01000010.1:1631708-1632305|+ -            200 207228               -            387  2.2e-100  327.7   1.2   1   1  2.5e-100  2.5e-100  327.5   1.2   195   387     1   199     1   199 0.95 <unknown description>
207228at5125_179993_0:0030d3|CM010803.1:3053240-3053854|-      -            171 207228               -            387   1.4e-82  269.0   0.3   1   1   1.7e-82   1.7e-82  268.8   0.3   160   318     6   171     3   171 0.94 <unknown description>
207228at5125_179993_0:0030d3|MRCU01000010.1:1631585-1632095|+  -            171 207228               -            387   8.1e-79  256.7   0.1   1   1   9.5e-79   9.5e-79  256.5   0.1   160   318     6   171     3   171 0.94 <unknown description>
207228at5125_61374_0:003c57|MRCU01000010.1:1148451-1148931|+   -            161 207228               -            387   8.5e-78  253.3   0.3   1   1   9.5e-78   9.5e-78  253.2   0.3   232   387     1   159     1   159 0.96 <unknown description>
207228at5125_61374_0:003c57|MRCU01000010.1:1631828-1632308|+   -            161 207228               -            387   2.2e-77  252.0   0.5   1   1   2.5e-77   2.5e-77  251.8   0.5   232   387     1   159     1   159 0.96 <unknown description>
207228at5125_179993_0:0030d3|MRCU01000010.1:1148208-1148718|+  -            171 207228               -            387   4.5e-77  250.9   0.0   1   1   5.4e-77   5.4e-77  250.7   0.0   160   318     6   171     4   171 0.93 <unknown description>
207228at5125_179993_0:0030d3|MRCU01000010.1:1781774-1782284|+  -            171 207228               -            387   5.1e-76  247.5   0.0   1   1   6.2e-76   6.2e-76  247.2   0.0   160   318     6   171     4   171 0.93 <unknown description>
207228at5125_61374_0:003c57|MRCU01000010.1:1782017-1782497|+   -            161 207228               -            387   3.3e-74  241.5   0.3   1   1   3.7e-74   3.7e-74  241.3   0.3   232   387     1   159     1   159 0.96 <unknown description>
207228at5125_2604345_0:000411|CM010803.1:3053027-3053547|-     -            157 207228               -            387   9.8e-70  226.8   0.2   1   1   1.2e-69   1.2e-69  226.5   0.2   249   387    14   155     5   155 0.95 <unknown description>
207228at5125_1576542_0:0001df|CM010803.1:3053722-3054766|-     -            349 207228               -            387     4e-69  224.8  30.3   1   4      0.18      0.18    2.0   0.1     1    27    16    42    16    51 0.81 <unknown description>
207228at5125_1576542_0:0001df|CM010803.1:3053722-3054766|-     -            349 207228               -            387     4e-69  224.8  30.3   2   4   9.6e-09   9.6e-09   26.0  17.2    10   123    49   170    40   171 0.57 <unknown description>
207228at5125_1576542_0:0001df|CM010803.1:3053722-3054766|-     -            349 207228               -            387     4e-69  224.8  30.3   3   4      0.08      0.08    3.2   6.0    35    82   121   178   113   200 0.61 <unknown description>
207228at5125_1576542_0:0001df|CM010803.1:3053722-3054766|-     -            349 207228               -            387     4e-69  224.8  30.3   4   4   2.6e-61   2.6e-61  199.0   2.3    76   194   220   345   202   347 0.83 <unknown description>
207228at5125_451672_0:002af8|MRCU01000010.1:1147419-1148280|+  -            288 207228               -            387   3.4e-66  215.1  26.9   1   3   6.8e-14   6.8e-14   43.0   5.0     1    68     1    73     1    92 0.67 <unknown description>
207228at5125_451672_0:002af8|MRCU01000010.1:1147419-1148280|+  -            288 207228               -            387   3.4e-66  215.1  26.9   2   3     0.082     0.082    3.2   7.4    35    99    82   147    77   154 0.67 <unknown description>
207228at5125_451672_0:002af8|MRCU01000010.1:1147419-1148280|+  -            288 207228               -            387   3.4e-66  215.1  26.9   3   3   1.7e-55   1.7e-55  179.9   1.2    72   179   174   288   155   288 0.85 <unknown description>
207228at5125_451672_0:002af8|MRCU01000010.1:1780985-1781846|+  -            288 207228               -            387     8e-65  210.6  26.2   1   3   1.2e-13   1.2e-13   42.1   4.2     1    68     1    73     1    93 0.62 <unknown description>
207228at5125_451672_0:002af8|MRCU01000010.1:1780985-1781846|+  -            288 207228               -            387     8e-65  210.6  26.2   2   3     0.083     0.083    3.2   7.6    35    99    82   147    77   159 0.66 <unknown description>
207228at5125_451672_0:002af8|MRCU01000010.1:1780985-1781846|+  -            288 207228               -            387     8e-65  210.6  26.2   3   3   2.5e-54   2.5e-54  176.1   1.4    71   178   173   287   154   288 0.84 <unknown description>
207228at5125_195108_0:001a0f|MRCU01000010.1:1147689-1148283|+  -            199 207228               -            387   4.6e-56  181.8   1.2   1   2      0.14      0.14    2.4   5.2    27    93     9    51     1    70 0.51 <unknown description>
207228at5125_195108_0:001a0f|MRCU01000010.1:1147689-1148283|+  -            199 207228               -            387   4.6e-56  181.8   1.2   2   2   4.6e-56   4.6e-56  181.8   1.2    71   179    83   198    65   199 0.85 <unknown description>
207228at5125_195108_0:001a0f|CM010803.1:3053779-3054394|-      -            206 207228               -            387   8.7e-56  180.9   2.5   1   2      0.26      0.26    1.5   5.9    42    82     4    54     1    71 0.50 <unknown description>
207228at5125_195108_0:001a0f|CM010803.1:3053779-3054394|-      -            206 207228               -            387   8.7e-56  180.9   2.5   2   2   8.7e-56   8.7e-56  180.9   2.5    76   179    96   205    77   206 0.82 <unknown description>
207228at5125_195108_0:001a0f|MRCU01000010.1:1781255-1781849|+  -            199 207228               -            387   7.4e-55  177.8   1.6   1   2       0.2       0.2    1.9   6.1    27    69     9    51     2    79 0.57 <unknown description>
207228at5125_195108_0:001a0f|MRCU01000010.1:1781255-1781849|+  -            199 207228               -            387   7.4e-55  177.8   1.6   2   2   7.4e-55   7.4e-55  177.8   1.6    70   178    82   197    59   199 0.84 <unknown description>
#
# Program:         hmmsearch
# Version:         3.4 (Aug 2023)
# Pipeline mode:   SEARCH
# Query file:      /home/arafat/busco_downloads/lineages/hypocreales_odb12.2/hmms/207228at5125.hmm
# Target file:     /home/arafat/Foxy_SIX_Evolution/results/busco/GCA_003615085.1/run_hypocreales_odb12.2/miniprot_output/translated_proteins/207228at5125.faa
# Option settings: hmmsearch --domtblout /home/arafat/Foxy_SIX_Evolution/results/busco/GCA_003615085.1/run_hypocreales_odb12.2/hmmer_output/207228at5125.out --cpu 1 /home/arafat/busco_downloads/lineages/hypocreales_odb12.2/hmms/207228at5125.hmm /home/arafat/Foxy_SIX_Evolution/results/busco/GCA_003615085.1/run_hypocreales_odb12.2/miniprot_output/translated_proteins/207228at5125.faa 
# Current dir:     /home/arafat/Foxy_SIX_Evolution
# Date:            Thu Sep 24 13:58:53 2026
# [ok]
