#                                                                                                                  --- full sequence --- -------------- this domain -------------   hmm coord   ali coord   env coord
# target name                                              accession   tlen query name           accession   qlen   E-value  score  bias   #  of  c-Evalue  i-Evalue  score  bias  from    to  from    to  from    to  acc description of target
#                                      ------------------- ---------- ----- -------------------- ---------- ----- --------- ------ ----- --- --- --------- --------- ------ ----- ----- ----- ----- ----- ----- ----- ---- ---------------------
210838at5125_396571_0:001a10|CM010802.1:2604348-2608860|-  -           1222 210838               -            733         0 1027.8  68.9   1   7   1.5e-28   1.5e-28   89.0   0.0     1    65    42   108    42   117 0.90 <unknown description>
210838at5125_396571_0:001a10|CM010802.1:2604348-2608860|-  -           1222 210838               -            733         0 1027.8  68.9   2   7   4.5e-05   4.5e-05   11.4   1.8    49   106   159   216   149   220 0.71 <unknown description>
210838at5125_396571_0:001a10|CM010802.1:2604348-2608860|-  -           1222 210838               -            733         0 1027.8  68.9   3   7   2.5e-45   2.5e-45  144.5   6.5    54   195   233   379   209   395 0.86 <unknown description>
210838at5125_396571_0:001a10|CM010802.1:2604348-2608860|-  -           1222 210838               -            733         0 1027.8  68.9   4   7     0.011     0.011    3.5  28.2   146   239   407   504   395   638 0.76 <unknown description>
210838at5125_396571_0:001a10|CM010802.1:2604348-2608860|-  -           1222 210838               -            733         0 1027.8  68.9   5   7     5e-09     5e-09   24.5   2.6   230   291   625   686   611   694 0.69 <unknown description>
210838at5125_396571_0:001a10|CM010802.1:2604348-2608860|-  -           1222 210838               -            733         0 1027.8  68.9   6   7  3.2e-234  3.2e-234  769.0   0.5   253   713   679  1168   666  1183 0.90 <unknown description>
210838at5125_396571_0:001a10|CM010802.1:2604348-2608860|-  -           1222 210838               -            733         0 1027.8  68.9   7   7    0.0018    0.0018    6.2   0.2   710   733  1195  1221  1183  1221 0.84 <unknown description>
210838at5125_62069_0:0005bd|CM010802.1:2604348-2617657|-   -           1257 210838               -            733         0 1027.7  68.7   1   8   1.6e-28   1.6e-28   88.9   0.0     1    65    77   143    77   152 0.90 <unknown description>
210838at5125_62069_0:0005bd|CM010802.1:2604348-2617657|-   -           1257 210838               -            733         0 1027.7  68.7   2   8   4.7e-05   4.7e-05   11.4   1.8    49   106   194   251   184   255 0.71 <unknown description>
210838at5125_62069_0:0005bd|CM010802.1:2604348-2617657|-   -           1257 210838               -            733         0 1027.7  68.7   3   8   2.6e-45   2.6e-45  144.4   6.5    54   195   268   414   244   430 0.86 <unknown description>
210838at5125_62069_0:0005bd|CM010802.1:2604348-2617657|-   -           1257 210838               -            733         0 1027.7  68.7   4   8   8.3e-07   8.3e-07   17.2  13.8   146   238   442   538   430   545 0.69 <unknown description>
210838at5125_62069_0:0005bd|CM010802.1:2604348-2617657|-   -           1257 210838               -            733         0 1027.7  68.7   5   8       1.6       1.6   -3.6   6.7   226   343   552   670   543   673 0.69 <unknown description>
210838at5125_62069_0:0005bd|CM010802.1:2604348-2617657|-   -           1257 210838               -            733         0 1027.7  68.7   6   8     5e-09     5e-09   24.5   2.6   230   291   660   721   646   729 0.69 <unknown description>
210838at5125_62069_0:0005bd|CM010802.1:2604348-2617657|-   -           1257 210838               -            733         0 1027.7  68.7   7   8  3.4e-234  3.4e-234  768.9   0.5   253   713   714  1203   701  1218 0.90 <unknown description>
210838at5125_62069_0:0005bd|CM010802.1:2604348-2617657|-   -           1257 210838               -            733         0 1027.7  68.7   8   8    0.0018    0.0018    6.1   0.2   710   733  1230  1256  1218  1256 0.84 <unknown description>
210838at5125_1280524_0:0004ae|CM010802.1:2604348-2612147|- -           1655 210838               -            733         0 1012.9  73.7   1   7   2.2e-28   2.2e-28   88.5   0.0     1    65   517   583   517   592 0.90 <unknown description>
210838at5125_1280524_0:0004ae|CM010802.1:2604348-2612147|- -           1655 210838               -            733         0 1012.9  73.7   2   7   7.2e-44   7.2e-44  139.7   9.5    50   195   635   812   624   828 0.75 <unknown description>
210838at5125_1280524_0:0004ae|CM010802.1:2604348-2612147|- -           1655 210838               -            733         0 1012.9  73.7   3   7   6.7e-07   6.7e-07   17.5  13.1   146   238   840   936   827   944 0.70 <unknown description>
210838at5125_1280524_0:0004ae|CM010802.1:2604348-2612147|- -           1655 210838               -            733         0 1012.9  73.7   4   7       1.9       1.9   -3.9   5.3   226   340   950  1065   946  1069 0.68 <unknown description>
210838at5125_1280524_0:0004ae|CM010802.1:2604348-2612147|- -           1655 210838               -            733         0 1012.9  73.7   5   7   1.4e-08   1.4e-08   23.1   3.1   229   287  1057  1115  1042  1125 0.69 <unknown description>
210838at5125_1280524_0:0004ae|CM010802.1:2604348-2612147|- -           1655 210838               -            733         0 1012.9  73.7   6   7  3.8e-234  3.8e-234  768.8   0.3   249   713  1108  1601  1097  1618 0.90 <unknown description>
210838at5125_1280524_0:0004ae|CM010802.1:2604348-2612147|- -           1655 210838               -            733         0 1012.9  73.7   7   7    0.0024    0.0024    5.7   0.2   710   733  1628  1654  1616  1654 0.84 <unknown description>
210838at5125_1081102_0:000d9a|CM010802.1:2604525-2621708|- -           1290 210838               -            733  5.5e-281  923.6  73.0   1   7         2         2   -3.9   4.4    60   113    15    68     1   144 0.55 <unknown description>
210838at5125_1081102_0:000d9a|CM010802.1:2604525-2621708|- -           1290 210838               -            733  5.5e-281  923.6  73.0   2   7   4.6e-05   4.6e-05   11.4   1.6    50   105   287   342   279   346 0.70 <unknown description>
210838at5125_1081102_0:000d9a|CM010802.1:2604525-2621708|- -           1290 210838               -            733  5.5e-281  923.6  73.0   3   7   3.3e-45   3.3e-45  144.1   6.8    54   195   360   506   336   521 0.86 <unknown description>
210838at5125_1081102_0:000d9a|CM010802.1:2604525-2621708|- -           1290 210838               -            733  5.5e-281  923.6  73.0   4   7   8.9e-07   8.9e-07   17.1  13.9   146   238   534   630   520   637 0.70 <unknown description>
210838at5125_1081102_0:000d9a|CM010802.1:2604525-2621708|- -           1290 210838               -            733  5.5e-281  923.6  73.0   5   7       1.7       1.7   -3.7   6.2   226   342   644   761   636   764 0.69 <unknown description>
210838at5125_1081102_0:000d9a|CM010802.1:2604525-2621708|- -           1290 210838               -            733  5.5e-281  923.6  73.0   6   7   2.2e-09   2.2e-09   25.7   1.1   236   293   758   815   746   822 0.69 <unknown description>
210838at5125_1081102_0:000d9a|CM010802.1:2604525-2621708|- -           1290 210838               -            733  5.5e-281  923.6  73.0   7   7  3.1e-233  3.1e-233  765.7   0.6   250   708   803  1290   792  1290 0.90 <unknown description>
210838at5125_2604345_0:001e30|CM010802.1:2604348-2607081|- -            629 210838               -            733  8.7e-244  800.6   8.2   1   3   6.3e-10   6.3e-10   27.5   0.9   230   291    32    93    17   101 0.69 <unknown description>
210838at5125_2604345_0:001e30|CM010802.1:2604348-2607081|- -            629 210838               -            733  8.7e-244  800.6   8.2   2   3  4.1e-235  4.1e-235  771.9   0.6   250   713    83   575    72   593 0.90 <unknown description>
210838at5125_2604345_0:001e30|CM010802.1:2604348-2607081|- -            629 210838               -            733  8.7e-244  800.6   8.2   3   3   0.00081   0.00081    7.3   0.2   710   733   602   628   588   628 0.84 <unknown description>
210838at5125_45235_0:001ab7|CM010802.1:2604348-2606331|-   -            470 210838               -            733  7.4e-219  718.2   0.7   1   2  3.8e-216  3.8e-216  709.3   0.0   320   713     1   416     1   432 0.93 <unknown description>
210838at5125_45235_0:001ab7|CM010802.1:2604348-2606331|-   -            470 210838               -            733  7.4e-219  718.2   0.7   2   2    0.0006    0.0006    7.7   0.2   710   733   443   469   431   469 0.84 <unknown description>
210838at5125_63577_0:00044f|CM010802.1:2605025-2607471|-   -            571 210838               -            733  2.4e-187  614.0  43.2   1   4   6.6e-08   6.6e-08   20.8   5.2   201   238     3    40     1    47 0.87 <unknown description>
210838at5125_63577_0:00044f|CM010802.1:2605025-2607471|-   -            571 210838               -            733  2.4e-187  614.0  43.2   2   4         6         6   -5.5   8.8   226   338    54   167    46   172 0.68 <unknown description>
210838at5125_63577_0:00044f|CM010802.1:2605025-2607471|-   -            571 210838               -            733  2.4e-187  614.0  43.2   3   4   1.4e-09   1.4e-09   26.3   1.5   235   289   167   221   156   230 0.68 <unknown description>
210838at5125_63577_0:00044f|CM010802.1:2605025-2607471|-   -            571 210838               -            733  2.4e-187  614.0  43.2   4   4    7e-180    7e-180  589.3   9.4   253   588   216   571   203   571 0.90 <unknown description>
210838at5125_327505_0:001da0|CM010802.1:2604348-2605737|-  -            407 210838               -            733    2e-182  597.7   0.1   1   2  1.9e-179  1.9e-179  587.9   0.0   379   713     3   353     1   369 0.93 <unknown description>
210838at5125_327505_0:001da0|CM010802.1:2604348-2605737|-  -            407 210838               -            733    2e-182  597.7   0.1   2   2    0.0005    0.0005    8.0   0.2   710   733   380   406   368   406 0.84 <unknown description>
210838at5125_45235_0:001d18|CM010802.1:2606604-2608974|-   -            752 210838               -            733   2.2e-84  273.6  83.8   1   8       8.6       8.6   -6.0   4.5   252   290    20    60     8    78 0.43 <unknown description>
210838at5125_45235_0:001d18|CM010802.1:2606604-2608974|-   -            752 210838               -            733   2.2e-84  273.6  83.8   2   8   8.5e-29   8.5e-29   89.9   0.0     1    65    80   146    80   155 0.90 <unknown description>
210838at5125_45235_0:001d18|CM010802.1:2606604-2608974|-   -            752 210838               -            733   2.2e-84  273.6  83.8   3   8   3.2e-05   3.2e-05   11.9   1.3    49    93   197   240   187   263 0.75 <unknown description>
210838at5125_45235_0:001d18|CM010802.1:2606604-2608974|-   -            752 210838               -            733   2.2e-84  273.6  83.8   4   8     5e-45     5e-45  143.5   2.3    88   195   266   378   249   400 0.87 <unknown description>
210838at5125_45235_0:001d18|CM010802.1:2606604-2608974|-   -            752 210838               -            733   2.2e-84  273.6  83.8   5   8   4.7e-07   4.7e-07   18.0  14.0   146   238   406   502   394   510 0.70 <unknown description>
210838at5125_45235_0:001d18|CM010802.1:2606604-2608974|-   -            752 210838               -            733   2.2e-84  273.6  83.8   6   8       3.4       3.4   -4.7   8.7   226   343   516   634   508   637 0.68 <unknown description>
210838at5125_45235_0:001d18|CM010802.1:2606604-2608974|-   -            752 210838               -            733   2.2e-84  273.6  83.8   7   8   9.1e-09   9.1e-09   23.6   4.4   230   291   624   685   609   693 0.69 <unknown description>
210838at5125_45235_0:001d18|CM010802.1:2606604-2608974|-   -            752 210838               -            733   2.2e-84  273.6  83.8   8   8   6.5e-11   6.5e-11   30.7   8.4   250   320   675   752   664   752 0.74 <unknown description>
210838at5125_468837_0:001fb0|CM010802.1:2607699-2608857|-  -            321 210838               -            733   1.4e-80  261.0  11.4   1   2   8.4e-37   8.4e-37  116.3   0.4     1   106    41   149    41   154 0.83 <unknown description>
210838at5125_468837_0:001fb0|CM010802.1:2607699-2608857|-  -            321 210838               -            733   1.4e-80  261.0  11.4   2   2   2.7e-46   2.7e-46  147.7   6.4    53   194   165   311   144   316 0.87 <unknown description>
210838at5125_57161_0:00466c|CM010802.1:2607360-2608860|-   -            501 210838               -            733   4.3e-79  256.1  38.9   1   4   4.9e-29   4.9e-29   90.6   0.0     1    65    42   108    42   117 0.90 <unknown description>
210838at5125_57161_0:00466c|CM010802.1:2607360-2608860|-   -            501 210838               -            733   4.3e-79  256.1  38.9   2   4   1.3e-05   1.3e-05   13.2   1.5    49   106   159   216   149   219 0.70 <unknown description>
210838at5125_57161_0:00466c|CM010802.1:2607360-2608860|-   -            501 210838               -            733   4.3e-79  256.1  38.9   3   4   3.9e-46   3.9e-46  147.2   5.9    54   195   233   379   211   396 0.87 <unknown description>
210838at5125_57161_0:00466c|CM010802.1:2607360-2608860|-   -            501 210838               -            733   4.3e-79  256.1  38.9   4   4   9.1e-07   9.1e-07   17.0  14.3   146   231   407   496   395   501 0.68 <unknown description>
210838at5125_911162_0:0019bd|CM010802.1:2604348-2604822|-  -            137 210838               -            733   8.7e-34  106.3   5.8   1   2   1.5e-31   1.5e-31   98.9   1.4   631   714     1    84     1   102 0.93 <unknown description>
210838at5125_911162_0:0019bd|CM010802.1:2604348-2604822|-  -            137 210838               -            733   8.7e-34  106.3   5.8   2   2   0.00011   0.00011   10.2   0.2   710   733   110   136    98   136 0.84 <unknown description>
#
# Program:         hmmsearch
# Version:         3.4 (Aug 2023)
# Pipeline mode:   SEARCH
# Query file:      /home/arafat/busco_downloads/lineages/hypocreales_odb12.2/hmms/210838at5125.hmm
# Target file:     /home/arafat/Foxy_SIX_Evolution/results/busco/GCA_003615085.1/run_hypocreales_odb12.2/miniprot_output/translated_proteins/210838at5125.faa
# Option settings: hmmsearch --domtblout /home/arafat/Foxy_SIX_Evolution/results/busco/GCA_003615085.1/run_hypocreales_odb12.2/hmmer_output/210838at5125.out --cpu 1 /home/arafat/busco_downloads/lineages/hypocreales_odb12.2/hmms/210838at5125.hmm /home/arafat/Foxy_SIX_Evolution/results/busco/GCA_003615085.1/run_hypocreales_odb12.2/miniprot_output/translated_proteins/210838at5125.faa 
# Current dir:     /home/arafat/Foxy_SIX_Evolution
# Date:            Thu Sep 24 13:58:59 2026
# [ok]
