#                                                                                                                  --- full sequence --- -------------- this domain -------------   hmm coord   ali coord   env coord
# target name                                              accession   tlen query name           accession   qlen   E-value  score  bias   #  of  c-Evalue  i-Evalue  score  bias  from    to  from    to  from    to  acc description of target
#                                      ------------------- ---------- ----- -------------------- ---------- ----- --------- ------ ----- --- --- --------- --------- ------ ----- ----- ----- ----- ----- ----- ----- ---- ---------------------
210997at5125_123648_0:00187b|CM010805.1:2281815-2289150|-  -            236 210997               -            192  3.9e-126  407.1   0.0   1   1  4.6e-126  4.6e-126  406.8   0.0     3   192    45   234    43   234 0.99 <unknown description>
210997at5125_1163406_0:001b86|CM010805.1:2281821-2283512|- -            215 210997               -            192  4.2e-126  407.0   0.0   1   1  4.9e-126  4.9e-126  406.8   0.0     2   192    25   215    24   215 0.99 <unknown description>
210997at5125_42672_0:000389|CM010805.1:2281815-2282936|-   -            246 210997               -            192  5.8e-126  406.5   0.0   1   1  6.8e-126  6.8e-126  406.3   0.0     3   192    55   244    53   244 0.99 <unknown description>
210997at5125_78861_0:0034fe|CM010805.1:2281815-2282538|-   -            192 210997               -            192  1.1e-120  389.3   0.0   1   1  1.2e-120  1.2e-120  389.1   0.0     5   192     1   190     1   190 0.98 <unknown description>
210997at5125_1247861_0:000afe|CM010805.1:2279600-2282538|- -            704 210997               -            192  2.2e-108  349.2   2.9   1   1  8.1e-107  8.1e-107  344.1   2.9     5   180     1   193     1   198 0.94 <unknown description>
210997at5125_660025_0:0035bd|CM010805.1:2281815-2282277|-  -            139 210997               -            192   5.2e-82  263.1   0.2   1   1     6e-82     6e-82  262.9   0.2    69   192    14   137     7   137 0.98 <unknown description>
210997at5125_94208_0:001efb|CM010805.1:2281815-2291815|-   -            153 210997               -            192   6.8e-82  262.8   0.2   1   1   7.9e-82   7.9e-82  262.6   0.2    69   192    28   151    15   151 0.98 <unknown description>
210997at5125_61235_0:001492|CM010805.1:2282085-2282538|-   -            116 210997               -            192   5.7e-75  240.2   0.0   1   1   6.3e-75   6.3e-75  240.0   0.0     5   119     1   115     1   115 0.99 <unknown description>
210997at5125_61235_0:001494|CM010805.1:2281815-2282046|-   -             78 210997               -            192   4.1e-46  146.0   0.5   1   1   4.7e-46   4.7e-46  145.9   0.5   121   192     5    76     2    76 0.98 <unknown description>
#
# Program:         hmmsearch
# Version:         3.4 (Aug 2023)
# Pipeline mode:   SEARCH
# Query file:      /home/arafat/busco_downloads/lineages/hypocreales_odb12.2/hmms/210997at5125.hmm
# Target file:     /home/arafat/Foxy_SIX_Evolution/results/busco/GCA_003615085.1/run_hypocreales_odb12.2/miniprot_output/translated_proteins/210997at5125.faa
# Option settings: hmmsearch --domtblout /home/arafat/Foxy_SIX_Evolution/results/busco/GCA_003615085.1/run_hypocreales_odb12.2/hmmer_output/210997at5125.out --cpu 1 /home/arafat/busco_downloads/lineages/hypocreales_odb12.2/hmms/210997at5125.hmm /home/arafat/Foxy_SIX_Evolution/results/busco/GCA_003615085.1/run_hypocreales_odb12.2/miniprot_output/translated_proteins/210997at5125.faa 
# Current dir:     /home/arafat/Foxy_SIX_Evolution
# Date:            Thu Sep 24 13:58:59 2026
# [ok]
