#                                                                                                                   --- full sequence --- -------------- this domain -------------   hmm coord   ali coord   env coord
# target name                                               accession   tlen query name           accession   qlen   E-value  score  bias   #  of  c-Evalue  i-Evalue  score  bias  from    to  from    to  from    to  acc description of target
#                                       ------------------- ---------- ----- -------------------- ---------- ----- --------- ------ ----- --- --- --------- --------- ------ ----- ----- ----- ----- ----- ----- ----- ---- ---------------------
211100at5125_1080343_0:0011ab|CM010805.1:1169612-1170635|-  -            342 211100               -            346  1.7e-196  641.4   0.0   1   1  1.9e-196  1.9e-196  641.2   0.0     3   346     2   341     1   341 0.98 <unknown description>
211100at5125_948311_1:00226b|CM010805.1:1169612-1171156|-   -            431 211100               -            346  2.6e-196  640.8   0.0   1   1    3e-196    3e-196  640.6   0.0     2   346    90   430    89   430 0.98 <unknown description>
211100at5125_5507_1:0034ef|MRCU01000010.1:831459-832485|-   -            343 211100               -            346  6.4e-182  593.5   0.0   1   1  7.1e-182  7.1e-182  593.3   0.0     3   346     2   342     1   342 0.98 <unknown description>
211100at5125_5507_1:0034ef|MRCU01000021.1:184577-185602|-   -            342 211100               -            346  2.5e-179  584.9   0.0   1   1  2.8e-179  2.8e-179  584.8   0.0     3   346     2   341     1   341 0.98 <unknown description>
211100at5125_195108_0:002863|CM010805.1:1169612-1170425|-   -            272 211100               -            346    7e-162  527.6   0.0   1   1  7.9e-162  7.9e-162  527.4   0.0    72   346     1   271     1   271 0.98 <unknown description>
211100at5125_29875_0:000dd9|CM010805.1:1169612-1170227|-    -            206 211100               -            346  5.4e-120  389.8   0.0   1   1    6e-120    6e-120  389.7   0.0   140   346     3   205     1   205 0.97 <unknown description>
211100at5125_195108_0:0030ec|CM010805.1:1169612-1170029|-   -            140 211100               -            346   6.1e-76  244.9   0.0   1   1   6.8e-76   6.8e-76  244.8   0.0   204   346     1   139     1   139 0.96 <unknown description>
211100at5125_195108_0:0030ec|MRCU01000010.1:831459-831882|- -            142 211100               -            346     2e-73  236.6   0.0   1   1   2.3e-73   2.3e-73  236.5   0.0   204   346     1   141     1   141 0.96 <unknown description>
211100at5125_195108_0:0030ec|MRCU01000021.1:184577-185000|- -            142 211100               -            346     2e-73  236.6   0.0   1   1   2.3e-73   2.3e-73  236.5   0.0   204   346     1   141     1   141 0.96 <unknown description>
#
# Program:         hmmsearch
# Version:         3.4 (Aug 2023)
# Pipeline mode:   SEARCH
# Query file:      /home/arafat/busco_downloads/lineages/hypocreales_odb12.2/hmms/211100at5125.hmm
# Target file:     /home/arafat/Foxy_SIX_Evolution/results/busco/GCA_003615085.1/run_hypocreales_odb12.2/miniprot_output/translated_proteins/211100at5125.faa
# Option settings: hmmsearch --domtblout /home/arafat/Foxy_SIX_Evolution/results/busco/GCA_003615085.1/run_hypocreales_odb12.2/hmmer_output/211100at5125.out --cpu 1 /home/arafat/busco_downloads/lineages/hypocreales_odb12.2/hmms/211100at5125.hmm /home/arafat/Foxy_SIX_Evolution/results/busco/GCA_003615085.1/run_hypocreales_odb12.2/miniprot_output/translated_proteins/211100at5125.faa 
# Current dir:     /home/arafat/Foxy_SIX_Evolution
# Date:            Thu Sep 24 13:59:02 2026
# [ok]
