#                                                                                                                  --- full sequence --- -------------- this domain -------------   hmm coord   ali coord   env coord
# target name                                              accession   tlen query name           accession   qlen   E-value  score  bias   #  of  c-Evalue  i-Evalue  score  bias  from    to  from    to  from    to  acc description of target
#                                      ------------------- ---------- ----- -------------------- ---------- ----- --------- ------ ----- --- --- --------- --------- ------ ----- ----- ----- ----- ----- ----- ----- ---- ---------------------
211217at5125_100902_0:0017c9|CM010801.1:1684850-1687071|-  -            468 211217               -            455         0 1029.6   0.0   1   1         0         0 1029.4   0.0     2   455     3   462     2   462 0.99 <unknown description>
211217at5125_327505_0:00168a|CM010801.1:1684850-1686473|-  -            419 211217               -            455  1.8e-291  955.2   0.0   1   1  2.1e-291  2.1e-291  955.1   0.0    43   455     1   413     1   413 1.00 <unknown description>
211217at5125_2559222_0:0009ce|CM010801.1:1685341-1687068|- -            358 211217               -            455  1.1e-237  778.0   0.0   1   1  1.2e-237  1.2e-237  777.8   0.0     2   351     2   357     1   358 0.98 <unknown description>
211217at5125_42672_0:0035fc|CM010801.1:1684999-1686287|-   -            327 211217               -            455  9.7e-233  761.6   0.0   1   1  1.1e-232  1.1e-232  761.5   0.0   105   431     1   327     1   327 1.00 <unknown description>
211217at5125_62069_0:00142b|CM010801.1:1685617-1686215|-   -            180 211217               -            455  3.7e-126  410.3   0.0   1   1  4.1e-126  4.1e-126  410.1   0.0   130   306     2   178     1   180 0.99 <unknown description>
211217at5125_62069_0:00118c|CM010801.1:1684924-1685398|-   -            124 211217               -            455   1.5e-83  269.8   0.7   1   1   1.6e-83   1.6e-83  269.7   0.7   333   455     1   123     1   123 0.99 <unknown description>
211217at5125_2559224_0:00130d|CM010801.1:1684924-1685252|- -             93 211217               -            455   2.5e-64  206.5   0.2   1   1   2.7e-64   2.7e-64  206.3   0.2   364   455     1    92     1    92 0.99 <unknown description>
211217at5125_2692428_0:003d35|CM010801.1:1684924-1685137|- -             72 211217               -            455   5.6e-48  152.6   0.2   1   1     6e-48     6e-48  152.4   0.2   385   455     1    71     1    71 0.99 <unknown description>
#
# Program:         hmmsearch
# Version:         3.4 (Aug 2023)
# Pipeline mode:   SEARCH
# Query file:      /home/arafat/busco_downloads/lineages/hypocreales_odb12.2/hmms/211217at5125.hmm
# Target file:     /home/arafat/Foxy_SIX_Evolution/results/busco/GCA_003615085.1/run_hypocreales_odb12.2/miniprot_output/translated_proteins/211217at5125.faa
# Option settings: hmmsearch --domtblout /home/arafat/Foxy_SIX_Evolution/results/busco/GCA_003615085.1/run_hypocreales_odb12.2/hmmer_output/211217at5125.out --cpu 1 /home/arafat/busco_downloads/lineages/hypocreales_odb12.2/hmms/211217at5125.hmm /home/arafat/Foxy_SIX_Evolution/results/busco/GCA_003615085.1/run_hypocreales_odb12.2/miniprot_output/translated_proteins/211217at5125.faa 
# Current dir:     /home/arafat/Foxy_SIX_Evolution
# Date:            Thu Sep 24 13:59:03 2026
# [ok]
