#                                                                                                                      --- full sequence --- -------------- this domain -------------   hmm coord   ali coord   env coord
# target name                                                  accession   tlen query name           accession   qlen   E-value  score  bias   #  of  c-Evalue  i-Evalue  score  bias  from    to  from    to  from    to  acc description of target
#                                          ------------------- ---------- ----- -------------------- ---------- ----- --------- ------ ----- --- --- --------- --------- ------ ----- ----- ----- ----- ----- ----- ----- ---- ---------------------
211214at5125_660025_0:003373|MRCU01000005.1:1688583-1690211|-  -            391 211214               -            354  7.7e-231  753.9   4.8   1   1  2.7e-229  2.7e-229  748.8   4.8     1   353     1   387     1   388 0.93 <unknown description>
211214at5125_1147111_0:002e25|MRCU01000005.1:1688583-1689721|- -            296 211214               -            354  1.6e-191  624.6   3.8   1   1  1.7e-190  1.7e-190  621.1   3.8    78   353     1   292     1   293 0.97 <unknown description>
211214at5125_96774_0:001bf5|MRCU01000005.1:1688948-1690211|-   -            288 211214               -            354  1.8e-188  614.5   1.0   1   1    2e-187    2e-187  611.1   1.0     1   270     1   287     1   288 0.97 <unknown description>
211214at5125_57161_0:004638|MRCU01000005.1:1688583-1689431|-   -            248 211214               -            354  9.8e-158  513.4   2.6   1   1  1.3e-156  1.3e-156  509.8   2.6   126   353     1   244     1   245 0.97 <unknown description>
211214at5125_94208_0:000da8|MRCU01000005.1:1688583-1689257|-   -            209 211214               -            354  2.5e-105  341.1   8.3   1   1  4.3e-102  4.3e-102  330.4   8.3   184   353     1   205     1   206 0.92 <unknown description>
211214at5125_96774_0:001312|MRCU01000005.1:1688583-1688887|-   -             86 211214               -            354   2.2e-53  170.2   1.4   1   1   2.4e-53   2.4e-53  170.1   1.4   272   353     1    82     1    83 0.99 <unknown description>
211214at5125_56676_0:002205|MRCU01000020.1:414189-414589|+     -            118 211214               -            354   1.4e-07   19.5   0.1   1   1   8.5e-07   8.5e-07   17.0   0.1   177   298     5   117     1   118 0.72 <unknown description>
#
# Program:         hmmsearch
# Version:         3.4 (Aug 2023)
# Pipeline mode:   SEARCH
# Query file:      /home/arafat/busco_downloads/lineages/hypocreales_odb12.2/hmms/211214at5125.hmm
# Target file:     /home/arafat/Foxy_SIX_Evolution/results/busco/GCA_003615085.1/run_hypocreales_odb12.2/miniprot_output/translated_proteins/211214at5125.faa
# Option settings: hmmsearch --domtblout /home/arafat/Foxy_SIX_Evolution/results/busco/GCA_003615085.1/run_hypocreales_odb12.2/hmmer_output/211214at5125.out --cpu 1 /home/arafat/busco_downloads/lineages/hypocreales_odb12.2/hmms/211214at5125.hmm /home/arafat/Foxy_SIX_Evolution/results/busco/GCA_003615085.1/run_hypocreales_odb12.2/miniprot_output/translated_proteins/211214at5125.faa 
# Current dir:     /home/arafat/Foxy_SIX_Evolution
# Date:            Thu Sep 24 13:59:03 2026
# [ok]
