#                                                                                                                  --- full sequence --- -------------- this domain -------------   hmm coord   ali coord   env coord
# target name                                              accession   tlen query name           accession   qlen   E-value  score  bias   #  of  c-Evalue  i-Evalue  score  bias  from    to  from    to  from    to  acc description of target
#                                      ------------------- ---------- ----- -------------------- ---------- ----- --------- ------ ----- --- --- --------- --------- ------ ----- ----- ----- ----- ----- ----- ----- ---- ---------------------
211720at5125_396571_0:001dc5|CM010802.1:1438803-1440964|+  -            656 211720               -            637         0 1303.0   2.2   1   1         0         0 1302.8   2.2     2   636    12   652    11   653 0.98 <unknown description>
211720at5125_1081104_0:00252c|CM010802.1:1438800-1450779|+ -            689 211720               -            637         0 1302.7   2.2   1   1         0         0 1302.5   2.2     2   636    13   653    12   654 0.98 <unknown description>
211720at5125_1247861_0:00237d|CM010802.1:1429588-1440946|+ -            665 211720               -            637         0 1301.0   1.9   1   1         0         0 1300.8   1.9     2   633    27   664    26   665 0.99 <unknown description>
211720at5125_2039875_0:0019b3|CM010802.1:1435537-1440943|+ -           1083 211720               -            637         0 1298.2   2.0   1   1         0         0 1297.9   2.0     2   633   446  1083   445  1083 0.99 <unknown description>
211720at5125_911162_0:00108c|CM010802.1:1438806-1440427|+  -            493 211720               -            637    2e-307 1009.8   0.2   1   1  2.4e-307  2.4e-307 1009.6   0.2     2   482    11   492    10   492 0.99 <unknown description>
211720at5125_1967640_0:000cf6|CM010802.1:1439328-1440946|+ -            475 211720               -            637  1.1e-291  957.8   2.2   1   1  1.2e-291  1.2e-291  957.7   2.2   165   633     1   474     1   475 0.98 <unknown description>
211720at5125_468837_0:001ae4|CM010802.1:1439250-1440427|+  -            345 211720               -            637  1.1e-218  716.7   0.5   1   1  1.2e-218  1.2e-218  716.5   0.5   140   482     1   344     1   344 0.99 <unknown description>
#
# Program:         hmmsearch
# Version:         3.4 (Aug 2023)
# Pipeline mode:   SEARCH
# Query file:      /home/arafat/busco_downloads/lineages/hypocreales_odb12.2/hmms/211720at5125.hmm
# Target file:     /home/arafat/Foxy_SIX_Evolution/results/busco/GCA_003615085.1/run_hypocreales_odb12.2/miniprot_output/translated_proteins/211720at5125.faa
# Option settings: hmmsearch --domtblout /home/arafat/Foxy_SIX_Evolution/results/busco/GCA_003615085.1/run_hypocreales_odb12.2/hmmer_output/211720at5125.out --cpu 1 /home/arafat/busco_downloads/lineages/hypocreales_odb12.2/hmms/211720at5125.hmm /home/arafat/Foxy_SIX_Evolution/results/busco/GCA_003615085.1/run_hypocreales_odb12.2/miniprot_output/translated_proteins/211720at5125.faa 
# Current dir:     /home/arafat/Foxy_SIX_Evolution
# Date:            Thu Sep 24 13:58:45 2026
# [ok]
