#                                                                                                                  --- full sequence --- -------------- this domain -------------   hmm coord   ali coord   env coord
# target name                                              accession   tlen query name           accession   qlen   E-value  score  bias   #  of  c-Evalue  i-Evalue  score  bias  from    to  from    to  from    to  acc description of target
#                                      ------------------- ---------- ----- -------------------- ---------- ----- --------- ------ ----- --- --- --------- --------- ------ ----- ----- ----- ----- ----- ----- ----- ---- ---------------------
212056at5125_62069_0:000a0c|CM010802.1:1128418-1136650|-   -            229 212056               -            237  1.4e-145  472.0   0.0   1   1  1.6e-145  1.6e-145  471.7   0.0    18   237     8   228     4   228 0.99 <unknown description>
212056at5125_660029_0:000e19|CM010802.1:1128149-1129374|-  -            351 212056               -            237  4.1e-141  457.3   0.0   1   1  5.3e-141  5.3e-141  456.9   0.0     2   226     7   233     6   242 0.96 <unknown description>
212056at5125_1080343_0:000a3a|CM010802.1:1128489-1129374|- -            257 212056               -            237    2e-138  448.5   0.0   1   1  2.4e-138  2.4e-138  448.3   0.0     2   222     7   229     6   241 0.95 <unknown description>
212056at5125_45235_0:000b11|CM010802.1:1128418-1129166|-   -            194 212056               -            237  4.6e-131  424.4   0.0   1   1  5.1e-131  5.1e-131  424.3   0.0    47   237     2   193     1   193 0.99 <unknown description>
212056at5125_1042311_0:002c21|CM010802.1:1128671-1129374|- -            217 212056               -            237  7.4e-108  348.5   0.0   1   1    9e-108    9e-108  348.2   0.0     2   171     7   177     6   196 0.94 <unknown description>
212056at5125_2039874_0:001373|CM010802.1:1128782-1129317|- -            161 212056               -            237  7.5e-106  341.9   0.0   1   1  8.8e-106  8.8e-106  341.7   0.0    15   168     2   155     1   159 0.98 <unknown description>
212056at5125_2885761_0:000663|CM010802.1:1128378-1128986|- -            183 212056               -            237   2.5e-77  248.5   0.0   1   1     3e-77     3e-77  248.3   0.0   106   222     1   118     1   130 0.95 <unknown description>
212056at5125_98403_0:00015f|CM010802.1:1128591-1128968|-   -            106 212056               -            237   4.8e-72  231.3   0.0   1   1   5.2e-72   5.2e-72  231.1   0.0   112   215     1   105     1   106 0.98 <unknown description>
212056at5125_2039874_0:001371|CM010802.1:1128418-1128732|- -             70 212056               -            237   3.1e-39  123.8   0.0   1   1   3.4e-39   3.4e-39  123.7   0.0   169   237     1    69     1    69 0.99 <unknown description>
212056at5125_1276136_0:002ca3|CM010802.1:1128588-1128732|- -             49 212056               -            237   1.4e-27   85.7   0.1   1   1   1.5e-27   1.5e-27   85.6   0.1   169   216     1    48     1    49 0.98 <unknown description>
#
# Program:         hmmsearch
# Version:         3.4 (Aug 2023)
# Pipeline mode:   SEARCH
# Query file:      /home/arafat/busco_downloads/lineages/hypocreales_odb12.2/hmms/212056at5125.hmm
# Target file:     /home/arafat/Foxy_SIX_Evolution/results/busco/GCA_003615085.1/run_hypocreales_odb12.2/miniprot_output/translated_proteins/212056at5125.faa
# Option settings: hmmsearch --domtblout /home/arafat/Foxy_SIX_Evolution/results/busco/GCA_003615085.1/run_hypocreales_odb12.2/hmmer_output/212056at5125.out --cpu 1 /home/arafat/busco_downloads/lineages/hypocreales_odb12.2/hmms/212056at5125.hmm /home/arafat/Foxy_SIX_Evolution/results/busco/GCA_003615085.1/run_hypocreales_odb12.2/miniprot_output/translated_proteins/212056at5125.faa 
# Current dir:     /home/arafat/Foxy_SIX_Evolution
# Date:            Thu Sep 24 13:58:56 2026
# [ok]
