#                                                                                                                  --- full sequence --- -------------- this domain -------------   hmm coord   ali coord   env coord
# target name                                              accession   tlen query name           accession   qlen   E-value  score  bias   #  of  c-Evalue  i-Evalue  score  bias  from    to  from    to  from    to  acc description of target
#                                      ------------------- ---------- ----- -------------------- ---------- ----- --------- ------ ----- --- --- --------- --------- ------ ----- ----- ----- ----- ----- ----- ----- ---- ---------------------
212211at5125_490622_0:000e25|CM010801.1:4683964-4685969|+  -            260 212211               -            201  8.7e-133  428.5   4.2   1   1    1e-132    1e-132  428.3   4.2     1   201    58   259    58   259 0.99 <unknown description>
212211at5125_282569_0:000b1f|CM010801.1:4685149-4685969|+  -            207 212211               -            201    3e-130  420.2   5.3   1   1  3.7e-130  3.7e-130  420.0   5.3     6   201    10   206     6   206 0.98 <unknown description>
212211at5125_42677_0:002a74|CM010801.1:4684939-4685969|+   -            245 212211               -            201  3.3e-130  420.1   4.3   1   1  4.1e-130  4.1e-130  419.8   4.3     6   201    48   244    44   244 0.98 <unknown description>
212211at5125_1859967_0:00242d|CM010801.1:4683178-4685969|+ -            603 212211               -            201  6.7e-130  419.1   4.2   1   1  9.4e-130  9.4e-130  418.6   4.2     4   201   404   602   401   602 0.98 <unknown description>
212211at5125_1237068_0:0028a9|CM010801.1:4684663-4685969|+ -            326 212211               -            201  9.2e-125  402.3  10.8   1   2   8.4e-31   8.4e-31   95.6   0.1     1    52    92   143    92   150 0.97 <unknown description>
212211at5125_1237068_0:0028a9|CM010801.1:4684663-4685969|+ -            326 212211               -            201  9.2e-125  402.3  10.8   2   2   3.9e-96   3.9e-96  308.9   6.7    51   201   174   325   163   325 0.97 <unknown description>
212211at5125_1331945_0:002d3c|CM010801.1:4684939-4685697|+ -            129 212211               -            201   4.6e-80  256.4   0.5   1   1   5.3e-80   5.3e-80  256.2   0.5     1   122     1   122     1   127 0.96 <unknown description>
#
# Program:         hmmsearch
# Version:         3.4 (Aug 2023)
# Pipeline mode:   SEARCH
# Query file:      /home/arafat/busco_downloads/lineages/hypocreales_odb12.2/hmms/212211at5125.hmm
# Target file:     /home/arafat/Foxy_SIX_Evolution/results/busco/GCA_003615085.1/run_hypocreales_odb12.2/miniprot_output/translated_proteins/212211at5125.faa
# Option settings: hmmsearch --domtblout /home/arafat/Foxy_SIX_Evolution/results/busco/GCA_003615085.1/run_hypocreales_odb12.2/hmmer_output/212211at5125.out --cpu 1 /home/arafat/busco_downloads/lineages/hypocreales_odb12.2/hmms/212211at5125.hmm /home/arafat/Foxy_SIX_Evolution/results/busco/GCA_003615085.1/run_hypocreales_odb12.2/miniprot_output/translated_proteins/212211at5125.faa 
# Current dir:     /home/arafat/Foxy_SIX_Evolution
# Date:            Thu Sep 24 13:58:57 2026
# [ok]
