#                                                                                                                  --- full sequence --- -------------- this domain -------------   hmm coord   ali coord   env coord
# target name                                              accession   tlen query name           accession   qlen   E-value  score  bias   #  of  c-Evalue  i-Evalue  score  bias  from    to  from    to  from    to  acc description of target
#                                      ------------------- ---------- ----- -------------------- ---------- ----- --------- ------ ----- --- --- --------- --------- ------ ----- ----- ----- ----- ----- ----- ----- ---- ---------------------
212691at5125_396571_0:002335|CM010803.1:2881670-2883094|+  -            405 212691               -            330  2.7e-202  660.2   0.2   1   1  3.1e-202  3.1e-202  660.0   0.2     1   330    71   403    71   403 0.99 <unknown description>
212691at5125_451672_0:0049dd|CM010803.1:2880826-2883094|+  -            493 212691               -            330  4.9e-202  659.3   0.2   1   1    6e-202    6e-202  659.0   0.2     1   330   159   491   159   491 0.99 <unknown description>
212691at5125_1859967_0:000e86|CM010803.1:2881757-2885130|+ -            641 212691               -            330    3e-201  656.7   0.3   1   1  5.1e-201  5.1e-201  656.0   0.3     1   328    42   372    42   374 0.99 <unknown description>
212691at5125_1325734_0:002098|CM010803.1:2881670-2882763|+ -            313 212691               -            330  1.7e-139  453.7   0.8   1   1    2e-139    2e-139  453.5   0.8     1   241    71   313    71   313 0.99 <unknown description>
212691at5125_93591_0:002642|CM010803.1:2882380-2883094|+   -            186 212691               -            330  1.8e-118  384.7   1.3   1   1    2e-118    2e-118  384.5   1.3   148   330     1   184     1   184 0.99 <unknown description>
212691at5125_2773459_0:000290|CM010803.1:2881897-2882524|+ -            210 212691               -            330  9.1e-111  359.3   1.9   1   1    1e-110    1e-110  359.2   1.9     1   195    13   209    13   210 0.99 <unknown description>
212691at5125_2898082_0:000453|CM010803.1:2876564-2883094|+ -            178 212691               -            330     7e-78  251.2   0.2   1   1   8.2e-78   8.2e-78  251.0   0.2   210   330    55   176    40   176 0.96 <unknown description>
212691at5125_1325734_0:002097|CM010803.1:2882790-2883091|+ -             83 212691               -            330   1.4e-55  177.9   0.3   1   1   1.6e-55   1.6e-55  177.8   0.3   249   330     1    82     1    82 0.99 <unknown description>
212691at5125_2692428_0:0035fc|CM010802.1:2979289-2979634|- -            116 212691               -            330   9.8e-34  106.1   0.0   1   1     1e-33     1e-33  106.0   0.0   208   317     5   115     1   116 0.96 <unknown description>
#
# Program:         hmmsearch
# Version:         3.4 (Aug 2023)
# Pipeline mode:   SEARCH
# Query file:      /home/arafat/busco_downloads/lineages/hypocreales_odb12.2/hmms/212691at5125.hmm
# Target file:     /home/arafat/Foxy_SIX_Evolution/results/busco/GCA_003615085.1/run_hypocreales_odb12.2/miniprot_output/translated_proteins/212691at5125.faa
# Option settings: hmmsearch --domtblout /home/arafat/Foxy_SIX_Evolution/results/busco/GCA_003615085.1/run_hypocreales_odb12.2/hmmer_output/212691at5125.out --cpu 1 /home/arafat/busco_downloads/lineages/hypocreales_odb12.2/hmms/212691at5125.hmm /home/arafat/Foxy_SIX_Evolution/results/busco/GCA_003615085.1/run_hypocreales_odb12.2/miniprot_output/translated_proteins/212691at5125.faa 
# Current dir:     /home/arafat/Foxy_SIX_Evolution
# Date:            Thu Sep 24 13:59:04 2026
# [ok]
