#                                                                                                                  --- full sequence --- -------------- this domain -------------   hmm coord   ali coord   env coord
# target name                                              accession   tlen query name           accession   qlen   E-value  score  bias   #  of  c-Evalue  i-Evalue  score  bias  from    to  from    to  from    to  acc description of target
#                                      ------------------- ---------- ----- -------------------- ---------- ----- --------- ------ ----- --- --- --------- --------- ------ ----- ----- ----- ----- ----- ----- ----- ---- ---------------------
213392at5125_100902_0:004ca0|CM010800.1:1370645-1373271|-  -            705 213392               -            572         0 1202.3   0.0   1   1         0         0 1202.1   0.0     5   572   121   699   113   699 0.97 <unknown description>
213392at5125_1053134_0:0010f4|CM010800.1:1370660-1374329|- -            876 213392               -            572         0 1201.5   0.0   1   1         0         0 1201.1   0.0     5   572   297   875   289   875 0.97 <unknown description>
213392at5125_72712_0:001c35|CM010800.1:1370645-1375512|-   -            906 213392               -            572         0 1201.2   0.0   1   1         0         0 1200.9   0.0     5   572   322   900   314   900 0.97 <unknown description>
213392at5125_1280523_0:001219|CM010800.1:1370660-1372758|- -            650 213392               -            572         0 1188.3   0.0   1   1         0         0 1188.0   0.0     5   572    62   649    54   649 0.97 <unknown description>
213392at5125_1042133_0:0006ae|CM010800.1:1370645-1372325|- -            544 213392               -            572         0 1113.2   0.0   1   1         0         0 1113.0   0.0    46   572     1   538     1   538 0.98 <unknown description>
213392at5125_268505_0:001fd6|CM010800.1:1370660-1371515|-  -            286 213392               -            572  3.9e-192  628.4   0.2   1   1  4.4e-192  4.4e-192  628.2   0.2   288   572     1   285     1   285 1.00 <unknown description>
213392at5125_63577_0:00188b|CM010800.1:1371381-1372911|-   -            451 213392               -            572  8.5e-192  627.3   0.0   1   1  1.1e-191  1.1e-191  626.9   0.0     5   321   113   440   105   445 0.95 <unknown description>
#
# Program:         hmmsearch
# Version:         3.4 (Aug 2023)
# Pipeline mode:   SEARCH
# Query file:      /home/arafat/busco_downloads/lineages/hypocreales_odb12.2/hmms/213392at5125.hmm
# Target file:     /home/arafat/Foxy_SIX_Evolution/results/busco/GCA_003615085.1/run_hypocreales_odb12.2/miniprot_output/translated_proteins/213392at5125.faa
# Option settings: hmmsearch --domtblout /home/arafat/Foxy_SIX_Evolution/results/busco/GCA_003615085.1/run_hypocreales_odb12.2/hmmer_output/213392at5125.out --cpu 1 /home/arafat/busco_downloads/lineages/hypocreales_odb12.2/hmms/213392at5125.hmm /home/arafat/Foxy_SIX_Evolution/results/busco/GCA_003615085.1/run_hypocreales_odb12.2/miniprot_output/translated_proteins/213392at5125.faa 
# Current dir:     /home/arafat/Foxy_SIX_Evolution
# Date:            Thu Sep 24 13:58:47 2026
# [ok]
