#                                                                                                                --- full sequence --- -------------- this domain -------------   hmm coord   ali coord   env coord
# target name                                            accession   tlen query name           accession   qlen   E-value  score  bias   #  of  c-Evalue  i-Evalue  score  bias  from    to  from    to  from    to  acc description of target
#                                    ------------------- ---------- ----- -------------------- ---------- ----- --------- ------ ----- --- --- --------- --------- ------ ----- ----- ----- ----- ----- ----- ----- ---- ---------------------
213453at5125_1089449_0:0024bf|CM010803.1:995699-997361|- -            555 213453               -            479  2.3e-282  925.5   0.2   1   1  2.8e-282  2.8e-282  925.2   0.2    11   475    88   553    77   554 0.98 <unknown description>
213453at5125_2004951_0:000888|CM010803.1:991117-997100|- -            499 213453               -            479  6.8e-282  923.9   0.5   1   1  7.9e-282  7.9e-282  923.7   0.5    14   476     4   467     1   470 0.98 <unknown description>
213453at5125_1081102_0:0021be|CM010803.1:989480-997214|- -            556 213453               -            479  6.6e-278  910.8   0.1   1   1  8.9e-278  8.9e-278  910.4   0.1    11   466    39   495    29   500 0.97 <unknown description>
213453at5125_29856_0:00156f|CM010803.1:995699-997004|-   -            436 213453               -            479  2.8e-276  905.4   0.2   1   1  3.1e-276  3.1e-276  905.3   0.2    44   475     2   434     1   435 0.99 <unknown description>
213453at5125_123648_0:002070|CM010803.1:996284-997361|-  -            360 213453               -            479  1.4e-158  517.3   0.1   1   1  1.7e-158  1.7e-158  517.1   0.1    11   281    88   359    77   360 0.96 <unknown description>
213453at5125_62069_0:001510|CM010803.1:996353-997136|-   -            262 213453               -            479  2.5e-144  470.3   0.1   1   1    3e-144    3e-144  470.1   0.1    12   259    14   262     4   262 0.96 <unknown description>
213453at5125_62069_0:0012f1|CM010803.1:995711-996230|-   -            174 213453               -            479  2.7e-117  381.2   0.3   1   1    3e-117    3e-117  381.0   0.3   300   472     1   173     1   174 0.99 <unknown description>
213453at5125_2692428_0:003cf1|CM010803.1:996560-996977|- -            140 213453               -            479   8.4e-87  280.6   2.6   1   1   9.3e-87   9.3e-87  280.5   2.6    52   190     1   140     1   140 0.99 <unknown description>
#
# Program:         hmmsearch
# Version:         3.4 (Aug 2023)
# Pipeline mode:   SEARCH
# Query file:      /home/arafat/busco_downloads/lineages/hypocreales_odb12.2/hmms/213453at5125.hmm
# Target file:     /home/arafat/Foxy_SIX_Evolution/results/busco/GCA_003615085.1/run_hypocreales_odb12.2/miniprot_output/translated_proteins/213453at5125.faa
# Option settings: hmmsearch --domtblout /home/arafat/Foxy_SIX_Evolution/results/busco/GCA_003615085.1/run_hypocreales_odb12.2/hmmer_output/213453at5125.out --cpu 1 /home/arafat/busco_downloads/lineages/hypocreales_odb12.2/hmms/213453at5125.hmm /home/arafat/Foxy_SIX_Evolution/results/busco/GCA_003615085.1/run_hypocreales_odb12.2/miniprot_output/translated_proteins/213453at5125.faa 
# Current dir:     /home/arafat/Foxy_SIX_Evolution
# Date:            Thu Sep 24 13:58:49 2026
# [ok]
