#                                                                                                                  --- full sequence --- -------------- this domain -------------   hmm coord   ali coord   env coord
# target name                                              accession   tlen query name           accession   qlen   E-value  score  bias   #  of  c-Evalue  i-Evalue  score  bias  from    to  from    to  from    to  acc description of target
#                                      ------------------- ---------- ----- -------------------- ---------- ----- --------- ------ ----- --- --- --------- --------- ------ ----- ----- ----- ----- ----- ----- ----- ---- ---------------------
214164at5125_396571_0:000250|CM010800.1:3990119-3991879|-  -            571 214164               -            511  4.5e-244  799.0   8.1   1   1  7.5e-242  7.5e-242  791.7   8.1     1   511     1   570     1   570 0.91 <unknown description>
214164at5125_2773459_0:003157|CM010800.1:3990119-3991466|- -            450 214164               -            511  2.3e-191  625.1  10.4   1   1  4.9e-189  4.9e-189  617.4  10.4   117   511     3   449     1   449 0.89 <unknown description>
214164at5125_62069_0:000a91|CM010800.1:3990668-3991879|-   -            388 214164               -            511  1.7e-177  579.4   6.4   1   1    2e-177    2e-177  579.1   6.4     1   368     1   382     1   384 0.96 <unknown description>
214164at5125_2604345_0:000638|CM010800.1:3991026-3991879|- -            268 214164               -            511  9.4e-119  385.5   8.7   1   1  1.1e-118  1.1e-118  385.3   8.7     1   243     1   250     1   262 0.96 <unknown description>
214164at5125_2604345_0:000642|CM010800.1:3990119-3990923|- -            269 214164               -            511   6.7e-95  306.9   1.9   1   2     4e-62     4e-62  198.7   0.0   296   452     1   188     1   195 0.84 <unknown description>
214164at5125_2604345_0:000642|CM010800.1:3990119-3990923|- -            269 214164               -            511   6.7e-95  306.9   1.9   2   2   1.6e-34   1.6e-34  107.7   0.4   445   511   202   268   193   268 0.93 <unknown description>
214164at5125_62069_0:00042f|CM010800.1:3990119-3990626|-   -            170 214164               -            511   1.5e-62  200.2   3.8   1   2   4.9e-30   4.9e-30   92.8   0.2   376   452     2    89     1   102 0.84 <unknown description>
214164at5125_62069_0:00042f|CM010800.1:3990119-3990626|-   -            170 214164               -            511   1.5e-62  200.2   3.8   2   2   6.1e-35   6.1e-35  109.0   0.4   444   511   102   169    93   169 0.93 <unknown description>
#
# Program:         hmmsearch
# Version:         3.4 (Aug 2023)
# Pipeline mode:   SEARCH
# Query file:      /home/arafat/busco_downloads/lineages/hypocreales_odb12.2/hmms/214164at5125.hmm
# Target file:     /home/arafat/Foxy_SIX_Evolution/results/busco/GCA_003615085.1/run_hypocreales_odb12.2/miniprot_output/translated_proteins/214164at5125.faa
# Option settings: hmmsearch --domtblout /home/arafat/Foxy_SIX_Evolution/results/busco/GCA_003615085.1/run_hypocreales_odb12.2/hmmer_output/214164at5125.out --cpu 1 /home/arafat/busco_downloads/lineages/hypocreales_odb12.2/hmms/214164at5125.hmm /home/arafat/Foxy_SIX_Evolution/results/busco/GCA_003615085.1/run_hypocreales_odb12.2/miniprot_output/translated_proteins/214164at5125.faa 
# Current dir:     /home/arafat/Foxy_SIX_Evolution
# Date:            Thu Sep 24 13:59:04 2026
# [ok]
