#                                                                                                                  --- full sequence --- -------------- this domain -------------   hmm coord   ali coord   env coord
# target name                                              accession   tlen query name           accession   qlen   E-value  score  bias   #  of  c-Evalue  i-Evalue  score  bias  from    to  from    to  from    to  acc description of target
#                                      ------------------- ---------- ----- -------------------- ---------- ----- --------- ------ ----- --- --- --------- --------- ------ ----- ----- ----- ----- ----- ----- ----- ---- ---------------------
214450at5125_1089448_0:000576|CM010802.1:3882569-3883042|+ -            143 214450               -            131   3.2e-73  232.9   7.7   1   1   3.9e-73   3.9e-73  232.6   7.7     2   131     5   142     4   142 0.96 <unknown description>
214450at5125_327505_0:0017ed|CM010802.1:3882308-3883042|+  -            181 214450               -            131   7.1e-73  231.7   7.7   1   1   9.3e-73   9.3e-73  231.4   7.7     2   131    43   180    42   180 0.96 <unknown description>
214450at5125_1331945_0:00160f|CM010802.1:3882569-3884688|+ -            375 214450               -            131   1.3e-71  227.6   8.3   1   1   2.7e-71   2.7e-71  226.6   8.3     2   131     5   142     4   142 0.95 <unknown description>
214450at5125_2614577_0:000886|CM010802.1:3882581-3890153|+ -            129 214450               -            131   1.4e-58  185.5   4.8   1   1   1.7e-58   1.7e-58  185.2   4.8     2   113     1   111     1   117 0.96 <unknown description>
214450at5125_948311_1:0011ad|CM010802.1:3882569-3882878|+  -            104 214450               -            131   9.1e-58  182.9   3.6   1   1     1e-57     1e-57  182.7   3.6     2   100     5   103     4   103 0.99 <unknown description>
214450at5125_1567539_0:001ae0|CM010802.1:3882740-3883042|+ -             86 214450               -            131   2.9e-40  126.2   9.5   1   1   3.7e-40   3.7e-40  125.9   9.5    55   131     1    85     1    85 0.93 <unknown description>
214450at5125_5507_1:001b6f|CM010802.1:3882740-3883186|+    -            133 214450               -            131   1.2e-29   91.9   6.0   1   1   1.8e-29   1.8e-29   91.3   6.0    55   114     1    68     1    74 0.90 <unknown description>
#
# Program:         hmmsearch
# Version:         3.4 (Aug 2023)
# Pipeline mode:   SEARCH
# Query file:      /home/arafat/busco_downloads/lineages/hypocreales_odb12.2/hmms/214450at5125.hmm
# Target file:     /home/arafat/Foxy_SIX_Evolution/results/busco/GCA_003615085.1/run_hypocreales_odb12.2/miniprot_output/translated_proteins/214450at5125.faa
# Option settings: hmmsearch --domtblout /home/arafat/Foxy_SIX_Evolution/results/busco/GCA_003615085.1/run_hypocreales_odb12.2/hmmer_output/214450at5125.out --cpu 1 /home/arafat/busco_downloads/lineages/hypocreales_odb12.2/hmms/214450at5125.hmm /home/arafat/Foxy_SIX_Evolution/results/busco/GCA_003615085.1/run_hypocreales_odb12.2/miniprot_output/translated_proteins/214450at5125.faa 
# Current dir:     /home/arafat/Foxy_SIX_Evolution
# Date:            Thu Sep 24 13:59:06 2026
# [ok]
