#                                                                                                                  --- full sequence --- -------------- this domain -------------   hmm coord   ali coord   env coord
# target name                                              accession   tlen query name           accession   qlen   E-value  score  bias   #  of  c-Evalue  i-Evalue  score  bias  from    to  from    to  from    to  acc description of target
#                                      ------------------- ---------- ----- -------------------- ---------- ----- --------- ------ ----- --- --- --------- --------- ------ ----- ----- ----- ----- ----- ----- ----- ---- ---------------------
214533at5125_1080343_0:002034|CM010800.1:2048236-2050485|- -            733 214533               -            753         0 1310.3   2.7   1   1         0         0 1310.1   2.7     1   753     1   732     1   732 0.94 <unknown description>
214533at5125_48507_0:000bcc|CM010800.1:2048236-2049918|-   -            544 214533               -            753         0 1175.5   5.8   1   1         0         0 1175.3   5.8   196   753     2   543     1   543 0.99 <unknown description>
214533at5125_78864_0:003868|CM010800.1:2048236-2049447|-   -            387 214533               -            753    2e-284  934.8  10.5   1   1  2.2e-284  2.2e-284  934.6  10.5   368   753     1   386     1   386 1.00 <unknown description>
214533at5125_490622_0:002721|CM010800.1:2048946-2050485|-  -            514 214533               -            753    3e-226  742.4  10.9   1   1  3.3e-226  3.3e-226  742.2  10.9     1   535     1   514     1   514 0.91 <unknown description>
214533at5125_911162_0:001b07|CM010800.1:2048236-2048904|-  -            206 214533               -            753  5.5e-150  490.2   8.2   1   1  6.2e-150  6.2e-150  490.0   8.2   549   753     1   205     1   205 1.00 <unknown description>
214533at5125_751941_0:003733|CM010800.1:2050173-2050485|-  -            105 214533               -            753   5.5e-18   53.7   0.1   1   1   5.7e-18   5.7e-18   53.7   0.1     1    87     1    82     1   101 0.84 <unknown description>
214533at5125_1803897_0:003343|CM010800.1:2050068-2050485|- -            140 214533               -            753   8.5e-18   53.1   0.0   1   1   8.5e-18   8.5e-18   53.1   0.0     1    87     1    82     1   131 0.83 <unknown description>
#
# Program:         hmmsearch
# Version:         3.4 (Aug 2023)
# Pipeline mode:   SEARCH
# Query file:      /home/arafat/busco_downloads/lineages/hypocreales_odb12.2/hmms/214533at5125.hmm
# Target file:     /home/arafat/Foxy_SIX_Evolution/results/busco/GCA_003615085.1/run_hypocreales_odb12.2/miniprot_output/translated_proteins/214533at5125.faa
# Option settings: hmmsearch --domtblout /home/arafat/Foxy_SIX_Evolution/results/busco/GCA_003615085.1/run_hypocreales_odb12.2/hmmer_output/214533at5125.out --cpu 1 /home/arafat/busco_downloads/lineages/hypocreales_odb12.2/hmms/214533at5125.hmm /home/arafat/Foxy_SIX_Evolution/results/busco/GCA_003615085.1/run_hypocreales_odb12.2/miniprot_output/translated_proteins/214533at5125.faa 
# Current dir:     /home/arafat/Foxy_SIX_Evolution
# Date:            Thu Sep 24 13:59:08 2026
# [ok]
