#                                                                                                                  --- full sequence --- -------------- this domain -------------   hmm coord   ali coord   env coord
# target name                                              accession   tlen query name           accession   qlen   E-value  score  bias   #  of  c-Evalue  i-Evalue  score  bias  from    to  from    to  from    to  acc description of target
#                                      ------------------- ---------- ----- -------------------- ---------- ----- --------- ------ ----- --- --- --------- --------- ------ ----- ----- ----- ----- ----- ----- ----- ---- ---------------------
214626at5125_1080343_0:00164d|CM010801.1:2329969-2334048|+ -           1294 214626               -           1214         0 2357.1  11.5   1   2         0         0 2011.6   4.7     3  1003    13  1019    11  1028 0.99 <unknown description>
214626at5125_1080343_0:00164d|CM010801.1:2329969-2334048|+ -           1294 214626               -           1214         0 2357.1  11.5   2   2  2.6e-107  2.6e-107  348.2   0.5   998  1214  1049  1293  1045  1293 0.86 <unknown description>
214626at5125_36050_0:002019|CM010801.1:2327426-2334048|+   -           1716 214626               -           1214         0 2324.0  10.9   1   2         0         0 1978.8   4.6     3  1003   443  1441   441  1450 0.99 <unknown description>
214626at5125_36050_0:002019|CM010801.1:2327426-2334048|+   -           1716 214626               -           1214         0 2324.0  10.9   2   2  3.6e-107  3.6e-107  347.8   0.4   998  1214  1471  1715  1467  1715 0.86 <unknown description>
214626at5125_1649128_0:000c16|CM010801.1:2331613-2334048|+ -            779 214626               -           1214         0 1380.7  10.0   1   2         0         0 1033.8   2.9   503  1003     1   504     1   513 0.98 <unknown description>
214626at5125_1649128_0:000c16|CM010801.1:2331613-2334048|+ -            779 214626               -           1214         0 1380.7  10.0   2   2  1.2e-107  1.2e-107  349.4   0.7   998  1214   534   778   529   778 0.86 <unknown description>
214626at5125_1229664_0:001c73|CM010801.1:2329969-2332511|+ -            737 214626               -           1214         0 1371.6   2.1   1   1         0         0 1371.4   2.1     3   713    13   729    11   737 0.98 <unknown description>
214626at5125_2004951_0:000a68|CM010801.1:2331319-2333220|+ -            601 214626               -           1214         0 1228.0   3.0   1   1         0         0 1227.8   3.0   407  1002     2   601     1   601 0.99 <unknown description>
214626at5125_858221_0:000b89|CM010801.1:2333265-2334048|+  -            262 214626               -           1214  6.4e-110  356.9   1.1   1   1    8e-109    8e-109  353.2   1.1   998  1214    17   261    13   261 0.86 <unknown description>
#
# Program:         hmmsearch
# Version:         3.4 (Aug 2023)
# Pipeline mode:   SEARCH
# Query file:      /home/arafat/busco_downloads/lineages/hypocreales_odb12.2/hmms/214626at5125.hmm
# Target file:     /home/arafat/Foxy_SIX_Evolution/results/busco/GCA_003615085.1/run_hypocreales_odb12.2/miniprot_output/translated_proteins/214626at5125.faa
# Option settings: hmmsearch --domtblout /home/arafat/Foxy_SIX_Evolution/results/busco/GCA_003615085.1/run_hypocreales_odb12.2/hmmer_output/214626at5125.out --cpu 1 /home/arafat/busco_downloads/lineages/hypocreales_odb12.2/hmms/214626at5125.hmm /home/arafat/Foxy_SIX_Evolution/results/busco/GCA_003615085.1/run_hypocreales_odb12.2/miniprot_output/translated_proteins/214626at5125.faa 
# Current dir:     /home/arafat/Foxy_SIX_Evolution
# Date:            Thu Sep 24 13:58:44 2026
# [ok]
