#                                                                                                                      --- full sequence --- -------------- this domain -------------   hmm coord   ali coord   env coord
# target name                                                  accession   tlen query name           accession   qlen   E-value  score  bias   #  of  c-Evalue  i-Evalue  score  bias  from    to  from    to  from    to  acc description of target
#                                          ------------------- ---------- ----- -------------------- ---------- ----- --------- ------ ----- --- --- --------- --------- ------ ----- ----- ----- ----- ----- ----- ----- ---- ---------------------
214831at5125_660025_0:003ef2|MRCU01000005.1:1884916-1886828|+  -            572 214831               -            470  1.1e-299  983.7   0.1   1   1  1.4e-299  1.4e-299  983.5   0.1     1   467    81   559    81   562 0.97 <unknown description>
214831at5125_948311_1:002a6e|MRCU01000005.1:1883937-1886828|+  -            728 214831               -            470  2.4e-299  982.7   0.1   1   1    3e-299    3e-299  982.4   0.1     1   467   237   715   237   718 0.97 <unknown description>
214831at5125_5507_3:00167e|MRCU01000005.1:1883937-1889670|+    -           1318 214831               -            470    1e-298  980.6   0.1   1   1  1.3e-298  1.3e-298  980.2   0.1     1   467   209   687   209   690 0.97 <unknown description>
214831at5125_983965_0:002318|MRCU01000005.1:1885251-1886695|+  -            465 214831               -            470  6.5e-292  958.2   0.1   1   1  7.3e-292  7.3e-292  958.0   0.1     1   451     1   463     1   465 0.97 <unknown description>
214831at5125_195108_0:00141b|MRCU01000005.1:1884392-1886695|+  -            654 214831               -            470  2.1e-291  956.5   0.1   1   1  2.5e-291  2.5e-291  956.3   0.1     1   451   190   652   190   654 0.97 <unknown description>
214831at5125_1080343_0:004028|MRCU01000010.1:153885-155713|-   -            560 214831               -            470  5.8e-223  730.8   0.6   1   1  7.3e-223  7.3e-223  730.5   0.6     2   429    68   502    67   549 0.92 <unknown description>
214831at5125_96317_0:001708|MRCU01000010.1:153885-156170|-     -            635 214831               -            470  8.7e-223  730.2   0.6   1   1  1.1e-222  1.1e-222  729.9   0.6     2   429   143   577   142   624 0.92 <unknown description>
214831at5125_660025_0:001379|MRCU01000010.1:154032-155446|-    -            456 214831               -            470  1.5e-222  729.5   1.7   1   1  1.9e-222  1.9e-222  729.1   1.7     2   428    13   446    12   454 0.95 <unknown description>
214831at5125_1089457_0:004203|MRCU01000010.1:1069874-1071519|- -            499 214831               -            470  2.7e-220  722.0   2.0   1   1  3.4e-220  3.4e-220  721.7   2.0     2   427    66   498    65   499 0.95 <unknown description>
214831at5125_2773459_0:0015ec|MRCU01000005.1:1885990-1886828|+ -            263 214831               -            470  1.5e-161  528.4   1.0   1   1  1.7e-161  1.7e-161  528.2   1.0   219   467     1   250     1   253 0.99 <unknown description>
214831at5125_485398_0:004322|MRCU01000010.1:1069697-1070817|-  -            340 214831               -            470  3.8e-143  467.7  10.5   1   2   6.3e-30   6.3e-30   94.4   2.3   131   199     1    70     1    71 0.96 <unknown description>
214831at5125_485398_0:004322|MRCU01000010.1:1069697-1070817|-  -            340 214831               -            470  3.8e-143  467.7  10.5   2   2  3.5e-116  3.5e-116  378.8   1.6   218   460    71   321    69   329 0.90 <unknown description>
214831at5125_485398_0:004322|MRCU01000010.1:153885-155005|-    -            340 214831               -            470  2.3e-142  465.1  10.1   1   1  3.2e-140  3.2e-140  458.0  10.1   131   429     1   282     1   329 0.92 <unknown description>
214831at5125_1649127_0:001086|MRCU01000005.1:1885209-1885938|+ -            244 214831               -            470  8.9e-133  433.5   0.0   1   1    1e-132    1e-132  433.3   0.0     1   217    15   242    15   244 0.94 <unknown description>
214831at5125_94208_0:0018fe|MRCU01000005.1:1884572-1885935|+   -            332 214831               -            470  2.7e-132  431.9   0.0   1   1  3.3e-132  3.3e-132  431.6   0.0     1   217   104   331   104   332 0.94 <unknown description>
214831at5125_655827_0:001a66|MRCU01000005.1:1884461-1886271|+  -            416 214831               -            470  4.1e-132  431.3   0.0   1   1  5.2e-132  5.2e-132  430.9   0.0     1   217   115   342   115   345 0.94 <unknown description>
214831at5125_660025_0:000096|MRCU01000005.1:1886104-1886692|+  -            197 214831               -            470  5.5e-126  411.1   0.4   1   1  6.1e-126  6.1e-126  410.9   0.4   257   451     1   196     1   197 0.99 <unknown description>
214831at5125_1080343_0:004013|MRCU01000010.1:1069697-1070501|- -            269 214831               -            470  5.6e-116  378.1   0.7   1   1  6.6e-116  6.6e-116  377.9   0.7   219   460     1   250     1   258 0.90 <unknown description>
214831at5125_1080343_0:004013|MRCU01000010.1:153885-154689|-   -            269 214831               -            470  2.8e-115  375.8   0.4   1   1  3.2e-115  3.2e-115  375.6   0.4   219   430     1   212     1   258 0.91 <unknown description>
214831at5125_1806559_0:0016c9|MRCU01000005.1:1886194-1886828|+ -            195 214831               -            470  2.2e-114  372.8   0.4   1   1  2.5e-114  2.5e-114  372.6   0.4   287   467     1   182     1   185 0.98 <unknown description>
214831at5125_451672_0:001280|MRCU01000005.1:1886359-1886828|+  -            157 214831               -            470     1e-68  222.3   2.6   1   1   2.9e-67   2.9e-67  217.5   2.6   342   467     1   144     1   147 0.88 <unknown description>
214831at5125_451672_0:001280|MRCU01000010.1:1069697-1070132|-  -            146 214831               -            470   6.6e-44  140.5   0.3   1   1   7.2e-44   7.2e-44  140.3   0.3   342   461     1   128     1   136 0.81 <unknown description>
214831at5125_451672_0:001280|MRCU01000010.1:153885-154320|-    -            146 214831               -            470   8.4e-44  140.1   0.3   1   1   9.2e-44   9.2e-44  140.0   0.3   342   430     1    89     1   135 0.80 <unknown description>
#
# Program:         hmmsearch
# Version:         3.4 (Aug 2023)
# Pipeline mode:   SEARCH
# Query file:      /home/arafat/busco_downloads/lineages/hypocreales_odb12.2/hmms/214831at5125.hmm
# Target file:     /home/arafat/Foxy_SIX_Evolution/results/busco/GCA_003615085.1/run_hypocreales_odb12.2/miniprot_output/translated_proteins/214831at5125.faa
# Option settings: hmmsearch --domtblout /home/arafat/Foxy_SIX_Evolution/results/busco/GCA_003615085.1/run_hypocreales_odb12.2/hmmer_output/214831at5125.out --cpu 1 /home/arafat/busco_downloads/lineages/hypocreales_odb12.2/hmms/214831at5125.hmm /home/arafat/Foxy_SIX_Evolution/results/busco/GCA_003615085.1/run_hypocreales_odb12.2/miniprot_output/translated_proteins/214831at5125.faa 
# Current dir:     /home/arafat/Foxy_SIX_Evolution
# Date:            Thu Sep 24 13:58:48 2026
# [ok]
