#                                                                                                                      --- full sequence --- -------------- this domain -------------   hmm coord   ali coord   env coord
# target name                                                  accession   tlen query name           accession   qlen   E-value  score  bias   #  of  c-Evalue  i-Evalue  score  bias  from    to  from    to  from    to  acc description of target
#                                          ------------------- ---------- ----- -------------------- ---------- ----- --------- ------ ----- --- --- --------- --------- ------ ----- ----- ----- ----- ----- ----- ----- ---- ---------------------
215213at5125_660122_0:0007df|MRCU01000005.1:2102845-2122873|+  -           4853 215213               -           4382         0 6614.5   4.3   1   4   8.3e-28   8.3e-28   83.8   0.1     2    87     4   103     3   121 0.80 <unknown description>
215213at5125_660122_0:0007df|MRCU01000005.1:2102845-2122873|+  -           4853 215213               -           4382         0 6614.5   4.3   2   4         0         0 2570.6   0.0    83  1728   160  1907   154  1914 0.92 <unknown description>
215213at5125_660122_0:0007df|MRCU01000005.1:2102845-2122873|+  -           4853 215213               -           4382         0 6614.5   4.3   3   4   2.7e-08   2.7e-08   19.0   0.2  3749  3794  1908  1953  1902  1955 0.88 <unknown description>
215213at5125_660122_0:0007df|MRCU01000005.1:2102845-2122873|+  -           4853 215213               -           4382         0 6614.5   4.3   4   4         0         0 3939.8   7.2  1720  4378  1949  4780  1948  4784 0.92 <unknown description>
215213at5125_396571_0:000c50|MRCU01000005.1:2102527-2117492|+  -           4870 215213               -           4382         0 6614.5   4.3   1   4   8.3e-28   8.3e-28   83.8   0.1     2    87    25   124    24   142 0.80 <unknown description>
215213at5125_396571_0:000c50|MRCU01000005.1:2102527-2117492|+  -           4870 215213               -           4382         0 6614.5   4.3   2   4         0         0 2570.6   0.0    83  1728   181  1928   175  1935 0.92 <unknown description>
215213at5125_396571_0:000c50|MRCU01000005.1:2102527-2117492|+  -           4870 215213               -           4382         0 6614.5   4.3   3   4   2.8e-08   2.8e-08   19.0   0.2  3749  3794  1929  1974  1923  1976 0.88 <unknown description>
215213at5125_396571_0:000c50|MRCU01000005.1:2102527-2117492|+  -           4870 215213               -           4382         0 6614.5   4.3   4   4         0         0 3939.8   7.2  1720  4378  1970  4801  1969  4805 0.92 <unknown description>
215213at5125_2692428_0:000816|MRCU01000005.1:2102845-2114426|+ -           3844 215213               -           4382         0 5491.4   0.5   1   5   6.5e-28   6.5e-28   84.2   0.1     2    87     4   103     3   121 0.80 <unknown description>
215213at5125_2692428_0:000816|MRCU01000005.1:2102845-2114426|+ -           3844 215213               -           4382         0 5491.4   0.5   2   5   0.00055   0.00055    4.7   0.0  2493  2527    95   129    95   137 0.91 <unknown description>
215213at5125_2692428_0:000816|MRCU01000005.1:2102845-2114426|+ -           3844 215213               -           4382         0 5491.4   0.5   3   5         0         0 2571.4   0.0    83  1728   160  1907   154  1914 0.92 <unknown description>
215213at5125_2692428_0:000816|MRCU01000005.1:2102845-2114426|+ -           3844 215213               -           4382         0 5491.4   0.5   4   5   2.1e-08   2.1e-08   19.4   0.3  3748  3794  1907  1953  1901  1955 0.88 <unknown description>
215213at5125_2692428_0:000816|MRCU01000005.1:2102845-2114426|+ -           3844 215213               -           4382         0 5491.4   0.5   5   5         0         0 2816.9   1.4  1720  3505  1949  3839  1948  3844 0.93 <unknown description>
215213at5125_117187_0:000c8b|MRCU01000005.1:2107637-2117492|+  -           3269 215213               -           4382         0 4397.0  10.8   1   3  5.4e-136  5.4e-136  442.9   0.0  1414  1728     4   327     1   332 0.94 <unknown description>
215213at5125_117187_0:000c8b|MRCU01000005.1:2107637-2117492|+  -           3269 215213               -           4382         0 4397.0  10.8   2   3   2.2e-08   2.2e-08   19.4   0.2  3748  3794   327   373   320   374 0.88 <unknown description>
215213at5125_117187_0:000c8b|MRCU01000005.1:2107637-2117492|+  -           3269 215213               -           4382         0 4397.0  10.8   3   3         0         0 3941.8   7.0  1720  4378   369  3200   368  3204 0.92 <unknown description>
215213at5125_694270_0:002304|MRCU01000005.1:2102845-2111342|+  -           2816 215213               -           4382         0 3858.6   4.2   1   5   4.7e-28   4.7e-28   84.6   0.1     2    87     4   103     3   121 0.80 <unknown description>
215213at5125_694270_0:002304|MRCU01000005.1:2102845-2111342|+  -           2816 215213               -           4382         0 3858.6   4.2   2   5    0.0035    0.0035    2.1   0.0  2496  2527    98   129    98   144 0.90 <unknown description>
215213at5125_694270_0:002304|MRCU01000005.1:2102845-2111342|+  -           2816 215213               -           4382         0 3858.6   4.2   3   5         0         0 2572.6   0.0    83  1728   160  1907   154  1914 0.92 <unknown description>
215213at5125_694270_0:002304|MRCU01000005.1:2102845-2111342|+  -           2816 215213               -           4382         0 3858.6   4.2   4   5   1.4e-08   1.4e-08   20.0   0.4  3747  3794  1906  1953  1893  1954 0.86 <unknown description>
215213at5125_694270_0:002304|MRCU01000005.1:2102845-2111342|+  -           2816 215213               -           4382         0 3858.6   4.2   5   5         0         0 1184.4   5.5  1720  2538  1949  2815  1948  2816 0.93 <unknown description>
215213at5125_100902_0:00544c|MRCU01000005.1:2110679-2117492|+  -           2255 215213               -           4382         0 3092.2   0.5   1   1         0         0 3088.2   0.5  2324  4378     2  2186     1  2190 0.92 <unknown description>
215213at5125_694270_0:002c3a|MRCU01000005.1:2111492-2114651|+  -           1054 215213               -           4382         0 1609.7   0.0   1   1         0         0 1604.8   0.0  2589  3582     1  1054     1  1054 0.93 <unknown description>
215213at5125_1331945_0:002b01|MRCU01000005.1:2114171-2117477|+ -           1086 215213               -           4382         0 1206.6   4.6   1   1         0         0 1206.3   4.6  3426  4378     2  1022     1  1026 0.90 <unknown description>
#
# Program:         hmmsearch
# Version:         3.4 (Aug 2023)
# Pipeline mode:   SEARCH
# Query file:      /home/arafat/busco_downloads/lineages/hypocreales_odb12.2/hmms/215213at5125.hmm
# Target file:     /home/arafat/Foxy_SIX_Evolution/results/busco/GCA_003615085.1/run_hypocreales_odb12.2/miniprot_output/translated_proteins/215213at5125.faa
# Option settings: hmmsearch --domtblout /home/arafat/Foxy_SIX_Evolution/results/busco/GCA_003615085.1/run_hypocreales_odb12.2/hmmer_output/215213at5125.out --cpu 1 /home/arafat/busco_downloads/lineages/hypocreales_odb12.2/hmms/215213at5125.hmm /home/arafat/Foxy_SIX_Evolution/results/busco/GCA_003615085.1/run_hypocreales_odb12.2/miniprot_output/translated_proteins/215213at5125.faa 
# Current dir:     /home/arafat/Foxy_SIX_Evolution
# Date:            Thu Sep 24 13:59:01 2026
# [ok]
