#                                                                                                                  --- full sequence --- -------------- this domain -------------   hmm coord   ali coord   env coord
# target name                                              accession   tlen query name           accession   qlen   E-value  score  bias   #  of  c-Evalue  i-Evalue  score  bias  from    to  from    to  from    to  acc description of target
#                                      ------------------- ---------- ----- -------------------- ---------- ----- --------- ------ ----- --- --- --------- --------- ------ ----- ----- ----- ----- ----- ----- ----- ---- ---------------------
215782at5125_1080343_0:00109e|CM010805.1:1668080-1672620|- -           1440 215782               -           1383         0 2824.7   0.0   1   1         0         0 2824.5   0.0     1  1380     1  1397     1  1400 0.98 <unknown description>
215782at5125_1081102_0:000b30|CM010805.1:1661863-1672620|- -           1510 215782               -           1383         0 2824.5   0.0   1   1         0         0 2824.2   0.0     1  1380     1  1397     1  1400 0.98 <unknown description>
215782at5125_2874508_0:001bcc|CM010805.1:1668080-1671548|- -           1139 215782               -           1383         0 2243.0   0.0   1   1         0         0 2242.8   0.0   292  1380     1  1096     1  1099 0.99 <unknown description>
215782at5125_1567539_0:003615|CM010805.1:1669160-1671993|- -            926 215782               -           1383         0 1806.9   0.0   1   1         0         0 1806.7   0.0   165  1082     1   926     1   926 0.98 <unknown description>
215782at5125_96774_0:00002f|CM010805.1:1668080-1670810|-   -            893 215782               -           1383         0 1771.8   0.0   1   1         0         0 1771.6   0.0   539  1380     2   850     1   853 0.98 <unknown description>
215782at5125_1245745_0:0024fe|CM010805.1:1669788-1672620|- -            863 215782               -           1383         0 1558.2   0.0   1   1         0         0 1558.0   0.0     1   835     1   845     1   848 0.97 <unknown description>
215782at5125_1399860_0:001b07|CM010805.1:1668092-1670102|- -            653 215782               -           1383         0 1350.2   0.0   1   1         0         0 1350.0   0.0   768  1380     1   614     1   617 0.99 <unknown description>
215782at5125_96774_0:0008dc|CM010805.1:1670855-1672620|-   -            533 215782               -           1383  7.2e-303  996.6   5.2   1   1  8.1e-303  8.1e-303  996.4   5.2     1   523     1   533     1   533 0.97 <unknown description>
215782at5125_2004951_0:000a19|CM010805.1:1668080-1669448|- -            416 215782               -           1383  1.5e-243  800.1   0.7   1   2  1.1e-196  1.1e-196  644.8   0.2   986  1268     1   283     1   284 0.99 <unknown description>
215782at5125_2004951_0:000a19|CM010805.1:1668080-1669448|- -            416 215782               -           1383  1.5e-243  800.1   0.7   2   2   7.8e-49   7.8e-49  154.9   0.0  1292  1380   284   373   283   376 0.96 <unknown description>
#
# Program:         hmmsearch
# Version:         3.4 (Aug 2023)
# Pipeline mode:   SEARCH
# Query file:      /home/arafat/busco_downloads/lineages/hypocreales_odb12.2/hmms/215782at5125.hmm
# Target file:     /home/arafat/Foxy_SIX_Evolution/results/busco/GCA_003615085.1/run_hypocreales_odb12.2/miniprot_output/translated_proteins/215782at5125.faa
# Option settings: hmmsearch --domtblout /home/arafat/Foxy_SIX_Evolution/results/busco/GCA_003615085.1/run_hypocreales_odb12.2/hmmer_output/215782at5125.out --cpu 1 /home/arafat/busco_downloads/lineages/hypocreales_odb12.2/hmms/215782at5125.hmm /home/arafat/Foxy_SIX_Evolution/results/busco/GCA_003615085.1/run_hypocreales_odb12.2/miniprot_output/translated_proteins/215782at5125.faa 
# Current dir:     /home/arafat/Foxy_SIX_Evolution
# Date:            Thu Sep 24 13:59:12 2026
# [ok]
