#                                                                                                                  --- full sequence --- -------------- this domain -------------   hmm coord   ali coord   env coord
# target name                                              accession   tlen query name           accession   qlen   E-value  score  bias   #  of  c-Evalue  i-Evalue  score  bias  from    to  from    to  from    to  acc description of target
#                                      ------------------- ---------- ----- -------------------- ---------- ----- --------- ------ ----- --- --- --------- --------- ------ ----- ----- ----- ----- ----- ----- ----- ---- ---------------------
215967at5125_1089448_0:000d41|CM010803.1:2164811-2165882|+ -            342 215967               -            335  3.6e-225  735.2   0.1   1   1  4.1e-225  4.1e-225  735.0   0.1     1   335     3   341     3   341 0.98 <unknown description>
215967at5125_1081102_0:000664|CM010803.1:2164814-2170375|+ -            351 215967               -            335  5.3e-225  734.7   0.1   1   1    6e-225    6e-225  734.5   0.1     1   335     2   340     2   340 0.98 <unknown description>
215967at5125_1245745_0:000e6c|CM010803.1:2156677-2165882|+ -            409 215967               -            335  6.3e-225  734.4   0.1   1   1  8.1e-225  8.1e-225  734.1   0.1     1   335    70   408    70   408 0.98 <unknown description>
215967at5125_63577_0:001362|CM010803.1:2165177-2165882|+   -            220 215967               -            335  4.1e-147  478.6   0.3   1   1  4.6e-147  4.6e-147  478.5   0.3   117   335     1   219     1   219 1.00 <unknown description>
215967at5125_2364996_0:003896|CM010803.1:2164811-2165477|+ -            207 215967               -            335    9e-133  431.5   0.4   1   1    1e-132    1e-132  431.3   0.4     1   201     3   207     3   207 0.96 <unknown description>
215967at5125_93591_0:0000f7|CM010803.1:2165345-2165882|+   -            180 215967               -            335  1.6e-119  387.9   0.3   1   1  1.8e-119  1.8e-119  387.8   0.3   157   335     1   179     1   179 1.00 <unknown description>
215967at5125_468837_0:002b5b|CM010803.1:2165492-2165882|+  -            131 215967               -            335   1.7e-85  276.1   1.6   1   1   1.8e-85   1.8e-85  275.9   1.6   206   335     1   130     1   130 0.99 <unknown description>
215967at5125_2559225_0:001f56|CM010803.1:2164811-2165201|+ -            131 215967               -            335   1.1e-80  260.2   0.4   1   1   1.2e-80   1.2e-80  260.1   0.4     1   125     3   131     3   131 0.94 <unknown description>
215967at5125_1294629_0:001f31|CM010803.1:2164811-2165114|+ -            102 215967               -            335   6.6e-70  224.8   0.1   1   1   7.3e-70   7.3e-70  224.7   0.1     1   100     3   102     3   102 0.99 <unknown description>
#
# Program:         hmmsearch
# Version:         3.4 (Aug 2023)
# Pipeline mode:   SEARCH
# Query file:      /home/arafat/busco_downloads/lineages/hypocreales_odb12.2/hmms/215967at5125.hmm
# Target file:     /home/arafat/Foxy_SIX_Evolution/results/busco/GCA_003615085.1/run_hypocreales_odb12.2/miniprot_output/translated_proteins/215967at5125.faa
# Option settings: hmmsearch --domtblout /home/arafat/Foxy_SIX_Evolution/results/busco/GCA_003615085.1/run_hypocreales_odb12.2/hmmer_output/215967at5125.out --cpu 1 /home/arafat/busco_downloads/lineages/hypocreales_odb12.2/hmms/215967at5125.hmm /home/arafat/Foxy_SIX_Evolution/results/busco/GCA_003615085.1/run_hypocreales_odb12.2/miniprot_output/translated_proteins/215967at5125.faa 
# Current dir:     /home/arafat/Foxy_SIX_Evolution
# Date:            Thu Sep 24 13:59:16 2026
# [ok]
