#                                                                                                                  --- full sequence --- -------------- this domain -------------   hmm coord   ali coord   env coord
# target name                                              accession   tlen query name           accession   qlen   E-value  score  bias   #  of  c-Evalue  i-Evalue  score  bias  from    to  from    to  from    to  acc description of target
#                                      ------------------- ---------- ----- -------------------- ---------- ----- --------- ------ ----- --- --- --------- --------- ------ ----- ----- ----- ----- ----- ----- ----- ---- ---------------------
216153at5125_1089448_0:0021cd|CM010804.1:1771240-1774225|+ -            996 216153               -            838         0 1482.1   0.3   1   2         0         0 1472.9   0.0     2   782     8   832     7   864 0.93 <unknown description>
216153at5125_1089448_0:0021cd|CM010804.1:1771240-1774225|+ -            996 216153               -            838         0 1482.1   0.3   2   2   0.00041   0.00041    6.9   0.3   781   820   877   925   845   958 0.70 <unknown description>
216153at5125_5507_5:002c44|CM010804.1:1771039-1774774|+    -           1160 216153               -            838         0 1481.1   0.2   1   2         0         0 1472.1   0.0     2   782    75   899    74   931 0.93 <unknown description>
216153at5125_5507_5:002c44|CM010804.1:1771039-1774774|+    -           1160 216153               -            838         0 1481.1   0.2   2   2   0.00049   0.00049    6.6   0.3   781   820   944   992   912  1025 0.70 <unknown description>
216153at5125_2039874_0:00081b|CM010804.1:1771258-1773562|+ -            769 216153               -            838         0 1439.9   0.1   1   1         0         0 1439.7   0.1     2   738     2   768     1   769 0.95 <unknown description>
216153at5125_595255_0:001e18|CM010804.1:1772260-1774219|+  -            654 216153               -            838  7.4e-231  757.0   0.1   1   2  9.5e-228  9.5e-228  746.7   0.0   331   782     1   492     1   527 0.90 <unknown description>
216153at5125_595255_0:001e18|CM010804.1:1772260-1774219|+  -            654 216153               -            838  7.4e-231  757.0   0.1   2   2   0.00025   0.00025    7.6   0.4   781   820   537   585   504   618 0.69 <unknown description>
216153at5125_595255_0:00189e|CM010804.1:1771240-1772266|+  -            343 216153               -            838    1e-216  710.2   0.7   1   1  1.2e-216  1.2e-216  710.0   0.7     2   333     8   343     7   343 0.97 <unknown description>
#
# Program:         hmmsearch
# Version:         3.4 (Aug 2023)
# Pipeline mode:   SEARCH
# Query file:      /home/arafat/busco_downloads/lineages/hypocreales_odb12.2/hmms/216153at5125.hmm
# Target file:     /home/arafat/Foxy_SIX_Evolution/results/busco/GCA_003615085.1/run_hypocreales_odb12.2/miniprot_output/translated_proteins/216153at5125.faa
# Option settings: hmmsearch --domtblout /home/arafat/Foxy_SIX_Evolution/results/busco/GCA_003615085.1/run_hypocreales_odb12.2/hmmer_output/216153at5125.out --cpu 1 /home/arafat/busco_downloads/lineages/hypocreales_odb12.2/hmms/216153at5125.hmm /home/arafat/Foxy_SIX_Evolution/results/busco/GCA_003615085.1/run_hypocreales_odb12.2/miniprot_output/translated_proteins/216153at5125.faa 
# Current dir:     /home/arafat/Foxy_SIX_Evolution
# Date:            Thu Sep 24 13:59:19 2026
# [ok]
