#                                                                                                                  --- full sequence --- -------------- this domain -------------   hmm coord   ali coord   env coord
# target name                                              accession   tlen query name           accession   qlen   E-value  score  bias   #  of  c-Evalue  i-Evalue  score  bias  from    to  from    to  from    to  acc description of target
#                                      ------------------- ---------- ----- -------------------- ---------- ----- --------- ------ ----- --- --- --------- --------- ------ ----- ----- ----- ----- ----- ----- ----- ---- ---------------------
216230at5125_396571_0:0017d9|CM010802.1:1763001-1765509|+  -            837 216230               -            729         0 1272.7   5.3   1   2  5.6e-245  5.6e-245  803.5   0.1     2   495     8   533     7   542 0.93 <unknown description>
216230at5125_396571_0:0017d9|CM010802.1:1763001-1765509|+  -            837 216230               -            729         0 1272.7   5.3   2   2  3.9e-144  3.9e-144  470.1   1.4   487   729   581   836   534   836 0.87 <unknown description>
216230at5125_57161_0:00440a|CM010802.1:1763001-1764855|+   -            619 216230               -            729  1.9e-257  844.7   2.1   1   2  2.3e-245  2.3e-245  804.7   0.2     2   495     8   533     7   540 0.93 <unknown description>
216230at5125_57161_0:00440a|CM010802.1:1763001-1764855|+   -            619 216230               -            729  1.9e-257  844.7   2.1   2   2   1.1e-13   1.1e-13   38.8   0.1   487   524   581   618   532   619 0.72 <unknown description>
216230at5125_2773459_0:000cee|CM010802.1:1763949-1765509|+ -            521 216230               -            729    4e-243  797.4   5.7   1   2  3.7e-101  3.7e-101  328.0   0.1   302   495    24   217    16   225 0.96 <unknown description>
216230at5125_2773459_0:000cee|CM010802.1:1763949-1765509|+ -            521 216230               -            729    4e-243  797.4   5.7   2   2  1.7e-144  1.7e-144  471.3   1.8   487   729   265   520   218   520 0.87 <unknown description>
216230at5125_86546_0:002b50|CM010802.1:1763001-1764357|+   -            453 216230               -            729  3.7e-208  681.7   0.2   1   1  1.3e-207  1.3e-207  679.9   0.2     2   415     8   453     7   453 0.92 <unknown description>
216230at5125_2773459_0:002e83|CM010802.1:1763001-1764024|+ -            342 216230               -            729  5.8e-147  479.4   0.0   1   1    7e-147    7e-147  479.2   0.0     2   307     8   328     7   338 0.92 <unknown description>
216230at5125_2004951_0:0004f2|CM010802.1:1763001-1763748|+ -            250 216230               -            729    3e-103  334.9   0.1   1   1  3.4e-103  3.4e-103  334.7   0.1     2   229     8   250     7   250 0.92 <unknown description>
#
# Program:         hmmsearch
# Version:         3.4 (Aug 2023)
# Pipeline mode:   SEARCH
# Query file:      /home/arafat/busco_downloads/lineages/hypocreales_odb12.2/hmms/216230at5125.hmm
# Target file:     /home/arafat/Foxy_SIX_Evolution/results/busco/GCA_003615085.1/run_hypocreales_odb12.2/miniprot_output/translated_proteins/216230at5125.faa
# Option settings: hmmsearch --domtblout /home/arafat/Foxy_SIX_Evolution/results/busco/GCA_003615085.1/run_hypocreales_odb12.2/hmmer_output/216230at5125.out --cpu 1 /home/arafat/busco_downloads/lineages/hypocreales_odb12.2/hmms/216230at5125.hmm /home/arafat/Foxy_SIX_Evolution/results/busco/GCA_003615085.1/run_hypocreales_odb12.2/miniprot_output/translated_proteins/216230at5125.faa 
# Current dir:     /home/arafat/Foxy_SIX_Evolution
# Date:            Thu Sep 24 13:58:44 2026
# [ok]
