#                                                                                                                  --- full sequence --- -------------- this domain -------------   hmm coord   ali coord   env coord
# target name                                              accession   tlen query name           accession   qlen   E-value  score  bias   #  of  c-Evalue  i-Evalue  score  bias  from    to  from    to  from    to  acc description of target
#                                      ------------------- ---------- ----- -------------------- ---------- ----- --------- ------ ----- --- --- --------- --------- ------ ----- ----- ----- ----- ----- ----- ----- ---- ---------------------
216385at5125_1042311_0:00216a|CM010803.1:3248655-3251264|+ -            412 216385               -            393  8.8e-214  699.3   0.4   1   1  8.3e-214    1e-213  699.0   0.4     1   392     1   393     1   394 0.97 <unknown description>
216385at5125_1080343_0:001e12|CM010803.1:3248592-3249893|+ -            417 216385               -            393  1.3e-213  698.7   0.3   1   1  1.2e-213  1.5e-213  698.5   0.3     1   391    22   413    22   415 0.97 <unknown description>
216385at5125_452589_0:001485|CM010803.1:3248655-3255095|+  -            430 216385               -            393  1.5e-213  698.5   0.3   1   1  1.4e-213  1.7e-213  698.3   0.3     1   391     1   392     1   394 0.97 <unknown description>
216385at5125_1294630_0:000be5|CM010803.1:3237135-3249890|+ -            473 216385               -            393  1.9e-213  698.1   0.3   1   1    2e-213  2.4e-213  697.8   0.3     1   391    79   470    79   472 0.97 <unknown description>
216385at5125_45235_0:000122|CM010803.1:3246576-3251751|+   -            841 216385               -            393  3.4e-205  671.0   8.8   1   1  6.4e-203  7.8e-203  663.2   8.8     1   391   410   818   410   820 0.95 <unknown description>
216385at5125_58853_0:000451|CM010803.1:3248934-3249884|+   -            300 216385               -            393  1.2e-188  616.5   1.5   1   1  1.1e-188  1.4e-188  616.3   1.5    94   391     2   299     1   300 0.99 <unknown description>
216385at5125_2885761_0:002c57|CM010803.1:3248655-3249418|+ -            255 216385               -            393  8.3e-111  360.2   0.2   1   1  8.3e-111    1e-110  359.9   0.2     1   231     1   232     1   236 0.95 <unknown description>
216385at5125_123648_0:001622|CM010803.1:3248802-3249345|+  -            182 216385               -            393   3.6e-92  298.9   0.1   1   1   3.3e-92     4e-92  298.7   0.1    51   230     1   182     1   182 0.94 <unknown description>
216385at5125_2885761_0:002cde|CM010803.1:3249500-3249893|+ -            132 216385               -            393   3.3e-74  239.7   4.3   1   1     3e-74   3.7e-74  239.6   4.3   264   391     1   128     1   130 0.99 <unknown description>
#
# Program:         hmmsearch
# Version:         3.4 (Aug 2023)
# Pipeline mode:   SEARCH
# Query file:      /home/arafat/busco_downloads/lineages/hypocreales_odb12.2/hmms/216385at5125.hmm
# Target file:     /home/arafat/Foxy_SIX_Evolution/results/busco/GCA_003615085.1/run_hypocreales_odb12.2/miniprot_output/translated_proteins/216385at5125.faa
# Option settings: hmmsearch --domtblout /home/arafat/Foxy_SIX_Evolution/results/busco/GCA_003615085.1/run_hypocreales_odb12.2/hmmer_output/216385at5125.out --cpu 1 /home/arafat/busco_downloads/lineages/hypocreales_odb12.2/hmms/216385at5125.hmm /home/arafat/Foxy_SIX_Evolution/results/busco/GCA_003615085.1/run_hypocreales_odb12.2/miniprot_output/translated_proteins/216385at5125.faa 
# Current dir:     /home/arafat/Foxy_SIX_Evolution
# Date:            Thu Sep 24 13:58:48 2026
# [ok]
