#                                                                                                                --- full sequence --- -------------- this domain -------------   hmm coord   ali coord   env coord
# target name                                            accession   tlen query name           accession   qlen   E-value  score  bias   #  of  c-Evalue  i-Evalue  score  bias  from    to  from    to  from    to  acc description of target
#                                    ------------------- ---------- ----- -------------------- ---------- ----- --------- ------ ----- --- --- --------- --------- ------ ----- ----- ----- ----- ----- ----- ----- ---- ---------------------
216819at5125_396571_0:002717|CM010804.1:540852-542654|+  -            583 216819               -            540  7.3e-286  937.6   8.4   1   1  4.5e-285  4.5e-285  935.0   8.4     1   534     1   566     1   570 0.95 <unknown description>
216819at5125_1283841_0:000a08|CM010804.1:537313-542654|+ -            633 216819               -            540    1e-285  937.1   8.4   1   1  6.1e-285  6.1e-285  934.6   8.4     1   534    51   616    51   620 0.95 <unknown description>
216819at5125_1859967_0:0026f2|CM010804.1:539790-542654|+ -            852 216819               -            540  2.9e-285  935.7   8.2   1   1  1.4e-284  1.4e-284  933.4   8.2     1   534   270   835   270   839 0.95 <unknown description>
216819at5125_485398_0:003d11|CM010804.1:541526-542654|+  -            348 216819               -            540  1.5e-166  543.9   5.7   1   1  1.9e-166  1.9e-166  543.5   5.7   200   534     1   331     1   335 0.97 <unknown description>
216819at5125_62069_0:001bd4|CM010804.1:540852-541892|+   -            329 216819               -            540  3.1e-165  539.5   2.8   1   1  3.5e-165  3.5e-165  539.3   2.8     1   315     1   329     1   329 0.95 <unknown description>
216819at5125_5507_2:001ff2|CM010804.1:541493-542392|+    -            300 216819               -            540  5.9e-102  330.7   6.5   1   1  5.9e-101  5.9e-101  327.3   6.5   189   432     1   269     1   292 0.90 <unknown description>
216819at5125_48865_0:002207|CM010804.1:542222-542654|+   -            145 216819               -            540   1.5e-82  266.6   4.5   1   1   1.8e-82   1.8e-82  266.4   4.5   407   534     1   128     1   132 0.98 <unknown description>
#
# Program:         hmmsearch
# Version:         3.4 (Aug 2023)
# Pipeline mode:   SEARCH
# Query file:      /home/arafat/busco_downloads/lineages/hypocreales_odb12.2/hmms/216819at5125.hmm
# Target file:     /home/arafat/Foxy_SIX_Evolution/results/busco/GCA_003615085.1/run_hypocreales_odb12.2/miniprot_output/translated_proteins/216819at5125.faa
# Option settings: hmmsearch --domtblout /home/arafat/Foxy_SIX_Evolution/results/busco/GCA_003615085.1/run_hypocreales_odb12.2/hmmer_output/216819at5125.out --cpu 1 /home/arafat/busco_downloads/lineages/hypocreales_odb12.2/hmms/216819at5125.hmm /home/arafat/Foxy_SIX_Evolution/results/busco/GCA_003615085.1/run_hypocreales_odb12.2/miniprot_output/translated_proteins/216819at5125.faa 
# Current dir:     /home/arafat/Foxy_SIX_Evolution
# Date:            Thu Sep 24 13:58:55 2026
# [ok]
