#                                                                                                                      --- full sequence --- -------------- this domain -------------   hmm coord   ali coord   env coord
# target name                                                  accession   tlen query name           accession   qlen   E-value  score  bias   #  of  c-Evalue  i-Evalue  score  bias  from    to  from    to  from    to  acc description of target
#                                          ------------------- ---------- ----- -------------------- ---------- ----- --------- ------ ----- --- --- --------- --------- ------ ----- ----- ----- ----- ----- ----- ----- ---- ---------------------
217021at5125_5046_0:000725|MRCU01000005.1:2687045-2693081|-    -            460 217021               -            375  2.5e-202  660.9   1.5   1   1    1e-201    1e-201  658.8   1.5     5   375    52   458    48   458 0.91 <unknown description>
217021at5125_5507_5:002320|MRCU01000005.1:2687045-2688413|-    -            424 217021               -            375  1.9e-193  631.6   0.0   1   1  2.4e-193  2.4e-193  631.3   0.0     5   375    33   422    29   422 0.90 <unknown description>
217021at5125_1330021_0:000987|MRCU01000005.1:2687045-2688138|- -            365 217021               -            375  2.7e-176  575.2   2.9   1   2  1.4e-107  1.4e-107  349.0   0.0    50   276     2   248     1   252 0.86 <unknown description>
217021at5125_1330021_0:000987|MRCU01000005.1:2687045-2688138|- -            365 217021               -            375  2.7e-176  575.2   2.9   2   2     2e-69     2e-69  223.4   3.8   273   375   261   363   255   363 0.98 <unknown description>
217021at5125_2885761_0:00275d|MRCU01000005.1:2687370-2688377|- -            321 217021               -            375  3.5e-135  439.9   0.0   1   1  4.7e-135  4.7e-135  439.4   0.0     5   276    21   312    17   315 0.88 <unknown description>
217021at5125_2004951_0:002a8e|MRCU01000005.1:2687045-2687538|- -            165 217021               -            375   4.1e-84  271.8   5.9   1   1   2.9e-83   2.9e-83  269.0   5.9   237   375     9   163     1   163 0.95 <unknown description>
217021at5125_2004951_0:002287|MRCU01000005.1:2687717-2688234|- -            156 217021               -            375   2.8e-83  269.0   0.0   1   1   3.2e-83   3.2e-83  268.8   0.0    17   165     1   151     1   154 0.95 <unknown description>
217021at5125_93591_0:001185|MRCU01000005.1:2687045-2687357|-   -            105 217021               -            375   1.4e-70  227.2   4.0   1   1   1.6e-70   1.6e-70  227.1   4.0   273   375     1   103     1   103 0.99 <unknown description>
217021at5125_2885761_0:002798|MRCU01000005.1:2687045-2687237|- -             65 217021               -            375     1e-40  128.9   3.1   1   1   1.1e-40   1.1e-40  128.8   3.1   313   375     1    63     1    63 0.99 <unknown description>
#
# Program:         hmmsearch
# Version:         3.4 (Aug 2023)
# Pipeline mode:   SEARCH
# Query file:      /home/arafat/busco_downloads/lineages/hypocreales_odb12.2/hmms/217021at5125.hmm
# Target file:     /home/arafat/Foxy_SIX_Evolution/results/busco/GCA_003615085.1/run_hypocreales_odb12.2/miniprot_output/translated_proteins/217021at5125.faa
# Option settings: hmmsearch --domtblout /home/arafat/Foxy_SIX_Evolution/results/busco/GCA_003615085.1/run_hypocreales_odb12.2/hmmer_output/217021at5125.out --cpu 1 /home/arafat/busco_downloads/lineages/hypocreales_odb12.2/hmms/217021at5125.hmm /home/arafat/Foxy_SIX_Evolution/results/busco/GCA_003615085.1/run_hypocreales_odb12.2/miniprot_output/translated_proteins/217021at5125.faa 
# Current dir:     /home/arafat/Foxy_SIX_Evolution
# Date:            Thu Sep 24 13:59:00 2026
# [ok]
