#                                                                                                                --- full sequence --- -------------- this domain -------------   hmm coord   ali coord   env coord
# target name                                            accession   tlen query name           accession   qlen   E-value  score  bias   #  of  c-Evalue  i-Evalue  score  bias  from    to  from    to  from    to  acc description of target
#                                    ------------------- ---------- ----- -------------------- ---------- ----- --------- ------ ----- --- --- --------- --------- ------ ----- ----- ----- ----- ----- ----- ----- ---- ---------------------
217156at5125_1089448_0:0013e4|CM010806.1:814342-816995|+ -            870 217156               -            894         0 1455.8  25.9   1   1         0         0 1455.6  25.9     3   893     3   868     1   869 0.94 <unknown description>
217156at5125_48865_0:000f74|CM010806.1:815164-816995|+   -            596 217156               -            894         0 1129.8  14.4   1   1         0         0 1129.7  14.4   289   893     1   594     1   595 0.94 <unknown description>
217156at5125_45235_0:001aa7|CM010806.1:815560-816986|+   -            476 217156               -            894  3.1e-307 1010.9   4.6   1   1  4.3e-307  4.3e-307 1010.5   4.6   429   891     1   475     1   476 0.97 <unknown description>
217156at5125_57161_0:00303b|CM010806.1:814342-816194|+   -            603 217156               -            894  4.4e-267  878.1  23.0   1   1  4.9e-267  4.9e-267  877.9  23.0     3   624     3   603     1   603 0.93 <unknown description>
217156at5125_2559231_0:00186f|CM010806.1:816215-816995|+ -            261 217156               -            894  1.8e-162  531.9   4.4   1   1    2e-162    2e-162  531.8   4.4   631   893     1   259     1   260 0.96 <unknown description>
217156at5125_150374_0:0007d3|CM010806.1:816533-816962|+  -            144 217156               -            894  1.4e-103  337.0   4.8   1   1  1.5e-103  1.5e-103  336.9   4.8   744   884     5   144     1   144 0.96 <unknown description>
217156at5125_1399860_1:000b6e|CM010806.1:815518-816019|+ -            168 217156               -            894  9.6e-103  334.3   1.5   1   1  1.1e-102  1.1e-102  334.0   1.5   416   577     2   164     1   167 0.98 <unknown description>
217156at5125_48865_0:000ef0|CM010806.1:814342-815086|+   -            249 217156               -            894   3.8e-88  286.0  10.3   1   1   4.1e-88   4.1e-88  285.9  10.3     3   258     3   246     1   249 0.91 <unknown description>
#
# Program:         hmmsearch
# Version:         3.4 (Aug 2023)
# Pipeline mode:   SEARCH
# Query file:      /home/arafat/busco_downloads/lineages/hypocreales_odb12.2/hmms/217156at5125.hmm
# Target file:     /home/arafat/Foxy_SIX_Evolution/results/busco/GCA_003615085.1/run_hypocreales_odb12.2/miniprot_output/translated_proteins/217156at5125.faa
# Option settings: hmmsearch --domtblout /home/arafat/Foxy_SIX_Evolution/results/busco/GCA_003615085.1/run_hypocreales_odb12.2/hmmer_output/217156at5125.out --cpu 1 /home/arafat/busco_downloads/lineages/hypocreales_odb12.2/hmms/217156at5125.hmm /home/arafat/Foxy_SIX_Evolution/results/busco/GCA_003615085.1/run_hypocreales_odb12.2/miniprot_output/translated_proteins/217156at5125.faa 
# Current dir:     /home/arafat/Foxy_SIX_Evolution
# Date:            Thu Sep 24 13:59:02 2026
# [ok]
