#                                                                                                                      --- full sequence --- -------------- this domain -------------   hmm coord   ali coord   env coord
# target name                                                  accession   tlen query name           accession   qlen   E-value  score  bias   #  of  c-Evalue  i-Evalue  score  bias  from    to  from    to  from    to  acc description of target
#                                          ------------------- ---------- ----- -------------------- ---------- ----- --------- ------ ----- --- --- --------- --------- ------ ----- ----- ----- ----- ----- ----- ----- ---- ---------------------
217259at5125_327505_0:000de4|MRCU01000005.1:3305239-3306580|-  -            412 217259               -            367  3.6e-216  705.7   0.0   1   1  4.8e-216  4.8e-216  705.3   0.0     9   367    31   411    15   411 0.90 <unknown description>
217259at5125_1247861_0:000298|MRCU01000005.1:3303279-3306404|- -            847 217259               -            367  1.1e-207  677.8   0.0   1   1  1.8e-207  1.8e-207  677.1   0.0    18   360     1   365     1   368 0.93 <unknown description>
217259at5125_2004951_0:00121c|MRCU01000005.1:3305239-3305996|- -            237 217259               -            367  2.9e-162  528.3   1.4   1   1  3.3e-162  3.3e-162  528.2   1.4   132   367     1   236     1   236 1.00 <unknown description>
217259at5125_123648_0:001854|MRCU01000005.1:3304075-3306586|-  -            287 217259               -            367  7.6e-117  378.9   0.0   1   1  1.2e-116  1.2e-116  378.3   0.0     9   234    33   280    17   283 0.85 <unknown description>
217259at5125_2559224_0:001512|MRCU01000005.1:3297254-3306404|- -            263 217259               -            367  1.5e-115  374.7   0.0   1   1  2.2e-115  2.2e-115  374.1   0.0    18   236     1   241     1   244 0.89 <unknown description>
217259at5125_2559221_0:001a39|MRCU01000005.1:3305681-3306404|- -            242 217259               -            367  3.2e-115  373.6   0.0   1   1  4.5e-115  4.5e-115  373.1   0.0    18   234     1   239     1   241 0.89 <unknown description>
217259at5125_123648_0:001d97|MRCU01000005.1:3305239-3305638|-  -            134 217259               -            367   1.5e-95  308.8   0.4   1   1   1.7e-95   1.7e-95  308.7   0.4   235   367     1   133     1   133 1.00 <unknown description>
#
# Program:         hmmsearch
# Version:         3.4 (Aug 2023)
# Pipeline mode:   SEARCH
# Query file:      /home/arafat/busco_downloads/lineages/hypocreales_odb12.2/hmms/217259at5125.hmm
# Target file:     /home/arafat/Foxy_SIX_Evolution/results/busco/GCA_003615085.1/run_hypocreales_odb12.2/miniprot_output/translated_proteins/217259at5125.faa
# Option settings: hmmsearch --domtblout /home/arafat/Foxy_SIX_Evolution/results/busco/GCA_003615085.1/run_hypocreales_odb12.2/hmmer_output/217259at5125.out --cpu 1 /home/arafat/busco_downloads/lineages/hypocreales_odb12.2/hmms/217259at5125.hmm /home/arafat/Foxy_SIX_Evolution/results/busco/GCA_003615085.1/run_hypocreales_odb12.2/miniprot_output/translated_proteins/217259at5125.faa 
# Current dir:     /home/arafat/Foxy_SIX_Evolution
# Date:            Thu Sep 24 13:59:04 2026
# [ok]
