#                                                                                                                  --- full sequence --- -------------- this domain -------------   hmm coord   ali coord   env coord
# target name                                              accession   tlen query name           accession   qlen   E-value  score  bias   #  of  c-Evalue  i-Evalue  score  bias  from    to  from    to  from    to  acc description of target
#                                      ------------------- ---------- ----- -------------------- ---------- ----- --------- ------ ----- --- --- --------- --------- ------ ----- ----- ----- ----- ----- ----- ----- ---- ---------------------
217390at5125_1080343_0:000811|CM010802.1:2217103-2220859|- -           1210 217390               -            888         0 1351.1  36.3   1   4         0         0 1250.0  14.2     5   676    21   748    17   756 0.91 <unknown description>
217390at5125_1080343_0:000811|CM010802.1:2217103-2220859|- -           1210 217390               -            888         0 1351.1  36.3   2   4   3.1e-05   3.1e-05   10.3   0.9   686   733   823   870   805   896 0.70 <unknown description>
217390at5125_1080343_0:000811|CM010802.1:2217103-2220859|- -           1210 217390               -            888         0 1351.1  36.3   3   4   0.00014   0.00014    8.2   0.5   709   757   908   956   867   978 0.72 <unknown description>
217390at5125_1080343_0:000811|CM010802.1:2217103-2220859|- -           1210 217390               -            888         0 1351.1  36.3   4   4     3e-29     3e-29   89.8   2.0   764   888  1037  1209   986  1209 0.72 <unknown description>
217390at5125_2231603_0:000c63|CM010802.1:2217103-2222198|- -           1221 217390               -            888         0 1351.0  36.3   1   4         0         0 1249.9  14.2     5   676    32   759    28   767 0.91 <unknown description>
217390at5125_2231603_0:000c63|CM010802.1:2217103-2222198|- -           1221 217390               -            888         0 1351.0  36.3   2   4   3.1e-05   3.1e-05   10.3   0.9   686   733   834   881   816   907 0.70 <unknown description>
217390at5125_2231603_0:000c63|CM010802.1:2217103-2222198|- -           1221 217390               -            888         0 1351.0  36.3   3   4   0.00014   0.00014    8.2   0.5   709   757   919   967   878   989 0.72 <unknown description>
217390at5125_2231603_0:000c63|CM010802.1:2217103-2222198|- -           1221 217390               -            888         0 1351.0  36.3   4   4     3e-29     3e-29   89.8   2.0   764   888  1048  1220   997  1220 0.72 <unknown description>
217390at5125_334819_0:001089|CM010802.1:2218301-2220859|-  -            810 217390               -            888         0 1259.2  14.5   1   1         0         0 1251.6  14.5     5   676    21   748    17   756 0.91 <unknown description>
217390at5125_101201_0:0000b5|CM010802.1:2219035-2220859|-  -            566 217390               -            888         0 1025.8   0.0   1   1         0         0 1025.5   0.0     5   531    21   566    17   566 0.95 <unknown description>
#
# Program:         hmmsearch
# Version:         3.4 (Aug 2023)
# Pipeline mode:   SEARCH
# Query file:      /home/arafat/busco_downloads/lineages/hypocreales_odb12.2/hmms/217390at5125.hmm
# Target file:     /home/arafat/Foxy_SIX_Evolution/results/busco/GCA_003615085.1/run_hypocreales_odb12.2/miniprot_output/translated_proteins/217390at5125.faa
# Option settings: hmmsearch --domtblout /home/arafat/Foxy_SIX_Evolution/results/busco/GCA_003615085.1/run_hypocreales_odb12.2/hmmer_output/217390at5125.out --cpu 1 /home/arafat/busco_downloads/lineages/hypocreales_odb12.2/hmms/217390at5125.hmm /home/arafat/Foxy_SIX_Evolution/results/busco/GCA_003615085.1/run_hypocreales_odb12.2/miniprot_output/translated_proteins/217390at5125.faa 
# Current dir:     /home/arafat/Foxy_SIX_Evolution
# Date:            Thu Sep 24 13:59:06 2026
# [ok]
