#                                                                                                                      --- full sequence --- -------------- this domain -------------   hmm coord   ali coord   env coord
# target name                                                  accession   tlen query name           accession   qlen   E-value  score  bias   #  of  c-Evalue  i-Evalue  score  bias  from    to  from    to  from    to  acc description of target
#                                          ------------------- ---------- ----- -------------------- ---------- ----- --------- ------ ----- --- --- --------- --------- ------ ----- ----- ----- ----- ----- ----- ----- ---- ---------------------
217689at5125_2686198_0:001ee9|MRCU01000005.1:3900890-3912266|+ -            869 217689               -            710         0 1269.8  14.0   1   2   5.3e-75   5.3e-75  243.2   0.4     5   151    94   240    87   248 0.94 <unknown description>
217689at5125_2686198_0:001ee9|MRCU01000005.1:3900890-3912266|+ -            869 217689               -            710         0 1269.8  14.0   2   2         0         0 1029.2   7.8   146   710   278   866   267   866 0.96 <unknown description>
217689at5125_42677_0:000917|MRCU01000005.1:3908048-3912266|+   -           1055 217689               -            710         0 1264.2  14.0   1   2     7e-75     7e-75  242.7   0.4     5   151   275   421   268   429 0.94 <unknown description>
217689at5125_42677_0:000917|MRCU01000005.1:3908048-3912266|+   -           1055 217689               -            710         0 1264.2  14.0   2   2         0         0 1024.1   7.8   146   710   459  1052   449  1052 0.96 <unknown description>
217689at5125_660025_0:002081|MRCU01000005.1:3908916-3912266|+  -            962 217689               -            710         0 1258.5  15.5   1   2   6.1e-75   6.1e-75  242.9   0.4     5   151   177   323   170   331 0.94 <unknown description>
217689at5125_660025_0:002081|MRCU01000005.1:3908916-3912266|+  -            962 217689               -            710         0 1258.5  15.5   2   2         0         0 1017.6   9.2   146   710   361   959   350   959 0.95 <unknown description>
217689at5125_36050_0:00211a|MRCU01000005.1:3909876-3912266|+   -            721 217689               -            710         0 1119.4  15.4   1   2   3.9e-32   3.9e-32  101.5   0.0    77   151     1    75     1    83 0.96 <unknown description>
217689at5125_36050_0:00211a|MRCU01000005.1:3909876-3912266|+   -            721 217689               -            710         0 1119.4  15.4   2   2  2.7e-306  2.7e-306 1007.7  13.3   146   710   113   718   101   718 0.94 <unknown description>
217689at5125_396571_0:000e5c|MRCU01000005.1:3910653-3912266|+  -            508 217689               -            710  2.7e-271  892.0   7.6   1   1  1.1e-270  1.1e-270  889.9   7.6   224   710     1   505     1   505 0.97 <unknown description>
217689at5125_78861_0:001ed7|MRCU01000005.1:3909399-3911467|+   -            522 217689               -            710  6.4e-199  652.8  11.3   1   3   2.2e-75   2.2e-75  244.4   0.4     5   151    88   234    81   242 0.94 <unknown description>
217689at5125_78861_0:001ed7|MRCU01000005.1:3909399-3911467|+   -            522 217689               -            710  6.4e-199  652.8  11.3   2   3   3.2e-33   3.2e-33  105.0   0.1   146   210   272   336   262   338 0.93 <unknown description>
217689at5125_78861_0:001ed7|MRCU01000005.1:3909399-3911467|+   -            522 217689               -            710  6.4e-199  652.8  11.3   3   3   4.6e-95   4.6e-95  309.5   1.6   282   455   338   513   336   517 0.97 <unknown description>
217689at5125_92637_0:00124e|MRCU01000005.1:3911289-3912266|+   -            311 217689               -            710  1.3e-166  546.0   2.6   1   1  7.4e-166  7.4e-166  543.5   2.6   419   710     1   308     1   308 0.97 <unknown description>
217689at5125_78861_0:001edb|MRCU01000005.1:3911567-3912266|+   -            234 217689               -            710  3.2e-130  425.7   0.9   1   1  3.6e-130  3.6e-130  425.5   0.9   480   710     1   231     1   231 1.00 <unknown description>
217689at5125_2004951_0:000711|MRCU01000005.1:3910617-3911489|+ -            261 217689               -            710  3.7e-130  425.5   3.2   1   1  4.3e-130  4.3e-130  425.2   3.2   212   454     1   245     1   251 0.98 <unknown description>
217689at5125_117187_0:000baa|MRCU01000005.1:3909657-3910492|+  -            263 217689               -            710    4e-108  352.6   2.6   1   2   1.4e-75   1.4e-75  245.0   0.4     6   151     3   148     1   157 0.97 <unknown description>
217689at5125_117187_0:000baa|MRCU01000005.1:3909657-3910492|+  -            263 217689               -            710    4e-108  352.6   2.6   2   2   4.3e-34   4.3e-34  107.9   0.1   146   213   186   253   173   261 0.90 <unknown description>
217689at5125_1089449_0:00125e|MRCU01000005.1:3909399-3910563|+ -            356 217689               -            710  6.7e-108  351.9   2.5   1   2   9.2e-76   9.2e-76  245.7   0.3     5   151    88   234    81   243 0.94 <unknown description>
217689at5125_1089449_0:00125e|MRCU01000005.1:3909399-3910563|+ -            356 217689               -            710  6.7e-108  351.9   2.5   2   2   1.3e-33   1.3e-33  106.4   0.1   146   210   272   336   260   349 0.90 <unknown description>
217689at5125_5544_1:0005e8|MRCU01000005.1:3911795-3912266|+    -            158 217689               -            710   1.8e-76  248.0   0.1   1   1     2e-76     2e-76  247.8   0.1   556   710     1   155     1   155 0.99 <unknown description>
217689at5125_2004951_0:000712|MRCU01000005.1:3909603-3910092|+ -            164 217689               -            710   5.9e-76  246.3   0.3   1   1   6.4e-76   6.4e-76  246.2   0.3     5   147    20   162    13   164 0.95 <unknown description>
217689at5125_72228_0:0010c0|MRCU01000005.1:3909444-3910092|+   -            217 217689               -            710   1.4e-75  245.0   0.3   1   1   1.6e-75   1.6e-75  244.8   0.3     5   147    73   215    66   217 0.95 <unknown description>
#
# Program:         hmmsearch
# Version:         3.4 (Aug 2023)
# Pipeline mode:   SEARCH
# Query file:      /home/arafat/busco_downloads/lineages/hypocreales_odb12.2/hmms/217689at5125.hmm
# Target file:     /home/arafat/Foxy_SIX_Evolution/results/busco/GCA_003615085.1/run_hypocreales_odb12.2/miniprot_output/translated_proteins/217689at5125.faa
# Option settings: hmmsearch --domtblout /home/arafat/Foxy_SIX_Evolution/results/busco/GCA_003615085.1/run_hypocreales_odb12.2/hmmer_output/217689at5125.out --cpu 1 /home/arafat/busco_downloads/lineages/hypocreales_odb12.2/hmms/217689at5125.hmm /home/arafat/Foxy_SIX_Evolution/results/busco/GCA_003615085.1/run_hypocreales_odb12.2/miniprot_output/translated_proteins/217689at5125.faa 
# Current dir:     /home/arafat/Foxy_SIX_Evolution
# Date:            Thu Sep 24 13:59:15 2026
# [ok]
