#                                                                                                                  --- full sequence --- -------------- this domain -------------   hmm coord   ali coord   env coord
# target name                                              accession   tlen query name           accession   qlen   E-value  score  bias   #  of  c-Evalue  i-Evalue  score  bias  from    to  from    to  from    to  acc description of target
#                                      ------------------- ---------- ----- -------------------- ---------- ----- --------- ------ ----- --- --- --------- --------- ------ ----- ----- ----- ----- ----- ----- ----- ---- ---------------------
217949at5125_1089449_0:00042e|CM010804.1:1812328-1813700|+ -            393 217949               -            283  2.9e-145  471.5   4.5   1   2   3.8e-05   3.8e-05   11.8   0.0     1    53    52   109    52   119 0.81 <unknown description>
217949at5125_1089449_0:00042e|CM010804.1:1812328-1813700|+ -            393 217949               -            283  2.9e-145  471.5   4.5   2   2  4.6e-141  4.6e-141  457.7   3.1    38   282   122   388   106   389 0.88 <unknown description>
217949at5125_2898082_0:00129d|CM010804.1:1810784-1813700|+ -            474 217949               -            283  4.9e-143  464.2   8.2   1   3      0.43      0.43   -1.5   0.1   253   273    40    60    33    69 0.80 <unknown description>
217949at5125_2898082_0:00129d|CM010804.1:1810784-1813700|+ -            474 217949               -            283  4.9e-143  464.2   8.2   2   3   0.00064   0.00064    7.7   0.0     4    53   136   190   133   199 0.75 <unknown description>
217949at5125_2898082_0:00129d|CM010804.1:1810784-1813700|+ -            474 217949               -            283  4.9e-143  464.2   8.2   3   3  4.6e-141  4.6e-141  457.7   2.3    39   282   204   469   188   470 0.88 <unknown description>
217949at5125_221167_0:001f7a|CM010804.1:1812707-1813700|+  -            296 217949               -            283  1.9e-142  462.3   2.9   1   1  1.2e-141  1.2e-141  459.6   2.9    37   282    24   291     2   292 0.88 <unknown description>
217949at5125_1081103_0:000430|CM010804.1:1812932-1813700|+ -            239 217949               -            283  4.1e-140  454.6   1.4   1   1    6e-140    6e-140  454.1   1.4    58   282     1   234     1   235 0.95 <unknown description>
217949at5125_2596975_0:0001f7|CM010804.1:1813265-1813700|+ -            146 217949               -            283   4.9e-95  306.7   3.2   1   1   5.9e-95   5.9e-95  306.4   3.2   142   282     1   141     1   142 0.99 <unknown description>
217949at5125_63577_0:0022c2|CM010804.1:1812539-1813355|+   -            254 217949               -            283   8.1e-70  224.0   3.9   1   2   1.8e-05   1.8e-05   12.9   0.0     1    54    11    69    11    80 0.81 <unknown description>
217949at5125_63577_0:0022c2|CM010804.1:1812539-1813355|+   -            254 217949               -            283   8.1e-70  224.0   3.9   2   2   3.5e-65   3.5e-65  208.7   2.3    37   172    97   254    73   254 0.80 <unknown description>
#
# Program:         hmmsearch
# Version:         3.4 (Aug 2023)
# Pipeline mode:   SEARCH
# Query file:      /home/arafat/busco_downloads/lineages/hypocreales_odb12.2/hmms/217949at5125.hmm
# Target file:     /home/arafat/Foxy_SIX_Evolution/results/busco/GCA_003615085.1/run_hypocreales_odb12.2/miniprot_output/translated_proteins/217949at5125.faa
# Option settings: hmmsearch --domtblout /home/arafat/Foxy_SIX_Evolution/results/busco/GCA_003615085.1/run_hypocreales_odb12.2/hmmer_output/217949at5125.out --cpu 1 /home/arafat/busco_downloads/lineages/hypocreales_odb12.2/hmms/217949at5125.hmm /home/arafat/Foxy_SIX_Evolution/results/busco/GCA_003615085.1/run_hypocreales_odb12.2/miniprot_output/translated_proteins/217949at5125.faa 
# Current dir:     /home/arafat/Foxy_SIX_Evolution
# Date:            Thu Sep 24 13:58:49 2026
# [ok]
