#                                                                                                                  --- full sequence --- -------------- this domain -------------   hmm coord   ali coord   env coord
# target name                                              accession   tlen query name           accession   qlen   E-value  score  bias   #  of  c-Evalue  i-Evalue  score  bias  from    to  from    to  from    to  acc description of target
#                                      ------------------- ---------- ----- -------------------- ---------- ----- --------- ------ ----- --- --- --------- --------- ------ ----- ----- ----- ----- ----- ----- ----- ---- ---------------------
218056at5125_1080343_0:00113a|CM010805.1:1068992-1070296|+ -            382 218056               -            300  5.4e-183  595.9   4.8   1   1    7e-183    7e-183  595.5   4.8     3   300    61   378    59   378 0.95 <unknown description>
218056at5125_131363_0:000f1b|CM010805.1:1068626-1070293|+  -            502 218056               -            300  1.3e-182  594.6   4.8   1   1  1.7e-182  1.7e-182  594.3   4.8     3   300   182   499   180   499 0.95 <unknown description>
218056at5125_1736662_0:0011f8|CM010805.1:1066011-1070293|+ -            852 218056               -            300  4.6e-182  592.8   4.8   1   1  6.3e-182  6.3e-182  592.4   4.8     3   300   532   849   530   849 0.95 <unknown description>
218056at5125_1229664_0:000c4a|CM010805.1:1069280-1070296|+ -            286 218056               -            300  2.9e-161  524.5   3.7   1   1  3.6e-161  3.6e-161  524.2   3.7    39   300     1   282     1   282 0.95 <unknown description>
218056at5125_123648_0:001166|CM010805.1:1069091-1070030|+  -            258 218056               -            300  2.8e-120  390.0   7.9   1   1  1.2e-118  1.2e-118  384.5   7.9     3   232    28   257    26   258 0.93 <unknown description>
218056at5125_694270_0:0019fe|CM010805.1:1069085-1069832|+  -            230 218056               -            300  4.8e-110  356.3   2.1   1   1  5.8e-110  5.8e-110  356.1   2.1     3   183    30   216    28   226 0.96 <unknown description>
218056at5125_2686198_0:000fa7|CM010805.1:1069763-1070293|+ -            144 218056               -            300   6.7e-77  247.5   0.3   1   1   8.7e-77   8.7e-77  247.1   0.3   174   300     1   141     1   141 0.92 <unknown description>
218056at5125_73501_0:00078b|CM010805.1:1069910-1070287|+   -            110 218056               -            300   1.4e-67  216.9   0.2   1   1   1.5e-67   1.5e-67  216.8   0.2   195   300     1   109     1   109 0.97 <unknown description>
218056at5125_2494466_0:0025aa|CM010805.1:1070074-1070296|+ -             75 218056               -            300   1.1e-42  135.1   0.2   1   1   1.3e-42   1.3e-42  135.0   0.2   233   300     3    71     1    71 0.96 <unknown description>
#
# Program:         hmmsearch
# Version:         3.4 (Aug 2023)
# Pipeline mode:   SEARCH
# Query file:      /home/arafat/busco_downloads/lineages/hypocreales_odb12.2/hmms/218056at5125.hmm
# Target file:     /home/arafat/Foxy_SIX_Evolution/results/busco/GCA_003615085.1/run_hypocreales_odb12.2/miniprot_output/translated_proteins/218056at5125.faa
# Option settings: hmmsearch --domtblout /home/arafat/Foxy_SIX_Evolution/results/busco/GCA_003615085.1/run_hypocreales_odb12.2/hmmer_output/218056at5125.out --cpu 1 /home/arafat/busco_downloads/lineages/hypocreales_odb12.2/hmms/218056at5125.hmm /home/arafat/Foxy_SIX_Evolution/results/busco/GCA_003615085.1/run_hypocreales_odb12.2/miniprot_output/translated_proteins/218056at5125.faa 
# Current dir:     /home/arafat/Foxy_SIX_Evolution
# Date:            Thu Sep 24 13:58:52 2026
# [ok]
