#                                                                                                                  --- full sequence --- -------------- this domain -------------   hmm coord   ali coord   env coord
# target name                                              accession   tlen query name           accession   qlen   E-value  score  bias   #  of  c-Evalue  i-Evalue  score  bias  from    to  from    to  from    to  acc description of target
#                                      ------------------- ---------- ----- -------------------- ---------- ----- --------- ------ ----- --- --- --------- --------- ------ ----- ----- ----- ----- ----- ----- ----- ---- ---------------------
218472at5125_100902_0:0045c2|CM010800.1:2613294-2614042|-  -            233 218472               -            191   9.7e-98  313.7   0.4   1   2   1.3e-96   1.3e-96  310.1   0.0     1   178     1   186     1   197 0.93 <unknown description>
218472at5125_100902_0:0045c2|CM010800.1:2613294-2614042|-  -            233 218472               -            191   9.7e-98  313.7   0.4   2   2     0.035     0.035    2.1   0.1   168   190   200   222   191   223 0.85 <unknown description>
218472at5125_282569_0:00104a|CM010800.1:2613294-2614639|-  -            282 218472               -            191   1.9e-97  312.8   0.3   1   2   2.3e-96   2.3e-96  309.2   0.0     1   178    50   235    50   246 0.93 <unknown description>
218472at5125_282569_0:00104a|CM010800.1:2613294-2614639|-  -            282 218472               -            191   1.9e-97  312.8   0.3   2   2     0.048     0.048    1.6   0.1   168   190   249   271   244   272 0.84 <unknown description>
218472at5125_1344414_0:000818|CM010800.1:2613456-2614042|- -            179 218472               -            191   6.5e-96  307.8   0.1   1   1   7.6e-96   7.6e-96  307.6   0.1     1   170     1   178     1   179 0.95 <unknown description>
218472at5125_1291519_0:0014cb|CM010800.1:2613646-2614042|- -            133 218472               -            191   7.9e-72  229.2   0.1   1   1   9.3e-72   9.3e-72  229.0   0.1     1   125     1   132     1   133 0.94 <unknown description>
218472at5125_48495_0:0036ec|CM010800.1:2613294-2613784|-   -            147 218472               -            191   2.5e-45  142.8   3.0   1   2   1.3e-44   1.3e-44  140.4   0.7    86   178     6   100     1   111 0.91 <unknown description>
218472at5125_48495_0:0036ec|CM010800.1:2613294-2613784|-   -            147 218472               -            191   2.5e-45  142.8   3.0   2   2     0.015     0.015    3.3   0.1   168   190   114   136   100   137 0.83 <unknown description>
#
# Program:         hmmsearch
# Version:         3.4 (Aug 2023)
# Pipeline mode:   SEARCH
# Query file:      /home/arafat/busco_downloads/lineages/hypocreales_odb12.2/hmms/218472at5125.hmm
# Target file:     /home/arafat/Foxy_SIX_Evolution/results/busco/GCA_003615085.1/run_hypocreales_odb12.2/miniprot_output/translated_proteins/218472at5125.faa
# Option settings: hmmsearch --domtblout /home/arafat/Foxy_SIX_Evolution/results/busco/GCA_003615085.1/run_hypocreales_odb12.2/hmmer_output/218472at5125.out --cpu 1 /home/arafat/busco_downloads/lineages/hypocreales_odb12.2/hmms/218472at5125.hmm /home/arafat/Foxy_SIX_Evolution/results/busco/GCA_003615085.1/run_hypocreales_odb12.2/miniprot_output/translated_proteins/218472at5125.faa 
# Current dir:     /home/arafat/Foxy_SIX_Evolution
# Date:            Thu Sep 24 13:59:03 2026
# [ok]
