#                                                                                                                  --- full sequence --- -------------- this domain -------------   hmm coord   ali coord   env coord
# target name                                              accession   tlen query name           accession   qlen   E-value  score  bias   #  of  c-Evalue  i-Evalue  score  bias  from    to  from    to  from    to  acc description of target
#                                      ------------------- ---------- ----- -------------------- ---------- ----- --------- ------ ----- --- --- --------- --------- ------ ----- ----- ----- ----- ----- ----- ----- ---- ---------------------
218488at5125_396571_0:002ead|CM010805.1:2586593-2588525|+  -            645 218488               -            495  8.1e-224  732.6   0.0   1   1  9.3e-223  9.3e-223  729.1   0.0     2   492    81   617    80   620 0.90 <unknown description>
218488at5125_29875_0:002693|CM010805.1:2574934-2588483|+   -            651 218488               -            495  8.4e-224  732.6   0.0   1   1  9.6e-223  9.6e-223  729.1   0.0     2   492   101   637   100   640 0.90 <unknown description>
218488at5125_72228_0:001779|CM010805.1:2586593-2593622|+   -            673 218488               -            495  9.6e-224  732.4   0.0   1   1  1.1e-222  1.1e-222  728.9   0.0     2   492    81   617    80   620 0.90 <unknown description>
218488at5125_33203_0:0013db|CM010805.1:2586962-2588492|+   -            511 218488               -            495  6.7e-201  657.0   0.0   1   1  8.8e-200  8.8e-200  653.3   0.0    45   492     1   494     1   497 0.89 <unknown description>
218488at5125_1623583_0:000542|CM010805.1:2586596-2587643|+ -            350 218488               -            495  6.8e-158  515.2   0.1   1   1  8.2e-158  8.2e-158  514.9   0.1     2   265    80   349    79   350 0.95 <unknown description>
218488at5125_1111077_0:0021dd|CM010805.1:2586863-2587691|+ -            277 218488               -            495  1.2e-156  511.0   0.0   1   1  1.4e-156  1.4e-156  510.8   0.0    12   269     1   264     1   274 0.95 <unknown description>
218488at5125_1399860_0:001c1b|CM010805.1:2586596-2587406|+ -            271 218488               -            495  1.1e-126  412.3   0.0   1   1  1.3e-126  1.3e-126  412.0   0.0     2   192    80   271    79   271 0.98 <unknown description>
218488at5125_93591_0:000e68|CM010805.1:2586656-2587289|+   -            212 218488               -            495  1.7e-105  342.4   0.1   1   1    2e-105    2e-105  342.1   0.1     2   154    60   212    59   212 0.99 <unknown description>
#
# Program:         hmmsearch
# Version:         3.4 (Aug 2023)
# Pipeline mode:   SEARCH
# Query file:      /home/arafat/busco_downloads/lineages/hypocreales_odb12.2/hmms/218488at5125.hmm
# Target file:     /home/arafat/Foxy_SIX_Evolution/results/busco/GCA_003615085.1/run_hypocreales_odb12.2/miniprot_output/translated_proteins/218488at5125.faa
# Option settings: hmmsearch --domtblout /home/arafat/Foxy_SIX_Evolution/results/busco/GCA_003615085.1/run_hypocreales_odb12.2/hmmer_output/218488at5125.out --cpu 1 /home/arafat/busco_downloads/lineages/hypocreales_odb12.2/hmms/218488at5125.hmm /home/arafat/Foxy_SIX_Evolution/results/busco/GCA_003615085.1/run_hypocreales_odb12.2/miniprot_output/translated_proteins/218488at5125.faa 
# Current dir:     /home/arafat/Foxy_SIX_Evolution
# Date:            Thu Sep 24 13:59:04 2026
# [ok]
