#                                                                                                                  --- full sequence --- -------------- this domain -------------   hmm coord   ali coord   env coord
# target name                                              accession   tlen query name           accession   qlen   E-value  score  bias   #  of  c-Evalue  i-Evalue  score  bias  from    to  from    to  from    to  acc description of target
#                                      ------------------- ---------- ----- -------------------- ---------- ----- --------- ------ ----- --- --- --------- --------- ------ ----- ----- ----- ----- ----- ----- ----- ---- ---------------------
218770at5125_2885761_0:000619|CM010802.1:1823467-1827326|+ -            768 218770               -            657         0 1060.7   0.2   1   2   4.4e-60   4.4e-60  193.2   0.4     2   143    63   207    62   210 0.96 <unknown description>
218770at5125_2885761_0:000619|CM010802.1:1823467-1827326|+ -            768 218770               -            657         0 1060.7   0.2   2   2  1.8e-263  1.8e-263  865.3   0.0   139   655   227   758   222   760 0.96 <unknown description>
218770at5125_5507_1:001572|CM010802.1:1824620-1827326|+    -            764 218770               -            657         0 1041.6   0.2   1   2   4.4e-60   4.4e-60  193.3   0.4     2   143    63   207    62   210 0.96 <unknown description>
218770at5125_5507_1:001572|CM010802.1:1824620-1827326|+    -            764 218770               -            657         0 1041.6   0.2   2   2  1.1e-257  1.1e-257  846.2   0.0   139   655   227   754   222   756 0.96 <unknown description>
218770at5125_2039875_0:001124|CM010802.1:1824940-1828389|+ -            877 218770               -            657         0 1031.3   0.0   1   1         0         0 1031.1   0.0    16   644     2   656     1   669 0.95 <unknown description>
218770at5125_2773459_0:001c5b|CM010802.1:1824818-1826849|+ -            589 218770               -            657  2.7e-241  792.0   2.1   1   3   2.8e-60   2.8e-60  193.9   0.4     2   143    11   155    10   158 0.96 <unknown description>
218770at5125_2773459_0:001c5b|CM010802.1:1824818-1826849|+ -            589 218770               -            657  2.7e-241  792.0   2.1   2   3     4e-18     4e-18   54.6   0.0   139   171   175   207   170   219 0.89 <unknown description>
218770at5125_2773459_0:001c5b|CM010802.1:1824818-1826849|+ -            589 218770               -            657  2.7e-241  792.0   2.1   3   3  1.3e-165  1.3e-165  541.9   0.0   163   509   224   589   215   589 0.92 <unknown description>
218770at5125_42673_0:002ad9|CM010802.1:1825793-1827326|+   -            465 218770               -            657  6.8e-223  731.2   0.0   1   1  7.8e-223  7.8e-223  731.0   0.0   213   655     2   455     1   457 0.96 <unknown description>
218770at5125_94208_0:000639|CM010802.1:1825875-1827098|+   -            377 218770               -            657  5.8e-189  619.1   0.3   1   1  6.7e-189  6.7e-189  618.9   0.3   223   588     1   373     1   376 0.97 <unknown description>
218770at5125_1567539_0:00218b|CM010802.1:1824818-1826339|+ -            399 218770               -            657  1.6e-165  541.6   4.5   1   2   1.3e-60   1.3e-60  194.9   0.4     2   143    11   155    10   158 0.96 <unknown description>
218770at5125_1567539_0:00218b|CM010802.1:1824818-1826339|+ -            399 218770               -            657  1.6e-165  541.6   4.5   2   2  4.7e-107  4.7e-107  348.5   0.3   139   352   175   390   170   395 0.94 <unknown description>
218770at5125_398673_0:00287f|CM010802.1:1824940-1826142|+  -            338 218770               -            657  5.2e-142  463.9   4.8   1   2   9.3e-57   9.3e-57  182.3   0.7    16   143     2   131     1   134 0.97 <unknown description>
218770at5125_398673_0:00287f|CM010802.1:1824940-1826142|+  -            338 218770               -            657  5.2e-142  463.9   4.8   2   2   1.8e-87   1.8e-87  283.7   0.2   139   310   151   336   146   338 0.93 <unknown description>
218770at5125_2714763_0:001c2b|CM010802.1:1825252-1826336|+ -            283 218770               -            657  1.3e-114  373.4   1.2   1   2   3.9e-07   3.9e-07   18.3   0.1   117   143     1    27     1    30 0.93 <unknown description>
218770at5125_2714763_0:001c2b|CM010802.1:1825252-1826336|+ -            283 218770               -            657  1.3e-114  373.4   1.2   2   2  8.7e-109  8.7e-109  354.2   0.1   139   352    47   275    42   280 0.93 <unknown description>
218770at5125_96774_0:000b52|CM010802.1:1824940-1825829|+   -            249 218770               -            657   2.4e-91  296.5   2.9   1   2   4.5e-57   4.5e-57  183.3   0.7    16   143     2   131     1   134 0.97 <unknown description>
218770at5125_96774_0:000b52|CM010802.1:1824940-1825829|+   -            249 218770               -            657   2.4e-91  296.5   2.9   2   2   5.7e-36   5.7e-36  113.6   0.1   139   221   151   246   146   249 0.88 <unknown description>
218770at5125_42673_0:002a3a|CM010802.1:1824818-1825644|+   -            228 218770               -            657     1e-78  254.8   0.8   1   2   3.4e-61   3.4e-61  196.9   0.4     2   143    11   155    10   158 0.96 <unknown description>
218770at5125_42673_0:002a3a|CM010802.1:1824818-1825644|+   -            228 218770               -            657     1e-78  254.8   0.8   2   2   1.2e-18   1.2e-18   56.4   0.0   139   171   175   207   170   218 0.90 <unknown description>
218770at5125_117187_0:0010eb|CM010802.1:1825793-1826321|+  -            146 218770               -            657   1.8e-72  234.2   0.6   1   1   2.2e-72   2.2e-72  233.9   0.6   213   351     2   142     1   145 0.96 <unknown description>
218770at5125_117187_0:0010ab|CM010802.1:1824818-1825437|+  -            175 218770               -            657   1.2e-61  198.4   0.4   1   1   1.5e-61   1.5e-61  198.1   0.4     2   143    11   155    10   158 0.96 <unknown description>
#
# Program:         hmmsearch
# Version:         3.4 (Aug 2023)
# Pipeline mode:   SEARCH
# Query file:      /home/arafat/busco_downloads/lineages/hypocreales_odb12.2/hmms/218770at5125.hmm
# Target file:     /home/arafat/Foxy_SIX_Evolution/results/busco/GCA_003615085.1/run_hypocreales_odb12.2/miniprot_output/translated_proteins/218770at5125.faa
# Option settings: hmmsearch --domtblout /home/arafat/Foxy_SIX_Evolution/results/busco/GCA_003615085.1/run_hypocreales_odb12.2/hmmer_output/218770at5125.out --cpu 1 /home/arafat/busco_downloads/lineages/hypocreales_odb12.2/hmms/218770at5125.hmm /home/arafat/Foxy_SIX_Evolution/results/busco/GCA_003615085.1/run_hypocreales_odb12.2/miniprot_output/translated_proteins/218770at5125.faa 
# Current dir:     /home/arafat/Foxy_SIX_Evolution
# Date:            Thu Sep 24 13:59:09 2026
# [ok]
