#                                                                                                                  --- full sequence --- -------------- this domain -------------   hmm coord   ali coord   env coord
# target name                                              accession   tlen query name           accession   qlen   E-value  score  bias   #  of  c-Evalue  i-Evalue  score  bias  from    to  from    to  from    to  acc description of target
#                                      ------------------- ---------- ----- -------------------- ---------- ----- --------- ------ ----- --- --- --------- --------- ------ ----- ----- ----- ----- ----- ----- ----- ---- ---------------------
218856at5125_1111077_0:0020ec|CM010805.1:2140288-2141684|- -            448 218856               -            355    9e-215  701.3   0.0   1   1  1.1e-214  1.1e-214  701.0   0.0     1   353    82   438    82   440 0.98 <unknown description>
218856at5125_1380566_0:00147a|CM010805.1:2132402-2141663|- -            533 218856               -            355  1.5e-214  700.5   0.0   1   1  1.8e-214  1.8e-214  700.2   0.0     1   353    75   431    75   433 0.98 <unknown description>
218856at5125_1080343_0:001330|CM010805.1:2140009-2141780|- -            573 218856               -            355  1.9e-214  700.2   0.0   1   1  2.3e-214  2.3e-214  699.9   0.0     1   353   114   470   114   472 0.98 <unknown description>
218856at5125_2030778_0:000b91|CM010805.1:2138520-2141380|- -            397 218856               -            355  7.3e-214  698.3   0.0   1   1  8.4e-214  8.4e-214  698.1   0.0     3   353     1   355     1   357 0.98 <unknown description>
218856at5125_1736662_0:001301|CM010805.1:2140039-2141380|- -            448 218856               -            355  1.1e-213  697.7   0.0   1   1  1.3e-213  1.3e-213  697.5   0.0     3   353     1   355     1   357 0.98 <unknown description>
218856at5125_1344414_0:001c97|CM010805.1:2134912-2141380|- -            479 218856               -            355  1.3e-213  697.4   0.0   1   1  1.6e-213  1.6e-213  697.1   0.0     3   353     1   355     1   357 0.98 <unknown description>
218856at5125_413071_0:000f0c|CM010805.1:2140345-2141389|-  -            349 218856               -            355  6.6e-211  688.5   0.0   1   1  7.5e-211  7.5e-211  688.4   0.0     2   344     3   349     2   349 0.98 <unknown description>
218856at5125_2004951_0:0015cf|CM010805.1:2140294-2141014|- -            241 218856               -            355  2.3e-141  459.8   0.0   1   1  2.6e-141  2.6e-141  459.6   0.0   122   353     1   233     1   235 0.99 <unknown description>
#
# Program:         hmmsearch
# Version:         3.4 (Aug 2023)
# Pipeline mode:   SEARCH
# Query file:      /home/arafat/busco_downloads/lineages/hypocreales_odb12.2/hmms/218856at5125.hmm
# Target file:     /home/arafat/Foxy_SIX_Evolution/results/busco/GCA_003615085.1/run_hypocreales_odb12.2/miniprot_output/translated_proteins/218856at5125.faa
# Option settings: hmmsearch --domtblout /home/arafat/Foxy_SIX_Evolution/results/busco/GCA_003615085.1/run_hypocreales_odb12.2/hmmer_output/218856at5125.out --cpu 1 /home/arafat/busco_downloads/lineages/hypocreales_odb12.2/hmms/218856at5125.hmm /home/arafat/Foxy_SIX_Evolution/results/busco/GCA_003615085.1/run_hypocreales_odb12.2/miniprot_output/translated_proteins/218856at5125.faa 
# Current dir:     /home/arafat/Foxy_SIX_Evolution
# Date:            Thu Sep 24 13:59:12 2026
# [ok]
