#                                                                                                                  --- full sequence --- -------------- this domain -------------   hmm coord   ali coord   env coord
# target name                                              accession   tlen query name           accession   qlen   E-value  score  bias   #  of  c-Evalue  i-Evalue  score  bias  from    to  from    to  from    to  acc description of target
#                                      ------------------- ---------- ----- -------------------- ---------- ----- --------- ------ ----- --- --- --------- --------- ------ ----- ----- ----- ----- ----- ----- ----- ---- ---------------------
219096at5125_1101274_0:00132a|CM010806.1:1645385-1647649|- -            737 219096               -            632         0 1203.8   0.2   1   1         0         0 1203.4   0.2     1   631    58   734    58   735 0.92 <unknown description>
219096at5125_36050_0:001ad3|CM010806.1:1645385-1647146|-   -            588 219096               -            632         0 1076.2   1.9   1   1         0         0 1075.7   1.9    85   631     1   585     1   586 0.92 <unknown description>
219096at5125_983965_0:0009cc|CM010806.1:1645388-1648718|-  -            606 219096               -            632         0 1037.7   1.3   1   1         0         0 1037.1   1.3    96   631    31   604    24   605 0.92 <unknown description>
219096at5125_911162_0:0011d7|CM010806.1:1645391-1646759|-  -            457 219096               -            632    1e-239  785.8   4.2   1   1  1.5e-239  1.5e-239  785.2   4.2   213   631     1   456     1   457 0.91 <unknown description>
219096at5125_2004951_0:001c8b|CM010806.1:1645391-1646468|- -            360 219096               -            632  2.6e-184  602.7   2.9   1   1  4.1e-184  4.1e-184  602.1   2.9   304   631     1   359     1   360 0.90 <unknown description>
219096at5125_101028_0:000e0c|CM010806.1:1645385-1646177|-  -            265 219096               -            632  5.8e-137  446.3   2.3   1   1  7.1e-137  7.1e-137  446.0   2.3   387   631     1   262     1   263 0.93 <unknown description>
219096at5125_2004951_0:001c8f|CM010806.1:1646749-1647477|- -            225 219096               -            632  2.2e-110  358.5   0.0   1   1  2.6e-110  2.6e-110  358.3   0.0     1   200     1   209     1   215 0.93 <unknown description>
#
# Program:         hmmsearch
# Version:         3.4 (Aug 2023)
# Pipeline mode:   SEARCH
# Query file:      /home/arafat/busco_downloads/lineages/hypocreales_odb12.2/hmms/219096at5125.hmm
# Target file:     /home/arafat/Foxy_SIX_Evolution/results/busco/GCA_003615085.1/run_hypocreales_odb12.2/miniprot_output/translated_proteins/219096at5125.faa
# Option settings: hmmsearch --domtblout /home/arafat/Foxy_SIX_Evolution/results/busco/GCA_003615085.1/run_hypocreales_odb12.2/hmmer_output/219096at5125.out --cpu 1 /home/arafat/busco_downloads/lineages/hypocreales_odb12.2/hmms/219096at5125.hmm /home/arafat/Foxy_SIX_Evolution/results/busco/GCA_003615085.1/run_hypocreales_odb12.2/miniprot_output/translated_proteins/219096at5125.faa 
# Current dir:     /home/arafat/Foxy_SIX_Evolution
# Date:            Thu Sep 24 13:59:16 2026
# [ok]
