#                                                                                                                  --- full sequence --- -------------- this domain -------------   hmm coord   ali coord   env coord
# target name                                              accession   tlen query name           accession   qlen   E-value  score  bias   #  of  c-Evalue  i-Evalue  score  bias  from    to  from    to  from    to  acc description of target
#                                      ------------------- ---------- ----- -------------------- ---------- ----- --------- ------ ----- --- --- --------- --------- ------ ----- ----- ----- ----- ----- ----- ----- ---- ---------------------
219068at5125_48495_0:002e06|CM010800.1:1933181-1935446|+   -            316 219068               -            206  1.1e-126  409.7   7.6   1   1  1.3e-126  1.3e-126  409.4   7.6     1   206   102   313   102   313 0.96 <unknown description>
219068at5125_1080343_0:001f02|CM010800.1:1934417-1935559|+ -            269 219068               -            206  6.7e-100  322.2   2.8   1   1    9e-100    9e-100  321.8   2.8     1   163     1   169     1   176 0.94 <unknown description>
219068at5125_2898083_0:001d4a|CM010800.1:1934417-1935247|+ -            165 219068               -            206   4.4e-99  319.5   2.8   1   1   4.9e-99   4.9e-99  319.4   2.8     1   159     1   165     1   165 0.94 <unknown description>
219068at5125_48490_0:003438|CM010800.1:1933660-1935469|+   -            343 219068               -            206   1.9e-98  317.4   3.9   1   1   2.7e-98   2.7e-98  317.0   3.9     1   160   145   310   145   328 0.92 <unknown description>
219068at5125_122381_0:003095|CM010800.1:1934417-1935078|+  -            127 219068               -            206     5e-64  205.0   0.4   1   1   5.9e-64   5.9e-64  204.8   0.4     1   111     1   117     1   122 0.91 <unknown description>
219068at5125_5514_0:000059|CM010800.1:1934417-1934905|+    -            115 219068               -            206   3.3e-63  202.3   0.3   1   1   3.7e-63   3.7e-63  202.2   0.3     1   108     1   114     1   114 0.92 <unknown description>
219068at5125_468837_0:001afd|CM010800.1:1935070-1935443|+  -            109 219068               -            206   3.4e-60  192.5   8.8   1   1   3.9e-60   3.9e-60  192.3   8.8   108   206     9   107     4   107 0.98 <unknown description>
219068at5125_83212_0:0003d2|CM010800.1:1935142-1935440|+   -             84 219068               -            206   1.9e-50  160.7   5.2   1   1   2.1e-50   2.1e-50  160.5   5.2   124   206     1    83     1    83 1.00 <unknown description>
219068at5125_83212_0:0017cb|CM010800.1:1934417-1934645|+   -             77 219068               -            206     5e-32  100.5   0.4   1   1   5.8e-32   5.8e-32  100.3   0.4     1    67     1    73     1    76 0.87 <unknown description>
219068at5125_93591_0:000b24|CM010800.1:1934312-1934648|+   -            113 219068               -            206   1.6e-31   98.8   0.4   1   1   2.1e-31   2.1e-31   98.5   0.4     1    67    36   108    36   111 0.87 <unknown description>
#
# Program:         hmmsearch
# Version:         3.4 (Aug 2023)
# Pipeline mode:   SEARCH
# Query file:      /home/arafat/busco_downloads/lineages/hypocreales_odb12.2/hmms/219068at5125.hmm
# Target file:     /home/arafat/Foxy_SIX_Evolution/results/busco/GCA_003615085.1/run_hypocreales_odb12.2/miniprot_output/translated_proteins/219068at5125.faa
# Option settings: hmmsearch --domtblout /home/arafat/Foxy_SIX_Evolution/results/busco/GCA_003615085.1/run_hypocreales_odb12.2/hmmer_output/219068at5125.out --cpu 1 /home/arafat/busco_downloads/lineages/hypocreales_odb12.2/hmms/219068at5125.hmm /home/arafat/Foxy_SIX_Evolution/results/busco/GCA_003615085.1/run_hypocreales_odb12.2/miniprot_output/translated_proteins/219068at5125.faa 
# Current dir:     /home/arafat/Foxy_SIX_Evolution
# Date:            Thu Sep 24 13:59:15 2026
# [ok]
