#                                                                                                                  --- full sequence --- -------------- this domain -------------   hmm coord   ali coord   env coord
# target name                                              accession   tlen query name           accession   qlen   E-value  score  bias   #  of  c-Evalue  i-Evalue  score  bias  from    to  from    to  from    to  acc description of target
#                                      ------------------- ---------- ----- -------------------- ---------- ----- --------- ------ ----- --- --- --------- --------- ------ ----- ----- ----- ----- ----- ----- ----- ---- ---------------------
219104at5125_1053134_0:002948|CM010806.1:1108278-1108698|+ -            141 219104               -            135   4.7e-80  255.3   6.1   1   1   5.3e-80   5.3e-80  255.1   6.1     4   135     9   140     6   140 0.98 <unknown description>
219104at5125_2614577_0:001340|CM010806.1:1102861-1108704|+ -            188 219104               -            135   9.9e-80  254.3   6.1   1   1   1.4e-79   1.4e-79  253.7   6.1     4   135    54   185    51   185 0.98 <unknown description>
219104at5125_5046_0:00142a|CM010806.1:1104368-1108698|+    -            191 219104               -            135     1e-79  254.2   6.1   1   1   1.5e-79   1.5e-79  253.7   6.1     4   135    59   190    56   190 0.98 <unknown description>
219104at5125_1080344_0:002bac|CM010806.1:1108158-1108707|+ -            184 219104               -            135   1.4e-79  253.8   6.1   1   2       2.6       2.6   -2.8   0.1    12    34    15    37    11    39 0.70 <unknown description>
219104at5125_1080344_0:002bac|CM010806.1:1108158-1108707|+ -            184 219104               -            135   1.4e-79  253.8   6.1   2   2   1.4e-79   1.4e-79  253.8   6.1     4   135    49   180    46   180 0.98 <unknown description>
219104at5125_2004952_0:0018f7|CM010806.1:1100606-1108698|+ -            143 219104               -            135     1e-78  251.0   6.9   1   1   1.2e-78   1.2e-78  250.8   6.9     7   135    14   142     8   142 0.97 <unknown description>
219104at5125_694270_0:001c67|CM010806.1:1106467-1108707|+  -            611 219104               -            135   2.1e-78  250.0   8.4   1   2      0.86      0.86   -1.3   0.0    61    83    58    80    40    86 0.77 <unknown description>
219104at5125_694270_0:001c67|CM010806.1:1106467-1108707|+  -            611 219104               -            135   2.1e-78  250.0   8.4   2   2   2.2e-78   2.2e-78  249.9   6.1     4   135   476   607   473   607 0.98 <unknown description>
219104at5125_131363_0:003958|CM010806.1:1108371-1108698|+  -            110 219104               -            135   8.5e-72  228.6   4.9   1   1   9.5e-72   9.5e-72  228.4   4.9    27   135     1   109     1   109 1.00 <unknown description>
219104at5125_660122_0:001bed|CM010806.1:1108248-1108608|+  -            121 219104               -            135   2.7e-60  191.3   2.6   1   1   3.1e-60   3.1e-60  191.1   2.6     4   106    19   121    16   121 0.98 <unknown description>
#
# Program:         hmmsearch
# Version:         3.4 (Aug 2023)
# Pipeline mode:   SEARCH
# Query file:      /home/arafat/busco_downloads/lineages/hypocreales_odb12.2/hmms/219104at5125.hmm
# Target file:     /home/arafat/Foxy_SIX_Evolution/results/busco/GCA_003615085.1/run_hypocreales_odb12.2/miniprot_output/translated_proteins/219104at5125.faa
# Option settings: hmmsearch --domtblout /home/arafat/Foxy_SIX_Evolution/results/busco/GCA_003615085.1/run_hypocreales_odb12.2/hmmer_output/219104at5125.out --cpu 1 /home/arafat/busco_downloads/lineages/hypocreales_odb12.2/hmms/219104at5125.hmm /home/arafat/Foxy_SIX_Evolution/results/busco/GCA_003615085.1/run_hypocreales_odb12.2/miniprot_output/translated_proteins/219104at5125.faa 
# Current dir:     /home/arafat/Foxy_SIX_Evolution
# Date:            Thu Sep 24 13:59:16 2026
# [ok]
