#                                                                                                                     --- full sequence --- -------------- this domain -------------   hmm coord   ali coord   env coord
# target name                                                 accession   tlen query name           accession   qlen   E-value  score  bias   #  of  c-Evalue  i-Evalue  score  bias  from    to  from    to  from    to  acc description of target
#                                         ------------------- ---------- ----- -------------------- ---------- ----- --------- ------ ----- --- --- --------- --------- ------ ----- ----- ----- ----- ----- ----- ----- ---- ---------------------
219282at5125_1283841_0:000ca2|CM010802.1:2915054-2915981|-    -            310 219282               -            284  7.5e-149  483.2  20.6   1   1  2.7e-147  2.7e-147  478.1  20.6     1   280     1   305     1   308 0.90 <unknown description>
219282at5125_48495_0:00337a|CM010802.1:2914988-2916158|-      -            391 219282               -            284    2e-148  481.8  20.6   1   1  6.1e-147  6.1e-147  476.9  20.6     1   280    60   364    60   367 0.90 <unknown description>
219282at5125_56676_0:003425|CM010802.1:2914988-2916584|-      -            476 219282               -            284  3.8e-148  480.9  20.4   1   1    1e-146    1e-146  476.2  20.4     1   280   145   449   145   452 0.90 <unknown description>
219282at5125_83212_0:00068e|CM010802.1:2915282-2916142|-      -            269 219282               -            284  2.1e-139  452.2   9.2   1   1  2.4e-139  2.4e-139  452.0   9.2     1   229    36   268    36   269 0.97 <unknown description>
219282at5125_2773459_0:0021ea|CM010802.1:2915441-2915981|-    -            181 219282               -            284  6.1e-108  348.9   3.7   1   1  6.8e-108  6.8e-108  348.8   3.7     1   177     1   181     1   181 0.97 <unknown description>
219282at5125_93591_0:001cd5|CM010802.1:2915699-2916008|-      -            104 219282               -            284   6.1e-57  181.6   0.6   1   1   6.7e-57   6.7e-57  181.4   0.6     1    94    10   104    10   104 0.98 <unknown description>
219282at5125_123648_0:0013c4|MRCU01000005.1:4175011-4175421|- -            119 219282               -            284   3.1e-20   61.1   0.1   1   1   3.6e-20   3.6e-20   60.9   0.1     2    77    41   119    40   119 0.90 <unknown description>
#
# Program:         hmmsearch
# Version:         3.4 (Aug 2023)
# Pipeline mode:   SEARCH
# Query file:      /home/arafat/busco_downloads/lineages/hypocreales_odb12.2/hmms/219282at5125.hmm
# Target file:     /home/arafat/Foxy_SIX_Evolution/results/busco/GCA_003615085.1/run_hypocreales_odb12.2/miniprot_output/translated_proteins/219282at5125.faa
# Option settings: hmmsearch --domtblout /home/arafat/Foxy_SIX_Evolution/results/busco/GCA_003615085.1/run_hypocreales_odb12.2/hmmer_output/219282at5125.out --cpu 1 /home/arafat/busco_downloads/lineages/hypocreales_odb12.2/hmms/219282at5125.hmm /home/arafat/Foxy_SIX_Evolution/results/busco/GCA_003615085.1/run_hypocreales_odb12.2/miniprot_output/translated_proteins/219282at5125.faa 
# Current dir:     /home/arafat/Foxy_SIX_Evolution
# Date:            Thu Sep 24 13:59:18 2026
# [ok]
