#                                                                                                                      --- full sequence --- -------------- this domain -------------   hmm coord   ali coord   env coord
# target name                                                  accession   tlen query name           accession   qlen   E-value  score  bias   #  of  c-Evalue  i-Evalue  score  bias  from    to  from    to  from    to  acc description of target
#                                          ------------------- ---------- ----- -------------------- ---------- ----- --------- ------ ----- --- --- --------- --------- ------ ----- ----- ----- ----- ----- ----- ----- ---- ---------------------
219418at5125_396571_0:000b84|MRCU01000005.1:4324940-4326322|-  -            413 219418               -            355  1.1e-181  592.2   0.0   1   1  1.3e-181  1.3e-181  591.9   0.0     3   354     8   398     6   399 0.92 <unknown description>
219418at5125_100902_0:001545|MRCU01000005.1:4323816-4326322|-  -            544 219418               -            355  2.8e-181  590.8   0.0   1   1  3.5e-181  3.5e-181  590.5   0.0     3   354     8   398     6   399 0.92 <unknown description>
219418at5125_1042133_0:00105d|MRCU01000005.1:4325217-4326322|- -            320 219418               -            355  1.7e-135  440.2   0.0   1   1  2.1e-135  2.1e-135  439.9   0.0     3   273     8   298     6   316 0.92 <unknown description>
219418at5125_254901_0:0005db|MRCU01000005.1:4325633-4326310|-  -            211 219418               -            355  1.3e-103  335.4   0.2   1   1  1.5e-103  1.5e-103  335.2   0.2     3   191     4   211     2   211 0.93 <unknown description>
219418at5125_595255_0:0023d3|MRCU01000005.1:4324940-4325815|-  -            244 219418               -            355   8.6e-86  276.7   0.0   1   1     1e-85     1e-85  276.5   0.0   167   354    14   229     1   230 0.87 <unknown description>
219418at5125_96774_0:000f38|MRCU01000005.1:4324958-4325550|-   -            181 219418               -            355     8e-78  250.5   0.0   1   1   8.7e-78   8.7e-78  250.4   0.0   201   354    14   172     1   173 0.91 <unknown description>
219418at5125_96318_0:003851|MRCU01000005.1:4324318-4325815|-   -            237 219418               -            355   4.4e-74  238.2   0.0   1   1   5.4e-74   5.4e-74  237.9   0.0   167   337    14   212     1   219 0.85 <unknown description>
219418at5125_1081109_0:001364|MRCU01000005.1:4324940-4325249|- -            104 219418               -            355   6.3e-43  135.7   0.0   1   1   6.8e-43   6.8e-43  135.6   0.0   270   354     4    89     1    90 0.96 <unknown description>
#
# Program:         hmmsearch
# Version:         3.4 (Aug 2023)
# Pipeline mode:   SEARCH
# Query file:      /home/arafat/busco_downloads/lineages/hypocreales_odb12.2/hmms/219418at5125.hmm
# Target file:     /home/arafat/Foxy_SIX_Evolution/results/busco/GCA_003615085.1/run_hypocreales_odb12.2/miniprot_output/translated_proteins/219418at5125.faa
# Option settings: hmmsearch --domtblout /home/arafat/Foxy_SIX_Evolution/results/busco/GCA_003615085.1/run_hypocreales_odb12.2/hmmer_output/219418at5125.out --cpu 1 /home/arafat/busco_downloads/lineages/hypocreales_odb12.2/hmms/219418at5125.hmm /home/arafat/Foxy_SIX_Evolution/results/busco/GCA_003615085.1/run_hypocreales_odb12.2/miniprot_output/translated_proteins/219418at5125.faa 
# Current dir:     /home/arafat/Foxy_SIX_Evolution
# Date:            Thu Sep 24 13:59:02 2026
# [ok]
