#                                                                                                                  --- full sequence --- -------------- this domain -------------   hmm coord   ali coord   env coord
# target name                                              accession   tlen query name           accession   qlen   E-value  score  bias   #  of  c-Evalue  i-Evalue  score  bias  from    to  from    to  from    to  acc description of target
#                                      ------------------- ---------- ----- -------------------- ---------- ----- --------- ------ ----- --- --- --------- --------- ------ ----- ----- ----- ----- ----- ----- ----- ---- ---------------------
219588at5125_1435070_0:001c84|CM010802.1:3167331-3168867|+ -            513 219588               -            464  2.9e-194  635.3   0.5   1   1  4.3e-194  4.3e-194  634.7   0.5     5   441    15   489    11   512 0.89 <unknown description>
219588at5125_131363_0:003480|CM010802.1:3152087-3168993|+  -            660 219588               -            464  6.5e-194  634.1   0.5   1   1  1.1e-193  1.1e-193  633.4   0.5     5   441   120   594   116   617 0.89 <unknown description>
219588at5125_660122_0:002c17|CM010802.1:3157861-3168993|+  -            659 219588               -            464  6.8e-194  634.0   0.5   1   1    1e-193    1e-193  633.4   0.5     5   441   119   593   115   616 0.89 <unknown description>
219588at5125_254901_0:0016ea|CM010802.1:3167202-3180804|+  -            664 219588               -            464  6.9e-194  634.0   0.5   1   1  1.1e-193  1.1e-193  633.4   0.5     5   441    58   532    54   555 0.89 <unknown description>
219588at5125_327505_0:001a02|CM010802.1:3167007-3169104|+  -            700 219588               -            464    8e-194  633.8   0.5   1   1  1.3e-193  1.3e-193  633.1   0.5     5   441   123   597   119   620 0.89 <unknown description>
219588at5125_1649241_0:001293|CM010802.1:3164818-3168744|+ -           1073 219588               -            464  2.5e-190  622.3   2.2   1   1  3.8e-190  3.8e-190  621.7   2.2     5   423   616  1072   612  1073 0.90 <unknown description>
219588at5125_62069_0:001094|CM010802.1:3167805-3168744|+   -            314 219588               -            464  3.7e-147  480.0   6.0   1   1  5.3e-147  5.3e-147  479.4   6.0   131   423     2   313     1   314 0.92 <unknown description>
219588at5125_5507_0:0025f7|CM010802.1:3167889-3169104|+    -            406 219588               -            464  2.1e-132  431.3   4.6   1   1  3.1e-132  3.1e-132  430.7   4.6   158   441     1   303     1   326 0.90 <unknown description>
219588at5125_2004951_0:0020c0|CM010802.1:3167208-3168216|+ -            337 219588               -            464  1.1e-119  389.4   0.7   1   1  1.5e-119  1.5e-119  389.0   0.7     5   267    56   337    52   337 0.92 <unknown description>
219588at5125_2714763_0:000db8|CM010802.1:3167397-3168150|+ -            252 219588               -            464  4.9e-108  351.0   0.4   1   1  6.2e-108  6.2e-108  350.6   0.4    13   245     1   252     1   252 0.92 <unknown description>
219588at5125_468837_0:00169c|CM010802.1:3167397-3167691|+  -             99 219588               -            464   5.5e-32  100.2   0.0   1   1   7.5e-32   7.5e-32   99.8   0.0    13   101     1    99     1    99 0.91 <unknown description>
#
# Program:         hmmsearch
# Version:         3.4 (Aug 2023)
# Pipeline mode:   SEARCH
# Query file:      /home/arafat/busco_downloads/lineages/hypocreales_odb12.2/hmms/219588at5125.hmm
# Target file:     /home/arafat/Foxy_SIX_Evolution/results/busco/GCA_003615085.1/run_hypocreales_odb12.2/miniprot_output/translated_proteins/219588at5125.faa
# Option settings: hmmsearch --domtblout /home/arafat/Foxy_SIX_Evolution/results/busco/GCA_003615085.1/run_hypocreales_odb12.2/hmmer_output/219588at5125.out --cpu 1 /home/arafat/busco_downloads/lineages/hypocreales_odb12.2/hmms/219588at5125.hmm /home/arafat/Foxy_SIX_Evolution/results/busco/GCA_003615085.1/run_hypocreales_odb12.2/miniprot_output/translated_proteins/219588at5125.faa 
# Current dir:     /home/arafat/Foxy_SIX_Evolution
# Date:            Thu Sep 24 13:59:04 2026
# [ok]
