#                                                                                                                  --- full sequence --- -------------- this domain -------------   hmm coord   ali coord   env coord
# target name                                              accession   tlen query name           accession   qlen   E-value  score  bias   #  of  c-Evalue  i-Evalue  score  bias  from    to  from    to  from    to  acc description of target
#                                      ------------------- ---------- ----- -------------------- ---------- ----- --------- ------ ----- --- --- --------- --------- ------ ----- ----- ----- ----- ----- ----- ----- ---- ---------------------
219653at5125_1080344_0:0024bd|CM010804.1:1650321-1653491|- -            977 219653               -            671  4.7e-234  768.1 105.1   1   4   0.00042   0.00042    8.2   0.1     1    14    21    34    21    41 0.89 <unknown description>
219653at5125_1080344_0:0024bd|CM010804.1:1650321-1653491|- -            977 219653               -            671  4.7e-234  768.1 105.1   2   4   1.1e-27   1.1e-27   86.1   2.7    16    82    77   152    66   170 0.84 <unknown description>
219653at5125_1080344_0:0024bd|CM010804.1:1650321-1653491|- -            977 219653               -            671  4.7e-234  768.1 105.1   3   4  2.6e-182  2.6e-182  597.1  74.0    75   576   173   815   164   842 0.76 <unknown description>
219653at5125_1080344_0:0024bd|CM010804.1:1650321-1653491|- -            977 219653               -            671  4.7e-234  768.1 105.1   4   4   3.8e-26   3.8e-26   81.0  12.4   567   671   840   976   809   976 0.69 <unknown description>
219653at5125_2596975_0:0014db|CM010804.1:1650321-1656922|- -           1050 219653               -            671    1e-233  767.0 105.3   1   3   0.00046   0.00046    8.1   0.1     1    14    94   107    94   114 0.89 <unknown description>
219653at5125_2596975_0:0014db|CM010804.1:1650321-1656922|- -           1050 219653               -            671    1e-233  767.0 105.3   2   3   1.3e-27   1.3e-27   85.9   2.6    16    81   150   224   142   242 0.85 <unknown description>
219653at5125_2596975_0:0014db|CM010804.1:1650321-1656922|- -           1050 219653               -            671    1e-233  767.0 105.3   3   3  3.8e-203  3.8e-203  666.0  90.7    75   671   246  1049   237  1049 0.74 <unknown description>
219653at5125_2885761_0:0026a9|CM010804.1:1650321-1652727|- -            753 219653               -            671    1e-201  661.2  86.1   1   1    6e-197    6e-197  645.5  86.1   114   671     8   752     3   752 0.74 <unknown description>
219653at5125_47803_0:00151a|CM010804.1:1650321-1652064|-   -            582 219653               -            671  6.5e-158  516.5  67.6   1   1  1.6e-153  1.6e-153  502.0  67.6   237   671     3   581     1   581 0.74 <unknown description>
219653at5125_63577_0:0000ad|CM010804.1:1650321-1651710|-   -            464 219653               -            671  4.1e-136  444.4  56.3   1   2  3.4e-111  3.4e-111  362.1  40.2   320   577     1   303     1   330 0.79 <unknown description>
219653at5125_63577_0:0000ad|CM010804.1:1650321-1651710|-   -            464 219653               -            671  4.1e-136  444.4  56.3   2   2   1.9e-26   1.9e-26   82.1  13.2   567   671   327   463   296   463 0.68 <unknown description>
219653at5125_150374_0:000cb8|CM010804.1:1651455-1653446|-  -            501 219653               -            671  4.7e-108  351.7  59.2   1   3   0.00021   0.00021    9.2   0.1     1    14     6    19     6    26 0.89 <unknown description>
219653at5125_150374_0:000cb8|CM010804.1:1651455-1653446|-  -            501 219653               -            671  4.7e-108  351.7  59.2   2   3   1.3e-43   1.3e-43  138.7  15.3    16   157    62   260    51   261 0.73 <unknown description>
219653at5125_150374_0:000cb8|CM010804.1:1651455-1653446|-  -            501 219653               -            671  4.7e-108  351.7  59.2   3   3   1.1e-62   1.1e-62  201.8  32.0   211   393   260   497   259   500 0.76 <unknown description>
219653at5125_398673_0:00282d|CM010804.1:1651944-1653446|-  -            421 219653               -            671   6.1e-90  291.9  40.4   1   3   0.00017   0.00017    9.5   0.1     1    14     6    19     6    26 0.89 <unknown description>
219653at5125_398673_0:00282d|CM010804.1:1651944-1653446|-  -            421 219653               -            671   6.1e-90  291.9  40.4   2   3   2.7e-28   2.7e-28   88.1   2.5    16    82    62   137    51   156 0.84 <unknown description>
219653at5125_398673_0:00282d|CM010804.1:1651944-1653446|-  -            421 219653               -            671   6.1e-90  291.9  40.4   3   3   1.9e-61   1.9e-61  197.7  26.0    75   273   158   421   149   421 0.75 <unknown description>
219653at5125_5544_0:001dda|CM010804.1:1652526-1653473|-    -            286 219653               -            671   1.1e-49  158.9  20.0   1   3    0.0001    0.0001   10.2   0.1     1    14    15    28    15    36 0.89 <unknown description>
219653at5125_5544_0:001dda|CM010804.1:1652526-1653473|-    -            286 219653               -            671   1.1e-49  158.9  20.0   2   3   1.5e-28   1.5e-28   89.0   2.6    16    82    71   146    59   165 0.84 <unknown description>
219653at5125_5544_0:001dda|CM010804.1:1652526-1653473|-    -            286 219653               -            671   1.1e-49  158.9  20.0   3   3   2.7e-21   2.7e-21   65.0   6.0    75   157   167   280   156   284 0.75 <unknown description>
#
# Program:         hmmsearch
# Version:         3.4 (Aug 2023)
# Pipeline mode:   SEARCH
# Query file:      /home/arafat/busco_downloads/lineages/hypocreales_odb12.2/hmms/219653at5125.hmm
# Target file:     /home/arafat/Foxy_SIX_Evolution/results/busco/GCA_003615085.1/run_hypocreales_odb12.2/miniprot_output/translated_proteins/219653at5125.faa
# Option settings: hmmsearch --domtblout /home/arafat/Foxy_SIX_Evolution/results/busco/GCA_003615085.1/run_hypocreales_odb12.2/hmmer_output/219653at5125.out --cpu 1 /home/arafat/busco_downloads/lineages/hypocreales_odb12.2/hmms/219653at5125.hmm /home/arafat/Foxy_SIX_Evolution/results/busco/GCA_003615085.1/run_hypocreales_odb12.2/miniprot_output/translated_proteins/219653at5125.faa 
# Current dir:     /home/arafat/Foxy_SIX_Evolution
# Date:            Thu Sep 24 13:59:06 2026
# [ok]
