#                                                                                                                  --- full sequence --- -------------- this domain -------------   hmm coord   ali coord   env coord
# target name                                              accession   tlen query name           accession   qlen   E-value  score  bias   #  of  c-Evalue  i-Evalue  score  bias  from    to  from    to  from    to  acc description of target
#                                      ------------------- ---------- ----- -------------------- ---------- ----- --------- ------ ----- --- --- --------- --------- ------ ----- ----- ----- ----- ----- ----- ----- ---- ---------------------
219692at5125_327505_0:001d70|CM010802.1:3895992-3897551|-  -            501 219692               -            419  7.9e-222  725.2  30.5   1   2    1e-213    1e-213  698.5  29.2     1   386     1   410     1   419 0.92 <unknown description>
219692at5125_327505_0:001d70|CM010802.1:3895992-3897551|-  -            501 219692               -            419  7.9e-222  725.2  30.5   2   2   1.3e-09   1.3e-09   26.1   0.0   387   418   455   486   445   487 0.93 <unknown description>
219692at5125_1043627_0:001e06|CM010802.1:3895992-3903704|- -            507 219692               -            419    1e-219  718.3  33.1   1   2  1.3e-211  1.3e-211  691.5  31.8    17   386    31   416    22   425 0.93 <unknown description>
219692at5125_1043627_0:001e06|CM010802.1:3895992-3903704|- -            507 219692               -            419    1e-219  718.3  33.1   2   2   1.3e-09   1.3e-09   26.1   0.0   387   418   461   492   451   493 0.93 <unknown description>
219692at5125_150374_0:0001b0|CM010802.1:3896232-3897414|-  -            395 219692               -            419    3e-211  690.4  32.8   1   1  3.6e-211  3.6e-211  690.1  32.8    21   386     3   384     1   390 0.94 <unknown description>
219692at5125_2773459_0:002c0d|CM010802.1:3895992-3897036|- -            349 219692               -            419    7e-140  455.2  24.8   1   2  1.4e-131  1.4e-131  427.9  23.5   141   386     1   258     1   267 0.94 <unknown description>
219692at5125_2773459_0:002c0d|CM010802.1:3895992-3897036|- -            349 219692               -            419    7e-140  455.2  24.8   2   2     8e-10     8e-10   26.8   0.0   387   418   303   334   293   335 0.93 <unknown description>
219692at5125_2714763_0:0015a2|CM010802.1:3896895-3897551|- -            200 219692               -            419  2.2e-109  354.8  12.9   1   1  2.5e-109  2.5e-109  354.6  12.9     1   188     1   200     1   200 0.92 <unknown description>
219692at5125_101201_0:000376|CM010802.1:3895992-3896739|-  -            250 219692               -            419   7.2e-87  280.6   8.0   1   2   2.2e-78   2.2e-78  252.6   6.6   235   386     1   159     1   168 0.92 <unknown description>
219692at5125_101201_0:000376|CM010802.1:3895992-3896739|-  -            250 219692               -            419   7.2e-87  280.6   8.0   2   2     5e-10     5e-10   27.5   0.0   387   418   204   235   194   236 0.93 <unknown description>
219692at5125_2004951_0:001980|CM010802.1:3897171-3897456|- -             96 219692               -            419   9.1e-43  135.3   4.8   1   1     1e-42     1e-42  135.2   4.8    17    96    13    96     4    96 0.88 <unknown description>
#
# Program:         hmmsearch
# Version:         3.4 (Aug 2023)
# Pipeline mode:   SEARCH
# Query file:      /home/arafat/busco_downloads/lineages/hypocreales_odb12.2/hmms/219692at5125.hmm
# Target file:     /home/arafat/Foxy_SIX_Evolution/results/busco/GCA_003615085.1/run_hypocreales_odb12.2/miniprot_output/translated_proteins/219692at5125.faa
# Option settings: hmmsearch --domtblout /home/arafat/Foxy_SIX_Evolution/results/busco/GCA_003615085.1/run_hypocreales_odb12.2/hmmer_output/219692at5125.out --cpu 1 /home/arafat/busco_downloads/lineages/hypocreales_odb12.2/hmms/219692at5125.hmm /home/arafat/Foxy_SIX_Evolution/results/busco/GCA_003615085.1/run_hypocreales_odb12.2/miniprot_output/translated_proteins/219692at5125.faa 
# Current dir:     /home/arafat/Foxy_SIX_Evolution
# Date:            Thu Sep 24 13:59:07 2026
# [ok]
