#                                                                                                                  --- full sequence --- -------------- this domain -------------   hmm coord   ali coord   env coord
# target name                                              accession   tlen query name           accession   qlen   E-value  score  bias   #  of  c-Evalue  i-Evalue  score  bias  from    to  from    to  from    to  acc description of target
#                                      ------------------- ---------- ----- -------------------- ---------- ----- --------- ------ ----- --- --- --------- --------- ------ ----- ----- ----- ----- ----- ----- ----- ---- ---------------------
220052at5125_1089458_0:003487|CM010804.1:3499089-3500697|- -            537 220052               -            475  3.3e-256  839.1   6.3   1   2   2.6e-90   2.6e-90  292.1   2.0     1   168     1   183     1   188 0.89 <unknown description>
220052at5125_1089458_0:003487|CM010804.1:3499089-3500697|- -            537 220052               -            475  3.3e-256  839.1   6.3   2   2    3e-168    3e-168  549.0   0.1   142   475   201   536   185   536 0.95 <unknown description>
220052at5125_451672_0:004b4f|CM010804.1:3499089-3501438|-  -            735 220052               -            475  1.3e-255  837.1   6.3   1   2   4.6e-90   4.6e-90  291.2   2.0     1   168   199   381   199   388 0.89 <unknown description>
220052at5125_451672_0:004b4f|CM010804.1:3499089-3501438|-  -            735 220052               -            475  1.3e-255  837.1   6.3   2   2  6.9e-168  6.9e-168  547.9   0.1   142   475   399   734   383   734 0.95 <unknown description>
220052at5125_1859967_0:001b04|CM010804.1:3499089-3504156|- -            850 220052               -            475  2.4e-255  836.2   6.2   1   2   6.2e-90   6.2e-90  290.8   2.0     1   168   314   496   314   500 0.89 <unknown description>
220052at5125_1859967_0:001b04|CM010804.1:3499089-3504156|- -            850 220052               -            475  2.4e-255  836.2   6.2   2   2  9.7e-168  9.7e-168  547.4   0.1   142   475   514   849   498   849 0.95 <unknown description>
220052at5125_42672_0:00188a|CM010804.1:3497028-3501466|-   -           1150 220052               -            475    2e-252  826.6   7.1   1   2     9e-90     9e-90  290.3   1.9     1   168   146   328   146   333 0.89 <unknown description>
220052at5125_42672_0:00188a|CM010804.1:3497028-3501466|-   -           1150 220052               -            475    2e-252  826.6   7.1   2   2  3.7e-165  3.7e-165  538.9   0.3   142   472   346   678   333   680 0.95 <unknown description>
220052at5125_229533_0:00190d|CM010804.1:3499089-3499944|-  -            286 220052               -            475  1.1e-150  491.1   0.4   1   1  1.3e-150  1.3e-150  490.9   0.4   193   475     1   285     1   285 0.99 <unknown description>
220052at5125_2010991_0:0015cf|CM010804.1:3494169-3501466|- -            366 220052               -            475     1e-85  276.9   0.9   1   1   1.6e-85   1.6e-85  276.3   0.9     1   161   192   365   192   366 0.92 <unknown description>
220052at5125_1081102_0:000f04|CM010807.1:2082783-2084355|- -            525 220052               -            475   1.6e-59  190.5   4.0   1   1   7.6e-57   7.6e-57  181.7   4.0     1   421   101   524   101   525 0.84 <unknown description>
#
# Program:         hmmsearch
# Version:         3.4 (Aug 2023)
# Pipeline mode:   SEARCH
# Query file:      /home/arafat/busco_downloads/lineages/hypocreales_odb12.2/hmms/220052at5125.hmm
# Target file:     /home/arafat/Foxy_SIX_Evolution/results/busco/GCA_003615085.1/run_hypocreales_odb12.2/miniprot_output/translated_proteins/220052at5125.faa
# Option settings: hmmsearch --domtblout /home/arafat/Foxy_SIX_Evolution/results/busco/GCA_003615085.1/run_hypocreales_odb12.2/hmmer_output/220052at5125.out --cpu 1 /home/arafat/busco_downloads/lineages/hypocreales_odb12.2/hmms/220052at5125.hmm /home/arafat/Foxy_SIX_Evolution/results/busco/GCA_003615085.1/run_hypocreales_odb12.2/miniprot_output/translated_proteins/220052at5125.faa 
# Current dir:     /home/arafat/Foxy_SIX_Evolution
# Date:            Thu Sep 24 13:59:12 2026
# [ok]
