#                                                                                                                  --- full sequence --- -------------- this domain -------------   hmm coord   ali coord   env coord
# target name                                              accession   tlen query name           accession   qlen   E-value  score  bias   #  of  c-Evalue  i-Evalue  score  bias  from    to  from    to  from    to  acc description of target
#                                      ------------------- ---------- ----- -------------------- ---------- ----- --------- ------ ----- --- --- --------- --------- ------ ----- ----- ----- ----- ----- ----- ----- ---- ---------------------
220211at5125_1080343_0:0006ca|CM010802.1:2710312-2712480|+ -            618 220211               -            478  1.5e-264  866.6  18.9   1   1    8e-264    8e-264  864.2  18.9     1   476    12   532    12   534 0.91 <unknown description>
220211at5125_1081102_0:001aa2|CM010802.1:2710348-2721725|+ -            720 220211               -            478  1.1e-263  863.7  18.7   1   1  5.4e-263  5.4e-263  861.5  18.7     3   476     2   520     1   522 0.91 <unknown description>
220211at5125_2004951_0:00036a|CM010802.1:2710345-2711521|+ -            315 220211               -            478  2.8e-191  625.0   0.4   1   1  3.5e-191  3.5e-191  624.7   0.4     1   300     1   307     1   310 0.97 <unknown description>
220211at5125_5544_2:000325|CM010802.1:2710929-2712480|+    -            499 220211               -            478  3.3e-174  568.7  30.2   1   2  1.3e-109  1.3e-109  355.7   0.3   129   300     1   172     1   178 0.98 <unknown description>
220211at5125_5544_2:000325|CM010802.1:2710929-2712480|+    -            499 220211               -            478  3.3e-174  568.7  30.2   2   2   1.1e-66   1.1e-66  214.1  24.5   297   476   196   413   192   415 0.83 <unknown description>
220211at5125_117187_0:000d48|CM010802.1:2710345-2711214|+  -            231 220211               -            478  6.1e-106  343.6   1.2   1   1  7.5e-106  7.5e-106  343.3   1.2     1   175     1   182     1   189 0.95 <unknown description>
220211at5125_117187_0:001060|CM010802.1:2711449-2712480|+  -            317 220211               -            478   2.7e-75  242.6  25.2   1   1   2.5e-74   2.5e-74  239.4  25.2   284   476     1   231     1   233 0.83 <unknown description>
#
# Program:         hmmsearch
# Version:         3.4 (Aug 2023)
# Pipeline mode:   SEARCH
# Query file:      /home/arafat/busco_downloads/lineages/hypocreales_odb12.2/hmms/220211at5125.hmm
# Target file:     /home/arafat/Foxy_SIX_Evolution/results/busco/GCA_003615085.1/run_hypocreales_odb12.2/miniprot_output/translated_proteins/220211at5125.faa
# Option settings: hmmsearch --domtblout /home/arafat/Foxy_SIX_Evolution/results/busco/GCA_003615085.1/run_hypocreales_odb12.2/hmmer_output/220211at5125.out --cpu 1 /home/arafat/busco_downloads/lineages/hypocreales_odb12.2/hmms/220211at5125.hmm /home/arafat/Foxy_SIX_Evolution/results/busco/GCA_003615085.1/run_hypocreales_odb12.2/miniprot_output/translated_proteins/220211at5125.faa 
# Current dir:     /home/arafat/Foxy_SIX_Evolution
# Date:            Thu Sep 24 13:59:15 2026
# [ok]
