#                                                                                                                  --- full sequence --- -------------- this domain -------------   hmm coord   ali coord   env coord
# target name                                              accession   tlen query name           accession   qlen   E-value  score  bias   #  of  c-Evalue  i-Evalue  score  bias  from    to  from    to  from    to  acc description of target
#                                      ------------------- ---------- ----- -------------------- ---------- ----- --------- ------ ----- --- --- --------- --------- ------ ----- ----- ----- ----- ----- ----- ----- ---- ---------------------
220397at5125_396571_0:00112f|CM010801.1:2441901-2443592|+  -            529 220397               -            368  2.9e-206  673.6  17.5   1   2  5.9e-205  5.9e-205  669.3  12.3     1   366     1   372     1   375 0.95 <unknown description>
220397at5125_396571_0:00112f|CM010801.1:2441901-2443592|+  -            529 220397               -            368  2.9e-206  673.6  17.5   2   2   0.00091   0.00091    7.3   0.2   292   335   472   515   450   522 0.79 <unknown description>
220397at5125_877507_0:000416|CM010801.1:2441901-2443238|+  -            428 220397               -            368  2.4e-205  670.6  12.3   1   1  2.9e-205  2.9e-205  670.4  12.3     1   366     1   372     1   375 0.95 <unknown description>
220397at5125_1399860_0:001676|CM010801.1:2441901-2454298|+ -            416 220397               -            368  2.9e-205  670.3   9.6   1   1  3.6e-205  3.6e-205  670.0   9.6     1   358     1   364     1   370 0.96 <unknown description>
220397at5125_111463_0:002b26|CM010801.1:2441901-2447997|+  -            529 220397               -            368  5.9e-205  669.3  12.3   1   2  5.9e-205  5.9e-205  669.3  12.3     1   366     1   372     1   375 0.95 <unknown description>
220397at5125_111463_0:002b26|CM010801.1:2441901-2447997|+  -            529 220397               -            368  5.9e-205  669.3  12.3   2   2       4.7       4.7   -4.9   5.6   253   299   471   520   462   526 0.61 <unknown description>
220397at5125_80388_0:0022f7|CM010801.1:2441958-2443010|+   -            333 220397               -            368  1.1e-195  638.8  12.8   1   1  1.2e-195  1.2e-195  638.7  12.8    17   346     1   333     1   333 0.97 <unknown description>
220397at5125_1247861_0:0017c2|CM010801.1:2439285-2443412|+ -            707 220397               -            368  1.3e-194  635.3  16.4   1   1  7.2e-193  7.2e-193  629.6  16.4    13   366   219   593   213   596 0.93 <unknown description>
220397at5125_426428_0:001708|CM010801.1:2442308-2443592|+  -            412 220397               -            368  4.8e-138  449.2  15.7   1   2  1.4e-136  1.4e-136  444.4  10.5   114   366     1   255     1   258 0.96 <unknown description>
220397at5125_426428_0:001708|CM010801.1:2442308-2443592|+  -            412 220397               -            368  4.8e-138  449.2  15.7   2   2   0.00064   0.00064    7.8   0.2   292   335   355   398   332   405 0.79 <unknown description>
220397at5125_92637_0:0006cc|CM010801.1:2442602-2443400|+   -            267 220397               -            368   1.2e-74  240.6  13.8   1   1   1.6e-74   1.6e-74  240.2  13.8   212   366     1   157     1   160 0.93 <unknown description>
#
# Program:         hmmsearch
# Version:         3.4 (Aug 2023)
# Pipeline mode:   SEARCH
# Query file:      /home/arafat/busco_downloads/lineages/hypocreales_odb12.2/hmms/220397at5125.hmm
# Target file:     /home/arafat/Foxy_SIX_Evolution/results/busco/GCA_003615085.1/run_hypocreales_odb12.2/miniprot_output/translated_proteins/220397at5125.faa
# Option settings: hmmsearch --domtblout /home/arafat/Foxy_SIX_Evolution/results/busco/GCA_003615085.1/run_hypocreales_odb12.2/hmmer_output/220397at5125.out --cpu 1 /home/arafat/busco_downloads/lineages/hypocreales_odb12.2/hmms/220397at5125.hmm /home/arafat/Foxy_SIX_Evolution/results/busco/GCA_003615085.1/run_hypocreales_odb12.2/miniprot_output/translated_proteins/220397at5125.faa 
# Current dir:     /home/arafat/Foxy_SIX_Evolution
# Date:            Thu Sep 24 13:59:18 2026
# [ok]
