#                                                                                                                  --- full sequence --- -------------- this domain -------------   hmm coord   ali coord   env coord
# target name                                              accession   tlen query name           accession   qlen   E-value  score  bias   #  of  c-Evalue  i-Evalue  score  bias  from    to  from    to  from    to  acc description of target
#                                      ------------------- ---------- ----- -------------------- ---------- ----- --------- ------ ----- --- --- --------- --------- ------ ----- ----- ----- ----- ----- ----- ----- ---- ---------------------
220517at5125_396571_0:002b8b|CM010805.1:2756082-2761036|+  -           1635 220517               -           1543         0 2668.5   8.7   1   1         0         0 2668.1   8.7     4  1543    29  1633    26  1633 0.96 <unknown description>
220517at5125_63577_0:002f2e|CM010805.1:2756106-2764400|+   -           1288 220517               -           1543         0 1919.4   5.4   1   1         0         0 1919.1   5.4     4  1208    21  1271    18  1282 0.95 <unknown description>
220517at5125_858221_0:000e1c|CM010805.1:2756148-2759971|+  -           1258 220517               -           1543         0 1917.9   5.9   1   1         0         0 1917.7   5.9     4  1207     7  1256     4  1258 0.95 <unknown description>
220517at5125_93591_0:000c95|CM010805.1:2747066-2759560|+   -           1229 220517               -           1543         0 1683.8   3.5   1   1         0         0 1683.7   3.5     4  1073   115  1229   112  1229 0.95 <unknown description>
220517at5125_334819_0:0028b5|CM010805.1:2757835-2761036|+  -           1068 220517               -           1543         0 1680.1   7.8   1   1         0         0 1679.5   7.8   529  1543     2  1066     1  1066 0.95 <unknown description>
220517at5125_1806559_0:001db1|CM010805.1:2758525-2761036|+ -            838 220517               -           1543         0 1429.3   6.7   1   1         0         0 1428.6   6.7   752  1543     1   836     1   836 0.95 <unknown description>
220517at5125_2004951_0:002305|CM010805.1:2756082-2758591|+ -            820 220517               -           1543         0 1240.7   1.1   1   1         0         0 1240.6   1.1     4   772    29   820    26   820 0.96 <unknown description>
220517at5125_2004951_0:002309|CM010805.1:2758978-2760733|+ -            586 220517               -           1543  6.8e-297  976.9   5.1   1   1  1.3e-296  1.3e-296  975.9   5.1   901  1444    17   586     4   586 0.96 <unknown description>
#
# Program:         hmmsearch
# Version:         3.4 (Aug 2023)
# Pipeline mode:   SEARCH
# Query file:      /home/arafat/busco_downloads/lineages/hypocreales_odb12.2/hmms/220517at5125.hmm
# Target file:     /home/arafat/Foxy_SIX_Evolution/results/busco/GCA_003615085.1/run_hypocreales_odb12.2/miniprot_output/translated_proteins/220517at5125.faa
# Option settings: hmmsearch --domtblout /home/arafat/Foxy_SIX_Evolution/results/busco/GCA_003615085.1/run_hypocreales_odb12.2/hmmer_output/220517at5125.out --cpu 1 /home/arafat/busco_downloads/lineages/hypocreales_odb12.2/hmms/220517at5125.hmm /home/arafat/Foxy_SIX_Evolution/results/busco/GCA_003615085.1/run_hypocreales_odb12.2/miniprot_output/translated_proteins/220517at5125.faa 
# Current dir:     /home/arafat/Foxy_SIX_Evolution
# Date:            Thu Sep 24 13:59:21 2026
# [ok]
