#                                                                                                                  --- full sequence --- -------------- this domain -------------   hmm coord   ali coord   env coord
# target name                                              accession   tlen query name           accession   qlen   E-value  score  bias   #  of  c-Evalue  i-Evalue  score  bias  from    to  from    to  from    to  acc description of target
#                                      ------------------- ---------- ----- -------------------- ---------- ----- --------- ------ ----- --- --- --------- --------- ------ ----- ----- ----- ----- ----- ----- ----- ---- ---------------------
220850at5125_660025_0:0031d5|CM010805.1:1759891-1762867|+  -            923 220850               -            773         0 1503.3   8.6   1   2      0.36      0.36   -2.3   0.5     2    18    33    49    32    58 0.82 <unknown description>
220850at5125_660025_0:0031d5|CM010805.1:1759891-1762867|+  -            923 220850               -            773         0 1503.3   8.6   2   2         0         0 1503.3   8.6    32   761   126   879   108   888 0.97 <unknown description>
220850at5125_468837_0:0001b6|CM010805.1:1760479-1762813|+  -            709 220850               -            773         0 1366.1  13.3   1   1         0         0 1365.1  13.3   102   761     1   683     1   692 0.98 <unknown description>
220850at5125_62069_0:0012de|CM010805.1:1759891-1762264|+   -            719 220850               -            773         0 1173.2  16.1   1   2      0.26      0.26   -1.8   0.4     2    18    33    49    32    59 0.82 <unknown description>
220850at5125_62069_0:0012de|CM010805.1:1759891-1762264|+   -            719 220850               -            773         0 1173.2  16.1   2   2         0         0 1173.2  16.1    32   605   126   719   106   719 0.96 <unknown description>
220850at5125_282569_0:001739|CM010805.1:1761356-1762867|+  -            486 220850               -            773  9.9e-275  902.4   1.4   1   1  1.2e-274  1.2e-274  902.1   1.4   324   761     1   442     1   451 0.98 <unknown description>
220850at5125_83212_0:000811|CM010805.1:1761302-1762369|+   -            338 220850               -            773  2.9e-218  715.6   9.8   1   1  3.3e-218  3.3e-218  715.5   9.8   306   640     1   338     1   338 0.99 <unknown description>
220850at5125_398673_0:00124b|CM010805.1:1759891-1761494|+  -            484 220850               -            773  1.6e-206  676.8   9.3   1   2      0.18      0.18   -1.3   0.6     2    18    33    49    32    61 0.82 <unknown description>
220850at5125_398673_0:00124b|CM010805.1:1759891-1761494|+  -            484 220850               -            773  1.6e-206  676.8   9.3   2   2  1.6e-206  1.6e-206  676.8   9.3    31   367   125   481   103   483 0.95 <unknown description>
220850at5125_58853_0:002493|CM010805.1:1760128-1761115|+   -            295 220850               -            773  5.5e-154  503.1   1.6   1   1  6.5e-154  6.5e-154  502.8   1.6    31   277    46   293    26   295 0.95 <unknown description>
220850at5125_282569_0:003303|CM010805.1:1759891-1761025|+  -            344 220850               -            773  5.8e-132  430.2   6.2   1   2     0.099     0.099   -0.4   0.4     2    18    33    49    32    63 0.82 <unknown description>
220850at5125_282569_0:003303|CM010805.1:1759891-1761025|+  -            344 220850               -            773  5.8e-132  430.2   6.2   2   2  5.8e-132  5.8e-132  430.2   6.2    31   249   125   344   103   344 0.95 <unknown description>
220850at5125_1736662_0:0000b3|CM010805.1:1760793-1761509|+ -            207 220850               -            773  2.7e-111  361.9   5.8   1   1    1e-110    1e-110  360.0   5.8   189   367     2   199     1   202 0.96 <unknown description>
#
# Program:         hmmsearch
# Version:         3.4 (Aug 2023)
# Pipeline mode:   SEARCH
# Query file:      /home/arafat/busco_downloads/lineages/hypocreales_odb12.2/hmms/220850at5125.hmm
# Target file:     /home/arafat/Foxy_SIX_Evolution/results/busco/GCA_003615085.1/run_hypocreales_odb12.2/miniprot_output/translated_proteins/220850at5125.faa
# Option settings: hmmsearch --domtblout /home/arafat/Foxy_SIX_Evolution/results/busco/GCA_003615085.1/run_hypocreales_odb12.2/hmmer_output/220850at5125.out --cpu 1 /home/arafat/busco_downloads/lineages/hypocreales_odb12.2/hmms/220850at5125.hmm /home/arafat/Foxy_SIX_Evolution/results/busco/GCA_003615085.1/run_hypocreales_odb12.2/miniprot_output/translated_proteins/220850at5125.faa 
# Current dir:     /home/arafat/Foxy_SIX_Evolution
# Date:            Thu Sep 24 13:59:25 2026
# [ok]
