#                                                                                                                  --- full sequence --- -------------- this domain -------------   hmm coord   ali coord   env coord
# target name                                              accession   tlen query name           accession   qlen   E-value  score  bias   #  of  c-Evalue  i-Evalue  score  bias  from    to  from    to  from    to  acc description of target
#                                      ------------------- ---------- ----- -------------------- ---------- ----- --------- ------ ----- --- --- --------- --------- ------ ----- ----- ----- ----- ----- ----- ----- ---- ---------------------
221060at5125_1080343_0:001941|CM010800.1:4387900-4390041|+ -            667 221060               -            483  2.5e-175  571.9  49.1   1   4     2e-48     2e-48  153.4   0.0     1   116     5   123     5   129 0.92 <unknown description>
221060at5125_1080343_0:001941|CM010800.1:4387900-4390041|+ -            667 221060               -            483  2.5e-175  571.9  49.1   2   4   1.5e-76   1.5e-76  246.1  10.3   103   324   129   383   125   392 0.80 <unknown description>
221060at5125_1080343_0:001941|CM010800.1:4387900-4390041|+ -            667 221060               -            483  2.5e-175  571.9  49.1   3   4   1.2e-09   1.2e-09   25.5   9.3   295   355   399   464   383   467 0.59 <unknown description>
221060at5125_1080343_0:001941|CM010800.1:4387900-4390041|+ -            667 221060               -            483  2.5e-175  571.9  49.1   4   4   1.9e-48   1.9e-48  153.5  12.5   347   483   492   661   487   661 0.77 <unknown description>
221060at5125_42747_0:001f1d|CM010800.1:4388799-4390041|+   -            415 221060               -            483     1e-93  302.8  41.2   1   3     3e-40     3e-40  126.4   5.3   211   325     7   132     1   141 0.78 <unknown description>
221060at5125_42747_0:001f1d|CM010800.1:4388799-4390041|+   -            415 221060               -            483     1e-93  302.8  41.2   2   3   5.3e-10   5.3e-10   26.7   8.8   297   355   149   212   135   214 0.58 <unknown description>
221060at5125_42747_0:001f1d|CM010800.1:4388799-4390041|+   -            415 221060               -            483     1e-93  302.8  41.2   3   3   7.7e-49   7.7e-49  154.8  12.6   347   483   240   409   235   409 0.77 <unknown description>
221060at5125_426428_0:00035a|CM010800.1:4387900-4389014|+  -            322 221060               -            483   4.8e-87  280.8   2.3   1   2   5.5e-49   5.5e-49  155.2   0.0     1   116     5   123     5   128 0.92 <unknown description>
221060at5125_426428_0:00035a|CM010800.1:4387900-4389014|+  -            322 221060               -            483   4.8e-87  280.8   2.3   2   2   9.8e-40   9.8e-40  124.7   0.7   103   270   129   317   125   319 0.79 <unknown description>
221060at5125_2004951_0:000bc0|CM010800.1:4387912-4388769|+ -            239 221060               -            483   2.4e-76  245.5   3.7   1   2   2.7e-49   2.7e-49  156.3   0.0     1   116     1   119     1   125 0.92 <unknown description>
221060at5125_2004951_0:000bc0|CM010800.1:4387912-4388769|+ -            239 221060               -            483   2.4e-76  245.5   3.7   2   2   5.5e-29   5.5e-29   89.3   1.5   103   196   125   238   120   239 0.81 <unknown description>
221060at5125_96774_0:000b6a|CM010800.1:4387912-4388473|+   -            158 221060               -            483   1.1e-57  184.0   2.6   1   2   8.5e-50   8.5e-50  157.9   0.0     1   116     1   119     1   124 0.92 <unknown description>
221060at5125_96774_0:000b6a|CM010800.1:4387912-4388473|+   -            158 221060               -            483   1.1e-57  184.0   2.6   2   2     7e-10     7e-10   26.3   0.8   103   136   125   158   121   158 0.91 <unknown description>
#
# Program:         hmmsearch
# Version:         3.4 (Aug 2023)
# Pipeline mode:   SEARCH
# Query file:      /home/arafat/busco_downloads/lineages/hypocreales_odb12.2/hmms/221060at5125.hmm
# Target file:     /home/arafat/Foxy_SIX_Evolution/results/busco/GCA_003615085.1/run_hypocreales_odb12.2/miniprot_output/translated_proteins/221060at5125.faa
# Option settings: hmmsearch --domtblout /home/arafat/Foxy_SIX_Evolution/results/busco/GCA_003615085.1/run_hypocreales_odb12.2/hmmer_output/221060at5125.out --cpu 1 /home/arafat/busco_downloads/lineages/hypocreales_odb12.2/hmms/221060at5125.hmm /home/arafat/Foxy_SIX_Evolution/results/busco/GCA_003615085.1/run_hypocreales_odb12.2/miniprot_output/translated_proteins/221060at5125.faa 
# Current dir:     /home/arafat/Foxy_SIX_Evolution
# Date:            Thu Sep 24 13:59:04 2026
# [ok]
