#                                                                                                                --- full sequence --- -------------- this domain -------------   hmm coord   ali coord   env coord
# target name                                            accession   tlen query name           accession   qlen   E-value  score  bias   #  of  c-Evalue  i-Evalue  score  bias  from    to  from    to  from    to  acc description of target
#                                    ------------------- ---------- ----- -------------------- ---------- ----- --------- ------ ----- --- --- --------- --------- ------ ----- ----- ----- ----- ----- ----- ----- ---- ---------------------
221222at5125_396571_0:0030bd|CM010806.1:817231-819304|-  -            692 221222               -            564  7.3e-294  964.6  63.0   1   3   8.7e-08   8.7e-08   20.2  17.4     1    54     1    54     1    57 0.82 <unknown description>
221222at5125_396571_0:0030bd|CM010806.1:817231-819304|-  -            692 221222               -            564  7.3e-294  964.6  63.0   2   3      0.54      0.54   -2.2  17.1    19    53    58    92    50    95 0.73 <unknown description>
221222at5125_396571_0:0030bd|CM010806.1:817231-819304|-  -            692 221222               -            564  7.3e-294  964.6  63.0   3   3  1.2e-290  1.2e-290  954.0  18.3    32   564   109   689    89   689 0.88 <unknown description>
221222at5125_1567539_0:002467|CM010806.1:817231-820903|- -           1062 221222               -            564  7.6e-293  961.3  62.8   1   3   2.2e-07   2.2e-07   18.8  18.1     1    54   371   424   371   428 0.81 <unknown description>
221222at5125_1567539_0:002467|CM010806.1:817231-820903|- -           1062 221222               -            564  7.6e-293  961.3  62.8   2   3       3.4       3.4   -4.9  19.4    19    53   428   462   417   466 0.72 <unknown description>
221222at5125_1567539_0:002467|CM010806.1:817231-820903|- -           1062 221222               -            564  7.6e-293  961.3  62.8   3   3  3.8e-290  3.8e-290  952.4  18.5    23   564   466  1059   457  1059 0.88 <unknown description>
221222at5125_2004952_0:001635|CM010806.1:817450-818854|- -            469 221222               -            564  6.2e-234  766.8  15.6   1   1  2.4e-233  2.4e-233  764.8  15.6    74   495     2   469     1   469 0.90 <unknown description>
221222at5125_1736662_0:0014e9|CM010806.1:817231-818152|- -            308 221222               -            564  2.1e-196  642.9   0.9   1   1  2.4e-196  2.4e-196  642.7   0.9   266   564     1   305     1   305 0.98 <unknown description>
221222at5125_1567552_0:001914|CM010806.1:817753-819304|- -            518 221222               -            564  4.9e-183  598.7  64.5   1   3     7e-08     7e-08   20.5  17.6     1    54     1    54     1    57 0.82 <unknown description>
221222at5125_1567552_0:001914|CM010806.1:817753-819304|- -            518 221222               -            564  4.9e-183  598.7  64.5   2   3      0.35      0.35   -1.6  16.8    19    53    58    92    51    95 0.74 <unknown description>
221222at5125_1567552_0:001914|CM010806.1:817753-819304|- -            518 221222               -            564  4.9e-183  598.7  64.5   3   3  2.6e-179  2.6e-179  586.5  20.9    22   399    95   518    86   518 0.84 <unknown description>
221222at5125_468837_0:000099|CM010806.1:818110-819304|-  -            399 221222               -            564  8.7e-103  333.8  68.5   1   3   4.5e-08   4.5e-08   21.1  17.5     1    54     1    54     1    57 0.82 <unknown description>
221222at5125_468837_0:000099|CM010806.1:818110-819304|-  -            399 221222               -            564  8.7e-103  333.8  68.5   2   3      0.28      0.28   -1.3  17.0    19    53    58    92    51    95 0.74 <unknown description>
221222at5125_468837_0:000099|CM010806.1:818110-819304|-  -            399 221222               -            564  8.7e-103  333.8  68.5   3   3     7e-99     7e-99  320.9  24.1    23   280    96   399    87   399 0.79 <unknown description>
221222at5125_2692428_0:003711|CM010806.1:818083-818638|- -            186 221222               -            564   2.1e-66  213.7  20.3   1   1   1.6e-65   1.6e-65  210.8  20.3   135   289     1   186     1   186 0.83 <unknown description>
221222at5125_595255_0:0028ca|CM010806.1:818542-819319|-  -            260 221222               -            564   7.6e-58  185.5  49.4   1   3   2.9e-08   2.9e-08   21.8  17.8     1    54     6    59     6    62 0.82 <unknown description>
221222at5125_595255_0:0028ca|CM010806.1:818542-819319|-  -            260 221222               -            564   7.6e-58  185.5  49.4   2   3      0.41      0.41   -1.8  18.7    19    53    63    97    53    99 0.71 <unknown description>
221222at5125_595255_0:0028ca|CM010806.1:818542-819319|-  -            260 221222               -            564   7.6e-58  185.5  49.4   3   3   4.7e-54   4.7e-54  172.9   4.6    23   167   101   260    93   260 0.78 <unknown description>
221222at5125_595255_0:00355a|CM010806.1:817231-817504|-  -             92 221222               -            564   6.2e-53  169.2   1.9   1   1   6.8e-53   6.8e-53  169.1   1.9   478   564     2    89     1    89 0.97 <unknown description>
#
# Program:         hmmsearch
# Version:         3.4 (Aug 2023)
# Pipeline mode:   SEARCH
# Query file:      /home/arafat/busco_downloads/lineages/hypocreales_odb12.2/hmms/221222at5125.hmm
# Target file:     /home/arafat/Foxy_SIX_Evolution/results/busco/GCA_003615085.1/run_hypocreales_odb12.2/miniprot_output/translated_proteins/221222at5125.faa
# Option settings: hmmsearch --domtblout /home/arafat/Foxy_SIX_Evolution/results/busco/GCA_003615085.1/run_hypocreales_odb12.2/hmmer_output/221222at5125.out --cpu 1 /home/arafat/busco_downloads/lineages/hypocreales_odb12.2/hmms/221222at5125.hmm /home/arafat/Foxy_SIX_Evolution/results/busco/GCA_003615085.1/run_hypocreales_odb12.2/miniprot_output/translated_proteins/221222at5125.faa 
# Current dir:     /home/arafat/Foxy_SIX_Evolution
# Date:            Thu Sep 24 13:59:06 2026
# [ok]
