#                                                                                                                      --- full sequence --- -------------- this domain -------------   hmm coord   ali coord   env coord
# target name                                                  accession   tlen query name           accession   qlen   E-value  score  bias   #  of  c-Evalue  i-Evalue  score  bias  from    to  from    to  from    to  acc description of target
#                                          ------------------- ---------- ----- -------------------- ---------- ----- --------- ------ ----- --- --- --------- --------- ------ ----- ----- ----- ----- ----- ----- ----- ---- ---------------------
222430at5125_1080343_0:0000f8|MRCU01000005.1:2718401-2720108|+ -            536 222430               -            422  1.2e-257  843.8   0.6   1   1  1.4e-257  1.4e-257  843.6   0.6     1   422   112   535   112   535 0.99 <unknown description>
222430at5125_5046_0:0004b7|MRCU01000005.1:2716326-2720108|+    -            541 222430               -            422  1.2e-257  843.8   0.6   1   1  1.4e-257  1.4e-257  843.6   0.6     1   422   117   540   117   540 0.99 <unknown description>
222430at5125_655819_0:00144c|MRCU01000005.1:2714772-2720108|+  -            574 222430               -            422  1.4e-257  843.6   0.6   1   1  1.7e-257  1.7e-257  843.3   0.6     1   422   150   573   150   573 0.99 <unknown description>
222430at5125_1491466_0:0006f0|MRCU01000005.1:2718791-2720105|+ -            405 222430               -            422  1.3e-243  797.6   0.4   1   1  1.5e-243  1.5e-243  797.4   0.4    20   422     1   405     1   405 0.99 <unknown description>
222430at5125_1435070_0:00137a|MRCU01000005.1:2718650-2719835|+ -            362 222430               -            422  2.1e-201  658.5   0.2   1   1  2.4e-201  2.4e-201  658.3   0.2     1   332    29   362    29   362 0.99 <unknown description>
222430at5125_61374_0:001d82|MRCU01000005.1:2719241-2720108|+   -            290 222430               -            422  3.4e-169  552.4   2.9   1   1  3.8e-169  3.8e-169  552.3   2.9   135   422     1   289     1   289 0.99 <unknown description>
222430at5125_1245745_0:001690|MRCU01000005.1:2718566-2719553|+ -            296 222430               -            422  1.1e-142  465.0   0.1   1   1  1.3e-142  1.3e-142  464.8   0.1     1   239    57   296    57   296 1.00 <unknown description>
222430at5125_2604345_0:000ff9|MRCU01000005.1:2718584-2719340|+ -            219 222430               -            422  1.9e-101  329.2   0.1   1   1  2.1e-101  2.1e-101  329.0   0.1     1   168    51   219    51   219 0.99 <unknown description>
222430at5125_61374_0:001f9a|MRCU01000005.1:2718692-2719131|+   -            130 222430               -            422     2e-70  227.0   0.4   1   1   2.4e-70   2.4e-70  226.7   0.4     1   110    15   124    15   127 0.98 <unknown description>
222430at5125_2714763_0:0001db|MRCU01000005.1:2718413-2719107|+ -            215 222430               -            422   5.2e-69  222.4   0.3   1   1   6.2e-69   6.2e-69  222.1   0.3     1   107   108   214   108   215 0.99 <unknown description>
#
# Program:         hmmsearch
# Version:         3.4 (Aug 2023)
# Pipeline mode:   SEARCH
# Query file:      /home/arafat/busco_downloads/lineages/hypocreales_odb12.2/hmms/222430at5125.hmm
# Target file:     /home/arafat/Foxy_SIX_Evolution/results/busco/GCA_003615085.1/run_hypocreales_odb12.2/miniprot_output/translated_proteins/222430at5125.faa
# Option settings: hmmsearch --domtblout /home/arafat/Foxy_SIX_Evolution/results/busco/GCA_003615085.1/run_hypocreales_odb12.2/hmmer_output/222430at5125.out --cpu 1 /home/arafat/busco_downloads/lineages/hypocreales_odb12.2/hmms/222430at5125.hmm /home/arafat/Foxy_SIX_Evolution/results/busco/GCA_003615085.1/run_hypocreales_odb12.2/miniprot_output/translated_proteins/222430at5125.faa 
# Current dir:     /home/arafat/Foxy_SIX_Evolution
# Date:            Thu Sep 24 13:59:23 2026
# [ok]
