#                                                                                                                  --- full sequence --- -------------- this domain -------------   hmm coord   ali coord   env coord
# target name                                              accession   tlen query name           accession   qlen   E-value  score  bias   #  of  c-Evalue  i-Evalue  score  bias  from    to  from    to  from    to  acc description of target
#                                      ------------------- ---------- ----- -------------------- ---------- ----- --------- ------ ----- --- --- --------- --------- ------ ----- ----- ----- ----- ----- ----- ----- ---- ---------------------
222528at5125_1080343_0:0020f2|CM010800.1:1887544-1890103|+ -            819 222528               -            644         0 1046.7  57.0   1   3  2.2e-245  2.2e-245  804.2  37.6     1   508     1   578     1   603 0.84 <unknown description>
222528at5125_1080343_0:0020f2|CM010800.1:1887544-1890103|+ -            819 222528               -            644         0 1046.7  57.0   2   3   1.2e-41   1.2e-41  131.1   1.5   504   589   655   740   627   746 0.84 <unknown description>
222528at5125_1080343_0:0020f2|CM010800.1:1887544-1890103|+ -            819 222528               -            644         0 1046.7  57.0   3   3   8.6e-38   8.6e-38  118.3   2.6   577   644   751   818   744   818 0.93 <unknown description>
222528at5125_93591_0:00157e|CM010800.1:1887544-1888925|+   -            443 222528               -            644  5.5e-225  736.8  18.6   1   1  7.9e-225  7.9e-225  736.3  18.6     1   412     1   443     1   443 0.91 <unknown description>
222528at5125_983965_0:000105|CM010800.1:1888763-1890103|+  -            431 222528               -            644  8.8e-110  356.2  42.5   1   3     3e-35     3e-35  110.0  22.9   372   508     1   190     1   215 0.69 <unknown description>
222528at5125_983965_0:000105|CM010800.1:1888763-1890103|+  -            431 222528               -            644  8.8e-110  356.2  42.5   2   3   4.4e-42   4.4e-42  132.5   1.6   503   589   266   352   233   358 0.83 <unknown description>
222528at5125_983965_0:000105|CM010800.1:1888763-1890103|+  -            431 222528               -            644  8.8e-110  356.2  42.5   3   3   3.5e-38   3.5e-38  119.6   2.5   577   644   363   430   355   430 0.93 <unknown description>
222528at5125_468837_0:001cac|CM010800.1:1887544-1888015|+  -            120 222528               -            644   3.7e-58  185.6   0.0   1   1   4.1e-58   4.1e-58  185.5   0.0     1    98     1    98     1   111 0.96 <unknown description>
#
# Program:         hmmsearch
# Version:         3.4 (Aug 2023)
# Pipeline mode:   SEARCH
# Query file:      /home/arafat/busco_downloads/lineages/hypocreales_odb12.2/hmms/222528at5125.hmm
# Target file:     /home/arafat/Foxy_SIX_Evolution/results/busco/GCA_003615085.1/run_hypocreales_odb12.2/miniprot_output/translated_proteins/222528at5125.faa
# Option settings: hmmsearch --domtblout /home/arafat/Foxy_SIX_Evolution/results/busco/GCA_003615085.1/run_hypocreales_odb12.2/hmmer_output/222528at5125.out --cpu 1 /home/arafat/busco_downloads/lineages/hypocreales_odb12.2/hmms/222528at5125.hmm /home/arafat/Foxy_SIX_Evolution/results/busco/GCA_003615085.1/run_hypocreales_odb12.2/miniprot_output/translated_proteins/222528at5125.faa 
# Current dir:     /home/arafat/Foxy_SIX_Evolution
# Date:            Thu Sep 24 13:59:23 2026
# [ok]
