#                                                                                                                  --- full sequence --- -------------- this domain -------------   hmm coord   ali coord   env coord
# target name                                              accession   tlen query name           accession   qlen   E-value  score  bias   #  of  c-Evalue  i-Evalue  score  bias  from    to  from    to  from    to  acc description of target
#                                      ------------------- ---------- ----- -------------------- ---------- ----- --------- ------ ----- --- --- --------- --------- ------ ----- ----- ----- ----- ----- ----- ----- ---- ---------------------
222814at5125_396571_0:002ffd|CM010806.1:2214232-2215297|+  -            356 222814               -            238   1.4e-94  305.0   0.1   1   2      0.16      0.18    0.1   0.0     3    41    66   110    64   122 0.66 <unknown description>
222814at5125_396571_0:002ffd|CM010806.1:2214232-2215297|+  -            356 222814               -            238   1.4e-94  305.0   0.1   2   2   5.7e-94   6.7e-94  302.7   0.1    20   235   127   349   111   352 0.87 <unknown description>
222814at5125_1163406_0:0018e1|CM010806.1:2214520-2215288|+ -            257 222814               -            238   1.7e-94  304.6   0.1   1   1   1.7e-94     2e-94  304.4   0.1    20   235    31   253    12   256 0.87 <unknown description>
222814at5125_1491479_0:002d22|CM010806.1:2210945-2215285|+ -            294 222814               -            238   2.5e-94  304.1   0.2   1   1     3e-94   3.5e-94  303.6   0.2    17   235    66   291    50   294 0.88 <unknown description>
222814at5125_431241_0:001b81|CM010806.1:2212616-2215285|+  -            372 222814               -            238     5e-94  303.1   0.4   1   1   5.4e-94   6.4e-94  302.8   0.4    18   235   145   369   128   372 0.87 <unknown description>
222814at5125_2004952_0:0005ec|CM010806.1:2214763-2215297|+ -            179 222814               -            238   7.5e-88  282.9   0.2   1   1   7.3e-88   8.5e-88  282.7   0.2    66   235     1   172     1   175 0.96 <unknown description>
222814at5125_2004951_0:0013fc|CM010806.1:2214853-2215261|+ -            137 222814               -            238   5.4e-73  234.3   3.0   1   1   5.1e-73   5.9e-73  234.1   3.0    96   230     1   137     1   137 0.97 <unknown description>
#
# Program:         hmmsearch
# Version:         3.4 (Aug 2023)
# Pipeline mode:   SEARCH
# Query file:      /home/arafat/busco_downloads/lineages/hypocreales_odb12.2/hmms/222814at5125.hmm
# Target file:     /home/arafat/Foxy_SIX_Evolution/results/busco/GCA_003615085.1/run_hypocreales_odb12.2/miniprot_output/translated_proteins/222814at5125.faa
# Option settings: hmmsearch --domtblout /home/arafat/Foxy_SIX_Evolution/results/busco/GCA_003615085.1/run_hypocreales_odb12.2/hmmer_output/222814at5125.out --cpu 1 /home/arafat/busco_downloads/lineages/hypocreales_odb12.2/hmms/222814at5125.hmm /home/arafat/Foxy_SIX_Evolution/results/busco/GCA_003615085.1/run_hypocreales_odb12.2/miniprot_output/translated_proteins/222814at5125.faa 
# Current dir:     /home/arafat/Foxy_SIX_Evolution
# Date:            Thu Sep 24 13:59:08 2026
# [ok]
