#                                                                                                                  --- full sequence --- -------------- this domain -------------   hmm coord   ali coord   env coord
# target name                                              accession   tlen query name           accession   qlen   E-value  score  bias   #  of  c-Evalue  i-Evalue  score  bias  from    to  from    to  from    to  acc description of target
#                                      ------------------- ---------- ----- -------------------- ---------- ----- --------- ------ ----- --- --- --------- --------- ------ ----- ----- ----- ----- ----- ----- ----- ---- ---------------------
223015at5125_1089448_0:0024ee|CM010800.1:3757357-3759289|+ -            609 223015               -            448    1e-207  679.1  59.4   1   2   5.9e-17   5.9e-17   50.4  12.8     1    89    54   154    54   159 0.76 <unknown description>
223015at5125_1089448_0:0024ee|CM010800.1:3757357-3759289|+ -            609 223015               -            448    1e-207  679.1  59.4   2   2  5.5e-189  5.5e-189  617.4  48.6    41   448   142   607   135   607 0.83 <unknown description>
223015at5125_1247861_0:0003dd|CM010800.1:3757504-3761590|+ -            964 223015               -            448  1.2e-196  642.7  52.1   1   2   1.9e-09   1.9e-09   25.6  12.7     1    89     5    96     5   100 0.70 <unknown description>
223015at5125_1247861_0:0003dd|CM010800.1:3757504-3761590|+ -            964 223015               -            448  1.2e-196  642.7  52.1   2   2  1.3e-185  1.3e-185  606.2  42.3    41   438    84   530    76   538 0.83 <unknown description>
223015at5125_2773459_0:002afe|CM010800.1:3757887-3759289|+ -            450 223015               -            448  5.2e-194  633.9  38.8   1   2  6.4e-182  6.4e-182  594.1  28.1    66   409     9   381     2   383 0.90 <unknown description>
223015at5125_2773459_0:002afe|CM010800.1:3757887-3759289|+ -            450 223015               -            448  5.2e-194  633.9  38.8   2   2   6.4e-14   6.4e-14   40.4   3.0   403   448   394   448   382   448 0.80 <unknown description>
223015at5125_42747_0:002c0e|CM010800.1:3757495-3758760|+   -            405 223015               -            448  1.6e-153  500.5  42.2   1   2   3.7e-17   3.7e-17   51.0  12.7     1    89     8   108     8   111 0.76 <unknown description>
223015at5125_42747_0:002c0e|CM010800.1:3757495-3758760|+   -            405 223015               -            448  1.6e-153  500.5  42.2   2   2  1.9e-136  1.9e-136  444.2  31.8    41   322    96   402    88   404 0.84 <unknown description>
223015at5125_983964_0:000986|CM010800.1:3758343-3759286|+  -            297 223015               -            448  6.3e-150  488.6  19.1   1   1  2.3e-147  2.3e-147  480.2  19.1   186   448     1   296     1   296 0.89 <unknown description>
223015at5125_93591_0:000398|CM010800.1:3758658-3759289|+   -            193 223015               -            448   2.5e-76  246.1  16.9   1   2   2.5e-65   2.5e-65  209.8   6.1   291   409     1   124     1   132 0.95 <unknown description>
223015at5125_93591_0:000398|CM010800.1:3758658-3759289|+   -            193 223015               -            448   2.5e-76  246.1  16.9   2   2   1.9e-14   1.9e-14   42.1   3.2   403   448   137   191   126   191 0.80 <unknown description>
223015at5125_42747_0:002bf2|CM010800.1:3758818-3759289|+   -            158 223015               -            448   4.8e-49  156.1  17.6   1   2     6e-38     6e-38  119.6   6.4   326   409     1    89     1    95 0.93 <unknown description>
223015at5125_42747_0:002bf2|CM010800.1:3758818-3759289|+   -            158 223015               -            448   4.8e-49  156.1  17.6   2   2   1.5e-14   1.5e-14   42.4   3.5   403   448   102   156    91   156 0.80 <unknown description>
#
# Program:         hmmsearch
# Version:         3.4 (Aug 2023)
# Pipeline mode:   SEARCH
# Query file:      /home/arafat/busco_downloads/lineages/hypocreales_odb12.2/hmms/223015at5125.hmm
# Target file:     /home/arafat/Foxy_SIX_Evolution/results/busco/GCA_003615085.1/run_hypocreales_odb12.2/miniprot_output/translated_proteins/223015at5125.faa
# Option settings: hmmsearch --domtblout /home/arafat/Foxy_SIX_Evolution/results/busco/GCA_003615085.1/run_hypocreales_odb12.2/hmmer_output/223015at5125.out --cpu 1 /home/arafat/busco_downloads/lineages/hypocreales_odb12.2/hmms/223015at5125.hmm /home/arafat/Foxy_SIX_Evolution/results/busco/GCA_003615085.1/run_hypocreales_odb12.2/miniprot_output/translated_proteins/223015at5125.faa 
# Current dir:     /home/arafat/Foxy_SIX_Evolution
# Date:            Thu Sep 24 13:59:10 2026
# [ok]
