#                                                                                                                  --- full sequence --- -------------- this domain -------------   hmm coord   ali coord   env coord
# target name                                              accession   tlen query name           accession   qlen   E-value  score  bias   #  of  c-Evalue  i-Evalue  score  bias  from    to  from    to  from    to  acc description of target
#                                      ------------------- ---------- ----- -------------------- ---------- ----- --------- ------ ----- --- --- --------- --------- ------ ----- ----- ----- ----- ----- ----- ----- ---- ---------------------
223470at5125_1089448_0:002483|CM010800.1:3986651-3989284|+ -            862 223470               -            522  2.3e-194  635.5  83.4   1   4     4e-11     4e-11   30.9  10.3     5   114    70   181    67   197 0.61 <unknown description>
223470at5125_1089448_0:002483|CM010800.1:3986651-3989284|+ -            862 223470               -            522  2.3e-194  635.5  83.4   2   4   1.4e-06   1.4e-06   15.9  17.2    27   127   183   297   174   303 0.67 <unknown description>
223470at5125_1089448_0:002483|CM010800.1:3986651-3989284|+ -            862 223470               -            522  2.3e-194  635.5  83.4   3   4   1.9e-23   1.9e-23   71.6   0.5   113   175   350   412   332   417 0.84 <unknown description>
223470at5125_1089448_0:002483|CM010800.1:3986651-3989284|+ -            862 223470               -            522  2.3e-194  635.5  83.4   4   4  3.5e-160  3.5e-160  522.7  37.0   158   522   412   860   411   860 0.78 <unknown description>
223470at5125_48495_0:002e1d|CM010800.1:3985670-3989284|+   -            971 223470               -            522  4.6e-194  634.5  82.8   1   4     2e-10     2e-10   28.5  12.9     5   116   179   292   176   315 0.60 <unknown description>
223470at5125_48495_0:002e1d|CM010800.1:3985670-3989284|+   -            971 223470               -            522  4.6e-194  634.5  82.8   2   4   2.1e-06   2.1e-06   15.3  17.6    26   127   291   406   281   412 0.67 <unknown description>
223470at5125_48495_0:002e1d|CM010800.1:3985670-3989284|+   -            971 223470               -            522  4.6e-194  634.5  82.8   3   4   2.5e-23   2.5e-23   71.2   0.6   114   175   460   521   446   526 0.84 <unknown description>
223470at5125_48495_0:002e1d|CM010800.1:3985670-3989284|+   -            971 223470               -            522  4.6e-194  634.5  82.8   4   4    3e-160    3e-160  522.9  36.4   158   522   521   969   520   969 0.78 <unknown description>
223470at5125_2004951_0:002965|CM010800.1:3986651-3988756|+ -            686 223470               -            522  3.8e-167  545.7  72.4   1   4   3.5e-11   3.5e-11   31.1  10.8     5   115    70   182    67   201 0.61 <unknown description>
223470at5125_2004951_0:002965|CM010800.1:3986651-3988756|+ -            686 223470               -            522  3.8e-167  545.7  72.4   2   4   1.7e-06   1.7e-06   15.6  18.1    25   127   181   297   171   303 0.67 <unknown description>
223470at5125_2004951_0:002965|CM010800.1:3986651-3988756|+ -            686 223470               -            522  3.8e-167  545.7  72.4   3   4   1.7e-23   1.7e-23   71.7   0.5   112   175   349   412   332   414 0.84 <unknown description>
223470at5125_2004951_0:002965|CM010800.1:3986651-3988756|+ -            686 223470               -            522  3.8e-167  545.7  72.4   4   4  1.1e-134  1.1e-134  438.6  26.4   158   403   412   685   410   686 0.89 <unknown description>
223470at5125_93591_0:000682|CM010800.1:3986651-3988204|+   -            502 223470               -            522     2e-88  285.9  49.0   1   4   1.7e-11   1.7e-11   32.1  10.2     5   114    70   181    67   196 0.61 <unknown description>
223470at5125_93591_0:000682|CM010800.1:3986651-3988204|+   -            502 223470               -            522     2e-88  285.9  49.0   2   4     7e-07     7e-07   16.9  17.3    27   127   183   297   175   304 0.67 <unknown description>
223470at5125_93591_0:000682|CM010800.1:3986651-3988204|+   -            502 223470               -            522     2e-88  285.9  49.0   3   4   1.1e-23   1.1e-23   72.3   0.6   112   175   349   412   332   415 0.84 <unknown description>
223470at5125_93591_0:000682|CM010800.1:3986651-3988204|+   -            502 223470               -            522     2e-88  285.9  49.0   4   4   1.2e-55   1.2e-55  177.8   2.8   158   247   412   502   410   502 0.97 <unknown description>
223470at5125_2885761_0:001c77|CM010800.1:3988588-3989284|+ -            233 223470               -            522   1.7e-62  200.4  12.1   1   1   4.3e-59   4.3e-59  189.2  12.1   348   522     1   231     1   231 0.71 <unknown description>
#
# Program:         hmmsearch
# Version:         3.4 (Aug 2023)
# Pipeline mode:   SEARCH
# Query file:      /home/arafat/busco_downloads/lineages/hypocreales_odb12.2/hmms/223470at5125.hmm
# Target file:     /home/arafat/Foxy_SIX_Evolution/results/busco/GCA_003615085.1/run_hypocreales_odb12.2/miniprot_output/translated_proteins/223470at5125.faa
# Option settings: hmmsearch --domtblout /home/arafat/Foxy_SIX_Evolution/results/busco/GCA_003615085.1/run_hypocreales_odb12.2/hmmer_output/223470at5125.out --cpu 1 /home/arafat/busco_downloads/lineages/hypocreales_odb12.2/hmms/223470at5125.hmm /home/arafat/Foxy_SIX_Evolution/results/busco/GCA_003615085.1/run_hypocreales_odb12.2/miniprot_output/translated_proteins/223470at5125.faa 
# Current dir:     /home/arafat/Foxy_SIX_Evolution
# Date:            Thu Sep 24 13:59:16 2026
# [ok]
