#                                                                                                                      --- full sequence --- -------------- this domain -------------   hmm coord   ali coord   env coord
# target name                                                  accession   tlen query name           accession   qlen   E-value  score  bias   #  of  c-Evalue  i-Evalue  score  bias  from    to  from    to  from    to  acc description of target
#                                          ------------------- ---------- ----- -------------------- ---------- ----- --------- ------ ----- --- --- --------- --------- ------ ----- ----- ----- ----- ----- ----- ----- ---- ---------------------
223476at5125_5507_5:0010bd|CM010802.1:1332424-1333422|-        -            289 223476               -            212   1.8e-88  285.7  19.6   1   2   1.2e-18   1.2e-18   57.6   8.6     1    84     6   101     6   105 0.75 <unknown description>
223476at5125_5507_5:0010bd|CM010802.1:1332424-1333422|-        -            289 223476               -            212   1.8e-88  285.7  19.6   2   2   3.7e-72   3.7e-72  232.4   6.7    40   211    91   267    81   268 0.88 <unknown description>
223476at5125_5507_3:00126b|CM010802.1:1332424-1334886|-        -            491 223476               -            212   1.1e-87  283.2  19.2   1   2   2.7e-18   2.7e-18   56.4   8.6     1    85   208   304   208   309 0.75 <unknown description>
223476at5125_5507_3:00126b|CM010802.1:1332424-1334886|-        -            491 223476               -            212   1.1e-87  283.2  19.2   2   2   8.1e-72   8.1e-72  231.3   5.9    41   211   294   469   284   470 0.88 <unknown description>
223476at5125_5507_1:00155d|CM010802.1:1332411-1333659|-        -            417 223476               -            212   3.8e-83  268.4  20.8   1   3   3.3e-18   3.3e-18   56.2   8.9     1    84    85   180    85   183 0.74 <unknown description>
223476at5125_5507_1:00155d|CM010802.1:1332411-1333659|-        -            417 223476               -            212   3.8e-83  268.4  20.8   2   3   1.1e-23   1.1e-23   74.1   2.9    41   131   171   262   160   265 0.82 <unknown description>
223476at5125_5507_1:00155d|CM010802.1:1332411-1333659|-        -            417 223476               -            212   3.8e-83  268.4  20.8   3   3   2.5e-45   2.5e-45  144.8   0.2   123   211   279   371   276   372 0.94 <unknown description>
223476at5125_96317_0:00242a|MRCU01000010.1:1395706-1396704|-   -            314 223476               -            212   1.8e-81  262.9  21.5   1   3   1.8e-18   1.8e-18   57.0   8.2     2    84    11   101     6   105 0.76 <unknown description>
223476at5125_96317_0:00242a|MRCU01000010.1:1395706-1396704|-   -            314 223476               -            212   1.8e-81  262.9  21.5   2   3   4.2e-23   4.2e-23   72.1   3.4    39   132    90   184    81   188 0.82 <unknown description>
223476at5125_96317_0:00242a|MRCU01000010.1:1395706-1396704|-   -            314 223476               -            212   1.8e-81  262.9  21.5   3   3   2.6e-44   2.6e-44  141.4   0.4   123   211   200   292   197   293 0.94 <unknown description>
223476at5125_96318_0:001409|CM010802.1:1332424-1333098|-       -            181 223476               -            212   7.8e-73  234.7   2.1   1   1   9.1e-73   9.1e-73  234.4   2.1    73   212    17   160     2   160 0.91 <unknown description>
223476at5125_96318_0:001409|MRCU01000010.1:1395706-1396380|-   -            181 223476               -            212   3.8e-70  225.9   2.1   1   1   4.3e-70   4.3e-70  225.7   2.1    76   212    20   160     2   160 0.92 <unknown description>
223476at5125_268505_0:0008d2|CM010802.1:1332427-1332804|-      -            107 223476               -            212   8.1e-46  146.4   1.1   1   1   9.3e-46   9.3e-46  146.2   1.1   130   212     1    87     1    87 0.95 <unknown description>
223476at5125_268505_0:0008d2|MRCU01000010.1:1395709-1396086|-  -            107 223476               -            212   6.5e-44  140.1   1.1   1   1   7.5e-44   7.5e-44  139.9   1.1   130   212     1    87     1    87 0.94 <unknown description>
223476at5125_485398_0:0019b6|CM010802.1:1332864-1333422|-      -            187 223476               -            212   6.1e-41  130.4  16.5   1   2   6.8e-19   6.8e-19   58.4   9.2     1    84     6   101     6   105 0.75 <unknown description>
223476at5125_485398_0:0019b6|CM010802.1:1332864-1333422|-      -            187 223476               -            212   6.1e-41  130.4  16.5   2   2   2.1e-24   2.1e-24   76.4   3.2    39   131    90   183    78   186 0.83 <unknown description>
223476at5125_485398_0:0019b6|MRCU01000010.1:1396146-1396704|-  -            187 223476               -            212   2.4e-40  128.5  15.4   1   2   6.9e-19   6.9e-19   58.4   8.7     2    85    11   102     6   107 0.76 <unknown description>
223476at5125_485398_0:0019b6|MRCU01000010.1:1396146-1396704|-  -            187 223476               -            212   2.4e-40  128.5  15.4   2   2   1.8e-23   1.8e-23   73.4   3.6    40   131    91   183    83   186 0.81 <unknown description>
223476at5125_72712_0:002da3|CM010802.1:1332954-1333765|-       -            271 223476               -            212   1.3e-25   80.4  14.3   1   2   2.3e-18   2.3e-18   56.7  10.0     1    85   120   216   120   222 0.75 <unknown description>
223476at5125_72712_0:002da3|CM010802.1:1332954-1333765|-       -            271 223476               -            212   1.3e-25   80.4  14.3   2   2   5.8e-09   5.8e-09   25.9   1.9    41   105   206   271   197   271 0.75 <unknown description>
223476at5125_72712_0:002da4|CM010802.1:1332424-1332702|-       -             74 223476               -            212   3.1e-25   79.1   0.1   1   1   3.4e-25   3.4e-25   79.0   0.1   167   212     8    53     1    53 0.91 <unknown description>
223476at5125_2773459_0:000d7d|MRCU01000010.1:1396281-1396704|- -            142 223476               -            212   4.8e-19   58.9  12.5   1   1   2.2e-18   2.2e-18   56.7  12.2     2    86    11   103     6   130 0.78 <unknown description>
223476at5125_2773459_0:000d7d|CM010802.1:1332999-1333422|-     -            142 223476               -            212   7.7e-19   58.2  13.9   1   2   8.3e-19   8.3e-19   58.1  10.7     1    85     6   102     6   106 0.75 <unknown description>
223476at5125_2773459_0:000d7d|CM010802.1:1332999-1333422|-     -            142 223476               -            212   7.7e-19   58.2  13.9   2   2     0.073     0.073    2.7   1.0    58    85    89   119    82   129 0.68 <unknown description>
#
# Program:         hmmsearch
# Version:         3.4 (Aug 2023)
# Pipeline mode:   SEARCH
# Query file:      /home/arafat/busco_downloads/lineages/hypocreales_odb12.2/hmms/223476at5125.hmm
# Target file:     /home/arafat/Foxy_SIX_Evolution/results/busco/GCA_003615085.1/run_hypocreales_odb12.2/miniprot_output/translated_proteins/223476at5125.faa
# Option settings: hmmsearch --domtblout /home/arafat/Foxy_SIX_Evolution/results/busco/GCA_003615085.1/run_hypocreales_odb12.2/hmmer_output/223476at5125.out --cpu 1 /home/arafat/busco_downloads/lineages/hypocreales_odb12.2/hmms/223476at5125.hmm /home/arafat/Foxy_SIX_Evolution/results/busco/GCA_003615085.1/run_hypocreales_odb12.2/miniprot_output/translated_proteins/223476at5125.faa 
# Current dir:     /home/arafat/Foxy_SIX_Evolution
# Date:            Thu Sep 24 13:59:16 2026
# [ok]
