#                                                                                                                  --- full sequence --- -------------- this domain -------------   hmm coord   ali coord   env coord
# target name                                              accession   tlen query name           accession   qlen   E-value  score  bias   #  of  c-Evalue  i-Evalue  score  bias  from    to  from    to  from    to  acc description of target
#                                      ------------------- ---------- ----- -------------------- ---------- ----- --------- ------ ----- --- --- --------- --------- ------ ----- ----- ----- ----- ----- ----- ----- ---- ---------------------
223602at5125_660025_0:00172f|CM010805.1:1192774-1193539|-  -            219 223602               -            179   1.1e-89  287.6   1.8   1   2   3.4e-89   3.4e-89  286.0   1.4     1   158     1   159     1   172 0.96 <unknown description>
223602at5125_660025_0:00172f|CM010805.1:1192774-1193539|-  -            219 223602               -            179   1.1e-89  287.6   1.8   2   2      0.26      0.26   -0.3   0.0   167   179   189   201   179   217 0.62 <unknown description>
223602at5125_857340_0:0014d7|CM010805.1:1187450-1193539|-  -            217 223602               -            179   2.7e-89  286.3   1.4   1   1   3.3e-89   3.3e-89  286.0   1.4     1   158     1   159     1   172 0.96 <unknown description>
223602at5125_1094350_0:0004b0|CM010805.1:1192990-1193539|- -            162 223602               -            179   1.1e-88  284.3   3.6   1   1   1.3e-88   1.3e-88  284.1   3.6     1   157     1   158     1   161 0.98 <unknown description>
223602at5125_1247861_0:001a86|CM010805.1:1189409-1194477|- -           1289 223602               -            179   6.8e-88  281.7   1.4   1   1   1.4e-87   1.4e-87  280.7   1.4     1   158   136   294   136   307 0.96 <unknown description>
223602at5125_1736662_0:00144c|CM010805.1:1193287-1193539|- -             85 223602               -            179   9.1e-48  151.0   1.2   1   1   9.9e-48   9.9e-48  150.9   1.2     1    84     1    84     1    84 0.99 <unknown description>
223602at5125_1283841_0:002641|CM010805.1:1192867-1193239|- -            125 223602               -            179   2.3e-41  130.2   0.1   1   2   8.7e-41   8.7e-41  128.2   0.1    86   159     9    83     3   102 0.92 <unknown description>
223602at5125_1283841_0:002641|CM010805.1:1192867-1193239|- -            125 223602               -            179   2.3e-41  130.2   0.1   2   2      0.18      0.18    0.2   0.0   165   179   109   123    94   123 0.80 <unknown description>
#
# Program:         hmmsearch
# Version:         3.4 (Aug 2023)
# Pipeline mode:   SEARCH
# Query file:      /home/arafat/busco_downloads/lineages/hypocreales_odb12.2/hmms/223602at5125.hmm
# Target file:     /home/arafat/Foxy_SIX_Evolution/results/busco/GCA_003615085.1/run_hypocreales_odb12.2/miniprot_output/translated_proteins/223602at5125.faa
# Option settings: hmmsearch --domtblout /home/arafat/Foxy_SIX_Evolution/results/busco/GCA_003615085.1/run_hypocreales_odb12.2/hmmer_output/223602at5125.out --cpu 1 /home/arafat/busco_downloads/lineages/hypocreales_odb12.2/hmms/223602at5125.hmm /home/arafat/Foxy_SIX_Evolution/results/busco/GCA_003615085.1/run_hypocreales_odb12.2/miniprot_output/translated_proteins/223602at5125.faa 
# Current dir:     /home/arafat/Foxy_SIX_Evolution
# Date:            Thu Sep 24 13:59:18 2026
# [ok]
