#                                                                                                                  --- full sequence --- -------------- this domain -------------   hmm coord   ali coord   env coord
# target name                                              accession   tlen query name           accession   qlen   E-value  score  bias   #  of  c-Evalue  i-Evalue  score  bias  from    to  from    to  from    to  acc description of target
#                                      ------------------- ---------- ----- -------------------- ---------- ----- --------- ------ ----- --- --- --------- --------- ------ ----- ----- ----- ----- ----- ----- ----- ---- ---------------------
224124at5125_1081102_0:000762|CM010802.1:3968357-3973260|+ -            318 224124               -            226  3.5e-107  345.7  14.0   1   2   0.00049   0.00049    8.3   7.6     9    47    78   117    39   118 0.72 <unknown description>
224124at5125_1081102_0:000762|CM010802.1:3968357-3973260|+ -            318 224124               -            226  3.5e-107  345.7  14.0   2   2  3.5e-107  3.5e-107  345.7  14.0    27   226   107   317   105   317 0.89 <unknown description>
224124at5125_485398_0:001efb|CM010802.1:3972378-3973260|+  -            295 224124               -            226  4.7e-107  345.3  14.8   1   2    0.0002    0.0002    9.6   6.2     9    47    55    94    32    95 0.72 <unknown description>
224124at5125_485398_0:001efb|CM010802.1:3972378-3973260|+  -            295 224124               -            226  4.7e-107  345.3  14.8   2   2  4.7e-107  4.7e-107  345.3  14.8    27   226    84   294    82   294 0.89 <unknown description>
224124at5125_160324_0:0036f4|CM010802.1:3963477-3973260|+  -            299 224124               -            226  5.6e-107  345.0  14.5   1   2   0.00025   0.00025    9.3   6.5     9    47    59    98    36    99 0.72 <unknown description>
224124at5125_160324_0:0036f4|CM010802.1:3963477-3973260|+  -            299 224124               -            226  5.6e-107  345.0  14.5   2   2  5.6e-107  5.6e-107  345.0  14.5    27   226    88   298    87   298 0.89 <unknown description>
224124at5125_1159556_0:001000|CM010802.1:3972678-3973260|+ -            195 224124               -            226  9.1e-103  331.3  13.3   1   1    1e-102    1e-102  331.1  13.3    44   226     2   194     1   194 0.88 <unknown description>
224124at5125_78864_0:00192e|CM010802.1:3972876-3973260|+   -            129 224124               -            226   1.2e-74  239.3  10.1   1   1   1.4e-74   1.4e-74  239.1  10.1   101   226     1   128     1   128 0.95 <unknown description>
#
# Program:         hmmsearch
# Version:         3.4 (Aug 2023)
# Pipeline mode:   SEARCH
# Query file:      /home/arafat/busco_downloads/lineages/hypocreales_odb12.2/hmms/224124at5125.hmm
# Target file:     /home/arafat/Foxy_SIX_Evolution/results/busco/GCA_003615085.1/run_hypocreales_odb12.2/miniprot_output/translated_proteins/224124at5125.faa
# Option settings: hmmsearch --domtblout /home/arafat/Foxy_SIX_Evolution/results/busco/GCA_003615085.1/run_hypocreales_odb12.2/hmmer_output/224124at5125.out --cpu 1 /home/arafat/busco_downloads/lineages/hypocreales_odb12.2/hmms/224124at5125.hmm /home/arafat/Foxy_SIX_Evolution/results/busco/GCA_003615085.1/run_hypocreales_odb12.2/miniprot_output/translated_proteins/224124at5125.faa 
# Current dir:     /home/arafat/Foxy_SIX_Evolution
# Date:            Thu Sep 24 13:59:22 2026
# [ok]
