#                                                                                                                      --- full sequence --- -------------- this domain -------------   hmm coord   ali coord   env coord
# target name                                                  accession   tlen query name           accession   qlen   E-value  score  bias   #  of  c-Evalue  i-Evalue  score  bias  from    to  from    to  from    to  acc description of target
#                                          ------------------- ---------- ----- -------------------- ---------- ----- --------- ------ ----- --- --- --------- --------- ------ ----- ----- ----- ----- ----- ----- ----- ---- ---------------------
224150at5125_1080343_0:0003ba|MRCU01000005.1:2859475-2860742|+ -            407 224150               -            390  1.6e-192  629.0   9.4   1   1    2e-192    2e-192  628.7   9.4     8   387    32   402    26   405 0.94 <unknown description>
224150at5125_72712_0:0011b7|MRCU01000005.1:2857729-2860742|+   -            756 224150               -            390  1.3e-191  626.0   9.4   1   3       1.2       1.2   -2.7   2.8   340   363   128   151    61   193 0.52 <unknown description>
224150at5125_72712_0:0011b7|MRCU01000005.1:2857729-2860742|+   -            756 224150               -            390  1.3e-191  626.0   9.4   2   3       1.1       1.1   -2.5   2.2   262   365   246   275   180   288 0.45 <unknown description>
224150at5125_72712_0:0011b7|MRCU01000005.1:2857729-2860742|+   -            756 224150               -            390  1.3e-191  626.0   9.4   3   3  1.3e-191  1.3e-191  626.0   9.4     8   387   381   751   375   754 0.94 <unknown description>
224150at5125_2559221_0:0010e9|MRCU01000005.1:2859529-2860448|+ -            291 224150               -            390  4.9e-166  541.8   7.6   1   1  5.9e-166  5.9e-166  541.6   7.6     8   289    14   287     8   291 0.95 <unknown description>
224150at5125_5507_4:001760|MRCU01000005.1:2859742-2860742|+    -            318 224150               -            390  3.4e-157  512.7   9.1   1   1  3.8e-157  3.8e-157  512.6   9.1    67   387     1   313     1   316 0.95 <unknown description>
224150at5125_1043627_0:00027a|MRCU01000005.1:2855611-2860739|+ -            319 224150               -            390  1.9e-119  388.4  12.6   1   1  2.3e-119  2.3e-119  388.2  12.6   121   387    54   315    22   318 0.92 <unknown description>
224150at5125_1649129_0:001b00|MRCU01000005.1:2859529-2860078|+ -            184 224150               -            390     8e-98  317.3   1.0   1   1     1e-97     1e-97  316.9   1.0     7   174    13   176     8   181 0.95 <unknown description>
224150at5125_2885761_0:0026ec|MRCU01000005.1:2859475-2860245|+ -            257 224150               -            390   8.8e-98  317.1   0.3   1   1     1e-97     1e-97  316.9   0.3     8   174    32   194    26   235 0.94 <unknown description>
224150at5125_247652_0:0016b3|MRCU01000005.1:2860094-2860739|+  -            216 224150               -            390   4.1e-92  298.5   6.6   1   1   4.5e-92   4.5e-92  298.3   6.6   171   387     1   212     1   215 0.93 <unknown description>
224150at5125_1294630_0:001ed1|MRCU01000005.1:2860094-2860586|+ -            165 224150               -            390   2.8e-82  266.1   5.6   1   1     3e-82     3e-82  266.0   5.6   171   336     1   161     1   165 0.94 <unknown description>
224150at5125_83212_0:000040|MRCU01000005.1:2860244-2860649|+   -            136 224150               -            390   1.7e-57  184.5   4.4   1   1   1.8e-57   1.8e-57  184.4   4.4   225   362     1   135     1   136 0.91 <unknown description>
224150at5125_2885761_0:00276a|MRCU01000005.1:2860292-2860742|+ -            151 224150               -            390     5e-55  176.4   3.0   1   1   5.5e-55   5.5e-55  176.2   3.0   241   387     1   146     1   149 0.92 <unknown description>
#
# Program:         hmmsearch
# Version:         3.4 (Aug 2023)
# Pipeline mode:   SEARCH
# Query file:      /home/arafat/busco_downloads/lineages/hypocreales_odb12.2/hmms/224150at5125.hmm
# Target file:     /home/arafat/Foxy_SIX_Evolution/results/busco/GCA_003615085.1/run_hypocreales_odb12.2/miniprot_output/translated_proteins/224150at5125.faa
# Option settings: hmmsearch --domtblout /home/arafat/Foxy_SIX_Evolution/results/busco/GCA_003615085.1/run_hypocreales_odb12.2/hmmer_output/224150at5125.out --cpu 1 /home/arafat/busco_downloads/lineages/hypocreales_odb12.2/hmms/224150at5125.hmm /home/arafat/Foxy_SIX_Evolution/results/busco/GCA_003615085.1/run_hypocreales_odb12.2/miniprot_output/translated_proteins/224150at5125.faa 
# Current dir:     /home/arafat/Foxy_SIX_Evolution
# Date:            Thu Sep 24 13:59:22 2026
# [ok]
