#                                                                                                                 --- full sequence --- -------------- this domain -------------   hmm coord   ali coord   env coord
# target name                                             accession   tlen query name           accession   qlen   E-value  score  bias   #  of  c-Evalue  i-Evalue  score  bias  from    to  from    to  from    to  acc description of target
#                                     ------------------- ---------- ----- -------------------- ---------- ----- --------- ------ ----- --- --- --------- --------- ------ ----- ----- ----- ----- ----- ----- ----- ---- ---------------------
31179at5125_396571_0:002caa|CM010805.1:2624583-2626079|+  -            449 31179                -            433    1e-241  790.9   0.0   1   1  1.1e-241  1.2e-241  790.7   0.0     3   433    15   448    13   448 0.98 <unknown description>
31179at5125_5507_5:00398f|CM010805.1:2622908-2626079|+    -            844 31179                -            433    7e-241  788.2   0.0   1   1  7.9e-241    9e-241  787.9   0.0     3   433   410   843   408   843 0.98 <unknown description>
31179at5125_1649241_0:001165|CM010805.1:2624583-2625766|+ -            363 31179                -            433  2.7e-195  638.0   0.0   1   1  2.8e-195  3.2e-195  637.8   0.0     3   351    15   362    13   363 0.99 <unknown description>
31179at5125_160324_0:003e65|CM010805.1:2625056-2626079|+  -            308 31179                -            433  3.1e-172  562.0   0.0   1   1    3e-172  3.4e-172  561.9   0.0   131   433     1   307     1   307 0.98 <unknown description>
31179at5125_398673_0:001910|CM010805.1:2624583-2625461|+  -            277 31179                -            433  2.2e-144  470.3   0.0   1   1  2.4e-144  2.7e-144  469.9   0.0     3   262    15   273    13   275 0.98 <unknown description>
31179at5125_2004951_0:001882|CM010805.1:2625314-2626079|+ -            222 31179                -            433  1.7e-117  381.7   0.0   1   1  1.6e-117  1.9e-117  381.5   0.0   217   433     1   221     1   221 0.97 <unknown description>
31179at5125_160324_0:0008ff|CM010805.1:2624583-2624981|+  -            117 31179                -            433   8.4e-52  165.2   0.0   1   1   8.5e-52   9.7e-52  165.0   0.0     3   106    15   117    13   117 0.96 <unknown description>
#
# Program:         hmmsearch
# Version:         3.4 (Aug 2023)
# Pipeline mode:   SEARCH
# Query file:      /home/arafat/busco_downloads/lineages/hypocreales_odb12.2/hmms/31179at5125.hmm
# Target file:     /home/arafat/Foxy_SIX_Evolution/results/busco/GCA_003615085.1/run_hypocreales_odb12.2/miniprot_output/translated_proteins/31179at5125.faa
# Option settings: hmmsearch --domtblout /home/arafat/Foxy_SIX_Evolution/results/busco/GCA_003615085.1/run_hypocreales_odb12.2/hmmer_output/31179at5125.out --cpu 1 /home/arafat/busco_downloads/lineages/hypocreales_odb12.2/hmms/31179at5125.hmm /home/arafat/Foxy_SIX_Evolution/results/busco/GCA_003615085.1/run_hypocreales_odb12.2/miniprot_output/translated_proteins/31179at5125.faa 
# Current dir:     /home/arafat/Foxy_SIX_Evolution
# Date:            Thu Sep 24 13:59:19 2026
# [ok]
