#                                                                                                                   --- full sequence --- -------------- this domain -------------   hmm coord   ali coord   env coord
# target name                                               accession   tlen query name           accession   qlen   E-value  score  bias   #  of  c-Evalue  i-Evalue  score  bias  from    to  from    to  from    to  acc description of target
#                                       ------------------- ---------- ----- -------------------- ---------- ----- --------- ------ ----- --- --- --------- --------- ------ ----- ----- ----- ----- ----- ----- ----- ---- ---------------------
33226at5125_396571_0:001849|CM010802.1:4544015-4545240|+    -            377 33226                -            353  6.6e-166  540.4   0.0   1   1  7.5e-166  7.5e-166  540.2   0.0     5   352    12   373     8   374 0.94 <unknown description>
33226at5125_72712_0:00099c|CM010802.1:4541923-4545240|+     -            767 33226                -            353    3e-153  498.8   0.0   1   1  4.3e-153  4.3e-153  498.3   0.0     5   352   416   763   412   764 0.95 <unknown description>
33226at5125_2885761_0:001454|CM010802.1:4544018-4544993|+   -            310 33226                -            353  1.1e-134  437.8   0.0   1   1  1.3e-134  1.3e-134  437.5   0.0     5   289    11   305     7   309 0.94 <unknown description>
33226at5125_485398_0:003cd3|CM010802.1:4544390-4545234|+    -            266 33226                -            353  3.4e-123  400.0   0.1   1   1  3.8e-123  3.8e-123  399.8   0.1    97   352     1   264     1   265 0.95 <unknown description>
33226at5125_1081102_0:000738|MRCU01000013.1:931626-932886|+ -            387 33226                -            353   4.7e-89  287.7   0.2   1   1     2e-88     2e-88  285.6   0.2     6   352    19   382    14   383 0.89 <unknown description>
33226at5125_93591_0:001352|CM010802.1:4544060-4547707|+     -            159 33226                -            353   1.6e-72  233.2   0.0   1   1     2e-72     2e-72  233.0   0.0     9   153     1   152     1   155 0.93 <unknown description>
33226at5125_468837_0:0002c6|CM010802.1:4544273-4544495|+    -             75 33226                -            353   7.9e-46  145.5   0.7   1   1   8.4e-46   8.4e-46  145.4   0.7    60   131     3    75     1    75 0.96 <unknown description>
#
# Program:         hmmsearch
# Version:         3.4 (Aug 2023)
# Pipeline mode:   SEARCH
# Query file:      /home/arafat/busco_downloads/lineages/hypocreales_odb12.2/hmms/33226at5125.hmm
# Target file:     /home/arafat/Foxy_SIX_Evolution/results/busco/GCA_003615085.1/run_hypocreales_odb12.2/miniprot_output/translated_proteins/33226at5125.faa
# Option settings: hmmsearch --domtblout /home/arafat/Foxy_SIX_Evolution/results/busco/GCA_003615085.1/run_hypocreales_odb12.2/hmmer_output/33226at5125.out --cpu 1 /home/arafat/busco_downloads/lineages/hypocreales_odb12.2/hmms/33226at5125.hmm /home/arafat/Foxy_SIX_Evolution/results/busco/GCA_003615085.1/run_hypocreales_odb12.2/miniprot_output/translated_proteins/33226at5125.faa 
# Current dir:     /home/arafat/Foxy_SIX_Evolution
# Date:            Thu Sep 24 13:59:22 2026
# [ok]
