#                                                                                                                 --- full sequence --- -------------- this domain -------------   hmm coord   ali coord   env coord
# target name                                             accession   tlen query name           accession   qlen   E-value  score  bias   #  of  c-Evalue  i-Evalue  score  bias  from    to  from    to  from    to  acc description of target
#                                     ------------------- ---------- ----- -------------------- ---------- ----- --------- ------ ----- --- --- --------- --------- ------ ----- ----- ----- ----- ----- ----- ----- ---- ---------------------
35032at5125_1247861_0:001cd1|CM010800.1:1429567-1440094|+ -           2904 35032                -           2104         0 4862.6   0.0   1   1         0         0 4862.4   0.0     1  2103     1  2110     1  2111 1.00 <unknown description>
35032at5125_96318_0:000565|CM010800.1:1428004-1436010|+   -           2258 35032                -           2104         0 4850.1   0.0   1   1         0         0 4849.8   0.0     9  2103   155  2254   148  2255 1.00 <unknown description>
35032at5125_72712_0:001d11|CM010800.1:1429856-1436010|+   -           2034 35032                -           2104         0 4703.5   0.0   1   1         0         0 4703.3   0.0    77  2103     1  2030     1  2031 1.00 <unknown description>
35032at5125_92637_0:000572|CM010800.1:1429567-1434128|+   -           1505 35032                -           2104         0 3487.9   0.0   1   1         0         0 3487.7   0.0     1  1501     1  1505     1  1505 1.00 <unknown description>
35032at5125_911162_0:0016e0|CM010800.1:1431509-1435998|+  -           1479 35032                -           2104         0 3410.7   0.2   1   1         0         0 3410.5   0.2   628  2103     1  1479     1  1479 1.00 <unknown description>
35032at5125_1237068_0:00368b|CM010800.1:1432577-1436010|+ -           1127 35032                -           2104         0 2593.8   0.3   1   1         0         0 2593.6   0.3   984  2103     1  1123     1  1124 1.00 <unknown description>
35032at5125_1237068_0:0041b5|CM010800.1:1429567-1432637|+ -           1008 35032                -           2104         0 2294.0   0.0   1   1         0         0 2293.9   0.0     1  1004     1  1008     1  1008 1.00 <unknown description>
35032at5125_468837_0:0015b1|CM010800.1:1430888-1433690|+  -            935 35032                -           2104         0 2157.2   0.0   1   1         0         0 2157.1   0.0   421  1355     1   935     1   935 1.00 <unknown description>
35032at5125_468837_0:00056e|CM010800.1:1433972-1435998|+  -            658 35032                -           2104         0 1458.3   0.0   1   1         0         0 1458.1   0.0  1449  2103     1   658     1   658 0.99 <unknown description>
#
# Program:         hmmsearch
# Version:         3.4 (Aug 2023)
# Pipeline mode:   SEARCH
# Query file:      /home/arafat/busco_downloads/lineages/hypocreales_odb12.2/hmms/35032at5125.hmm
# Target file:     /home/arafat/Foxy_SIX_Evolution/results/busco/GCA_003615085.1/run_hypocreales_odb12.2/miniprot_output/translated_proteins/35032at5125.faa
# Option settings: hmmsearch --domtblout /home/arafat/Foxy_SIX_Evolution/results/busco/GCA_003615085.1/run_hypocreales_odb12.2/hmmer_output/35032at5125.out --cpu 1 /home/arafat/busco_downloads/lineages/hypocreales_odb12.2/hmms/35032at5125.hmm /home/arafat/Foxy_SIX_Evolution/results/busco/GCA_003615085.1/run_hypocreales_odb12.2/miniprot_output/translated_proteins/35032at5125.faa 
# Current dir:     /home/arafat/Foxy_SIX_Evolution
# Date:            Thu Sep 24 13:59:23 2026
# [ok]
