#                                                                                                                 --- full sequence --- -------------- this domain -------------   hmm coord   ali coord   env coord
# target name                                             accession   tlen query name           accession   qlen   E-value  score  bias   #  of  c-Evalue  i-Evalue  score  bias  from    to  from    to  from    to  acc description of target
#                                     ------------------- ---------- ----- -------------------- ---------- ----- --------- ------ ----- --- --- --------- --------- ------ ----- ----- ----- ----- ----- ----- ----- ---- ---------------------
36134at5125_1080343_0:001966|CM010800.1:4120522-4123311|+ -            858 36134                -            850         0 1852.6   4.7   1   1         0         0 1852.4   4.7     1   850     1   857     1   857 0.99 <unknown description>
36134at5125_160324_0:001dee|CM010800.1:4120522-4124449|+  -           1160 36134                -            850         0 1850.1   5.2   1   1         0         0 1849.9   5.2     1   849     1   856     1   857 0.99 <unknown description>
36134at5125_42747_0:0003fc|CM010800.1:4117847-4123311|+   -           1470 36134                -            850         0 1850.1   4.7   1   1         0         0 1849.9   4.7     1   850   613  1469   613  1469 0.99 <unknown description>
36134at5125_96317_0:004ea7|CM010807.1:140355-143106|+     -            863 36134                -            850         0 1691.5   8.3   1   1         0         0 1687.9   8.3     1   850     1   862     1   862 0.98 <unknown description>
36134at5125_468837_0:0016e1|CM010800.1:4121289-4123311|+  -            641 36134                -            850         0 1373.0  11.8   1   1         0         0 1372.9  11.8   218   850     1   640     1   640 0.99 <unknown description>
36134at5125_2885761_0:001ae7|CM010800.1:4120522-4122362|+ -            564 36134                -            850         0 1162.5   2.1   1   1         0         0 1162.2   2.1     1   537     1   537     1   540 1.00 <unknown description>
36134at5125_1089452_0:004a11|CM010800.1:4122108-4123311|+ -            368 36134                -            850  6.5e-229  751.6   6.8   1   1  7.3e-229  7.3e-229  751.4   6.8   491   850     1   367     1   367 0.98 <unknown description>
36134at5125_1089452_0:004a11|CM010807.1:141934-143106|+   -            354 36134                -            850  3.1e-215  706.3   8.0   1   1  3.5e-215  3.5e-215  706.2   8.0   491   850     1   353     1   353 0.99 <unknown description>
36134at5125_2885761_0:001d0c|CM010800.1:4122390-4123311|+ -            274 36134                -            850  1.1e-165  542.4   4.3   1   1  1.3e-165  1.3e-165  542.2   4.3   585   850     1   273     1   273 0.97 <unknown description>
36134at5125_948311_0:0010f6|CM010807.1:142561-143106|+    -            145 36134                -            850   3.8e-89  289.2   5.2   1   1   4.2e-89   4.2e-89  289.1   5.2   708   850     1   144     1   144 0.98 <unknown description>
36134at5125_5507_2:00256e|CM010807.1:142796-143106|+      -             86 36134                -            850   1.1e-50  161.9   2.3   1   1   1.3e-50   1.3e-50  161.8   2.3   766   850     1    85     1    85 0.99 <unknown description>
#
# Program:         hmmsearch
# Version:         3.4 (Aug 2023)
# Pipeline mode:   SEARCH
# Query file:      /home/arafat/busco_downloads/lineages/hypocreales_odb12.2/hmms/36134at5125.hmm
# Target file:     /home/arafat/Foxy_SIX_Evolution/results/busco/GCA_003615085.1/run_hypocreales_odb12.2/miniprot_output/translated_proteins/36134at5125.faa
# Option settings: hmmsearch --domtblout /home/arafat/Foxy_SIX_Evolution/results/busco/GCA_003615085.1/run_hypocreales_odb12.2/hmmer_output/36134at5125.out --cpu 1 /home/arafat/busco_downloads/lineages/hypocreales_odb12.2/hmms/36134at5125.hmm /home/arafat/Foxy_SIX_Evolution/results/busco/GCA_003615085.1/run_hypocreales_odb12.2/miniprot_output/translated_proteins/36134at5125.faa 
# Current dir:     /home/arafat/Foxy_SIX_Evolution
# Date:            Thu Sep 24 13:59:26 2026
# [ok]
