#                                                                                                                 --- full sequence --- -------------- this domain -------------   hmm coord   ali coord   env coord
# target name                                             accession   tlen query name           accession   qlen   E-value  score  bias   #  of  c-Evalue  i-Evalue  score  bias  from    to  from    to  from    to  acc description of target
#                                     ------------------- ---------- ----- -------------------- ---------- ----- --------- ------ ----- --- --- --------- --------- ------ ----- ----- ----- ----- ----- ----- ----- ---- ---------------------
54472at5125_2885761_0:002453|CM010800.1:1091671-1095166|+ -           1027 54472                -            910         0 1909.3   0.0   1   1         0         0 1909.1   0.0     1   910    83  1026    83  1026 0.96 <unknown description>
54472at5125_2502994_0:002800|CM010800.1:1090755-1095166|+ -           1086 54472                -            910         0 1909.0   0.0   1   1         0         0 1908.8   0.0     1   910   142  1085   142  1085 0.96 <unknown description>
54472at5125_1649241_0:0005e6|CM010800.1:1087319-1095166|+ -           1414 54472                -            910         0 1907.8   0.0   1   1         0         0 1907.5   0.0     1   910   470  1413   470  1413 0.96 <unknown description>
54472at5125_101201_0:001a0d|CM010800.1:1083844-1095166|+  -            990 54472                -            910         0 1788.6   5.6   1   2  7.9e-188  7.9e-188  614.7   5.4     1   288    91   384    91   384 0.98 <unknown description>
54472at5125_101201_0:001a0d|CM010800.1:1083844-1095166|+  -            990 54472                -            910         0 1788.6   5.6   2   2         0         0 1173.9   0.0   332   910   384   989   383   989 0.95 <unknown description>
54472at5125_983965_0:0021e6|CM010800.1:1093604-1094933|+  -            444 54472                -            910  2.1e-255  838.3   0.0   1   1  2.3e-255  2.3e-255  838.2   0.0   436   857     1   442     1   444 0.95 <unknown description>
54472at5125_150374_0:0005cd|CM010800.1:1091467-1093115|+  -            356 54472                -            910  3.2e-189  619.3   5.1   1   1  3.9e-189  3.9e-189  619.0   5.1     1   288    59   352    59   355 0.98 <unknown description>
#
# Program:         hmmsearch
# Version:         3.4 (Aug 2023)
# Pipeline mode:   SEARCH
# Query file:      /home/arafat/busco_downloads/lineages/hypocreales_odb12.2/hmms/54472at5125.hmm
# Target file:     /home/arafat/Foxy_SIX_Evolution/results/busco/GCA_003615085.1/run_hypocreales_odb12.2/miniprot_output/translated_proteins/54472at5125.faa
# Option settings: hmmsearch --domtblout /home/arafat/Foxy_SIX_Evolution/results/busco/GCA_003615085.1/run_hypocreales_odb12.2/hmmer_output/54472at5125.out --cpu 1 /home/arafat/busco_downloads/lineages/hypocreales_odb12.2/hmms/54472at5125.hmm /home/arafat/Foxy_SIX_Evolution/results/busco/GCA_003615085.1/run_hypocreales_odb12.2/miniprot_output/translated_proteins/54472at5125.faa 
# Current dir:     /home/arafat/Foxy_SIX_Evolution
# Date:            Thu Sep 24 13:59:16 2026
# [ok]
