#                                                                                                                 --- full sequence --- -------------- this domain -------------   hmm coord   ali coord   env coord
# target name                                             accession   tlen query name           accession   qlen   E-value  score  bias   #  of  c-Evalue  i-Evalue  score  bias  from    to  from    to  from    to  acc description of target
#                                     ------------------- ---------- ----- -------------------- ---------- ----- --------- ------ ----- --- --- --------- --------- ------ ----- ----- ----- ----- ----- ----- ----- ---- ---------------------
56713at5125_485398_0:003833|CM010805.1:1147506-1149458|-  -            443 56713                -            412  1.2e-267  876.5   0.0   1   1  1.4e-267  1.4e-267  876.2   0.0     5   411    19   425    15   426 0.99 <unknown description>
56713at5125_5544_2:0021f3|CM010805.1:1148075-1150316|-    -            568 56713                -            412  1.7e-267  875.9   0.0   1   1  2.1e-267  2.1e-267  875.6   0.0     5   412   160   567   156   567 0.99 <unknown description>
56713at5125_1079257_0:00078f|CM010805.1:1145630-1149458|- -            557 56713                -            412  1.3e-266  873.0   0.0   1   1  1.5e-266  1.5e-266  872.8   0.0     5   410    19   424    15   426 0.99 <unknown description>
56713at5125_2885761_0:0021a2|CM010805.1:1148064-1149458|- -            447 56713                -            412  3.1e-260  852.0   0.0   1   1  3.8e-260  3.8e-260  851.7   0.0     5   400    19   414    15   424 0.98 <unknown description>
56713at5125_1089448_0:002ec5|CM010807.1:3028843-3030355|+ -            426 56713                -            412  5.6e-235  768.8   0.0   1   1  6.7e-235  6.7e-235  768.6   0.0    14   411    25   424    13   425 0.98 <unknown description>
56713at5125_42677_0:00271f|CM010805.1:1148376-1149449|-   -            340 56713                -            412  6.7e-211  689.5   0.0   1   1  7.9e-211  7.9e-211  689.3   0.0     5   329    16   340    12   340 0.99 <unknown description>
56713at5125_47803_0:001ac2|CM010807.1:3028843-3029910|+   -            328 56713                -            412  1.2e-176  576.7   0.1   1   1  2.8e-176  2.8e-176  575.5   0.1    14   331    25   328    13   328 0.97 <unknown description>
56713at5125_93591_0:0007d1|CM010805.1:1148935-1149458|-   -            156 56713                -            412   2.5e-68  219.9   0.0   1   1   3.1e-68   3.1e-68  219.6   0.0     5   126    19   140    15   147 0.94 <unknown description>
56713at5125_1435070_0:001559|CM010805.1:1148991-1149362|- -            106 56713                -            412   4.1e-66  212.7   0.1   1   1   4.5e-66   4.5e-66  212.5   0.1    19   123     1   105     1   106 0.99 <unknown description>
#
# Program:         hmmsearch
# Version:         3.4 (Aug 2023)
# Pipeline mode:   SEARCH
# Query file:      /home/arafat/busco_downloads/lineages/hypocreales_odb12.2/hmms/56713at5125.hmm
# Target file:     /home/arafat/Foxy_SIX_Evolution/results/busco/GCA_003615085.1/run_hypocreales_odb12.2/miniprot_output/translated_proteins/56713at5125.faa
# Option settings: hmmsearch --domtblout /home/arafat/Foxy_SIX_Evolution/results/busco/GCA_003615085.1/run_hypocreales_odb12.2/hmmer_output/56713at5125.out --cpu 1 /home/arafat/busco_downloads/lineages/hypocreales_odb12.2/hmms/56713at5125.hmm /home/arafat/Foxy_SIX_Evolution/results/busco/GCA_003615085.1/run_hypocreales_odb12.2/miniprot_output/translated_proteins/56713at5125.faa 
# Current dir:     /home/arafat/Foxy_SIX_Evolution
# Date:            Thu Sep 24 13:59:18 2026
# [ok]
