#                                                                                                                 --- full sequence --- -------------- this domain -------------   hmm coord   ali coord   env coord
# target name                                             accession   tlen query name           accession   qlen   E-value  score  bias   #  of  c-Evalue  i-Evalue  score  bias  from    to  from    to  from    to  acc description of target
#                                     ------------------- ---------- ----- -------------------- ---------- ----- --------- ------ ----- --- --- --------- --------- ------ ----- ----- ----- ----- ----- ----- ----- ---- ---------------------
58559at5125_1080343_0:003364|CM010801.1:3565848-3567790|+ -            574 58559                -            450  1.2e-204  668.6  30.9   1   2      0.11      0.11   -0.4   0.1     1    14     3    16     3    26 0.83 <unknown description>
58559at5125_1080343_0:003364|CM010801.1:3565848-3567790|+ -            574 58559                -            450  1.2e-204  668.6  30.9   2   2    1e-203    1e-203  665.5  27.6    13   447    37   557    33   560 0.81 <unknown description>
58559at5125_1081108_0:000206|CM010801.1:3556925-3567790|+ -            631 58559                -            450  1.4e-204  668.3  30.6   1   2      0.12      0.12   -0.5   0.1     1    14    60    73    60    83 0.83 <unknown description>
58559at5125_1081108_0:000206|CM010801.1:3556925-3567790|+ -            631 58559                -            450  1.4e-204  668.3  30.6   2   2  1.2e-203  1.2e-203  665.2  27.3    13   447    94   614    91   617 0.81 <unknown description>
58559at5125_2885761_0:0012ad|CM010801.1:3566308-3567790|+ -            495 58559                -            450  1.2e-173  566.4  22.3   1   1  3.6e-172  3.6e-172  561.5  22.3    56   447     1   478     1   481 0.80 <unknown description>
58559at5125_911162_0:00146e|CM010801.1:3566305-3567319|+  -            339 58559                -            450  2.5e-135  440.0  15.8   1   1    5e-134    5e-134  435.8  15.8    55   336     1   339     1   339 0.80 <unknown description>
58559at5125_229533_0:002f39|CM010801.1:3565848-3566370|+  -            102 58559                -            450   6.5e-29   89.3   4.1   1   2     0.011     0.011    2.9   0.0     1    14     3    16     3    30 0.83 <unknown description>
58559at5125_229533_0:002f39|CM010801.1:3565848-3566370|+  -            102 58559                -            450   6.5e-29   89.3   4.1   2   2   2.8e-28   2.8e-28   87.2   1.5    13    55    37    79    31    82 0.96 <unknown description>
#
# Program:         hmmsearch
# Version:         3.4 (Aug 2023)
# Pipeline mode:   SEARCH
# Query file:      /home/arafat/busco_downloads/lineages/hypocreales_odb12.2/hmms/58559at5125.hmm
# Target file:     /home/arafat/Foxy_SIX_Evolution/results/busco/GCA_003615085.1/run_hypocreales_odb12.2/miniprot_output/translated_proteins/58559at5125.faa
# Option settings: hmmsearch --domtblout /home/arafat/Foxy_SIX_Evolution/results/busco/GCA_003615085.1/run_hypocreales_odb12.2/hmmer_output/58559at5125.out --cpu 1 /home/arafat/busco_downloads/lineages/hypocreales_odb12.2/hmms/58559at5125.hmm /home/arafat/Foxy_SIX_Evolution/results/busco/GCA_003615085.1/run_hypocreales_odb12.2/miniprot_output/translated_proteins/58559at5125.faa 
# Current dir:     /home/arafat/Foxy_SIX_Evolution
# Date:            Thu Sep 24 13:59:19 2026
# [ok]
