#                                                                                                                 --- full sequence --- -------------- this domain -------------   hmm coord   ali coord   env coord
# target name                                             accession   tlen query name           accession   qlen   E-value  score  bias   #  of  c-Evalue  i-Evalue  score  bias  from    to  from    to  from    to  acc description of target
#                                     ------------------- ---------- ----- -------------------- ---------- ----- --------- ------ ----- --- --- --------- --------- ------ ----- ----- ----- ----- ----- ----- ----- ---- ---------------------
62809at5125_78410_0:00165f|CM010800.1:4966546-4975566|-   -            496 62809                -            496    3e-269  883.1   0.0   1   1    4e-269    4e-269  882.7   0.0     4   487    14   481    11   485 0.96 <unknown description>
62809at5125_396571_0:0005b3|CM010800.1:4973930-4975764|-  -            552 62809                -            496  5.5e-269  882.2   0.0   1   1    7e-269    7e-269  881.9   0.0     4   486    80   546    77   551 0.96 <unknown description>
62809at5125_61374_0:0000c3|CM010800.1:4973930-4977031|-   -            506 62809                -            496  7.6e-264  865.3   0.1   1   1    9e-264    9e-264  865.0   0.1    37   486    64   500    42   505 0.95 <unknown description>
62809at5125_660027_0:000475|CM010800.1:4973930-4975317|-  -            445 62809                -            496  1.6e-263  864.2   0.1   1   1  1.7e-263  1.7e-263  864.1   0.1    39   486     5   439     1   444 0.96 <unknown description>
62809at5125_1576542_0:0002b7|CM010800.1:4971931-4975566|- -            625 62809                -            496  7.1e-243  796.1   0.1   1   2  7.1e-243  7.1e-243  796.1   0.1     4   450    14   444    11   477 0.94 <unknown description>
62809at5125_1576542_0:0002b7|CM010800.1:4971931-4975566|- -            625 62809                -            496  7.1e-243  796.1   0.1   2   2      0.21      0.21   -0.4   2.4    37   122   472   553   445   571 0.43 <unknown description>
62809at5125_2692428_0:002bfa|CM010800.1:4973969-4974759|- -            246 62809                -            496    5e-163  532.7   3.0   1   1  5.6e-163  5.6e-163  532.5   3.0   232   479     1   246     1   246 0.98 <unknown description>
62809at5125_2604345_0:002bb6|CM010800.1:4974567-4975617|- -            309 62809                -            496  5.4e-154  502.9   0.0   1   1  6.6e-154  6.6e-154  502.6   0.0     4   296    31   309    28   309 0.96 <unknown description>
62809at5125_2604345_0:002b88|CM010800.1:4973930-4974537|- -            185 62809                -            496  3.5e-104  338.6   4.0   1   1  3.8e-104  3.8e-104  338.5   4.0   307   487     2   180     1   184 0.96 <unknown description>
62809at5125_93591_0:002084|CM010800.1:4973969-4974282|-   -             87 62809                -            496   1.3e-60  194.9   5.5   1   1   1.4e-60   1.4e-60  194.8   5.5   393   479     1    87     1    87 0.99 <unknown description>
#
# Program:         hmmsearch
# Version:         3.4 (Aug 2023)
# Pipeline mode:   SEARCH
# Query file:      /home/arafat/busco_downloads/lineages/hypocreales_odb12.2/hmms/62809at5125.hmm
# Target file:     /home/arafat/Foxy_SIX_Evolution/results/busco/GCA_003615085.1/run_hypocreales_odb12.2/miniprot_output/translated_proteins/62809at5125.faa
# Option settings: hmmsearch --domtblout /home/arafat/Foxy_SIX_Evolution/results/busco/GCA_003615085.1/run_hypocreales_odb12.2/hmmer_output/62809at5125.out --cpu 1 /home/arafat/busco_downloads/lineages/hypocreales_odb12.2/hmms/62809at5125.hmm /home/arafat/Foxy_SIX_Evolution/results/busco/GCA_003615085.1/run_hypocreales_odb12.2/miniprot_output/translated_proteins/62809at5125.faa 
# Current dir:     /home/arafat/Foxy_SIX_Evolution
# Date:            Thu Sep 24 13:59:26 2026
# [ok]
