#                                                                                                                 --- full sequence --- -------------- this domain -------------   hmm coord   ali coord   env coord
# target name                                             accession   tlen query name           accession   qlen   E-value  score  bias   #  of  c-Evalue  i-Evalue  score  bias  from    to  from    to  from    to  acc description of target
#                                     ------------------- ---------- ----- -------------------- ---------- ----- --------- ------ ----- --- --- --------- --------- ------ ----- ----- ----- ----- ----- ----- ----- ---- ---------------------
69552at5125_327505_0:0026e9|CM010804.1:3038231-3039764|-  -            512 69552                -            470    3e-241  789.7   0.0   1   1  3.5e-241  3.5e-241  789.5   0.0     2   470     8   511     7   511 0.90 <unknown description>
69552at5125_96318_0:003d51|CM010804.1:3038231-3040161|-   -            605 69552                -            470  5.6e-241  788.9   0.0   1   1  6.5e-241  6.5e-241  788.7   0.0     2   470   101   604   100   604 0.90 <unknown description>
69552at5125_1101274_0:002dcd|CM010804.1:3036283-3039764|- -            678 69552                -            470  2.4e-198  648.3   0.2   1   2  4.7e-198  4.7e-198  647.3   0.0     2   395     8   434     7   439 0.89 <unknown description>
69552at5125_1101274_0:002dcd|CM010804.1:3036283-3039764|- -            678 69552                -            470  2.4e-198  648.3   0.2   2   2      0.63      0.63   -2.6   0.1   339   370   489   519   463   528 0.67 <unknown description>
69552at5125_195108_0:00239b|CM010804.1:3038231-3039290|-  -            354 69552                -            470  2.7e-190  621.8   0.0   1   1    3e-190    3e-190  621.6   0.0   137   470     1   353     1   353 0.93 <unknown description>
69552at5125_48495_0:002b4e|CM010804.1:3038682-3039764|-   -            341 69552                -            470  1.5e-144  470.9   0.0   1   1  1.9e-144  1.9e-144  470.6   0.0     2   293     8   326     7   336 0.89 <unknown description>
69552at5125_92637_0:000ee6|CM010804.1:3038231-3038903|-   -            225 69552                -            470  1.5e-121  395.1   0.0   1   1  1.7e-121  1.7e-121  394.9   0.0   255   470     1   224     1   224 0.94 <unknown description>
69552at5125_2030778_0:00179c|CM010804.1:3038475-3044531|- -            320 69552                -            470    2e-107  348.5   0.0   1   1  2.7e-107  2.7e-107  348.1   0.0   134   334    46   258    11   270 0.87 <unknown description>
69552at5125_2004951_0:001941|CM010804.1:3038231-3038543|- -            105 69552                -            470   9.1e-57  181.5   0.0   1   1     1e-56     1e-56  181.4   0.0   369   470     1   104     1   104 0.96 <unknown description>
#
# Program:         hmmsearch
# Version:         3.4 (Aug 2023)
# Pipeline mode:   SEARCH
# Query file:      /home/arafat/busco_downloads/lineages/hypocreales_odb12.2/hmms/69552at5125.hmm
# Target file:     /home/arafat/Foxy_SIX_Evolution/results/busco/GCA_003615085.1/run_hypocreales_odb12.2/miniprot_output/translated_proteins/69552at5125.faa
# Option settings: hmmsearch --domtblout /home/arafat/Foxy_SIX_Evolution/results/busco/GCA_003615085.1/run_hypocreales_odb12.2/hmmer_output/69552at5125.out --cpu 1 /home/arafat/busco_downloads/lineages/hypocreales_odb12.2/hmms/69552at5125.hmm /home/arafat/Foxy_SIX_Evolution/results/busco/GCA_003615085.1/run_hypocreales_odb12.2/miniprot_output/translated_proteins/69552at5125.faa 
# Current dir:     /home/arafat/Foxy_SIX_Evolution
# Date:            Thu Sep 24 13:59:35 2026
# [ok]
