#                                                                                                                 --- full sequence --- -------------- this domain -------------   hmm coord   ali coord   env coord
# target name                                             accession   tlen query name           accession   qlen   E-value  score  bias   #  of  c-Evalue  i-Evalue  score  bias  from    to  from    to  from    to  acc description of target
#                                     ------------------- ---------- ----- -------------------- ---------- ----- --------- ------ ----- --- --- --------- --------- ------ ----- ----- ----- ----- ----- ----- ----- ---- ---------------------
72413at5125_396571_0:00225c|CM010803.1:2247028-2252497|+  -           1824 72413                -           1420         0 2661.3   1.1   1   2         0         0 2531.6   0.3    23  1331   151  1595   116  1607 0.87 <unknown description>
72413at5125_396571_0:00225c|CM010803.1:2247028-2252497|+  -           1824 72413                -           1420         0 2661.3   1.1   2   2   5.6e-41   5.6e-41  128.0   0.0  1348  1420  1751  1823  1718  1823 0.87 <unknown description>
72413at5125_1276136_0:0020b2|CM010803.1:2238453-2252497|+ -           1831 72413                -           1420         0 2661.3   1.1   1   2         0         0 2531.6   0.3    23  1331   158  1602   123  1614 0.87 <unknown description>
72413at5125_1276136_0:0020b2|CM010803.1:2238453-2252497|+ -           1831 72413                -           1420         0 2661.3   1.1   2   2   5.7e-41   5.7e-41  128.0   0.0  1348  1420  1758  1830  1725  1830 0.87 <unknown description>
72413at5125_57161_0:000927|CM010803.1:2247028-2250850|+   -           1275 72413                -           1420         0 2148.8   4.1   1   1         0         0 2147.9   4.1    22  1058   150  1275   116  1275 0.89 <unknown description>
72413at5125_2034170_0:00008c|CM010803.1:2250829-2252497|+ -            557 72413                -           1420  2.5e-155  506.9   0.0   1   2  1.9e-115  1.9e-115  374.7   0.0  1051  1331     1   328     1   344 0.81 <unknown description>
72413at5125_2034170_0:00008c|CM010803.1:2250829-2252497|+ -            557 72413                -           1420  2.5e-155  506.9   0.0   2   2   1.2e-41   1.2e-41  130.2   0.0  1348  1420   484   556   451   556 0.86 <unknown description>
#
# Program:         hmmsearch
# Version:         3.4 (Aug 2023)
# Pipeline mode:   SEARCH
# Query file:      /home/arafat/busco_downloads/lineages/hypocreales_odb12.2/hmms/72413at5125.hmm
# Target file:     /home/arafat/Foxy_SIX_Evolution/results/busco/GCA_003615085.1/run_hypocreales_odb12.2/miniprot_output/translated_proteins/72413at5125.faa
# Option settings: hmmsearch --domtblout /home/arafat/Foxy_SIX_Evolution/results/busco/GCA_003615085.1/run_hypocreales_odb12.2/hmmer_output/72413at5125.out --cpu 1 /home/arafat/busco_downloads/lineages/hypocreales_odb12.2/hmms/72413at5125.hmm /home/arafat/Foxy_SIX_Evolution/results/busco/GCA_003615085.1/run_hypocreales_odb12.2/miniprot_output/translated_proteins/72413at5125.faa 
# Current dir:     /home/arafat/Foxy_SIX_Evolution
# Date:            Thu Sep 24 13:59:21 2026
# [ok]
