#                                                                                                                     --- full sequence --- -------------- this domain -------------   hmm coord   ali coord   env coord
# target name                                                 accession   tlen query name           accession   qlen   E-value  score  bias   #  of  c-Evalue  i-Evalue  score  bias  from    to  from    to  from    to  acc description of target
#                                         ------------------- ---------- ----- -------------------- ---------- ----- --------- ------ ----- --- --- --------- --------- ------ ----- ----- ----- ----- ----- ----- ----- ---- ---------------------
73333at5125_396571_0:000cb6|MRCU01000005.1:3259448-3261891|+  -            767 73333                -            673         0 1166.1   0.0   1   2   7.9e-11   7.9e-11   30.4   0.1     4   124     7   146     4   162 0.58 <unknown description>
73333at5125_396571_0:000cb6|MRCU01000005.1:3259448-3261891|+  -            767 73333                -            673         0 1166.1   0.0   2   2         0         0 1134.3   0.0    95   673   168   766   129   766 0.92 <unknown description>
73333at5125_490622_0:0026a3|MRCU01000005.1:3253807-3261891|+  -           1242 73333                -            673         0 1162.4   0.0   1   2   2.6e-10   2.6e-10   28.7   0.1     6   124   484   621   481   637 0.57 <unknown description>
73333at5125_490622_0:0026a3|MRCU01000005.1:3253807-3261891|+  -           1242 73333                -            673         0 1162.4   0.0   2   2         0         0 1131.4   0.0    98   673   646  1241   629  1241 0.93 <unknown description>
73333at5125_1081104_0:000a1b|MRCU01000005.1:3248876-3261891|+ -            762 73333                -            673         0 1153.4   0.0   1   2   5.8e-07   5.8e-07   17.6   0.1    65   123    84   140    76   154 0.67 <unknown description>
73333at5125_1081104_0:000a1b|MRCU01000005.1:3248876-3261891|+ -            762 73333                -            673         0 1153.4   0.0   2   2         0         0 1133.5   0.0    98   673   166   761   148   761 0.93 <unknown description>
73333at5125_413071_0:002364|MRCU01000005.1:3259994-3261891|+  -            585 73333                -            673         0 1129.3   0.0   1   1         0         0 1129.1   0.0   110   673     1   584     1   584 0.95 <unknown description>
73333at5125_62069_0:000272|MRCU01000005.1:3259457-3261390|+   -            597 73333                -            673  1.2e-261  859.3   0.0   1   2   4.4e-11   4.4e-11   31.2   0.1     4   125     4   144     1   165 0.58 <unknown description>
73333at5125_62069_0:000272|MRCU01000005.1:3259457-3261390|+   -            597 73333                -            673  1.2e-261  859.3   0.0   2   2  1.4e-251  1.4e-251  826.0   0.0    98   511   168   597   152   597 0.92 <unknown description>
73333at5125_595255_0:002784|MRCU01000005.1:3259472-3264124|+  -           1120 73333                -            673  4.3e-246  807.9  11.5   1   4   3.4e-10   3.4e-10   28.3   0.1     7   125     2   139     1   161 0.57 <unknown description>
73333at5125_595255_0:002784|MRCU01000005.1:3259472-3264124|+  -           1120 73333                -            673  4.3e-246  807.9  11.5   2   4   2.6e-60   2.6e-60  193.9   1.4    95   239   160   320   123   321 0.77 <unknown description>
73333at5125_595255_0:002784|MRCU01000005.1:3259472-3264124|+  -           1120 73333                -            673  4.3e-246  807.9  11.5   3   4   1.2e-86   1.2e-86  281.0   0.3   290   413   319   442   319   445 0.99 <unknown description>
73333at5125_595255_0:002784|MRCU01000005.1:3259472-3264124|+  -           1120 73333                -            673  4.3e-246  807.9  11.5   4   4   3.5e-96   3.5e-96  312.5   0.1   487   668   444   629   442   633 0.96 <unknown description>
73333at5125_48495_0:00343e|MRCU01000005.1:3260733-3261891|+   -            355 73333                -            673    2e-222  729.7   0.0   1   1  2.2e-222  2.2e-222  729.5   0.0   324   673     1   354     1   354 0.99 <unknown description>
73333at5125_56676_0:003785|MRCU01000005.1:3259937-3261046|+   -            320 73333                -            673  1.5e-168  551.6   3.3   1   1  2.9e-166  2.9e-166  544.1   3.3   102   413    12   320     1   320 0.90 <unknown description>
73333at5125_195108_0:0034fa|MRCU01000005.1:3259472-3260799|+  -            427 73333                -            673  3.8e-142  464.4   1.5   1   2   8.4e-11   8.4e-11   30.3   0.1     7   124     2   138     1   154 0.56 <unknown description>
73333at5125_195108_0:0034fa|MRCU01000005.1:3259472-3260799|+  -            427 73333                -            673  3.8e-142  464.4   1.5   2   2  1.2e-132  1.2e-132  433.0   0.3    98   344   163   425   146   427 0.87 <unknown description>
73333at5125_1399860_1:000bfb|MRCU01000005.1:3260857-3261408|+ -            168 73333                -            673  4.7e-113  368.2   0.1   1   1  5.3e-113  5.3e-113  368.1   0.1   350   517     1   168     1   168 1.00 <unknown description>
73333at5125_42672_0:001f63|MRCU01000005.1:3259448-3259760|+   -            105 73333                -            673   3.6e-06   15.0   0.1   1   1   5.5e-06   5.5e-06   14.4   0.1     4    74     7    83     4   105 0.55 <unknown description>
#
# Program:         hmmsearch
# Version:         3.4 (Aug 2023)
# Pipeline mode:   SEARCH
# Query file:      /home/arafat/busco_downloads/lineages/hypocreales_odb12.2/hmms/73333at5125.hmm
# Target file:     /home/arafat/Foxy_SIX_Evolution/results/busco/GCA_003615085.1/run_hypocreales_odb12.2/miniprot_output/translated_proteins/73333at5125.faa
# Option settings: hmmsearch --domtblout /home/arafat/Foxy_SIX_Evolution/results/busco/GCA_003615085.1/run_hypocreales_odb12.2/hmmer_output/73333at5125.out --cpu 1 /home/arafat/busco_downloads/lineages/hypocreales_odb12.2/hmms/73333at5125.hmm /home/arafat/Foxy_SIX_Evolution/results/busco/GCA_003615085.1/run_hypocreales_odb12.2/miniprot_output/translated_proteins/73333at5125.faa 
# Current dir:     /home/arafat/Foxy_SIX_Evolution
# Date:            Thu Sep 24 13:59:22 2026
# [ok]
