#                                                                                                                 --- full sequence --- -------------- this domain -------------   hmm coord   ali coord   env coord
# target name                                             accession   tlen query name           accession   qlen   E-value  score  bias   #  of  c-Evalue  i-Evalue  score  bias  from    to  from    to  from    to  acc description of target
#                                     ------------------- ---------- ----- -------------------- ---------- ----- --------- ------ ----- --- --- --------- --------- ------ ----- ----- ----- ----- ----- ----- ----- ---- ---------------------
78405at5125_1089452_0:00262c|CM010806.1:2765717-2766431|+ -            239 78405                -            207  4.6e-109  351.6   2.0   1   1  5.4e-109  5.4e-109  351.4   2.0     2   206    20   236    19   237 0.95 <unknown description>
78405at5125_78410_0:0006a4|CM010806.1:2765717-2767135|+   -            353 78405                -            207  1.5e-108  350.0   2.0   1   1  1.9e-108  1.9e-108  349.6   2.0     2   206    20   236    19   237 0.95 <unknown description>
78405at5125_12942_0:001ea3|CM010806.1:2760658-2766431|+   -            231 78405                -            207  9.6e-108  347.3   2.6   1   1  1.1e-107  1.1e-107  347.1   2.6     6   206    16   228    11   229 0.94 <unknown description>
78405at5125_5516_0:002898|CM010806.1:2765765-2767746|+    -            440 78405                -            207   3.4e-98  316.2   1.1   1   1   4.9e-98   4.9e-98  315.6   1.1     2   191     4   205     3   215 0.93 <unknown description>
78405at5125_45235_0:00188f|CM010806.1:2765804-2766341|+   -            180 78405                -            207   2.1e-91  294.0   1.5   1   1   2.4e-91   2.4e-91  293.8   1.5    12   179     1   180     1   180 0.94 <unknown description>
78405at5125_911162_0:000688|CM010806.1:2765963-2766425|+  -            155 78405                -            207   9.4e-78  249.4   3.3   1   1   1.1e-77   1.1e-77  249.2   3.3    64   206     1   154     1   155 0.94 <unknown description>
78405at5125_229533_0:001543|CM010806.1:2765717-2766194|+  -            160 78405                -            207     1e-76  246.0   0.9   1   1   1.2e-76   1.2e-76  245.8   0.9     2   140    20   159    19   160 0.97 <unknown description>
78405at5125_2034170_0:000bd9|CM010806.1:2765771-2766104|+ -            112 78405                -            207   7.7e-57  181.1   0.4   1   1   8.4e-57   8.4e-57  180.9   0.4     2   111     2   112     1   112 0.97 <unknown description>
#
# Program:         hmmsearch
# Version:         3.4 (Aug 2023)
# Pipeline mode:   SEARCH
# Query file:      /home/arafat/busco_downloads/lineages/hypocreales_odb12.2/hmms/78405at5125.hmm
# Target file:     /home/arafat/Foxy_SIX_Evolution/results/busco/GCA_003615085.1/run_hypocreales_odb12.2/miniprot_output/translated_proteins/78405at5125.faa
# Option settings: hmmsearch --domtblout /home/arafat/Foxy_SIX_Evolution/results/busco/GCA_003615085.1/run_hypocreales_odb12.2/hmmer_output/78405at5125.out --cpu 1 /home/arafat/busco_downloads/lineages/hypocreales_odb12.2/hmms/78405at5125.hmm /home/arafat/Foxy_SIX_Evolution/results/busco/GCA_003615085.1/run_hypocreales_odb12.2/miniprot_output/translated_proteins/78405at5125.faa 
# Current dir:     /home/arafat/Foxy_SIX_Evolution
# Date:            Thu Sep 24 13:59:27 2026
# [ok]
