#                                                                                                                 --- full sequence --- -------------- this domain -------------   hmm coord   ali coord   env coord
# target name                                             accession   tlen query name           accession   qlen   E-value  score  bias   #  of  c-Evalue  i-Evalue  score  bias  from    to  from    to  from    to  acc description of target
#                                     ------------------- ---------- ----- -------------------- ---------- ----- --------- ------ ----- --- --- --------- --------- ------ ----- ----- ----- ----- ----- ----- ----- ---- ---------------------
86051at5125_1163406_0:0016a3|CM010801.1:4549237-4554339|- -            819 86051                -            743         0 1368.1  40.8   1   2     6e-16     6e-16   46.1   1.3     8    94    32   128    17   150 0.68 <unknown description>
86051at5125_1163406_0:0016a3|CM010801.1:4549237-4554339|- -            819 86051                -            743         0 1368.1  40.8   2   2         0         0 1324.8  35.7    74   740   146   818   116   819 0.96 <unknown description>
86051at5125_1736662_0:0023b2|CM010801.1:4547528-4552377|- -           1211 86051                -            743         0 1350.7  41.2   1   3   2.1e-15   2.1e-15   44.3   0.1     8    66    23    89     8   110 0.79 <unknown description>
86051at5125_1736662_0:0023b2|CM010801.1:4547528-4552377|- -           1211 86051                -            743         0 1350.7  41.2   2   3    0.0024    0.0024    4.5   0.9    44   113   136   206   123   219 0.72 <unknown description>
86051at5125_1736662_0:0023b2|CM010801.1:4547528-4552377|- -           1211 86051                -            743         0 1350.7  41.2   3   3         0         0 1309.2  29.4    95   738   334   978   242   983 0.96 <unknown description>
86051at5125_47803_0:001fba|CM010801.1:4549228-4552448|-   -            978 86051                -            743         0 1349.9  46.9   1   3   1.3e-15   1.3e-15   45.0   2.1     8    94    28   124    13   146 0.68 <unknown description>
86051at5125_47803_0:001fba|CM010801.1:4549228-4552448|-   -            978 86051                -            743         0 1349.9  46.9   2   3    0.0066    0.0066    3.0   1.5    75   113   143   182   112   192 0.67 <unknown description>
86051at5125_47803_0:001fba|CM010801.1:4549228-4552448|-   -            978 86051                -            743         0 1349.9  46.9   3   3         0         0 1309.6  32.9    96   742   329   976   253   977 0.97 <unknown description>
86051at5125_117187_0:0027e9|CM010801.1:4549228-4551153|-  -            610 86051                -            743         0 1267.4  31.9   1   1         0         0 1267.2  31.9   136   742     1   608     1   609 1.00 <unknown description>
#
# Program:         hmmsearch
# Version:         3.4 (Aug 2023)
# Pipeline mode:   SEARCH
# Query file:      /home/arafat/busco_downloads/lineages/hypocreales_odb12.2/hmms/86051at5125.hmm
# Target file:     /home/arafat/Foxy_SIX_Evolution/results/busco/GCA_003615085.1/run_hypocreales_odb12.2/miniprot_output/translated_proteins/86051at5125.faa
# Option settings: hmmsearch --domtblout /home/arafat/Foxy_SIX_Evolution/results/busco/GCA_003615085.1/run_hypocreales_odb12.2/hmmer_output/86051at5125.out --cpu 1 /home/arafat/busco_downloads/lineages/hypocreales_odb12.2/hmms/86051at5125.hmm /home/arafat/Foxy_SIX_Evolution/results/busco/GCA_003615085.1/run_hypocreales_odb12.2/miniprot_output/translated_proteins/86051at5125.faa 
# Current dir:     /home/arafat/Foxy_SIX_Evolution
# Date:            Thu Sep 24 13:59:39 2026
# [ok]
