#                                                                                                                 --- full sequence --- -------------- this domain -------------   hmm coord   ali coord   env coord
# target name                                             accession   tlen query name           accession   qlen   E-value  score  bias   #  of  c-Evalue  i-Evalue  score  bias  from    to  from    to  from    to  acc description of target
#                                     ------------------- ---------- ----- -------------------- ---------- ----- --------- ------ ----- --- --- --------- --------- ------ ----- ----- ----- ----- ----- ----- ----- ---- ---------------------
87578at5125_396571_0:001c59|CM010802.1:3325288-3331055|+  -           1884 87578                -           1867         0 3991.0   1.5   1   1         0         0 3990.7   1.5     4  1867     4  1883     2  1883 0.99 <unknown description>
87578at5125_94208_0:002216|CM010802.1:3325288-3333108|+   -           2396 87578                -           1867         0 3989.8   1.5   1   1         0         0 3989.4   1.5     4  1867     4  1883     2  1883 0.99 <unknown description>
87578at5125_2692428_0:001bdd|CM010802.1:3317870-3331055|+ -           1894 87578                -           1867         0 3977.7   1.7   1   1         0         0 3977.5   1.7     8  1867    18  1893    11  1893 0.99 <unknown description>
87578at5125_93591_0:000bd4|CM010802.1:3327680-3331055|+   -           1126 87578                -           1867         0 2531.8   5.6   1   1         0         0 2531.6   5.6   746  1867     1  1125     1  1125 1.00 <unknown description>
87578at5125_2004952_0:001624|CM010802.1:3328364-3331055|+ -            898 87578                -           1867         0 2093.2   2.5   1   1         0         0 2093.1   2.5   974  1867     1   897     1   897 1.00 <unknown description>
87578at5125_92637_0:002da6|CM010802.1:3325288-3328451|+   -           1016 87578                -           1867         0 1944.2   0.0   1   1         0         0 1943.9   0.0     4  1003     4  1016     2  1016 0.98 <unknown description>
87578at5125_2692428_0:0037dd|CM010802.1:3329072-3330248|+ -            393 87578                -           1867  6.5e-286  940.5   0.2   1   1  7.3e-286  7.3e-286  940.3   0.2  1209  1601     1   393     1   393 1.00 <unknown description>
#
# Program:         hmmsearch
# Version:         3.4 (Aug 2023)
# Pipeline mode:   SEARCH
# Query file:      /home/arafat/busco_downloads/lineages/hypocreales_odb12.2/hmms/87578at5125.hmm
# Target file:     /home/arafat/Foxy_SIX_Evolution/results/busco/GCA_003615085.1/run_hypocreales_odb12.2/miniprot_output/translated_proteins/87578at5125.faa
# Option settings: hmmsearch --domtblout /home/arafat/Foxy_SIX_Evolution/results/busco/GCA_003615085.1/run_hypocreales_odb12.2/hmmer_output/87578at5125.out --cpu 1 /home/arafat/busco_downloads/lineages/hypocreales_odb12.2/hmms/87578at5125.hmm /home/arafat/Foxy_SIX_Evolution/results/busco/GCA_003615085.1/run_hypocreales_odb12.2/miniprot_output/translated_proteins/87578at5125.faa 
# Current dir:     /home/arafat/Foxy_SIX_Evolution
# Date:            Thu Sep 24 13:59:41 2026
# [ok]
