#                                                                                                                 --- full sequence --- -------------- this domain -------------   hmm coord   ali coord   env coord
# target name                                             accession   tlen query name           accession   qlen   E-value  score  bias   #  of  c-Evalue  i-Evalue  score  bias  from    to  from    to  from    to  acc description of target
#                                     ------------------- ---------- ----- -------------------- ---------- ----- --------- ------ ----- --- --- --------- --------- ------ ----- ----- ----- ----- ----- ----- ----- ---- ---------------------
87718at5125_1081109_0:001a7f|CM010801.1:1492059-1493824|+ -            403 87718                -            335  4.1e-229  747.7   0.0   1   1  4.9e-229  4.9e-229  747.5   0.0     1   334    19   354    19   355 0.99 <unknown description>
87718at5125_655827_0:000839|CM010801.1:1492547-1493803|+  -            378 87718                -            335  5.9e-229  747.2   0.0   1   1  6.8e-229  6.8e-229  747.0   0.0     2   334     2   336     1   337 0.99 <unknown description>
87718at5125_1080343_0:00156d|CM010801.1:1492440-1494097|+ -            480 87718                -            335  7.3e-229  746.9   0.0   1   1  8.7e-229  8.7e-229  746.7   0.0     1   334     5   340     5   341 0.99 <unknown description>
87718at5125_2714763_0:000ade|CM010801.1:1492440-1503591|+ -            429 87718                -            335  1.2e-224  733.1   1.7   1   2     2e-18     2e-18   55.1   0.1     1    34     5    38     5    45 0.94 <unknown description>
87718at5125_2714763_0:000ade|CM010801.1:1492440-1503591|+ -            429 87718                -            335  1.2e-224  733.1   1.7   2   2  9.2e-208  9.2e-208  677.6   0.1    32   334    63   365    49   366 0.98 <unknown description>
87718at5125_92637_0:00036b|CM010801.1:1492440-1493469|+   -            287 87718                -            335  1.1e-195  637.9   0.1   1   1  1.2e-195  1.2e-195  637.7   0.1     1   280     5   286     5   287 0.99 <unknown description>
87718at5125_5507_1:002e99|CM010801.1:1492704-1495787|+    -            719 87718                -            335  6.4e-193  628.8   0.0   1   1  8.9e-193  8.9e-193  628.3   0.0    33   334     8   303     4   304 0.98 <unknown description>
87718at5125_1276136_0:000eda|CM010801.1:1492956-1493803|+ -            267 87718                -            335  3.8e-148  481.6   0.1   1   1  4.4e-148  4.4e-148  481.4   0.1   110   334     1   225     1   226 0.99 <unknown description>
#
# Program:         hmmsearch
# Version:         3.4 (Aug 2023)
# Pipeline mode:   SEARCH
# Query file:      /home/arafat/busco_downloads/lineages/hypocreales_odb12.2/hmms/87718at5125.hmm
# Target file:     /home/arafat/Foxy_SIX_Evolution/results/busco/GCA_003615085.1/run_hypocreales_odb12.2/miniprot_output/translated_proteins/87718at5125.faa
# Option settings: hmmsearch --domtblout /home/arafat/Foxy_SIX_Evolution/results/busco/GCA_003615085.1/run_hypocreales_odb12.2/hmmer_output/87718at5125.out --cpu 1 /home/arafat/busco_downloads/lineages/hypocreales_odb12.2/hmms/87718at5125.hmm /home/arafat/Foxy_SIX_Evolution/results/busco/GCA_003615085.1/run_hypocreales_odb12.2/miniprot_output/translated_proteins/87718at5125.faa 
# Current dir:     /home/arafat/Foxy_SIX_Evolution
# Date:            Thu Sep 24 13:59:20 2026
# [ok]
