#                                                                                                                 --- full sequence --- -------------- this domain -------------   hmm coord   ali coord   env coord
# target name                                             accession   tlen query name           accession   qlen   E-value  score  bias   #  of  c-Evalue  i-Evalue  score  bias  from    to  from    to  from    to  acc description of target
#                                     ------------------- ---------- ----- -------------------- ---------- ----- --------- ------ ----- --- --- --------- --------- ------ ----- ----- ----- ----- ----- ----- ----- ---- ---------------------
89133at5125_1080343_0:001d2b|CM010803.1:2345894-2347493|- -            464 89133                -            412  5.5e-196  640.7  16.5   1   2  6.4e-140  6.4e-140  456.0   9.5     1   299     1   326     1   338 0.89 <unknown description>
89133at5125_1080343_0:001d2b|CM010803.1:2345894-2347493|- -            464 89133                -            412  5.5e-196  640.7  16.5   2   2   2.3e-58   2.3e-58  187.4   1.5   268   412   319   463   318   463 0.93 <unknown description>
89133at5125_1247861_0:001b10|CM010803.1:2345894-2356540|- -            817 89133                -            412  9.3e-185  603.7  16.7   1   2  2.9e-129  2.9e-129  421.0   9.4    15   299   368   679   358   692 0.87 <unknown description>
89133at5125_1247861_0:001b10|CM010803.1:2345894-2356540|- -            817 89133                -            412  9.3e-185  603.7  16.7   2   2   6.6e-58   6.6e-58  185.9   1.7   268   412   672   816   671   816 0.93 <unknown description>
89133at5125_2885761_0:002c8b|CM010803.1:2345894-2347125|- -            387 89133                -            412  1.5e-141  461.4  14.9   1   2   2.4e-85   2.4e-85  276.3   7.5    86   299    10   249     8   261 0.85 <unknown description>
89133at5125_2885761_0:002c8b|CM010803.1:2345894-2347125|- -            387 89133                -            412  1.5e-141  461.4  14.9   2   2   2.1e-58   2.1e-58  187.5   1.9   268   412   242   386   241   386 0.93 <unknown description>
89133at5125_2030778_0:000b36|CM010803.1:2346359-2347493|- -            309 89133                -            412  1.6e-138  451.4   8.8   1   1  2.2e-137  2.2e-137  447.7   8.8     1   282     1   307     1   309 0.91 <unknown description>
89133at5125_2773459_0:0017af|CM010803.1:2345894-2346839|- -            316 89133                -            412  4.2e-111  361.1  10.9   1   2   1.3e-54   1.3e-54  175.0   3.8   149   299     2   178     1   191 0.80 <unknown description>
89133at5125_2773459_0:0017af|CM010803.1:2345894-2346839|- -            316 89133                -            412  4.2e-111  361.1  10.9   2   2   8.6e-59   8.6e-59  188.8   2.1   267   412   170   315   168   315 0.95 <unknown description>
89133at5125_468837_0:0006a6|CM010803.1:2346719-2347493|-  -            189 89133                -            412  2.7e-105  342.0   4.6   1   1    3e-105    3e-105  341.9   4.6     1   188     1   189     1   189 0.99 <unknown description>
89133at5125_93591_0:001cd3|CM010803.1:2345894-2346554|-   -            221 89133                -            412   7.8e-85  274.6   5.7   1   2   1.8e-28   1.8e-28   89.0   0.5   225   299     3    83     1    96 0.83 <unknown description>
89133at5125_93591_0:001cd3|CM010803.1:2345894-2346554|-   -            221 89133                -            412   7.8e-85  274.6   5.7   2   2   3.4e-59   3.4e-59  190.2   1.7   267   412    75   220    74   220 0.95 <unknown description>
89133at5125_1736662_0:001880|CM010803.1:2346901-2347493|- -            152 89133                -            412     6e-82  265.1   4.3   1   1   6.6e-82   6.6e-82  265.0   4.3     1   149     1   150     1   152 0.99 <unknown description>
89133at5125_12942_0:0008b5|CM010803.1:2345894-2346413|-   -            174 89133                -            412     2e-62  200.8   2.9   1   2   5.7e-05   5.7e-05   11.5   0.1   267   299     2    36     1    45 0.74 <unknown description>
89133at5125_12942_0:0008b5|CM010803.1:2345894-2346413|-   -            174 89133                -            412     2e-62  200.8   2.9   2   2   1.3e-59   1.3e-59  191.5   1.0   268   412    29   173    28   173 0.94 <unknown description>
89133at5125_42672_0:003642|CM010803.1:2347060-2347493|-   -             99 89133                -            412   1.1e-56  181.8   0.6   1   1   1.2e-56   1.2e-56  181.7   0.6     1    97     1    98     1    99 0.98 <unknown description>
89133at5125_57161_0:0004cc|CM010803.1:2347214-2347493|-   -             73 89133                -            412   5.3e-45  143.4   0.2   1   1   5.8e-45   5.8e-45  143.3   0.2     1    73     1    73     1    73 1.00 <unknown description>
89133at5125_398673_0:001661|CM010803.1:2345894-2346161|-  -             90 89133                -            412   6.6e-45  143.1   4.0   1   1   7.2e-45   7.2e-45  143.0   4.0   324   412     1    89     1    89 0.99 <unknown description>
#
# Program:         hmmsearch
# Version:         3.4 (Aug 2023)
# Pipeline mode:   SEARCH
# Query file:      /home/arafat/busco_downloads/lineages/hypocreales_odb12.2/hmms/89133at5125.hmm
# Target file:     /home/arafat/Foxy_SIX_Evolution/results/busco/GCA_003615085.1/run_hypocreales_odb12.2/miniprot_output/translated_proteins/89133at5125.faa
# Option settings: hmmsearch --domtblout /home/arafat/Foxy_SIX_Evolution/results/busco/GCA_003615085.1/run_hypocreales_odb12.2/hmmer_output/89133at5125.out --cpu 1 /home/arafat/busco_downloads/lineages/hypocreales_odb12.2/hmms/89133at5125.hmm /home/arafat/Foxy_SIX_Evolution/results/busco/GCA_003615085.1/run_hypocreales_odb12.2/miniprot_output/translated_proteins/89133at5125.faa 
# Current dir:     /home/arafat/Foxy_SIX_Evolution
# Date:            Thu Sep 24 13:59:22 2026
# [ok]
