#                                                                                                                 --- full sequence --- -------------- this domain -------------   hmm coord   ali coord   env coord
# target name                                             accession   tlen query name           accession   qlen   E-value  score  bias   #  of  c-Evalue  i-Evalue  score  bias  from    to  from    to  from    to  acc description of target
#                                     ------------------- ---------- ----- -------------------- ---------- ----- --------- ------ ----- --- --- --------- --------- ------ ----- ----- ----- ----- ----- ----- ----- ---- ---------------------
94166at5125_396571_0:001b31|CM010802.1:2196624-2199163|-  -            828 94166                -            649  3.6e-299  982.9  33.3   1   2   1.9e-91   1.9e-91  296.6   1.9     5   204    23   266    16   270 0.84 <unknown description>
94166at5125_396571_0:001b31|CM010802.1:2196624-2199163|-  -            828 94166                -            649  3.6e-299  982.9  33.3   2   2  2.8e-207  2.8e-207  679.2  23.8   195   649   279   827   274   827 0.80 <unknown description>
94166at5125_2060973_0:000425|CM010802.1:2196624-2198565|- -            648 94166                -            649  1.7e-258  848.5  27.4   1   2   4.6e-49   4.6e-49  156.5   0.1   119   204     1    86     1    90 0.98 <unknown description>
94166at5125_2060973_0:000425|CM010802.1:2196624-2198565|- -            648 94166                -            649  1.7e-258  848.5  27.4   2   2  1.6e-207  1.6e-207  680.0  24.2   195   649    99   647    94   647 0.80 <unknown description>
94166at5125_48495_0:002d0b|CM010802.1:2197203-2199163|-   -            635 94166                -            649  5.4e-204  668.4  29.4   1   2   1.1e-91   1.1e-91  297.3   1.9     5   204    23   266    16   270 0.84 <unknown description>
94166at5125_48495_0:002d0b|CM010802.1:2197203-2199163|-   -            635 94166                -            649  5.4e-204  668.4  29.4   2   2  4.4e-113  4.4e-113  368.0  19.9   195   481   279   628   274   634 0.78 <unknown description>
94166at5125_101028_0:002754|CM010802.1:2197629-2199163|-  -            493 94166                -            649    1e-170  558.5  12.5   1   2   6.1e-92   6.1e-92  298.2   1.9     5   204    23   266    16   270 0.84 <unknown description>
94166at5125_101028_0:002754|CM010802.1:2197629-2199163|-  -            493 94166                -            649    1e-170  558.5  12.5   2   2     5e-82     5e-82  265.4   3.2   195   363   279   462   274   492 0.85 <unknown description>
94166at5125_93591_0:002753|CM010802.1:2197941-2199163|-   -            389 94166                -            649  8.7e-145  472.8   8.5   1   2   3.2e-92   3.2e-92  299.1   1.9     5   204    23   266    16   270 0.84 <unknown description>
94166at5125_93591_0:002753|CM010802.1:2197941-2199163|-   -            389 94166                -            649  8.7e-145  472.8   8.5   2   2   2.2e-55   2.2e-55  177.4   0.6   195   303   279   389   274   389 0.94 <unknown description>
94166at5125_468837_0:0013c1|CM010802.1:2196624-2197359|-  -            246 94166                -            649  1.4e-100  326.7   2.4   1   1   3.1e-99   3.1e-99  322.3   2.4   449   649    35   245     2   245 0.81 <unknown description>
94166at5125_468837_0:001af3|CM010802.1:2198406-2199163|-  -            234 94166                -            649     4e-76  245.9   1.4   1   1   7.4e-76   7.4e-76  245.0   1.4     5   172    23   234    16   234 0.82 <unknown description>
#
# Program:         hmmsearch
# Version:         3.4 (Aug 2023)
# Pipeline mode:   SEARCH
# Query file:      /home/arafat/busco_downloads/lineages/hypocreales_odb12.2/hmms/94166at5125.hmm
# Target file:     /home/arafat/Foxy_SIX_Evolution/results/busco/GCA_003615085.1/run_hypocreales_odb12.2/miniprot_output/translated_proteins/94166at5125.faa
# Option settings: hmmsearch --domtblout /home/arafat/Foxy_SIX_Evolution/results/busco/GCA_003615085.1/run_hypocreales_odb12.2/hmmer_output/94166at5125.out --cpu 1 /home/arafat/busco_downloads/lineages/hypocreales_odb12.2/hmms/94166at5125.hmm /home/arafat/Foxy_SIX_Evolution/results/busco/GCA_003615085.1/run_hypocreales_odb12.2/miniprot_output/translated_proteins/94166at5125.faa 
# Current dir:     /home/arafat/Foxy_SIX_Evolution
# Date:            Thu Sep 24 13:59:29 2026
# [ok]
