#                                                                                                                 --- full sequence --- -------------- this domain -------------   hmm coord   ali coord   env coord
# target name                                             accession   tlen query name           accession   qlen   E-value  score  bias   #  of  c-Evalue  i-Evalue  score  bias  from    to  from    to  from    to  acc description of target
#                                     ------------------- ---------- ----- -------------------- ---------- ----- --------- ------ ----- --- --- --------- --------- ------ ----- ----- ----- ----- ----- ----- ----- ---- ---------------------
96805at5125_1399860_0:00181d|CM010802.1:2608122-2621696|- -           1518 96805                -           1299         0 2407.3  12.1   1   2     2e-36     2e-36  112.6   0.6     6   108    31   134    24   142 0.81 <unknown description>
96805at5125_1399860_0:00181d|CM010802.1:2608122-2621696|- -           1518 96805                -           1299         0 2407.3  12.1   2   2         0         0 2299.2   5.2    89  1298   142  1376   135  1377 0.97 <unknown description>
96805at5125_327505_0:001c61|CM010802.1:2617165-2621702|-  -           1479 96805                -           1299         0 2407.3  12.1   1   2   1.9e-36   1.9e-36  112.6   0.6     6   108    33   136    26   144 0.81 <unknown description>
96805at5125_327505_0:001c61|CM010802.1:2617165-2621702|-  -           1479 96805                -           1299         0 2407.3  12.1   2   2         0         0 2299.3   5.2    89  1298   144  1378   137  1379 0.97 <unknown description>
96805at5125_2874508_0:0003e9|CM010802.1:2617165-2625628|- -           1536 96805                -           1299         0 2406.9  12.3   1   2     2e-36     2e-36  112.6   0.7     6   108    90   193    82   201 0.81 <unknown description>
96805at5125_2874508_0:0003e9|CM010802.1:2617165-2625628|- -           1536 96805                -           1299         0 2406.9  12.3   2   2         0         0 2299.1   5.2    89  1298   201  1435   194  1436 0.97 <unknown description>
96805at5125_63577_0:00099d|CM010802.1:2617165-2620398|-   -           1062 96805                -           1299         0 1734.3   9.4   1   1         0         0 1734.1   9.4   365  1298     8   961     1   962 0.97 <unknown description>
#
# Program:         hmmsearch
# Version:         3.4 (Aug 2023)
# Pipeline mode:   SEARCH
# Query file:      /home/arafat/busco_downloads/lineages/hypocreales_odb12.2/hmms/96805at5125.hmm
# Target file:     /home/arafat/Foxy_SIX_Evolution/results/busco/GCA_003615085.1/run_hypocreales_odb12.2/miniprot_output/translated_proteins/96805at5125.faa
# Option settings: hmmsearch --domtblout /home/arafat/Foxy_SIX_Evolution/results/busco/GCA_003615085.1/run_hypocreales_odb12.2/hmmer_output/96805at5125.out --cpu 1 /home/arafat/busco_downloads/lineages/hypocreales_odb12.2/hmms/96805at5125.hmm /home/arafat/Foxy_SIX_Evolution/results/busco/GCA_003615085.1/run_hypocreales_odb12.2/miniprot_output/translated_proteins/96805at5125.faa 
# Current dir:     /home/arafat/Foxy_SIX_Evolution
# Date:            Thu Sep 24 13:59:35 2026
# [ok]
