#                                                                                                               --- full sequence --- -------------- this domain -------------   hmm coord   ali coord   env coord
# target name                                           accession   tlen query name           accession   qlen   E-value  score  bias   #  of  c-Evalue  i-Evalue  score  bias  from    to  from    to  from    to  acc description of target
#                                   ------------------- ---------- ----- -------------------- ---------- ----- --------- ------ ----- --- --- --------- --------- ------ ----- ----- ----- ----- ----- ----- ----- ---- ---------------------
97744at5125_1247861_0:001602|CM010805.1:908262-908682|+ -            141 97744                -            138   1.1e-86  276.5   1.1   1   1   1.3e-86   1.3e-86  276.3   1.1     2   138     3   139     2   139 0.99 <unknown description>
97744at5125_948311_0:002cd5|CM010805.1:907933-908682|+  -            230 97744                -            138   5.2e-86  274.3   1.3   1   1   6.8e-86   6.8e-86  274.0   1.3     2   138    92   228    91   228 0.99 <unknown description>
97744at5125_327505_0:002c3a|CM010805.1:906117-908682|+  -            239 97744                -            138     6e-86  274.1   1.3   1   1   7.6e-86   7.6e-86  273.8   1.3     2   138   101   237   100   237 0.99 <unknown description>
97744at5125_42677_0:00028d|CM010805.1:906963-908682|+   -            413 97744                -            138   9.2e-86  273.5   1.5   1   1   1.2e-85   1.2e-85  273.1   1.5     1   138   274   411   274   411 1.00 <unknown description>
97744at5125_12942_0:001510|CM010805.1:907936-910559|+   -            379 97744                -            138   1.7e-85  272.6   1.1   1   1   3.4e-85   3.4e-85  271.7   1.1     1   137    24   160    24   161 0.99 <unknown description>
97744at5125_78410_0:0003ea|CM010805.1:894557-908682|+   -            518 97744                -            138   2.5e-85  272.1   1.3   1   1   4.3e-85   4.3e-85  271.4   1.3     2   138   380   516   379   516 0.99 <unknown description>
97744at5125_468837_0:001167|CM010805.1:908502-908679|+  -             60 97744                -            138   1.4e-34  107.7   2.6   1   1   1.5e-34   1.5e-34  107.6   2.6    80   138     1    59     1    59 0.99 <unknown description>
#
# Program:         hmmsearch
# Version:         3.4 (Aug 2023)
# Pipeline mode:   SEARCH
# Query file:      /home/arafat/busco_downloads/lineages/hypocreales_odb12.2/hmms/97744at5125.hmm
# Target file:     /home/arafat/Foxy_SIX_Evolution/results/busco/GCA_003615085.1/run_hypocreales_odb12.2/miniprot_output/translated_proteins/97744at5125.faa
# Option settings: hmmsearch --domtblout /home/arafat/Foxy_SIX_Evolution/results/busco/GCA_003615085.1/run_hypocreales_odb12.2/hmmer_output/97744at5125.out --cpu 1 /home/arafat/busco_downloads/lineages/hypocreales_odb12.2/hmms/97744at5125.hmm /home/arafat/Foxy_SIX_Evolution/results/busco/GCA_003615085.1/run_hypocreales_odb12.2/miniprot_output/translated_proteins/97744at5125.faa 
# Current dir:     /home/arafat/Foxy_SIX_Evolution
# Date:            Thu Sep 24 13:59:36 2026
# [ok]
