#                                                                                                                 --- full sequence --- -------------- this domain -------------   hmm coord   ali coord   env coord
# target name                                             accession   tlen query name           accession   qlen   E-value  score  bias   #  of  c-Evalue  i-Evalue  score  bias  from    to  from    to  from    to  acc description of target
#                                     ------------------- ---------- ----- -------------------- ---------- ----- --------- ------ ----- --- --- --------- --------- ------ ----- ----- ----- ----- ----- ----- ----- ---- ---------------------
99494at5125_2502994_0:0011df|CM010805.1:2767355-2769527|- -            463 99494                -            429  9.7e-257  840.8   0.0   1   1  1.2e-256  1.2e-256  840.4   0.0     3   428    21   456    18   457 0.97 <unknown description>
99494at5125_5046_0:0017b0|CM010805.1:2761237-2768735|-    -            483 99494                -            429  1.1e-256  840.6   0.0   1   1  1.4e-256  1.4e-256  840.2   0.0     3   428    19   454    15   455 0.97 <unknown description>
99494at5125_327505_0:0029e3|CM010805.1:2767355-2768894|-  -            498 99494                -            429  1.2e-256  840.4   0.0   1   1  1.6e-256  1.6e-256  840.1   0.0     3   428    56   491    52   492 0.97 <unknown description>
99494at5125_1081103_0:001e76|CM010805.1:2758614-2768822|- -            503 99494                -            429  1.2e-256  840.4   0.0   1   1  1.6e-256  1.6e-256  840.0   0.0     3   428    48   483    44   484 0.97 <unknown description>
99494at5125_1079267_0:0014b2|CM010805.1:2767355-2770742|- -            514 99494                -            429  1.3e-256  840.3   0.0   1   1  1.8e-256  1.8e-256  839.9   0.0     3   428    72   507    68   508 0.97 <unknown description>
99494at5125_1344414_0:002274|CM010805.1:2767364-2778334|- -            559 99494                -            429  1.8e-256  839.9   0.0   1   1  2.4e-256  2.4e-256  839.5   0.0     3   428   120   555   116   556 0.97 <unknown description>
99494at5125_431241_0:002079|CM010805.1:2767364-2768543|-  -            394 99494                -            429  1.2e-236  774.6   0.0   1   1  1.4e-236  1.4e-236  774.3   0.0    49   428     1   390     1   391 0.97 <unknown description>
99494at5125_63577_0:002fae|CM010805.1:2767361-2768288|-   -            310 99494                -            429  7.2e-180  587.5   0.2   1   1  8.7e-180  8.7e-180  587.2   0.2   134   428     1   305     1   306 0.96 <unknown description>
99494at5125_2004951_0:0018cb|CM010805.1:2768243-2768738|- -            166 99494                -            429   5.2e-84  271.6   0.2   1   1   6.2e-84   6.2e-84  271.4   0.2     3   149    20   166    16   166 0.97 <unknown description>
#
# Program:         hmmsearch
# Version:         3.4 (Aug 2023)
# Pipeline mode:   SEARCH
# Query file:      /home/arafat/busco_downloads/lineages/hypocreales_odb12.2/hmms/99494at5125.hmm
# Target file:     /home/arafat/Foxy_SIX_Evolution/results/busco/GCA_003615085.1/run_hypocreales_odb12.2/miniprot_output/translated_proteins/99494at5125.faa
# Option settings: hmmsearch --domtblout /home/arafat/Foxy_SIX_Evolution/results/busco/GCA_003615085.1/run_hypocreales_odb12.2/hmmer_output/99494at5125.out --cpu 1 /home/arafat/busco_downloads/lineages/hypocreales_odb12.2/hmms/99494at5125.hmm /home/arafat/Foxy_SIX_Evolution/results/busco/GCA_003615085.1/run_hypocreales_odb12.2/miniprot_output/translated_proteins/99494at5125.faa 
# Current dir:     /home/arafat/Foxy_SIX_Evolution
# Date:            Thu Sep 24 13:59:39 2026
# [ok]
