2026-09-24 16:04:35 INFO:	***** Start a BUSCO v6.0.0 analysis, current time: 09/24/2026 16:04:35 *****
2026-09-24 16:04:35 INFO:	Configuring BUSCO with local environment
2026-09-24 16:04:35 INFO:	Running genome mode
2026-09-24 16:04:35 INFO:	'Force' option selected; overwriting previous results directory
2026-09-24 16:04:35 INFO:	Input file is /home/arafat/Foxy_SIX_Evolution/data/genomes/raw/flat/GCA_049306905.1.fasta
2026-09-24 16:04:35 INFO:	Using local lineages directory /home/arafat/busco_downloads/lineages/hypocreales_odb12.2
2026-09-24 16:04:38 INFO:	Running BUSCO using lineage dataset hypocreales_odb12.2 (eukaryota, 2026-05-13)
2026-09-24 16:04:38 INFO:	Running 1 job(s) on bbtools, starting at 09/24/2026 16:04:38
2026-09-24 16:04:41 INFO:	[bbtools]	1 of 1 task(s) completed
2026-09-24 16:04:42 INFO:	Running 1 job(s) on miniprot_index, starting at 09/24/2026 16:04:42
2026-09-24 16:04:46 INFO:	[miniprot_index]	1 of 1 task(s) completed
2026-09-24 16:05:12 INFO:	Running 1 job(s) on miniprot_align, starting at 09/24/2026 16:05:12
2026-09-24 16:46:18 INFO:	[miniprot_align]	1 of 1 task(s) completed
2026-09-24 16:47:40 INFO:	***** Run HMMER on gene sequences *****
2026-09-24 16:47:47 INFO:	Running 4077 job(s) on hmmsearch, starting at 09/24/2026 16:47:47
2026-09-24 16:48:13 INFO:	[hmmsearch]	408 of 4077 task(s) completed
2026-09-24 16:48:23 INFO:	[hmmsearch]	816 of 4077 task(s) completed
2026-09-24 16:48:33 INFO:	[hmmsearch]	1224 of 4077 task(s) completed
2026-09-24 16:48:46 INFO:	[hmmsearch]	1631 of 4077 task(s) completed
2026-09-24 16:48:58 INFO:	[hmmsearch]	2039 of 4077 task(s) completed
2026-09-24 16:49:09 INFO:	[hmmsearch]	2447 of 4077 task(s) completed
2026-09-24 16:49:23 INFO:	[hmmsearch]	2854 of 4077 task(s) completed
2026-09-24 16:49:32 INFO:	[hmmsearch]	3262 of 4077 task(s) completed
2026-09-24 16:49:43 INFO:	[hmmsearch]	3670 of 4077 task(s) completed
2026-09-24 16:50:04 INFO:	[hmmsearch]	4077 of 4077 task(s) completed
2026-09-24 16:50:09 INFO:	180 candidate overlapping regions found
2026-09-24 16:50:09 INFO:	12167 exons in total
2026-09-24 16:50:31 WARNING:	215 of 4023 Complete matches (5.3%) contain internal stop codons in Miniprot gene predictions
2026-09-24 16:50:39 INFO:	

    -------------------------------------------------------------------------------------------
    |Results from dataset hypocreales_odb12.2                                                  |
    -------------------------------------------------------------------------------------------
    |C:98.7%[S:97.9%,D:0.7%],F:0.0%,M:1.3%,n:4077,E:5.3%                                       |
    |4023    Complete BUSCOs (C)    (of which 215 contain internal stop codons)                |
    |3993    Complete and single-copy BUSCOs (S)                                               |
    |30    Complete and duplicated BUSCOs (D)                                                  |
    |2    Fragmented BUSCOs (F)                                                                |
    |52    Missing BUSCOs (M)                                                                  |
    |4077    Total BUSCO groups searched                                                       |
    -------------------------------------------------------------------------------------------
2026-09-24 16:50:39 INFO:	BUSCO analysis done with WARNING(s). Total running time: 2763 seconds

***** Summary of warnings: *****
2026-09-24 16:50:31 WARNING:busco.busco_tools.hmmer	215 of 4023 Complete matches (5.3%) contain internal stop codons in Miniprot gene predictions

2026-09-24 16:50:39 INFO:	Results written in /home/arafat/Foxy_SIX_Evolution/results/busco/GCA_049306905.1
2026-09-24 16:50:39 INFO:	For assistance with interpreting the results, please consult the userguide: https://busco.ezlab.org/busco_userguide.html

2026-09-24 16:50:39 INFO:	Visit this page https://gitlab.com/ezlab/busco#how-to-cite-busco to see how to cite BUSCO
2026-09-24 16:50:40 INFO:	Thank you for using BUSCO! Anonymous usage data is gathered to improve the tool. You may opt out with --opt-out-run-stats.
